#                                                                            --- full sequence --- -------------- this domain -------------   hmm coord   ali coord   env coord
# target name        accession   tlen query name           accession   qlen   E-value  score  bias   #  of  c-Evalue  i-Evalue  score  bias  from    to  from    to  from    to  acc description of target
#------------------- ---------- ----- -------------------- ---------- ----- --------- ------ ----- --- --- --------- --------- ------ ----- ----- ----- ----- ----- ----- ----- ---- ---------------------
d1tc1a_c.61.1.1      -            184 d1a3ca_c.61.1.1.aln  -            205   2.7e-56  185.8   0.9   1   1   5.3e-58     3e-56  185.6   0.9     7   200     1   183     1   184 0.99 -
d1fsga_c.61.1.1      -            233 d1a3ca_c.61.1.1.aln  -            205   6.8e-53  174.7   0.0   1   1   1.4e-54   7.9e-53  174.5   0.0     2   204    37   229    35   230 0.98 -
d1qb7a_c.61.1.1      -            236 d1a3ca_c.61.1.1.aln  -            205   1.9e-46  153.6   0.0   1   1   3.8e-48   2.1e-46  153.4   0.0     2   203     9   204     7   206 0.98 -
d1dqna_c.61.1.1      -            230 d1a3ca_c.61.1.1.aln  -            205   1.4e-40  134.5   0.0   1   1   2.8e-42   1.6e-40  134.2   0.0     1   204     1   207     1   208 0.98 -
d1ecfa1c.61.1.1      -            243 d1a3ca_c.61.1.1.aln  -            205   2.3e-39  130.5   0.2   1   1   4.7e-41   2.6e-39  130.3   0.2     1   204     7   213     7   214 0.99 -
d1xtta1c.61.1.1      -            215 d1a3ca_c.61.1.1.aln  -            205   4.3e-39  129.6   2.9   1   1   8.7e-41   4.9e-39  129.4   2.9     2   204     9   215     8   215 0.98 -
d2aeea1c.61.1.1      -            208 d1a3ca_c.61.1.1.aln  -            205   1.8e-33  111.2   0.1   1   1   3.5e-35   1.9e-33  111.1   0.1     3   202     5   202     2   205 0.97 -
d1y0ba1c.61.1.1      -            191 d1a3ca_c.61.1.1.aln  -            205   4.1e-33  110.1   0.2   1   1   7.9e-35   4.5e-33  109.9   0.2    15   203     3   190     1   191 0.97 -
d1p4aa2c.61.1.1      -            202 d1a3ca_c.61.1.1.aln  -            205   7.7e-32  105.9   0.0   1   1   1.5e-33   8.5e-32  105.8   0.0    12   203     2   195     1   197 0.98 -
d1wd5a_c.61.1.1      -            208 d1a3ca_c.61.1.1.aln  -            205     8e-32  105.8   5.0   1   1   1.6e-33   8.8e-32  105.7   5.0     3   203     6   207     3   208 0.98 -
d1vdma1c.61.1.1      -            153 d1a3ca_c.61.1.1.aln  -            205   7.2e-29   96.2   1.7   1   1   3.1e-30   1.7e-28   94.9   1.7    10   188     1   152     1   153 0.90 -
d1vcha1c.61.1.1      -            174 d1a3ca_c.61.1.1.aln  -            205   4.2e-23   77.4   1.2   1   1     8e-25   4.5e-23   77.3   1.2    12   180     2   169     1   174 0.95 -
d1nula_c.61.1.1      -            150 d1a3ca_c.61.1.1.aln  -            205   1.1e-22   76.0   0.0   1   1   3.4e-24   1.9e-22   75.2   0.0    11   178     1   142     1   148 0.94 -
d1a3ca_c.61.1.1      -            178 d1a3ca_c.61.1.1.aln  -            205   3.1e-21   71.3   2.5   1   1   5.8e-23   3.3e-21   71.2   2.5    11   189    10   177     1   178 0.92 -
#
# Program:         hmmsearch
# Version:         3.3.2 (Nov 2020)
# Pipeline mode:   SEARCH
# Query file:      /home/elise/Documents/M1-BIM/S2/TMEs/SBAS/tme08/models/d1a3ca_c.61.1.1.aln.hmm
# Target file:     /home/elise/Documents/M1-BIM/S2/TMEs/SBAS/tme08/scop/scop/scopTestSeq.fasta
# Option settings: hmmsearch --domtblout /home/elise/Documents/M1-BIM/S2/TMEs/SBAS/tme08/searchResults/d1a3ca_c.61.1.1.aln.out -E 1 /home/elise/Documents/M1-BIM/S2/TMEs/SBAS/tme08/models/d1a3ca_c.61.1.1.aln.hmm /home/elise/Documents/M1-BIM/S2/TMEs/SBAS/tme08/scop/scop/scopTestSeq.fasta 
# Current dir:     /home/elise/Documents/M1-BIM/S2/TMEs/SBAS/tme08
# Date:            Tue Apr  1 17:30:24 2025
# [ok]
