#                                                                            --- full sequence --- -------------- this domain -------------   hmm coord   ali coord   env coord
# target name        accession   tlen query name           accession   qlen   E-value  score  bias   #  of  c-Evalue  i-Evalue  score  bias  from    to  from    to  from    to  acc description of target
#------------------- ---------- ----- -------------------- ---------- ----- --------- ------ ----- --- --- --------- --------- ------ ----- ----- ----- ----- ----- ----- ----- ---- ---------------------
d2uubq1b.40.4.5      -            100 d1a62a2b.40.4.5.aln  -             92   1.9e-14   49.4   2.5   1   1   9.6e-16   2.2e-14   49.2   2.5     7    90     3    84     1    86 0.96 -
d1kl9a2b.40.4.5      -             86 d1a62a2b.40.4.5.aln  -             92   1.5e-13   46.5   0.7   1   1   7.3e-15   1.7e-13   46.4   0.7     1    85     6    86     6    86 0.93 -
d3bzka4b.40.4.5      -             94 d1a62a2b.40.4.5.aln  -             92   5.2e-12   41.7   0.9   1   1   2.5e-13   5.7e-12   41.5   0.9     2    87    12    91    11    94 0.91 -
d1luza_b.40.4.5      -             85 d1a62a2b.40.4.5.aln  -             92   5.6e-12   41.6   0.4   1   1   2.6e-13     6e-12   41.5   0.4     4    89     4    84     1    85 0.95 -
d1c9oa_b.40.4.5      -             66 d1a62a2b.40.4.5.aln  -             92   7.1e-12   41.2   0.1   1   1   3.2e-13   7.5e-12   41.2   0.1    12    84     2    64     1    66 0.93 -
d2je6i1b.40.4.5      -             87 d1a62a2b.40.4.5.aln  -             92   1.2e-11   40.6   0.5   1   1   5.6e-13   1.3e-11   40.4   0.5     2    90     1    86     1    87 0.90 -
d2ja9a1b.40.4.5      -             90 d1a62a2b.40.4.5.aln  -             92   4.4e-11   38.7   0.0   1   1   2.1e-12     5e-11   38.6   0.0     2    91     1    84     1    85 0.95 -
d1go3e1b.40.4.5      -            106 d1a62a2b.40.4.5.aln  -             92   1.1e-10   37.5   0.7   1   1   5.3e-12   1.2e-10   37.3   0.7     6    88     1    87     1    91 0.91 -
d2nn6h1b.40.4.5      -             95 d1a62a2b.40.4.5.aln  -             92   1.6e-10   36.9   0.0   1   1   7.3e-12   1.7e-10   36.9   0.0     3    86     3    90     1    95 0.90 -
d2nn6i1b.40.4.5      -            125 d1a62a2b.40.4.5.aln  -             92   3.1e-10   36.0   0.0   1   1   1.7e-11   3.9e-10   35.7   0.0     5    87     4    90     1    95 0.92 -
d1jt8a_b.40.4.5      -            102 d1a62a2b.40.4.5.aln  -             92   1.9e-09   33.6   0.7   1   1   9.7e-11   2.3e-09   33.3   0.7     2    89     8   100     7   102 0.96 -
d1e3pa2b.40.4.5      -             62 d1a62a2b.40.4.5.aln  -             92   6.6e-09   31.8   0.2   1   1     3e-10     7e-09   31.7   0.2    14    75     1    60     1    62 0.96 -
d1wfqa_b.40.4.5      -             89 d1a62a2b.40.4.5.aln  -             92   1.3e-08   30.9   0.0   1   1     6e-10   1.4e-08   30.8   0.0    11    90     8    87     3    89 0.94 -
d3i4oa_b.40.4.5      -             68 d1a62a2b.40.4.5.aln  -             92   2.6e-08   29.9   0.3   1   1   1.2e-09   2.7e-08   29.9   0.3     7    74     3    68     1    68 0.95 -
d1wi5a_b.40.4.5      -            119 d1a62a2b.40.4.5.aln  -             92   3.8e-08   29.4   0.0   1   1   1.8e-09   4.2e-08   29.3   0.0     6    83    19    92    14   110 0.76 -
d2asba1b.40.4.5      -             76 d1a62a2b.40.4.5.aln  -             92   4.5e-08   29.2   0.3   1   1     2e-09   4.7e-08   29.1   0.3     7    84     3    75     1    76 0.93 -
d1smxa_b.40.4.5      -             87 d1a62a2b.40.4.5.aln  -             92   5.7e-08   28.8   0.0   1   1   2.6e-09   6.1e-08   28.7   0.0    11    88     3    85     1    87 0.92 -
d2uubl1b.40.4.5      -            118 d1a62a2b.40.4.5.aln  -             92   1.4e-07   27.6   1.1   1   1   7.5e-09   1.7e-07   27.3   0.7     3    91    23   105    21   106 0.90 -
d1y14b1b.40.4.5      -             91 d1a62a2b.40.4.5.aln  -             92   1.5e-07   27.5   0.0   1   1   7.1e-09   1.7e-07   27.4   0.0     4    91     2    87     1    88 0.92 -
d1rl2a2b.40.4.5      -             66 d1a62a2b.40.4.5.aln  -             92   1.5e-07   27.5   0.1   1   1   7.3e-09   1.7e-07   27.3   0.1    27    90     3    64     1    65 0.93 -
d1x6oa2b.40.4.5      -             79 d1a62a2b.40.4.5.aln  -             92   1.6e-07   27.4   0.0   1   1   8.1e-09   1.9e-07   27.2   0.0     2    85     2    78     1    79 0.96 -
d2ix0a1b.40.4.5      -             90 d1a62a2b.40.4.5.aln  -             92   3.1e-07   26.5   0.0   1   1   1.4e-08   3.3e-07   26.4   0.0     5    89     4    89     1    90 0.94 -
d1hh2p1b.40.4.5      -             72 d1a62a2b.40.4.5.aln  -             92   3.9e-07   26.2   0.5   1   1   1.8e-08   4.2e-07   26.1   0.5    17    81     5    68     2    72 0.85 -
d1d7qa_b.40.4.5      -            143 d1a62a2b.40.4.5.aln  -             92   4.3e-07   26.1   0.4   1   1   3.8e-08   8.8e-07   25.0   0.0     4    91    21   112    18   113 0.93 -
d1jjga_b.40.4.5      -            102 d1a62a2b.40.4.5.aln  -             92   5.6e-07   25.7   0.2   1   1   2.8e-08   6.4e-07   25.5   0.2     2    89     8   100     7   102 0.96 -
d1khia2b.40.4.5      -             71 d1a62a2b.40.4.5.aln  -             92   3.3e-05   20.0   0.1   1   1   1.5e-06   3.4e-05   20.0   0.1     4    71     2    65     1    71 0.91 -
d1ne3a_b.40.4.5      -             68 d1a62a2b.40.4.5.aln  -             92     4e-05   19.8   0.1   1   1   1.7e-06     4e-05   19.8   0.1    10    68     6    62     1    68 0.88 -
d2ix0a3b.40.4.5      -             87 d1a62a2b.40.4.5.aln  -             92   5.6e-05   19.3   0.2   1   1   2.7e-06   6.3e-05   19.2   0.2    12    90     7    85     2    87 0.95 -
d2vnud2b.40.4.5      -             88 d1a62a2b.40.4.5.aln  -             92   8.8e-05   18.7   0.7   1   1   4.5e-06    0.0001   18.5   0.7     2    85     2    84     1    87 0.93 -
d1u0la1b.40.4.5      -             66 d1a62a2b.40.4.5.aln  -             92   0.00013   18.2   0.3   1   1   6.9e-06   0.00016   17.9   0.3     9    71     3    61     2    63 0.92 -
d2vnud1b.40.4.5      -             95 d1a62a2b.40.4.5.aln  -             92   0.00016   17.9   0.0   1   1   6.8e-06   0.00016   17.9   0.0     4    55     1    52     1    94 0.82 -
d2vnud3b.40.4.5      -            148 d1a62a2b.40.4.5.aln  -             92   0.00041   16.6   0.0   1   1   2.4e-05   0.00055   16.2   0.0     5    91    27   118    23   119 0.92 -
d2ix0a2b.40.4.5      -             79 d1a62a2b.40.4.5.aln  -             92   0.00046   16.4   0.0   1   1   2.2e-05   0.00051   16.3   0.0    23    85    18    77     6    78 0.87 -
d1t9ha1b.40.4.5      -             67 d1a62a2b.40.4.5.aln  -             92    0.0033   13.7   0.2   1   1   0.00015    0.0034   13.6   0.2    25    75    20    66     2    67 0.87 -
#
# Program:         hmmsearch
# Version:         3.3.2 (Nov 2020)
# Pipeline mode:   SEARCH
# Query file:      /home/elise/Documents/M1-BIM/S2/TMEs/SBAS/tme08/models/d1a62a2b.40.4.5.aln.hmm
# Target file:     /home/elise/Documents/M1-BIM/S2/TMEs/SBAS/tme08/scop/scop/scopTestSeq.fasta
# Option settings: hmmsearch --domtblout /home/elise/Documents/M1-BIM/S2/TMEs/SBAS/tme08/searchResults/d1a62a2b.40.4.5.aln.out -E 1 /home/elise/Documents/M1-BIM/S2/TMEs/SBAS/tme08/models/d1a62a2b.40.4.5.aln.hmm /home/elise/Documents/M1-BIM/S2/TMEs/SBAS/tme08/scop/scop/scopTestSeq.fasta 
# Current dir:     /home/elise/Documents/M1-BIM/S2/TMEs/SBAS/tme08
# Date:            Tue Apr  1 17:30:24 2025
# [ok]
