#                                                                            --- full sequence --- -------------- this domain -------------   hmm coord   ali coord   env coord
# target name        accession   tlen query name           accession   qlen   E-value  score  bias   #  of  c-Evalue  i-Evalue  score  bias  from    to  from    to  from    to  acc description of target
#------------------- ---------- ----- -------------------- ---------- ----- --------- ------ ----- --- --- --------- --------- ------ ----- ----- ----- ----- ----- ----- ----- ---- ---------------------
d1j0ha1b.1.18.2      -            123 d1bf2a1b.1.18.2.aln  -            107   3.5e-31  103.3   0.0   1   1     9e-33     4e-31  103.2   0.0     1   107    10   116    10   116 0.99 -
d1ji1a1b.1.18.2      -            122 d1bf2a1b.1.18.2.aln  -            107   1.5e-24   82.1   3.2   1   1   3.7e-26   1.6e-24   81.9   3.2     1   106    16   121    16   122 0.98 -
d2fhfa1b.1.18.2      -            115 d1bf2a1b.1.18.2.aln  -            107   1.9e-20   68.9   1.1   1   1   4.6e-22     2e-20   68.7   1.1     3   106    10   114     8   115 0.97 -
d1m7xa1b.1.18.2      -            110 d1bf2a1b.1.18.2.aln  -            107   2.5e-20   68.4   0.0   1   1   6.2e-22   2.7e-20   68.3   0.0     2   103     7   108     6   110 0.96 -
d3bmva1b.1.18.2      -             83 d1bf2a1b.1.18.2.aln  -            107   1.2e-19   66.2   2.0   1   1     3e-21   1.3e-19   66.1   2.0    11    97     2    82     1    83 0.95 -
d1txka1b.1.18.2      -            115 d1bf2a1b.1.18.2.aln  -            107   2.8e-18   61.8   1.5   1   1   7.2e-20   3.2e-18   61.7   1.5     1   104     1   103     1   106 0.97 -
d1ut9a2b.1.18.2      -             98 d1bf2a1b.1.18.2.aln  -            107     6e-18   60.8   0.2   1   1   1.5e-19   6.4e-18   60.7   0.2     3    99     3    97     1    98 0.97 -
d2fhfa2b.1.18.2      -            125 d1bf2a1b.1.18.2.aln  -            107   7.6e-18   60.5   0.1   1   1     2e-19   8.9e-18   60.2   0.1     2   106     5   110     4   111 0.97 -
d2bhua1b.1.18.2      -             97 d1bf2a1b.1.18.2.aln  -            107   9.8e-18   60.1   0.1   1   1   2.4e-19   1.1e-17   60.0   0.1    10   105     2    96     1    97 0.98 -
d1clca2b.1.18.2      -            100 d1bf2a1b.1.18.2.aln  -            107   1.3e-17   59.7   0.2   1   1   3.2e-19   1.4e-17   59.6   0.2    10   106     3    99     1   100 0.97 -
d1qbaa1b.1.18.2      -            105 d1bf2a1b.1.18.2.aln  -            107   2.7e-17   58.7   0.0   1   1   6.7e-19     3e-17   58.6   0.0     5   105     2   101     1   103 0.97 -
d1w8oa1b.1.18.2      -            103 d1bf2a1b.1.18.2.aln  -            107     1e-16   56.8   2.3   1   1   2.5e-18   1.1e-16   56.7   2.3     3   102     2   101     1   103 0.97 -
d1edqa1b.1.18.2      -            109 d1bf2a1b.1.18.2.aln  -            107   1.4e-16   56.4   2.9   1   1   3.6e-18   1.6e-16   56.2   2.9     1   100     6   107     6   109 0.98 -
d1h3ga1b.1.18.2      -             93 d1bf2a1b.1.18.2.aln  -            107   9.6e-16   53.7   0.0   1   1   2.4e-17     1e-15   53.6   0.0     8    99     2    92     1    93 0.96 -
d1k3ia1b.1.18.2      -            102 d1bf2a1b.1.18.2.aln  -            107   9.6e-15   50.5   1.0   1   1   2.3e-16     1e-14   50.4   1.0    10    96     4    99     1   102 0.96 -
d2bvya1b.1.18.2      -             94 d1bf2a1b.1.18.2.aln  -            107   6.5e-11   38.2  10.8   1   1   1.6e-12   6.9e-11   38.1  10.8     5    97     2    92     1    94 0.96 -
d1ulva2b.1.18.2      -             89 d1bf2a1b.1.18.2.aln  -            107     1e-09   34.3   6.4   1   1   2.5e-11   1.1e-09   34.2   6.4     8    96     1    85     1    89 0.94 -
d1f1sa2b.1.18.2      -             78 d1bf2a1b.1.18.2.aln  -            107   7.2e-08   28.4   0.3   1   1   2.3e-09   9.9e-08   27.9   0.3    12    98     1    76     1    78 0.96 -
#
# Program:         hmmsearch
# Version:         3.3.2 (Nov 2020)
# Pipeline mode:   SEARCH
# Query file:      /home/elise/Documents/M1-BIM/S2/TMEs/SBAS/tme08/models/d1bf2a1b.1.18.2.aln.hmm
# Target file:     /home/elise/Documents/M1-BIM/S2/TMEs/SBAS/tme08/scop/scop/scopTestSeq.fasta
# Option settings: hmmsearch --domtblout /home/elise/Documents/M1-BIM/S2/TMEs/SBAS/tme08/searchResults/d1bf2a1b.1.18.2.aln.out -E 1 /home/elise/Documents/M1-BIM/S2/TMEs/SBAS/tme08/models/d1bf2a1b.1.18.2.aln.hmm /home/elise/Documents/M1-BIM/S2/TMEs/SBAS/tme08/scop/scop/scopTestSeq.fasta 
# Current dir:     /home/elise/Documents/M1-BIM/S2/TMEs/SBAS/tme08
# Date:            Tue Apr  1 17:30:25 2025
# [ok]
