#                                                                            --- full sequence --- -------------- this domain -------------   hmm coord   ali coord   env coord
# target name        accession   tlen query name           accession   qlen   E-value  score  bias   #  of  c-Evalue  i-Evalue  score  bias  from    to  from    to  from    to  acc description of target
#------------------- ---------- ----- -------------------- ---------- ----- --------- ------ ----- --- --- --------- --------- ------ ----- ----- ----- ----- ----- ----- ----- ---- ---------------------
d1euza1c.2.1.7       -            239 d1bgva1c.2.1.7.aln   -            228   7.7e-79  259.9   3.9   1   1   1.3e-80   8.6e-79  259.8   3.9     1   228     1   238     1   238 0.99 -
d1o0sa1c.2.1.7       -            308 d1bgva1c.2.1.7.aln   -            228   2.5e-68  225.5   0.3   1   1   4.6e-70     3e-68  225.3   0.3     1   228     1   262     1   262 0.99 -
d3mw9a1c.2.1.7       -            293 d1bgva1c.2.1.7.aln   -            228   4.8e-58  191.9   0.0   1   1   1.5e-58   9.9e-57  187.6   0.0     5   227     1   291     1   292 0.98 -
d1vl6a1c.2.1.7       -            222 d1bgva1c.2.1.7.aln   -            228   2.1e-50  166.9   0.8   1   1   3.5e-52   2.3e-50  166.8   0.8     1   213     2   222     2   222 0.99 -
d1c1da1c.2.1.7       -            201 d1bgva1c.2.1.7.aln   -            228   3.4e-49  162.9   2.4   1   1   5.8e-51   3.8e-49  162.8   2.4     8   210     2   200     1   201 0.98 -
d1luaa1c.2.1.7       -            191 d1bgva1c.2.1.7.aln   -            228   4.2e-35  116.9   7.7   1   1   7.1e-37   4.7e-35  116.7   7.7     3   190     1   190     1   191 0.97 -
d1nyta1c.2.1.7       -            170 d1bgva1c.2.1.7.aln   -            228   9.1e-35  115.8   0.0   1   1   1.5e-36     1e-34  115.6   0.0     8   181     1   169     1   170 0.97 -
d1npya1c.2.1.7       -            167 d1bgva1c.2.1.7.aln   -            228   4.7e-33  110.2   2.4   1   1   7.8e-35   5.1e-33  110.0   2.4     8   181     1   165     1   167 0.98 -
d1edza1c.2.1.7       -            171 d1bgva1c.2.1.7.aln   -            228   6.4e-31  103.2   0.0   1   1   1.1e-32     7e-31  103.0   0.0     7   180     2   168     1   171 0.98 -
d1gpja2c.2.1.7       -            159 d1bgva1c.2.1.7.aln   -            228   2.6e-28   94.6   0.2   1   1   4.3e-30   2.8e-28   94.5   0.2     2   168     2   158     1   159 0.98 -
d1bgva1c.2.1.7       -            255 d1bgva1c.2.1.7.aln   -            228   1.1e-10   37.0   1.0   1   1   3.4e-12   2.2e-10   36.0   0.9     1   187     5   214     5   217 0.89 -
d1yqga2c.2.1.6       -            152 d1bgva1c.2.1.7.aln   -            228    0.0041   12.2   0.3   1   1   7.6e-05     0.005   11.9   0.3    28    73     3    49     1    91 0.75 -
#
# Program:         hmmsearch
# Version:         3.3.2 (Nov 2020)
# Pipeline mode:   SEARCH
# Query file:      /home/elise/Documents/M1-BIM/S2/TMEs/SBAS/tme08/models/d1bgva1c.2.1.7.aln.hmm
# Target file:     /home/elise/Documents/M1-BIM/S2/TMEs/SBAS/tme08/scop/scop/scopTestSeq.fasta
# Option settings: hmmsearch --domtblout /home/elise/Documents/M1-BIM/S2/TMEs/SBAS/tme08/searchResults/d1bgva1c.2.1.7.aln.out -E 1 /home/elise/Documents/M1-BIM/S2/TMEs/SBAS/tme08/models/d1bgva1c.2.1.7.aln.hmm /home/elise/Documents/M1-BIM/S2/TMEs/SBAS/tme08/scop/scop/scopTestSeq.fasta 
# Current dir:     /home/elise/Documents/M1-BIM/S2/TMEs/SBAS/tme08
# Date:            Tue Apr  1 17:30:25 2025
# [ok]
