#                                                                            --- full sequence --- -------------- this domain -------------   hmm coord   ali coord   env coord
# target name        accession   tlen query name           accession   qlen   E-value  score  bias   #  of  c-Evalue  i-Evalue  score  bias  from    to  from    to  from    to  acc description of target
#------------------- ---------- ----- -------------------- ---------- ----- --------- ------ ----- --- --- --------- --------- ------ ----- ----- ----- ----- ----- ----- ----- ---- ---------------------
d2pq8a_d.108.1.1     -            271 d1boba_d.108.1.1.aln -            177     2e-33  110.9   0.2   1   1   1.4e-34   2.5e-33  110.6   0.2     7   177     2   178     1   178 0.99 -
d2b5ga_d.108.1.1     -            168 d1boba_d.108.1.1.aln -            177     3e-33  110.4   0.3   1   1   1.8e-34   3.3e-33  110.2   0.3     6   172     3   167     1   168 0.98 -
d1tiqa_d.108.1.1     -            173 d1boba_d.108.1.1.aln -            177   3.7e-32  106.8   0.0   1   1   2.2e-33     4e-32  106.7   0.0     6   175     2   172     1   173 0.98 -
d1z4ea1d.108.1.1     -            150 d1boba_d.108.1.1.aln -            177   6.4e-31  102.8   0.1   1   1   4.2e-32   7.7e-31  102.5   0.1     5   154     1   144     1   148 0.98 -
d1z4ra1d.108.1.1     -            162 d1boba_d.108.1.1.aln -            177   5.8e-30   99.7   0.1   1   1   3.5e-31   6.4e-30   99.5   0.1     1   167     2   161     2   162 0.97 -
d2ae6a1d.108.1.1     -            161 d1boba_d.108.1.1.aln -            177   6.5e-30   99.5   0.0   1   1     4e-31   7.4e-30   99.3   0.0    19   173     6   159     1   160 0.96 -
d1qsma_d.108.1.1     -            150 d1boba_d.108.1.1.aln -            177   1.6e-28   95.0   0.0   1   1   9.5e-30   1.7e-28   94.9   0.0     5   157     2   146     1   150 0.97 -
d1i12a_d.108.1.1     -            157 d1boba_d.108.1.1.aln -            177   1.8e-28   94.8   0.0   1   1   1.1e-29     2e-28   94.7   0.0     5   157     4   154     1   157 0.97 -
d1u6ma_d.108.1.1     -            189 d1boba_d.108.1.1.aln -            177   2.8e-28   94.2   0.2   1   2         2        36   -0.5   0.0     8    26     3    21     2    27 0.88 -
d1u6ma_d.108.1.1     -            189 d1boba_d.108.1.1.aln -            177   2.8e-28   94.2   0.2   2   2   4.2e-29   7.7e-28   92.8   0.2     9   168    28   187    19   189 0.91 -
d2cy2a1d.108.1.1     -            174 d1boba_d.108.1.1.aln -            177   6.3e-28   93.1   1.7   1   1   3.7e-29   6.9e-28   92.9   1.7     6   172     1   168     1   173 0.98 -
d1ufha_d.108.1.1     -            155 d1boba_d.108.1.1.aln -            177   3.3e-26   87.5   0.3   1   1     2e-27   3.7e-26   87.3   0.3     8   156     2   151     1   154 0.95 -
d1nsla_d.108.1.1     -            180 d1boba_d.108.1.1.aln -            177   4.2e-26   87.1   0.2   1   1   2.5e-27   4.6e-26   87.0   0.2     5   175     5   177     1   179 0.91 -
d1ghea_d.108.1.1     -            170 d1boba_d.108.1.1.aln -            177   5.3e-26   86.8   0.0   1   1     3e-27   5.6e-26   86.7   0.0    34   176    29   170     1   170 0.90 -
d2gana1d.108.1.1     -            182 d1boba_d.108.1.1.aln -            177   1.5e-25   85.3   0.4   1   1   8.9e-27   1.6e-25   85.2   0.4     6   166    19   179    14   182 0.96 -
d1mk4a_d.108.1.1     -            157 d1boba_d.108.1.1.aln -            177   1.9e-25   85.0   0.0   1   1   1.1e-26     2e-25   84.9   0.0     5   170     1   146     1   152 0.95 -
d2euia1d.108.1.1     -            153 d1boba_d.108.1.1.aln -            177   2.8e-25   84.5   0.1   1   1   1.6e-26     3e-25   84.3   0.1     6   164     1   150     1   153 0.94 -
d1y9wa1d.108.1.1     -            140 d1boba_d.108.1.1.aln -            177   3.2e-25   84.3   1.2   1   1   1.9e-26   3.4e-25   84.2   1.2    25   170     5   139     1   140 0.95 -
d1cjwa_d.108.1.1     -            166 d1boba_d.108.1.1.aln -            177   3.2e-25   84.2   0.0   1   1   1.9e-26   3.4e-25   84.2   0.0    12   169     8   164     1   166 0.96 -
d2fiaa1d.108.1.1     -            157 d1boba_d.108.1.1.aln -            177   4.6e-25   83.7   0.7   1   1   2.8e-26   5.1e-25   83.6   0.7     6   173     1   156     1   157 0.96 -
d1vkca_d.108.1.1     -            149 d1boba_d.108.1.1.aln -            177   4.4e-24   80.6   2.3   1   1   2.6e-25   4.7e-24   80.5   2.3     9   158     4   147     1   149 0.96 -
d1wwza1d.108.1.1     -            157 d1boba_d.108.1.1.aln -            177   7.5e-24   79.8   0.8   1   1   4.8e-25   8.8e-24   79.6   0.8     4   163     2   155     1   156 0.93 -
d2fcka1d.108.1.1     -            178 d1boba_d.108.1.1.aln -            177   3.9e-23   77.5   0.1   1   1   2.3e-24   4.3e-23   77.4   0.1     1   175     2   178     2   178 0.98 -
d1yx0a1d.108.1.1     -            151 d1boba_d.108.1.1.aln -            177   4.4e-23   77.3   0.0   1   1   2.5e-24   4.6e-23   77.2   0.0    28   170     7   150     1   151 0.94 -
d2fl4a1d.108.1.1     -            146 d1boba_d.108.1.1.aln -            177     1e-22   76.1   0.5   1   1   6.1e-24   1.1e-22   76.0   0.5    20   166     1   144     1   146 0.96 -
d1yk3a1d.108.1.1     -            198 d1boba_d.108.1.1.aln -            177   4.6e-21   70.8   0.0   1   1   2.8e-22   5.2e-21   70.6   0.0     1   169    25   196    25   198 0.97 -
d1bo4a_d.108.1.1     -            137 d1boba_d.108.1.1.aln -            177   6.5e-21   70.2   0.1   1   1   3.8e-22     7e-21   70.2   0.1    14   148     4   137     1   137 0.96 -
d2jdca1d.108.1.1     -            145 d1boba_d.108.1.1.aln -            177     4e-20   67.7   0.2   1   1   2.4e-21   4.5e-20   67.5   0.2    57   171    33   144     3   145 0.93 -
d2fiwa1d.108.1.1     -            156 d1boba_d.108.1.1.aln -            177   5.1e-19   64.1   0.0   1   1   2.9e-20   5.3e-19   64.0   0.0     9   158     3   141     1   156 0.92 -
d2atra1d.108.1.1     -            137 d1boba_d.108.1.1.aln -            177   1.5e-18   62.6   0.0   1   1   8.8e-20   1.6e-18   62.5   0.0    18   165     5   136     1   137 0.92 -
d1n71a_d.108.1.1     -            180 d1boba_d.108.1.1.aln -            177   2.5e-18   61.8   0.0   1   1   1.5e-19   2.8e-18   61.7   0.0     2   176     3   179     2   180 0.97 -
d2g3aa1d.108.1.1     -            137 d1boba_d.108.1.1.aln -            177   7.7e-18   60.3   0.0   1   1   4.4e-19   8.1e-18   60.2   0.0    21   169     3   135     1   137 0.91 -
d1xeba_d.108.1.1     -            149 d1boba_d.108.1.1.aln -            177   2.5e-17   58.6   1.0   1   1   1.5e-18   2.7e-17   58.5   1.0    17   165     3   145     1   149 0.95 -
d2aj6a1d.108.1.1     -            118 d1boba_d.108.1.1.aln -            177   9.3e-17   56.7   0.0   1   1   5.5e-18     1e-16   56.6   0.0     9   130     1   116     1   118 0.97 -
d2p0wa_d.108.1.1     -            319 d1boba_d.108.1.1.aln -            177   1.8e-16   55.8   0.4   1   2   2.1e-17   3.8e-16   54.7   0.2     2   176    32   226    31   227 0.98 -
d2p0wa_d.108.1.1     -            319 d1boba_d.108.1.1.aln -            177   1.8e-16   55.8   0.4   2   2      0.47       8.6    1.6   0.0    99   121   220   242   218   264 0.81 -
d2fsra1d.108.1.1     -            164 d1boba_d.108.1.1.aln -            177     2e-16   55.7   0.0   1   1   1.1e-17   2.1e-16   55.6   0.0    10   167     3   162     1   164 0.95 -
d1p0ha_d.108.1.1     -            308 d1boba_d.108.1.1.aln -            177   2.4e-16   55.4   0.0   1   3   2.1e-11   3.8e-10   35.2   0.0    13   174    31   206    19   209 0.94 -
d1p0ha_d.108.1.1     -            308 d1boba_d.108.1.1.aln -            177   2.4e-16   55.4   0.0   2   3    0.0012     0.021   10.0   0.1    47   113   193   251   192   253 0.90 -
d1p0ha_d.108.1.1     -            308 d1boba_d.108.1.1.aln -            177   2.4e-16   55.4   0.0   3   3    0.0012     0.023   10.0   0.0   128   150   276   298   269   303 0.89 -
d1q2ya_d.108.1.1     -            140 d1boba_d.108.1.1.aln -            177   2.9e-16   55.1   0.2   1   1   1.7e-17   3.1e-16   55.0   0.2    19   169     1   139     1   140 0.95 -
d1m4ia_d.108.1.1     -            181 d1boba_d.108.1.1.aln -            177   4.5e-16   54.5   0.0   1   1   3.4e-17   6.2e-16   54.1   0.0     1   174     3   180     3   181 0.91 -
d1y9ka1d.108.1.1     -            152 d1boba_d.108.1.1.aln -            177   5.4e-16   54.3   0.1   1   1   3.5e-16   6.4e-15   50.8   0.1    28   170    10   149     1   151 0.86 -
d1y7ra1d.108.1.1     -            133 d1boba_d.108.1.1.aln -            177   1.6e-15   52.7   0.0   1   1   9.7e-17   1.8e-15   52.6   0.0    20   161     2   131     1   132 0.94 -
d1r57a_d.108.1.1     -            102 d1boba_d.108.1.1.aln -            177   7.9e-13   44.0   0.1   1   1   4.6e-14   8.4e-13   43.9   0.1    82   156    25   100     5   102 0.85 -
d1xmta_d.108.1.1     -             95 d1boba_d.108.1.1.aln -            177   1.9e-09   32.9   0.0   1   1   1.3e-10   2.3e-09   32.7   0.0    81   134    21    74     1    93 0.87 -
d2d4pa1d.108.1.1     -            130 d1boba_d.108.1.1.aln -            177   4.8e-05   18.7   0.0   1   1   3.1e-06   5.7e-05   18.4   0.0    23   155     3   121     1   130 0.91 -
#
# Program:         hmmsearch
# Version:         3.3.2 (Nov 2020)
# Pipeline mode:   SEARCH
# Query file:      /home/elise/Documents/M1-BIM/S2/TMEs/SBAS/tme08/models/d1boba_d.108.1.1.aln.hmm
# Target file:     /home/elise/Documents/M1-BIM/S2/TMEs/SBAS/tme08/scop/scop/scopTestSeq.fasta
# Option settings: hmmsearch --domtblout /home/elise/Documents/M1-BIM/S2/TMEs/SBAS/tme08/searchResults/d1boba_d.108.1.1.aln.out -E 1 /home/elise/Documents/M1-BIM/S2/TMEs/SBAS/tme08/models/d1boba_d.108.1.1.aln.hmm /home/elise/Documents/M1-BIM/S2/TMEs/SBAS/tme08/scop/scop/scopTestSeq.fasta 
# Current dir:     /home/elise/Documents/M1-BIM/S2/TMEs/SBAS/tme08
# Date:            Tue Apr  1 17:30:25 2025
# [ok]
