#                                                                            --- full sequence --- -------------- this domain -------------   hmm coord   ali coord   env coord
# target name        accession   tlen query name           accession   qlen   E-value  score  bias   #  of  c-Evalue  i-Evalue  score  bias  from    to  from    to  from    to  acc description of target
#------------------- ---------- ----- -------------------- ---------- ----- --------- ------ ----- --- --- --------- --------- ------ ----- ----- ----- ----- ----- ----- ----- ---- ---------------------
d1qdda_d.169.1.1     -            144 d1byfa_d.169.1.1.aln -            132   6.6e-40  132.0   3.0   1   1   1.2e-41   7.4e-40  131.9   3.0     2   130    13   143    12   144 0.98 -
d2ziba_d.169.1.1     -            130 d1byfa_d.169.1.1.aln -            132   8.2e-32  105.8   2.7   1   1   1.5e-33     9e-32  105.7   2.7     3   130     7   128     5   130 0.94 -
d1qo3c_d.169.1.1     -            133 d1byfa_d.169.1.1.aln -            132   1.7e-30  101.6   4.8   1   1   3.3e-32     2e-30  101.3   4.8     5   131    16   132    13   133 0.94 -
d1gz2a_d.169.1.1     -            139 d1byfa_d.169.1.1.aln -            132   3.4e-29   97.3   0.0   1   1   6.6e-31     4e-29   97.1   0.0     3   130     2   138     1   139 0.94 -
d1wmza_d.169.1.1     -            140 d1byfa_d.169.1.1.aln -            132   2.1e-28   94.8   7.0   1   1   4.5e-30   2.7e-28   94.4   7.0     2   130     2   138     1   140 0.87 -
d3l9jc_d.169.1.1     -            134 d1byfa_d.169.1.1.aln -            132   2.3e-28   94.7   1.9   1   1   4.4e-30   2.7e-28   94.5   1.9    10   130    10   133     4   134 0.86 -
d3hupa_d.169.1.1     -            121 d1byfa_d.169.1.1.aln -            132   5.4e-26   87.0  11.0   1   1   9.8e-28     6e-26   86.9  11.0     2   130     6   119     5   121 0.87 -
d1pwba1d.169.1.1     -            121 d1byfa_d.169.1.1.aln -            132   1.1e-24   82.8   0.0   1   1     2e-26   1.2e-24   82.6   0.0     6   129     2   121     1   121 0.92 -
d1h8ua_d.169.1.1     -            115 d1byfa_d.169.1.1.aln -            132   2.7e-24   81.5   1.6   1   1   4.8e-26   2.9e-24   81.4   1.6    15   128     2   114     1   115 0.97 -
d1g1ta1d.169.1.1     -            118 d1byfa_d.169.1.1.aln -            132   1.6e-23   79.0   5.7   1   1     3e-25   1.8e-23   78.8   5.7    14   127     2   117     1   118 0.88 -
d1wk1a_d.169.1.1     -            150 d1byfa_d.169.1.1.aln -            132   3.1e-17   58.6   0.0   1   1   6.6e-19     4e-17   58.3   0.0    11   130     7   130     2   132 0.88 -
d1kg0c_d.169.1.1     -            136 d1byfa_d.169.1.1.aln -            132   4.3e-16   55.0   6.8   1   1   8.6e-18   5.2e-16   54.7   6.8     4   130    20   134    10   136 0.88 -
d1byfa_d.169.1.1     -            123 d1byfa_d.169.1.1.aln -            132   1.5e-11   40.3   0.0   1   1     3e-13   1.8e-11   40.0   0.0    16   131     5   122     2   123 0.82 -
#
# Program:         hmmsearch
# Version:         3.3.2 (Nov 2020)
# Pipeline mode:   SEARCH
# Query file:      /home/elise/Documents/M1-BIM/S2/TMEs/SBAS/tme08/models/d1byfa_d.169.1.1.aln.hmm
# Target file:     /home/elise/Documents/M1-BIM/S2/TMEs/SBAS/tme08/scop/scop/scopTestSeq.fasta
# Option settings: hmmsearch --domtblout /home/elise/Documents/M1-BIM/S2/TMEs/SBAS/tme08/searchResults/d1byfa_d.169.1.1.aln.out -E 1 /home/elise/Documents/M1-BIM/S2/TMEs/SBAS/tme08/models/d1byfa_d.169.1.1.aln.hmm /home/elise/Documents/M1-BIM/S2/TMEs/SBAS/tme08/scop/scop/scopTestSeq.fasta 
# Current dir:     /home/elise/Documents/M1-BIM/S2/TMEs/SBAS/tme08
# Date:            Tue Apr  1 17:30:25 2025
# [ok]
