#                                                                            --- full sequence --- -------------- this domain -------------   hmm coord   ali coord   env coord
# target name        accession   tlen query name           accession   qlen   E-value  score  bias   #  of  c-Evalue  i-Evalue  score  bias  from    to  from    to  from    to  acc description of target
#------------------- ---------- ----- -------------------- ---------- ----- --------- ------ ----- --- --- --------- --------- ------ ----- ----- ----- ----- ----- ----- ----- ---- ---------------------
d1y0ya3c.56.5.4      -            256 d1cg2a1c.56.5.4.aln  -            271   5.3e-81  266.9   1.2   1   1   8.2e-83   5.9e-81  266.8   1.2     7   269     2   255     1   256 0.99 -
d1fnoa4c.56.5.4      -            296 d1cg2a1c.56.5.4.aln  -            271   1.1e-73  242.9   0.0   1   1   1.7e-75   1.3e-73  242.8   0.0     2   270     9   295     8   296 0.99 -
d1r3na1c.56.5.4      -            323 d1cg2a1c.56.5.4.aln  -            271   5.7e-71  234.0   0.0   1   1     9e-73   6.5e-71  233.9   0.0     2   270    29   317    28   318 0.98 -
d1rtqa_c.56.5.4      -            291 d1cg2a1c.56.5.4.aln  -            271   1.6e-69  229.3   0.2   1   1   2.6e-71   1.8e-69  229.1   0.2     1   269     6   283     6   285 0.99 -
d1z2la1c.56.5.4      -            294 d1cg2a1c.56.5.4.aln  -            271   8.1e-68  223.7   0.0   1   1   1.3e-69     9e-68  223.6   0.0     2   271    11   294    10   294 0.99 -
d1vgya1c.56.5.4      -            263 d1cg2a1c.56.5.4.aln  -            271   1.5e-66  219.5   0.0   1   1   2.3e-68   1.7e-66  219.4   0.0     5   268     2   263     1   263 0.99 -
d1y7ea2c.56.5.4      -            323 d1cg2a1c.56.5.4.aln  -            271   7.6e-64  210.7   0.1   1   1   1.2e-65   8.5e-64  210.5   0.1     2   266    22   323    21   323 0.99 -
d1lfwa1c.56.5.4      -            273 d1cg2a1c.56.5.4.aln  -            271   5.8e-63  207.8   0.1   1   1   8.9e-65   6.4e-63  207.6   0.1     2   271     2   273     1   273 0.99 -
d1tkja_c.56.5.4      -            277 d1cg2a1c.56.5.4.aln  -            271   2.9e-62  205.5   0.0   1   1   4.5e-64   3.2e-62  205.4   0.0     5   270     2   263     1   264 0.99 -
d2grea2c.56.5.4      -            234 d1cg2a1c.56.5.4.aln  -            271   1.5e-54  180.2   1.4   1   1   3.7e-56   2.7e-54  179.4   1.4     3   268     1   233     1   234 0.99 -
d1cg2a1c.56.5.4      -            277 d1cg2a1c.56.5.4.aln  -            271   2.9e-06   21.9   0.1   1   1   6.7e-08   4.8e-06   21.1   0.1    52   250    70   257    66   269 0.83 -
#
# Program:         hmmsearch
# Version:         3.3.2 (Nov 2020)
# Pipeline mode:   SEARCH
# Query file:      /home/elise/Documents/M1-BIM/S2/TMEs/SBAS/tme08/models/d1cg2a1c.56.5.4.aln.hmm
# Target file:     /home/elise/Documents/M1-BIM/S2/TMEs/SBAS/tme08/scop/scop/scopTestSeq.fasta
# Option settings: hmmsearch --domtblout /home/elise/Documents/M1-BIM/S2/TMEs/SBAS/tme08/searchResults/d1cg2a1c.56.5.4.aln.out -E 1 /home/elise/Documents/M1-BIM/S2/TMEs/SBAS/tme08/models/d1cg2a1c.56.5.4.aln.hmm /home/elise/Documents/M1-BIM/S2/TMEs/SBAS/tme08/scop/scop/scopTestSeq.fasta 
# Current dir:     /home/elise/Documents/M1-BIM/S2/TMEs/SBAS/tme08
# Date:            Tue Apr  1 17:30:26 2025
# [ok]
