#                                                                            --- full sequence --- -------------- this domain -------------   hmm coord   ali coord   env coord
# target name        accession   tlen query name           accession   qlen   E-value  score  bias   #  of  c-Evalue  i-Evalue  score  bias  from    to  from    to  from    to  acc description of target
#------------------- ---------- ----- -------------------- ---------- ----- --------- ------ ----- --- --- --------- --------- ------ ----- ----- ----- ----- ----- ----- ----- ---- ---------------------
d3bpza_b.82.3.2      -            194 d1cx4a1b.82.3.2.aln  -            140   4.9e-50  164.2   0.0   1   2         1        66   -1.5   0.0     3    30    11    38     8    42 0.79 -
d3bpza_b.82.3.2      -            194 d1cx4a1b.82.3.2.aln  -            140   4.9e-50  164.2   0.0   2   2     2e-51   1.3e-49  162.8   0.0     3   134    67   193    63   194 0.98 -
d1cx4a2b.82.3.2      -            147 d1cx4a1b.82.3.2.aln  -            140   1.1e-42  140.3   0.2   1   1   1.9e-44   1.3e-42  140.1   0.2     4   139     2   143     1   144 0.97 -
d1vp6a_b.82.3.2      -            133 d1cx4a1b.82.3.2.aln  -            140   1.7e-42  139.7   0.0   1   1   3.2e-44   2.1e-42  139.5   0.0     3   132    10   132     7   133 0.98 -
d1zyba2b.82.3.2      -            147 d1cx4a1b.82.3.2.aln  -            140   2.7e-41  135.9   0.0   1   1   4.5e-43   2.9e-41  135.7   0.0     3   140     5   145     1   145 0.97 -
d1o7fa2b.82.3.2      -            155 d1cx4a1b.82.3.2.aln  -            140   6.4e-40  131.4   0.0   1   1   1.2e-41   7.6e-40  131.2   0.0     3   133    23   154    16   155 0.96 -
d3e5ua2b.82.3.2      -            139 d1cx4a1b.82.3.2.aln  -            140   6.6e-39  128.1   0.0   1   1   1.1e-40   7.3e-39  128.0   0.0     4   140     1   137     1   137 0.98 -
d2gaua2b.82.3.2      -            142 d1cx4a1b.82.3.2.aln  -            140   4.5e-37  122.2   0.0   1   1   7.5e-39   4.9e-37  122.0   0.0     7   139     3   136     1   137 0.94 -
d1o7fa3b.82.3.2      -            124 d1cx4a1b.82.3.2.aln  -            140   7.5e-37  121.5   0.0   1   1   1.3e-38   8.4e-37  121.3   0.0     3   118     9   122     5   124 0.97 -
d1o5la1b.82.3.2      -            129 d1cx4a1b.82.3.2.aln  -            140   6.7e-35  115.1   0.0   1   1   1.1e-36   7.4e-35  115.0   0.0    19   139     2   123     1   124 0.98 -
d1wgpa_b.82.3.2      -            137 d1cx4a1b.82.3.2.aln  -            140   5.9e-34  112.1   0.0   1   1     1e-35   6.7e-34  111.9   0.0     3   130     5   135     2   137 0.96 -
d2zcwa2b.82.3.2      -            112 d1cx4a1b.82.3.2.aln  -            140   4.6e-27   89.7   0.0   1   1   7.6e-29     5e-27   89.6   0.0    29   137     2   111     1   112 0.96 -
d1cx4a1b.82.3.2      -            136 d1cx4a1b.82.3.2.aln  -            140   3.7e-22   73.8   0.0   1   1   6.6e-24   4.3e-22   73.6   0.0     4   125    16   136    11   136 0.90 -
#
# Program:         hmmsearch
# Version:         3.3.2 (Nov 2020)
# Pipeline mode:   SEARCH
# Query file:      /home/elise/Documents/M1-BIM/S2/TMEs/SBAS/tme08/models/d1cx4a1b.82.3.2.aln.hmm
# Target file:     /home/elise/Documents/M1-BIM/S2/TMEs/SBAS/tme08/scop/scop/scopTestSeq.fasta
# Option settings: hmmsearch --domtblout /home/elise/Documents/M1-BIM/S2/TMEs/SBAS/tme08/searchResults/d1cx4a1b.82.3.2.aln.out -E 1 /home/elise/Documents/M1-BIM/S2/TMEs/SBAS/tme08/models/d1cx4a1b.82.3.2.aln.hmm /home/elise/Documents/M1-BIM/S2/TMEs/SBAS/tme08/scop/scop/scopTestSeq.fasta 
# Current dir:     /home/elise/Documents/M1-BIM/S2/TMEs/SBAS/tme08
# Date:            Tue Apr  1 17:30:26 2025
# [ok]
