#                                                                            --- full sequence --- -------------- this domain -------------   hmm coord   ali coord   env coord
# target name        accession   tlen query name           accession   qlen   E-value  score  bias   #  of  c-Evalue  i-Evalue  score  bias  from    to  from    to  from    to  acc description of target
#------------------- ---------- ----- -------------------- ---------- ----- --------- ------ ----- --- --- --------- --------- ------ ----- ----- ----- ----- ----- ----- ----- ---- ---------------------
d3bzka4b.40.4.5      -             94 d1d7qa_b.40.4.5.aln  -             92     1e-13   46.9   1.0   1   1   5.4e-15   1.2e-13   46.7   1.0     4    86    13    89    10    93 0.93 -
d1c9oa_b.40.4.5      -             66 d1d7qa_b.40.4.5.aln  -             92   2.3e-13   45.8   0.1   1   1   1.2e-14   2.6e-13   45.6   0.1    12    85     2    64     1    65 0.93 -
d2je6i1b.40.4.5      -             87 d1d7qa_b.40.4.5.aln  -             92   2.4e-13   45.7   0.6   1   1   1.2e-14   2.6e-13   45.6   0.6     4    91     2    86     1    87 0.91 -
d1luza_b.40.4.5      -             85 d1d7qa_b.40.4.5.aln  -             92   8.6e-13   43.9   0.4   1   1   4.2e-14   9.2e-13   43.8   0.4     3    91     2    85     1    85 0.94 -
d1kl9a2b.40.4.5      -             86 d1d7qa_b.40.4.5.aln  -             92   9.2e-13   43.8   0.5   1   1   4.6e-14     1e-12   43.7   0.5     2    86     6    86     5    86 0.94 -
d2uubl1b.40.4.5      -            118 d1d7qa_b.40.4.5.aln  -             92   4.3e-12   41.7   2.1   1   2         8   1.8e+02   -1.6   0.0    74    85     8    19     5    25 0.46 -
d2uubl1b.40.4.5      -            118 d1d7qa_b.40.4.5.aln  -             92   4.3e-12   41.7   2.1   2   2     2e-13   4.3e-12   41.7   2.1     2    89    23   117    22   118 0.98 -
d2uubq1b.40.4.5      -            100 d1d7qa_b.40.4.5.aln  -             92   1.5e-11   40.0   2.7   1   1   7.9e-13   1.7e-11   39.8   2.7     4    91     2    88     1    89 0.97 -
d2nn6h1b.40.4.5      -             95 d1d7qa_b.40.4.5.aln  -             92   1.7e-11   39.8   0.0   1   1   8.2e-13   1.8e-11   39.7   0.0     4    90     3    93     1    95 0.96 -
d1jt8a_b.40.4.5      -            102 d1d7qa_b.40.4.5.aln  -             92   3.6e-11   38.8   0.6   1   1   1.8e-12     4e-11   38.6   0.6     1    90     1    89     1    91 0.95 -
d2nn6i1b.40.4.5      -            125 d1d7qa_b.40.4.5.aln  -             92   2.9e-10   35.9   0.0   1   1   1.6e-11   3.5e-10   35.6   0.0     6    91     4    93     1    94 0.95 -
d1go3e1b.40.4.5      -            106 d1d7qa_b.40.4.5.aln  -             92   3.3e-10   35.7   0.8   1   1   1.8e-11   3.9e-10   35.5   0.8    10    91     4    89     1    90 0.93 -
d1y14b1b.40.4.5      -             91 d1d7qa_b.40.4.5.aln  -             92   5.8e-10   34.9   0.0   1   1   2.9e-11   6.4e-10   34.8   0.0     2    90     2    89     1    91 0.95 -
d2ja9a1b.40.4.5      -             90 d1d7qa_b.40.4.5.aln  -             92   2.3e-09   33.0   0.0   1   1   1.2e-10   2.7e-09   32.8   0.0     3    91     1    83     1    84 0.95 -
d1wi5a_b.40.4.5      -            119 d1d7qa_b.40.4.5.aln  -             92   7.4e-09   31.4   0.0   1   1   3.7e-10   8.2e-09   31.3   0.0     2    77    14    96    13   111 0.76 -
d1x6oa2b.40.4.5      -             79 d1d7qa_b.40.4.5.aln  -             92   1.5e-08   30.4   0.0   1   1   7.4e-10   1.6e-08   30.3   0.0     3    83     2    75     1    79 0.91 -
d1wfqa_b.40.4.5      -             89 d1d7qa_b.40.4.5.aln  -             92   5.4e-08   28.6   0.0   1   1   2.6e-09   5.8e-08   28.6   0.0     7    91     4    87     1    88 0.92 -
d3i4oa_b.40.4.5      -             68 d1d7qa_b.40.4.5.aln  -             92   7.6e-08   28.2   0.2   1   1   3.8e-09   8.2e-08   28.1   0.2    11    80     2    63     1    68 0.88 -
d1smxa_b.40.4.5      -             87 d1d7qa_b.40.4.5.aln  -             92     1e-07   27.8   0.0   1   1   4.8e-09     1e-07   27.7   0.0     4    85     3    81     1    87 0.93 -
d2vnud2b.40.4.5      -             88 d1d7qa_b.40.4.5.aln  -             92   9.4e-07   24.7   0.5   1   1   4.6e-08     1e-06   24.6   0.5     3    88     2    86     1    88 0.95 -
d1rl2a2b.40.4.5      -             66 d1d7qa_b.40.4.5.aln  -             92   1.2e-06   24.4   0.1   1   1   5.6e-08   1.2e-06   24.3   0.1    26    87     4    64     1    65 0.88 -
d2asba1b.40.4.5      -             76 d1d7qa_b.40.4.5.aln  -             92   2.4e-06   23.4   0.3   1   1   1.1e-07   2.5e-06   23.3   0.3     8    84     3    74     1    76 0.94 -
d1jjga_b.40.4.5      -            102 d1d7qa_b.40.4.5.aln  -             92   3.5e-06   22.9   0.4   1   1   1.8e-07   3.9e-06   22.7   0.4     4    91     5    96     2    97 0.94 -
d2ix0a1b.40.4.5      -             90 d1d7qa_b.40.4.5.aln  -             92   3.9e-06   22.8   0.0   1   1   1.9e-07   4.2e-06   22.6   0.0     5    86     6    88     2    90 0.93 -
d1e3pa2b.40.4.5      -             62 d1d7qa_b.40.4.5.aln  -             92   5.3e-06   22.3   0.1   1   1   2.6e-07   5.6e-06   22.2   0.1    17    76     3    60     1    62 0.92 -
d2ix0a3b.40.4.5      -             87 d1d7qa_b.40.4.5.aln  -             92   9.6e-06   21.5   0.3   1   1   5.1e-07   1.1e-05   21.3   0.3    13    91     7    85     3    86 0.93 -
d1a62a2b.40.4.5      -             78 d1d7qa_b.40.4.5.aln  -             92   1.2e-05   21.2   0.0   1   1   5.8e-07   1.3e-05   21.1   0.0    11    88     1    72     1    76 0.95 -
d1khia2b.40.4.5      -             71 d1d7qa_b.40.4.5.aln  -             92   1.3e-05   21.1   0.1   1   1   6.6e-07   1.4e-05   20.9   0.1    15    84     3    67     1    70 0.91 -
d1ne3a_b.40.4.5      -             68 d1d7qa_b.40.4.5.aln  -             92   1.7e-05   20.7   0.1   1   1   8.1e-07   1.8e-05   20.6   0.1     6    71     4    65     1    67 0.86 -
d1hh2p1b.40.4.5      -             72 d1d7qa_b.40.4.5.aln  -             92   3.9e-05   19.5   0.4   1   1     2e-06   4.4e-05   19.4   0.4    17    83     8    69     3    72 0.88 -
d2vnud1b.40.4.5      -             95 d1d7qa_b.40.4.5.aln  -             92   4.6e-05   19.3   0.0   1   1   2.3e-06     5e-05   19.2   0.0     2    92     1    95     1    95 0.97 -
d1t9ha1b.40.4.5      -             67 d1d7qa_b.40.4.5.aln  -             92   9.9e-05   18.3   0.2   1   1   4.5e-06   9.9e-05   18.3   0.2    22    83    11    65     1    67 0.85 -
d1u0la1b.40.4.5      -             66 d1d7qa_b.40.4.5.aln  -             92   0.00032   16.6   0.2   1   1   1.5e-05   0.00034   16.6   0.2    13    77     3    58     1    66 0.88 -
d2ix0a2b.40.4.5      -             79 d1d7qa_b.40.4.5.aln  -             92   0.00033   16.6   0.0   1   1   1.7e-05   0.00038   16.4   0.0    16    85    21    76     5    78 0.71 -
d1bkba2b.40.4.5      -             65 d1d7qa_b.40.4.5.aln  -             92   0.00069   15.6   0.3   1   1   3.3e-05   0.00073   15.5   0.3    12    83     2    62     1    65 0.85 -
d1ueba2b.40.4.5      -             63 d1d7qa_b.40.4.5.aln  -             92   0.00086   15.3   0.0   1   1     4e-05   0.00087   15.3   0.0    13    79     3    60     1    63 0.88 -
d2vnud3b.40.4.5      -            148 d1d7qa_b.40.4.5.aln  -             92    0.0054   12.7   0.0   1   1   0.00033    0.0073   12.3   0.0     5    91    43   136    39   137 0.89 -
#
# Program:         hmmsearch
# Version:         3.3.2 (Nov 2020)
# Pipeline mode:   SEARCH
# Query file:      /home/elise/Documents/M1-BIM/S2/TMEs/SBAS/tme08/models/d1d7qa_b.40.4.5.aln.hmm
# Target file:     /home/elise/Documents/M1-BIM/S2/TMEs/SBAS/tme08/scop/scop/scopTestSeq.fasta
# Option settings: hmmsearch --domtblout /home/elise/Documents/M1-BIM/S2/TMEs/SBAS/tme08/searchResults/d1d7qa_b.40.4.5.aln.out -E 1 /home/elise/Documents/M1-BIM/S2/TMEs/SBAS/tme08/models/d1d7qa_b.40.4.5.aln.hmm /home/elise/Documents/M1-BIM/S2/TMEs/SBAS/tme08/scop/scop/scopTestSeq.fasta 
# Current dir:     /home/elise/Documents/M1-BIM/S2/TMEs/SBAS/tme08
# Date:            Tue Apr  1 17:30:26 2025
# [ok]
