#                                                                            --- full sequence --- -------------- this domain -------------   hmm coord   ali coord   env coord
# target name        accession   tlen query name           accession   qlen   E-value  score  bias   #  of  c-Evalue  i-Evalue  score  bias  from    to  from    to  from    to  acc description of target
#------------------- ---------- ----- -------------------- ---------- ----- --------- ------ ----- --- --- --------- --------- ------ ----- ----- ----- ----- ----- ----- ----- ---- ---------------------
d1zina1c.37.1.1      -            183 d1deka_c.37.1.1.aln  -            200   8.1e-50  165.3   0.1   1   1   2.6e-51   8.9e-50  165.1   0.1     4   196     1   180     1   183 0.98 -
d1qf9a_c.37.1.1      -            194 d1deka_c.37.1.1.aln  -            200   1.3e-42  141.7   0.0   1   1   4.1e-44   1.4e-42  141.6   0.0     2   197     5   192     4   194 0.97 -
d1p5zb_c.37.1.1      -            241 d1deka_c.37.1.1.aln  -            200   3.5e-37  124.0   0.0   1   1   1.1e-38   3.9e-37  123.8   0.0     4   199     3   225     1   226 0.94 -
d1t0hb_c.37.1.1      -            219 d1deka_c.37.1.1.aln  -            200   2.1e-36  121.4   0.0   1   1   6.9e-38   2.4e-36  121.3   0.0     2   197    19   208    18   211 0.98 -
d1khta_c.37.1.1      -            190 d1deka_c.37.1.1.aln  -            200   4.3e-34  113.9   0.1   1   1   1.4e-35   4.7e-34  113.8   0.1     3   195     1   187     1   190 0.97 -
d1vhta_c.37.1.1      -            208 d1deka_c.37.1.1.aln  -            200   2.5e-31  104.9   0.1   1   1   7.9e-33   2.7e-31  104.8   0.1     4   198     4   202     1   204 0.96 -
d1kjwa2c.37.1.1      -            199 d1deka_c.37.1.1.aln  -            200   2.6e-27   91.8   0.0   1   1   8.7e-29     3e-27   91.6   0.0    12   198    15   195     7   197 0.96 -
d1lw7a2c.37.1.1      -            192 d1deka_c.37.1.1.aln  -            200   7.7e-27   90.2   0.0   1   1   2.6e-28   8.8e-27   90.1   0.0     3   195     7   187     5   192 0.96 -
d1e2ka_c.37.1.1      -            329 d1deka_c.37.1.1.aln  -            200   4.3e-26   87.8   0.0   1   2   0.00055     0.019   10.6   0.0     5    25     6    26     4    29 0.91 -
d1e2ka_c.37.1.1      -            329 d1deka_c.37.1.1.aln  -            200   4.3e-26   87.8   0.0   2   2   9.5e-24   3.3e-22   75.1   0.0     4   199    32   273    29   274 0.95 -
d1kgda_c.37.1.1      -            178 d1deka_c.37.1.1.aln  -            200   7.1e-26   87.1   0.1   1   1   2.3e-27   7.8e-26   87.0   0.1     1   192     1   176     1   178 0.98 -
d1gsia_c.37.1.1      -            208 d1deka_c.37.1.1.aln  -            200   3.5e-25   84.8   0.0   1   1   1.2e-26   4.1e-25   84.6   0.0     4   192     1   200     1   206 0.98 -
d2grja_c.37.1.1      -            179 d1deka_c.37.1.1.aln  -            200   2.6e-23   78.7   0.9   1   1   8.8e-25     3e-23   78.5   0.9     1   197     1   178     1   179 0.95 -
d1y63a_c.37.1.1      -            174 d1deka_c.37.1.1.aln  -            200   4.1e-23   78.1   0.6   1   1   1.3e-24   4.6e-23   77.9   0.6     2   192     4   172     3   174 0.96 -
d3kb2a_c.37.1.1      -            171 d1deka_c.37.1.1.aln  -            200   2.7e-21   72.2   0.0   1   1   8.8e-23     3e-21   72.0   0.0     5   198     2   170     1   171 0.99 -
d1yj5a2c.37.1.1      -            172 d1deka_c.37.1.1.aln  -            200   1.9e-20   69.4   0.0   1   1     9e-22   3.1e-20   68.7   0.0    11   194     4   169     1   171 0.95 -
d1ly1a_c.37.1.1      -            152 d1deka_c.37.1.1.aln  -            200   1.1e-16   57.1   0.0   1   1   3.8e-18   1.3e-16   56.9   0.0     2   197     1   150     1   151 0.97 -
d2qora_c.37.1.0      -            196 d1deka_c.37.1.1.aln  -            200   1.6e-11   40.2   0.2   1   1     5e-12   1.7e-10   36.9   0.2     4   186     5   186     2   193 0.80 -
d3akea_c.37.1.0      -            208 d1deka_c.37.1.1.aln  -            200   2.5e-08   29.8   0.2   1   2   2.6e-09     9e-08   28.0   0.0     5    41     4    40     1    48 0.95 -
d3akea_c.37.1.0      -            208 d1deka_c.37.1.1.aln  -            200   2.5e-08   29.8   0.2   2   2       1.8        61   -0.8   0.0   130   148   151   170   128   206 0.60 -
d1um8a_c.37.1.20     -            364 d1deka_c.37.1.1.aln  -            200   6.8e-05   18.6   0.1   1   2   3.1e-05     0.001   14.7   0.0     5    31    70    96    67   108 0.90 -
d1um8a_c.37.1.20     -            364 d1deka_c.37.1.1.aln  -            200   6.8e-05   18.6   0.1   2   2      0.41        14    1.3   0.0    28    59   190   232   188   250 0.75 -
d1in4a2c.37.1.20     -            238 d1deka_c.37.1.1.aln  -            200    0.0003   16.5   0.2   1   2   3.9e-05    0.0013   14.4   0.1     6    35    38    67    37    71 0.91 -
d1in4a2c.37.1.20     -            238 d1deka_c.37.1.1.aln  -            200    0.0003   16.5   0.2   2   2       2.6        89   -1.4   0.0   158   191    79   107    70   113 0.69 -
d2jaqa_c.37.1.0      -            201 d1deka_c.37.1.1.aln  -            200    0.0013   14.4   0.4   1   2   8.5e-05    0.0029   13.3   0.2     4    29     1    26     1    31 0.93 -
d2jaqa_c.37.1.0      -            201 d1deka_c.37.1.1.aln  -            200    0.0013   14.4   0.4   2   2       7.1   2.4e+02   -2.8   0.0   107   136   119   147   113   169 0.60 -
d1d2na_c.37.1.20     -            246 d1deka_c.37.1.1.aln  -            200    0.0019   13.9   0.0   1   1   9.9e-05    0.0034   13.1   0.0     6    32    43    69    42   112 0.91 -
d1sxja2c.37.1.20     -            253 d1deka_c.37.1.1.aln  -            200    0.0045   12.6   0.0   1   1   0.00024    0.0082   11.8   0.0     7    29    56    78    53    82 0.91 -
#
# Program:         hmmsearch
# Version:         3.3.2 (Nov 2020)
# Pipeline mode:   SEARCH
# Query file:      /home/elise/Documents/M1-BIM/S2/TMEs/SBAS/tme08/models/d1deka_c.37.1.1.aln.hmm
# Target file:     /home/elise/Documents/M1-BIM/S2/TMEs/SBAS/tme08/scop/scop/scopTestSeq.fasta
# Option settings: hmmsearch --domtblout /home/elise/Documents/M1-BIM/S2/TMEs/SBAS/tme08/searchResults/d1deka_c.37.1.1.aln.out -E 1 /home/elise/Documents/M1-BIM/S2/TMEs/SBAS/tme08/models/d1deka_c.37.1.1.aln.hmm /home/elise/Documents/M1-BIM/S2/TMEs/SBAS/tme08/scop/scop/scopTestSeq.fasta 
# Current dir:     /home/elise/Documents/M1-BIM/S2/TMEs/SBAS/tme08
# Date:            Tue Apr  1 17:30:26 2025
# [ok]
