#                                                                            --- full sequence --- -------------- this domain -------------   hmm coord   ali coord   env coord
# target name        accession   tlen query name           accession   qlen   E-value  score  bias   #  of  c-Evalue  i-Evalue  score  bias  from    to  from    to  from    to  acc description of target
#------------------- ---------- ----- -------------------- ---------- ----- --------- ------ ----- --- --- --------- --------- ------ ----- ----- ----- ----- ----- ----- ----- ---- ---------------------
d1tc1a_c.61.1.1      -            184 d1dqna_c.61.1.1.aln  -            204   1.2e-56  186.8   0.8   1   1   2.4e-58   1.4e-56  186.7   0.8     6   199     1   183     1   184 0.99 -
d1fsga_c.61.1.1      -            233 d1dqna_c.61.1.1.aln  -            204   2.6e-52  172.7   0.0   1   1   5.3e-54     3e-52  172.5   0.0     2   203    38   229    37   230 0.98 -
d1qb7a_c.61.1.1      -            236 d1dqna_c.61.1.1.aln  -            204   6.3e-46  151.9   0.0   1   1   1.3e-47     7e-46  151.7   0.0     3   203    11   205     9   206 0.98 -
d1a3ca_c.61.1.1      -            178 d1dqna_c.61.1.1.aln  -            204   3.8e-40  133.0   3.1   1   1   7.3e-42   4.1e-40  132.9   3.1     2   182     2   177     1   178 0.98 -
d1xtta1c.61.1.1      -            215 d1dqna_c.61.1.1.aln  -            204   1.4e-39  131.2   3.6   1   1   2.7e-41   1.5e-39  131.0   3.6     2   203    10   215     9   215 0.99 -
d1ecfa1c.61.1.1      -            243 d1dqna_c.61.1.1.aln  -            204   3.5e-39  129.8   0.2   1   1   7.9e-41   4.5e-39  129.5   0.2     1   203     9   213     9   214 0.99 -
d1p4aa2c.61.1.1      -            202 d1dqna_c.61.1.1.aln  -            204   1.7e-34  114.6   0.1   1   1   3.2e-36   1.8e-34  114.4   0.1    11   202     2   194     1   196 0.97 -
d2aeea1c.61.1.1      -            208 d1dqna_c.61.1.1.aln  -            204   2.3e-34  114.1   0.1   1   1   4.5e-36   2.5e-34  114.0   0.1     3   201     4   201     2   204 0.96 -
d1y0ba1c.61.1.1      -            191 d1dqna_c.61.1.1.aln  -            204   6.5e-34  112.6   0.1   1   1   1.3e-35   7.1e-34  112.5   0.1    13   203     2   190     1   191 0.98 -
d1wd5a_c.61.1.1      -            208 d1dqna_c.61.1.1.aln  -            204   5.6e-32  106.3   5.5   1   1   1.1e-33   6.2e-32  106.2   5.5     3   202     7   207     5   208 0.98 -
d1vdma1c.61.1.1      -            153 d1dqna_c.61.1.1.aln  -            204   1.1e-29   98.8   1.7   1   1   5.7e-31   3.2e-29   97.3   1.7     9   180     1   148     1   153 0.92 -
d1vcha1c.61.1.1      -            174 d1dqna_c.61.1.1.aln  -            204   2.8e-24   81.2   1.3   1   1   5.3e-26     3e-24   81.1   1.3    11   181     2   170     1   174 0.96 -
d1nula_c.61.1.1      -            150 d1dqna_c.61.1.1.aln  -            204   2.3e-23   78.2   0.0   1   1     7e-25   3.9e-23   77.4   0.0    10   181     1   145     1   149 0.97 -
d1dqna_c.61.1.1      -            230 d1dqna_c.61.1.1.aln  -            204   0.00044   15.2   0.0   1   1   1.1e-05   0.00062   14.7   0.0    20   130    42   133    35   154 0.85 -
#
# Program:         hmmsearch
# Version:         3.3.2 (Nov 2020)
# Pipeline mode:   SEARCH
# Query file:      /home/elise/Documents/M1-BIM/S2/TMEs/SBAS/tme08/models/d1dqna_c.61.1.1.aln.hmm
# Target file:     /home/elise/Documents/M1-BIM/S2/TMEs/SBAS/tme08/scop/scop/scopTestSeq.fasta
# Option settings: hmmsearch --domtblout /home/elise/Documents/M1-BIM/S2/TMEs/SBAS/tme08/searchResults/d1dqna_c.61.1.1.aln.out -E 1 /home/elise/Documents/M1-BIM/S2/TMEs/SBAS/tme08/models/d1dqna_c.61.1.1.aln.hmm /home/elise/Documents/M1-BIM/S2/TMEs/SBAS/tme08/scop/scop/scopTestSeq.fasta 
# Current dir:     /home/elise/Documents/M1-BIM/S2/TMEs/SBAS/tme08
# Date:            Tue Apr  1 17:30:27 2025
# [ok]
