#                                                                            --- full sequence --- -------------- this domain -------------   hmm coord   ali coord   env coord
# target name        accession   tlen query name           accession   qlen   E-value  score  bias   #  of  c-Evalue  i-Evalue  score  bias  from    to  from    to  from    to  acc description of target
#------------------- ---------- ----- -------------------- ---------- ----- --------- ------ ----- --- --- --------- --------- ------ ----- ----- ----- ----- ----- ----- ----- ---- ---------------------
d1zina1c.37.1.1      -            183 d1e2ka_c.37.1.1.aln  -            204   1.1e-51  170.9   0.1   1   1   3.6e-53   1.2e-51  170.8   0.1     4   199     1   180     1   183 0.98 -
d1qf9a_c.37.1.1      -            194 d1e2ka_c.37.1.1.aln  -            204   3.1e-44  146.5   0.0   1   1   1.1e-45   3.4e-44  146.4   0.0     2   199     5   191     4   194 0.95 -
d1p5zb_c.37.1.1      -            241 d1e2ka_c.37.1.1.aln  -            204   7.2e-40  132.2   0.0   1   1   2.8e-41   8.9e-40  131.9   0.0     3   199     2   226     1   230 0.98 -
d1t0hb_c.37.1.1      -            219 d1e2ka_c.37.1.1.aln  -            204   1.2e-36  121.7   0.0   1   1   4.3e-38   1.4e-36  121.5   0.0     2   202    19   205    18   207 0.99 -
d1khta_c.37.1.1      -            190 d1e2ka_c.37.1.1.aln  -            204   1.8e-36  121.1   0.1   1   1   6.5e-38     2e-36  121.0   0.1     4   198     2   190     1   190 0.98 -
d1kgda_c.37.1.1      -            178 d1e2ka_c.37.1.1.aln  -            204   1.1e-28   95.7   0.1   1   1   3.9e-30   1.2e-28   95.6   0.1     1   193     1   173     1   178 0.93 -
d1lw7a2c.37.1.1      -            192 d1e2ka_c.37.1.1.aln  -            204   3.1e-28   94.2   0.0   1   1   1.1e-29   3.5e-28   94.1   0.0     3   202     7   191     5   192 0.96 -
d1vhta_c.37.1.1      -            208 d1e2ka_c.37.1.1.aln  -            204   1.5e-27   92.0   0.1   1   1   5.3e-29   1.7e-27   91.9   0.1     4   199     4   207     1   208 0.96 -
d1deka_c.37.1.1      -            241 d1e2ka_c.37.1.1.aln  -            204   1.3e-25   85.7   0.0   1   1   4.6e-27   1.5e-25   85.5   0.0     3   201     1   226     1   229 0.97 -
d1kjwa2c.37.1.1      -            199 d1e2ka_c.37.1.1.aln  -            204     2e-25   85.1   0.1   1   1   6.7e-27   2.1e-25   85.0   0.1     9   201    12   196     4   199 0.93 -
d1gsia_c.37.1.1      -            208 d1e2ka_c.37.1.1.aln  -            204   4.1e-25   84.1   0.0   1   1   1.4e-26   4.5e-25   83.9   0.0     4   202     1   204     1   206 0.98 -
d2grja_c.37.1.1      -            179 d1e2ka_c.37.1.1.aln  -            204     6e-25   83.5   1.0   1   1   2.2e-26   6.9e-25   83.3   1.0     1   195     1   173     1   178 0.92 -
d3kb2a_c.37.1.1      -            171 d1e2ka_c.37.1.1.aln  -            204     1e-24   82.8   0.0   1   1   3.6e-26   1.1e-24   82.6   0.0     5   190     2   170     1   171 0.98 -
d1y63a_c.37.1.1      -            174 d1e2ka_c.37.1.1.aln  -            204   2.2e-24   81.7   1.0   1   1   7.6e-26   2.4e-24   81.5   1.0     1   193     3   173     3   174 0.93 -
d1yj5a2c.37.1.1      -            172 d1e2ka_c.37.1.1.aln  -            204   1.4e-20   69.3   0.0   1   1   4.9e-22   1.6e-20   69.1   0.0    11   199     4   171     1   172 0.96 -
d1ly1a_c.37.1.1      -            152 d1e2ka_c.37.1.1.aln  -            204   6.6e-19   63.8   0.0   1   1   2.3e-20   7.2e-19   63.7   0.0     2   168     1   149     1   152 0.92 -
d2qora_c.37.1.0      -            196 d1e2ka_c.37.1.1.aln  -            204   2.7e-11   38.9   0.1   1   1   4.5e-12   1.4e-10   36.6   0.1     3   193     4   185     2   186 0.91 -
d3akea_c.37.1.0      -            208 d1e2ka_c.37.1.1.aln  -            204   1.6e-10   36.4   0.3   1   2   9.2e-10   2.9e-08   29.0   0.0     5    46     4    45     1   101 0.91 -
d3akea_c.37.1.0      -            208 d1e2ka_c.37.1.1.aln  -            204   1.6e-10   36.4   0.3   2   2     0.011      0.34    5.9   0.1   121   161   131   171   122   192 0.84 -
d1e2ka_c.37.1.1      -            329 d1e2ka_c.37.1.1.aln  -            204   1.5e-06   23.4   0.0   1   1   1.2e-07   3.9e-06   22.1   0.0     4   172     5   197     2   217 0.81 -
d2jaqa_c.37.1.0      -            201 d1e2ka_c.37.1.1.aln  -            204   1.6e-05   20.1   0.6   1   1   2.5e-06     8e-05   17.8   0.6     4    81     1    68     1   172 0.78 -
d1g41a_c.37.1.20     -            443 d1e2ka_c.37.1.1.aln  -            204   3.7e-05   18.9   0.2   1   2   3.9e-06   0.00012   17.2   0.0     3    59    49   100    47   133 0.73 -
d1g41a_c.37.1.20     -            443 d1e2ka_c.37.1.1.aln  -            204   3.7e-05   18.9   0.2   2   2       8.9   2.8e+02   -3.6   0.0   141   169   337   365   325   377 0.73 -
d1sxja2c.37.1.20     -            253 d1e2ka_c.37.1.1.aln  -            204   0.00018   16.6   0.0   1   1   8.5e-06   0.00027   16.1   0.0     7    29    56    78    53   129 0.86 -
d1in4a2c.37.1.20     -            238 d1e2ka_c.37.1.1.aln  -            204    0.0005   15.2   0.1   1   1   3.1e-05   0.00097   14.3   0.1     6    34    38    66    37    76 0.89 -
d1d2na_c.37.1.20     -            246 d1e2ka_c.37.1.1.aln  -            204    0.0012   14.0   0.0   1   2   0.00011    0.0036   12.4   0.0     6    32    43    69    41    84 0.92 -
d1d2na_c.37.1.20     -            246 d1e2ka_c.37.1.1.aln  -            204    0.0012   14.0   0.0   2   2       3.6   1.1e+02   -2.3   0.0   104   133   153   182   123   202 0.57 -
d1um8a_c.37.1.20     -            364 d1e2ka_c.37.1.1.aln  -            204    0.0013   13.8   0.1   1   2   0.00012    0.0038   12.3   0.0     5    31    70    96    67   123 0.88 -
d1um8a_c.37.1.20     -            364 d1e2ka_c.37.1.1.aln  -            204    0.0013   13.8   0.1   2   2       4.8   1.5e+02   -2.7   0.0    55    86   289   320   281   341 0.71 -
#
# Program:         hmmsearch
# Version:         3.3.2 (Nov 2020)
# Pipeline mode:   SEARCH
# Query file:      /home/elise/Documents/M1-BIM/S2/TMEs/SBAS/tme08/models/d1e2ka_c.37.1.1.aln.hmm
# Target file:     /home/elise/Documents/M1-BIM/S2/TMEs/SBAS/tme08/scop/scop/scopTestSeq.fasta
# Option settings: hmmsearch --domtblout /home/elise/Documents/M1-BIM/S2/TMEs/SBAS/tme08/searchResults/d1e2ka_c.37.1.1.aln.out -E 1 /home/elise/Documents/M1-BIM/S2/TMEs/SBAS/tme08/models/d1e2ka_c.37.1.1.aln.hmm /home/elise/Documents/M1-BIM/S2/TMEs/SBAS/tme08/scop/scop/scopTestSeq.fasta 
# Current dir:     /home/elise/Documents/M1-BIM/S2/TMEs/SBAS/tme08
# Date:            Tue Apr  1 17:30:27 2025
# [ok]
