#                                                                            --- full sequence --- -------------- this domain -------------   hmm coord   ali coord   env coord
# target name        accession   tlen query name           accession   qlen   E-value  score  bias   #  of  c-Evalue  i-Evalue  score  bias  from    to  from    to  from    to  acc description of target
#------------------- ---------- ----- -------------------- ---------- ----- --------- ------ ----- --- --- --------- --------- ------ ----- ----- ----- ----- ----- ----- ----- ---- ---------------------
d1i8oa_a.3.1.1       -            114 d1e29a_a.3.1.1.aln   -            110   8.9e-28   93.1   0.7   1   1     1e-29     1e-27   92.9   0.7     8   105     1   113     1   114 0.96 -
d1h32b_a.3.1.1       -            138 d1e29a_a.3.1.1.aln   -            110   2.6e-17   59.4   0.0   1   1   3.1e-19   3.1e-17   59.1   0.0     3   106    20   137    18   138 0.92 -
d1gu2a_a.3.1.1       -            124 d1e29a_a.3.1.1.aln   -            110   1.7e-13   47.1   0.1   1   1   2.2e-15   2.2e-13   46.7   0.1     3   109    21   123    19   124 0.93 -
d1c52a_a.3.1.1       -            131 d1e29a_a.3.1.1.aln   -            110   1.5e-12   44.0   0.7   1   1   6.4e-14   6.3e-12   42.0   0.7    11   106     2   120     1   124 0.77 -
d1dw0a_a.3.1.1       -            112 d1e29a_a.3.1.1.aln   -            110   1.1e-10   38.0   0.0   1   1   1.3e-12   1.3e-10   37.8   0.0     3   105    15   112    13   112 0.96 -
d1c75a_a.3.1.1       -             71 d1e29a_a.3.1.1.aln   -            110   9.4e-10   35.0   0.5   1   1   8.2e-11   8.1e-09   32.0   0.5    12   105     2    70     1    71 0.84 -
d1wvec_a.3.1.1       -             75 d1e29a_a.3.1.1.aln   -            110   1.9e-09   34.0   0.1   1   1   1.5e-10   1.5e-08   31.2   0.1     9   107     2    74     1    75 0.86 -
d1e29a_a.3.1.1       -            135 d1e29a_a.3.1.1.aln   -            110   1.8e-08   30.9   0.0   1   1   2.2e-10   2.2e-08   30.6   0.0     4   106    20   123    17   127 0.75 -
#
# Program:         hmmsearch
# Version:         3.3.2 (Nov 2020)
# Pipeline mode:   SEARCH
# Query file:      /home/elise/Documents/M1-BIM/S2/TMEs/SBAS/tme08/models/d1e29a_a.3.1.1.aln.hmm
# Target file:     /home/elise/Documents/M1-BIM/S2/TMEs/SBAS/tme08/scop/scop/scopTestSeq.fasta
# Option settings: hmmsearch --domtblout /home/elise/Documents/M1-BIM/S2/TMEs/SBAS/tme08/searchResults/d1e29a_a.3.1.1.aln.out -E 1 /home/elise/Documents/M1-BIM/S2/TMEs/SBAS/tme08/models/d1e29a_a.3.1.1.aln.hmm /home/elise/Documents/M1-BIM/S2/TMEs/SBAS/tme08/scop/scop/scopTestSeq.fasta 
# Current dir:     /home/elise/Documents/M1-BIM/S2/TMEs/SBAS/tme08
# Date:            Tue Apr  1 17:30:27 2025
# [ok]
