#                                                                            --- full sequence --- -------------- this domain -------------   hmm coord   ali coord   env coord
# target name        accession   tlen query name           accession   qlen   E-value  score  bias   #  of  c-Evalue  i-Evalue  score  bias  from    to  from    to  from    to  acc description of target
#------------------- ---------- ----- -------------------- ---------- ----- --------- ------ ----- --- --- --------- --------- ------ ----- ----- ----- ----- ----- ----- ----- ---- ---------------------
d1exra_a.39.1.5      -            146 d1exra_a.39.1.5.aln  -            171   9.1e-63  206.5  10.7   1   1   1.6e-64   9.9e-63  206.4  10.7     9   155     1   144     1   146 0.98 -
d1omra_a.39.1.5      -            201 d1exra_a.39.1.5.aln  -            171   2.2e-49  162.9   2.8   1   1   4.2e-51   2.5e-49  162.7   2.8     2   170     9   190     8   191 0.98 -
d1qv0a_a.39.1.5      -            189 d1exra_a.39.1.5.aln  -            171   3.6e-45  149.2   0.1   1   1   6.6e-47     4e-45  149.1   0.1     5   170     2   186     1   187 0.97 -
d1jbaa_a.39.1.5      -            189 d1exra_a.39.1.5.aln  -            171   3.1e-42  139.7   2.0   1   1   5.6e-44   3.4e-42  139.5   2.0     2   170     5   188     4   189 0.96 -
d2zfda1a.39.1.5      -            183 d1exra_a.39.1.5.aln  -            171   1.3e-35  118.1   4.0   1   1   2.4e-37   1.5e-35  117.9   4.0     6   169     6   175     1   177 0.96 -
d2scpa_a.39.1.5      -            174 d1exra_a.39.1.5.aln  -            171   1.7e-30  101.5   6.4   1   1   3.1e-32   1.9e-30  101.3   6.4    13   170     2   169     1   170 0.98 -
d2sasa_a.39.1.5      -            185 d1exra_a.39.1.5.aln  -            171   2.5e-29   97.6   0.8   1   2   0.00011     0.007   11.6   1.3    13    45     4    37     2    42 0.81 -
d2sasa_a.39.1.5      -            185 d1exra_a.39.1.5.aln  -            171   2.5e-29   97.6   0.8   2   2   5.5e-31   3.4e-29   97.2   0.5     2   166    12   184    11   185 0.98 -
d1xo5a_a.39.1.5      -            180 d1exra_a.39.1.5.aln  -            171   1.8e-28   94.9   0.0   1   1   3.3e-30     2e-28   94.7   0.0     3   168     3   179     1   180 0.97 -
d1jfka_a.39.1.5      -            134 d1exra_a.39.1.5.aln  -            171     2e-25   85.0  12.0   1   2   4.5e-23   2.7e-21   71.5   4.0    56   151     2    97     1    99 0.97 -
d1jfka_a.39.1.5      -            134 d1exra_a.39.1.5.aln  -            171     2e-25   85.0  12.0   2   2   1.1e-08   6.5e-07   24.7   1.1    94   153    78   131    76   133 0.69 -
d1nyaa_a.39.1.5      -            176 d1exra_a.39.1.5.aln  -            171   3.6e-23   77.6   1.3   1   1   7.3e-25   4.4e-23   77.3   1.3     4   168     2   175     1   176 0.96 -
d1s6ja_a.39.1.5      -             87 d1exra_a.39.1.5.aln  -            171   5.1e-23   77.1   3.8   1   1     9e-25   5.5e-23   77.0   3.8     2    81     8    86     7    87 0.96 -
d1j7qa_a.39.1.5      -             86 d1exra_a.39.1.5.aln  -            171     1e-13   46.9   0.1   1   1   1.7e-15     1e-13   46.8   0.1     7    83     4    67     1    86 0.80 -
d1ctaa_a.39.1.5      -             34 d1exra_a.39.1.5.aln  -            171   3.4e-10   35.4   0.1   1   1   5.7e-12   3.5e-10   35.3   0.1    15    47     2    34     1    34 0.80 -
#
# Program:         hmmsearch
# Version:         3.3.2 (Nov 2020)
# Pipeline mode:   SEARCH
# Query file:      /home/elise/Documents/M1-BIM/S2/TMEs/SBAS/tme08/models/d1exra_a.39.1.5.aln.hmm
# Target file:     /home/elise/Documents/M1-BIM/S2/TMEs/SBAS/tme08/scop/scop/scopTestSeq.fasta
# Option settings: hmmsearch --domtblout /home/elise/Documents/M1-BIM/S2/TMEs/SBAS/tme08/searchResults/d1exra_a.39.1.5.aln.out -E 1 /home/elise/Documents/M1-BIM/S2/TMEs/SBAS/tme08/models/d1exra_a.39.1.5.aln.hmm /home/elise/Documents/M1-BIM/S2/TMEs/SBAS/tme08/scop/scop/scopTestSeq.fasta 
# Current dir:     /home/elise/Documents/M1-BIM/S2/TMEs/SBAS/tme08
# Date:            Tue Apr  1 17:30:28 2025
# [ok]
