#                                                                            --- full sequence --- -------------- this domain -------------   hmm coord   ali coord   env coord
# target name        accession   tlen query name           accession   qlen   E-value  score  bias   #  of  c-Evalue  i-Evalue  score  bias  from    to  from    to  from    to  acc description of target
#------------------- ---------- ----- -------------------- ---------- ----- --------- ------ ----- --- --- --------- --------- ------ ----- ----- ----- ----- ----- ----- ----- ---- ---------------------
d1vpda2c.2.1.6       -            161 d1f0ya2c.2.1.6.aln   -            174   4.2e-44  145.7   3.0   1   1   1.2e-45   4.6e-44  145.6   3.0     1   169     1   161     1   161 0.99 -
d2f1ka2c.2.1.6       -            165 d1f0ya2c.2.1.6.aln   -            174   2.7e-39  130.1   0.0   1   1   7.9e-41     3e-39  129.9   0.0     1   171     1   165     1   165 0.99 -
d1ks9a2c.2.1.6       -            167 d1f0ya2c.2.1.6.aln   -            174   1.2e-35  118.2   0.0   1   1   3.4e-37   1.3e-35  118.1   0.0     1   168     1   166     1   167 0.98 -
d1txga2c.2.1.6       -            180 d1f0ya2c.2.1.6.aln   -            174   6.8e-35  115.7   0.0   1   1     2e-36   7.5e-35  115.6   0.0     1   174     1   177     1   177 0.99 -
d1evya2c.2.1.6       -            189 d1f0ya2c.2.1.6.aln   -            174   1.1e-34  115.0   0.0   1   1   3.3e-36   1.3e-34  114.9   0.0     2   169     9   188     8   189 0.98 -
d1bg6a2c.2.1.6       -            184 d1f0ya2c.2.1.6.aln   -            174   1.4e-34  114.7   0.5   1   1   4.2e-36   1.6e-34  114.5   0.5     1   173     2   183     2   184 0.98 -
d1mv8a2c.2.1.6       -            202 d1f0ya2c.2.1.6.aln   -            174   2.1e-33  110.8   0.0   1   1   6.4e-35   2.4e-33  110.7   0.0     1   171     1   193     1   196 0.98 -
d1jaya_c.2.1.6       -            212 d1f0ya2c.2.1.6.aln   -            174   3.5e-32  106.9   0.4   1   1   1.1e-33   4.2e-32  106.7   0.4     4   172     5   192     1   194 0.95 -
d1dlja2c.2.1.6       -            196 d1f0ya2c.2.1.6.aln   -            174   2.3e-31  104.3   0.0   1   1   6.6e-33   2.5e-31  104.1   0.0     1   171     1   187     1   190 0.98 -
d1lj8a4c.2.1.6       -            286 d1f0ya2c.2.1.6.aln   -            174   7.6e-31  102.6   0.0   1   1   2.4e-32   9.2e-31  102.3   0.0     3   174    49   247    47   247 0.99 -
d1yqga2c.2.1.6       -            152 d1f0ya2c.2.1.6.aln   -            174   2.4e-30  100.9   0.4   1   1     7e-32   2.6e-30  100.8   0.4     1   171     1   151     1   152 0.99 -
d2ahra2c.2.1.6       -            152 d1f0ya2c.2.1.6.aln   -            174   1.4e-27   91.9   0.0   1   1   4.1e-29   1.5e-27   91.8   0.0     1   168     1   151     1   152 0.97 -
d2pv7a2c.2.1.6       -            152 d1f0ya2c.2.1.6.aln   -            174   1.4e-27   91.9   0.0   1   1   4.2e-29   1.6e-27   91.8   0.0     4   168     3   152     1   152 0.98 -
d2i76a2c.2.1.6       -            153 d1f0ya2c.2.1.6.aln   -            174   1.7e-25   85.2   0.0   1   1   4.8e-27   1.8e-25   85.0   0.0     3   170     2   151     1   153 0.97 -
d1i36a2c.2.1.6       -            152 d1f0ya2c.2.1.6.aln   -            174   1.8e-25   85.1   0.3   1   1   5.2e-27     2e-25   84.9   0.3     2   170     2   152     1   152 0.98 -
d1gpja2c.2.1.7       -            159 d1f0ya2c.2.1.6.aln   -            174   4.2e-07   25.2   0.5   1   1   1.6e-08     6e-07   24.7   0.4     1    87    25   109    25   119 0.83 -
d1f0ya2c.2.1.6       -            192 d1f0ya2c.2.1.6.aln   -            174   1.3e-05   20.4   2.2   1   1   8.2e-07   3.1e-05   19.2   2.3     3    67     7    67     5   184 0.89 -
d2r6ja_c.2.1.0       -            310 d1f0ya2c.2.1.6.aln   -            174   1.4e-05   20.3   0.0   1   1   6.2e-07   2.3e-05   19.6   0.0     5   119     9   139     5   142 0.85 -
d2ivda1c.3.1.2       -            348 d1f0ya2c.2.1.6.aln   -            174   0.00016   16.8   3.6   1   3   0.00012    0.0044   12.1   1.1     1    59     1    69     1    73 0.75 -
d2ivda1c.3.1.2       -            348 d1f0ya2c.2.1.6.aln   -            174   0.00016   16.8   3.6   2   3     0.045       1.7    3.7   0.0     7    46    36    74    33    84 0.82 -
d2ivda1c.3.1.2       -            348 d1f0ya2c.2.1.6.aln   -            174   0.00016   16.8   3.6   3   3      0.26       9.8    1.3   0.0   120   144   226   250   199   299 0.82 -
d2gf3a1c.3.1.2       -            282 d1f0ya2c.2.1.6.aln   -            174    0.0032   12.6   0.0   1   2   0.00034     0.013   10.7   0.0     3    28     6    34     5    51 0.82 -
d2gf3a1c.3.1.2       -            282 d1f0ya2c.2.1.6.aln   -            174    0.0032   12.6   0.0   2   2       2.6        99   -2.0   0.0   148   165   150   167   139   174 0.83 -
d3ehea_c.2.1.0       -            303 d1f0ya2c.2.1.6.aln   -            174    0.0065   11.6   0.2   1   1   0.00029     0.011   10.9   0.2     3    64     3    63     1    66 0.82 -
#
# Program:         hmmsearch
# Version:         3.3.2 (Nov 2020)
# Pipeline mode:   SEARCH
# Query file:      /home/elise/Documents/M1-BIM/S2/TMEs/SBAS/tme08/models/d1f0ya2c.2.1.6.aln.hmm
# Target file:     /home/elise/Documents/M1-BIM/S2/TMEs/SBAS/tme08/scop/scop/scopTestSeq.fasta
# Option settings: hmmsearch --domtblout /home/elise/Documents/M1-BIM/S2/TMEs/SBAS/tme08/searchResults/d1f0ya2c.2.1.6.aln.out -E 1 /home/elise/Documents/M1-BIM/S2/TMEs/SBAS/tme08/models/d1f0ya2c.2.1.6.aln.hmm /home/elise/Documents/M1-BIM/S2/TMEs/SBAS/tme08/scop/scop/scopTestSeq.fasta 
# Current dir:     /home/elise/Documents/M1-BIM/S2/TMEs/SBAS/tme08
# Date:            Tue Apr  1 17:30:28 2025
# [ok]
