#                                                                            --- full sequence --- -------------- this domain -------------   hmm coord   ali coord   env coord
# target name        accession   tlen query name           accession   qlen   E-value  score  bias   #  of  c-Evalue  i-Evalue  score  bias  from    to  from    to  from    to  acc description of target
#------------------- ---------- ----- -------------------- ---------- ----- --------- ------ ----- --- --- --------- --------- ------ ----- ----- ----- ----- ----- ----- ----- ---- ---------------------
d1v59a1c.3.1.5       -            234 d1fl2a2c.3.1.5.aln   -            177   6.3e-45  148.8   2.7   1   1   2.7e-46   7.8e-45  148.4   2.7     4   175     3   233     2   234 0.97 -
d1mo9a1c.3.1.5       -            262 d1fl2a2c.3.1.5.aln   -            177   2.4e-38  127.3   0.0   1   1     1e-39     3e-38  127.0   0.0     2   176    38   262    37   262 0.98 -
d1xdia1c.3.1.5       -            234 d1fl2a2c.3.1.5.aln   -            177   3.4e-33  110.5   0.3   1   1   1.5e-34   4.4e-33  110.2   0.3     8   173     3   230     1   233 0.96 -
d1m6ia1c.3.1.5       -            214 d1fl2a2c.3.1.5.aln   -            177   7.6e-33  109.4   0.0   1   1     3e-34   8.9e-33  109.2   0.0     4   176     2   214     1   214 0.99 -
d1fl2a1c.3.1.5       -            185 d1fl2a2c.3.1.5.aln   -            177   7.9e-31  102.8   1.8   1   1     3e-32   8.9e-31  102.7   1.8     7   175     2   180     1   182 0.96 -
d1nhpa1c.3.1.5       -            199 d1fl2a2c.3.1.5.aln   -            177   9.5e-30   99.3   0.0   1   1   3.6e-31   1.1e-29   99.2   0.0     8   175     2   198     1   199 0.99 -
d1w4xa1c.3.1.5       -            299 d1fl2a2c.3.1.5.aln   -            177   4.1e-23   77.7   0.0   1   1   1.8e-24   5.3e-23   77.3   0.0     2   176     3   292     2   293 0.99 -
d1aoga2c.3.1.5       -            117 d1fl2a2c.3.1.5.aln   -            177   6.2e-23   77.1   0.0   1   1   2.3e-24   6.8e-23   77.0   0.0    11   160     1   117     1   117 0.94 -
d1w4xa2c.3.1.5       -            235 d1fl2a2c.3.1.5.aln   -            177   5.2e-20   67.6   0.0   1   1     2e-21   5.8e-20   67.4   0.0     3   176     5   225     3   226 0.98 -
d1v59a2c.3.1.5       -            122 d1fl2a2c.3.1.5.aln   -            177   5.6e-20   67.5   0.2   1   1     2e-21   5.7e-20   67.5   0.2    12   116     5   116     1   122 0.87 -
d1m6ia2c.3.1.5       -            137 d1fl2a2c.3.1.5.aln   -            177   2.1e-17   59.1   0.1   1   1     8e-19   2.3e-17   59.0   0.1     4   161    11   136     8   137 0.94 -
d1onfa2c.3.1.5       -            117 d1fl2a2c.3.1.5.aln   -            177   3.8e-17   58.3   0.0   1   1   1.4e-18   4.1e-17   58.2   0.0    10   159     3   116     1   117 0.95 -
d1mo9a2c.3.1.5       -            121 d1fl2a2c.3.1.5.aln   -            177     6e-17   57.6   0.1   1   1   2.3e-18   6.6e-17   57.5   0.1    15   159     6   119     2   121 0.92 -
d1h6va2c.3.1.5       -            122 d1fl2a2c.3.1.5.aln   -            177   1.1e-15   53.5   0.0   1   1   4.4e-17   1.3e-15   53.3   0.0    14   161     4   122     2   122 0.89 -
d1nhpa2c.3.1.5       -            123 d1fl2a2c.3.1.5.aln   -            177   3.6e-15   51.8   1.1   1   1   1.4e-16   3.9e-15   51.7   1.1     8   157     8   122     2   123 0.86 -
d2gv8a1c.3.1.5       -            336 d1fl2a2c.3.1.5.aln   -            177   3.8e-15   51.8   0.0   1   1   1.5e-16   4.5e-15   51.5   0.0     4   176     2   307     1   308 0.99 -
d1xhca2c.3.1.5       -            122 d1fl2a2c.3.1.5.aln   -            177   4.8e-14   48.2   0.0   1   1   2.1e-15     6e-14   47.8   0.0     3    98     5    94     3   121 0.89 -
d1vdca2c.3.1.5       -            130 d1fl2a2c.3.1.5.aln   -            177   1.3e-13   46.7   0.0   1   1   5.1e-15   1.5e-13   46.6   0.0     8   155    13   125     7   130 0.87 -
d1fcda2c.3.1.5       -            141 d1fl2a2c.3.1.5.aln   -            177   1.6e-12   43.2   0.0   1   1   6.1e-14   1.8e-12   43.1   0.0     3   154     5   126     3   137 0.94 -
d2gf3a1c.3.1.2       -            282 d1fl2a2c.3.1.5.aln   -            177   1.2e-05   20.8   0.3   1   1   1.1e-06   3.2e-05   19.4   0.3     5   105     2   124     1   191 0.79 -
d2gmha1c.3.1.2       -            381 d1fl2a2c.3.1.5.aln   -            177   5.8e-05   18.6   0.0   1   2   6.8e-05     0.002   13.6   0.1     5    31    31    57    29    59 0.89 -
d2gmha1c.3.1.2       -            381 d1fl2a2c.3.1.5.aln   -            177   5.8e-05   18.6   0.0   2   2      0.17       5.1    2.5   0.0   151   175   263   287   244   289 0.83 -
d1kdga1c.3.1.2       -            361 d1fl2a2c.3.1.5.aln   -            177   7.3e-05   18.3   0.4   1   1   5.7e-06   0.00017   17.1   0.4     6    39     2    42     1    46 0.84 -
d2iida1c.3.1.2       -            371 d1fl2a2c.3.1.5.aln   -            177   0.00031   16.2   1.5   1   2   1.4e-05   0.00041   15.8   0.4    26    73    26    69    24   180 0.88 -
d2iida1c.3.1.2       -            371 d1fl2a2c.3.1.5.aln   -            177   0.00031   16.2   1.5   2   2       5.3   1.6e+02   -2.4   0.0    94   108   253   267   215   288 0.55 -
d1ryia1c.3.1.2       -            277 d1fl2a2c.3.1.5.aln   -            177    0.0033   12.9   1.1   1   2   0.00015    0.0043   12.5   0.3     5    39     3    39     2    52 0.90 -
d1ryia1c.3.1.2       -            277 d1fl2a2c.3.1.5.aln   -            177    0.0033   12.9   1.1   2   2       7.6   2.2e+02   -2.9   0.0    94   161   158   203   156   204 0.58 -
d1pj5a2c.3.1.2       -            306 d1fl2a2c.3.1.5.aln   -            177    0.0037   12.7   0.6   1   1     0.001      0.03    9.8   0.6    77   151   149   191     3   265 0.84 -
d1vl6a1c.2.1.7       -            222 d1fl2a2c.3.1.5.aln   -            177    0.0048   12.3   0.0   1   1    0.0003    0.0088   11.5   0.0     6    38    26    58    24    74 0.82 -
d2gv8a2c.3.1.5       -            107 d1fl2a2c.3.1.5.aln   -            177    0.0059   12.1   0.0   1   1    0.0002    0.0059   12.1   0.0    18   109     8    95     1   107 0.89 -
#
# Program:         hmmsearch
# Version:         3.3.2 (Nov 2020)
# Pipeline mode:   SEARCH
# Query file:      /home/elise/Documents/M1-BIM/S2/TMEs/SBAS/tme08/models/d1fl2a2c.3.1.5.aln.hmm
# Target file:     /home/elise/Documents/M1-BIM/S2/TMEs/SBAS/tme08/scop/scop/scopTestSeq.fasta
# Option settings: hmmsearch --domtblout /home/elise/Documents/M1-BIM/S2/TMEs/SBAS/tme08/searchResults/d1fl2a2c.3.1.5.aln.out -E 1 /home/elise/Documents/M1-BIM/S2/TMEs/SBAS/tme08/models/d1fl2a2c.3.1.5.aln.hmm /home/elise/Documents/M1-BIM/S2/TMEs/SBAS/tme08/scop/scop/scopTestSeq.fasta 
# Current dir:     /home/elise/Documents/M1-BIM/S2/TMEs/SBAS/tme08
# Date:            Tue Apr  1 17:30:29 2025
# [ok]
