#                                                                            --- full sequence --- -------------- this domain -------------   hmm coord   ali coord   env coord
# target name        accession   tlen query name           accession   qlen   E-value  score  bias   #  of  c-Evalue  i-Evalue  score  bias  from    to  from    to  from    to  acc description of target
#------------------- ---------- ----- -------------------- ---------- ----- --------- ------ ----- --- --- --------- --------- ------ ----- ----- ----- ----- ----- ----- ----- ---- ---------------------
d1y0ya3c.56.5.4      -            256 d1fnoa4c.56.5.4.aln  -            274   6.9e-79  260.3   1.4   1   1   1.1e-80   7.6e-79  260.2   1.4     7   271     3   255     1   256 0.98 -
d1r3na1c.56.5.4      -            323 d1fnoa4c.56.5.4.aln  -            274   2.6e-69  228.9   0.0   1   1   4.3e-71   3.1e-69  228.7   0.0     2   273     9   318     8   319 0.99 -
d1z2la1c.56.5.4      -            294 d1fnoa4c.56.5.4.aln  -            274     6e-69  227.7   0.0   1   1   9.4e-71   6.7e-69  227.6   0.0     1   273     6   294     6   294 0.99 -
d1rtqa_c.56.5.4      -            291 d1fnoa4c.56.5.4.aln  -            274   1.5e-66  219.9   0.2   1   1   2.4e-68   1.7e-66  219.7   0.2     2   273    17   286    16   287 0.99 -
d1vgya1c.56.5.4      -            263 d1fnoa4c.56.5.4.aln  -            274   3.4e-65  215.5   0.0   1   1   5.2e-67   3.7e-65  215.3   0.0     4   269     2   262     1   263 0.99 -
d1y7ea2c.56.5.4      -            323 d1fnoa4c.56.5.4.aln  -            274   1.5e-64  213.3   0.0   1   1   2.4e-66   1.7e-64  213.1   0.0     2   273    13   315    12   316 0.99 -
d1lfwa1c.56.5.4      -            273 d1fnoa4c.56.5.4.aln  -            274     6e-62  204.8   0.1   1   1   9.4e-64   6.7e-62  204.6   0.1     2   272    11   272    10   273 0.99 -
d1cg2a1c.56.5.4      -            277 d1fnoa4c.56.5.4.aln  -            274   2.1e-61  203.0   0.3   1   1   3.3e-63   2.3e-61  202.9   0.3     3   270    14   275    12   277 0.99 -
d1tkja_c.56.5.4      -            277 d1fnoa4c.56.5.4.aln  -            274     2e-60  199.8   0.0   1   1   3.1e-62   2.2e-60  199.7   0.0     4   271     8   275     5   277 0.98 -
d1fnoa4c.56.5.4      -            296 d1fnoa4c.56.5.4.aln  -            274   8.8e-57  187.9   0.0   1   1   1.5e-58   1.1e-56  187.6   0.0     5   271     2   294     1   295 0.99 -
d2grea2c.56.5.4      -            234 d1fnoa4c.56.5.4.aln  -            274   2.2e-56  186.6   1.5   1   1   3.6e-58   2.5e-56  186.3   1.5     3   270     2   233     1   234 0.99 -
#
# Program:         hmmsearch
# Version:         3.3.2 (Nov 2020)
# Pipeline mode:   SEARCH
# Query file:      /home/elise/Documents/M1-BIM/S2/TMEs/SBAS/tme08/models/d1fnoa4c.56.5.4.aln.hmm
# Target file:     /home/elise/Documents/M1-BIM/S2/TMEs/SBAS/tme08/scop/scop/scopTestSeq.fasta
# Option settings: hmmsearch --domtblout /home/elise/Documents/M1-BIM/S2/TMEs/SBAS/tme08/searchResults/d1fnoa4c.56.5.4.aln.out -E 1 /home/elise/Documents/M1-BIM/S2/TMEs/SBAS/tme08/models/d1fnoa4c.56.5.4.aln.hmm /home/elise/Documents/M1-BIM/S2/TMEs/SBAS/tme08/scop/scop/scopTestSeq.fasta 
# Current dir:     /home/elise/Documents/M1-BIM/S2/TMEs/SBAS/tme08
# Date:            Tue Apr  1 17:30:29 2025
# [ok]
