#                                                                            --- full sequence --- -------------- this domain -------------   hmm coord   ali coord   env coord
# target name        accession   tlen query name           accession   qlen   E-value  score  bias   #  of  c-Evalue  i-Evalue  score  bias  from    to  from    to  from    to  acc description of target
#------------------- ---------- ----- -------------------- ---------- ----- --------- ------ ----- --- --- --------- --------- ------ ----- ----- ----- ----- ----- ----- ----- ---- ---------------------
d1g41a_c.37.1.20     -            443 d1fnna2c.37.1.20.aln -            296   1.6e-75  249.4   1.3   1   1   2.8e-76   9.3e-75  246.9   1.3     4   296     1   443     1   443 1.00 -
d1lv7a_c.37.1.20     -            256 d1fnna2c.37.1.20.aln -            296   1.6e-70  233.0   0.1   1   1   5.4e-72   1.8e-70  232.9   0.1     7   260     3   255     1   256 0.99 -
d1iqpa2c.37.1.20     -            231 d1fnna2c.37.1.20.aln -            296   5.2e-65  214.9   0.6   1   1   1.7e-66   5.7e-65  214.8   0.6     9   244     4   228     1   231 0.97 -
d1svma_c.37.1.20     -            362 d1fnna2c.37.1.20.aln -            296   2.1e-55  183.4   0.0   1   1   7.4e-57   2.4e-55  183.2   0.0     5   296     1   347     1   347 0.99 -
d1sxja2c.37.1.20     -            253 d1fnna2c.37.1.20.aln -            296   1.2e-54  180.9   0.0   1   1     4e-56   1.3e-54  180.8   0.0     2   252     1   252     1   253 0.99 -
d1r6bx3c.37.1.20     -            315 d1fnna2c.37.1.20.aln -            296   2.3e-53  176.7   0.1   1   1   7.9e-55   2.6e-53  176.5   0.1     1   282     3   315     3   315 1.00 -
d1njfa_c.37.1.20     -            239 d1fnna2c.37.1.20.aln -            296   2.6e-52  173.2   0.0   1   1     9e-54     3e-52  173.0   0.0    20   246     3   236     1   238 0.98 -
d1um8a_c.37.1.20     -            364 d1fnna2c.37.1.20.aln -            296   1.2e-48  161.2   2.3   1   1   4.2e-50   1.4e-48  161.0   2.3     3   288     3   364     1   364 0.99 -
d1d2na_c.37.1.20     -            246 d1fnna2c.37.1.20.aln -            296   5.2e-47  155.8   0.1   1   1   1.8e-48   5.8e-47  155.7   0.1    11   257     2   245     1   246 0.99 -
d1u0ja_c.37.1.20     -            267 d1fnna2c.37.1.20.aln -            296   1.7e-46  154.1   0.0   1   1   6.2e-48     2e-46  153.9   0.0     9   273     1   265     1   266 0.99 -
d2a5yb3c.37.1.20     -            277 d1fnna2c.37.1.20.aln -            296   4.5e-45  149.5   0.0   1   1   1.5e-46     5e-45  149.3   0.0    10   275     2   276     1   277 0.98 -
d2fnaa2c.37.1.20     -            283 d1fnna2c.37.1.20.aln -            296   4.9e-41  136.2   2.5   1   1   1.6e-42   5.4e-41  136.1   2.5     8   277     1   282     1   283 0.99 -
d1g8pa_c.37.1.20     -            333 d1fnna2c.37.1.20.aln -            296   7.4e-41  135.6   0.2   1   1   2.9e-42   9.6e-41  135.3   0.2     1   282     8   333     8   333 0.95 -
d1in4a2c.37.1.20     -            238 d1fnna2c.37.1.20.aln -            296   5.2e-40  132.8   1.6   1   1   1.8e-41   5.8e-40  132.7   1.6    18   257     3   237     1   238 0.95 -
d1w5sa2c.37.1.20     -            287 d1fnna2c.37.1.20.aln -            296   5.8e-40  132.7   0.1   1   1     2e-41   6.4e-40  132.5   0.1     8   276     3   286     1   287 0.99 -
d1ny5a2c.37.1.20     -            247 d1fnna2c.37.1.20.aln -            296     3e-36  120.5   1.1   1   1   1.1e-37   3.7e-36  120.2   1.1    24   264     5   246     2   247 0.98 -
d2p65a_c.37.1.20     -            185 d1fnna2c.37.1.20.aln -            296     8e-35  115.8   0.4   1   1   2.7e-36   8.7e-35  115.7   0.4    10   176     1   180     1   185 0.98 -
d1tuea_c.37.1.20     -            205 d1fnna2c.37.1.20.aln -            296   1.5e-30  101.8   0.0   1   1     5e-32   1.6e-30  101.7   0.0     8   238     1   204     1   205 0.98 -
d2gnoa2c.37.1.20     -            198 d1fnna2c.37.1.20.aln -            296   8.1e-30   99.4   0.5   1   1   2.7e-31   8.9e-30   99.2   0.5    23   243     1   197     1   198 0.99 -
d1l8qa2c.37.1.20     -            213 d1fnna2c.37.1.20.aln -            296   3.5e-27   90.7   1.3   1   1   1.2e-28     4e-27   90.5   1.3    17   251     1   212     1   213 0.98 -
d1a5ta2c.37.1.20     -            207 d1fnna2c.37.1.20.aln -            296   1.6e-25   85.3   0.0   1   1   5.7e-27   1.9e-25   85.1   0.0    17   255     1   205     1   206 0.98 -
d1jqlb_c.37.1.20     -            140 d1fnna2c.37.1.20.aln -            296   3.6e-24   80.8   0.0   1   1   1.2e-25     4e-24   80.7   0.0    20   187     1   140     1   140 0.99 -
d1qzma_c.37.1.20     -             94 d1fnna2c.37.1.20.aln -            296   1.2e-06   23.3   0.1   1   1     4e-08   1.3e-06   23.2   0.1    22   147     2    93     1    94 0.93 -
d1y63a_c.37.1.1      -            174 d1fnna2c.37.1.20.aln -            296   2.6e-05   19.0   0.1   1   2   7.8e-07   2.6e-05   19.0   0.1    52    83     7    38     7    43 0.87 -
d1y63a_c.37.1.1      -            174 d1fnna2c.37.1.20.aln -            296   2.6e-05   19.0   0.1   2   2       2.5        83   -2.4   0.2   225   247   130   152   108   171 0.49 -
#
# Program:         hmmsearch
# Version:         3.3.2 (Nov 2020)
# Pipeline mode:   SEARCH
# Query file:      /home/elise/Documents/M1-BIM/S2/TMEs/SBAS/tme08/models/d1fnna2c.37.1.20.aln.hmm
# Target file:     /home/elise/Documents/M1-BIM/S2/TMEs/SBAS/tme08/scop/scop/scopTestSeq.fasta
# Option settings: hmmsearch --domtblout /home/elise/Documents/M1-BIM/S2/TMEs/SBAS/tme08/searchResults/d1fnna2c.37.1.20.aln.out -E 1 /home/elise/Documents/M1-BIM/S2/TMEs/SBAS/tme08/models/d1fnna2c.37.1.20.aln.hmm /home/elise/Documents/M1-BIM/S2/TMEs/SBAS/tme08/scop/scop/scopTestSeq.fasta 
# Current dir:     /home/elise/Documents/M1-BIM/S2/TMEs/SBAS/tme08
# Date:            Tue Apr  1 17:30:29 2025
# [ok]
