#                                                                            --- full sequence --- -------------- this domain -------------   hmm coord   ali coord   env coord
# target name        accession   tlen query name           accession   qlen   E-value  score  bias   #  of  c-Evalue  i-Evalue  score  bias  from    to  from    to  from    to  acc description of target
#------------------- ---------- ----- -------------------- ---------- ----- --------- ------ ----- --- --- --------- --------- ------ ----- ----- ----- ----- ----- ----- ----- ---- ---------------------
d1tc1a_c.61.1.1      -            184 d1fsga_c.61.1.1.aln  -            204   1.7e-54  179.8   0.7   1   1   3.3e-56   1.8e-54  179.7   0.7     6   199     1   183     1   184 0.98 -
d1qb7a_c.61.1.1      -            236 d1fsga_c.61.1.1.aln  -            204   6.3e-46  151.8   0.0   1   1   1.3e-47   7.1e-46  151.6   0.0     3   202    11   204     9   206 0.98 -
d1xtta1c.61.1.1      -            215 d1fsga_c.61.1.1.aln  -            204   3.4e-40  133.1   3.4   1   1   6.7e-42   3.8e-40  132.9   3.4     2   203    10   215     9   215 0.99 -
d1dqna_c.61.1.1      -            230 d1fsga_c.61.1.1.aln  -            204   7.2e-40  132.0   0.0   1   1   1.5e-41   8.3e-40  131.8   0.0     1   203     2   207     2   208 0.99 -
d1a3ca_c.61.1.1      -            178 d1fsga_c.61.1.1.aln  -            204   2.9e-39  130.0   2.8   1   1   5.7e-41   3.2e-39  129.9   2.8     1   182     1   177     1   178 0.98 -
d1ecfa1c.61.1.1      -            243 d1fsga_c.61.1.1.aln  -            204   7.1e-39  128.8   0.1   1   1   1.5e-40   8.2e-39  128.6   0.1     1   203     9   213     9   214 0.99 -
d1y0ba1c.61.1.1      -            191 d1fsga_c.61.1.1.aln  -            204   6.5e-33  109.3   0.1   1   1   1.3e-34   7.2e-33  109.2   0.1    14   203     3   191     1   191 0.98 -
d1p4aa2c.61.1.1      -            202 d1fsga_c.61.1.1.aln  -            204   9.6e-33  108.8   0.1   1   1   1.9e-34   1.1e-32  108.6   0.1    11   202     2   195     1   197 0.98 -
d2aeea1c.61.1.1      -            208 d1fsga_c.61.1.1.aln  -            204   1.8e-32  107.9   0.1   1   1   3.5e-34     2e-32  107.7   0.1     2   201     3   202     2   205 0.96 -
d1wd5a_c.61.1.1      -            208 d1fsga_c.61.1.1.aln  -            204   3.8e-31  103.5   5.3   1   1   7.4e-33   4.2e-31  103.4   5.3     3   202     7   207     5   208 0.98 -
d1vdma1c.61.1.1      -            153 d1fsga_c.61.1.1.aln  -            204   2.5e-29   97.6   1.4   1   1   4.8e-31   2.7e-29   97.5   1.4     9   183     1   152     1   153 0.96 -
d1fsga_c.61.1.1      -            233 d1fsga_c.61.1.1.aln  -            204   1.6e-25   85.2   0.0   1   1   3.4e-27   1.9e-25   84.9   0.0     3   202    39   228    37   230 0.94 -
d1vcha1c.61.1.1      -            174 d1fsga_c.61.1.1.aln  -            204   4.2e-25   83.8   1.2   1   1   7.9e-27   4.5e-25   83.7   1.2    11   179     2   169     1   174 0.96 -
d1nula_c.61.1.1      -            150 d1fsga_c.61.1.1.aln  -            204   8.8e-22   73.0   0.0   1   1   1.9e-23   1.1e-21   72.7   0.0    10   179     1   144     1   149 0.95 -
#
# Program:         hmmsearch
# Version:         3.3.2 (Nov 2020)
# Pipeline mode:   SEARCH
# Query file:      /home/elise/Documents/M1-BIM/S2/TMEs/SBAS/tme08/models/d1fsga_c.61.1.1.aln.hmm
# Target file:     /home/elise/Documents/M1-BIM/S2/TMEs/SBAS/tme08/scop/scop/scopTestSeq.fasta
# Option settings: hmmsearch --domtblout /home/elise/Documents/M1-BIM/S2/TMEs/SBAS/tme08/searchResults/d1fsga_c.61.1.1.aln.out -E 1 /home/elise/Documents/M1-BIM/S2/TMEs/SBAS/tme08/models/d1fsga_c.61.1.1.aln.hmm /home/elise/Documents/M1-BIM/S2/TMEs/SBAS/tme08/scop/scop/scopTestSeq.fasta 
# Current dir:     /home/elise/Documents/M1-BIM/S2/TMEs/SBAS/tme08
# Date:            Tue Apr  1 17:30:29 2025
# [ok]
