#                                                                            --- full sequence --- -------------- this domain -------------   hmm coord   ali coord   env coord
# target name        accession   tlen query name           accession   qlen   E-value  score  bias   #  of  c-Evalue  i-Evalue  score  bias  from    to  from    to  from    to  acc description of target
#------------------- ---------- ----- -------------------- ---------- ----- --------- ------ ----- --- --- --------- --------- ------ ----- ----- ----- ----- ----- ----- ----- ---- ---------------------
d3bzka4b.40.4.5      -             94 d1go3e1b.40.4.5.aln  -             94   2.6e-15   52.0   0.6   1   1   1.2e-16     3e-15   51.9   0.6     7    79    17    85    12    94 0.91 -
d2uubl1b.40.4.5      -            118 d1go3e1b.40.4.5.aln  -             94   9.9e-14   47.0   2.1   1   2       8.7   2.1e+02   -1.6   0.0    74    83     9    18     3    24 0.52 -
d2uubl1b.40.4.5      -            118 d1go3e1b.40.4.5.aln  -             94   9.9e-14   47.0   2.1   2   2   4.2e-15   9.9e-14   47.0   2.1     3    93    27   117    25   118 0.97 -
d2je6i1b.40.4.5      -             87 d1go3e1b.40.4.5.aln  -             94   1.3e-12   43.5   0.7   1   1   5.9e-14   1.4e-12   43.4   0.7     3    88     2    86     1    87 0.97 -
d2uubq1b.40.4.5      -            100 d1go3e1b.40.4.5.aln  -             94   1.8e-12   43.1   3.3   1   1   8.3e-14     2e-12   42.9   3.3     4    93     2    90     1    91 0.96 -
d1c9oa_b.40.4.5      -             66 d1go3e1b.40.4.5.aln  -             94   4.6e-12   41.7   0.1   1   1   2.1e-13     5e-12   41.6   0.1     9    83     2    65     1    66 0.93 -
d3i4oa_b.40.4.5      -             68 d1go3e1b.40.4.5.aln  -             94   2.2e-11   39.6   0.1   1   1   9.7e-13   2.3e-11   39.5   0.1     9    80     3    66     1    68 0.95 -
d1luza_b.40.4.5      -             85 d1go3e1b.40.4.5.aln  -             94   1.2e-10   37.3   0.4   1   1   5.3e-12   1.3e-10   37.2   0.4    18    88    15    85     1    85 0.91 -
d2ja9a1b.40.4.5      -             90 d1go3e1b.40.4.5.aln  -             94   2.6e-10   36.2   0.0   1   1   1.2e-11   2.8e-10   36.1   0.0     2    92     1    87     1    89 0.96 -
d1e3pa2b.40.4.5      -             62 d1go3e1b.40.4.5.aln  -             94   1.9e-09   33.4   0.1   1   1   8.2e-11     2e-09   33.4   0.1    15    73     2    60     1    62 0.95 -
d1rl2a2b.40.4.5      -             66 d1go3e1b.40.4.5.aln  -             94   2.9e-09   32.9   0.1   1   1   1.3e-10   3.2e-09   32.7   0.1    26    88     4    65     1    65 0.91 -
d1d7qa_b.40.4.5      -            143 d1go3e1b.40.4.5.aln  -             94   1.1e-08   31.0   0.0   1   1   8.9e-10   2.1e-08   30.1   0.0     5    93    27   115    23   116 0.96 -
d2vnud2b.40.4.5      -             88 d1go3e1b.40.4.5.aln  -             94   2.6e-08   29.8   0.5   1   1   1.1e-09   2.7e-08   29.8   0.5     5    85     6    86     2    88 0.95 -
d1hh2p1b.40.4.5      -             72 d1go3e1b.40.4.5.aln  -             94   2.9e-08   29.7   0.5   1   1   1.4e-09   3.2e-08   29.5   0.5    17    83     6    72     2    72 0.94 -
d1wfqa_b.40.4.5      -             89 d1go3e1b.40.4.5.aln  -             94   3.3e-08   29.5   0.0   1   1   1.5e-09   3.6e-08   29.4   0.0     8    89     7    88     2    89 0.91 -
d1kl9a2b.40.4.5      -             86 d1go3e1b.40.4.5.aln  -             94   6.1e-08   28.7   0.2   1   1   2.9e-09   6.9e-08   28.5   0.2     9    94     3    82     1    82 0.95 -
d1y14b1b.40.4.5      -             91 d1go3e1b.40.4.5.aln  -             94   6.2e-08   28.6   0.0   1   1   2.9e-09   6.9e-08   28.5   0.0     6    94     1    87     1    87 0.95 -
d2ix0a1b.40.4.5      -             90 d1go3e1b.40.4.5.aln  -             94   1.5e-07   27.5   0.0   1   1   6.5e-09   1.6e-07   27.4   0.0     4    87     6    89     3    90 0.94 -
d1jt8a_b.40.4.5      -            102 d1go3e1b.40.4.5.aln  -             94   1.6e-07   27.4   0.5   1   1   7.1e-09   1.7e-07   27.2   0.5     2    88    13    99    12   102 0.95 -
d1wi5a_b.40.4.5      -            119 d1go3e1b.40.4.5.aln  -             94     9e-07   25.0   0.0   1   1   4.3e-08     1e-06   24.8   0.0     7    88    20   101    15   107 0.89 -
d1jjga_b.40.4.5      -            102 d1go3e1b.40.4.5.aln  -             94     1e-06   24.8   0.4   1   1   4.7e-08   1.1e-06   24.6   0.4     3    94     7    98     5    98 0.97 -
d2nn6i1b.40.4.5      -            125 d1go3e1b.40.4.5.aln  -             94   1.5e-06   24.3   0.1   1   1   7.3e-08   1.7e-06   24.0   0.1     5    92    10    97     6    99 0.92 -
d1x6oa2b.40.4.5      -             79 d1go3e1b.40.4.5.aln  -             94   1.5e-06   24.2   0.0   1   1   6.7e-08   1.6e-06   24.1   0.0     2    80     2    75     1    79 0.94 -
d1smxa_b.40.4.5      -             87 d1go3e1b.40.4.5.aln  -             94   2.2e-06   23.7   0.0   1   1     1e-07   2.5e-06   23.5   0.0     6    85     5    84     1    87 0.83 -
d2nn6h1b.40.4.5      -             95 d1go3e1b.40.4.5.aln  -             94   7.8e-06   22.0   0.0   1   1   4.2e-07     1e-05   21.6   0.0     1    92     1    92     1    94 0.85 -
d2vnud3b.40.4.5      -            148 d1go3e1b.40.4.5.aln  -             94   8.5e-06   21.8   0.0   1   1   4.8e-07   1.1e-05   21.4   0.0     2    91    30   119    29   122 0.95 -
d2ix0a3b.40.4.5      -             87 d1go3e1b.40.4.5.aln  -             94   1.1e-05   21.5   0.2   1   1   4.7e-07   1.1e-05   21.5   0.2     7    88     3    84     1    87 0.95 -
d2ix0a2b.40.4.5      -             79 d1go3e1b.40.4.5.aln  -             94   1.2e-05   21.3   0.0   1   1   5.6e-07   1.3e-05   21.2   0.0    16    83    10    77     6    79 0.91 -
d2vnud1b.40.4.5      -             95 d1go3e1b.40.4.5.aln  -             94   2.2e-05   20.5   0.0   1   1   9.6e-07   2.3e-05   20.5   0.0     2    93     2    93     1    94 0.91 -
d1t9ha1b.40.4.5      -             67 d1go3e1b.40.4.5.aln  -             94   2.7e-05   20.3   0.2   1   1   1.2e-06   2.8e-05   20.2   0.2    12    77     3    62     1    67 0.91 -
d1a62a2b.40.4.5      -             78 d1go3e1b.40.4.5.aln  -             94   5.5e-05   19.3   0.0   1   1   2.7e-06   6.4e-05   19.1   0.0     9    89     4    76     2    78 0.96 -
d1u0la1b.40.4.5      -             66 d1go3e1b.40.4.5.aln  -             94   0.00012   18.3   0.3   1   1     5e-06   0.00012   18.2   0.3    10    80     2    64     1    66 0.92 -
d2asba1b.40.4.5      -             76 d1go3e1b.40.4.5.aln  -             94   0.00036   16.7   0.2   1   1   1.8e-05   0.00042   16.5   0.2    13    82     6    75     2    76 0.84 -
d1khia2b.40.4.5      -             71 d1go3e1b.40.4.5.aln  -             94    0.0013   14.9   0.1   1   1   5.9e-05    0.0014   14.8   0.1     8    84     3    70     1    71 0.93 -
#
# Program:         hmmsearch
# Version:         3.3.2 (Nov 2020)
# Pipeline mode:   SEARCH
# Query file:      /home/elise/Documents/M1-BIM/S2/TMEs/SBAS/tme08/models/d1go3e1b.40.4.5.aln.hmm
# Target file:     /home/elise/Documents/M1-BIM/S2/TMEs/SBAS/tme08/scop/scop/scopTestSeq.fasta
# Option settings: hmmsearch --domtblout /home/elise/Documents/M1-BIM/S2/TMEs/SBAS/tme08/searchResults/d1go3e1b.40.4.5.aln.out -E 1 /home/elise/Documents/M1-BIM/S2/TMEs/SBAS/tme08/models/d1go3e1b.40.4.5.aln.hmm /home/elise/Documents/M1-BIM/S2/TMEs/SBAS/tme08/scop/scop/scopTestSeq.fasta 
# Current dir:     /home/elise/Documents/M1-BIM/S2/TMEs/SBAS/tme08
# Date:            Tue Apr  1 17:30:30 2025
# [ok]
