#                                                                            --- full sequence --- -------------- this domain -------------   hmm coord   ali coord   env coord
# target name        accession   tlen query name           accession   qlen   E-value  score  bias   #  of  c-Evalue  i-Evalue  score  bias  from    to  from    to  from    to  acc description of target
#------------------- ---------- ----- -------------------- ---------- ----- --------- ------ ----- --- --- --------- --------- ------ ----- ----- ----- ----- ----- ----- ----- ---- ---------------------
d1zina1c.37.1.1      -            183 d1gsia_c.37.1.1.aln  -            200   1.3e-50  167.9   0.1   1   1   4.3e-52   1.4e-50  167.7   0.1     4   198     1   180     1   182 0.98 -
d1qf9a_c.37.1.1      -            194 d1gsia_c.37.1.1.aln  -            200   5.2e-42  139.8   0.0   1   1   1.8e-43   5.8e-42  139.6   0.0     2   199     5   192     4   193 0.98 -
d1p5zb_c.37.1.1      -            241 d1gsia_c.37.1.1.aln  -            200   7.3e-37  123.0   0.0   1   1   2.7e-38   8.9e-37  122.7   0.0     4   196     3   228     1   231 0.99 -
d1t0hb_c.37.1.1      -            219 d1gsia_c.37.1.1.aln  -            200   6.2e-35  116.7   0.0   1   1   2.3e-36   7.4e-35  116.4   0.0     2   195    19   214    18   218 0.97 -
d1khta_c.37.1.1      -            190 d1gsia_c.37.1.1.aln  -            200   7.5e-35  116.4   0.0   1   1   2.5e-36   8.2e-35  116.3   0.0     3   194     1   188     1   190 0.98 -
d1e2ka_c.37.1.1      -            329 d1gsia_c.37.1.1.aln  -            200   1.5e-29   99.1   0.0   1   2   0.00054     0.018   10.7   0.0     5    25     6    26     4    30 0.92 -
d1e2ka_c.37.1.1      -            329 d1gsia_c.37.1.1.aln  -            200   1.5e-29   99.1   0.0   2   2   3.1e-27     1e-25   86.6   0.0     4   200    32   282    29   282 0.99 -
d1vhta_c.37.1.1      -            208 d1gsia_c.37.1.1.aln  -            200   1.4e-28   96.0   0.2   1   1   4.6e-30   1.5e-28   95.8   0.2     4   197     4   207     1   208 0.98 -
d1y63a_c.37.1.1      -            174 d1gsia_c.37.1.1.aln  -            200   4.4e-28   94.3   0.7   1   1   1.6e-29   5.4e-28   94.0   0.7     2   188     4   170     3   173 0.94 -
d1lw7a2c.37.1.1      -            192 d1gsia_c.37.1.1.aln  -            200   8.9e-27   90.0   0.0   1   1   2.9e-28   9.6e-27   89.9   0.0     3   186     7   187     5   192 0.97 -
d1kgda_c.37.1.1      -            178 d1gsia_c.37.1.1.aln  -            200   3.2e-26   88.2   0.1   1   1   1.1e-27   3.5e-26   88.1   0.1     1   180     1   176     1   178 0.98 -
d1kjwa2c.37.1.1      -            199 d1gsia_c.37.1.1.aln  -            200   4.6e-26   87.7   0.0   1   1   1.5e-27   5.1e-26   87.6   0.0     1   193     7   198     7   199 0.98 -
d3kb2a_c.37.1.1      -            171 d1gsia_c.37.1.1.aln  -            200   3.8e-23   78.2   0.0   1   1   1.3e-24   4.2e-23   78.0   0.0     5   177     2   170     1   171 0.98 -
d2grja_c.37.1.1      -            179 d1gsia_c.37.1.1.aln  -            200     6e-23   77.6   1.1   1   1     2e-24   6.6e-23   77.4   1.1     1   181     1   179     1   179 0.98 -
d1deka_c.37.1.1      -            241 d1gsia_c.37.1.1.aln  -            200   2.6e-22   75.5   0.0   1   1   8.9e-24   2.9e-22   75.3   0.0     3   199     1   237     1   238 0.99 -
d1yj5a2c.37.1.1      -            172 d1gsia_c.37.1.1.aln  -            200   3.4e-20   68.6   0.0   1   1   2.5e-21   8.3e-20   67.3   0.0    11   189     4   170     1   171 0.95 -
d1ly1a_c.37.1.1      -            152 d1gsia_c.37.1.1.aln  -            200   1.1e-18   63.6   0.0   1   1   4.1e-20   1.4e-18   63.3   0.0     2   160     1   146     1   151 0.90 -
d3akea_c.37.1.0      -            208 d1gsia_c.37.1.1.aln  -            200   5.2e-08   28.8   0.0   1   1   3.1e-09     1e-07   27.8   0.0     5    41     4    40     1    67 0.93 -
d2qora_c.37.1.0      -            196 d1gsia_c.37.1.1.aln  -            200   1.8e-07   27.0   0.0   1   1   8.1e-09   2.7e-07   26.5   0.0     4   177     5   185     2   188 0.77 -
d1um8a_c.37.1.20     -            364 d1gsia_c.37.1.1.aln  -            200   9.9e-05   18.1   0.8   1   2     1e-05   0.00033   16.4   0.0     5    31    70    96    67   136 0.92 -
d1um8a_c.37.1.20     -            364 d1gsia_c.37.1.1.aln  -            200   9.9e-05   18.1   0.8   2   2       2.3        77   -1.2   0.3   145   184   280   314   278   318 0.57 -
d1in4a2c.37.1.20     -            238 d1gsia_c.37.1.1.aln  -            200   0.00043   16.0   1.2   1   2   6.1e-05     0.002   13.8   0.1     6    35    38    67    37    74 0.91 -
d1in4a2c.37.1.20     -            238 d1gsia_c.37.1.1.aln  -            200   0.00043   16.0   1.2   2   2      0.63        21    0.7   0.2   109   147   157   196   151   227 0.83 -
d1gsia_c.37.1.1      -            208 d1gsia_c.37.1.1.aln  -            200   0.00076   15.2   1.6   1   2   2.4e-05   0.00079   15.1   0.4     4    43     1    40     1    96 0.79 -
d1gsia_c.37.1.1      -            208 d1gsia_c.37.1.1.aln  -            200   0.00076   15.2   1.6   2   2       5.7   1.9e+02   -2.4   0.0   111   136   133   162   125   178 0.61 -
d1d2na_c.37.1.20     -            246 d1gsia_c.37.1.1.aln  -            200    0.0012   14.5   0.0   1   2   0.00012    0.0039   12.9   0.0     6    32    43    69    42    70 0.95 -
d1d2na_c.37.1.20     -            246 d1gsia_c.37.1.1.aln  -            200    0.0012   14.5   0.0   2   2       3.9   1.3e+02   -1.9   0.0    68   103   152   187   149   191 0.83 -
d2jaqa_c.37.1.0      -            201 d1gsia_c.37.1.1.aln  -            200    0.0051   12.5   0.5   1   1   0.00021    0.0068   12.1   0.5     5    29     2    26     1   166 0.91 -
d1g41a_c.37.1.20     -            443 d1gsia_c.37.1.1.aln  -            200    0.0097   11.6   1.9   1   3   0.00084     0.028   10.1   0.1     3    52    49    98    48   101 0.85 -
d1g41a_c.37.1.20     -            443 d1gsia_c.37.1.1.aln  -            200    0.0097   11.6   1.9   2   3       3.2   1.1e+02   -1.6   0.1   157   191   218   250   212   251 0.74 -
d1g41a_c.37.1.20     -            443 d1gsia_c.37.1.1.aln  -            200    0.0097   11.6   1.9   3   3       4.1   1.4e+02   -2.0   0.0   167   197   377   407   363   409 0.69 -
#
# Program:         hmmsearch
# Version:         3.3.2 (Nov 2020)
# Pipeline mode:   SEARCH
# Query file:      /home/elise/Documents/M1-BIM/S2/TMEs/SBAS/tme08/models/d1gsia_c.37.1.1.aln.hmm
# Target file:     /home/elise/Documents/M1-BIM/S2/TMEs/SBAS/tme08/scop/scop/scopTestSeq.fasta
# Option settings: hmmsearch --domtblout /home/elise/Documents/M1-BIM/S2/TMEs/SBAS/tme08/searchResults/d1gsia_c.37.1.1.aln.out -E 1 /home/elise/Documents/M1-BIM/S2/TMEs/SBAS/tme08/models/d1gsia_c.37.1.1.aln.hmm /home/elise/Documents/M1-BIM/S2/TMEs/SBAS/tme08/scop/scop/scopTestSeq.fasta 
# Current dir:     /home/elise/Documents/M1-BIM/S2/TMEs/SBAS/tme08
# Date:            Tue Apr  1 17:30:30 2025
# [ok]
