#                                                                            --- full sequence --- -------------- this domain -------------   hmm coord   ali coord   env coord
# target name        accession   tlen query name           accession   qlen   E-value  score  bias   #  of  c-Evalue  i-Evalue  score  bias  from    to  from    to  from    to  acc description of target
#------------------- ---------- ----- -------------------- ---------- ----- --------- ------ ----- --- --- --------- --------- ------ ----- ----- ----- ----- ----- ----- ----- ---- ---------------------
d1ofda2c.1.4.1       -            809 d1gtea2c.1.4.1.aln   -            668    6e-265  876.3   0.0   1   1  7.7e-267  6.8e-265  876.1   0.0     1   668     1   809     1   809 1.00 -
d1vyra_c.1.4.1       -            363 d1gtea2c.1.4.1.aln   -            668   3.3e-94  312.1   0.0   1   1   4.2e-96   3.7e-94  312.0   0.0   259   635     1   363     1   363 0.97 -
d2e6fa_c.1.4.1       -            312 d1gtea2c.1.4.1.aln   -            668   6.4e-84  278.1   0.0   1   1   8.1e-86   7.1e-84  278.0   0.0   311   631     2   311     1   312 0.99 -
d1djqa1c.1.4.1       -            340 d1gtea2c.1.4.1.aln   -            668   1.1e-74  247.6   0.0   1   1   1.4e-76   1.2e-74  247.5   0.0   260   610     2   338     1   340 0.98 -
d1p4ca_c.1.4.1       -            353 d1gtea2c.1.4.1.aln   -            668   1.5e-73  243.9   0.0   1   1   1.8e-75   1.6e-73  243.7   0.0   280   632     1   352     1   353 0.97 -
d1ep3a_c.1.4.1       -            311 d1gtea2c.1.4.1.aln   -            668     3e-58  193.3   0.0   1   1   3.8e-60   3.3e-58  193.1   0.0   307   633     2   310     1   311 0.97 -
d1p0ka_c.1.4.1       -            329 d1gtea2c.1.4.1.aln   -            668   5.9e-54  179.1   0.1   1   1   7.5e-56   6.6e-54  178.9   0.1   315   652     2   328     1   329 0.95 -
d1vhna_c.1.4.1       -            305 d1gtea2c.1.4.1.aln   -            668   4.3e-43  143.2   0.0   1   1   5.7e-45     5e-43  143.0   0.0   287   625     5   304     1   305 0.98 -
d1gtea2c.1.4.1       -            312 d1gtea2c.1.4.1.aln   -            668   8.2e-06   20.0   0.0   1   1   1.2e-07   1.1e-05   19.6   0.0   443   618   131   310     2   312 0.78 -
#
# Program:         hmmsearch
# Version:         3.3.2 (Nov 2020)
# Pipeline mode:   SEARCH
# Query file:      /home/elise/Documents/M1-BIM/S2/TMEs/SBAS/tme08/models/d1gtea2c.1.4.1.aln.hmm
# Target file:     /home/elise/Documents/M1-BIM/S2/TMEs/SBAS/tme08/scop/scop/scopTestSeq.fasta
# Option settings: hmmsearch --domtblout /home/elise/Documents/M1-BIM/S2/TMEs/SBAS/tme08/searchResults/d1gtea2c.1.4.1.aln.out -E 1 /home/elise/Documents/M1-BIM/S2/TMEs/SBAS/tme08/models/d1gtea2c.1.4.1.aln.hmm /home/elise/Documents/M1-BIM/S2/TMEs/SBAS/tme08/scop/scop/scopTestSeq.fasta 
# Current dir:     /home/elise/Documents/M1-BIM/S2/TMEs/SBAS/tme08
# Date:            Tue Apr  1 17:30:30 2025
# [ok]
