#                                                                            --- full sequence --- -------------- this domain -------------   hmm coord   ali coord   env coord
# target name        accession   tlen query name           accession   qlen   E-value  score  bias   #  of  c-Evalue  i-Evalue  score  bias  from    to  from    to  from    to  acc description of target
#------------------- ---------- ----- -------------------- ---------- ----- --------- ------ ----- --- --- --------- --------- ------ ----- ----- ----- ----- ----- ----- ----- ---- ---------------------
d1i8oa_a.3.1.1       -            114 d1gu2a_a.3.1.1.aln   -            108   7.4e-25   83.4   0.8   1   1   8.8e-27   8.7e-25   83.2   0.8    10   106     1   113     1   114 0.96 -
d1e29a_a.3.1.1       -            135 d1gu2a_a.3.1.1.aln   -            108   2.5e-20   68.9   0.0   1   1   2.8e-22   2.8e-20   68.7   0.0     2   104    16   132    15   135 0.96 -
d1h32b_a.3.1.1       -            138 d1gu2a_a.3.1.1.aln   -            108   9.5e-16   54.1   0.0   1   1   1.2e-17   1.1e-15   53.8   0.0     3   107    18   137    16   138 0.93 -
d1c52a_a.3.1.1       -            131 d1gu2a_a.3.1.1.aln   -            108   6.8e-13   44.9   0.2   1   1   1.5e-14   1.5e-12   43.8   0.2    13   107     2   120     1   121 0.81 -
d1dw0a_a.3.1.1       -            112 d1gu2a_a.3.1.1.aln   -            108   2.2e-12   43.3   0.1   1   1   2.6e-14   2.6e-12   43.1   0.1     2    94    12   112    11   112 0.96 -
d1wvec_a.3.1.1       -             75 d1gu2a_a.3.1.1.aln   -            108   1.6e-09   34.1   0.0   1   1     2e-11   1.9e-09   33.8   0.0    11    95     2    73     1    75 0.86 -
d1c75a_a.3.1.1       -             71 d1gu2a_a.3.1.1.aln   -            108     1e-08   31.5   0.3   1   1   1.2e-10   1.2e-08   31.2   0.3    14    94     2    70     1    71 0.77 -
d1gu2a_a.3.1.1       -            124 d1gu2a_a.3.1.1.aln   -            108    0.0053   13.1   2.5   1   2       1.8   1.7e+02   -1.4   0.0    68    82    13    30     3    45 0.62 -
d1gu2a_a.3.1.1       -            124 d1gu2a_a.3.1.1.aln   -            108    0.0053   13.1   2.5   2   2   0.00011     0.011   12.1   1.8    20    92    46   117    28   123 0.66 -
#
# Program:         hmmsearch
# Version:         3.3.2 (Nov 2020)
# Pipeline mode:   SEARCH
# Query file:      /home/elise/Documents/M1-BIM/S2/TMEs/SBAS/tme08/models/d1gu2a_a.3.1.1.aln.hmm
# Target file:     /home/elise/Documents/M1-BIM/S2/TMEs/SBAS/tme08/scop/scop/scopTestSeq.fasta
# Option settings: hmmsearch --domtblout /home/elise/Documents/M1-BIM/S2/TMEs/SBAS/tme08/searchResults/d1gu2a_a.3.1.1.aln.out -E 1 /home/elise/Documents/M1-BIM/S2/TMEs/SBAS/tme08/models/d1gu2a_a.3.1.1.aln.hmm /home/elise/Documents/M1-BIM/S2/TMEs/SBAS/tme08/scop/scop/scopTestSeq.fasta 
# Current dir:     /home/elise/Documents/M1-BIM/S2/TMEs/SBAS/tme08
# Date:            Tue Apr  1 17:30:30 2025
# [ok]
