#                                                                            --- full sequence --- -------------- this domain -------------   hmm coord   ali coord   env coord
# target name        accession   tlen query name           accession   qlen   E-value  score  bias   #  of  c-Evalue  i-Evalue  score  bias  from    to  from    to  from    to  acc description of target
#------------------- ---------- ----- -------------------- ---------- ----- --------- ------ ----- --- --- --------- --------- ------ ----- ----- ----- ----- ----- ----- ----- ---- ---------------------
d1i8oa_a.3.1.1       -            114 d1h32b_a.3.1.1.aln   -            104   1.5e-23   79.0   0.4   1   1   1.8e-25   1.8e-23   78.7   0.4     9    98     1   113     1   114 0.96 -
d1e29a_a.3.1.1       -            135 d1h32b_a.3.1.1.aln   -            104   4.5e-19   64.6   0.0   1   1   5.2e-21   5.1e-19   64.4   0.0     3   102    18   126    16   128 0.94 -
d1gu2a_a.3.1.1       -            124 d1h32b_a.3.1.1.aln   -            104     4e-16   55.1   0.1   1   1   5.6e-18   5.5e-16   54.7   0.1     3   102    30   123    28   124 0.91 -
d1c52a_a.3.1.1       -            131 d1h32b_a.3.1.1.aln   -            104   4.2e-16   55.0   0.4   1   2   1.6e-16   1.6e-14   50.0   0.1    12    99     2    91     1    96 0.84 -
d1c52a_a.3.1.1       -            131 d1h32b_a.3.1.1.aln   -            104   4.2e-16   55.0   0.4   2   2     0.018       1.8    4.8   0.1    74   101    94   121    88   124 0.76 -
d1dw0a_a.3.1.1       -            112 d1h32b_a.3.1.1.aln   -            104   1.1e-14   50.4   0.0   1   1   1.5e-16   1.4e-14   50.1   0.0     4    98    25   112    22   112 0.91 -
d1wvec_a.3.1.1       -             75 d1h32b_a.3.1.1.aln   -            104   8.3e-12   41.2   0.0   1   1   2.6e-13   2.5e-11   39.7   0.0    10   100     2    74     1    75 0.88 -
d1c75a_a.3.1.1       -             71 d1h32b_a.3.1.1.aln   -            104   1.5e-10   37.2   1.0   1   1   3.2e-12   3.2e-10   36.1   1.0    13    98     2    70     1    71 0.86 -
d1h32b_a.3.1.1       -            138 d1h32b_a.3.1.1.aln   -            104   1.5e-07   27.5   0.0   1   1   3.1e-09   3.1e-07   26.5   0.0    20    99    40   137    20   138 0.78 -
#
# Program:         hmmsearch
# Version:         3.3.2 (Nov 2020)
# Pipeline mode:   SEARCH
# Query file:      /home/elise/Documents/M1-BIM/S2/TMEs/SBAS/tme08/models/d1h32b_a.3.1.1.aln.hmm
# Target file:     /home/elise/Documents/M1-BIM/S2/TMEs/SBAS/tme08/scop/scop/scopTestSeq.fasta
# Option settings: hmmsearch --domtblout /home/elise/Documents/M1-BIM/S2/TMEs/SBAS/tme08/searchResults/d1h32b_a.3.1.1.aln.out -E 1 /home/elise/Documents/M1-BIM/S2/TMEs/SBAS/tme08/models/d1h32b_a.3.1.1.aln.hmm /home/elise/Documents/M1-BIM/S2/TMEs/SBAS/tme08/scop/scop/scopTestSeq.fasta 
# Current dir:     /home/elise/Documents/M1-BIM/S2/TMEs/SBAS/tme08
# Date:            Tue Apr  1 17:30:30 2025
# [ok]
