#                                                                            --- full sequence --- -------------- this domain -------------   hmm coord   ali coord   env coord
# target name        accession   tlen query name           accession   qlen   E-value  score  bias   #  of  c-Evalue  i-Evalue  score  bias  from    to  from    to  from    to  acc description of target
#------------------- ---------- ----- -------------------- ---------- ----- --------- ------ ----- --- --- --------- --------- ------ ----- ----- ----- ----- ----- ----- ----- ---- ---------------------
d1p1ja1c.2.1.3       -            411 d1h9aa1c.2.1.3.aln   -            267     9e-64  211.0   0.0   1   1   3.7e-65   1.1e-63  210.7   0.0     1   267    10   370    10   370 1.00 -
d3cina1c.2.1.3       -            276 d1h9aa1c.2.1.3.aln   -            267   4.6e-53  175.9   0.1   1   1   1.7e-54   5.2e-53  175.7   0.1     1   262     1   276     1   276 1.00 -
d2g82a1c.2.1.3       -            169 d1h9aa1c.2.1.3.aln   -            267   6.4e-52  172.1   1.1   1   1   2.3e-53     7e-52  172.0   1.1    50   220     1   166     1   169 0.98 -
d2nvwa1c.2.1.3       -            238 d1h9aa1c.2.1.3.aln   -            267   9.5e-45  148.6   0.0   1   1   3.5e-46   1.1e-44  148.5   0.0    33   264     1   238     1   238 0.99 -
d1h6da1c.2.1.3       -            222 d1h9aa1c.2.1.3.aln   -            267   6.8e-44  145.8   0.1   1   1   2.5e-45   7.6e-44  145.7   0.1    16   267     1   222     1   222 0.98 -
d1gr0a1c.2.1.3       -            244 d1h9aa1c.2.1.3.aln   -            267   9.3e-41  135.6   2.7   1   1   3.4e-42     1e-40  135.4   2.7     1   231     3   243     3   244 0.99 -
d1cf2o1c.2.1.3       -            172 d1h9aa1c.2.1.3.aln   -            267   2.2e-30  101.6   1.5   1   1   7.8e-32   2.4e-30  101.4   1.5    49   218     1   171     1   172 0.98 -
d1vkna1c.2.1.3       -            177 d1h9aa1c.2.1.3.aln   -            267   2.5e-27   91.6   0.0   1   1   9.9e-29     3e-27   91.3   0.0    48   230     1   176     1   176 0.98 -
d1ydwa1c.2.1.3       -            185 d1h9aa1c.2.1.3.aln   -            267     6e-27   90.3   0.0   1   1   2.4e-28   7.3e-27   90.0   0.0    48   234     1   183     1   184 0.98 -
d1tlta1c.2.1.3       -            165 d1h9aa1c.2.1.3.aln   -            267   1.3e-25   85.9   0.0   1   1   5.3e-27   1.6e-25   85.6   0.0    48   220     1   163     1   164 0.98 -
d1zh8a1c.2.1.3       -            182 d1h9aa1c.2.1.3.aln   -            267   1.9e-25   85.4   0.0   1   1   7.4e-27   2.2e-25   85.1   0.0    47   229     2   179     1   181 0.98 -
d1xeaa1c.2.1.3       -            168 d1h9aa1c.2.1.3.aln   -            267   3.3e-25   84.6   0.0   1   1   1.2e-26   3.6e-25   84.4   0.0    49   222     2   167     1   168 0.98 -
d1qkia1c.2.1.3       -            204 d1h9aa1c.2.1.3.aln   -            267   1.5e-24   82.5   0.0   1   1   5.3e-26   1.6e-24   82.3   0.0    29   225     1   204     1   204 0.99 -
d1q0qa2c.2.1.3       -            152 d1h9aa1c.2.1.3.aln   -            267     4e-24   81.0   0.0   1   1   1.5e-25   4.5e-24   80.9   0.0    48   222     1   152     1   152 0.97 -
d1e5qa1c.2.1.3       -            183 d1h9aa1c.2.1.3.aln   -            267   5.8e-23   77.2   0.6   1   1   2.1e-24   6.3e-23   77.1   0.6    50   229     3   182     1   183 0.98 -
d1lc0a1c.2.1.3       -            173 d1h9aa1c.2.1.3.aln   -            267   1.5e-22   75.9   0.0   1   1   5.8e-24   1.8e-22   75.6   0.0    43   224     1   172     1   172 0.98 -
d1t4ba1c.2.1.3       -            147 d1h9aa1c.2.1.3.aln   -            267   2.8e-22   75.0   0.0   1   1     1e-23   3.2e-22   74.8   0.0    48   217     1   146     1   147 0.94 -
d1f06a1c.2.1.3       -            171 d1h9aa1c.2.1.3.aln   -            267   5.6e-21   70.7   0.1   1   1     2e-22   6.1e-21   70.6   0.1    48   219     2   170     1   171 0.98 -
d1ebfa1c.2.1.3       -            169 d1h9aa1c.2.1.3.aln   -            267   1.2e-18   63.1   0.5   1   1   4.2e-20   1.3e-18   63.0   0.5    46   217     1   167     1   169 0.98 -
d1nvmb1c.2.1.3       -            158 d1h9aa1c.2.1.3.aln   -            267   1.9e-17   59.2   0.3   1   1   7.2e-19   2.2e-17   58.9   0.3    47   216     2   155     1   157 0.93 -
d1drua1c.2.1.3       -            161 d1h9aa1c.2.1.3.aln   -            267   1.3e-13   46.5   0.4   1   1   4.5e-15   1.4e-13   46.5   0.4    48   202     2   139     1   161 0.90 -
d1yl7a1c.2.1.3       -            136 d1h9aa1c.2.1.3.aln   -            267   3.3e-11   38.7   0.0   1   1   1.2e-12   3.8e-11   38.5   0.0    50   220     1   134     1   135 0.95 -
d1j5pa4c.2.1.3       -            133 d1h9aa1c.2.1.3.aln   -            267   1.3e-07   26.8   0.0   1   1   4.6e-09   1.4e-07   26.8   0.0    49   165     2    93     1   129 0.82 -
d1vm6a3c.2.1.3       -            129 d1h9aa1c.2.1.3.aln   -            267   4.3e-06   21.9   0.2   1   1   1.8e-06   5.3e-05   18.3   0.2    50   208     2   116     1   126 0.74 -
d1gpja2c.2.1.7       -            159 d1h9aa1c.2.1.3.aln   -            267   0.00018   16.6   0.5   1   1   6.9e-06   0.00021   16.4   0.5    51   126    26    96    24   153 0.84 -
d2pv7a2c.2.1.6       -            152 d1h9aa1c.2.1.3.aln   -            267    0.0024   12.9   0.0   1   1    0.0001    0.0031   12.6   0.0    49   110    10    91     4   108 0.83 -
#
# Program:         hmmsearch
# Version:         3.3.2 (Nov 2020)
# Pipeline mode:   SEARCH
# Query file:      /home/elise/Documents/M1-BIM/S2/TMEs/SBAS/tme08/models/d1h9aa1c.2.1.3.aln.hmm
# Target file:     /home/elise/Documents/M1-BIM/S2/TMEs/SBAS/tme08/scop/scop/scopTestSeq.fasta
# Option settings: hmmsearch --domtblout /home/elise/Documents/M1-BIM/S2/TMEs/SBAS/tme08/searchResults/d1h9aa1c.2.1.3.aln.out -E 1 /home/elise/Documents/M1-BIM/S2/TMEs/SBAS/tme08/models/d1h9aa1c.2.1.3.aln.hmm /home/elise/Documents/M1-BIM/S2/TMEs/SBAS/tme08/scop/scop/scopTestSeq.fasta 
# Current dir:     /home/elise/Documents/M1-BIM/S2/TMEs/SBAS/tme08
# Date:            Tue Apr  1 17:30:31 2025
# [ok]
