#                                                                            --- full sequence --- -------------- this domain -------------   hmm coord   ali coord   env coord
# target name        accession   tlen query name           accession   qlen   E-value  score  bias   #  of  c-Evalue  i-Evalue  score  bias  from    to  from    to  from    to  acc description of target
#------------------- ---------- ----- -------------------- ---------- ----- --------- ------ ----- --- --- --------- --------- ------ ----- ----- ----- ----- ----- ----- ----- ---- ---------------------
d1b8aa2d.104.1.1     -            335 d1hc7a2d.104.1.1.aln -            305   5.7e-76  251.3   9.7   1   1   1.2e-77   6.4e-76  251.2   9.7     2   305    14   326    13   326 0.99 -
d1atia2d.104.1.1     -            394 d1hc7a2d.104.1.1.aln -            305   3.1e-69  229.2   8.0   1   1   1.9e-70     1e-68  227.5   8.0     1   303     6   379     6   381 0.99 -
d1qf6a4d.104.1.1     -            291 d1hc7a2d.104.1.1.aln -            305   3.6e-68  225.7   0.7   1   1   7.6e-70     4e-68  225.6   0.7     9   298     2   289     1   291 0.98 -
d1g5ha2d.104.1.1     -            290 d1hc7a2d.104.1.1.aln -            305   4.3e-68  225.5   0.0   1   1     9e-70   4.7e-68  225.3   0.0     1   301     1   289     1   290 0.99 -
d1h4vb2d.104.1.1     -            324 d1hc7a2d.104.1.1.aln -            305   1.8e-67  223.4   8.0   1   1   3.8e-69     2e-67  223.3   8.0     3   304     3   322     1   323 0.98 -
d1wu7a2d.104.1.1     -            327 d1hc7a2d.104.1.1.aln -            305     2e-61  203.6   0.3   1   1   4.2e-63   2.2e-61  203.4   0.3     1   305     3   327     3   327 0.96 -
d1z7ma1d.104.1.1     -            318 d1hc7a2d.104.1.1.aln -            305   6.6e-57  188.7   0.3   1   1   1.4e-58   7.3e-57  188.6   0.3     3   301     2   317     1   318 0.98 -
d12asa_d.104.1.1     -            327 d1hc7a2d.104.1.1.aln -            305   1.6e-56  187.5   0.0   1   1   3.4e-58   1.8e-56  187.3   0.0     2   305     7   313     6   313 0.99 -
d1seta2d.104.1.1     -            311 d1hc7a2d.104.1.1.aln -            305   1.6e-51  171.0   2.8   1   1   3.5e-53   1.8e-51  170.9   2.8     1   304     4   310     4   311 0.99 -
d1nnha_d.104.1.1     -            293 d1hc7a2d.104.1.1.aln -            305   1.7e-51  171.0   6.3   1   1   3.6e-53   1.9e-51  170.8   6.3     3   305     2   283     1   283 0.99 -
d1j5wa_d.104.1.1     -            281 d1hc7a2d.104.1.1.aln -            305   7.8e-50  165.5   1.9   1   1   1.7e-51   8.7e-50  165.3   1.9    11   300     2   281     1   281 0.98 -
d1usya_d.104.1.1     -            275 d1hc7a2d.104.1.1.aln -            305   5.3e-44  146.3   0.1   1   1   1.1e-45   5.9e-44  146.2   0.1     9   295     1   275     1   275 0.99 -
d1yfsa2d.104.1.1     -            236 d1hc7a2d.104.1.1.aln -            305     3e-41  137.3   0.7   1   1   8.2e-43   4.3e-41  136.8   0.7    18   300     3   236     1   236 0.98 -
d1jjcb5d.104.1.1     -            207 d1hc7a2d.104.1.1.aln -            305   1.5e-22   75.9   7.7   1   1   2.3e-23   1.2e-21   72.9   7.7    26   291     2   204     1   207 0.98 -
d1hc7a2d.104.1.1     -            272 d1hc7a2d.104.1.1.aln -            305   1.1e-06   23.9   2.6   1   1   2.4e-08   1.3e-06   23.6   2.6    44   242    45   236    29   241 0.83 -
#
# Program:         hmmsearch
# Version:         3.3.2 (Nov 2020)
# Pipeline mode:   SEARCH
# Query file:      /home/elise/Documents/M1-BIM/S2/TMEs/SBAS/tme08/models/d1hc7a2d.104.1.1.aln.hmm
# Target file:     /home/elise/Documents/M1-BIM/S2/TMEs/SBAS/tme08/scop/scop/scopTestSeq.fasta
# Option settings: hmmsearch --domtblout /home/elise/Documents/M1-BIM/S2/TMEs/SBAS/tme08/searchResults/d1hc7a2d.104.1.1.aln.out -E 1 /home/elise/Documents/M1-BIM/S2/TMEs/SBAS/tme08/models/d1hc7a2d.104.1.1.aln.hmm /home/elise/Documents/M1-BIM/S2/TMEs/SBAS/tme08/scop/scop/scopTestSeq.fasta 
# Current dir:     /home/elise/Documents/M1-BIM/S2/TMEs/SBAS/tme08
# Date:            Tue Apr  1 17:30:31 2025
# [ok]
