#                                                                            --- full sequence --- -------------- this domain -------------   hmm coord   ali coord   env coord
# target name        accession   tlen query name           accession   qlen   E-value  score  bias   #  of  c-Evalue  i-Evalue  score  bias  from    to  from    to  from    to  acc description of target
#------------------- ---------- ----- -------------------- ---------- ----- --------- ------ ----- --- --- --------- --------- ------ ----- ----- ----- ----- ----- ----- ----- ---- ---------------------
d1i1wa_c.1.8.3       -            303 d1hjua_c.1.8.3.aln   -            344   1.8e-89  296.0   6.9   1   1   5.9e-91     2e-89  295.9   6.9     3   343     4   302     2   303 0.96 -
d1qw9a2c.1.8.3       -            367 d1hjua_c.1.8.3.aln   -            344   7.2e-45  149.4   2.6   1   1   2.4e-46   8.1e-45  149.3   2.6     1   344    13   366    13   366 0.99 -
d7a3ha_c.1.8.3       -            300 d1hjua_c.1.8.3.aln   -            344   1.2e-43  145.4  15.0   1   1   4.3e-45   1.5e-43  145.1  15.0    10   327    13   294    12   299 0.96 -
d1ceoa_c.1.8.3       -            340 d1hjua_c.1.8.3.aln   -            344   2.1e-43  144.6   0.9   1   1   6.9e-45   2.4e-43  144.5   0.9     7   342     2   338     1   340 0.98 -
d3n9ka_c.1.8.3       -            394 d1hjua_c.1.8.3.aln   -            344     6e-42  139.8  22.2   1   1   2.2e-43   7.5e-42  139.5  22.2     4   344    39   392    38   392 0.96 -
d1ecea_c.1.8.3       -            358 d1hjua_c.1.8.3.aln   -            344   7.5e-42  139.5  18.8   1   1   2.7e-43   9.1e-42  139.2  18.8     8   343    18   355    12   356 0.98 -
d1edga_c.1.8.3       -            380 d1hjua_c.1.8.3.aln   -            344     4e-41  137.1  19.1   1   1   1.5e-42   5.2e-41  136.8  19.1     8   339    22   369    16   373 0.98 -
d1jz8a5c.1.8.3       -            292 d1hjua_c.1.8.3.aln   -            344   4.8e-41  136.9   0.5   1   1   1.7e-42   5.8e-41  136.6   0.5     8   342     3   291     1   292 0.93 -
d2nt0a2c.1.8.3       -            354 d1hjua_c.1.8.3.aln   -            344   1.3e-40  135.4   0.2   1   1   4.2e-42   1.5e-40  135.3   0.2    10   343    16   349     7   350 0.98 -
d1qnra_c.1.8.3       -            344 d1hjua_c.1.8.3.aln   -            344   2.4e-40  134.6  24.2   1   1   8.5e-42   2.9e-40  134.3  24.2     3   342     8   343     6   344 0.97 -
d2je8a5c.1.8.3       -            348 d1hjua_c.1.8.3.aln   -            344   3.8e-40  133.9   7.1   1   1   1.2e-41   4.2e-40  133.8   7.1     4   342     3   346     1   348 0.99 -
d2vzsa5c.1.8.3       -            339 d1hjua_c.1.8.3.aln   -            344   8.4e-39  129.5   3.8   1   1   2.7e-40   9.3e-39  129.4   3.8     3   341     3   337     1   339 0.97 -
d1bqca_c.1.8.3       -            302 d1hjua_c.1.8.3.aln   -            344   9.1e-39  129.4  11.8   1   1   2.9e-40     1e-38  129.2  11.8     5   343     3   301     1   302 0.96 -
d1w91a2c.1.8.3       -            347 d1hjua_c.1.8.3.aln   -            344   1.2e-37  125.7   0.1   1   1   3.8e-39   1.3e-37  125.6   0.1     1   343    13   345    13   346 0.98 -
d1odza_c.1.8.3       -            381 d1hjua_c.1.8.3.aln   -            344   7.9e-36  119.7  15.2   1   1   2.6e-37     9e-36  119.5  15.2     2   343    15   374    14   375 0.97 -
d1ur4a_c.1.8.3       -            387 d1hjua_c.1.8.3.aln   -            344   1.5e-35  118.8  15.3   1   1     5e-37   1.7e-35  118.6  15.3     4   339    12   379     9   384 0.97 -
d1uuqa_c.1.8.3       -            410 d1hjua_c.1.8.3.aln   -            344   4.3e-35  117.3  17.8   1   1   1.6e-36   5.5e-35  117.0  17.8     2   342     6   405     5   407 0.98 -
d1hjua_c.1.8.3       -            332 d1hjua_c.1.8.3.aln   -            344   4.5e-35  117.2  17.9   1   1   1.4e-36   4.9e-35  117.1  17.9     6   331     3   321     1   332 0.93 -
d1vjza_c.1.8.3       -            325 d1hjua_c.1.8.3.aln   -            344   6.6e-35  116.7   0.2   1   1   2.1e-36   7.1e-35  116.6   0.2     8   341     3   321     1   324 0.93 -
d1rh9a1c.1.8.3       -            370 d1hjua_c.1.8.3.aln   -            344     1e-33  112.8   8.3   1   1   3.3e-35   1.1e-33  112.6   8.3     3   342     7   364     5   366 0.98 -
d1h1na_c.1.8.3       -            305 d1hjua_c.1.8.3.aln   -            344   3.2e-29   98.0  15.1   1   1   1.1e-30   3.7e-29   97.8  15.1     5   342     3   301     1   303 0.94 -
d2v3ga_c.1.8.3       -            273 d1hjua_c.1.8.3.aln   -            344   2.9e-23   78.4  24.6   1   1   9.8e-25   3.4e-23   78.2  24.6    11   334     2   264     1   272 0.95 -
d1nofa2c.1.8.3       -            277 d1hjua_c.1.8.3.aln   -            344   1.7e-21   72.6   4.5   1   1     6e-23   2.1e-21   72.3   4.5     3   339     3   275     1   277 0.93 -
#
# Program:         hmmsearch
# Version:         3.3.2 (Nov 2020)
# Pipeline mode:   SEARCH
# Query file:      /home/elise/Documents/M1-BIM/S2/TMEs/SBAS/tme08/models/d1hjua_c.1.8.3.aln.hmm
# Target file:     /home/elise/Documents/M1-BIM/S2/TMEs/SBAS/tme08/scop/scop/scopTestSeq.fasta
# Option settings: hmmsearch --domtblout /home/elise/Documents/M1-BIM/S2/TMEs/SBAS/tme08/searchResults/d1hjua_c.1.8.3.aln.out -E 1 /home/elise/Documents/M1-BIM/S2/TMEs/SBAS/tme08/models/d1hjua_c.1.8.3.aln.hmm /home/elise/Documents/M1-BIM/S2/TMEs/SBAS/tme08/scop/scop/scopTestSeq.fasta 
# Current dir:     /home/elise/Documents/M1-BIM/S2/TMEs/SBAS/tme08
# Date:            Tue Apr  1 17:30:31 2025
# [ok]
