#                                                                            --- full sequence --- -------------- this domain -------------   hmm coord   ali coord   env coord
# target name        accession   tlen query name           accession   qlen   E-value  score  bias   #  of  c-Evalue  i-Evalue  score  bias  from    to  from    to  from    to  acc description of target
#------------------- ---------- ----- -------------------- ---------- ----- --------- ------ ----- --- --- --------- --------- ------ ----- ----- ----- ----- ----- ----- ----- ---- ---------------------
d1i1wa_c.1.8.3       -            303 d1i1wa_c.1.8.3.aln   -            340   5.3e-85  281.2   6.8   1   1   1.7e-86   5.8e-85  281.1   6.8     6   338     6   302     1   303 0.95 -
d1hjua_c.1.8.3       -            332 d1i1wa_c.1.8.3.aln   -            340   6.3e-59  195.6  18.7   1   1     2e-60   6.9e-59  195.4  18.7     9   338     4   331     1   332 0.98 -
d1qw9a2c.1.8.3       -            367 d1i1wa_c.1.8.3.aln   -            340   1.1e-50  168.5   2.4   1   1   3.4e-52   1.2e-50  168.4   2.4     2   337    12   363    11   366 0.99 -
d3n9ka_c.1.8.3       -            394 d1i1wa_c.1.8.3.aln   -            340   9.8e-45  148.9  22.6   1   1   3.4e-46   1.2e-44  148.7  22.6     3   339    39   392    37   393 0.98 -
d7a3ha_c.1.8.3       -            300 d1i1wa_c.1.8.3.aln   -            340   2.4e-43  144.3  14.5   1   1   8.4e-45   2.9e-43  144.1  14.5     9   323    13   295     9   300 0.96 -
d1w91a2c.1.8.3       -            347 d1i1wa_c.1.8.3.aln   -            340   5.2e-43  143.2   0.1   1   1   1.7e-44   5.8e-43  143.1   0.1     2   338    12   344    11   346 0.98 -
d1ceoa_c.1.8.3       -            340 d1i1wa_c.1.8.3.aln   -            340   1.9e-42  141.4   0.9   1   1   6.3e-44   2.1e-42  141.2   0.9     6   338     2   339     1   340 0.99 -
d1bqca_c.1.8.3       -            302 d1i1wa_c.1.8.3.aln   -            340   1.8e-39  131.6  11.5   1   1   5.7e-41     2e-39  131.5  11.5     4   338     3   301     1   302 0.97 -
d1qnra_c.1.8.3       -            344 d1i1wa_c.1.8.3.aln   -            340     8e-38  126.2  24.5   1   1   2.6e-39   8.8e-38  126.1  24.5     3   338     3   342     1   344 0.98 -
d1edga_c.1.8.3       -            380 d1i1wa_c.1.8.3.aln   -            340   1.3e-37  125.6  17.6   1   1   4.1e-39   1.4e-37  125.4  17.6     2   338    27   376    26   378 0.98 -
d1ecea_c.1.8.3       -            358 d1i1wa_c.1.8.3.aln   -            340   1.6e-37  125.2  17.8   1   1   5.8e-39     2e-37  124.9  17.8     4   336    12   353     9   356 0.97 -
d1rh9a1c.1.8.3       -            370 d1i1wa_c.1.8.3.aln   -            340   1.6e-35  118.7   8.0   1   1   5.1e-37   1.8e-35  118.5   8.0     2   338     5   365     4   367 0.99 -
d2je8a5c.1.8.3       -            348 d1i1wa_c.1.8.3.aln   -            340   3.3e-35  117.6   7.6   1   1   1.1e-36   3.8e-35  117.4   7.6     4   334     4   341     1   346 0.98 -
d1vjza_c.1.8.3       -            325 d1i1wa_c.1.8.3.aln   -            340     4e-35  117.3   0.2   1   1   1.3e-36   4.4e-35  117.2   0.2     6   339     2   324     1   325 0.97 -
d2vzsa5c.1.8.3       -            339 d1i1wa_c.1.8.3.aln   -            340   6.4e-35  116.7   3.4   1   1   2.1e-36   7.1e-35  116.5   3.4     4   337     5   338     2   339 0.97 -
d1uuqa_c.1.8.3       -            410 d1i1wa_c.1.8.3.aln   -            340   6.9e-35  116.6  18.6   1   1   2.2e-36   7.7e-35  116.4  18.6     3   339    20   407    18   408 0.99 -
d1odza_c.1.8.3       -            381 d1i1wa_c.1.8.3.aln   -            340   7.3e-35  116.5  14.6   1   1   2.4e-36   8.2e-35  116.3  14.6     2   336    13   370    12   374 0.97 -
d1jz8a5c.1.8.3       -            292 d1i1wa_c.1.8.3.aln   -            340   9.2e-35  116.1   0.3   1   1     3e-36     1e-34  116.0   0.3     6   337     2   291     1   292 0.93 -
d2nt0a2c.1.8.3       -            354 d1i1wa_c.1.8.3.aln   -            340   1.9e-34  115.1   0.1   1   1   6.3e-36   2.2e-34  114.9   0.1     3   338    14   348    12   350 0.98 -
d1ur4a_c.1.8.3       -            387 d1i1wa_c.1.8.3.aln   -            340   3.1e-34  114.4  14.9   1   1   1.1e-35   3.6e-34  114.2  14.9     2   339     8   384     7   385 0.96 -
d1h1na_c.1.8.3       -            305 d1i1wa_c.1.8.3.aln   -            340   2.3e-33  111.5  15.1   1   1   7.5e-35   2.6e-33  111.4  15.1     6   338     5   302     1   304 0.97 -
d1nofa2c.1.8.3       -            277 d1i1wa_c.1.8.3.aln   -            340   2.8e-24   81.7   3.5   1   1     9e-26   3.1e-24   81.5   3.5    23   334     2   275     1   277 0.96 -
d2v3ga_c.1.8.3       -            273 d1i1wa_c.1.8.3.aln   -            340   1.7e-21   72.5  22.5   1   1   7.4e-23   2.5e-21   72.0  22.5     9   300     7   258     1   267 0.94 -
#
# Program:         hmmsearch
# Version:         3.3.2 (Nov 2020)
# Pipeline mode:   SEARCH
# Query file:      /home/elise/Documents/M1-BIM/S2/TMEs/SBAS/tme08/models/d1i1wa_c.1.8.3.aln.hmm
# Target file:     /home/elise/Documents/M1-BIM/S2/TMEs/SBAS/tme08/scop/scop/scopTestSeq.fasta
# Option settings: hmmsearch --domtblout /home/elise/Documents/M1-BIM/S2/TMEs/SBAS/tme08/searchResults/d1i1wa_c.1.8.3.aln.out -E 1 /home/elise/Documents/M1-BIM/S2/TMEs/SBAS/tme08/models/d1i1wa_c.1.8.3.aln.hmm /home/elise/Documents/M1-BIM/S2/TMEs/SBAS/tme08/scop/scop/scopTestSeq.fasta 
# Current dir:     /home/elise/Documents/M1-BIM/S2/TMEs/SBAS/tme08
# Date:            Tue Apr  1 17:30:31 2025
# [ok]
