#                                                                            --- full sequence --- -------------- this domain -------------   hmm coord   ali coord   env coord
# target name        accession   tlen query name           accession   qlen   E-value  score  bias   #  of  c-Evalue  i-Evalue  score  bias  from    to  from    to  from    to  acc description of target
#------------------- ---------- ----- -------------------- ---------- ----- --------- ------ ----- --- --- --------- --------- ------ ----- ----- ----- ----- ----- ----- ----- ---- ---------------------
d3kffa_b.60.1.1      -            152 d1i4ua_b.60.1.1.aln  -            164   2.8e-54  178.8   0.5   1   1   5.4e-56     3e-54  178.7   0.5    13   163     2   150     1   151 0.98 -
d1kt7a_b.60.1.1      -            175 d1i4ua_b.60.1.1.aln  -            164   2.2e-47  156.4   0.1   1   1   4.2e-49   2.4e-47  156.2   0.1     1   161     4   174     4   175 0.99 -
d3s26a_b.60.1.1      -            176 d1i4ua_b.60.1.1.aln  -            164   2.8e-45  149.5   0.1   1   1   5.5e-47   3.1e-45  149.4   0.1     4   163     9   174     6   175 0.97 -
d1kxoa_b.60.1.1      -            171 d1i4ua_b.60.1.1.aln  -            164   6.1e-45  148.4   0.6   1   1   1.2e-46   6.8e-45  148.2   0.6     1   162     6   171     6   171 0.98 -
d3saoa_b.60.1.1      -            155 d1i4ua_b.60.1.1.aln  -            164   6.3e-45  148.4   0.2   1   1   1.2e-46     7e-45  148.2   0.2    15   162     1   147     1   149 0.99 -
d1dzka_b.60.1.1      -            148 d1i4ua_b.60.1.1.aln  -            164   3.8e-41  136.1   0.2   1   1   7.5e-43   4.2e-41  135.9   0.2    16   163     2   148     1   148 0.98 -
d1epba_b.60.1.1      -            160 d1i4ua_b.60.1.1.aln  -            164     3e-36  120.1   0.1   1   1   5.9e-38   3.3e-36  120.0   0.1     9   163     1   154     1   155 0.97 -
d1lf7a_b.60.1.1      -            171 d1i4ua_b.60.1.1.aln  -            164   3.8e-32  106.8   0.0   1   1   7.5e-34   4.2e-32  106.6   0.0     2   163     3   161     2   162 0.96 -
d1qwda_b.60.1.1      -            167 d1i4ua_b.60.1.1.aln  -            164   1.6e-29   98.2   0.0   1   1   3.3e-31   1.8e-29   98.1   0.0     2   158    15   166    14   167 0.96 -
d1x8qa_b.60.1.1      -            184 d1i4ua_b.60.1.1.aln  -            164   1.9e-29   98.0   6.0   1   1   3.7e-31   2.1e-29   97.9   6.0     1   163     3   179     3   180 0.97 -
d1xkia_b.60.1.1      -            139 d1i4ua_b.60.1.1.aln  -            164   9.8e-29   95.7   0.0   1   1   1.9e-30   1.1e-28   95.6   0.0    17   157     2   138     1   139 0.98 -
d1qfta_b.60.1.1      -            175 d1i4ua_b.60.1.1.aln  -            164   7.3e-26   86.4   6.9   1   1   1.4e-27     8e-26   86.2   6.9     2   160    10   172     9   175 0.97 -
d1i4ua_b.60.1.1      -            181 d1i4ua_b.60.1.1.aln  -            164   2.4e-15   52.2   0.3   1   1   5.7e-17   3.2e-15   51.8   0.3    13   163    27   175    22   176 0.90 -
d2joza1b.60.1.1      -            126 d1i4ua_b.60.1.1.aln  -            164   2.1e-14   49.1   0.3   1   2   4.6e-12   2.6e-10   35.8   0.1     3    67     2    67     1    77 0.93 -
d2joza1b.60.1.1      -            126 d1i4ua_b.60.1.1.aln  -            164   2.1e-14   49.1   0.3   2   2   7.8e-05    0.0044   12.3   0.0   115   162    80   125    68   126 0.87 -
#
# Program:         hmmsearch
# Version:         3.3.2 (Nov 2020)
# Pipeline mode:   SEARCH
# Query file:      /home/elise/Documents/M1-BIM/S2/TMEs/SBAS/tme08/models/d1i4ua_b.60.1.1.aln.hmm
# Target file:     /home/elise/Documents/M1-BIM/S2/TMEs/SBAS/tme08/scop/scop/scopTestSeq.fasta
# Option settings: hmmsearch --domtblout /home/elise/Documents/M1-BIM/S2/TMEs/SBAS/tme08/searchResults/d1i4ua_b.60.1.1.aln.out -E 1 /home/elise/Documents/M1-BIM/S2/TMEs/SBAS/tme08/models/d1i4ua_b.60.1.1.aln.hmm /home/elise/Documents/M1-BIM/S2/TMEs/SBAS/tme08/scop/scop/scopTestSeq.fasta 
# Current dir:     /home/elise/Documents/M1-BIM/S2/TMEs/SBAS/tme08
# Date:            Tue Apr  1 17:30:31 2025
# [ok]
