#                                                                            --- full sequence --- -------------- this domain -------------   hmm coord   ali coord   env coord
# target name        accession   tlen query name           accession   qlen   E-value  score  bias   #  of  c-Evalue  i-Evalue  score  bias  from    to  from    to  from    to  acc description of target
#------------------- ---------- ----- -------------------- ---------- ----- --------- ------ ----- --- --- --------- --------- ------ ----- ----- ----- ----- ----- ----- ----- ---- ---------------------
d2i4aa_c.47.1.1      -            107 d1iloa_c.47.1.1.aln  -            110   4.5e-37  121.8   0.0   1   1   9.9e-39   4.9e-37  121.7   0.0     4   108     2   106     1   107 0.97 -
d1r26a_c.47.1.1      -            113 d1iloa_c.47.1.1.aln  -            110   1.6e-29   97.6   0.0   1   1   3.3e-31   1.6e-29   97.5   0.0     4   106     8   109     5   113 0.95 -
d1zmaa1c.47.1.1      -            115 d1iloa_c.47.1.1.aln  -            110   2.9e-20   67.8   0.0   1   1   6.4e-22   3.2e-20   67.6   0.0     3   106     7   114     5   115 0.96 -
d1sena_c.47.1.1      -            135 d1iloa_c.47.1.1.aln  -            110   6.4e-20   66.6   0.0   1   1   1.5e-21   7.5e-20   66.4   0.0     3   108     6   118     4   120 0.96 -
d2fwha_c.47.1.1      -            117 d1iloa_c.47.1.1.aln  -            110   6.6e-19   63.4   0.0   1   1   1.5e-20   7.3e-19   63.2   0.0     3   106     3   115     1   117 0.93 -
d1wjka_c.47.1.1      -            100 d1iloa_c.47.1.1.aln  -            110   1.6e-16   55.7   0.0   1   1   3.6e-18   1.8e-16   55.6   0.0    10   104     3    95     1    99 0.92 -
d3gnja_c.47.1.0      -            111 d1iloa_c.47.1.1.aln  -            110   3.1e-16   54.8   0.1   1   1   7.4e-18   3.7e-16   54.5   0.1     8    99     8    99     4   110 0.92 -
d1abaa_c.47.1.1      -             87 d1iloa_c.47.1.1.aln  -            110   1.3e-15   52.8   0.0   1   1   2.7e-17   1.3e-15   52.7   0.0    22   106     2    85     1    87 0.94 -
d1z6na1c.47.1.1      -            166 d1iloa_c.47.1.1.aln  -            110   1.2e-14   49.7   0.0   1   1     3e-16   1.5e-14   49.4   0.0     2   109    34   152    33   153 0.90 -
d3qmxa_c.47.1.0      -             99 d1iloa_c.47.1.1.aln  -            110   5.4e-12   41.1   0.0   1   1   1.2e-13   6.1e-12   41.0   0.0    23   108    15    93     5    95 0.85 -
d2hzfa_c.47.1.0      -            110 d1iloa_c.47.1.1.aln  -            110   1.7e-09   33.1   0.0   1   1   4.4e-11   2.2e-09   32.8   0.0    25   101    17    91     2    99 0.84 -
d1ttza_c.47.1.1      -             75 d1iloa_c.47.1.1.aln  -            110   1.7e-08   29.9   0.0   1   1   3.7e-10   1.8e-08   29.8   0.0    26    97     2    63     1    74 0.87 -
d3feua_c.47.1.0      -            183 d1iloa_c.47.1.1.aln  -            110   3.9e-07   25.5   0.0   1   2    0.0023      0.11    7.9   0.0    30    52    28    50    12    83 0.85 -
d3feua_c.47.1.0      -            183 d1iloa_c.47.1.1.aln  -            110   3.9e-07   25.5   0.0   2   2   9.7e-06   0.00048   15.6   0.0    55   100   131   171   122   179 0.74 -
d2wcia_c.47.1.0      -            113 d1iloa_c.47.1.1.aln  -            110   2.2e-05   19.9   0.0   1   1   5.1e-07   2.5e-05   19.7   0.0    15   109     8    97     1    98 0.82 -
d3h93a_c.47.1.0      -            192 d1iloa_c.47.1.1.aln  -            110   0.00015   17.2   0.1   1   2     0.035       1.7    4.1   0.0    33    58    36    61    22    65 0.80 -
d3h93a_c.47.1.0      -            192 d1iloa_c.47.1.1.aln  -            110   0.00015   17.2   0.1   2   2   0.00024     0.012   11.1   0.0    62    89   137   165   112   182 0.72 -
d1iloa_c.47.1.1      -             77 d1iloa_c.47.1.1.aln  -            110    0.0014   14.0   0.0   1   1   3.4e-05    0.0017   13.8   0.0    32    93     9    67     4    76 0.88 -
#
# Program:         hmmsearch
# Version:         3.3.2 (Nov 2020)
# Pipeline mode:   SEARCH
# Query file:      /home/elise/Documents/M1-BIM/S2/TMEs/SBAS/tme08/models/d1iloa_c.47.1.1.aln.hmm
# Target file:     /home/elise/Documents/M1-BIM/S2/TMEs/SBAS/tme08/scop/scop/scopTestSeq.fasta
# Option settings: hmmsearch --domtblout /home/elise/Documents/M1-BIM/S2/TMEs/SBAS/tme08/searchResults/d1iloa_c.47.1.1.aln.out -E 1 /home/elise/Documents/M1-BIM/S2/TMEs/SBAS/tme08/models/d1iloa_c.47.1.1.aln.hmm /home/elise/Documents/M1-BIM/S2/TMEs/SBAS/tme08/scop/scop/scopTestSeq.fasta 
# Current dir:     /home/elise/Documents/M1-BIM/S2/TMEs/SBAS/tme08
# Date:            Tue Apr  1 17:30:32 2025
# [ok]
