#                                                                            --- full sequence --- -------------- this domain -------------   hmm coord   ali coord   env coord
# target name        accession   tlen query name           accession   qlen   E-value  score  bias   #  of  c-Evalue  i-Evalue  score  bias  from    to  from    to  from    to  acc description of target
#------------------- ---------- ----- -------------------- ---------- ----- --------- ------ ----- --- --- --------- --------- ------ ----- ----- ----- ----- ----- ----- ----- ---- ---------------------
d1g41a_c.37.1.20     -            443 d1iqpa2c.37.1.20.aln -            290   7.3e-72  237.3   4.4   1   2   1.8e-31   5.7e-30   99.9   0.1     2   115     1   117     1   132 0.93 -
d1g41a_c.37.1.20     -            443 d1iqpa2c.37.1.20.aln -            290   7.3e-72  237.3   4.4   2   2     3e-43   9.3e-42  138.5   1.5   107   290   231   443   200   443 0.91 -
d1lv7a_c.37.1.20     -            256 d1iqpa2c.37.1.20.aln -            290   3.6e-65  215.4   0.1   1   1   1.3e-66     4e-65  215.2   0.1     4   257     1   255     1   256 0.99 -
d1r6bx3c.37.1.20     -            315 d1iqpa2c.37.1.20.aln -            290   2.1e-55  183.4   0.1   1   1   7.3e-57   2.3e-55  183.2   0.1     1   289     8   314     8   315 0.99 -
d1svma_c.37.1.20     -            362 d1iqpa2c.37.1.20.aln -            290   2.3e-52  173.4   0.0   1   1   8.3e-54   2.6e-52  173.2   0.0     4   290     1   355     1   355 0.99 -
d1um8a_c.37.1.20     -            364 d1iqpa2c.37.1.20.aln -            290   3.6e-52  172.7   1.5   1   1   1.4e-53   4.3e-52  172.5   1.5     1   282     3   364     3   364 0.99 -
d1njfa_c.37.1.20     -            239 d1iqpa2c.37.1.20.aln -            290   2.9e-48  159.9   0.0   1   1     1e-49   3.3e-48  159.7   0.0    17   240     1   231     1   238 0.97 -
d2a5yb3c.37.1.20     -            277 d1iqpa2c.37.1.20.aln -            290   1.4e-47  157.7   0.0   1   1   4.8e-49   1.5e-47  157.5   0.0     8   273     1   276     1   277 0.99 -
d1sxja2c.37.1.20     -            253 d1iqpa2c.37.1.20.aln -            290   1.2e-46  154.6   0.0   1   1   4.1e-48   1.3e-46  154.5   0.0     2   249     1   250     1   252 0.98 -
d1g8pa_c.37.1.20     -            333 d1iqpa2c.37.1.20.aln -            290   1.3e-44  147.9   0.1   1   1   4.7e-46   1.5e-44  147.7   0.1     1   289     2   318     2   319 0.99 -
d1u0ja_c.37.1.20     -            267 d1iqpa2c.37.1.20.aln -            290   6.8e-44  145.6   0.0   1   1   2.6e-45   8.3e-44  145.3   0.0    13   272     2   265     1   266 0.99 -
d1in4a2c.37.1.20     -            238 d1iqpa2c.37.1.20.aln -            290   2.1e-43  143.9   1.6   1   1   7.5e-45   2.4e-43  143.8   1.6    18   256     4   237     1   238 0.95 -
d2fnaa2c.37.1.20     -            283 d1iqpa2c.37.1.20.aln -            290   4.5e-43  142.9   2.5   1   1   1.6e-44     5e-43  142.7   2.5     8   279     1   282     1   283 0.99 -
d1d2na_c.37.1.20     -            246 d1iqpa2c.37.1.20.aln -            290   9.6e-43  141.8   0.1   1   1   3.3e-44     1e-42  141.6   0.1    11   252     3   244     1   246 0.98 -
d1fnna2c.37.1.20     -            276 d1iqpa2c.37.1.20.aln -            290   4.7e-42  139.5   0.0   1   1   1.7e-43   5.2e-42  139.4   0.0    11   264     2   275     1   276 0.99 -
d1w5sa2c.37.1.20     -            287 d1iqpa2c.37.1.20.aln -            290   2.5e-39  130.5   0.2   1   1   8.9e-41   2.8e-39  130.4   0.2    12   272     3   286     1   287 0.99 -
d1ny5a2c.37.1.20     -            247 d1iqpa2c.37.1.20.aln -            290   1.4e-38  128.1   1.0   1   1   4.8e-40   1.5e-38  128.0   1.0    21   261     1   245     1   247 0.99 -
d1iqpa2c.37.1.20     -            231 d1iqpa2c.37.1.20.aln -            290   1.9e-37  124.4   0.5   1   1   7.1e-39   2.2e-37  124.2   0.5    16   234    12   219     6   227 0.96 -
d2p65a_c.37.1.20     -            185 d1iqpa2c.37.1.20.aln -            290     7e-37  122.5   0.3   1   1   2.4e-38   7.7e-37  122.4   0.3     8   182     1   184     1   185 0.98 -
d1tuea_c.37.1.20     -            205 d1iqpa2c.37.1.20.aln -            290   1.6e-32  108.3   0.0   1   1   5.7e-34   1.8e-32  108.1   0.0    18   237     3   201     1   204 0.98 -
d1a5ta2c.37.1.20     -            207 d1iqpa2c.37.1.20.aln -            290   1.4e-30  101.8   0.0   1   1   5.1e-32   1.6e-30  101.6   0.0    25   243     2   205     1   206 0.98 -
d1l8qa2c.37.1.20     -            213 d1iqpa2c.37.1.20.aln -            290   1.7e-28   95.0   1.8   1   1   6.1e-30   1.9e-28   94.8   1.8    16   251     1   213     1   213 0.99 -
d1jqlb_c.37.1.20     -            140 d1iqpa2c.37.1.20.aln -            290   7.3e-24   79.8   0.0   1   1   2.5e-25     8e-24   79.7   0.0    20   167     2   139     1   140 0.98 -
d2gnoa2c.37.1.20     -            198 d1iqpa2c.37.1.20.aln -            290   1.2e-22   75.9   0.4   1   1   4.1e-24   1.3e-22   75.7   0.4    22   242     1   197     1   198 0.98 -
d1qzma_c.37.1.20     -             94 d1iqpa2c.37.1.20.aln -            290   8.1e-07   23.9   0.2   1   1   2.7e-08   8.6e-07   23.8   0.2    24   102     2    75     1    93 0.91 -
d1y63a_c.37.1.1      -            174 d1iqpa2c.37.1.20.aln -            290   8.8e-06   20.5   0.0   1   1   5.7e-07   1.8e-05   19.4   0.0    51    84     7    40     7    43 0.91 -
#
# Program:         hmmsearch
# Version:         3.3.2 (Nov 2020)
# Pipeline mode:   SEARCH
# Query file:      /home/elise/Documents/M1-BIM/S2/TMEs/SBAS/tme08/models/d1iqpa2c.37.1.20.aln.hmm
# Target file:     /home/elise/Documents/M1-BIM/S2/TMEs/SBAS/tme08/scop/scop/scopTestSeq.fasta
# Option settings: hmmsearch --domtblout /home/elise/Documents/M1-BIM/S2/TMEs/SBAS/tme08/searchResults/d1iqpa2c.37.1.20.aln.out -E 1 /home/elise/Documents/M1-BIM/S2/TMEs/SBAS/tme08/models/d1iqpa2c.37.1.20.aln.hmm /home/elise/Documents/M1-BIM/S2/TMEs/SBAS/tme08/scop/scop/scopTestSeq.fasta 
# Current dir:     /home/elise/Documents/M1-BIM/S2/TMEs/SBAS/tme08
# Date:            Tue Apr  1 17:30:32 2025
# [ok]
