#                                                                            --- full sequence --- -------------- this domain -------------   hmm coord   ali coord   env coord
# target name        accession   tlen query name           accession   qlen   E-value  score  bias   #  of  c-Evalue  i-Evalue  score  bias  from    to  from    to  from    to  acc description of target
#------------------- ---------- ----- -------------------- ---------- ----- --------- ------ ----- --- --- --------- --------- ------ ----- ----- ----- ----- ----- ----- ----- ---- ---------------------
d1jeta_c.94.1.1      -            517 d1ixca2c.94.1.1.aln  -            340     1e-57  191.8  14.3   1   1     5e-59   1.5e-57  191.2  14.3     2   340    80   505    79   505 1.00 -
d3vlva_c.94.1.1      -            490 d1ixca2c.94.1.1.aln  -            340   7.3e-46  152.9  10.7   1   2       1.5        43   -0.3   0.0   157   191    22    54    19    79 0.76 -
d3vlva_c.94.1.1      -            490 d1ixca2c.94.1.1.aln  -            340   7.3e-46  152.9  10.7   2   2   2.5e-47   7.3e-46  152.9  10.7     1   339   105   484   105   485 0.99 -
d1q35a_c.94.1.1      -            318 d1ixca2c.94.1.1.aln  -            340     7e-41  136.6   3.8   1   1   2.6e-42   7.7e-41  136.4   3.8    21   323     3   317     1   318 0.96 -
d1uqwa_c.94.1.1      -            487 d1ixca2c.94.1.1.aln  -            340   2.1e-37  125.2  11.6   1   1   8.7e-39   2.5e-37  124.9  11.6     2   339    52   478    51   479 0.96 -
d1nnfa_c.94.1.1      -            308 d1ixca2c.94.1.1.aln  -            340   6.5e-37  123.6  11.3   1   1   2.4e-38   7.1e-37  123.5  11.3    21   311     1   301     1   308 0.97 -
d1ursa_c.94.1.1      -            367 d1ixca2c.94.1.1.aln  -            340   1.2e-35  119.4   9.9   1   1   4.7e-37   1.4e-35  119.2   9.9    17   340     3   359     1   359 0.98 -
d1eu8a_c.94.1.1      -            407 d1ixca2c.94.1.1.aln  -            340   8.5e-34  113.4   8.2   1   1   3.3e-35   9.7e-34  113.2   8.2     2   340     4   395     3   395 0.99 -
d1pb7a_c.94.1.1      -            289 d1ixca2c.94.1.1.aln  -            340   2.7e-33  111.7   0.0   1   1     1e-34     3e-33  111.6   0.0    46   324     2   287     1   289 0.98 -
d1vr5a1c.94.1.1      -            535 d1ixca2c.94.1.1.aln  -            340   4.2e-32  107.8  12.3   1   1   1.8e-33   5.4e-32  107.5  12.3     2   339    73   509    72   510 0.99 -
d3thia_c.94.1.1      -            362 d1ixca2c.94.1.1.aln  -            340   1.8e-31  105.8   0.3   1   1   6.8e-33     2e-31  105.6   0.3     2   332     8   357     7   362 0.99 -
d1ixha_c.94.1.1      -            321 d1ixca2c.94.1.1.aln  -            340   1.3e-30  102.9  14.8   1   1   5.1e-32   1.5e-30  102.7  14.8     1   330     1   320     1   321 0.93 -
d1r9la_c.94.1.1      -            309 d1ixca2c.94.1.1.aln  -            340   1.1e-29  100.0  11.5   1   1     4e-31   1.2e-29   99.8  11.5    17   324     3   306     1   309 0.98 -
d2nooa_c.94.1.1      -            496 d1ixca2c.94.1.1.aln  -            340   9.1e-28   93.6   0.7   1   1   3.6e-29   1.1e-27   93.4   0.7     2   337    51   484    50   487 0.98 -
d1xoca1c.94.1.1      -            504 d1ixca2c.94.1.1.aln  -            340   1.1e-27   93.4  17.9   1   1   4.9e-29   1.4e-27   93.0  17.9     6   339    65   493    61   494 0.94 -
d1sbpa_c.94.1.1      -            309 d1ixca2c.94.1.1.aln  -            340   4.2e-25   84.9  11.0   1   1   1.6e-26   4.7e-25   84.7  11.0    13   324     1   307     1   309 0.99 -
d2czla1c.94.1.1      -            270 d1ixca2c.94.1.1.aln  -            340   1.1e-19   67.2   0.0   1   1   4.7e-21   1.4e-19   66.8   0.0    53   312    10   256     2   265 0.93 -
d1us5a_c.94.1.1      -            298 d1ixca2c.94.1.1.aln  -            340   7.3e-19   64.5   1.2   1   1   2.9e-20   8.3e-19   64.3   1.2    21   332     7   296     1   297 0.96 -
d1al3a_c.94.1.1      -            237 d1ixca2c.94.1.1.aln  -            340   3.3e-15   52.5   0.0   1   1   1.2e-16   3.6e-15   52.4   0.0    52   316     2   230     1   237 0.95 -
d1xt8a1c.94.1.1      -            248 d1ixca2c.94.1.1.aln  -            340   8.1e-15   51.2   5.5   1   1   3.1e-16   9.2e-15   51.0   5.5    55   315    13   245     5   248 0.95 -
d2nxoa1c.94.1.1      -            277 d1ixca2c.94.1.1.aln  -            340   6.7e-14   48.2   0.0   1   1   2.5e-15   7.3e-14   48.1   0.0    46   328     4   277     1   277 0.97 -
d1twya_c.94.1.1      -            249 d1ixca2c.94.1.1.aln  -            340   3.6e-13   45.8   0.1   1   1   1.3e-14   3.9e-13   45.7   0.1    45   313     4   240     1   248 0.95 -
d1atga_c.94.1.1      -            231 d1ixca2c.94.1.1.aln  -            340   4.5e-13   45.5   1.5   1   1   1.8e-14   5.2e-13   45.3   1.5    46   302     4   227     1   231 0.94 -
d1sw5a_c.94.1.1      -            270 d1ixca2c.94.1.1.aln  -            340   5.3e-13   45.3   6.0   1   1     2e-14   5.8e-13   45.1   6.0    37   326     8   270     1   270 0.95 -
d2i6ea1c.94.1.1      -            272 d1ixca2c.94.1.1.aln  -            340   6.3e-13   45.0   0.0   1   1   2.7e-14   7.8e-13   44.7   0.0    83   332    18   269     5   271 0.94 -
d2ozza1c.94.1.1      -            228 d1ixca2c.94.1.1.aln  -            340   2.2e-11   39.9   0.0   1   1   8.3e-13   2.4e-11   39.8   0.0    46   307     3   226     1   228 0.95 -
d1ve4a1c.94.1.1      -            206 d1ixca2c.94.1.1.aln  -            340   1.1e-10   37.6   0.0   1   1   4.5e-12   1.3e-10   37.4   0.0    49   288     6   200     1   202 0.91 -
d2esna2c.94.1.1      -            212 d1ixca2c.94.1.1.aln  -            340   2.6e-10   36.4   0.0   1   1     1e-11     3e-10   36.2   0.0    92   307     3   208     1   211 0.94 -
#
# Program:         hmmsearch
# Version:         3.3.2 (Nov 2020)
# Pipeline mode:   SEARCH
# Query file:      /home/elise/Documents/M1-BIM/S2/TMEs/SBAS/tme08/models/d1ixca2c.94.1.1.aln.hmm
# Target file:     /home/elise/Documents/M1-BIM/S2/TMEs/SBAS/tme08/scop/scop/scopTestSeq.fasta
# Option settings: hmmsearch --domtblout /home/elise/Documents/M1-BIM/S2/TMEs/SBAS/tme08/searchResults/d1ixca2c.94.1.1.aln.out -E 1 /home/elise/Documents/M1-BIM/S2/TMEs/SBAS/tme08/models/d1ixca2c.94.1.1.aln.hmm /home/elise/Documents/M1-BIM/S2/TMEs/SBAS/tme08/scop/scop/scopTestSeq.fasta 
# Current dir:     /home/elise/Documents/M1-BIM/S2/TMEs/SBAS/tme08
# Date:            Tue Apr  1 17:30:32 2025
# [ok]
