#                                                                            --- full sequence --- -------------- this domain -------------   hmm coord   ali coord   env coord
# target name        accession   tlen query name           accession   qlen   E-value  score  bias   #  of  c-Evalue  i-Evalue  score  bias  from    to  from    to  from    to  acc description of target
#------------------- ---------- ----- -------------------- ---------- ----- --------- ------ ----- --- --- --------- --------- ------ ----- ----- ----- ----- ----- ----- ----- ---- ---------------------
d1jeta_c.94.1.1      -            517 d1ixha_c.94.1.1.aln  -            318   3.5e-50  166.8  10.8   1   1   2.1e-51   5.5e-50  166.2  10.8     1   317   130   515   130   516 0.98 -
d1nnfa_c.94.1.1      -            308 d1ixha_c.94.1.1.aln  -            318   7.2e-42  139.6   9.6   1   1     3e-43     8e-42  139.5   9.6    15   304     2   307     1   308 0.97 -
d3vlva_c.94.1.1      -            490 d1ixha_c.94.1.1.aln  -            318   3.4e-40  134.1   6.8   1   1   1.6e-41   4.3e-40  133.8   6.8     1   317    10   411    10   412 0.99 -
d1q35a_c.94.1.1      -            318 d1ixha_c.94.1.1.aln  -            318     2e-37  125.1   2.5   1   1   8.4e-39   2.2e-37  124.9   2.5    13   310     2   317     1   318 0.96 -
d1ursa_c.94.1.1      -            367 d1ixha_c.94.1.1.aln  -            318     3e-36  121.2   9.0   1   1   1.3e-37   3.4e-36  121.1   9.0    10   318     3   356     1   356 0.97 -
d1uqwa_c.94.1.1      -            487 d1ixha_c.94.1.1.aln  -            318   1.1e-31  106.3   9.5   1   1   5.1e-33   1.3e-31  106.0   9.5     2   313   105   484   104   487 0.98 -
d1eu8a_c.94.1.1      -            407 d1ixha_c.94.1.1.aln  -            318   2.8e-31  105.0   6.4   1   1   1.3e-32   3.4e-31  104.7   6.4    25   316    24   407    10   407 0.98 -
d2nooa_c.94.1.1      -            496 d1ixha_c.94.1.1.aln  -            318     6e-31  103.9   0.5   1   1     3e-32     8e-31  103.5   0.5     2   315   102   495   101   496 0.97 -
d1vr5a1c.94.1.1      -            535 d1ixha_c.94.1.1.aln  -            318   6.2e-30  100.6  11.4   1   1   3.1e-31   8.1e-30  100.2  11.4     1   318   103   521   103   521 0.99 -
d1pb7a_c.94.1.1      -            289 d1ixha_c.94.1.1.aln  -            318   1.3e-29   99.5   0.0   1   1   5.5e-31   1.4e-29   99.4   0.0    13   293     1   288     1   289 0.96 -
d1xoca1c.94.1.1      -            504 d1ixha_c.94.1.1.aln  -            318   7.8e-28   93.7  15.1   1   1   3.8e-29     1e-27   93.3  15.1     2   316   106   502   105   504 0.99 -
d1r9la_c.94.1.1      -            309 d1ixha_c.94.1.1.aln  -            318   3.1e-25   85.2   9.8   1   1   1.4e-26   3.6e-25   85.0   9.8     9   316     5   302     1   303 0.98 -
d3thia_c.94.1.1      -            362 d1ixha_c.94.1.1.aln  -            318   1.5e-24   83.0   0.3   1   1   6.2e-26   1.6e-24   82.8   0.3     2   316     2   360     1   362 0.98 -
d2czla1c.94.1.1      -            270 d1ixha_c.94.1.1.aln  -            318   2.1e-21   72.7   0.0   1   1   9.9e-23   2.6e-21   72.4   0.0    20   304     8   262     5   269 0.96 -
d1sbpa_c.94.1.1      -            309 d1ixha_c.94.1.1.aln  -            318   8.8e-19   64.1   9.4   1   1     4e-20   1.1e-18   63.8   9.4    14   317     5   306     1   307 0.92 -
d2i6ea1c.94.1.1      -            272 d1ixha_c.94.1.1.aln  -            318   1.4e-16   56.8   0.0   1   1   6.6e-18   1.7e-16   56.6   0.0    14   296     4   268     1   271 0.98 -
d1us5a_c.94.1.1      -            298 d1ixha_c.94.1.1.aln  -            318   1.7e-16   56.6   1.7   1   1   7.2e-18   1.9e-16   56.4   1.7    14   314     4   296     1   298 0.97 -
d1ixha_c.94.1.1      -            321 d1ixha_c.94.1.1.aln  -            318   7.2e-16   54.5  11.8   1   1     3e-17   7.9e-16   54.4  11.8    16   314     6   318     1   321 0.89 -
d1xt8a1c.94.1.1      -            248 d1ixha_c.94.1.1.aln  -            318   1.8e-14   50.0   3.9   1   1   7.8e-16   2.1e-14   49.8   3.9    49   302    24   246     3   248 0.89 -
d2nxoa1c.94.1.1      -            277 d1ixha_c.94.1.1.aln  -            318   3.1e-14   49.2   0.0   1   1   1.3e-15   3.4e-14   49.1   0.0    14   305     2   274     1   277 0.96 -
d1sw5a_c.94.1.1      -            270 d1ixha_c.94.1.1.aln  -            318   3.7e-13   45.7   4.2   1   1   1.8e-14   4.7e-13   45.3   4.2    47   303    27   264     4   268 0.93 -
d1al3a_c.94.1.1      -            237 d1ixha_c.94.1.1.aln  -            318     1e-12   44.3   0.0   1   1   4.2e-14   1.1e-12   44.1   0.0    20   304     1   234     1   237 0.95 -
d2esna2c.94.1.1      -            212 d1ixha_c.94.1.1.aln  -            318   3.2e-12   42.6   0.0   1   1   1.4e-13   3.8e-12   42.4   0.0    19   282     3   204     1   209 0.94 -
d1twya_c.94.1.1      -            249 d1ixha_c.94.1.1.aln  -            318   4.2e-10   35.7   0.1   1   1   1.8e-11   4.8e-10   35.5   0.1    19   288     8   243     3   249 0.92 -
d2ozza1c.94.1.1      -            228 d1ixha_c.94.1.1.aln  -            318   5.5e-10   35.3   0.0   1   1   2.7e-11     7e-10   35.0   0.0    65   286    25   221    18   227 0.92 -
d1i6aa_c.94.1.1      -            212 d1ixha_c.94.1.1.aln  -            318   1.5e-09   33.9   0.0   1   1   6.8e-11   1.8e-09   33.6   0.0    49   265    12   195     7   210 0.93 -
d1ii5a_c.94.1.1      -            226 d1ixha_c.94.1.1.aln  -            318   1.2e-08   30.9   0.1   1   1   5.2e-10   1.4e-08   30.7   0.1    25   279    15   217     2   226 0.89 -
d2qmwa1c.94.1.1      -            184 d1ixha_c.94.1.1.aln  -            318   2.2e-06   23.5   0.1   1   1   8.7e-08   2.3e-06   23.5   0.1    75   282     9   183     1   184 0.94 -
d1ve4a1c.94.1.1      -            206 d1ixha_c.94.1.1.aln  -            318   3.7e-05   19.5   0.8   1   1     6e-06   0.00016   17.4   0.8   175   275   109   201    12   203 0.85 -
d1ixca2c.94.1.1      -            205 d1ixha_c.94.1.1.aln  -            318    0.0016   14.2   0.0   1   1   7.3e-05    0.0019   13.9   0.0   137   278    74   203    60   205 0.91 -
#
# Program:         hmmsearch
# Version:         3.3.2 (Nov 2020)
# Pipeline mode:   SEARCH
# Query file:      /home/elise/Documents/M1-BIM/S2/TMEs/SBAS/tme08/models/d1ixha_c.94.1.1.aln.hmm
# Target file:     /home/elise/Documents/M1-BIM/S2/TMEs/SBAS/tme08/scop/scop/scopTestSeq.fasta
# Option settings: hmmsearch --domtblout /home/elise/Documents/M1-BIM/S2/TMEs/SBAS/tme08/searchResults/d1ixha_c.94.1.1.aln.out -E 1 /home/elise/Documents/M1-BIM/S2/TMEs/SBAS/tme08/models/d1ixha_c.94.1.1.aln.hmm /home/elise/Documents/M1-BIM/S2/TMEs/SBAS/tme08/scop/scop/scopTestSeq.fasta 
# Current dir:     /home/elise/Documents/M1-BIM/S2/TMEs/SBAS/tme08
# Date:            Tue Apr  1 17:30:32 2025
# [ok]
