#                                                                            --- full sequence --- -------------- this domain -------------   hmm coord   ali coord   env coord
# target name        accession   tlen query name           accession   qlen   E-value  score  bias   #  of  c-Evalue  i-Evalue  score  bias  from    to  from    to  from    to  acc description of target
#------------------- ---------- ----- -------------------- ---------- ----- --------- ------ ----- --- --- --------- --------- ------ ----- ----- ----- ----- ----- ----- ----- ---- ---------------------
d1jbea_c.23.1.1      -            128 d1jbea_c.23.1.1.aln  -            126   1.5e-41  136.6   0.0   1   1   3.6e-43   1.7e-41  136.5   0.0     3   124     5   126     3   128 0.96 -
d1kgsa2c.23.1.1      -            122 d1jbea_c.23.1.1.aln  -            126   1.4e-40  133.6   0.2   1   1   3.2e-42   1.5e-40  133.4   0.2     3   125     2   121     1   122 0.94 -
d1mb3a_c.23.1.1      -            123 d1jbea_c.23.1.1.aln  -            126   2.2e-36  120.0   0.1   1   1   5.1e-38   2.4e-36  119.9   0.1     3   124     2   122     1   123 0.93 -
d1dz3a_c.23.1.1      -            123 d1jbea_c.23.1.1.aln  -            126   6.5e-35  115.2   0.0   1   1   1.5e-36   7.1e-35  115.1   0.0     3   122     2   121     1   123 0.97 -
d1s8na_c.23.1.1      -            190 d1jbea_c.23.1.1.aln  -            126   1.1e-34  114.5   0.2   1   1   3.8e-36   1.8e-34  113.8   0.2     3   125     4   123     2   124 0.95 -
d1dbwa_c.23.1.1      -            123 d1jbea_c.23.1.1.aln  -            126   4.5e-34  112.5   0.2   1   1     1e-35   4.8e-34  112.4   0.2     2   123     3   121     2   123 0.95 -
d2r25b_c.23.1.1      -            133 d1jbea_c.23.1.1.aln  -            126   9.7e-34  111.4   0.1   1   1   2.3e-35   1.1e-33  111.3   0.1     2   124     2   128     1   130 0.92 -
d1k66a_c.23.1.1      -            149 d1jbea_c.23.1.1.aln  -            126   2.2e-33  110.3   0.0   1   1   5.3e-35   2.5e-33  110.1   0.0     4   124     8   139     5   141 0.98 -
d2v0na2c.23.1.1      -            153 d1jbea_c.23.1.1.aln  -            126   1.1e-30  101.6   0.1   1   1     3e-32   1.4e-30  101.2   0.1     4   125    15   133    13   134 0.98 -
d3cfya_c.23.1.0      -            130 d1jbea_c.23.1.1.aln  -            126   1.2e-26   88.5   0.1   1   1   2.9e-28   1.3e-26   88.4   0.1     3   124     3   121     1   123 0.93 -
d3heba_c.23.1.0      -            142 d1jbea_c.23.1.1.aln  -            126   9.4e-26   85.6   0.0   1   1   2.6e-27   1.2e-25   85.3   0.0     4   120     2   128     1   131 0.96 -
d2b4aa1c.23.1.1      -            118 d1jbea_c.23.1.1.aln  -            126     4e-25   83.6   0.0   1   1   9.3e-27   4.3e-25   83.5   0.0     2   120     2   115     1   118 0.97 -
d3khta_c.23.1.0      -            132 d1jbea_c.23.1.1.aln  -            126   1.3e-23   78.7   0.0   1   1   3.3e-25   1.5e-23   78.5   0.0     3   109     2   109     1   126 0.87 -
d3eqza_c.23.1.0      -            124 d1jbea_c.23.1.1.aln  -            126   3.1e-16   54.8   0.0   1   1   9.5e-18   4.4e-16   54.4   0.0     4   119     3   119     2   124 0.73 -
d2plna_c.23.1.0      -            118 d1jbea_c.23.1.1.aln  -            126   3.3e-14   48.3   0.1   1   1   8.4e-16   3.9e-14   48.1   0.1     2   120     4   116     3   118 0.90 -
d3ktoa_c.23.1.0      -            122 d1jbea_c.23.1.1.aln  -            126   8.7e-14   47.0   0.2   1   1   2.1e-15   9.8e-14   46.8   0.2     5   122     3   119     1   122 0.90 -
d1q0qa2c.2.1.3       -            152 d1jbea_c.23.1.1.aln  -            126    0.0028   13.0   0.5   1   2      0.75        35   -0.2   0.0    62    94    14    44    13    50 0.67 -
d1q0qa2c.2.1.3       -            152 d1jbea_c.23.1.1.aln  -            126    0.0028   13.0   0.5   2   2   0.00025     0.011   11.0   0.2     7    51    55    97    49   102 0.74 -
#
# Program:         hmmsearch
# Version:         3.3.2 (Nov 2020)
# Pipeline mode:   SEARCH
# Query file:      /home/elise/Documents/M1-BIM/S2/TMEs/SBAS/tme08/models/d1jbea_c.23.1.1.aln.hmm
# Target file:     /home/elise/Documents/M1-BIM/S2/TMEs/SBAS/tme08/scop/scop/scopTestSeq.fasta
# Option settings: hmmsearch --domtblout /home/elise/Documents/M1-BIM/S2/TMEs/SBAS/tme08/searchResults/d1jbea_c.23.1.1.aln.out -E 1 /home/elise/Documents/M1-BIM/S2/TMEs/SBAS/tme08/models/d1jbea_c.23.1.1.aln.hmm /home/elise/Documents/M1-BIM/S2/TMEs/SBAS/tme08/scop/scop/scopTestSeq.fasta 
# Current dir:     /home/elise/Documents/M1-BIM/S2/TMEs/SBAS/tme08
# Date:            Tue Apr  1 17:30:33 2025
# [ok]
