#                                                                            --- full sequence --- -------------- this domain -------------   hmm coord   ali coord   env coord
# target name        accession   tlen query name           accession   qlen   E-value  score  bias   #  of  c-Evalue  i-Evalue  score  bias  from    to  from    to  from    to  acc description of target
#------------------- ---------- ----- -------------------- ---------- ----- --------- ------ ----- --- --- --------- --------- ------ ----- ----- ----- ----- ----- ----- ----- ---- ---------------------
d1g0sa_d.113.1.1     -            209 d1jkna_d.113.1.1.aln -            185   3.6e-48  158.9   1.2   1   1   8.2e-50   4.1e-48  158.7   1.2     2   180    20   209    19   209 0.99 -
d1q33a_d.113.1.1     -            292 d1jkna_d.113.1.1.aln -            185   2.1e-47  156.4   0.0   1   1   5.5e-49   2.7e-47  156.0   0.0     2   185    91   285    90   285 0.99 -
d1nqza_d.113.1.1     -            187 d1jkna_d.113.1.1.aln -            185     6e-47  154.9   0.1   1   1   1.4e-48   6.7e-47  154.7   0.1     2   185     2   185     1   185 0.99 -
d3o69a_d.113.1.1     -            190 d1jkna_d.113.1.1.aln -            185   4.6e-45  148.7   0.0   1   1     1e-46   5.1e-45  148.6   0.0     1   175     8   190     8   190 0.98 -
d2b06a1d.113.1.1     -            155 d1jkna_d.113.1.1.aln -            185   3.3e-43  142.7   0.0   1   1   7.3e-45   3.6e-43  142.6   0.0    26   179     1   154     1   155 0.98 -
d2fvva1d.113.1.1     -            135 d1jkna_d.113.1.1.aln -            185     4e-43  142.4   1.0   1   1   8.7e-45   4.3e-43  142.3   1.0    25   162     2   133     1   135 0.98 -
d1ktga_d.113.1.1     -            137 d1jkna_d.113.1.1.aln -            185   2.6e-42  139.8   0.1   1   1   6.3e-44   3.1e-42  139.5   0.1    29   168     3   135     1   136 0.97 -
d1vhza_d.113.1.1     -            186 d1jkna_d.113.1.1.aln -            185   1.5e-41  137.3   0.0   1   1   3.4e-43   1.7e-41  137.1   0.0     2   173     2   185     1   186 0.98 -
d2azwa1d.113.1.1     -            147 d1jkna_d.113.1.1.aln -            185   1.7e-41  137.1   0.9   1   1   4.3e-43   2.1e-41  136.8   0.9    22   166     1   145     1   146 0.98 -
d1sjya_d.113.1.1     -            158 d1jkna_d.113.1.1.aln -            185   4.9e-41  135.6   0.4   1   1   1.1e-42   5.3e-41  135.5   0.4    20   177     1   155     1   158 0.98 -
d1v8ya_d.113.1.1     -            158 d1jkna_d.113.1.1.aln -            185   3.1e-39  129.7   2.6   1   1   6.9e-41   3.4e-39  129.6   2.6    17   173     2   157     1   158 0.97 -
d3zr0a_d.113.1.1     -            154 d1jkna_d.113.1.1.aln -            185   1.2e-38  127.8   0.0   1   1   2.7e-40   1.3e-38  127.7   0.0    29   184     3   153     1   154 0.96 -
d1k2ea_d.113.1.1     -            152 d1jkna_d.113.1.1.aln -            185     1e-35  118.3   0.6   1   1   2.5e-37   1.2e-35  118.0   0.6    48   183    10   152     5   152 0.97 -
d2b0va1d.113.1.1     -            146 d1jkna_d.113.1.1.aln -            185   4.2e-35  116.3   0.0   1   1   9.1e-37   4.5e-35  116.2   0.0    30   180     4   145     1   146 0.94 -
d3a6sa_d.113.1.1     -            129 d1jkna_d.113.1.1.aln -            185   1.1e-33  111.7   0.8   1   1   2.3e-35   1.2e-33  111.6   0.8    29   167     5   129     1   129 0.95 -
d1jkna_d.113.1.1     -            165 d1jkna_d.113.1.1.aln -            185   4.3e-11   38.0   0.2   1   1   1.4e-12   6.8e-11   37.3   0.2    44    95    21    72    11   144 0.88 -
#
# Program:         hmmsearch
# Version:         3.3.2 (Nov 2020)
# Pipeline mode:   SEARCH
# Query file:      /home/elise/Documents/M1-BIM/S2/TMEs/SBAS/tme08/models/d1jkna_d.113.1.1.aln.hmm
# Target file:     /home/elise/Documents/M1-BIM/S2/TMEs/SBAS/tme08/scop/scop/scopTestSeq.fasta
# Option settings: hmmsearch --domtblout /home/elise/Documents/M1-BIM/S2/TMEs/SBAS/tme08/searchResults/d1jkna_d.113.1.1.aln.out -E 1 /home/elise/Documents/M1-BIM/S2/TMEs/SBAS/tme08/models/d1jkna_d.113.1.1.aln.hmm /home/elise/Documents/M1-BIM/S2/TMEs/SBAS/tme08/scop/scop/scopTestSeq.fasta 
# Current dir:     /home/elise/Documents/M1-BIM/S2/TMEs/SBAS/tme08
# Date:            Tue Apr  1 17:30:33 2025
# [ok]
