#                                                                            --- full sequence --- -------------- this domain -------------   hmm coord   ali coord   env coord
# target name        accession   tlen query name           accession   qlen   E-value  score  bias   #  of  c-Evalue  i-Evalue  score  bias  from    to  from    to  from    to  acc description of target
#------------------- ---------- ----- -------------------- ---------- ----- --------- ------ ----- --- --- --------- --------- ------ ----- ----- ----- ----- ----- ----- ----- ---- ---------------------
d2jhfa1b.35.1.2      -            199 d1jqba1b.35.1.2.aln  -            172   1.1e-67  222.8   0.1   1   1   1.7e-69   1.2e-67  222.7   0.1     1   170     5   198     5   199 0.98 -
d1piwa1b.35.1.2      -            193 d1jqba1b.35.1.2.aln  -            172   1.3e-51  170.5   1.2   1   1   2.1e-53   1.5e-51  170.3   1.2     2   170     6   184     5   186 0.98 -
d1pl8a1b.35.1.2      -            186 d1jqba1b.35.1.2.aln  -            172   2.4e-49  163.1   0.0   1   1   4.3e-51   3.1e-49  162.8   0.0     8   169    10   177     4   179 0.95 -
d1h2ba1b.35.1.2      -            172 d1jqba1b.35.1.2.aln  -            172   8.2e-49  161.4   0.1   1   1   1.3e-50   9.1e-49  161.3   0.1     6   171     1   171     1   172 0.98 -
d1f8fa1b.35.1.2      -            195 d1jqba1b.35.1.2.aln  -            172     7e-48  158.4   0.0   1   1   1.5e-49   1.1e-47  157.8   0.0     4   171     3   194     1   195 0.97 -
d1kola1b.35.1.2      -            202 d1jqba1b.35.1.2.aln  -            172   1.3e-41  138.0   0.6   1   1     2e-43   1.5e-41  137.8   0.6     5   170     7   195     3   197 0.96 -
d1jqba1b.35.1.2      -            178 d1jqba1b.35.1.2.aln  -            172   5.8e-35  116.3   0.0   1   1   9.2e-37   6.6e-35  116.1   0.0     9   169     4   174     1   177 0.94 -
d1yb5a1b.35.1.2      -            151 d1jqba1b.35.1.2.aln  -            172   1.1e-34  115.3   0.0   1   1   8.9e-36   6.4e-34  112.9   0.0     3   170     3   148     1   150 0.89 -
d1gu7a1b.35.1.2      -            176 d1jqba1b.35.1.2.aln  -            172   2.4e-31  104.6   0.0   1   1   3.7e-33   2.7e-31  104.4   0.0     2   171     4   175     3   176 0.97 -
d1o89a1b.35.1.2      -            147 d1jqba1b.35.1.2.aln  -            172   1.5e-28   95.5   0.0   1   1   2.8e-30     2e-28   95.0   0.0     4   171     2   146     1   147 0.97 -
d2dm6a1b.35.1.2      -            148 d1jqba1b.35.1.2.aln  -            172   2.1e-24   81.9   0.0   1   1   3.6e-26   2.6e-24   81.7   0.0     5   171     1   147     1   148 0.98 -
#
# Program:         hmmsearch
# Version:         3.3.2 (Nov 2020)
# Pipeline mode:   SEARCH
# Query file:      /home/elise/Documents/M1-BIM/S2/TMEs/SBAS/tme08/models/d1jqba1b.35.1.2.aln.hmm
# Target file:     /home/elise/Documents/M1-BIM/S2/TMEs/SBAS/tme08/scop/scop/scopTestSeq.fasta
# Option settings: hmmsearch --domtblout /home/elise/Documents/M1-BIM/S2/TMEs/SBAS/tme08/searchResults/d1jqba1b.35.1.2.aln.out -E 1 /home/elise/Documents/M1-BIM/S2/TMEs/SBAS/tme08/models/d1jqba1b.35.1.2.aln.hmm /home/elise/Documents/M1-BIM/S2/TMEs/SBAS/tme08/scop/scop/scopTestSeq.fasta 
# Current dir:     /home/elise/Documents/M1-BIM/S2/TMEs/SBAS/tme08
# Date:            Tue Apr  1 17:30:33 2025
# [ok]
