#                                                                            --- full sequence --- -------------- this domain -------------   hmm coord   ali coord   env coord
# target name        accession   tlen query name           accession   qlen   E-value  score  bias   #  of  c-Evalue  i-Evalue  score  bias  from    to  from    to  from    to  acc description of target
#------------------- ---------- ----- -------------------- ---------- ----- --------- ------ ----- --- --- --------- --------- ------ ----- ----- ----- ----- ----- ----- ----- ---- ---------------------
d1c9oa_b.40.4.5      -             66 d1jt8a_b.40.4.5.aln  -             89   9.4e-14   47.0   0.1   1   1   3.9e-15   9.9e-14   47.0   0.1    12    82     2    65     1    66 0.95 -
d3bzka4b.40.4.5      -             94 d1jt8a_b.40.4.5.aln  -             89   3.7e-13   45.1   0.7   1   1   1.7e-14   4.4e-13   44.9   0.7     2    80    12    87    11    93 0.91 -
d1luza_b.40.4.5      -             85 d1jt8a_b.40.4.5.aln  -             89   3.8e-13   45.1   0.4   1   1   1.6e-14   4.1e-13   45.0   0.4     4    86     4    84     1    85 0.95 -
d2je6i1b.40.4.5      -             87 d1jt8a_b.40.4.5.aln  -             89   6.2e-13   44.4   0.5   1   1   2.6e-14   6.7e-13   44.3   0.5     2    87     1    86     1    87 0.94 -
d1kl9a2b.40.4.5      -             86 d1jt8a_b.40.4.5.aln  -             89     3e-12   42.2   0.5   1   1   1.3e-13   3.3e-12   42.1   0.5     3    82     8    86     6    86 0.95 -
d2uubq1b.40.4.5      -            100 d1jt8a_b.40.4.5.aln  -             89   8.5e-12   40.8   1.6   1   1     4e-13     1e-11   40.6   1.6    10    87     3    79     1    81 0.96 -
d2ja9a1b.40.4.5      -             90 d1jt8a_b.40.4.5.aln  -             89   2.5e-10   36.2   0.0   1   1   1.1e-11   2.8e-10   36.0   0.0     2    86     1    82     1    85 0.93 -
d2nn6i1b.40.4.5      -            125 d1jt8a_b.40.4.5.aln  -             89   7.5e-10   34.6   0.0   1   1   3.5e-11   8.9e-10   34.4   0.0     5    83     4    89     1    95 0.91 -
d1go3e1b.40.4.5      -            106 d1jt8a_b.40.4.5.aln  -             89   1.4e-09   33.8   0.8   1   1   6.1e-11   1.6e-09   33.6   0.8     6    87     1    89     1    91 0.92 -
d2nn6h1b.40.4.5      -             95 d1jt8a_b.40.4.5.aln  -             89   3.9e-09   32.4   0.0   1   1   1.8e-10   4.5e-09   32.2   0.0     1    85     1    92     1    95 0.91 -
d3i4oa_b.40.4.5      -             68 d1jt8a_b.40.4.5.aln  -             89   6.2e-09   31.7   0.2   1   1   2.7e-10     7e-09   31.6   0.2    11    75     4    67     2    68 0.96 -
d1rl2a2b.40.4.5      -             66 d1jt8a_b.40.4.5.aln  -             89   9.8e-09   31.1   0.2   1   1   4.1e-10     1e-08   31.0   0.2    25    87     2    65     1    66 0.92 -
d1smxa_b.40.4.5      -             87 d1jt8a_b.40.4.5.aln  -             89   1.4e-08   30.7   0.0   1   1   5.9e-10   1.5e-08   30.5   0.0    11    80     3    80     1    86 0.93 -
d2uubl1b.40.4.5      -            118 d1jt8a_b.40.4.5.aln  -             89   7.4e-08   28.3   0.6   1   1   4.3e-09   1.1e-07   27.8   0.6     2    88    22   105    21   106 0.96 -
d2vnud2b.40.4.5      -             88 d1jt8a_b.40.4.5.aln  -             89   8.2e-08   28.2   0.5   1   1   3.5e-09   8.8e-08   28.1   0.5     3    85     4    87     2    88 0.96 -
d1x6oa2b.40.4.5      -             79 d1jt8a_b.40.4.5.aln  -             89   1.5e-07   27.4   0.0   1   1   5.9e-09   1.5e-07   27.3   0.0     2    78     2    74     1    79 0.93 -
d1e3pa2b.40.4.5      -             62 d1jt8a_b.40.4.5.aln  -             89   1.6e-07   27.2   0.2   1   1   6.7e-09   1.7e-07   27.2   0.2    14    72     1    60     1    62 0.95 -
d1wfqa_b.40.4.5      -             89 d1jt8a_b.40.4.5.aln  -             89   2.8e-07   26.5   0.0   1   1   1.2e-08   3.1e-07   26.3   0.0    33    88    33    88     3    89 0.79 -
d1wi5a_b.40.4.5      -            119 d1jt8a_b.40.4.5.aln  -             89   4.9e-07   25.7   0.0   1   1   2.5e-08   6.3e-07   25.4   0.0     4    82    17    94    14    96 0.86 -
d2ix0a1b.40.4.5      -             90 d1jt8a_b.40.4.5.aln  -             89   5.7e-07   25.5   0.0   1   1   2.4e-08   6.1e-07   25.4   0.0     2    85     2    88     1    90 0.97 -
d2asba1b.40.4.5      -             76 d1jt8a_b.40.4.5.aln  -             89     3e-06   23.2   0.3   1   1   1.4e-07   3.5e-06   23.0   0.3     8    82     4    76     2    76 0.93 -
d2ix0a3b.40.4.5      -             87 d1jt8a_b.40.4.5.aln  -             89   4.3e-06   22.7   0.3   1   1   1.8e-07   4.5e-06   22.7   0.3     9    87     4    85     1    87 0.95 -
d1a62a2b.40.4.5      -             78 d1jt8a_b.40.4.5.aln  -             89   4.5e-06   22.7   0.0   1   1   1.8e-07   4.6e-06   22.6   0.0    14    85     5    73     1    76 0.89 -
d2ix0a2b.40.4.5      -             79 d1jt8a_b.40.4.5.aln  -             89   2.2e-05   20.5   0.0   1   1   9.7e-07   2.5e-05   20.3   0.0    14    82    11    77     3    78 0.81 -
d1d7qa_b.40.4.5      -            143 d1jt8a_b.40.4.5.aln  -             89   2.5e-05   20.3   0.0   1   1   1.7e-06   4.2e-05   19.6   0.0     2    87    23   115    22   117 0.93 -
d1hh2p1b.40.4.5      -             72 d1jt8a_b.40.4.5.aln  -             89   4.7e-05   19.4   0.4   1   1     2e-06   5.1e-05   19.3   0.4    11    81     6    71     1    72 0.77 -
d1y14b1b.40.4.5      -             91 d1jt8a_b.40.4.5.aln  -             89   7.3e-05   18.8   0.0   1   1   3.7e-06   9.3e-05   18.5   0.0     2    88     1    88     1    89 0.94 -
d1t9ha1b.40.4.5      -             67 d1jt8a_b.40.4.5.aln  -             89   0.00011   18.2   0.2   1   1   4.7e-06   0.00012   18.1   0.2    13    79     3    65     1    67 0.91 -
d1ne3a_b.40.4.5      -             68 d1jt8a_b.40.4.5.aln  -             89   0.00068   15.7   0.1   1   1   2.8e-05    0.0007   15.7   0.1     9    75     2    67     1    68 0.92 -
d1khia2b.40.4.5      -             71 d1jt8a_b.40.4.5.aln  -             89    0.0008   15.5   0.1   1   1   3.3e-05   0.00084   15.5   0.1    17    83     6    70     1    71 0.90 -
d1u0la1b.40.4.5      -             66 d1jt8a_b.40.4.5.aln  -             89    0.0011   15.1   0.2   1   1   4.9e-05    0.0013   14.9   0.2    12    71     3    56     2    66 0.85 -
#
# Program:         hmmsearch
# Version:         3.3.2 (Nov 2020)
# Pipeline mode:   SEARCH
# Query file:      /home/elise/Documents/M1-BIM/S2/TMEs/SBAS/tme08/models/d1jt8a_b.40.4.5.aln.hmm
# Target file:     /home/elise/Documents/M1-BIM/S2/TMEs/SBAS/tme08/scop/scop/scopTestSeq.fasta
# Option settings: hmmsearch --domtblout /home/elise/Documents/M1-BIM/S2/TMEs/SBAS/tme08/searchResults/d1jt8a_b.40.4.5.aln.out -E 1 /home/elise/Documents/M1-BIM/S2/TMEs/SBAS/tme08/models/d1jt8a_b.40.4.5.aln.hmm /home/elise/Documents/M1-BIM/S2/TMEs/SBAS/tme08/scop/scop/scopTestSeq.fasta 
# Current dir:     /home/elise/Documents/M1-BIM/S2/TMEs/SBAS/tme08
# Date:            Tue Apr  1 17:30:33 2025
# [ok]
