#                                                                            --- full sequence --- -------------- this domain -------------   hmm coord   ali coord   env coord
# target name        accession   tlen query name           accession   qlen   E-value  score  bias   #  of  c-Evalue  i-Evalue  score  bias  from    to  from    to  from    to  acc description of target
#------------------- ---------- ----- -------------------- ---------- ----- --------- ------ ----- --- --- --------- --------- ------ ----- ----- ----- ----- ----- ----- ----- ---- ---------------------
d1i1wa_c.1.8.3       -            303 d1jz8a5c.1.8.3.aln   -            341   1.6e-91  302.6   7.5   1   1     5e-93   1.8e-91  302.4   7.5     2   338     3   302     2   303 0.98 -
d1hjua_c.1.8.3       -            332 d1jz8a5c.1.8.3.aln   -            341   1.6e-57  190.9  18.7   1   1   4.9e-59   1.7e-57  190.7  18.7     6   339     2   331     1   332 0.98 -
d1qw9a2c.1.8.3       -            367 d1jz8a5c.1.8.3.aln   -            341     1e-51  171.7   2.4   1   1   3.2e-53   1.2e-51  171.6   2.4     2   337     8   356     7   360 0.97 -
d7a3ha_c.1.8.3       -            300 d1jz8a5c.1.8.3.aln   -            341   3.5e-47  156.9  15.6   1   1   1.2e-48   4.2e-47  156.6  15.6    11   329    11   296     6   299 0.93 -
d1rh9a1c.1.8.3       -            370 d1jz8a5c.1.8.3.aln   -            341   9.3e-42  139.0   6.4   1   1   3.1e-43   1.1e-41  138.8   6.4     1   321    11   350    11   366 0.97 -
d3n9ka_c.1.8.3       -            394 d1jz8a5c.1.8.3.aln   -            341   6.2e-41  136.3  23.4   1   1   2.1e-42   7.5e-41  136.0  23.4     6   339    38   384    34   386 0.96 -
d1ceoa_c.1.8.3       -            340 d1jz8a5c.1.8.3.aln   -            341   1.6e-40  134.9   0.9   1   1   5.1e-42   1.8e-40  134.8   0.9     5   339     2   332     1   334 0.98 -
d1bqca_c.1.8.3       -            302 d1jz8a5c.1.8.3.aln   -            341   1.9e-40  134.7  11.7   1   1   6.3e-42   2.3e-40  134.5  11.7     9   339     4   297     2   299 0.95 -
d1w91a2c.1.8.3       -            347 d1jz8a5c.1.8.3.aln   -            341   2.5e-40  134.3   0.0   1   1   7.7e-42   2.7e-40  134.2   0.0     1   340     7   339     7   340 0.98 -
d1uuqa_c.1.8.3       -            410 d1jz8a5c.1.8.3.aln   -            341   3.8e-40  133.7  17.8   1   1   1.2e-41   4.3e-40  133.6  17.8     4   340    14   404    11   405 0.98 -
d1vjza_c.1.8.3       -            325 d1jz8a5c.1.8.3.aln   -            341   7.9e-37  122.8   0.3   1   1   2.8e-38     1e-36  122.5   0.3    23   303    12   299     6   324 0.95 -
d1ecea_c.1.8.3       -            358 d1jz8a5c.1.8.3.aln   -            341   1.3e-36  122.2  18.8   1   1   3.9e-38   1.4e-36  122.0  18.8     2   338     7   351     6   354 0.98 -
d2nt0a2c.1.8.3       -            354 d1jz8a5c.1.8.3.aln   -            341   1.7e-36  121.7   0.1   1   1   5.9e-38   2.1e-36  121.4   0.1     5   340     7   349     4   350 0.99 -
d1ur4a_c.1.8.3       -            387 d1jz8a5c.1.8.3.aln   -            341     4e-36  120.5  14.8   1   1   1.2e-37   4.4e-36  120.4  14.8     6   339    13   384     8   386 0.98 -
d1edga_c.1.8.3       -            380 d1jz8a5c.1.8.3.aln   -            341   1.4e-35  118.7  19.0   1   1   4.2e-37   1.5e-35  118.6  19.0     7   340    13   375     7   376 0.98 -
d2vzsa5c.1.8.3       -            339 d1jz8a5c.1.8.3.aln   -            341     7e-34  113.1   4.0   1   1   2.1e-35   7.7e-34  113.0   4.0     5   336     2   337     1   339 0.98 -
d2je8a5c.1.8.3       -            348 d1jz8a5c.1.8.3.aln   -            341   1.4e-33  112.1   8.0   1   1   4.4e-35   1.6e-33  112.0   8.0     3   340     4   345     2   346 0.97 -
d1qnra_c.1.8.3       -            344 d1jz8a5c.1.8.3.aln   -            341   1.8e-33  111.7  23.7   1   1   5.7e-35   2.1e-33  111.6  23.7     1   338    12   341    12   344 0.98 -
d1h1na_c.1.8.3       -            305 d1jz8a5c.1.8.3.aln   -            341   3.7e-31  104.2  15.7   1   1   1.2e-32   4.1e-31  104.0  15.7     5   339     3   303     1   305 0.98 -
d1odza_c.1.8.3       -            381 d1jz8a5c.1.8.3.aln   -            341   5.3e-31  103.6  14.8   1   1   2.9e-32     1e-30  102.7  14.8     4   338     8   371     5   374 0.97 -
d2v3ga_c.1.8.3       -            273 d1jz8a5c.1.8.3.aln   -            341   4.3e-21   71.1  24.5   1   1   1.4e-22     5e-21   70.9  24.5    32   335    15   270     3   273 0.96 -
d1nofa2c.1.8.3       -            277 d1jz8a5c.1.8.3.aln   -            341   3.9e-19   64.6   4.2   1   1   1.3e-20   4.7e-19   64.4   4.2     7   259     3   241     1   277 0.95 -
#
# Program:         hmmsearch
# Version:         3.3.2 (Nov 2020)
# Pipeline mode:   SEARCH
# Query file:      /home/elise/Documents/M1-BIM/S2/TMEs/SBAS/tme08/models/d1jz8a5c.1.8.3.aln.hmm
# Target file:     /home/elise/Documents/M1-BIM/S2/TMEs/SBAS/tme08/scop/scop/scopTestSeq.fasta
# Option settings: hmmsearch --domtblout /home/elise/Documents/M1-BIM/S2/TMEs/SBAS/tme08/searchResults/d1jz8a5c.1.8.3.aln.out -E 1 /home/elise/Documents/M1-BIM/S2/TMEs/SBAS/tme08/models/d1jz8a5c.1.8.3.aln.hmm /home/elise/Documents/M1-BIM/S2/TMEs/SBAS/tme08/scop/scop/scopTestSeq.fasta 
# Current dir:     /home/elise/Documents/M1-BIM/S2/TMEs/SBAS/tme08
# Date:            Tue Apr  1 17:30:33 2025
# [ok]
