#                                                                            --- full sequence --- -------------- this domain -------------   hmm coord   ali coord   env coord
# target name        accession   tlen query name           accession   qlen   E-value  score  bias   #  of  c-Evalue  i-Evalue  score  bias  from    to  from    to  from    to  acc description of target
#------------------- ---------- ----- -------------------- ---------- ----- --------- ------ ----- --- --- --------- --------- ------ ----- ----- ----- ----- ----- ----- ----- ---- ---------------------
d2iida1c.3.1.2       -            371 d1k0ia1c.3.1.2.aln   -            369  4.5e-101  334.1   0.0   1   1  1.5e-102  5.1e-101  333.9   0.0     2   349    28   370    27   371 0.99 -
d1n4wa1c.3.1.2       -            368 d1k0ia1c.3.1.2.aln   -            369   2.6e-94  311.8   0.4   1   1   8.9e-96   2.9e-94  311.7   0.4     2   368    16   367    15   368 0.99 -
d2dw4a2c.3.1.2       -            450 d1k0ia1c.3.1.2.aln   -            369   5.8e-94  310.7   0.6   1   2   1.1e-11   3.6e-10   35.0   0.2     7    47     8    48     4    49 0.96 -
d2dw4a2c.3.1.2       -            450 d1k0ia1c.3.1.2.aln   -            369   5.8e-94  310.7   0.6   2   2   9.3e-87     3e-85  282.0   0.0     9   369    39   410    37   410 0.99 -
d2f5va1c.3.1.2       -            380 d1k0ia1c.3.1.2.aln   -            369     2e-92  305.7   0.0   1   1   6.7e-94   2.2e-92  305.5   0.0     1   368     1   375     1   376 0.99 -
d1b5qa1c.3.1.2       -            348 d1k0ia1c.3.1.2.aln   -            369   8.7e-88  290.4   0.2   1   1     3e-89   9.7e-88  290.2   0.2     5   353     1   348     1   348 1.00 -
d1seza1c.3.1.2       -            374 d1k0ia1c.3.1.2.aln   -            369   1.1e-87  290.1   0.0   1   1   3.6e-89   1.2e-87  289.9   0.0     5   368     2   371     1   372 0.99 -
d1kdga1c.3.1.2       -            361 d1k0ia1c.3.1.2.aln   -            369   3.8e-86  285.0   0.0   1   1   1.3e-87   4.2e-86  284.8   0.0     3   368     1   359     1   360 0.99 -
d1pn0a1c.3.1.2       -            361 d1k0ia1c.3.1.2.aln   -            369     3e-81  268.9   0.0   1   1     1e-82   3.4e-81  268.7   0.0     2   365     5   361     4   361 0.99 -
d2gmha1c.3.1.2       -            381 d1k0ia1c.3.1.2.aln   -            369   3.1e-79  262.2   0.0   1   1   1.1e-80   3.5e-79  262.1   0.0     3   369    31   379    29   379 0.99 -
d1ju2a1c.3.1.2       -            352 d1k0ia1c.3.1.2.aln   -            369   2.1e-72  239.7   0.5   1   1   7.3e-74   2.4e-72  239.6   0.5     3   367    26   348    24   350 0.97 -
d2ivda1c.3.1.2       -            348 d1k0ia1c.3.1.2.aln   -            369   1.7e-69  230.2   0.5   1   1   5.8e-71   1.9e-69  230.0   0.5     5   365     1   348     1   348 0.99 -
d2gf3a1c.3.1.2       -            282 d1k0ia1c.3.1.2.aln   -            369   1.2e-56  187.9   0.0   1   1   4.2e-58   1.4e-56  187.7   0.0     2   358     1   282     1   282 0.99 -
d1pj5a2c.3.1.2       -            306 d1k0ia1c.3.1.2.aln   -            369   1.6e-55  184.2   0.1   1   1   5.5e-57   1.8e-55  184.0   0.1     5   361     2   306     1   306 0.99 -
d1ryia1c.3.1.2       -            277 d1k0ia1c.3.1.2.aln   -            369   1.9e-54  180.6   0.0   1   1   6.7e-56   2.2e-54  180.5   0.0     1   350     1   275     1   277 0.99 -
d3c96a1c.3.1.2       -            289 d1k0ia1c.3.1.2.aln   -            369   4.7e-50  166.2   0.5   1   1   1.6e-51   5.2e-50  166.1   0.5     4   354     1   287     1   289 0.98 -
d2voua1c.3.1.2       -            266 d1k0ia1c.3.1.2.aln   -            369   5.2e-46  152.9   1.8   1   1   1.7e-45   5.7e-44  146.2   1.8     2   358     2   265     1   266 0.99 -
d1k0ia1c.3.1.2       -            293 d1k0ia1c.3.1.2.aln   -            369   2.6e-09   32.2   0.1   1   2   2.5e-10   8.1e-09   30.5   0.1     7    39     5    37     2    46 0.91 -
d1k0ia1c.3.1.2       -            293 d1k0ia1c.3.1.2.aln   -            369   2.6e-09   32.2   0.1   2   2       1.4        47   -1.6   0.0   212   239   144   171   142   199 0.81 -
d1nhpa2c.3.1.5       -            123 d1k0ia1c.3.1.2.aln   -            369   3.2e-06   22.0   0.2   1   1   1.1e-07   3.6e-06   21.8   0.2     6    42    32    68    29   113 0.83 -
d1w4xa1c.3.1.5       -            299 d1k0ia1c.3.1.2.aln   -            369     9e-06   20.5   0.1   1   1   4.6e-07   1.5e-05   19.8   0.1     5    42     8    45     5    54 0.91 -
d1v59a2c.3.1.5       -            122 d1k0ia1c.3.1.2.aln   -            369   1.6e-05   19.7   0.4   1   1   8.6e-07   2.8e-05   18.9   0.2     3    34    22    53    21    61 0.93 -
d1v59a1c.3.1.5       -            234 d1k0ia1c.3.1.2.aln   -            369     6e-05   17.8   0.5   1   1     4e-06   0.00013   16.7   0.5     6    41     7    42     6    47 0.96 -
d2gv8a1c.3.1.5       -            336 d1k0ia1c.3.1.2.aln   -            369   7.3e-05   17.5   0.0   1   1   3.3e-06   0.00011   17.0   0.0     7    65     7    70     5    85 0.83 -
d1xhca2c.3.1.5       -            122 d1k0ia1c.3.1.2.aln   -            369   0.00038   15.2   0.4   1   1   1.6e-05   0.00052   14.7   0.4     7    37    35    65    34    71 0.92 -
d1fl2a1c.3.1.5       -            185 d1k0ia1c.3.1.2.aln   -            369    0.0061   11.2   1.2   1   1   0.00025    0.0083   10.8   1.2     4    28     1    25     1    35 0.87 -
#
# Program:         hmmsearch
# Version:         3.3.2 (Nov 2020)
# Pipeline mode:   SEARCH
# Query file:      /home/elise/Documents/M1-BIM/S2/TMEs/SBAS/tme08/models/d1k0ia1c.3.1.2.aln.hmm
# Target file:     /home/elise/Documents/M1-BIM/S2/TMEs/SBAS/tme08/scop/scop/scopTestSeq.fasta
# Option settings: hmmsearch --domtblout /home/elise/Documents/M1-BIM/S2/TMEs/SBAS/tme08/searchResults/d1k0ia1c.3.1.2.aln.out -E 1 /home/elise/Documents/M1-BIM/S2/TMEs/SBAS/tme08/models/d1k0ia1c.3.1.2.aln.hmm /home/elise/Documents/M1-BIM/S2/TMEs/SBAS/tme08/scop/scop/scopTestSeq.fasta 
# Current dir:     /home/elise/Documents/M1-BIM/S2/TMEs/SBAS/tme08
# Date:            Tue Apr  1 17:30:34 2025
# [ok]
