#                                                                            --- full sequence --- -------------- this domain -------------   hmm coord   ali coord   env coord
# target name        accession   tlen query name           accession   qlen   E-value  score  bias   #  of  c-Evalue  i-Evalue  score  bias  from    to  from    to  from    to  acc description of target
#------------------- ---------- ----- -------------------- ---------- ----- --------- ------ ----- --- --- --------- --------- ------ ----- ----- ----- ----- ----- ----- ----- ---- ---------------------
d1g0sa_d.113.1.1     -            209 d1k2ea_d.113.1.1.aln -            184   1.1e-48  160.7   1.1   1   1   2.5e-50   1.3e-48  160.5   1.1     2   183    27   208    26   209 0.99 -
d1q33a_d.113.1.1     -            292 d1k2ea_d.113.1.1.aln -            184   1.1e-47  157.5   0.1   1   1   2.8e-49   1.4e-47  157.1   0.1     2   184    86   292    85   292 0.99 -
d1vhza_d.113.1.1     -            186 d1k2ea_d.113.1.1.aln -            184   5.2e-47  155.2   0.0   1   1   1.2e-48   5.8e-47  155.1   0.0     2   179    10   184     9   186 0.98 -
d3o69a_d.113.1.1     -            190 d1k2ea_d.113.1.1.aln -            184   6.2e-47  155.0   0.0   1   1   1.4e-48     7e-47  154.8   0.0     2   179    14   190    13   190 0.98 -
d1nqza_d.113.1.1     -            187 d1k2ea_d.113.1.1.aln -            184   2.4e-44  146.5   0.1   1   1   5.4e-46   2.6e-44  146.4   0.1     5   183     1   184     1   185 0.99 -
d1v8ya_d.113.1.1     -            158 d1k2ea_d.113.1.1.aln -            184   5.1e-44  145.5   1.8   1   1   1.1e-45   5.5e-44  145.4   1.8    16   175     1   155     1   158 0.97 -
d1ktga_d.113.1.1     -            137 d1k2ea_d.113.1.1.aln -            184   1.4e-43  144.1   0.2   1   1   3.4e-45   1.7e-43  143.8   0.2    33   172     3   135     1   136 0.95 -
d2fvva1d.113.1.1     -            135 d1k2ea_d.113.1.1.aln -            184     2e-42  140.2   0.7   1   1   4.5e-44   2.2e-42  140.1   0.7    28   166     1   133     1   135 0.98 -
d1sjya_d.113.1.1     -            158 d1k2ea_d.113.1.1.aln -            184   4.2e-42  139.2   0.3   1   1   9.3e-44   4.6e-42  139.1   0.3    24   182     1   157     1   158 0.98 -
d2b06a1d.113.1.1     -            155 d1k2ea_d.113.1.1.aln -            184   1.1e-41  137.8   0.0   1   1   2.5e-43   1.2e-41  137.7   0.0    31   183     1   154     1   155 0.97 -
d2azwa1d.113.1.1     -            147 d1k2ea_d.113.1.1.aln -            184   6.7e-41  135.3   0.8   1   1   1.5e-42   7.3e-41  135.2   0.8    28   171     2   146     1   147 0.98 -
d1jkna_d.113.1.1     -            165 d1k2ea_d.113.1.1.aln -            184   3.1e-40  133.1   0.0   1   1   6.9e-42   3.4e-40  133.0   0.0    31   174     4   165     1   165 0.98 -
d3zr0a_d.113.1.1     -            154 d1k2ea_d.113.1.1.aln -            184   3.5e-40  133.0   0.0   1   1   7.7e-42   3.8e-40  132.8   0.0    41   182     3   152     1   154 0.98 -
d2b0va1d.113.1.1     -            146 d1k2ea_d.113.1.1.aln -            184   6.2e-37  122.4   0.0   1   1   1.4e-38   6.8e-37  122.2   0.0    39   183     1   144     1   145 0.98 -
d3a6sa_d.113.1.1     -            129 d1k2ea_d.113.1.1.aln -            184   8.2e-36  118.7   1.0   1   1   1.8e-37   8.8e-36  118.6   1.0    31   169     3   128     1   129 0.95 -
d1k2ea_d.113.1.1     -            152 d1k2ea_d.113.1.1.aln -            184   4.4e-12   41.4   0.3   1   1   1.3e-13   6.5e-12   40.8   0.3    62   102    20    60     8    72 0.86 -
#
# Program:         hmmsearch
# Version:         3.3.2 (Nov 2020)
# Pipeline mode:   SEARCH
# Query file:      /home/elise/Documents/M1-BIM/S2/TMEs/SBAS/tme08/models/d1k2ea_d.113.1.1.aln.hmm
# Target file:     /home/elise/Documents/M1-BIM/S2/TMEs/SBAS/tme08/scop/scop/scopTestSeq.fasta
# Option settings: hmmsearch --domtblout /home/elise/Documents/M1-BIM/S2/TMEs/SBAS/tme08/searchResults/d1k2ea_d.113.1.1.aln.out -E 1 /home/elise/Documents/M1-BIM/S2/TMEs/SBAS/tme08/models/d1k2ea_d.113.1.1.aln.hmm /home/elise/Documents/M1-BIM/S2/TMEs/SBAS/tme08/scop/scop/scopTestSeq.fasta 
# Current dir:     /home/elise/Documents/M1-BIM/S2/TMEs/SBAS/tme08
# Date:            Tue Apr  1 17:30:34 2025
# [ok]
