#                                                                            --- full sequence --- -------------- this domain -------------   hmm coord   ali coord   env coord
# target name        accession   tlen query name           accession   qlen   E-value  score  bias   #  of  c-Evalue  i-Evalue  score  bias  from    to  from    to  from    to  acc description of target
#------------------- ---------- ----- -------------------- ---------- ----- --------- ------ ----- --- --- --------- --------- ------ ----- ----- ----- ----- ----- ----- ----- ---- ---------------------
d1jbea_c.23.1.1      -            128 d1kgsa2c.23.1.1.aln  -            126   2.8e-42  139.0   0.0   1   1   6.6e-44   3.1e-42  138.9   0.0     2   124     4   126     3   128 0.97 -
d1mb3a_c.23.1.1      -            123 d1kgsa2c.23.1.1.aln  -            126   4.7e-37  122.1   0.1   1   1   1.1e-38   5.2e-37  122.0   0.1     3   124     2   122     1   123 0.98 -
d1dz3a_c.23.1.1      -            123 d1kgsa2c.23.1.1.aln  -            126   1.7e-35  117.1   0.0   1   1     4e-37   1.9e-35  117.0   0.0     3   122     2   121     1   123 0.97 -
d1dbwa_c.23.1.1      -            123 d1kgsa2c.23.1.1.aln  -            126     2e-35  116.9   0.2   1   1   4.6e-37   2.1e-35  116.8   0.2     2   123     3   121     2   123 0.97 -
d1kgsa2c.23.1.1      -            122 d1kgsa2c.23.1.1.aln  -            126   8.4e-35  114.9   0.1   1   1     2e-36   9.1e-35  114.8   0.1     3   125     2   121     1   122 0.97 -
d1s8na_c.23.1.1      -            190 d1kgsa2c.23.1.1.aln  -            126   1.5e-34  114.1   0.2   1   1     5e-36   2.3e-34  113.5   0.2     3   125     4   123     2   124 0.93 -
d2r25b_c.23.1.1      -            133 d1kgsa2c.23.1.1.aln  -            126     5e-34  112.4   0.0   1   1   1.2e-35   5.4e-34  112.3   0.0     2   124     2   128     1   130 0.95 -
d1k66a_c.23.1.1      -            149 d1kgsa2c.23.1.1.aln  -            126   6.5e-34  112.0   0.0   1   1   1.6e-35   7.4e-34  111.8   0.0     4   124     8   139     5   141 0.97 -
d2v0na2c.23.1.1      -            153 d1kgsa2c.23.1.1.aln  -            126   8.6e-30   98.7   0.1   1   1   2.4e-31   1.1e-29   98.3   0.1     4   125    15   133    13   134 0.96 -
d3cfya_c.23.1.0      -            130 d1kgsa2c.23.1.1.aln  -            126   4.6e-26   86.6   0.1   1   1   1.1e-27     5e-26   86.5   0.1     3   124     3   121     1   123 0.96 -
d3heba_c.23.1.0      -            142 d1kgsa2c.23.1.1.aln  -            126   9.3e-26   85.7   0.0   1   1   2.5e-27   1.2e-25   85.3   0.0     4   120     2   128     1   131 0.95 -
d2b4aa1c.23.1.1      -            118 d1kgsa2c.23.1.1.aln  -            126   3.6e-25   83.8   0.0   1   1   8.3e-27   3.9e-25   83.7   0.0     2   120     2   115     1   118 0.97 -
d3khta_c.23.1.0      -            132 d1kgsa2c.23.1.1.aln  -            126   1.3e-23   78.7   0.0   1   1   3.3e-25   1.5e-23   78.5   0.0     3   109     2   109     1   126 0.92 -
d3eqza_c.23.1.0      -            124 d1kgsa2c.23.1.1.aln  -            126   9.4e-16   53.3   0.0   1   1   2.8e-17   1.3e-15   52.8   0.0     4   119     3   119     2   124 0.71 -
d2plna_c.23.1.0      -            118 d1kgsa2c.23.1.1.aln  -            126     9e-15   50.1   0.1   1   1   2.3e-16   1.1e-14   49.9   0.1     2   120     4   116     3   118 0.93 -
d3ktoa_c.23.1.0      -            122 d1kgsa2c.23.1.1.aln  -            126   1.8e-13   46.0   0.2   1   1   4.4e-15     2e-13   45.8   0.2     5   122     3   119     1   122 0.92 -
d1q0qa2c.2.1.3       -            152 d1kgsa2c.23.1.1.aln  -            126   0.00075   14.9   0.0   1   2       1.2        53   -0.8   0.0    63    94    15    44    14    50 0.64 -
d1q0qa2c.2.1.3       -            152 d1kgsa2c.23.1.1.aln  -            126   0.00075   14.9   0.0   2   2   6.1e-05    0.0028   13.0   0.0     8    51    55    97    51   109 0.89 -
#
# Program:         hmmsearch
# Version:         3.3.2 (Nov 2020)
# Pipeline mode:   SEARCH
# Query file:      /home/elise/Documents/M1-BIM/S2/TMEs/SBAS/tme08/models/d1kgsa2c.23.1.1.aln.hmm
# Target file:     /home/elise/Documents/M1-BIM/S2/TMEs/SBAS/tme08/scop/scop/scopTestSeq.fasta
# Option settings: hmmsearch --domtblout /home/elise/Documents/M1-BIM/S2/TMEs/SBAS/tme08/searchResults/d1kgsa2c.23.1.1.aln.out -E 1 /home/elise/Documents/M1-BIM/S2/TMEs/SBAS/tme08/models/d1kgsa2c.23.1.1.aln.hmm /home/elise/Documents/M1-BIM/S2/TMEs/SBAS/tme08/scop/scop/scopTestSeq.fasta 
# Current dir:     /home/elise/Documents/M1-BIM/S2/TMEs/SBAS/tme08
# Date:            Tue Apr  1 17:30:34 2025
# [ok]
