#                                                                            --- full sequence --- -------------- this domain -------------   hmm coord   ali coord   env coord
# target name        accession   tlen query name           accession   qlen   E-value  score  bias   #  of  c-Evalue  i-Evalue  score  bias  from    to  from    to  from    to  acc description of target
#------------------- ---------- ----- -------------------- ---------- ----- --------- ------ ----- --- --- --------- --------- ------ ----- ----- ----- ----- ----- ----- ----- ---- ---------------------
d1zina1c.37.1.1      -            183 d1kgda_c.37.1.1.aln  -            201   1.2e-53  177.4   0.2   1   1   3.9e-55   1.3e-53  177.3   0.2     4   198     1   180     1   183 0.98 -
d1qf9a_c.37.1.1      -            194 d1kgda_c.37.1.1.aln  -            201   5.1e-46  152.5   0.0   1   1   1.7e-47   5.7e-46  152.4   0.0     2   199     5   192     4   194 0.96 -
d1p5zb_c.37.1.1      -            241 d1kgda_c.37.1.1.aln  -            201   4.5e-39  129.8   0.0   1   1   1.7e-40   5.5e-39  129.5   0.0     3   198     2   226     1   228 0.99 -
d1t0hb_c.37.1.1      -            219 d1kgda_c.37.1.1.aln  -            201   3.1e-36  120.6   0.0   1   1     1e-37   3.4e-36  120.4   0.0     2   200    19   205    18   206 0.98 -
d1khta_c.37.1.1      -            190 d1kgda_c.37.1.1.aln  -            201   6.7e-34  112.9   0.1   1   1   2.2e-35   7.3e-34  112.8   0.1     4   196     2   186     1   190 0.98 -
d1vhta_c.37.1.1      -            208 d1kgda_c.37.1.1.aln  -            201   5.3e-31  103.5   0.1   1   1   1.8e-32   5.8e-31  103.3   0.1     3   197     3   206     1   208 0.95 -
d1e2ka_c.37.1.1      -            329 d1kgda_c.37.1.1.aln  -            201   1.5e-28   95.5   0.0   1   1   5.4e-30   1.8e-28   95.2   0.0     2   192     3   221     2   230 0.95 -
d1y63a_c.37.1.1      -            174 d1kgda_c.37.1.1.aln  -            201   8.7e-28   93.0   0.5   1   1   2.9e-29   9.7e-28   92.8   0.5     1   195     3   173     3   174 0.97 -
d1kjwa2c.37.1.1      -            199 d1kgda_c.37.1.1.aln  -            201   8.5e-27   89.7   0.0   1   1   2.8e-28   9.3e-27   89.6   0.0     3   195     3   196     1   199 0.94 -
d1lw7a2c.37.1.1      -            192 d1kgda_c.37.1.1.aln  -            201   1.3e-25   85.9   0.0   1   1   4.5e-27   1.5e-25   85.7   0.0     4   200     8   190     7   191 0.96 -
d1deka_c.37.1.1      -            241 d1kgda_c.37.1.1.aln  -            201   1.1e-24   82.9   0.0   1   1     4e-26   1.3e-24   82.6   0.0     3   191     1   208     1   217 0.98 -
d1gsia_c.37.1.1      -            208 d1kgda_c.37.1.1.aln  -            201   1.1e-24   82.9   0.0   1   1   3.9e-26   1.3e-24   82.6   0.0     4   189     1   197     1   207 0.96 -
d2grja_c.37.1.1      -            179 d1kgda_c.37.1.1.aln  -            201   4.6e-24   80.8   1.0   1   1   1.7e-25   5.6e-24   80.6   1.0     2   191     2   177     1   178 0.97 -
d3kb2a_c.37.1.1      -            171 d1kgda_c.37.1.1.aln  -            201   5.1e-21   70.9   0.0   1   1   1.8e-22     6e-21   70.7   0.0     5   200     2   171     1   171 0.96 -
d1ly1a_c.37.1.1      -            152 d1kgda_c.37.1.1.aln  -            201   1.8e-18   62.6   0.0   1   1   5.9e-20   1.9e-18   62.5   0.0     3   167     2   149     1   152 0.95 -
d1yj5a2c.37.1.1      -            172 d1kgda_c.37.1.1.aln  -            201     8e-18   60.5   0.0   1   2     0.011      0.35    6.1   0.2     5    21    16    32    13    34 0.86 -
d1yj5a2c.37.1.1      -            172 d1kgda_c.37.1.1.aln  -            201     8e-18   60.5   0.0   2   2   4.2e-17   1.4e-15   53.1   0.0    45   198    32   171    31   171 0.96 -
d2qora_c.37.1.0      -            196 d1kgda_c.37.1.1.aln  -            201   5.1e-11   38.2   0.1   1   1   2.5e-12   8.3e-11   37.6   0.1     3   192     4   186     2   188 0.91 -
d3akea_c.37.1.0      -            208 d1kgda_c.37.1.1.aln  -            201     6e-09   31.5   0.5   1   2   4.5e-10   1.5e-08   30.2   0.0     5    41     4    44     2    73 0.85 -
d3akea_c.37.1.0      -            208 d1kgda_c.37.1.1.aln  -            201     6e-09   31.5   0.5   2   2         2        65   -1.3   0.1   116   150   125   164   122   179 0.66 -
d2jaqa_c.37.1.0      -            201 d1kgda_c.37.1.1.aln  -            201     1e-05   20.9   0.1   1   2   7.5e-07   2.5e-05   19.7   0.0     4    74     1    69     1    79 0.87 -
d2jaqa_c.37.1.0      -            201 d1kgda_c.37.1.1.aln  -            201     1e-05   20.9   0.1   2   2       3.2   1.1e+02   -2.0   0.0   128   135   137   144   117   188 0.53 -
d1kgda_c.37.1.1      -            178 d1kgda_c.37.1.1.aln  -            201   0.00012   17.5   0.1   1   1   1.5e-05   0.00051   15.4   0.1     2   188     2   177     1   177 0.90 -
d1in4a2c.37.1.20     -            238 d1kgda_c.37.1.1.aln  -            201   0.00012   17.5   0.0   1   1     7e-06   0.00023   16.5   0.0     6    36    38    68    37   108 0.90 -
d1g41a_c.37.1.20     -            443 d1kgda_c.37.1.1.aln  -            201    0.0002   16.7   0.0   1   1   1.5e-05    0.0005   15.4   0.0     2    87    48   130    47   139 0.86 -
d1sxja2c.37.1.20     -            253 d1kgda_c.37.1.1.aln  -            201   0.00032   16.0   0.0   1   1   1.4e-05   0.00045   15.6   0.0     7    29    56    78    53   131 0.88 -
d1d2na_c.37.1.20     -            246 d1kgda_c.37.1.1.aln  -            201   0.00075   14.8   0.0   1   2   8.5e-05    0.0028   13.0   0.0     6    33    43    70    41   106 0.95 -
d1d2na_c.37.1.20     -            246 d1kgda_c.37.1.1.aln  -            201   0.00075   14.8   0.0   2   2       2.5        82   -1.6   0.0   178   189   201   212   172   235 0.51 -
#
# Program:         hmmsearch
# Version:         3.3.2 (Nov 2020)
# Pipeline mode:   SEARCH
# Query file:      /home/elise/Documents/M1-BIM/S2/TMEs/SBAS/tme08/models/d1kgda_c.37.1.1.aln.hmm
# Target file:     /home/elise/Documents/M1-BIM/S2/TMEs/SBAS/tme08/scop/scop/scopTestSeq.fasta
# Option settings: hmmsearch --domtblout /home/elise/Documents/M1-BIM/S2/TMEs/SBAS/tme08/searchResults/d1kgda_c.37.1.1.aln.out -E 1 /home/elise/Documents/M1-BIM/S2/TMEs/SBAS/tme08/models/d1kgda_c.37.1.1.aln.hmm /home/elise/Documents/M1-BIM/S2/TMEs/SBAS/tme08/scop/scop/scopTestSeq.fasta 
# Current dir:     /home/elise/Documents/M1-BIM/S2/TMEs/SBAS/tme08
# Date:            Tue Apr  1 17:30:34 2025
# [ok]
