#                                                                            --- full sequence --- -------------- this domain -------------   hmm coord   ali coord   env coord
# target name        accession   tlen query name           accession   qlen   E-value  score  bias   #  of  c-Evalue  i-Evalue  score  bias  from    to  from    to  from    to  acc description of target
#------------------- ---------- ----- -------------------- ---------- ----- --------- ------ ----- --- --- --------- --------- ------ ----- ----- ----- ----- ----- ----- ----- ---- ---------------------
d1qdda_d.169.1.1     -            144 d1kg0c_d.169.1.1.aln -            128   3.7e-40  132.8   2.9   1   1   6.8e-42   4.1e-40  132.6   2.9     1   126    13   143    13   144 0.98 -
d2ziba_d.169.1.1     -            130 d1kg0c_d.169.1.1.aln -            128   6.1e-33  109.4   3.5   1   1   1.1e-34   6.8e-33  109.3   3.5     2   126     7   128     6   130 0.97 -
d1qo3c_d.169.1.1     -            133 d1kg0c_d.169.1.1.aln -            128   1.8e-30  101.4   5.1   1   1   3.6e-32   2.2e-30  101.2   5.1     4   127    16   132    14   133 0.95 -
d3l9jc_d.169.1.1     -            134 d1kg0c_d.169.1.1.aln -            128   3.5e-30  100.5   1.8   1   1   6.8e-32   4.1e-30  100.3   1.8     9   126    10   133     5   134 0.93 -
d1gz2a_d.169.1.1     -            139 d1kg0c_d.169.1.1.aln -            128   5.8e-30   99.8   0.0   1   1   1.1e-31   6.7e-30   99.6   0.0     2   126     2   138     1   139 0.95 -
d1wmza_d.169.1.1     -            140 d1kg0c_d.169.1.1.aln -            128   7.6e-30   99.4   6.5   1   1   1.4e-31   8.6e-30   99.3   6.5     1   126     2   138     2   140 0.90 -
d1pwba1d.169.1.1     -            121 d1kg0c_d.169.1.1.aln -            128   8.2e-28   92.9   0.0   1   1   1.5e-29     9e-28   92.7   0.0     5   125     2   121     1   121 0.96 -
d3hupa_d.169.1.1     -            121 d1kg0c_d.169.1.1.aln -            128   1.1e-26   89.2  10.5   1   1     2e-28   1.2e-26   89.1  10.5     2   126     7   119     6   121 0.92 -
d1g1ta1d.169.1.1     -            118 d1kg0c_d.169.1.1.aln -            128   2.4e-25   84.9   5.5   1   1   4.3e-27   2.6e-25   84.8   5.5    13   123     2   117     1   118 0.94 -
d1h8ua_d.169.1.1     -            115 d1kg0c_d.169.1.1.aln -            128     5e-24   80.6   1.3   1   1     9e-26   5.5e-24   80.5   1.3    14   124     2   114     1   115 0.95 -
d1byfa_d.169.1.1     -            123 d1kg0c_d.169.1.1.aln -            128   3.7e-19   64.9   0.0   1   1   6.5e-21     4e-19   64.8   0.0    15   127     5   122     1   123 0.88 -
d1wk1a_d.169.1.1     -            150 d1kg0c_d.169.1.1.aln -            128   2.8e-18   62.0   0.0   1   1   6.1e-20   3.7e-18   61.6   0.0    10   126     7   130     2   132 0.89 -
d1kg0c_d.169.1.1     -            136 d1kg0c_d.169.1.1.aln -            128   2.5e-06   23.4   5.3   1   1   5.5e-08   3.3e-06   23.0   4.7     4   124    21   132    16   135 0.79 -
#
# Program:         hmmsearch
# Version:         3.3.2 (Nov 2020)
# Pipeline mode:   SEARCH
# Query file:      /home/elise/Documents/M1-BIM/S2/TMEs/SBAS/tme08/models/d1kg0c_d.169.1.1.aln.hmm
# Target file:     /home/elise/Documents/M1-BIM/S2/TMEs/SBAS/tme08/scop/scop/scopTestSeq.fasta
# Option settings: hmmsearch --domtblout /home/elise/Documents/M1-BIM/S2/TMEs/SBAS/tme08/searchResults/d1kg0c_d.169.1.1.aln.out -E 1 /home/elise/Documents/M1-BIM/S2/TMEs/SBAS/tme08/models/d1kg0c_d.169.1.1.aln.hmm /home/elise/Documents/M1-BIM/S2/TMEs/SBAS/tme08/scop/scop/scopTestSeq.fasta 
# Current dir:     /home/elise/Documents/M1-BIM/S2/TMEs/SBAS/tme08
# Date:            Tue Apr  1 17:30:34 2025
# [ok]
