#                                                                            --- full sequence --- -------------- this domain -------------   hmm coord   ali coord   env coord
# target name        accession   tlen query name           accession   qlen   E-value  score  bias   #  of  c-Evalue  i-Evalue  score  bias  from    to  from    to  from    to  acc description of target
#------------------- ---------- ----- -------------------- ---------- ----- --------- ------ ----- --- --- --------- --------- ------ ----- ----- ----- ----- ----- ----- ----- ---- ---------------------
d1zina1c.37.1.1      -            183 d1khta_c.37.1.1.aln  -            202   1.1e-52  174.3   0.1   1   1   3.8e-54   1.2e-52  174.2   0.1     4   197     1   181     1   183 0.98 -
d1qf9a_c.37.1.1      -            194 d1khta_c.37.1.1.aln  -            202   6.4e-46  152.2   0.0   1   1   2.2e-47     7e-46  152.1   0.0     2   197     5   192     4   194 0.95 -
d1p5zb_c.37.1.1      -            241 d1khta_c.37.1.1.aln  -            202   1.1e-39  131.9   0.0   1   1     4e-41   1.2e-39  131.7   0.0     3   200     2   223     1   225 0.99 -
d1t0hb_c.37.1.1      -            219 d1khta_c.37.1.1.aln  -            202   1.5e-35  118.4   0.0   1   1   5.3e-37   1.7e-35  118.2   0.0     2   202    19   205    18   205 0.97 -
d1vhta_c.37.1.1      -            208 d1khta_c.37.1.1.aln  -            202   9.3e-31  102.7   0.2   1   1   3.2e-32     1e-30  102.6   0.2     4   200     4   204     1   206 0.97 -
d2grja_c.37.1.1      -            179 d1khta_c.37.1.1.aln  -            202   9.3e-28   92.9   0.9   1   1   3.3e-29     1e-27   92.8   0.9     1   198     1   179     1   179 0.96 -
d1kjwa2c.37.1.1      -            199 d1khta_c.37.1.1.aln  -            202   4.4e-27   90.7   0.1   1   1   1.5e-28   4.8e-27   90.6   0.1    11   198    14   198     4   199 0.96 -
d1deka_c.37.1.1      -            241 d1khta_c.37.1.1.aln  -            202   1.4e-26   89.0   0.0   1   1   6.3e-28     2e-26   88.6   0.0     3   197     1   209     1   213 0.98 -
d1y63a_c.37.1.1      -            174 d1khta_c.37.1.1.aln  -            202   1.3e-25   86.0   0.6   1   1   4.5e-27   1.4e-25   85.8   0.6     1   191     3   171     3   173 0.98 -
d1gsia_c.37.1.1      -            208 d1khta_c.37.1.1.aln  -            202   2.7e-25   84.9   0.0   1   1     1e-26   3.2e-25   84.6   0.0     4   198     1   198     1   201 0.97 -
d1lw7a2c.37.1.1      -            192 d1khta_c.37.1.1.aln  -            202     5e-25   84.0   0.0   1   1   1.7e-26   5.4e-25   83.9   0.0     3   199     7   190     5   192 0.97 -
d1kgda_c.37.1.1      -            178 d1khta_c.37.1.1.aln  -            202   8.6e-25   83.2   0.1   1   1   3.1e-26   9.6e-25   83.1   0.1     1   196     1   176     1   178 0.92 -
d1e2ka_c.37.1.1      -            329 d1khta_c.37.1.1.aln  -            202     2e-24   82.0   0.0   1   1   8.5e-26   2.7e-24   81.6   0.0     3   191     4   218     2   227 0.96 -
d1khta_c.37.1.1      -            190 d1khta_c.37.1.1.aln  -            202   8.7e-23   76.7   0.0   1   1     3e-24   9.5e-23   76.5   0.0     4   195     2   187     1   190 0.96 -
d1ly1a_c.37.1.1      -            152 d1khta_c.37.1.1.aln  -            202   3.5e-22   74.7   0.0   1   1   1.2e-23   3.8e-22   74.6   0.0     2   168     1   147     1   152 0.97 -
d3kb2a_c.37.1.1      -            171 d1khta_c.37.1.1.aln  -            202     7e-21   70.5   0.0   1   1   2.5e-22   7.8e-21   70.3   0.0     5   197     2   170     1   171 0.93 -
d1yj5a2c.37.1.1      -            172 d1khta_c.37.1.1.aln  -            202   5.8e-20   67.5   0.0   1   1   2.2e-21   6.8e-20   67.2   0.0    11   195     4   170     1   171 0.96 -
d2qora_c.37.1.0      -            196 d1khta_c.37.1.1.aln  -            202   2.8e-12   42.4   0.0   1   1   1.7e-13   5.2e-12   41.5   0.0     4   194     5   186     2   187 0.86 -
d3akea_c.37.1.0      -            208 d1khta_c.37.1.1.aln  -            202     8e-09   31.1   0.4   1   2   1.1e-09   3.4e-08   29.0   0.0     5    41     4    40     1    49 0.95 -
d3akea_c.37.1.0      -            208 d1khta_c.37.1.1.aln  -            202     8e-09   31.1   0.4   2   2      0.94        30   -0.2   0.1   154   191   154   188   122   192 0.52 -
d1g41a_c.37.1.20     -            443 d1khta_c.37.1.1.aln  -            202   0.00028   16.2   0.0   1   1   2.3e-05   0.00071   14.9   0.0     3    67    49   114    47   135 0.78 -
d1in4a2c.37.1.20     -            238 d1khta_c.37.1.1.aln  -            202   0.00029   16.2   0.1   1   1   1.8e-05   0.00058   15.2   0.1     6    35    38    67    37    69 0.89 -
d1sxja2c.37.1.20     -            253 d1khta_c.37.1.1.aln  -            202   0.00036   15.9   0.0   1   1     2e-05   0.00064   15.1   0.0     7    29    56    78    53    82 0.91 -
d2jaqa_c.37.1.0      -            201 d1khta_c.37.1.1.aln  -            202   0.00059   15.2   0.0   1   2   4.2e-05    0.0013   14.1   0.0     4    29     1    26     1    84 0.92 -
d2jaqa_c.37.1.0      -            201 d1khta_c.37.1.1.aln  -            202   0.00059   15.2   0.0   2   2       2.3        74   -1.5   0.0   140   170   130   160   108   198 0.66 -
d1um8a_c.37.1.20     -            364 d1khta_c.37.1.1.aln  -            202    0.0012   14.2   0.0   1   1   8.8e-05    0.0028   13.0   0.0     5    32    70    97    67   121 0.87 -
d1d2na_c.37.1.20     -            246 d1khta_c.37.1.1.aln  -            202    0.0021   13.4   0.0   1   1   0.00013    0.0041   12.5   0.0     6    32    43    69    41    71 0.94 -
#
# Program:         hmmsearch
# Version:         3.3.2 (Nov 2020)
# Pipeline mode:   SEARCH
# Query file:      /home/elise/Documents/M1-BIM/S2/TMEs/SBAS/tme08/models/d1khta_c.37.1.1.aln.hmm
# Target file:     /home/elise/Documents/M1-BIM/S2/TMEs/SBAS/tme08/scop/scop/scopTestSeq.fasta
# Option settings: hmmsearch --domtblout /home/elise/Documents/M1-BIM/S2/TMEs/SBAS/tme08/searchResults/d1khta_c.37.1.1.aln.out -E 1 /home/elise/Documents/M1-BIM/S2/TMEs/SBAS/tme08/models/d1khta_c.37.1.1.aln.hmm /home/elise/Documents/M1-BIM/S2/TMEs/SBAS/tme08/scop/scop/scopTestSeq.fasta 
# Current dir:     /home/elise/Documents/M1-BIM/S2/TMEs/SBAS/tme08
# Date:            Tue Apr  1 17:30:34 2025
# [ok]
