#                                                                            --- full sequence --- -------------- this domain -------------   hmm coord   ali coord   env coord
# target name        accession   tlen query name           accession   qlen   E-value  score  bias   #  of  c-Evalue  i-Evalue  score  bias  from    to  from    to  from    to  acc description of target
#------------------- ---------- ----- -------------------- ---------- ----- --------- ------ ----- --- --- --------- --------- ------ ----- ----- ----- ----- ----- ----- ----- ---- ---------------------
d2je6i1b.40.4.5      -             87 d1khia2b.40.4.5.aln  -             93     5e-15   51.0   0.7   1   1   2.4e-16   5.4e-15   50.9   0.7     3    90     2    86     1    87 0.96 -
d2uubq1b.40.4.5      -            100 d1khia2b.40.4.5.aln  -             93   8.5e-15   50.3   2.3   1   1   4.7e-16   1.1e-14   50.0   2.3    11    87     5    81     2    87 0.95 -
d1kl9a2b.40.4.5      -             86 d1khia2b.40.4.5.aln  -             93     3e-13   45.3   0.5   1   1   1.5e-14   3.3e-13   45.2   0.5     3    85     8    86     6    86 0.95 -
d2ja9a1b.40.4.5      -             90 d1khia2b.40.4.5.aln  -             93   7.2e-13   44.1   0.0   1   1   3.6e-14   8.1e-13   44.0   0.0     3    92     2    85     1    86 0.97 -
d3bzka4b.40.4.5      -             94 d1khia2b.40.4.5.aln  -             93   8.8e-13   43.8   0.8   1   1   4.2e-14   9.5e-13   43.7   0.8     4    87    14    91    11    94 0.94 -
d1jt8a_b.40.4.5      -            102 d1khia2b.40.4.5.aln  -             93   2.5e-12   42.4   0.5   1   1   1.2e-13   2.7e-12   42.3   0.5     2    89    13   100    12   102 0.96 -
d1luza_b.40.4.5      -             85 d1khia2b.40.4.5.aln  -             93     4e-12   41.7   0.3   1   1   1.9e-13   4.3e-12   41.7   0.3     2    89     2    84     1    85 0.95 -
d2uubl1b.40.4.5      -            118 d1khia2b.40.4.5.aln  -             93   4.7e-12   41.5   2.4   1   1   3.1e-13     7e-12   41.0   2.4     3    93    27   117    25   117 0.98 -
d2nn6h1b.40.4.5      -             95 d1khia2b.40.4.5.aln  -             93   8.2e-12   40.8   0.0   1   1   3.8e-13   8.5e-12   40.7   0.0     2    84     2    88     1    95 0.93 -
d3i4oa_b.40.4.5      -             68 d1khia2b.40.4.5.aln  -             93   1.4e-11   40.0   0.3   1   1   6.8e-13   1.5e-11   39.9   0.3     9    74     3    68     1    68 0.97 -
d1c9oa_b.40.4.5      -             66 d1khia2b.40.4.5.aln  -             93   3.2e-11   38.9   0.1   1   1   1.5e-12   3.4e-11   38.8   0.1    12    84     3    64     1    66 0.92 -
d1go3e1b.40.4.5      -            106 d1khia2b.40.4.5.aln  -             93   3.4e-10   35.6   0.8   1   1   1.8e-11   4.1e-10   35.4   0.8     7    92     6    91     2    92 0.95 -
d1rl2a2b.40.4.5      -             66 d1khia2b.40.4.5.aln  -             93   2.9e-09   32.6   0.2   1   1   1.4e-10   3.1e-09   32.6   0.2    25    91     2    65     1    66 0.93 -
d1wfqa_b.40.4.5      -             89 d1khia2b.40.4.5.aln  -             93   3.8e-09   32.3   0.0   1   1   1.8e-10   4.2e-09   32.2   0.0     5    91     3    88     1    89 0.95 -
d1y14b1b.40.4.5      -             91 d1khia2b.40.4.5.aln  -             93   6.6e-09   31.5   0.0   1   1   3.1e-10     7e-09   31.4   0.0     3    90     1    86     1    89 0.86 -
d1smxa_b.40.4.5      -             87 d1khia2b.40.4.5.aln  -             93   7.3e-09   31.4   0.0   1   1   3.5e-10   7.9e-09   31.3   0.0     3    89     3    86     1    87 0.95 -
d1wi5a_b.40.4.5      -            119 d1khia2b.40.4.5.aln  -             93   2.6e-08   29.6   0.0   1   1   1.6e-09   3.7e-08   29.2   0.0     4    84    17    93    14    97 0.92 -
d2asba1b.40.4.5      -             76 d1khia2b.40.4.5.aln  -             93   3.5e-08   29.2   0.3   1   1   1.7e-09   3.8e-08   29.1   0.3     8    85     4    76     1    76 0.89 -
d2nn6i1b.40.4.5      -            125 d1khia2b.40.4.5.aln  -             93   3.9e-08   29.1   0.0   1   1     2e-09   4.6e-08   28.8   0.0     5    90     4    93     1    96 0.94 -
d1jjga_b.40.4.5      -            102 d1khia2b.40.4.5.aln  -             93     4e-07   25.9   0.3   1   1     2e-08   4.4e-07   25.7   0.3     2    90    11   100    10   102 0.96 -
d1u0la1b.40.4.5      -             66 d1khia2b.40.4.5.aln  -             93   1.4e-06   24.1   0.2   1   1   6.4e-08   1.4e-06   24.1   0.2    10    78     2    60     1    66 0.90 -
d2ix0a1b.40.4.5      -             90 d1khia2b.40.4.5.aln  -             93   3.7e-06   22.8   0.0   1   1   1.7e-07   3.9e-06   22.7   0.0     2    89     2    89     1    90 0.97 -
d1d7qa_b.40.4.5      -            143 d1khia2b.40.4.5.aln  -             93   6.2e-06   22.1   0.1   1   2   1.1e-06   2.4e-05   20.2   0.0     5    89    27   121    23   125 0.86 -
d1d7qa_b.40.4.5      -            143 d1khia2b.40.4.5.aln  -             93   6.2e-06   22.1   0.1   2   2      0.79        18    1.5   0.0    49    69   110   130   102   136 0.80 -
d1bkba2b.40.4.5      -             65 d1khia2b.40.4.5.aln  -             93   8.1e-06   21.7   0.2   1   1   3.8e-07   8.6e-06   21.6   0.2     8    71     2    64     1    65 0.91 -
d1a62a2b.40.4.5      -             78 d1khia2b.40.4.5.aln  -             93   8.8e-06   21.6   0.0   1   1   4.1e-07   9.3e-06   21.5   0.0    11    92     2    77     1    78 0.92 -
d1e3pa2b.40.4.5      -             62 d1khia2b.40.4.5.aln  -             93   9.1e-06   21.5   0.1   1   1   4.1e-07   9.3e-06   21.5   0.1    16    75     3    60     1    62 0.91 -
d1ne3a_b.40.4.5      -             68 d1khia2b.40.4.5.aln  -             93   1.2e-05   21.1   0.1   1   1   5.5e-07   1.2e-05   21.1   0.1    12    71     6    65     1    68 0.92 -
d2ix0a3b.40.4.5      -             87 d1khia2b.40.4.5.aln  -             93   1.4e-05   20.9   0.2   1   1   6.9e-07   1.5e-05   20.8   0.2     8    91     4    86     1    87 0.88 -
d1hh2p1b.40.4.5      -             72 d1khia2b.40.4.5.aln  -             93   2.6e-05   20.1   0.9   1   1   1.3e-06   2.9e-05   19.9   0.9     5    84     3    71     1    72 0.89 -
d2vnud1b.40.4.5      -             95 d1khia2b.40.4.5.aln  -             93   2.6e-05   20.1   0.0   1   1   1.3e-06   2.9e-05   19.9   0.0     1    90     1    94     1    95 0.96 -
d2ix0a2b.40.4.5      -             79 d1khia2b.40.4.5.aln  -             93     5e-05   19.2   0.0   1   1   2.5e-06   5.7e-05   19.0   0.0    11    84     8    76     2    78 0.88 -
d2vnud3b.40.4.5      -            148 d1khia2b.40.4.5.aln  -             93   0.00013   17.8   0.0   1   1   7.6e-06   0.00017   17.5   0.0     3    91    42   134    40   136 0.93 -
d1x6oa2b.40.4.5      -             79 d1khia2b.40.4.5.aln  -             93    0.0002   17.2   0.0   1   1   9.9e-06   0.00022   17.1   0.0     8    88     1    78     1    79 0.93 -
d1t9ha1b.40.4.5      -             67 d1khia2b.40.4.5.aln  -             93   0.00037   16.4   0.1   1   1   1.7e-05   0.00038   16.4   0.1    12    77     3    60     1    67 0.85 -
d1ueba2b.40.4.5      -             63 d1khia2b.40.4.5.aln  -             93    0.0013   14.6   0.0   1   1   6.2e-05    0.0014   14.6   0.0     8    74     2    61     1    63 0.90 -
#
# Program:         hmmsearch
# Version:         3.3.2 (Nov 2020)
# Pipeline mode:   SEARCH
# Query file:      /home/elise/Documents/M1-BIM/S2/TMEs/SBAS/tme08/models/d1khia2b.40.4.5.aln.hmm
# Target file:     /home/elise/Documents/M1-BIM/S2/TMEs/SBAS/tme08/scop/scop/scopTestSeq.fasta
# Option settings: hmmsearch --domtblout /home/elise/Documents/M1-BIM/S2/TMEs/SBAS/tme08/searchResults/d1khia2b.40.4.5.aln.out -E 1 /home/elise/Documents/M1-BIM/S2/TMEs/SBAS/tme08/models/d1khia2b.40.4.5.aln.hmm /home/elise/Documents/M1-BIM/S2/TMEs/SBAS/tme08/scop/scop/scopTestSeq.fasta 
# Current dir:     /home/elise/Documents/M1-BIM/S2/TMEs/SBAS/tme08
# Date:            Tue Apr  1 17:30:34 2025
# [ok]
