#                                                                            --- full sequence --- -------------- this domain -------------   hmm coord   ali coord   env coord
# target name        accession   tlen query name           accession   qlen   E-value  score  bias   #  of  c-Evalue  i-Evalue  score  bias  from    to  from    to  from    to  acc description of target
#------------------- ---------- ----- -------------------- ---------- ----- --------- ------ ----- --- --- --------- --------- ------ ----- ----- ----- ----- ----- ----- ----- ---- ---------------------
d1wuea2d.54.1.1      -            126 d1kkoa2d.54.1.1.aln  -            131   7.2e-39  128.8   0.0   1   1   1.1e-40   7.9e-39  128.7   0.0     1   130     1   125     1   126 0.98 -
d2akza2d.54.1.1      -            139 d1kkoa2d.54.1.1.aln  -            131   1.3e-38  128.0   0.0   1   1     2e-40   1.4e-38  127.9   0.0     3   130     2   134     1   135 0.99 -
d1r0ma2d.54.1.1      -            127 d1kkoa2d.54.1.1.aln  -            131   3.5e-32  107.2   0.1   1   1   5.4e-34   3.9e-32  107.0   0.1     2   131     4   127     3   127 0.98 -
d1sjda2d.54.1.1      -            125 d1kkoa2d.54.1.1.aln  -            131   3.6e-32  107.1   0.1   1   1   5.5e-34     4e-32  107.0   0.1     1   130     1   124     1   125 0.98 -
d2mnra2d.54.1.1      -            130 d1kkoa2d.54.1.1.aln  -            131   5.2e-30  100.2   0.3   1   1     8e-32   5.7e-30  100.0   0.3     2   130     3   126     2   127 0.98 -
d1yeya2d.54.1.1      -            139 d1kkoa2d.54.1.1.aln  -            131   6.4e-29   96.6   0.2   1   1   9.8e-31   7.1e-29   96.5   0.2     2   131     2   137     1   137 0.98 -
d2gdqa2d.54.1.1      -            115 d1kkoa2d.54.1.1.aln  -            131   7.2e-29   96.5   0.0   1   1   1.1e-30     8e-29   96.3   0.0     1   131     1   115     1   115 0.99 -
d1jpdx2d.54.1.1      -            116 d1kkoa2d.54.1.1.aln  -            131   1.8e-27   91.9   0.0   1   1     3e-29   2.2e-27   91.7   0.0     1   130     2   115     2   116 0.96 -
d2gl5a2d.54.1.1      -            122 d1kkoa2d.54.1.1.aln  -            131   9.8e-27   89.6   0.0   1   1   1.5e-28   1.1e-26   89.4   0.0     2   131     2   122     1   122 0.97 -
d1r6wa2d.54.1.1      -            101 d1kkoa2d.54.1.1.aln  -            131   3.9e-19   65.0   0.0   1   1   4.4e-19   3.1e-17   58.8   0.0     1   125     1    99     1   101 0.95 -
d1kkoa2d.54.1.1      -            160 d1kkoa2d.54.1.1.aln  -            131     5e-16   54.9   0.0   1   1   8.7e-18   6.2e-16   54.6   0.0     3   122    23   147    21   148 0.95 -
#
# Program:         hmmsearch
# Version:         3.3.2 (Nov 2020)
# Pipeline mode:   SEARCH
# Query file:      /home/elise/Documents/M1-BIM/S2/TMEs/SBAS/tme08/models/d1kkoa2d.54.1.1.aln.hmm
# Target file:     /home/elise/Documents/M1-BIM/S2/TMEs/SBAS/tme08/scop/scop/scopTestSeq.fasta
# Option settings: hmmsearch --domtblout /home/elise/Documents/M1-BIM/S2/TMEs/SBAS/tme08/searchResults/d1kkoa2d.54.1.1.aln.out -E 1 /home/elise/Documents/M1-BIM/S2/TMEs/SBAS/tme08/models/d1kkoa2d.54.1.1.aln.hmm /home/elise/Documents/M1-BIM/S2/TMEs/SBAS/tme08/scop/scop/scopTestSeq.fasta 
# Current dir:     /home/elise/Documents/M1-BIM/S2/TMEs/SBAS/tme08
# Date:            Tue Apr  1 17:30:34 2025
# [ok]
