#                                                                            --- full sequence --- -------------- this domain -------------   hmm coord   ali coord   env coord
# target name        accession   tlen query name           accession   qlen   E-value  score  bias   #  of  c-Evalue  i-Evalue  score  bias  from    to  from    to  from    to  acc description of target
#------------------- ---------- ----- -------------------- ---------- ----- --------- ------ ----- --- --- --------- --------- ------ ----- ----- ----- ----- ----- ----- ----- ---- ---------------------
d1g41a_c.37.1.20     -            443 d1l8qa2c.37.1.20.aln -            293   1.5e-75  249.5   4.2   1   1   5.2e-76   1.6e-74  246.2   4.2     3   293     1   443     1   443 1.00 -
d1iqpa2c.37.1.20     -            231 d1l8qa2c.37.1.20.aln -            293   3.2e-67  222.3   0.7   1   1   1.2e-68   3.7e-67  222.0   0.7     8   246     3   229     1   230 0.98 -
d1lv7a_c.37.1.20     -            256 d1l8qa2c.37.1.20.aln -            293   1.3e-66  220.3   0.1   1   1   4.4e-68   1.4e-66  220.1   0.1     7   260     3   254     1   256 0.98 -
d1svma_c.37.1.20     -            362 d1l8qa2c.37.1.20.aln -            293   7.7e-56  184.9   0.0   1   1     3e-57   9.4e-56  184.6   0.0     5   293     1   343     1   343 0.99 -
d1r6bx3c.37.1.20     -            315 d1l8qa2c.37.1.20.aln -            293   2.2e-52  173.5   0.1   1   1   8.1e-54   2.5e-52  173.3   0.1     1   293     7   315     7   315 0.95 -
d1njfa_c.37.1.20     -            239 d1l8qa2c.37.1.20.aln -            293   3.2e-52  173.0   0.0   1   1   1.2e-53   3.7e-52  172.8   0.0    19   247     2   236     1   238 0.97 -
d1um8a_c.37.1.20     -            364 d1l8qa2c.37.1.20.aln -            293   2.2e-50  167.0   1.3   1   1     9e-52   2.8e-50  166.6   1.3     2   285     3   364     2   364 0.99 -
d1sxja2c.37.1.20     -            253 d1l8qa2c.37.1.20.aln -            293   4.2e-50  166.1   0.0   1   1   1.5e-51   4.7e-50  165.9   0.0    16   253     1   252     1   253 0.98 -
d2a5yb3c.37.1.20     -            277 d1l8qa2c.37.1.20.aln -            293   1.6e-48  160.9   0.0   1   1   5.6e-50   1.8e-48  160.7   0.0     9   276     1   276     1   277 0.98 -
d1d2na_c.37.1.20     -            246 d1l8qa2c.37.1.20.aln -            293   2.1e-46  154.0   0.0   1   1   7.2e-48   2.3e-46  153.8   0.0    12   258     3   245     1   246 0.98 -
d1fnna2c.37.1.20     -            276 d1l8qa2c.37.1.20.aln -            293   1.6e-44  147.7   0.0   1   1   5.7e-46   1.8e-44  147.6   0.0    13   268     3   275     1   276 0.99 -
d1u0ja_c.37.1.20     -            267 d1l8qa2c.37.1.20.aln -            293   1.4e-43  144.7   0.0   1   1     5e-45   1.6e-43  144.5   0.0     1   256     1   264     1   266 0.99 -
d1in4a2c.37.1.20     -            238 d1l8qa2c.37.1.20.aln -            293   1.5e-43  144.6   1.7   1   1   5.2e-45   1.6e-43  144.4   1.7    19   258     4   237     1   238 0.97 -
d1w5sa2c.37.1.20     -            287 d1l8qa2c.37.1.20.aln -            293   2.8e-42  140.4   0.1   1   1   9.9e-44   3.1e-42  140.2   0.1    13   277     3   286     1   287 0.99 -
d2fnaa2c.37.1.20     -            283 d1l8qa2c.37.1.20.aln -            293   2.2e-40  134.2   1.5   1   1   7.8e-42   2.5e-40  134.0   1.5     2   259     3   282     2   283 0.99 -
d1g8pa_c.37.1.20     -            333 d1l8qa2c.37.1.20.aln -            293   2.8e-39  130.5   0.2   1   1     1e-40   3.3e-39  130.3   0.2     2   283     2   333     1   333 0.99 -
d1ny5a2c.37.1.20     -            247 d1l8qa2c.37.1.20.aln -            293   1.2e-36  122.0   0.6   1   1     4e-38   1.3e-36  121.8   0.6    22   265     1   246     1   247 0.99 -
d2p65a_c.37.1.20     -            185 d1l8qa2c.37.1.20.aln -            293   2.6e-36  120.8   0.4   1   1     9e-38   2.9e-36  120.7   0.4     9   186     1   185     1   185 0.99 -
d1a5ta2c.37.1.20     -            207 d1l8qa2c.37.1.20.aln -            293   5.4e-35  116.5   0.0   1   1   1.9e-36     6e-35  116.3   0.0    14   229     1   206     1   207 0.99 -
d1tuea_c.37.1.20     -            205 d1l8qa2c.37.1.20.aln -            293     1e-33  112.3   0.0   1   1   3.5e-35   1.1e-33  112.2   0.0    20   238     4   203     1   205 0.98 -
d2gnoa2c.37.1.20     -            198 d1l8qa2c.37.1.20.aln -            293   9.5e-29   96.0   0.2   1   1   3.2e-30     1e-28   95.9   0.2    31   243     2   196     1   198 0.96 -
d1jqlb_c.37.1.20     -            140 d1l8qa2c.37.1.20.aln -            293   4.7e-25   83.8   0.0   1   1   1.6e-26   5.1e-25   83.7   0.0    21   171     2   139     1   140 0.97 -
d1qzma_c.37.1.20     -             94 d1l8qa2c.37.1.20.aln -            293   2.4e-06   22.4   0.1   1   1   8.7e-08   2.8e-06   22.2   0.1    26   104     3    76     1    93 0.90 -
d1y63a_c.37.1.1      -            174 d1l8qa2c.37.1.20.aln -            293   8.1e-06   20.7   0.6   1   2   6.5e-07     2e-05   19.4   0.0    52    85     7    40     6    43 0.91 -
d1y63a_c.37.1.1      -            174 d1l8qa2c.37.1.20.aln -            293   8.1e-06   20.7   0.6   2   2      0.97        31   -0.9   0.1   175   197   151   173   110   174 0.70 -
d3kb2a_c.37.1.1      -            171 d1l8qa2c.37.1.20.aln -            293    0.0017   13.1   0.1   1   2   0.00016    0.0051   11.5   0.0    53    86     3    36     2    43 0.89 -
d3kb2a_c.37.1.1      -            171 d1l8qa2c.37.1.20.aln -            293    0.0017   13.1   0.1   2   2       1.3        41   -1.3   0.0   154   167    92   106    66   133 0.55 -
#
# Program:         hmmsearch
# Version:         3.3.2 (Nov 2020)
# Pipeline mode:   SEARCH
# Query file:      /home/elise/Documents/M1-BIM/S2/TMEs/SBAS/tme08/models/d1l8qa2c.37.1.20.aln.hmm
# Target file:     /home/elise/Documents/M1-BIM/S2/TMEs/SBAS/tme08/scop/scop/scopTestSeq.fasta
# Option settings: hmmsearch --domtblout /home/elise/Documents/M1-BIM/S2/TMEs/SBAS/tme08/searchResults/d1l8qa2c.37.1.20.aln.out -E 1 /home/elise/Documents/M1-BIM/S2/TMEs/SBAS/tme08/models/d1l8qa2c.37.1.20.aln.hmm /home/elise/Documents/M1-BIM/S2/TMEs/SBAS/tme08/scop/scop/scopTestSeq.fasta 
# Current dir:     /home/elise/Documents/M1-BIM/S2/TMEs/SBAS/tme08
# Date:            Tue Apr  1 17:30:35 2025
# [ok]
