#                                                                            --- full sequence --- -------------- this domain -------------   hmm coord   ali coord   env coord
# target name        accession   tlen query name           accession   qlen   E-value  score  bias   #  of  c-Evalue  i-Evalue  score  bias  from    to  from    to  from    to  acc description of target
#------------------- ---------- ----- -------------------- ---------- ----- --------- ------ ----- --- --- --------- --------- ------ ----- ----- ----- ----- ----- ----- ----- ---- ---------------------
d1lb3a_a.25.1.1      -            179 d1lb3a_a.25.1.1.aln  -            152   2.8e-46  152.6   0.3   1   1   4.8e-48   3.2e-46  152.4   0.3     2   148     4   152     3   156 0.98 -
d2y3qa_a.25.1.1      -            158 d1lb3a_a.25.1.1.aln  -            152   8.8e-44  144.5   2.2   1   1   1.6e-45     1e-43  144.3   2.2     3   151     1   147     1   148 0.98 -
d3bvfa_a.25.1.1      -            172 d1lb3a_a.25.1.1.aln  -            152     2e-39  130.4   5.9   1   1   3.4e-41   2.3e-39  130.2   5.9     4   151     7   152     4   153 0.97 -
d2cf7a_a.25.1.1      -            159 d1lb3a_a.25.1.1.aln  -            152     1e-38  128.0   0.1   1   1   1.9e-40   1.2e-38  127.8   0.1     7   147    10   158     6   159 0.98 -
d1nf4a_a.25.1.1      -            169 d1lb3a_a.25.1.1.aln  -            152     2e-38  127.1   4.8   1   1   3.3e-40   2.2e-38  127.0   4.8     2   150     2   148     1   150 0.96 -
d1z6om1a.25.1.1      -            191 d1lb3a_a.25.1.1.aln  -            152   1.7e-36  120.8   0.0   1   1     3e-38     2e-36  120.6   0.0     5   150    17   171    13   173 0.96 -
d1yuza1a.25.1.1      -            135 d1lb3a_a.25.1.1.aln  -            152   2.5e-31  104.1   0.5   1   1   4.4e-33   2.9e-31  103.9   0.5     9   139     7   135     3   135 0.98 -
d1tjoa_a.25.1.1      -            180 d1lb3a_a.25.1.1.aln  -            152   3.1e-31  103.8   6.9   1   1   5.3e-33   3.5e-31  103.6   6.9     3   147    23   174    21   179 0.89 -
d1zs3a1a.25.1.1      -            171 d1lb3a_a.25.1.1.aln  -            152   6.4e-25   83.3   0.4   1   1   1.2e-26   7.8e-25   83.0   0.4     2   147    18   169    17   171 0.98 -
d1z6oa1a.25.1.1      -            200 d1lb3a_a.25.1.1.aln  -            152   1.5e-21   72.4  10.9   1   1   2.8e-23   1.9e-21   72.0  10.9     5   150    21   177    18   179 0.90 -
d2fzfa1a.25.1.1      -            158 d1lb3a_a.25.1.1.aln  -            152   4.4e-18   61.1  11.3   1   1   7.3e-20   4.8e-18   60.9  11.3     3   151     6   157     4   158 0.97 -
d1vjxa_a.25.1.1      -            149 d1lb3a_a.25.1.1.aln  -            152     1e-16   56.6   7.0   1   1   1.7e-18   1.1e-16   56.5   7.0     3   144     1   147     1   149 0.95 -
#
# Program:         hmmsearch
# Version:         3.3.2 (Nov 2020)
# Pipeline mode:   SEARCH
# Query file:      /home/elise/Documents/M1-BIM/S2/TMEs/SBAS/tme08/models/d1lb3a_a.25.1.1.aln.hmm
# Target file:     /home/elise/Documents/M1-BIM/S2/TMEs/SBAS/tme08/scop/scop/scopTestSeq.fasta
# Option settings: hmmsearch --domtblout /home/elise/Documents/M1-BIM/S2/TMEs/SBAS/tme08/searchResults/d1lb3a_a.25.1.1.aln.out -E 1 /home/elise/Documents/M1-BIM/S2/TMEs/SBAS/tme08/models/d1lb3a_a.25.1.1.aln.hmm /home/elise/Documents/M1-BIM/S2/TMEs/SBAS/tme08/scop/scop/scopTestSeq.fasta 
# Current dir:     /home/elise/Documents/M1-BIM/S2/TMEs/SBAS/tme08
# Date:            Tue Apr  1 17:30:35 2025
# [ok]
