#                                                                            --- full sequence --- -------------- this domain -------------   hmm coord   ali coord   env coord
# target name        accession   tlen query name           accession   qlen   E-value  score  bias   #  of  c-Evalue  i-Evalue  score  bias  from    to  from    to  from    to  acc description of target
#------------------- ---------- ----- -------------------- ---------- ----- --------- ------ ----- --- --- --------- --------- ------ ----- ----- ----- ----- ----- ----- ----- ---- ---------------------
d1gdea_c.67.1.1      -            388 d1lc5a_c.67.1.1.aln  -            387  5.1e-125  412.7   0.1   1   1  1.2e-126  5.6e-125  412.6   0.1     2   386     3   384     2   385 0.98 -
d3fvsa_c.67.1.1      -            419 d1lc5a_c.67.1.1.aln  -            387  2.7e-113  374.1   0.0   1   1  6.4e-115    3e-113  374.0   0.0     5   386     2   418     1   419 0.99 -
d2gb3a1c.67.1.1      -            389 d1lc5a_c.67.1.1.aln  -            387  3.2e-103  341.0   0.0   1   1  7.6e-105  3.5e-103  340.8   0.0     2   385     2   386     1   388 0.97 -
d1bw0a_c.67.1.1      -            412 d1lc5a_c.67.1.1.aln  -            387  8.6e-102  336.2   0.0   1   1  2.1e-103  9.6e-102  336.1   0.0     2   386     4   409     3   410 0.97 -
d2hoxa_c.67.1.1      -            425 d1lc5a_c.67.1.1.aln  -            387   4.6e-86  284.5   0.0   1   1   1.1e-87   5.2e-86  284.3   0.0     1   385     2   424     2   425 0.99 -
d1fg7a_c.67.1.1      -            354 d1lc5a_c.67.1.1.aln  -            387   3.1e-81  268.6   0.0   1   1   7.3e-83   3.4e-81  268.4   0.0    11   383     2   354     1   354 0.97 -
d1m6sa_c.67.1.1      -            343 d1lc5a_c.67.1.1.aln  -            387     3e-71  235.7   0.0   1   1   7.6e-73   3.5e-71  235.5   0.0    50   386    15   341     5   342 0.96 -
d1svva_c.67.1.1      -            340 d1lc5a_c.67.1.1.aln  -            387   5.6e-71  234.8   0.0   1   1   1.5e-72   6.8e-71  234.5   0.0    61   386    28   339     2   340 0.96 -
d1v72a1c.67.1.1      -            345 d1lc5a_c.67.1.1.aln  -            387   2.7e-67  222.7   0.0   1   1   6.6e-69   3.1e-67  222.5   0.0     9   384     4   342     1   345 0.98 -
d3piua_c.67.1.4      -            416 d1lc5a_c.67.1.1.aln  -            387   9.8e-32  105.6   0.0   1   1   2.8e-33   1.3e-31  105.2   0.0    68   385    69   413    62   415 0.86 -
d3ftba_c.67.1.0      -            334 d1lc5a_c.67.1.1.aln  -            387   2.4e-28   94.5   0.0   1   1   6.4e-30     3e-28   94.2   0.0    94   382    53   329    27   332 0.86 -
d1lc5a_c.67.1.1      -            355 d1lc5a_c.67.1.1.aln  -            387   7.7e-22   73.0   0.0   1   1   1.7e-23   7.8e-22   73.0   0.0   119   334    98   306    39   355 0.78 -
d2c81a_c.67.1.0      -            409 d1lc5a_c.67.1.1.aln  -            387   1.5e-05   19.5   0.2   1   1   1.1e-06     5e-05   17.7   0.2    98   209    56   158    31   161 0.86 -
d2bwna1c.67.1.4      -            396 d1lc5a_c.67.1.1.aln  -            387    0.0019   12.5   0.0   1   1   7.2e-05    0.0033   11.7   0.0   190   318   196   324   195   386 0.77 -
d1gpja2c.2.1.7       -            159 d1lc5a_c.67.1.1.aln  -            387    0.0022   12.3   0.0   1   1   5.4e-05    0.0025   12.1   0.0    75   149     9    80     1   121 0.83 -
d1bs0a_c.67.1.4      -            383 d1lc5a_c.67.1.1.aln  -            387    0.0053   11.0   0.1   1   2       1.7        79   -2.7   0.1    72   120    87   125    85   128 0.72 -
d1bs0a_c.67.1.4      -            383 d1lc5a_c.67.1.1.aln  -            387    0.0053   11.0   0.1   2   2   0.00025     0.012    9.9   0.0   190   284   186   279   182   309 0.73 -
d2bhua3c.1.8.1       -            420 d1lc5a_c.67.1.1.aln  -            387      0.01   10.1   0.0   1   1   0.00032     0.015    9.6   0.0   187   223    82   118    80   126 0.89 -
#
# Program:         hmmsearch
# Version:         3.3.2 (Nov 2020)
# Pipeline mode:   SEARCH
# Query file:      /home/elise/Documents/M1-BIM/S2/TMEs/SBAS/tme08/models/d1lc5a_c.67.1.1.aln.hmm
# Target file:     /home/elise/Documents/M1-BIM/S2/TMEs/SBAS/tme08/scop/scop/scopTestSeq.fasta
# Option settings: hmmsearch --domtblout /home/elise/Documents/M1-BIM/S2/TMEs/SBAS/tme08/searchResults/d1lc5a_c.67.1.1.aln.out -E 1 /home/elise/Documents/M1-BIM/S2/TMEs/SBAS/tme08/models/d1lc5a_c.67.1.1.aln.hmm /home/elise/Documents/M1-BIM/S2/TMEs/SBAS/tme08/scop/scop/scopTestSeq.fasta 
# Current dir:     /home/elise/Documents/M1-BIM/S2/TMEs/SBAS/tme08
# Date:            Tue Apr  1 17:30:35 2025
# [ok]
