#                                                                            --- full sequence --- -------------- this domain -------------   hmm coord   ali coord   env coord
# target name        accession   tlen query name           accession   qlen   E-value  score  bias   #  of  c-Evalue  i-Evalue  score  bias  from    to  from    to  from    to  acc description of target
#------------------- ---------- ----- -------------------- ---------- ----- --------- ------ ----- --- --- --------- --------- ------ ----- ----- ----- ----- ----- ----- ----- ---- ---------------------
d3kffa_b.60.1.1      -            152 d1lf7a_b.60.1.1.aln  -            161   5.2e-53  174.9   0.6   1   1     1e-54   5.7e-53  174.7   0.6    11   160     2   150     1   151 0.99 -
d1kxoa_b.60.1.1      -            171 d1lf7a_b.60.1.1.aln  -            161   6.1e-45  148.6   0.9   1   1   1.2e-46   6.8e-45  148.5   0.9     1   159     8   171     8   171 0.99 -
d1kt7a_b.60.1.1      -            175 d1lf7a_b.60.1.1.aln  -            161   1.8e-44  147.1   0.1   1   1   3.7e-46   2.1e-44  146.9   0.1     2   158     7   174     6   175 0.99 -
d3saoa_b.60.1.1      -            155 d1lf7a_b.60.1.1.aln  -            161   4.1e-44  145.9   0.1   1   1     8e-46   4.5e-44  145.8   0.1    13   159     1   147     1   149 0.99 -
d3s26a_b.60.1.1      -            176 d1lf7a_b.60.1.1.aln  -            161   1.4e-43  144.2   0.2   1   1   2.8e-45   1.6e-43  144.0   0.2     3   160    10   174     8   175 0.98 -
d1dzka_b.60.1.1      -            148 d1lf7a_b.60.1.1.aln  -            161   3.1e-40  133.3   0.3   1   1     6e-42   3.4e-40  133.2   0.3    14   159     2   147     1   148 0.98 -
d1epba_b.60.1.1      -            160 d1lf7a_b.60.1.1.aln  -            161   9.8e-36  118.7   0.1   1   1   1.9e-37   1.1e-35  118.6   0.1     7   160     1   154     1   155 0.98 -
d1x8qa_b.60.1.1      -            184 d1lf7a_b.60.1.1.aln  -            161   2.3e-28   94.7   5.8   1   1   4.5e-30   2.5e-28   94.6   5.8     4   160     8   179     1   180 0.95 -
d1xkia_b.60.1.1      -            139 d1lf7a_b.60.1.1.aln  -            161   1.5e-27   92.1   0.0   1   1   2.9e-29   1.6e-27   92.0   0.0    14   154     1   138     1   139 0.97 -
d1i4ua_b.60.1.1      -            181 d1lf7a_b.60.1.1.aln  -            161   1.8e-27   91.8   0.6   1   1     4e-29   2.3e-27   91.5   0.6     6   160    17   175    12   176 0.89 -
d1qfta_b.60.1.1      -            175 d1lf7a_b.60.1.1.aln  -            161   1.2e-25   86.0   7.1   1   1   2.2e-27   1.3e-25   85.9   7.1     7   157    17   172     6   175 0.96 -
d1qwda_b.60.1.1      -            167 d1lf7a_b.60.1.1.aln  -            161   4.2e-25   84.1   0.0   1   1   8.5e-27   4.8e-25   84.0   0.0     4   154    19   166    11   167 0.92 -
d1lf7a_b.60.1.1      -            171 d1lf7a_b.60.1.1.aln  -            161   2.6e-13   45.8   0.0   1   1   5.6e-15   3.1e-13   45.5   0.0     3   157     6   158     4   161 0.88 -
d2joza1b.60.1.1      -            126 d1lf7a_b.60.1.1.aln  -            161   4.5e-13   45.0   0.1   1   2   9.9e-06   0.00056   15.5   0.1    14    63     2    52     1    53 0.95 -
d2joza1b.60.1.1      -            126 d1lf7a_b.60.1.1.aln  -            161   4.5e-13   45.0   0.1   2   2   5.6e-10   3.2e-08   29.3   0.0    84   159    51   125    49   126 0.94 -
#
# Program:         hmmsearch
# Version:         3.3.2 (Nov 2020)
# Pipeline mode:   SEARCH
# Query file:      /home/elise/Documents/M1-BIM/S2/TMEs/SBAS/tme08/models/d1lf7a_b.60.1.1.aln.hmm
# Target file:     /home/elise/Documents/M1-BIM/S2/TMEs/SBAS/tme08/scop/scop/scopTestSeq.fasta
# Option settings: hmmsearch --domtblout /home/elise/Documents/M1-BIM/S2/TMEs/SBAS/tme08/searchResults/d1lf7a_b.60.1.1.aln.out -E 1 /home/elise/Documents/M1-BIM/S2/TMEs/SBAS/tme08/models/d1lf7a_b.60.1.1.aln.hmm /home/elise/Documents/M1-BIM/S2/TMEs/SBAS/tme08/scop/scop/scopTestSeq.fasta 
# Current dir:     /home/elise/Documents/M1-BIM/S2/TMEs/SBAS/tme08
# Date:            Tue Apr  1 17:30:35 2025
# [ok]
