#                                                                            --- full sequence --- -------------- this domain -------------   hmm coord   ali coord   env coord
# target name        accession   tlen query name           accession   qlen   E-value  score  bias   #  of  c-Evalue  i-Evalue  score  bias  from    to  from    to  from    to  acc description of target
#------------------- ---------- ----- -------------------- ---------- ----- --------- ------ ----- --- --- --------- --------- ------ ----- ----- ----- ----- ----- ----- ----- ---- ---------------------
d2fbia1a.4.5.28      -            136 d1lj9a_a.4.5.28.aln  -            142   7.2e-43  141.2   0.4   1   1     2e-44   7.8e-43  141.1   0.4     6   140     2   134     1   136 0.98 -
d2etha1a.4.5.28      -            140 d1lj9a_a.4.5.28.aln  -            142   3.9e-41  135.6   0.1   1   1   1.1e-42   4.2e-41  135.5   0.1     4   141     2   137     1   138 0.98 -
d2fxaa1a.4.5.28      -            162 d1lj9a_a.4.5.28.aln  -            142   1.4e-40  133.8   0.0   1   1     4e-42   1.6e-40  133.6   0.0     3   141    10   146     8   147 0.98 -
d2a61a1a.4.5.28      -            139 d1lj9a_a.4.5.28.aln  -            142   3.9e-40  132.4   0.0   1   1   1.1e-41   4.3e-40  132.2   0.0     5   142     1   136     1   136 0.98 -
d1s3ja_a.4.5.28      -            143 d1lj9a_a.4.5.28.aln  -            142   7.8e-40  131.4   4.0   1   1   2.2e-41   8.5e-40  131.3   4.0     3   141     4   140     2   141 0.98 -
d3broa1a.4.5.28      -            135 d1lj9a_a.4.5.28.aln  -            142   6.8e-39  128.4   6.8   1   1   1.9e-40   7.4e-39  128.2   6.8     7   139     2   134     1   135 0.99 -
d1jgsa_a.4.5.28      -            138 d1lj9a_a.4.5.28.aln  -            142   1.1e-38  127.7   0.0   1   1     3e-40   1.2e-38  127.6   0.0     3   138     3   136     1   138 0.95 -
d2fbha1a.4.5.28      -            137 d1lj9a_a.4.5.28.aln  -            142   2.8e-38  126.3   0.1   1   1   7.9e-40   3.1e-38  126.2   0.1     8   142     2   135     1   135 0.97 -
d3echa_a.4.5.28      -            142 d1lj9a_a.4.5.28.aln  -            142   9.7e-38  124.6   0.1   1   1   2.7e-39   1.1e-37  124.5   0.1     3   140     4   141     2   142 0.97 -
d1p4xa1a.4.5.28      -            125 d1lj9a_a.4.5.28.aln  -            142     1e-36  121.3   3.4   1   1   2.8e-38   1.1e-36  121.2   3.4     1   125     1   125     1   125 0.98 -
d2fbka1a.4.5.28      -            172 d1lj9a_a.4.5.28.aln  -            142   1.8e-35  117.3   0.0   1   1   5.2e-37   2.1e-35  117.1   0.0     5   141    33   170    29   171 0.97 -
d1p4xa2a.4.5.28      -            125 d1lj9a_a.4.5.28.aln  -            142   1.9e-35  117.2   4.6   1   1   5.2e-37   2.1e-35  117.1   4.6     3   123     2   122     1   125 0.97 -
d2hr3a1a.4.5.28      -            145 d1lj9a_a.4.5.28.aln  -            142   5.9e-35  115.6   0.0   1   1   1.6e-36   6.5e-35  115.4   0.0     2   141     2   140     1   141 0.97 -
d1hsja1a.4.5.28      -            115 d1lj9a_a.4.5.28.aln  -            142     5e-34  112.6   4.7   1   1   1.4e-35   5.5e-34  112.4   4.7     3   116     1   114     1   115 0.98 -
d3bjaa_a.4.5.0       -            139 d1lj9a_a.4.5.28.aln  -            142     7e-25   82.9   0.2   1   1   1.9e-26   7.6e-25   82.8   0.2    16   140    15   137     2   139 0.92 -
d1ub9a_a.4.5.28      -            100 d1lj9a_a.4.5.28.aln  -            142     5e-24   80.2   0.0   1   1   1.4e-25   5.4e-24   80.1   0.0    19   119     1    99     1   100 0.97 -
d3jw4a_a.4.5.0       -            137 d1lj9a_a.4.5.28.aln  -            142   3.6e-21   70.9   0.1   1   1     1e-22     4e-21   70.7   0.1    11   137     7   133     2   137 0.96 -
d1lj9a_a.4.5.28      -            144 d1lj9a_a.4.5.28.aln  -            142     2e-16   55.5   0.9   1   1   5.6e-18   2.2e-16   55.4   0.9     8   140     3   133     1   135 0.94 -
d3ctaa1a.4.5.28      -             85 d1lj9a_a.4.5.28.aln  -            142   7.6e-16   53.6   0.2   1   1   2.8e-17   1.1e-15   53.1   0.2    47   115    18    83     1    84 0.92 -
d3k69a_a.4.5.0       -            155 d1lj9a_a.4.5.28.aln  -            142    0.0027   13.0   0.0   1   1   0.00012    0.0047   12.2   0.0    38    81    11    53     2    59 0.85 -
#
# Program:         hmmsearch
# Version:         3.3.2 (Nov 2020)
# Pipeline mode:   SEARCH
# Query file:      /home/elise/Documents/M1-BIM/S2/TMEs/SBAS/tme08/models/d1lj9a_a.4.5.28.aln.hmm
# Target file:     /home/elise/Documents/M1-BIM/S2/TMEs/SBAS/tme08/scop/scop/scopTestSeq.fasta
# Option settings: hmmsearch --domtblout /home/elise/Documents/M1-BIM/S2/TMEs/SBAS/tme08/searchResults/d1lj9a_a.4.5.28.aln.out -E 1 /home/elise/Documents/M1-BIM/S2/TMEs/SBAS/tme08/models/d1lj9a_a.4.5.28.aln.hmm /home/elise/Documents/M1-BIM/S2/TMEs/SBAS/tme08/scop/scop/scopTestSeq.fasta 
# Current dir:     /home/elise/Documents/M1-BIM/S2/TMEs/SBAS/tme08
# Date:            Tue Apr  1 17:30:35 2025
# [ok]
