#                                                                            --- full sequence --- -------------- this domain -------------   hmm coord   ali coord   env coord
# target name        accession   tlen query name           accession   qlen   E-value  score  bias   #  of  c-Evalue  i-Evalue  score  bias  from    to  from    to  from    to  acc description of target
#------------------- ---------- ----- -------------------- ---------- ----- --------- ------ ----- --- --- --------- --------- ------ ----- ----- ----- ----- ----- ----- ----- ---- ---------------------
d1c9oa_b.40.4.5      -             66 d1luza_b.40.4.5.aln  -             89   1.3e-13   46.5   0.1   1   1   5.6e-15   1.4e-13   46.5   0.1    12    82     2    65     1    66 0.95 -
d2je6i1b.40.4.5      -             87 d1luza_b.40.4.5.aln  -             89   4.5e-13   44.9   0.5   1   1   1.9e-14   4.9e-13   44.8   0.5     2    87     1    86     1    87 0.95 -
d3bzka4b.40.4.5      -             94 d1luza_b.40.4.5.aln  -             89   1.2e-12   43.6   0.6   1   1   5.3e-14   1.4e-12   43.4   0.6     2    80    12    87    11    93 0.89 -
d1kl9a2b.40.4.5      -             86 d1luza_b.40.4.5.aln  -             89   1.1e-11   40.5   0.6   1   1   4.6e-13   1.2e-11   40.4   0.6     3    82     8    86     6    86 0.96 -
d2uubq1b.40.4.5      -            100 d1luza_b.40.4.5.aln  -             89   1.3e-11   40.3   1.4   1   1   6.1e-13   1.5e-11   40.0   1.4    10    87     3    79     1    81 0.96 -
d2ja9a1b.40.4.5      -             90 d1luza_b.40.4.5.aln  -             89   1.8e-10   36.7   0.0   1   1   7.9e-12     2e-10   36.5   0.0     2    86     1    82     1    85 0.93 -
d1go3e1b.40.4.5      -            106 d1luza_b.40.4.5.aln  -             89   1.8e-09   33.4   0.7   1   1   8.2e-11   2.1e-09   33.3   0.7     6    86     1    88     1    91 0.92 -
d2nn6h1b.40.4.5      -             95 d1luza_b.40.4.5.aln  -             89   2.7e-09   32.9   0.0   1   1   1.2e-10     3e-09   32.8   0.0     1    85     1    92     1    95 0.92 -
d2nn6i1b.40.4.5      -            125 d1luza_b.40.4.5.aln  -             89   1.1e-08   31.0   0.0   1   1   4.9e-10   1.2e-08   30.8   0.0     5    85     4    91     1    95 0.91 -
d3i4oa_b.40.4.5      -             68 d1luza_b.40.4.5.aln  -             89   1.1e-08   30.9   0.2   1   1   4.9e-10   1.3e-08   30.8   0.2    11    75     4    67     2    68 0.96 -
d1smxa_b.40.4.5      -             87 d1luza_b.40.4.5.aln  -             89   1.5e-08   30.5   0.0   1   1   6.7e-10   1.7e-08   30.4   0.0    10    80     2    80     1    86 0.92 -
d1rl2a2b.40.4.5      -             66 d1luza_b.40.4.5.aln  -             89   2.3e-08   29.9   0.1   1   1   9.6e-10   2.5e-08   29.9   0.1    25    87     2    65     1    66 0.93 -
d2uubl1b.40.4.5      -            118 d1luza_b.40.4.5.aln  -             89   4.1e-08   29.2   0.5   1   1   2.4e-09   6.1e-08   28.6   0.5     2    88    22   105    21   106 0.96 -
d2vnud2b.40.4.5      -             88 d1luza_b.40.4.5.aln  -             89   6.4e-08   28.5   0.4   1   1   2.7e-09   6.9e-08   28.4   0.4     3    85     4    87     2    88 0.96 -
d1e3pa2b.40.4.5      -             62 d1luza_b.40.4.5.aln  -             89   1.7e-07   27.2   0.2   1   1   7.1e-09   1.8e-07   27.1   0.2    14    72     1    60     1    62 0.95 -
d1x6oa2b.40.4.5      -             79 d1luza_b.40.4.5.aln  -             89   3.5e-07   26.2   0.0   1   1   1.4e-08   3.6e-07   26.1   0.0     2    79     2    75     1    79 0.93 -
d1d7qa_b.40.4.5      -            143 d1luza_b.40.4.5.aln  -             89   4.4e-07   25.9   0.1   1   2     4e-08     1e-06   24.7   0.0     2    86    23   114    22   117 0.93 -
d1d7qa_b.40.4.5      -            143 d1luza_b.40.4.5.aln  -             89   4.4e-07   25.9   0.1   2   2       2.9        75   -0.2   0.0    48    65   112   129   102   137 0.71 -
d1wfqa_b.40.4.5      -             89 d1luza_b.40.4.5.aln  -             89   6.1e-07   25.4   0.0   1   1   2.6e-08   6.7e-07   25.3   0.0    21    88    18    88     2    89 0.78 -
d1wi5a_b.40.4.5      -            119 d1luza_b.40.4.5.aln  -             89   9.9e-07   24.8   0.0   1   1   5.2e-08   1.3e-06   24.4   0.0     4    82    17    94    14    96 0.87 -
d2ix0a1b.40.4.5      -             90 d1luza_b.40.4.5.aln  -             89   1.3e-06   24.4   0.0   1   1   5.6e-08   1.4e-06   24.3   0.0     2    85     2    88     1    90 0.97 -
d2asba1b.40.4.5      -             76 d1luza_b.40.4.5.aln  -             89   1.5e-06   24.2   0.3   1   1   7.1e-08   1.8e-06   23.9   0.3     8    81     4    75     2    76 0.94 -
d1a62a2b.40.4.5      -             78 d1luza_b.40.4.5.aln  -             89   4.1e-06   22.8   0.0   1   1   1.7e-07   4.3e-06   22.7   0.0    14    85     5    73     1    76 0.90 -
d2ix0a3b.40.4.5      -             87 d1luza_b.40.4.5.aln  -             89     1e-05   21.5   0.3   1   1   4.2e-07   1.1e-05   21.5   0.3     9    87     4    85     1    87 0.95 -
d2ix0a2b.40.4.5      -             79 d1luza_b.40.4.5.aln  -             89   1.4e-05   21.1   0.0   1   1   6.2e-07   1.6e-05   20.9   0.0    14    82    11    77     4    78 0.81 -
d1hh2p1b.40.4.5      -             72 d1luza_b.40.4.5.aln  -             89   6.7e-05   19.0   0.4   1   1   2.8e-06   7.2e-05   18.8   0.4    10    80     5    70     1    72 0.75 -
d1jt8a_b.40.4.5      -            102 d1luza_b.40.4.5.aln  -             89   6.8e-05   18.9   0.5   1   1   3.1e-06   7.8e-05   18.7   0.5     2    72    12    89    11   101 0.85 -
d1t9ha1b.40.4.5      -             67 d1luza_b.40.4.5.aln  -             89   6.9e-05   18.9   0.1   1   1   2.9e-06   7.4e-05   18.8   0.1    13    79     3    65     1    67 0.88 -
d1y14b1b.40.4.5      -             91 d1luza_b.40.4.5.aln  -             89   8.2e-05   18.7   0.0   1   1   4.1e-06   0.00011   18.3   0.0     3    88     2    88     1    89 0.94 -
d1u0la1b.40.4.5      -             66 d1luza_b.40.4.5.aln  -             89   0.00014   17.9   0.3   1   1   6.4e-06   0.00016   17.7   0.3    12    72     3    57     2    66 0.85 -
d1khia2b.40.4.5      -             71 d1luza_b.40.4.5.aln  -             89    0.0011   15.0   0.1   1   1   4.7e-05    0.0012   15.0   0.1    17    83     6    70     1    71 0.90 -
d1ne3a_b.40.4.5      -             68 d1luza_b.40.4.5.aln  -             89    0.0015   14.6   0.1   1   1   6.2e-05    0.0016   14.6   0.1     9    74     2    66     1    68 0.91 -
#
# Program:         hmmsearch
# Version:         3.3.2 (Nov 2020)
# Pipeline mode:   SEARCH
# Query file:      /home/elise/Documents/M1-BIM/S2/TMEs/SBAS/tme08/models/d1luza_b.40.4.5.aln.hmm
# Target file:     /home/elise/Documents/M1-BIM/S2/TMEs/SBAS/tme08/scop/scop/scopTestSeq.fasta
# Option settings: hmmsearch --domtblout /home/elise/Documents/M1-BIM/S2/TMEs/SBAS/tme08/searchResults/d1luza_b.40.4.5.aln.out -E 1 /home/elise/Documents/M1-BIM/S2/TMEs/SBAS/tme08/models/d1luza_b.40.4.5.aln.hmm /home/elise/Documents/M1-BIM/S2/TMEs/SBAS/tme08/scop/scop/scopTestSeq.fasta 
# Current dir:     /home/elise/Documents/M1-BIM/S2/TMEs/SBAS/tme08
# Date:            Tue Apr  1 17:30:35 2025
# [ok]
