#                                                                            --- full sequence --- -------------- this domain -------------   hmm coord   ali coord   env coord
# target name        accession   tlen query name           accession   qlen   E-value  score  bias   #  of  c-Evalue  i-Evalue  score  bias  from    to  from    to  from    to  acc description of target
#------------------- ---------- ----- -------------------- ---------- ----- --------- ------ ----- --- --- --------- --------- ------ ----- ----- ----- ----- ----- ----- ----- ---- ---------------------
d1zina1c.37.1.1      -            183 d1lw7a2c.37.1.1.aln  -            201   2.6e-51  169.8   0.1   1   1   8.9e-53   2.9e-51  169.7   0.1     4   199     1   180     1   182 0.98 -
d1qf9a_c.37.1.1      -            194 d1lw7a2c.37.1.1.aln  -            201   7.9e-46  151.9   0.0   1   1   2.6e-47   8.7e-46  151.8   0.0     2   200     5   192     4   193 0.97 -
d1p5zb_c.37.1.1      -            241 d1lw7a2c.37.1.1.aln  -            201   4.4e-37  123.4   0.0   1   1   1.5e-38   4.9e-37  123.2   0.0     4   198     3   231     1   234 0.99 -
d1khta_c.37.1.1      -            190 d1lw7a2c.37.1.1.aln  -            201     1e-36  122.2   0.1   1   1   3.3e-38   1.1e-36  122.1   0.1     3   199     1   188     1   190 0.97 -
d1t0hb_c.37.1.1      -            219 d1lw7a2c.37.1.1.aln  -            201   6.4e-36  119.6   0.0   1   1   2.1e-37   7.1e-36  119.4   0.0     2   197    19   215    18   219 0.97 -
d1e2ka_c.37.1.1      -            329 d1lw7a2c.37.1.1.aln  -            201   1.9e-29   98.5   0.0   1   2   0.00021    0.0069   11.7   0.0     5    27     6    28     4    30 0.91 -
d1e2ka_c.37.1.1      -            329 d1lw7a2c.37.1.1.aln  -            201   1.9e-29   98.5   0.0   2   2   7.6e-27   2.5e-25   85.0   0.0     4   200    32   281    29   282 0.99 -
d1kgda_c.37.1.1      -            178 d1lw7a2c.37.1.1.aln  -            201     3e-28   94.6   0.0   1   1   9.9e-30   3.3e-28   94.4   0.0     1   182     1   177     1   178 0.97 -
d1kjwa2c.37.1.1      -            199 d1lw7a2c.37.1.1.aln  -            201   4.8e-28   93.9   0.1   1   1   1.7e-29   5.6e-28   93.6   0.1    11   194    14   198     5   199 0.97 -
d1deka_c.37.1.1      -            241 d1lw7a2c.37.1.1.aln  -            201   2.8e-26   88.1   0.0   1   1   9.6e-28   3.1e-26   87.9   0.0     3   199     1   236     1   238 0.99 -
d1vhta_c.37.1.1      -            208 d1lw7a2c.37.1.1.aln  -            201   7.2e-26   86.8   0.2   1   1   2.5e-27   8.3e-26   86.6   0.2     4   200     4   205     1   206 0.96 -
d1y63a_c.37.1.1      -            174 d1lw7a2c.37.1.1.aln  -            201   2.4e-25   85.0   1.1   1   1   8.8e-27   2.9e-25   84.8   1.1     2   195     4   172     3   173 0.96 -
d2grja_c.37.1.1      -            179 d1lw7a2c.37.1.1.aln  -            201     3e-23   78.2   1.1   1   1     1e-24   3.4e-23   78.1   1.1     1   184     1   179     1   179 0.97 -
d1gsia_c.37.1.1      -            208 d1lw7a2c.37.1.1.aln  -            201     2e-22   75.5   0.0   1   1   6.8e-24   2.2e-22   75.4   0.0     4   198     1   205     1   208 0.97 -
d1yj5a2c.37.1.1      -            172 d1lw7a2c.37.1.1.aln  -            201   4.6e-22   74.3   0.0   1   1   1.7e-23   5.5e-22   74.1   0.0    15   195     8   171     1   172 0.96 -
d3kb2a_c.37.1.1      -            171 d1lw7a2c.37.1.1.aln  -            201   2.5e-21   72.0   0.0   1   1   8.5e-23   2.8e-21   71.8   0.0     5   190     2   170     1   171 0.98 -
d1ly1a_c.37.1.1      -            152 d1lw7a2c.37.1.1.aln  -            201   4.1e-20   68.0   0.0   1   1   1.3e-21   4.4e-20   67.9   0.0     2   167     1   148     1   152 0.96 -
d3akea_c.37.1.0      -            208 d1lw7a2c.37.1.1.aln  -            201   1.3e-10   37.0   0.5   1   1   1.7e-11   5.4e-10   34.9   0.5     5   157     4   163     1   194 0.84 -
d2qora_c.37.1.0      -            196 d1lw7a2c.37.1.1.aln  -            201   1.6e-07   26.9   0.2   1   1   1.2e-08   3.8e-07   25.7   0.2     4   174     5   167     2   188 0.72 -
d2jaqa_c.37.1.0      -            201 d1lw7a2c.37.1.1.aln  -            201   6.8e-05   18.3   0.9   1   1     3e-05     0.001   14.5   0.9     4    98     1    81     1    84 0.77 -
d1um8a_c.37.1.20     -            364 d1lw7a2c.37.1.1.aln  -            201   0.00024   16.5   0.0   1   2   1.8e-05    0.0006   15.2   0.0     5    32    70    97    67   160 0.85 -
d1um8a_c.37.1.20     -            364 d1lw7a2c.37.1.1.aln  -            201   0.00024   16.5   0.0   2   2         6     2e+02   -2.8   0.0    51    51   224   224   189   251 0.49 -
d1in4a2c.37.1.20     -            238 d1lw7a2c.37.1.1.aln  -            201   0.00042   15.7   0.0   1   1   2.5e-05   0.00083   14.7   0.0     6    36    38    68    37   114 0.89 -
d1sxja2c.37.1.20     -            253 d1lw7a2c.37.1.1.aln  -            201    0.0023   13.3   0.0   1   1   0.00011    0.0035   12.7   0.0     7    29    56    78    53   137 0.76 -
d1lw7a2c.37.1.1      -            192 d1lw7a2c.37.1.1.aln  -            201    0.0029   12.9   0.4   1   2   0.00022    0.0072   11.7   0.1     4    25     8    29     7    34 0.90 -
d1lw7a2c.37.1.1      -            192 d1lw7a2c.37.1.1.aln  -            201    0.0029   12.9   0.4   2   2       2.9        94   -1.8   0.0   108   132   148   172   133   190 0.56 -
d1d2na_c.37.1.20     -            246 d1lw7a2c.37.1.1.aln  -            201    0.0062   11.9   0.0   1   1   0.00033     0.011   11.1   0.0     6    32    43    69    42    70 0.94 -
#
# Program:         hmmsearch
# Version:         3.3.2 (Nov 2020)
# Pipeline mode:   SEARCH
# Query file:      /home/elise/Documents/M1-BIM/S2/TMEs/SBAS/tme08/models/d1lw7a2c.37.1.1.aln.hmm
# Target file:     /home/elise/Documents/M1-BIM/S2/TMEs/SBAS/tme08/scop/scop/scopTestSeq.fasta
# Option settings: hmmsearch --domtblout /home/elise/Documents/M1-BIM/S2/TMEs/SBAS/tme08/searchResults/d1lw7a2c.37.1.1.aln.out -E 1 /home/elise/Documents/M1-BIM/S2/TMEs/SBAS/tme08/models/d1lw7a2c.37.1.1.aln.hmm /home/elise/Documents/M1-BIM/S2/TMEs/SBAS/tme08/scop/scop/scopTestSeq.fasta 
# Current dir:     /home/elise/Documents/M1-BIM/S2/TMEs/SBAS/tme08
# Date:            Tue Apr  1 17:30:35 2025
# [ok]
