#                                                                            --- full sequence --- -------------- this domain -------------   hmm coord   ali coord   env coord
# target name        accession   tlen query name           accession   qlen   E-value  score  bias   #  of  c-Evalue  i-Evalue  score  bias  from    to  from    to  from    to  acc description of target
#------------------- ---------- ----- -------------------- ---------- ----- --------- ------ ----- --- --- --------- --------- ------ ----- ----- ----- ----- ----- ----- ----- ---- ---------------------
d3bmva3b.71.1.1      -             89 d1lwha1b.71.1.1.aln  -             87   1.3e-22   75.5   5.3   1   1   3.9e-24   1.4e-22   75.4   5.3     1    86     1    86     1    87 0.99 -
d1e43a1b.71.1.1      -             90 d1lwha1b.71.1.1.aln  -             87   2.4e-20   68.2   1.9   1   1   7.2e-22   2.6e-20   68.1   1.9     1    86     4    89     4    90 0.98 -
d2guya1b.71.1.1      -             95 d1lwha1b.71.1.1.aln  -             87   1.2e-19   66.0   0.5   1   1   3.5e-21   1.3e-19   65.9   0.5     4    86     3    85     1    86 0.96 -
d1uasa1b.71.1.1      -             89 d1lwha1b.71.1.1.aln  -             87   1.7e-15   52.8   0.6   1   1   5.1e-17   1.8e-15   52.7   0.6     2    87     2    87     1    87 0.97 -
d1ji1a2b.71.1.1      -             83 d1lwha1b.71.1.1.aln  -             87   6.7e-15   50.9   2.9   1   1     2e-16     7e-15   50.8   2.9     3    81     2    80     1    83 0.95 -
d1ea9c2b.71.1.1      -             80 d1lwha1b.71.1.1.aln  -             87   1.5e-13   46.6   0.0   1   1   4.3e-15   1.5e-13   46.5   0.0     3    80     2    79     1    80 0.96 -
d1m7xa2b.71.1.1      -            106 d1lwha1b.71.1.1.aln  -             87   1.3e-12   43.6   0.0   1   1   4.2e-14   1.5e-12   43.4   0.0     9    84    13    88     6    91 0.95 -
d1szna1b.71.1.1      -            103 d1lwha1b.71.1.1.aln  -             87   4.9e-12   41.7   0.2   1   1   1.6e-13   5.9e-12   41.5   0.2     4    85    15    96    12    98 0.96 -
d1h3ga2b.71.1.1      -             83 d1lwha1b.71.1.1.aln  -             87     6e-12   41.4   0.0   1   1   1.7e-13   6.2e-12   41.4   0.0     5    81     2    78     1    83 0.93 -
d1bf2a2b.71.1.1      -            113 d1lwha1b.71.1.1.aln  -             87   1.5e-10   37.0   7.6   1   1     5e-12   1.8e-10   36.7   7.6     4    86    18   100    15   101 0.96 -
d1g5aa1b.71.1.1      -             74 d1lwha1b.71.1.1.aln  -             87   9.5e-10   34.4   0.0   1   1   2.8e-11     1e-09   34.4   0.0     7    78     2    73     1    74 0.95 -
d1ua7a1b.71.1.1      -             78 d1lwha1b.71.1.1.aln  -             87   2.6e-09   33.1   0.5   1   1   7.8e-11   2.8e-09   33.0   0.5     7    74     8    75     3    78 0.94 -
d1wzaa1b.71.1.1      -             79 d1lwha1b.71.1.1.aln  -             87   5.6e-09   32.0   0.1   1   1   1.6e-10   5.8e-09   31.9   0.1     5    78     3    76     1    79 0.95 -
d1j0ha2b.71.1.1      -             83 d1lwha1b.71.1.1.aln  -             87   8.1e-09   31.5   0.0   1   1   2.3e-10   8.2e-09   31.5   0.0     4    77     4    74     1    81 0.92 -
d1r7aa1b.71.1.1      -             70 d1lwha1b.71.1.1.aln  -             87   2.3e-08   30.0   0.1   1   1   6.6e-10   2.4e-08   30.0   0.1     2    64     4    66     3    70 0.94 -
d1mxga1b.71.1.1      -             74 d1lwha1b.71.1.1.aln  -             87   2.5e-08   29.9   1.7   1   1   7.5e-10   2.7e-08   29.8   1.7     3    74     3    74     1    74 0.96 -
d2fhfa4b.71.1.1      -            118 d1lwha1b.71.1.1.aln  -             87   2.9e-08   29.7   0.0   1   1     1e-09   3.7e-08   29.4   0.0     2    85    19   102    18   104 0.96 -
d2bhua2b.71.1.1      -             72 d1lwha1b.71.1.1.aln  -             87   3.4e-06   23.1   0.0   1   1     1e-07   3.6e-06   23.0   0.0     3    73     1    71     1    72 0.96 -
d1gjwa1b.71.1.1      -             64 d1lwha1b.71.1.1.aln  -             87   7.5e-06   22.0   0.0   1   1   2.1e-07   7.5e-06   22.0   0.0     3    61     2    60     1    64 0.91 -
d1ht6a1b.71.1.1      -             57 d1lwha1b.71.1.1.aln  -             87   4.4e-05   19.6   0.0   1   1   1.2e-06   4.4e-05   19.6   0.0     4    54     6    56     3    57 0.93 -
d1gcya1b.71.1.1      -             61 d1lwha1b.71.1.1.aln  -             87    0.0007   15.7   0.6   1   1     2e-05   0.00072   15.7   0.6    11    70     3    61     1    61 0.93 -
d1kwga1b.71.1.1      -             54 d1lwha1b.71.1.1.aln  -             87    0.0059   12.8   0.0   1   1   0.00018    0.0066   12.6   0.0    13    59     7    53     3    54 0.93 -
#
# Program:         hmmsearch
# Version:         3.3.2 (Nov 2020)
# Pipeline mode:   SEARCH
# Query file:      /home/elise/Documents/M1-BIM/S2/TMEs/SBAS/tme08/models/d1lwha1b.71.1.1.aln.hmm
# Target file:     /home/elise/Documents/M1-BIM/S2/TMEs/SBAS/tme08/scop/scop/scopTestSeq.fasta
# Option settings: hmmsearch --domtblout /home/elise/Documents/M1-BIM/S2/TMEs/SBAS/tme08/searchResults/d1lwha1b.71.1.1.aln.out -E 1 /home/elise/Documents/M1-BIM/S2/TMEs/SBAS/tme08/models/d1lwha1b.71.1.1.aln.hmm /home/elise/Documents/M1-BIM/S2/TMEs/SBAS/tme08/scop/scop/scopTestSeq.fasta 
# Current dir:     /home/elise/Documents/M1-BIM/S2/TMEs/SBAS/tme08
# Date:            Tue Apr  1 17:30:35 2025
# [ok]
