#                                                                            --- full sequence --- -------------- this domain -------------   hmm coord   ali coord   env coord
# target name        accession   tlen query name           accession   qlen   E-value  score  bias   #  of  c-Evalue  i-Evalue  score  bias  from    to  from    to  from    to  acc description of target
#------------------- ---------- ----- -------------------- ---------- ----- --------- ------ ----- --- --- --------- --------- ------ ----- ----- ----- ----- ----- ----- ----- ---- ---------------------
d1v59a1c.3.1.5       -            234 d1m6ia2c.3.1.5.aln   -            189   8.7e-50  164.5   2.8   1   1   3.9e-51   1.1e-49  164.2   2.8     4   188     3   234     2   234 0.98 -
d1mo9a1c.3.1.5       -            262 d1m6ia2c.3.1.5.aln   -            189   1.7e-39  130.9   0.0   1   1   7.4e-41   2.1e-39  130.7   0.0     2   188    38   262    37   262 0.98 -
d1m6ia1c.3.1.5       -            214 d1m6ia2c.3.1.5.aln   -            189   1.9e-37  124.3   0.0   1   1   7.5e-39   2.1e-37  124.1   0.0     4   188     2   214     1   214 0.99 -
d1fl2a1c.3.1.5       -            185 d1m6ia2c.3.1.5.aln   -            189   4.5e-36  119.8   2.8   1   1   1.8e-37     5e-36  119.7   2.8     7   188     2   181     1   182 0.98 -
d1xdia1c.3.1.5       -            234 d1m6ia2c.3.1.5.aln   -            189   9.9e-36  118.7   0.6   1   1   4.5e-37   1.3e-35  118.4   0.6     8   183     3   228     1   232 0.98 -
d1nhpa1c.3.1.5       -            199 d1m6ia2c.3.1.5.aln   -            189     8e-32  105.9   0.0   1   1   3.2e-33   8.9e-32  105.8   0.0     8   187     2   198     1   199 0.99 -
d1w4xa1c.3.1.5       -            299 d1m6ia2c.3.1.5.aln   -            189   1.8e-28   95.0   0.0   1   1   8.8e-30   2.5e-28   94.6   0.0     2   188     3   295     2   296 0.99 -
d2gv8a1c.3.1.5       -            336 d1m6ia2c.3.1.5.aln   -            189   3.4e-25   84.3   0.0   1   1   1.4e-26     4e-25   84.1   0.0     4   188     2   292     1   293 0.99 -
d1w4xa2c.3.1.5       -            235 d1m6ia2c.3.1.5.aln   -            189   4.4e-22   74.2   0.0   1   1   1.8e-23     5e-22   74.0   0.0     4   187     6   230     3   232 0.97 -
d1v59a2c.3.1.5       -            122 d1m6ia2c.3.1.5.aln   -            189   1.3e-21   72.6   0.2   1   1   4.9e-23   1.4e-21   72.6   0.2    12   117     5   107     1   122 0.90 -
d1aoga2c.3.1.5       -            117 d1m6ia2c.3.1.5.aln   -            189   1.5e-20   69.2   0.0   1   1   5.7e-22   1.6e-20   69.1   0.0    11   154     1   117     1   117 0.95 -
d1mo9a2c.3.1.5       -            121 d1m6ia2c.3.1.5.aln   -            189     5e-17   57.7   0.2   1   1   1.9e-18   5.4e-17   57.6   0.2    17   153     8   119     2   121 0.91 -
d1onfa2c.3.1.5       -            117 d1m6ia2c.3.1.5.aln   -            189   9.2e-16   53.6   0.0   1   1   3.6e-17     1e-15   53.5   0.0    10   154     3   117     1   117 0.93 -
d1nhpa2c.3.1.5       -            123 d1m6ia2c.3.1.5.aln   -            189   2.1e-15   52.4   1.1   1   1   9.8e-17   2.8e-15   52.0   1.1    23   154    23   123     3   123 0.83 -
d1fcda2c.3.1.5       -            141 d1m6ia2c.3.1.5.aln   -            189   1.8e-14   49.4   0.0   1   1   6.9e-16   1.9e-14   49.3   0.0     3   160     5   139     3   141 0.97 -
d1h6va2c.3.1.5       -            122 d1m6ia2c.3.1.5.aln   -            189   1.8e-13   46.1   0.0   1   1     7e-15     2e-13   46.0   0.0    14   155     4   122     1   122 0.97 -
d1vdca2c.3.1.5       -            130 d1m6ia2c.3.1.5.aln   -            189   2.9e-13   45.5   0.1   1   1   1.2e-14   3.4e-13   45.2   0.1     9   116    14   117     7   126 0.84 -
d1xhca2c.3.1.5       -            122 d1m6ia2c.3.1.5.aln   -            189   2.6e-12   42.3   0.2   1   1   5.4e-13   1.5e-11   39.8   0.2     3    93     5    95     3   122 0.76 -
d1fl2a2c.3.1.5       -            126 d1m6ia2c.3.1.5.aln   -            189   2.3e-10   36.0   0.2   1   1   8.5e-12   2.4e-10   35.9   0.2     3   111     6   108     4   126 0.81 -
d1m6ia2c.3.1.5       -            137 d1m6ia2c.3.1.5.aln   -            189   2.4e-07   26.1   0.1   1   1   9.2e-09   2.6e-07   26.0   0.1     5   155    12   136     8   137 0.94 -
d2gmha1c.3.1.2       -            381 d1m6ia2c.3.1.5.aln   -            189   3.3e-06   22.4   0.0   1   2   4.6e-05    0.0013   14.0   0.1     5    31    31    57    29    59 0.89 -
d2gmha1c.3.1.2       -            381 d1m6ia2c.3.1.5.aln   -            189   3.3e-06   22.4   0.0   2   2     0.014      0.41    5.8   0.0   163   188   263   288   240   289 0.85 -
d2gf3a1c.3.1.2       -            282 d1m6ia2c.3.1.5.aln   -            189   1.4e-05   20.3   0.0   1   2   4.3e-06   0.00012   17.3   0.0     5    35     2    32     1    49 0.92 -
d2gf3a1c.3.1.2       -            282 d1m6ia2c.3.1.5.aln   -            189   1.4e-05   20.3   0.0   2   2       0.7        20    0.3   0.0    81   151   157   198   154   237 0.64 -
d1kdga1c.3.1.2       -            361 d1m6ia2c.3.1.5.aln   -            189   1.6e-05   20.1   0.7   1   2   1.5e-06   4.2e-05   18.8   0.6     6    43     2    46     1    47 0.88 -
d1kdga1c.3.1.2       -            361 d1m6ia2c.3.1.5.aln   -            189   1.6e-05   20.1   0.7   2   2       4.3   1.2e+02   -2.3   0.0   160   185   330   353   273   355 0.76 -
d2gv8a2c.3.1.5       -            107 d1m6ia2c.3.1.5.aln   -            189   7.7e-05   18.0   0.0   1   1     3e-06   8.5e-05   17.8   0.0    25   113    19   106     2   106 0.86 -
d1kola2c.2.1.1       -            195 d1m6ia2c.3.1.5.aln   -            189    0.0013   13.9   0.3   1   1   8.3e-05    0.0023   13.1   0.3     9    46    29    74    26    97 0.75 -
d1vl6a1c.2.1.7       -            222 d1m6ia2c.3.1.5.aln   -            189    0.0024   13.1   0.1   1   1   0.00015    0.0042   12.3   0.1     6    44    26    64    25    74 0.84 -
d1ryia1c.3.1.2       -            277 d1m6ia2c.3.1.5.aln   -            189    0.0032   12.7   0.2   1   1    0.0002    0.0057   11.9   0.2     5    39     3    39     2    53 0.89 -
d2iida1c.3.1.2       -            371 d1m6ia2c.3.1.5.aln   -            189    0.0036   12.5   0.9   1   2    0.0004     0.011   10.9   0.2    28    67    28    65    24    73 0.60 -
d2iida1c.3.1.2       -            371 d1m6ia2c.3.1.5.aln   -            189    0.0036   12.5   0.9   2   2       1.3        38   -0.6   0.0    87   114   248   273   218   290 0.65 -
#
# Program:         hmmsearch
# Version:         3.3.2 (Nov 2020)
# Pipeline mode:   SEARCH
# Query file:      /home/elise/Documents/M1-BIM/S2/TMEs/SBAS/tme08/models/d1m6ia2c.3.1.5.aln.hmm
# Target file:     /home/elise/Documents/M1-BIM/S2/TMEs/SBAS/tme08/scop/scop/scopTestSeq.fasta
# Option settings: hmmsearch --domtblout /home/elise/Documents/M1-BIM/S2/TMEs/SBAS/tme08/searchResults/d1m6ia2c.3.1.5.aln.out -E 1 /home/elise/Documents/M1-BIM/S2/TMEs/SBAS/tme08/models/d1m6ia2c.3.1.5.aln.hmm /home/elise/Documents/M1-BIM/S2/TMEs/SBAS/tme08/scop/scop/scopTestSeq.fasta 
# Current dir:     /home/elise/Documents/M1-BIM/S2/TMEs/SBAS/tme08
# Date:            Tue Apr  1 17:30:36 2025
# [ok]
