#                                                                            --- full sequence --- -------------- this domain -------------   hmm coord   ali coord   env coord
# target name        accession   tlen query name           accession   qlen   E-value  score  bias   #  of  c-Evalue  i-Evalue  score  bias  from    to  from    to  from    to  acc description of target
#------------------- ---------- ----- -------------------- ---------- ----- --------- ------ ----- --- --- --------- --------- ------ ----- ----- ----- ----- ----- ----- ----- ---- ---------------------
d1gdea_c.67.1.1      -            388 d1m6sa_c.67.1.1.aln  -            396  1.1e-130  431.5   0.1   1   1  2.5e-132  1.2e-130  431.3   0.1     2   395     3   384     2   385 0.98 -
d3fvsa_c.67.1.1      -            419 d1m6sa_c.67.1.1.aln  -            396  2.8e-120  397.2   0.0   1   1  6.3e-122  3.1e-120  397.1   0.0     5   394     2   417     1   419 0.99 -
d1bw0a_c.67.1.1      -            412 d1m6sa_c.67.1.1.aln  -            396  1.3e-107  355.5   0.0   1   1  2.9e-109  1.4e-107  355.4   0.0     2   395     4   409     3   410 0.97 -
d2gb3a1c.67.1.1      -            389 d1m6sa_c.67.1.1.aln  -            396  7.9e-107  352.9   0.0   1   1  1.8e-108  8.9e-107  352.8   0.0     2   395     2   386     1   387 0.97 -
d2hoxa_c.67.1.1      -            425 d1m6sa_c.67.1.1.aln  -            396     6e-93  307.2   0.0   1   1   1.4e-94   6.7e-93  307.0   0.0     1   396     2   421     2   421 0.99 -
d1lc5a_c.67.1.1      -            355 d1m6sa_c.67.1.1.aln  -            396   1.8e-79  262.8   0.0   1   1   4.1e-81     2e-79  262.7   0.0     9   393     3   355     1   355 0.98 -
d1fg7a_c.67.1.1      -            354 d1m6sa_c.67.1.1.aln  -            396   6.8e-79  260.9   0.0   1   1   1.5e-80   7.5e-79  260.8   0.0    11   392     2   354     1   354 0.97 -
d1svva_c.67.1.1      -            340 d1m6sa_c.67.1.1.aln  -            396   2.6e-70  232.7   0.0   1   1   6.3e-72   3.1e-70  232.4   0.0    61   395    26   339     9   340 0.96 -
d1v72a1c.67.1.1      -            345 d1m6sa_c.67.1.1.aln  -            396   3.9e-65  215.6   0.0   1   1     1e-66   5.1e-65  215.3   0.0    46   393    17   342     1   345 0.95 -
d3ftba_c.67.1.0      -            334 d1m6sa_c.67.1.1.aln  -            396   1.1e-33  112.0   0.0   1   1   2.9e-35   1.4e-33  111.7   0.0    67   391    31   329     9   332 0.88 -
d3piua_c.67.1.4      -            416 d1m6sa_c.67.1.1.aln  -            396   1.2e-32  108.7   0.0   1   1     3e-34   1.5e-32  108.4   0.0    71   394    70   413    64   415 0.86 -
d1m6sa_c.67.1.1      -            343 d1m6sa_c.67.1.1.aln  -            396   3.1e-13   44.7   0.0   1   1   7.6e-15   3.8e-13   44.5   0.0    45   271    13   226     5   276 0.78 -
d2c81a_c.67.1.0      -            409 d1m6sa_c.67.1.1.aln  -            396   5.5e-05   17.6   0.2   1   2   4.7e-06   0.00023   15.5   0.2   100   210    56   158    31   161 0.86 -
d2c81a_c.67.1.0      -            409 d1m6sa_c.67.1.1.aln  -            396   5.5e-05   17.6   0.2   2   2       2.8   1.4e+02   -3.5   0.0   318   344   230   256   226   271 0.73 -
d1bs0a_c.67.1.4      -            383 d1m6sa_c.67.1.1.aln  -            396    0.0013   13.1   0.0   1   1     4e-05     0.002   12.5   0.0   191   317   186   308   182   381 0.70 -
d2bhua3c.1.8.1       -            420 d1m6sa_c.67.1.1.aln  -            396     0.002   12.5   0.0   1   1   6.1e-05     0.003   11.9   0.0   188   225    82   119    80   129 0.89 -
d1gpja2c.2.1.7       -            159 d1m6sa_c.67.1.1.aln  -            396    0.0023   12.3   0.0   1   1   5.1e-05    0.0025   12.1   0.0    77   153     9    81     1   120 0.83 -
#
# Program:         hmmsearch
# Version:         3.3.2 (Nov 2020)
# Pipeline mode:   SEARCH
# Query file:      /home/elise/Documents/M1-BIM/S2/TMEs/SBAS/tme08/models/d1m6sa_c.67.1.1.aln.hmm
# Target file:     /home/elise/Documents/M1-BIM/S2/TMEs/SBAS/tme08/scop/scop/scopTestSeq.fasta
# Option settings: hmmsearch --domtblout /home/elise/Documents/M1-BIM/S2/TMEs/SBAS/tme08/searchResults/d1m6sa_c.67.1.1.aln.out -E 1 /home/elise/Documents/M1-BIM/S2/TMEs/SBAS/tme08/models/d1m6sa_c.67.1.1.aln.hmm /home/elise/Documents/M1-BIM/S2/TMEs/SBAS/tme08/scop/scop/scopTestSeq.fasta 
# Current dir:     /home/elise/Documents/M1-BIM/S2/TMEs/SBAS/tme08
# Date:            Tue Apr  1 17:30:36 2025
# [ok]
