#                                                                            --- full sequence --- -------------- this domain -------------   hmm coord   ali coord   env coord
# target name        accession   tlen query name           accession   qlen   E-value  score  bias   #  of  c-Evalue  i-Evalue  score  bias  from    to  from    to  from    to  acc description of target
#------------------- ---------- ----- -------------------- ---------- ----- --------- ------ ----- --- --- --------- --------- ------ ----- ----- ----- ----- ----- ----- ----- ---- ---------------------
d3bmva3b.71.1.1      -             89 d1m7xa2b.71.1.1.aln  -             86   3.4e-23   77.2   4.9   1   1   9.9e-25   3.7e-23   77.1   4.9     1    86     1    86     1    86 0.99 -
d1e43a1b.71.1.1      -             90 d1m7xa2b.71.1.1.aln  -             86   3.6e-20   67.5   1.6   1   1   1.1e-21     4e-20   67.4   1.6     1    85     4    88     4    89 0.98 -
d2guya1b.71.1.1      -             95 d1m7xa2b.71.1.1.aln  -             86   1.1e-14   50.1   0.3   1   1   3.1e-16   1.2e-14   50.0   0.3     2    83     8    89     7    92 0.95 -
d1ji1a2b.71.1.1      -             83 d1m7xa2b.71.1.1.aln  -             86     3e-14   48.7   3.1   1   1   8.5e-16   3.2e-14   48.6   3.1     3    82     2    81     1    83 0.97 -
d1uasa1b.71.1.1      -             89 d1m7xa2b.71.1.1.aln  -             86   4.1e-14   48.2   0.6   1   1   1.2e-15   4.3e-14   48.2   0.6     6    86     6    86     1    86 0.95 -
d1szna1b.71.1.1      -            103 d1m7xa2b.71.1.1.aln  -             86   7.3e-13   44.2   0.3   1   1   2.2e-14   8.3e-13   44.1   0.3     1    84    11    94    11    96 0.98 -
d1j0ha2b.71.1.1      -             83 d1m7xa2b.71.1.1.aln  -             86   4.2e-12   41.8   0.0   1   1   1.2e-13   4.5e-12   41.7   0.0     2    84     2    83     1    83 0.97 -
d1mxga1b.71.1.1      -             74 d1m7xa2b.71.1.1.aln  -             86   5.4e-12   41.5   1.1   1   1   1.5e-13   5.7e-12   41.4   1.1     4    74     3    73     1    74 0.95 -
d1h3ga2b.71.1.1      -             83 d1m7xa2b.71.1.1.aln  -             86   1.4e-11   40.2   0.0   1   1   4.1e-13   1.5e-11   40.0   0.0     6    79     3    76     1    82 0.94 -
d1bf2a2b.71.1.1      -            113 d1m7xa2b.71.1.1.aln  -             86   1.2e-10   37.2   6.4   1   1     4e-12   1.5e-10   36.9   6.4     2    86    19   103    18   103 0.97 -
d1ua7a1b.71.1.1      -             78 d1m7xa2b.71.1.1.aln  -             86   1.7e-10   36.7   0.4   1   1   5.4e-12     2e-10   36.5   0.4     6    74     7    75     3    77 0.94 -
d1ea9c2b.71.1.1      -             80 d1m7xa2b.71.1.1.aln  -             86   3.7e-10   35.6   0.0   1   1     1e-11   3.8e-10   35.6   0.0     3    77     4    78     2    80 0.94 -
d1wzaa1b.71.1.1      -             79 d1m7xa2b.71.1.1.aln  -             86   7.6e-10   34.6   0.1   1   1   2.4e-11   8.8e-10   34.4   0.1     5    78     3    76     1    78 0.95 -
d2fhfa4b.71.1.1      -            118 d1m7xa2b.71.1.1.aln  -             86   1.3e-09   33.9   0.0   1   1   4.9e-11   1.9e-09   33.4   0.0     3    85    20   102    18   103 0.95 -
d1g5aa1b.71.1.1      -             74 d1m7xa2b.71.1.1.aln  -             86   1.4e-09   33.8   0.0   1   1   3.8e-11   1.4e-09   33.8   0.0     7    78     2    73     1    74 0.95 -
d1r7aa1b.71.1.1      -             70 d1m7xa2b.71.1.1.aln  -             86   4.4e-07   25.8   0.0   1   1   1.2e-08   4.7e-07   25.8   0.0    15    82     3    70     1    70 0.94 -
d1ht6a1b.71.1.1      -             57 d1m7xa2b.71.1.1.aln  -             86   0.00018   17.5   0.1   1   1   4.7e-06   0.00018   17.5   0.1    21    85     6    56     1    57 0.86 -
d1gcya1b.71.1.1      -             61 d1m7xa2b.71.1.1.aln  -             86   0.00025   17.1   1.5   1   1   1.1e-05    0.0004   16.4   1.5    11    85     3    60     1    61 0.89 -
d2bhua2b.71.1.1      -             72 d1m7xa2b.71.1.1.aln  -             86   0.00035   16.6   0.0   1   1   9.8e-06   0.00037   16.5   0.0     9    76     4    71     1    72 0.95 -
d1gjwa1b.71.1.1      -             64 d1m7xa2b.71.1.1.aln  -             86   0.00045   16.3   0.0   1   1   1.3e-05   0.00047   16.2   0.0     5    76     4    63     1    64 0.91 -
d1lwha1b.71.1.1      -             50 d1m7xa2b.71.1.1.aln  -             86    0.0028   13.7   0.0   1   1   7.5e-05    0.0028   13.7   0.0     5    39     3    37     1    50 0.83 -
#
# Program:         hmmsearch
# Version:         3.3.2 (Nov 2020)
# Pipeline mode:   SEARCH
# Query file:      /home/elise/Documents/M1-BIM/S2/TMEs/SBAS/tme08/models/d1m7xa2b.71.1.1.aln.hmm
# Target file:     /home/elise/Documents/M1-BIM/S2/TMEs/SBAS/tme08/scop/scop/scopTestSeq.fasta
# Option settings: hmmsearch --domtblout /home/elise/Documents/M1-BIM/S2/TMEs/SBAS/tme08/searchResults/d1m7xa2b.71.1.1.aln.out -E 1 /home/elise/Documents/M1-BIM/S2/TMEs/SBAS/tme08/models/d1m7xa2b.71.1.1.aln.hmm /home/elise/Documents/M1-BIM/S2/TMEs/SBAS/tme08/scop/scop/scopTestSeq.fasta 
# Current dir:     /home/elise/Documents/M1-BIM/S2/TMEs/SBAS/tme08
# Date:            Tue Apr  1 17:30:36 2025
# [ok]
