#                                                                            --- full sequence --- -------------- this domain -------------   hmm coord   ali coord   env coord
# target name        accession   tlen query name           accession   qlen   E-value  score  bias   #  of  c-Evalue  i-Evalue  score  bias  from    to  from    to  from    to  acc description of target
#------------------- ---------- ----- -------------------- ---------- ----- --------- ------ ----- --- --- --------- --------- ------ ----- ----- ----- ----- ----- ----- ----- ---- ---------------------
d1v59a1c.3.1.5       -            234 d1mo9a1c.3.1.5.aln   -            186     2e-47  156.6   2.4   1   1   7.7e-49   2.2e-47  156.5   2.4     3   185     3   234     1   234 0.98 -
d1fl2a1c.3.1.5       -            185 d1mo9a1c.3.1.5.aln   -            186   2.8e-40  133.3   2.8   1   1   1.1e-41   3.1e-40  133.2   2.8     6   185     2   181     1   182 0.97 -
d1m6ia1c.3.1.5       -            214 d1mo9a1c.3.1.5.aln   -            186   5.8e-38  125.8   0.0   1   1   2.2e-39   6.5e-38  125.6   0.0     3   185     2   214     1   214 0.99 -
d1xdia1c.3.1.5       -            234 d1mo9a1c.3.1.5.aln   -            186     2e-34  114.2   0.8   1   1   8.5e-36   2.5e-34  113.9   0.8     6   180     2   228     1   232 0.94 -
d1nhpa1c.3.1.5       -            199 d1mo9a1c.3.1.5.aln   -            186   5.8e-31  103.0   0.0   1   1   2.2e-32   6.4e-31  102.8   0.0     7   184     2   198     1   199 0.95 -
d1w4xa1c.3.1.5       -            299 d1mo9a1c.3.1.5.aln   -            186   1.2e-26   88.9   0.0   1   1   4.7e-28   1.4e-26   88.7   0.0     1   185     3   289     3   290 0.99 -
d1aoga2c.3.1.5       -            117 d1mo9a1c.3.1.5.aln   -            186   5.3e-24   80.3   0.0   1   1     2e-25   5.8e-24   80.1   0.0    11   151     1   117     1   117 0.95 -
d1w4xa2c.3.1.5       -            235 d1mo9a1c.3.1.5.aln   -            186   7.5e-22   73.3   0.0   1   1   2.8e-23   8.3e-22   73.1   0.0     3   184     5   230     3   232 0.97 -
d1v59a2c.3.1.5       -            122 d1mo9a1c.3.1.5.aln   -            186   2.9e-21   71.3   0.5   1   1   1.1e-22   3.2e-21   71.2   0.5    14   137     7   112     2   122 0.93 -
d2gv8a1c.3.1.5       -            336 d1mo9a1c.3.1.5.aln   -            186   9.4e-21   69.7   0.0   1   1   3.7e-22   1.1e-20   69.5   0.0     3   185     2   292     1   293 0.98 -
d1onfa2c.3.1.5       -            117 d1mo9a1c.3.1.5.aln   -            186   2.1e-17   58.7   0.0   1   1   7.8e-19   2.3e-17   58.6   0.0    11   151     4   117     1   117 0.92 -
d1mo9a2c.3.1.5       -            121 d1mo9a1c.3.1.5.aln   -            186   1.3e-16   56.2   0.2   1   1   4.6e-18   1.4e-16   56.1   0.2    11   148     3   117     1   121 0.87 -
d1xhca2c.3.1.5       -            122 d1mo9a1c.3.1.5.aln   -            186   3.6e-16   54.8   0.1   1   1   1.4e-17     4e-16   54.6   0.1     3   136     5   113     3   119 0.88 -
d1fcda2c.3.1.5       -            141 d1mo9a1c.3.1.5.aln   -            186   8.4e-16   53.5   0.0   1   1   3.2e-17   9.3e-16   53.4   0.0     9   151     5   139     1   140 0.96 -
d1nhpa2c.3.1.5       -            123 d1mo9a1c.3.1.5.aln   -            186   2.6e-15   51.9   1.1   1   1   9.7e-17   2.8e-15   51.8   1.1     4   151     4   123     1   123 0.95 -
d1h6va2c.3.1.5       -            122 d1mo9a1c.3.1.5.aln   -            186   4.8e-15   51.1   0.0   1   1   1.8e-16   5.2e-15   51.0   0.0    12   152     2   122     1   122 0.95 -
d1m6ia2c.3.1.5       -            137 d1mo9a1c.3.1.5.aln   -            186   5.5e-15   50.9   0.1   1   1   2.1e-16   6.3e-15   50.7   0.1    15   152    22   136    10   137 0.92 -
d1fl2a2c.3.1.5       -            126 d1mo9a1c.3.1.5.aln   -            186   3.2e-13   45.1   0.2   1   1   1.2e-14   3.6e-13   45.0   0.2    14   152    16   125     6   126 0.83 -
d1vdca2c.3.1.5       -            130 d1mo9a1c.3.1.5.aln   -            186   6.3e-13   44.2   0.0   1   1   2.5e-14   7.3e-13   44.0   0.0     9   140    13   119     7   130 0.84 -
d1mo9a1c.3.1.5       -            262 d1mo9a1c.3.1.5.aln   -            186   3.2e-12   41.9   0.1   1   2       2.6        76   -1.7   0.0     3    17    40    54    38    81 0.82 -
d1mo9a1c.3.1.5       -            262 d1mo9a1c.3.1.5.aln   -            186   3.2e-12   41.9   0.1   2   2   2.4e-13   7.1e-12   40.7   0.0   102   181   159   258   117   262 0.83 -
d2gmha1c.3.1.2       -            381 d1mo9a1c.3.1.5.aln   -            186   1.7e-06   23.2   0.2   1   2   3.2e-05   0.00094   14.3   0.5     5    30    32    57    30   194 0.81 -
d2gmha1c.3.1.2       -            381 d1mo9a1c.3.1.5.aln   -            186   1.7e-06   23.2   0.2   2   2     0.025      0.74    4.8   0.0   160   182   263   285   235   289 0.83 -
d2gv8a2c.3.1.5       -            107 d1mo9a1c.3.1.5.aln   -            186   2.9e-06   22.4   0.0   1   1   1.2e-07   3.5e-06   22.2   0.0    11   102    13    96     4   104 0.91 -
d1kdga1c.3.1.2       -            361 d1mo9a1c.3.1.5.aln   -            186   4.3e-06   21.9   0.3   1   1   2.8e-07   8.1e-06   21.0   0.3     5    40     2    44     1    51 0.84 -
d2gf3a1c.3.1.2       -            282 d1mo9a1c.3.1.5.aln   -            186   4.6e-05   18.5   0.1   1   2   0.00014    0.0041   12.2   0.0     4    35     2    32     1    51 0.88 -
d2gf3a1c.3.1.2       -            282 d1mo9a1c.3.1.5.aln   -            186   4.6e-05   18.5   0.1   2   2     0.041       1.2    4.1   0.0    75   149   146   199    74   203 0.68 -
d2iida1c.3.1.2       -            371 d1mo9a1c.3.1.5.aln   -            186    0.0046   12.0   0.1   1   1   0.00033    0.0097   11.0   0.1    28    70    28    63    19    85 0.73 -
d2dw4a2c.3.1.2       -            450 d1mo9a1c.3.1.5.aln   -            186    0.0067   11.5   0.1   1   1   0.00051     0.015   10.4   0.1     5    36     5    36     2    60 0.82 -
d1seza1c.3.1.2       -            374 d1mo9a1c.3.1.5.aln   -            186    0.0084   11.2   0.7   1   1    0.0005     0.015   10.4   0.7     7    38     3    37     1    44 0.84 -
#
# Program:         hmmsearch
# Version:         3.3.2 (Nov 2020)
# Pipeline mode:   SEARCH
# Query file:      /home/elise/Documents/M1-BIM/S2/TMEs/SBAS/tme08/models/d1mo9a1c.3.1.5.aln.hmm
# Target file:     /home/elise/Documents/M1-BIM/S2/TMEs/SBAS/tme08/scop/scop/scopTestSeq.fasta
# Option settings: hmmsearch --domtblout /home/elise/Documents/M1-BIM/S2/TMEs/SBAS/tme08/searchResults/d1mo9a1c.3.1.5.aln.out -E 1 /home/elise/Documents/M1-BIM/S2/TMEs/SBAS/tme08/models/d1mo9a1c.3.1.5.aln.hmm /home/elise/Documents/M1-BIM/S2/TMEs/SBAS/tme08/scop/scop/scopTestSeq.fasta 
# Current dir:     /home/elise/Documents/M1-BIM/S2/TMEs/SBAS/tme08
# Date:            Tue Apr  1 17:30:36 2025
# [ok]
