#                                                                            --- full sequence --- -------------- this domain -------------   hmm coord   ali coord   env coord
# target name        accession   tlen query name           accession   qlen   E-value  score  bias   #  of  c-Evalue  i-Evalue  score  bias  from    to  from    to  from    to  acc description of target
#------------------- ---------- ----- -------------------- ---------- ----- --------- ------ ----- --- --- --------- --------- ------ ----- ----- ----- ----- ----- ----- ----- ---- ---------------------
d1v59a1c.3.1.5       -            234 d1mo9a2c.3.1.5.aln   -            195   9.2e-53  174.4   2.7   1   1   3.9e-54   1.1e-52  174.2   2.7     2   194     3   234     2   234 0.98 -
d1mo9a1c.3.1.5       -            262 d1mo9a2c.3.1.5.aln   -            195     1e-39  131.9   0.0   1   1   4.5e-41   1.3e-39  131.5   0.0     2   194    40   262    39   262 0.99 -
d1fl2a1c.3.1.5       -            185 d1mo9a2c.3.1.5.aln   -            195   3.4e-38  126.9   3.0   1   1   1.3e-39   3.7e-38  126.8   3.0     5   194     2   181     1   182 0.97 -
d1m6ia1c.3.1.5       -            214 d1mo9a2c.3.1.5.aln   -            195   4.7e-38  126.4   0.0   1   1   1.9e-39   5.2e-38  126.3   0.0     2   194     2   214     1   214 0.99 -
d1xdia1c.3.1.5       -            234 d1mo9a2c.3.1.5.aln   -            195   2.3e-35  117.6   0.8   1   1   1.1e-36   3.2e-35  117.2   0.8     5   189     2   228     1   232 0.97 -
d1nhpa1c.3.1.5       -            199 d1mo9a2c.3.1.5.aln   -            195   9.9e-35  115.6   0.0   1   1   3.9e-36   1.1e-34  115.5   0.0     5   193     1   198     1   199 0.98 -
d1w4xa1c.3.1.5       -            299 d1mo9a2c.3.1.5.aln   -            195   2.2e-28   94.9   0.0   1   1   9.1e-30   2.6e-28   94.7   0.0     2   194     5   295     4   296 0.99 -
d2gv8a1c.3.1.5       -            336 d1mo9a2c.3.1.5.aln   -            195   1.3e-24   82.5   0.0   1   1   5.7e-26   1.6e-24   82.3   0.0     2   194     2   292     1   293 0.99 -
d1w4xa2c.3.1.5       -            235 d1mo9a2c.3.1.5.aln   -            195   1.8e-23   78.8   0.0   1   1   7.3e-25   2.1e-23   78.7   0.0     6   193     2   230     1   232 0.97 -
d1aoga2c.3.1.5       -            117 d1mo9a2c.3.1.5.aln   -            195   1.4e-22   76.0   0.0   1   1   5.2e-24   1.5e-22   75.9   0.0    18   159     2   116     1   117 0.94 -
d1nhpa2c.3.1.5       -            123 d1mo9a2c.3.1.5.aln   -            195   9.6e-19   63.4   1.0   1   1   4.4e-20   1.2e-18   63.1   1.0    17   160    12   123     8   123 0.89 -
d1v59a2c.3.1.5       -            122 d1mo9a2c.3.1.5.aln   -            195   2.5e-18   62.1   0.2   1   1     9e-20   2.5e-18   62.0   0.2    20   134     7   116     1   122 0.91 -
d1onfa2c.3.1.5       -            117 d1mo9a2c.3.1.5.aln   -            195   5.7e-18   60.9   0.0   1   1   2.2e-19   6.2e-18   60.8   0.0    16   160     3   117     1   117 0.95 -
d1xhca2c.3.1.5       -            122 d1mo9a2c.3.1.5.aln   -            195   5.7e-16   54.4   0.1   1   1   2.4e-17   6.8e-16   54.1   0.1    11   117     7   107     2   115 0.93 -
d1h6va2c.3.1.5       -            122 d1mo9a2c.3.1.5.aln   -            195   3.1e-15   52.0   0.0   1   1   1.2e-16   3.5e-15   51.8   0.0    20   161     4   122     2   122 0.88 -
d1m6ia2c.3.1.5       -            137 d1mo9a2c.3.1.5.aln   -            195   4.4e-13   45.0   0.0   1   1   1.8e-14   5.1e-13   44.7   0.0    16   161     8   136     3   137 0.92 -
d1vdca2c.3.1.5       -            130 d1mo9a2c.3.1.5.aln   -            195   1.1e-12   43.6   0.0   1   1   4.7e-14   1.3e-12   43.4   0.0    13   124    12   117     3   128 0.90 -
d1fl2a2c.3.1.5       -            126 d1mo9a2c.3.1.5.aln   -            195     2e-12   42.8   0.4   1   1   1.1e-13   3.1e-12   42.2   0.4     5   158     2   122     1   126 0.75 -
d1fcda2c.3.1.5       -            141 d1mo9a2c.3.1.5.aln   -            195   3.1e-12   42.2   0.0   1   1   1.1e-13   3.2e-12   42.1   0.0    10   166     7   139     1   141 0.94 -
d2gv8a2c.3.1.5       -            107 d1mo9a2c.3.1.5.aln   -            195     1e-06   24.2   0.0   1   1   3.7e-08     1e-06   24.2   0.0    14   114     5   103     1   107 0.94 -
d1mo9a2c.3.1.5       -            121 d1mo9a2c.3.1.5.aln   -            195   2.5e-06   22.9   0.0   1   1     1e-07   2.8e-06   22.7   0.0    35   110    21    91     5   111 0.83 -
d1kdga1c.3.1.2       -            361 d1mo9a2c.3.1.5.aln   -            195   6.2e-06   21.6   0.3   1   1   4.9e-07   1.4e-05   20.5   0.3     5    37     3    39     1    51 0.83 -
d2gmha1c.3.1.2       -            381 d1mo9a2c.3.1.5.aln   -            195   6.5e-06   21.6   0.0   1   2   7.3e-05    0.0021   13.4   0.1     4    26    32    54    30    62 0.89 -
d2gmha1c.3.1.2       -            381 d1mo9a2c.3.1.5.aln   -            195   6.5e-06   21.6   0.0   2   2     0.018      0.52    5.6   0.0   169   194   263   288   238   289 0.86 -
d2f5va1c.3.1.2       -            380 d1mo9a2c.3.1.5.aln   -            195    0.0002   16.7   0.1   1   1   1.4e-05   0.00039   15.8   0.1     4    36     4    36     2    52 0.87 -
d2gf3a1c.3.1.2       -            282 d1mo9a2c.3.1.5.aln   -            195   0.00044   15.6   0.1   1   2   4.2e-05    0.0012   14.2   0.0     3    33     2    32     1    36 0.90 -
d2gf3a1c.3.1.2       -            282 d1mo9a2c.3.1.5.aln   -            195   0.00044   15.6   0.1   2   2       8.9   2.5e+02   -3.2   0.0   124   149   117   135   101   140 0.68 -
d2iida1c.3.1.2       -            371 d1mo9a2c.3.1.5.aln   -            195    0.0019   13.5   0.7   1   1   0.00015    0.0041   12.4   0.7     7    41    33    67    31   173 0.88 -
d1ryia1c.3.1.2       -            277 d1mo9a2c.3.1.5.aln   -            195    0.0024   13.2   0.2   1   1   0.00015    0.0042   12.4   0.2     3    36     3    36     2    53 0.88 -
d2ivda1c.3.1.2       -            348 d1mo9a2c.3.1.5.aln   -            195    0.0037   12.6   0.3   1   1   0.00029    0.0082   11.4   0.3     6    45     2    41     1    44 0.94 -
#
# Program:         hmmsearch
# Version:         3.3.2 (Nov 2020)
# Pipeline mode:   SEARCH
# Query file:      /home/elise/Documents/M1-BIM/S2/TMEs/SBAS/tme08/models/d1mo9a2c.3.1.5.aln.hmm
# Target file:     /home/elise/Documents/M1-BIM/S2/TMEs/SBAS/tme08/scop/scop/scopTestSeq.fasta
# Option settings: hmmsearch --domtblout /home/elise/Documents/M1-BIM/S2/TMEs/SBAS/tme08/searchResults/d1mo9a2c.3.1.5.aln.out -E 1 /home/elise/Documents/M1-BIM/S2/TMEs/SBAS/tme08/models/d1mo9a2c.3.1.5.aln.hmm /home/elise/Documents/M1-BIM/S2/TMEs/SBAS/tme08/scop/scop/scopTestSeq.fasta 
# Current dir:     /home/elise/Documents/M1-BIM/S2/TMEs/SBAS/tme08
# Date:            Tue Apr  1 17:30:36 2025
# [ok]
