#                                                                            --- full sequence --- -------------- this domain -------------   hmm coord   ali coord   env coord
# target name        accession   tlen query name           accession   qlen   E-value  score  bias   #  of  c-Evalue  i-Evalue  score  bias  from    to  from    to  from    to  acc description of target
#------------------- ---------- ----- -------------------- ---------- ----- --------- ------ ----- --- --- --------- --------- ------ ----- ----- ----- ----- ----- ----- ----- ---- ---------------------
d1kl9a2b.40.4.5      -             86 d1ne3a_b.40.4.5.aln  -             93   2.1e-14   49.4   0.7   1   1   9.6e-16   2.3e-14   49.3   0.7     3    84     8    85     6    86 0.94 -
d1c9oa_b.40.4.5      -             66 d1ne3a_b.40.4.5.aln  -             93   1.2e-13   47.0   0.1   1   1   5.4e-15   1.3e-13   46.9   0.1    12    84     2    64     1    66 0.95 -
d3bzka4b.40.4.5      -             94 d1ne3a_b.40.4.5.aln  -             93   1.3e-12   43.7   0.8   1   1     6e-14   1.4e-12   43.6   0.8     3    87    13    91    11    94 0.92 -
d2uubq1b.40.4.5      -            100 d1ne3a_b.40.4.5.aln  -             93   2.7e-12   42.7   2.0   1   1   1.3e-13   3.1e-12   42.5   2.0    11    92     3    84     1    85 0.96 -
d1luza_b.40.4.5      -             85 d1ne3a_b.40.4.5.aln  -             93   3.4e-12   42.4   0.4   1   1   1.5e-13   3.7e-12   42.3   0.4     4    89     4    84     1    85 0.95 -
d2je6i1b.40.4.5      -             87 d1ne3a_b.40.4.5.aln  -             93     4e-12   42.2   0.7   1   1   1.8e-13   4.4e-12   42.0   0.7     3    89     2    85     1    87 0.86 -
d1go3e1b.40.4.5      -            106 d1ne3a_b.40.4.5.aln  -             93   3.8e-11   39.0   0.5   1   1   1.9e-12   4.6e-11   38.8   0.5     7    83     2    82     1    92 0.91 -
d1jt8a_b.40.4.5      -            102 d1ne3a_b.40.4.5.aln  -             93   6.8e-11   38.3   0.3   1   1   3.2e-12   7.6e-11   38.1   0.3     6    93     3    93     1    93 0.96 -
d2nn6h1b.40.4.5      -             95 d1ne3a_b.40.4.5.aln  -             93   2.6e-10   36.4   0.0   1   1   1.2e-11   2.8e-10   36.3   0.0     2    90     2    94     1    95 0.97 -
d2ja9a1b.40.4.5      -             90 d1ne3a_b.40.4.5.aln  -             93   2.8e-10   36.3   0.0   1   1   1.5e-11   3.5e-10   36.0   0.0     2    91     1    84     1    86 0.95 -
d2nn6i1b.40.4.5      -            125 d1ne3a_b.40.4.5.aln  -             93   3.6e-10   35.9   0.0   1   1   1.8e-11   4.2e-10   35.7   0.0     5    91     4    94     1    96 0.94 -
d1smxa_b.40.4.5      -             87 d1ne3a_b.40.4.5.aln  -             93   1.5e-09   33.9   0.0   1   1   8.3e-11     2e-09   33.6   0.0    10    83     2    80     1    87 0.92 -
d1d7qa_b.40.4.5      -            143 d1ne3a_b.40.4.5.aln  -             93     2e-09   33.6   0.6   1   1   1.3e-10     3e-09   33.0   0.1     2    91    10   102     9   104 0.96 -
d1rl2a2b.40.4.5      -             66 d1ne3a_b.40.4.5.aln  -             93   2.5e-09   33.3   0.1   1   1   1.1e-10   2.6e-09   33.2   0.1    25    89     2    65     1    66 0.95 -
d1wi5a_b.40.4.5      -            119 d1ne3a_b.40.4.5.aln  -             93   1.2e-08   31.2   0.0   1   1   6.1e-10   1.5e-08   30.8   0.0     4    86    17    95    14    98 0.92 -
d1y14b1b.40.4.5      -             91 d1ne3a_b.40.4.5.aln  -             93   1.2e-08   31.2   0.0   1   1   5.2e-10   1.3e-08   31.0   0.0     1    91     1    89     1    91 0.96 -
d2vnud2b.40.4.5      -             88 d1ne3a_b.40.4.5.aln  -             93     1e-07   28.1   0.5   1   1   4.6e-09   1.1e-07   28.0   0.5     3    87     4    86     2    88 0.94 -
d2uubl1b.40.4.5      -            118 d1ne3a_b.40.4.5.aln  -             93   1.1e-07   28.1   0.7   1   1   6.7e-09   1.6e-07   27.5   0.7     2    93    22   107    21   107 0.95 -
d1e3pa2b.40.4.5      -             62 d1ne3a_b.40.4.5.aln  -             93   1.4e-07   27.7   0.2   1   1   6.2e-09   1.5e-07   27.6   0.2    14    75     1    60     1    62 0.95 -
d3i4oa_b.40.4.5      -             68 d1ne3a_b.40.4.5.aln  -             93   1.9e-07   27.3   0.2   1   1   8.2e-09     2e-07   27.3   0.2    14    83     4    67     1    68 0.92 -
d1x6oa2b.40.4.5      -             79 d1ne3a_b.40.4.5.aln  -             93   5.2e-07   25.9   0.0   1   1   2.3e-08   5.5e-07   25.8   0.0     2    80     2    73     1    79 0.92 -
d1wfqa_b.40.4.5      -             89 d1ne3a_b.40.4.5.aln  -             93   6.9e-07   25.5   0.0   1   1     3e-08   7.2e-07   25.5   0.0    24    91    21    88     2    89 0.83 -
d2vnud3b.40.4.5      -            148 d1ne3a_b.40.4.5.aln  -             93   3.4e-06   23.3   0.0   1   1   2.2e-07   5.3e-06   22.7   0.0     2    91    13   107    12   109 0.96 -
d2ix0a3b.40.4.5      -             87 d1ne3a_b.40.4.5.aln  -             93   4.9e-06   22.8   0.2   1   1   2.1e-07   5.1e-06   22.7   0.2    11    91     6    86     1    87 0.94 -
d2ix0a1b.40.4.5      -             90 d1ne3a_b.40.4.5.aln  -             93   1.6e-05   21.2   0.0   1   1   7.2e-07   1.7e-05   21.1   0.0     2    88     2    89     1    90 0.96 -
d2ix0a2b.40.4.5      -             79 d1ne3a_b.40.4.5.aln  -             93   1.8e-05   21.0   0.0   1   1   8.1e-07   1.9e-05   20.9   0.0    13    85     5    77     1    78 0.90 -
d1a62a2b.40.4.5      -             78 d1ne3a_b.40.4.5.aln  -             93   2.1e-05   20.8   0.0   1   1   8.8e-07   2.1e-05   20.8   0.0    13    90     5    75     1    78 0.90 -
d2asba1b.40.4.5      -             76 d1ne3a_b.40.4.5.aln  -             93   2.7e-05   20.4   0.2   1   1   1.2e-06   2.9e-05   20.4   0.2     8    84     4    75     1    76 0.94 -
d1hh2p1b.40.4.5      -             72 d1ne3a_b.40.4.5.aln  -             93   0.00025   17.3   0.3   1   1   1.1e-05   0.00025   17.3   0.3    19    77     7    64     1    72 0.84 -
d2vnud1b.40.4.5      -             95 d1ne3a_b.40.4.5.aln  -             93   0.00028   17.2   0.0   1   1   1.3e-05   0.00031   17.1   0.0     2    90     1    94     1    95 0.95 -
d1t9ha1b.40.4.5      -             67 d1ne3a_b.40.4.5.aln  -             93   0.00073   15.9   0.3   1   1   3.4e-05   0.00081   15.7   0.3    19    81     7    64     3    67 0.79 -
d1jjga_b.40.4.5      -            102 d1ne3a_b.40.4.5.aln  -             93    0.0017   14.7   0.3   1   1   8.4e-05     0.002   14.5   0.3     3    90     4    96     2    99 0.88 -
d1u0la1b.40.4.5      -             66 d1ne3a_b.40.4.5.aln  -             93    0.0027   14.1   0.3   1   1   0.00012    0.0028   14.0   0.3    15    82     3    64     1    66 0.73 -
#
# Program:         hmmsearch
# Version:         3.3.2 (Nov 2020)
# Pipeline mode:   SEARCH
# Query file:      /home/elise/Documents/M1-BIM/S2/TMEs/SBAS/tme08/models/d1ne3a_b.40.4.5.aln.hmm
# Target file:     /home/elise/Documents/M1-BIM/S2/TMEs/SBAS/tme08/scop/scop/scopTestSeq.fasta
# Option settings: hmmsearch --domtblout /home/elise/Documents/M1-BIM/S2/TMEs/SBAS/tme08/searchResults/d1ne3a_b.40.4.5.aln.out -E 1 /home/elise/Documents/M1-BIM/S2/TMEs/SBAS/tme08/models/d1ne3a_b.40.4.5.aln.hmm /home/elise/Documents/M1-BIM/S2/TMEs/SBAS/tme08/scop/scop/scopTestSeq.fasta 
# Current dir:     /home/elise/Documents/M1-BIM/S2/TMEs/SBAS/tme08
# Date:            Tue Apr  1 17:30:36 2025
# [ok]
