#                                                                            --- full sequence --- -------------- this domain -------------   hmm coord   ali coord   env coord
# target name        accession   tlen query name           accession   qlen   E-value  score  bias   #  of  c-Evalue  i-Evalue  score  bias  from    to  from    to  from    to  acc description of target
#------------------- ---------- ----- -------------------- ---------- ----- --------- ------ ----- --- --- --------- --------- ------ ----- ----- ----- ----- ----- ----- ----- ---- ---------------------
d2c4ja1a.45.1.1      -            133 d1nhya1a.45.1.1.aln  -            137   5.9e-43  141.5   0.1   1   1   9.9e-45   6.5e-43  141.3   0.1     1   136     1   128     1   129 0.98 -
d1k3ya1a.45.1.1      -            142 d1nhya1a.45.1.1.aln  -            137   1.3e-38  127.4   0.1   1   1   2.1e-40   1.4e-38  127.3   0.1     1   134     1   131     1   134 0.98 -
d1tu7a1a.45.1.1      -            131 d1nhya1a.45.1.1.aln  -            137   5.5e-35  115.6   0.1   1   1   9.2e-37   6.1e-35  115.5   0.1     3   137     1   131     1   131 0.98 -
d1okta1a.45.1.1      -            126 d1nhya1a.45.1.1.aln  -            137   1.5e-29   98.0   0.1   1   1   2.5e-31   1.6e-29   97.9   0.1     2   126     1   123     1   126 0.96 -
d2cvda1a.45.1.1      -            124 d1nhya1a.45.1.1.aln  -            137   1.2e-28   95.2   0.1   1   1   1.9e-30   1.3e-28   95.0   0.1     1   128     2   123     2   124 0.96 -
d1tw9a1a.45.1.1      -            129 d1nhya1a.45.1.1.aln  -            137   3.3e-28   93.7   0.0   1   1   5.5e-30   3.6e-28   93.6   0.0     3   128     2   128     1   129 0.97 -
d1eema1a.45.1.1      -            139 d1nhya1a.45.1.1.aln  -            137   4.3e-25   83.6   0.2   1   1   7.1e-27   4.7e-25   83.5   0.2     2   135     1   128     1   130 0.94 -
d1gnwa1a.45.1.1      -            126 d1nhya1a.45.1.1.aln  -            137   8.1e-21   69.8   0.1   1   1   1.4e-22   9.2e-21   69.6   0.1     6   119     9   124     5   126 0.94 -
d1k0ma1a.45.1.1      -            149 d1nhya1a.45.1.1.aln  -            137   3.3e-17   58.1   0.0   1   1   5.8e-19   3.8e-17   57.9   0.0     2   137     2   144     1   144 0.97 -
d2fnoa1a.45.1.1      -            149 d1nhya1a.45.1.1.aln  -            137   4.6e-17   57.6   0.0   1   1   8.5e-19   5.6e-17   57.3   0.0     3   132     2   135     1   139 0.95 -
d1z9ha1a.45.1.1      -            161 d1nhya1a.45.1.1.aln  -            137   5.9e-16   54.0   0.1   1   1   1.1e-17   7.2e-16   53.7   0.1     2   136    10   152     9   153 0.98 -
d1nhya1a.45.1.1      -            144 d1nhya1a.45.1.1.aln  -            137   9.1e-07   24.3   0.0   1   1   1.6e-08     1e-06   24.1   0.0     8   130    18   139    11   144 0.78 -
#
# Program:         hmmsearch
# Version:         3.3.2 (Nov 2020)
# Pipeline mode:   SEARCH
# Query file:      /home/elise/Documents/M1-BIM/S2/TMEs/SBAS/tme08/models/d1nhya1a.45.1.1.aln.hmm
# Target file:     /home/elise/Documents/M1-BIM/S2/TMEs/SBAS/tme08/scop/scop/scopTestSeq.fasta
# Option settings: hmmsearch --domtblout /home/elise/Documents/M1-BIM/S2/TMEs/SBAS/tme08/searchResults/d1nhya1a.45.1.1.aln.out -E 1 /home/elise/Documents/M1-BIM/S2/TMEs/SBAS/tme08/models/d1nhya1a.45.1.1.aln.hmm /home/elise/Documents/M1-BIM/S2/TMEs/SBAS/tme08/scop/scop/scopTestSeq.fasta 
# Current dir:     /home/elise/Documents/M1-BIM/S2/TMEs/SBAS/tme08
# Date:            Tue Apr  1 17:30:37 2025
# [ok]
