#                                                                            --- full sequence --- -------------- this domain -------------   hmm coord   ali coord   env coord
# target name        accession   tlen query name           accession   qlen   E-value  score  bias   #  of  c-Evalue  i-Evalue  score  bias  from    to  from    to  from    to  acc description of target
#------------------- ---------- ----- -------------------- ---------- ----- --------- ------ ----- --- --- --------- --------- ------ ----- ----- ----- ----- ----- ----- ----- ---- ---------------------
d1g41a_c.37.1.20     -            443 d1njfa_c.37.1.20.aln -            292   5.2e-75  247.9   5.2   1   2     2e-31     6e-30  100.0   0.1     3   116     1   116     1   138 0.92 -
d1g41a_c.37.1.20     -            443 d1njfa_c.37.1.20.aln -            292   5.2e-75  247.9   5.2   2   2   1.9e-46   5.7e-45  149.3   1.9    81   292   205   443   199   443 0.96 -
d1lv7a_c.37.1.20     -            256 d1njfa_c.37.1.20.aln -            292   1.6e-65  216.7   0.1   1   1   5.9e-67   1.8e-65  216.6   0.1     7   259     3   254     1   256 0.98 -
d1iqpa2c.37.1.20     -            231 d1njfa_c.37.1.20.aln -            292   2.8e-64  212.6   0.7   1   1   1.1e-65   3.3e-64  212.4   0.7     8   244     3   228     1   230 0.98 -
d1svma_c.37.1.20     -            362 d1njfa_c.37.1.20.aln -            292   4.4e-55  182.5   0.0   1   1     2e-56   6.1e-55  182.0   0.0     5   292     1   343     1   343 0.99 -
d1r6bx3c.37.1.20     -            315 d1njfa_c.37.1.20.aln -            292   5.9e-53  175.5   0.1   1   1   2.2e-54   6.6e-53  175.3   0.1     1   292     7   315     7   315 0.98 -
d1um8a_c.37.1.20     -            364 d1njfa_c.37.1.20.aln -            292   3.1e-51  169.8   1.6   1   1   1.2e-52   3.7e-51  169.6   1.6     2   284     3   364     2   364 0.99 -
d1sxja2c.37.1.20     -            253 d1njfa_c.37.1.20.aln -            292     2e-49  163.9   0.0   1   1   7.3e-51   2.2e-49  163.7   0.0    16   252     1   252     1   253 0.98 -
d2a5yb3c.37.1.20     -            277 d1njfa_c.37.1.20.aln -            292   1.9e-47  157.4   0.0   1   1   7.1e-49   2.2e-47  157.2   0.0     9   275     1   276     1   277 0.98 -
d1g8pa_c.37.1.20     -            333 d1njfa_c.37.1.20.aln -            292   1.3e-46  154.6   0.1   1   1   5.2e-48   1.6e-46  154.4   0.1     2   291     2   318     1   319 0.99 -
d1d2na_c.37.1.20     -            246 d1njfa_c.37.1.20.aln -            292   6.2e-45  149.1   0.1   1   1   2.3e-46   6.9e-45  149.0   0.1    12   257     3   245     1   246 0.98 -
d1fnna2c.37.1.20     -            276 d1njfa_c.37.1.20.aln -            292   1.1e-43  145.0   0.0   1   1   4.5e-45   1.4e-43  144.7   0.0    13   267     3   275     1   275 0.99 -
d1w5sa2c.37.1.20     -            287 d1njfa_c.37.1.20.aln -            292     4e-43  143.2   0.1   1   1   1.5e-44   4.4e-43  143.1   0.1    13   276     3   286     1   287 0.99 -
d1in4a2c.37.1.20     -            238 d1njfa_c.37.1.20.aln -            292   5.3e-43  142.8   1.7   1   1   1.9e-44   5.8e-43  142.7   1.7    19   257     4   237     1   238 0.97 -
d1u0ja_c.37.1.20     -            267 d1njfa_c.37.1.20.aln -            292   4.3e-42  139.8   0.0   1   1   1.6e-43     5e-42  139.6   0.0     1   255     1   264     1   266 0.99 -
d2fnaa2c.37.1.20     -            283 d1njfa_c.37.1.20.aln -            292   1.1e-40  135.2   3.1   1   1     4e-42   1.2e-40  135.1   3.1     2   258     3   282     2   283 0.99 -
d2p65a_c.37.1.20     -            185 d1njfa_c.37.1.20.aln -            292   7.6e-37  122.6   0.4   1   1   2.8e-38   8.4e-37  122.5   0.4     9   185     1   185     1   185 0.99 -
d1ny5a2c.37.1.20     -            247 d1njfa_c.37.1.20.aln -            292   7.1e-36  119.4   1.3   1   1   2.6e-37   7.8e-36  119.3   1.3    22   264     1   246     1   247 0.99 -
d1a5ta2c.37.1.20     -            207 d1njfa_c.37.1.20.aln -            292   1.9e-34  114.7   0.0   1   1   6.9e-36   2.1e-34  114.6   0.0    14   218     1   201     1   206 0.97 -
d1tuea_c.37.1.20     -            205 d1njfa_c.37.1.20.aln -            292   2.8e-32  107.6   0.0   1   1     1e-33   3.1e-32  107.5   0.0    20   244     4   202     1   205 0.98 -
d1l8qa2c.37.1.20     -            213 d1njfa_c.37.1.20.aln -            292   1.3e-27   92.3   1.5   1   1   4.5e-29   1.4e-27   92.2   1.5    18   246     2   211     1   213 0.99 -
d2gnoa2c.37.1.20     -            198 d1njfa_c.37.1.20.aln -            292   1.7e-26   88.6   0.2   1   1   6.1e-28   1.8e-26   88.5   0.2    31   241     2   195     1   198 0.95 -
d1jqlb_c.37.1.20     -            140 d1njfa_c.37.1.20.aln -            292   5.2e-25   83.8   0.0   1   1   1.9e-26   5.6e-25   83.6   0.0    21   170     2   139     1   140 0.98 -
d1njfa_c.37.1.20     -            239 d1njfa_c.37.1.20.aln -            292   9.6e-22   73.0   0.2   1   1   3.7e-22   1.1e-20   69.5   0.2    20   219     3   209     1   217 0.95 -
d1qzma_c.37.1.20     -             94 d1njfa_c.37.1.20.aln -            292   1.5e-06   23.2   0.1   1   1   5.3e-08   1.6e-06   23.1   0.1    26   104     3    76     1    94 0.87 -
d1y63a_c.37.1.1      -            174 d1njfa_c.37.1.20.aln -            292   4.3e-05   18.4   1.1   1   2   2.1e-06   6.4e-05   17.8   0.0    52    85     7    40     6    43 0.91 -
d1y63a_c.37.1.1      -            174 d1njfa_c.37.1.20.aln -            292   4.3e-05   18.4   1.1   2   2       1.5        44   -1.4   0.2   153   178   128   155   107   174 0.49 -
d3kb2a_c.37.1.1      -            171 d1njfa_c.37.1.20.aln -            292    0.0013   13.5   0.1   1   2   0.00016     0.005   11.6   0.0    53    86     3    36     2    42 0.89 -
d3kb2a_c.37.1.1      -            171 d1njfa_c.37.1.20.aln -            292    0.0013   13.5   0.1   2   2      0.94        29   -0.7   0.0   145   163    85   102    68   133 0.52 -
#
# Program:         hmmsearch
# Version:         3.3.2 (Nov 2020)
# Pipeline mode:   SEARCH
# Query file:      /home/elise/Documents/M1-BIM/S2/TMEs/SBAS/tme08/models/d1njfa_c.37.1.20.aln.hmm
# Target file:     /home/elise/Documents/M1-BIM/S2/TMEs/SBAS/tme08/scop/scop/scopTestSeq.fasta
# Option settings: hmmsearch --domtblout /home/elise/Documents/M1-BIM/S2/TMEs/SBAS/tme08/searchResults/d1njfa_c.37.1.20.aln.out -E 1 /home/elise/Documents/M1-BIM/S2/TMEs/SBAS/tme08/models/d1njfa_c.37.1.20.aln.hmm /home/elise/Documents/M1-BIM/S2/TMEs/SBAS/tme08/scop/scop/scopTestSeq.fasta 
# Current dir:     /home/elise/Documents/M1-BIM/S2/TMEs/SBAS/tme08
# Date:            Tue Apr  1 17:30:37 2025
# [ok]
