#                                                                            --- full sequence --- -------------- this domain -------------   hmm coord   ali coord   env coord
# target name        accession   tlen query name           accession   qlen   E-value  score  bias   #  of  c-Evalue  i-Evalue  score  bias  from    to  from    to  from    to  acc description of target
#------------------- ---------- ----- -------------------- ---------- ----- --------- ------ ----- --- --- --------- --------- ------ ----- ----- ----- ----- ----- ----- ----- ---- ---------------------
d1g0sa_d.113.1.1     -            209 d1nqza_d.113.1.1.aln -            181     1e-47  157.5   0.8   1   1   2.4e-49   1.2e-47  157.3   0.8     1   180    28   208    28   209 0.99 -
d1q33a_d.113.1.1     -            292 d1nqza_d.113.1.1.aln -            181   1.3e-45  150.6   0.0   1   1   4.3e-47   2.1e-45  149.9   0.0     1   180    86   291    86   292 0.99 -
d3o69a_d.113.1.1     -            190 d1nqza_d.113.1.1.aln -            181   6.1e-45  148.4   0.1   1   1   1.4e-46   6.9e-45  148.2   0.1     1   176    15   190    15   190 0.99 -
d1ktga_d.113.1.1     -            137 d1nqza_d.113.1.1.aln -            181   1.3e-44  147.4   0.1   1   1   3.1e-46   1.5e-44  147.1   0.1    30   169     4   135     1   136 0.96 -
d1vhza_d.113.1.1     -            186 d1nqza_d.113.1.1.aln -            181   4.1e-44  145.7   0.0   1   1   9.1e-46   4.5e-44  145.6   0.0     2   175    11   186    10   186 0.98 -
d1v8ya_d.113.1.1     -            158 d1nqza_d.113.1.1.aln -            181     5e-43  142.2   1.1   1   1   1.1e-44   5.5e-43  142.0   1.1    16   174     1   157     1   158 0.98 -
d2azwa1d.113.1.1     -            147 d1nqza_d.113.1.1.aln -            181   1.5e-42  140.6   0.5   1   1   3.3e-44   1.6e-42  140.5   0.5    23   167     2   145     1   147 0.98 -
d1sjya_d.113.1.1     -            158 d1nqza_d.113.1.1.aln -            181   2.5e-42  139.9   0.1   1   1   5.6e-44   2.8e-42  139.8   0.1    20   179     1   157     1   158 0.98 -
d2fvva1d.113.1.1     -            135 d1nqza_d.113.1.1.aln -            181   1.2e-41  137.6   1.0   1   1   2.7e-43   1.3e-41  137.5   1.0    25   164     2   134     1   135 0.98 -
d1jkna_d.113.1.1     -            165 d1nqza_d.113.1.1.aln -            181   6.3e-41  135.3   0.0   1   1   1.4e-42     7e-41  135.2   0.0    26   171     3   165     1   165 0.98 -
d2b06a1d.113.1.1     -            155 d1nqza_d.113.1.1.aln -            181   7.7e-41  135.0   0.0   1   1   1.7e-42   8.4e-41  134.9   0.0    31   177     3   154     1   155 0.97 -
d3zr0a_d.113.1.1     -            154 d1nqza_d.113.1.1.aln -            181   2.1e-37  123.9   0.0   1   1   4.4e-39   2.2e-37  123.8   0.0    31   180     6   153     1   154 0.94 -
d2b0va1d.113.1.1     -            146 d1nqza_d.113.1.1.aln -            181   6.5e-36  119.0   0.0   1   1   1.4e-37   6.9e-36  118.9   0.0    30   180     5   144     1   145 0.95 -
d1k2ea_d.113.1.1     -            152 d1nqza_d.113.1.1.aln -            181     3e-34  113.5   0.2   1   1     7e-36   3.5e-34  113.4   0.2    45   179     7   147     2   149 0.97 -
d3a6sa_d.113.1.1     -            129 d1nqza_d.113.1.1.aln -            181   5.7e-34  112.6   1.1   1   1   1.2e-35   6.1e-34  112.6   1.1    39   166     5   128     1   129 0.96 -
d1nqza_d.113.1.1     -            187 d1nqza_d.113.1.1.aln -            181     1e-11   40.1   0.0   1   1   2.8e-13   1.4e-11   39.7   0.0    57   105    55   101    18   112 0.70 -
#
# Program:         hmmsearch
# Version:         3.3.2 (Nov 2020)
# Pipeline mode:   SEARCH
# Query file:      /home/elise/Documents/M1-BIM/S2/TMEs/SBAS/tme08/models/d1nqza_d.113.1.1.aln.hmm
# Target file:     /home/elise/Documents/M1-BIM/S2/TMEs/SBAS/tme08/scop/scop/scopTestSeq.fasta
# Option settings: hmmsearch --domtblout /home/elise/Documents/M1-BIM/S2/TMEs/SBAS/tme08/searchResults/d1nqza_d.113.1.1.aln.out -E 1 /home/elise/Documents/M1-BIM/S2/TMEs/SBAS/tme08/models/d1nqza_d.113.1.1.aln.hmm /home/elise/Documents/M1-BIM/S2/TMEs/SBAS/tme08/scop/scop/scopTestSeq.fasta 
# Current dir:     /home/elise/Documents/M1-BIM/S2/TMEs/SBAS/tme08
# Date:            Tue Apr  1 17:30:37 2025
# [ok]
