#                                                                            --- full sequence --- -------------- this domain -------------   hmm coord   ali coord   env coord
# target name        accession   tlen query name           accession   qlen   E-value  score  bias   #  of  c-Evalue  i-Evalue  score  bias  from    to  from    to  from    to  acc description of target
#------------------- ---------- ----- -------------------- ---------- ----- --------- ------ ----- --- --- --------- --------- ------ ----- ----- ----- ----- ----- ----- ----- ---- ---------------------
d1tc1a_c.61.1.1      -            184 d1nula_c.61.1.1.aln  -            206   1.2e-55  183.6   0.9   1   1   2.4e-57   1.4e-55  183.5   0.9     7   200     1   183     1   184 0.99 -
d1fsga_c.61.1.1      -            233 d1nula_c.61.1.1.aln  -            206   4.9e-53  175.1   0.0   1   1     1e-54   5.6e-53  174.9   0.0     2   205    37   230    35   231 0.98 -
d1qb7a_c.61.1.1      -            236 d1nula_c.61.1.1.aln  -            206   2.9e-47  156.3   0.0   1   1   5.8e-49   3.3e-47  156.1   0.0     2   204     9   205     7   207 0.98 -
d1dqna_c.61.1.1      -            230 d1nula_c.61.1.1.aln  -            206   1.1e-40  134.8   0.0   1   1   2.2e-42   1.3e-40  134.6   0.0     1   205     1   208     1   209 0.98 -
d1ecfa1c.61.1.1      -            243 d1nula_c.61.1.1.aln  -            206     1e-39  131.6   0.2   1   1   2.1e-41   1.2e-39  131.4   0.2     1   204     7   213     7   215 0.99 -
d1xtta1c.61.1.1      -            215 d1nula_c.61.1.1.aln  -            206   1.4e-39  131.2   3.0   1   1   2.8e-41   1.6e-39  131.0   3.0     2   204     9   215     8   215 0.99 -
d1a3ca_c.61.1.1      -            178 d1nula_c.61.1.1.aln  -            206     2e-39  130.6   2.5   1   1     4e-41   2.2e-39  130.5   2.5     3   183     2   177     1   178 0.98 -
d2aeea1c.61.1.1      -            208 d1nula_c.61.1.1.aln  -            206   2.5e-34  114.0   0.1   1   1   4.8e-36   2.7e-34  113.9   0.1     3   204     5   204     2   206 0.97 -
d1y0ba1c.61.1.1      -            191 d1nula_c.61.1.1.aln  -            206   7.5e-34  112.5   0.2   1   1   1.4e-35   8.2e-34  112.3   0.2    14   203     2   190     1   191 0.98 -
d1p4aa2c.61.1.1      -            202 d1nula_c.61.1.1.aln  -            206   5.5e-33  109.6   0.1   1   1   1.1e-34     6e-33  109.5   0.1    12   204     2   196     1   198 0.97 -
d1wd5a_c.61.1.1      -            208 d1nula_c.61.1.1.aln  -            206   2.5e-32  107.5   4.2   1   1   4.9e-34   2.8e-32  107.3   4.2     3   203     6   207     3   208 0.98 -
d1vdma1c.61.1.1      -            153 d1nula_c.61.1.1.aln  -            206   2.3e-29   97.8   1.2   1   1   2.5e-30   1.4e-28   95.2   1.2    10   183     1   151     1   153 0.91 -
d1vcha1c.61.1.1      -            174 d1nula_c.61.1.1.aln  -            206   2.6e-23   78.0   0.9   1   1   4.9e-25   2.8e-23   78.0   0.9    12   180     2   169     1   174 0.95 -
d1nula_c.61.1.1      -            150 d1nula_c.61.1.1.aln  -            206   2.1e-06   22.8   0.1   1   1   4.4e-08   2.5e-06   22.6   0.1    84   159    51   117    31   135 0.84 -
#
# Program:         hmmsearch
# Version:         3.3.2 (Nov 2020)
# Pipeline mode:   SEARCH
# Query file:      /home/elise/Documents/M1-BIM/S2/TMEs/SBAS/tme08/models/d1nula_c.61.1.1.aln.hmm
# Target file:     /home/elise/Documents/M1-BIM/S2/TMEs/SBAS/tme08/scop/scop/scopTestSeq.fasta
# Option settings: hmmsearch --domtblout /home/elise/Documents/M1-BIM/S2/TMEs/SBAS/tme08/searchResults/d1nula_c.61.1.1.aln.out -E 1 /home/elise/Documents/M1-BIM/S2/TMEs/SBAS/tme08/models/d1nula_c.61.1.1.aln.hmm /home/elise/Documents/M1-BIM/S2/TMEs/SBAS/tme08/scop/scop/scopTestSeq.fasta 
# Current dir:     /home/elise/Documents/M1-BIM/S2/TMEs/SBAS/tme08
# Date:            Tue Apr  1 17:30:37 2025
# [ok]
