#                                                                            --- full sequence --- -------------- this domain -------------   hmm coord   ali coord   env coord
# target name        accession   tlen query name           accession   qlen   E-value  score  bias   #  of  c-Evalue  i-Evalue  score  bias  from    to  from    to  from    to  acc description of target
#------------------- ---------- ----- -------------------- ---------- ----- --------- ------ ----- --- --- --------- --------- ------ ----- ----- ----- ----- ----- ----- ----- ---- ---------------------
d1g41a_c.37.1.20     -            443 d1ny5a2c.37.1.20.aln -            294   8.9e-78  256.9   2.9   1   1   7.7e-77   2.5e-75  248.8   2.9     4   294     1   443     1   443 1.00 -
d1lv7a_c.37.1.20     -            256 d1ny5a2c.37.1.20.aln -            294   1.4e-63  210.3   0.1   1   1   4.7e-65   1.5e-63  210.1   0.1     7   258     2   254     1   256 0.98 -
d1iqpa2c.37.1.20     -            231 d1ny5a2c.37.1.20.aln -            294   6.7e-60  198.2   0.6   1   1   2.2e-61   7.3e-60  198.0   0.6     2   246     5   228     4   231 0.98 -
d1svma_c.37.1.20     -            362 d1ny5a2c.37.1.20.aln -            294   1.1e-55  184.3   0.0   1   1   3.9e-57   1.3e-55  184.1   0.0     1   294     1   357     1   357 1.00 -
d1r6bx3c.37.1.20     -            315 d1ny5a2c.37.1.20.aln -            294   2.7e-54  179.8   0.1   1   1   9.1e-56     3e-54  179.6   0.1     2   294     7   315     6   315 0.98 -
d1um8a_c.37.1.20     -            364 d1ny5a2c.37.1.20.aln -            294   1.3e-50  167.7   1.8   1   1   4.6e-52   1.5e-50  167.5   1.8     2   285     2   363     1   364 0.99 -
d1sxja2c.37.1.20     -            253 d1ny5a2c.37.1.20.aln -            294   1.2e-49  164.5   0.0   1   1   4.1e-51   1.3e-49  164.4   0.0     8   254     1   252     1   253 0.98 -
d1in4a2c.37.1.20     -            238 d1ny5a2c.37.1.20.aln -            294   2.7e-47  156.8   1.7   1   1   9.1e-49     3e-47  156.7   1.7    13   259     1   237     1   238 0.98 -
d2a5yb3c.37.1.20     -            277 d1ny5a2c.37.1.20.aln -            294   3.5e-47  156.4   0.0   1   1   1.2e-48   3.9e-47  156.3   0.0    10   277     3   276     1   277 0.99 -
d1g8pa_c.37.1.20     -            333 d1ny5a2c.37.1.20.aln -            294     4e-46  153.0   1.5   1   1   2.2e-47   7.3e-46  152.1   1.5     2   294     1   325     1   325 0.99 -
d1u0ja_c.37.1.20     -            267 d1ny5a2c.37.1.20.aln -            294   9.6e-46  151.7   0.0   1   1   3.5e-47   1.2e-45  151.4   0.0     2   268     2   265     1   266 0.99 -
d1njfa_c.37.1.20     -            239 d1ny5a2c.37.1.20.aln -            294   3.4e-44  146.6   0.0   1   1   1.2e-45   3.8e-44  146.5   0.0    11   247     2   235     1   238 0.96 -
d1fnna2c.37.1.20     -            276 d1ny5a2c.37.1.20.aln -            294   6.2e-43  142.5   0.0   1   1   2.3e-44   7.6e-43  142.2   0.0     4   268     2   274     1   275 0.99 -
d1w5sa2c.37.1.20     -            287 d1ny5a2c.37.1.20.aln -            294   6.6e-43  142.4   0.1   1   1   2.2e-44   7.3e-43  142.2   0.1     4   263     2   286     1   287 0.99 -
d1d2na_c.37.1.20     -            246 d1ny5a2c.37.1.20.aln -            294     6e-42  139.2   0.1   1   1     2e-43   6.6e-42  139.1   0.1    10   256     2   244     1   246 0.97 -
d2p65a_c.37.1.20     -            185 d1ny5a2c.37.1.20.aln -            294   5.4e-38  126.3   0.4   1   1   1.8e-39     6e-38  126.1   0.4    12   187     2   185     1   185 0.98 -
d2fnaa2c.37.1.20     -            283 d1ny5a2c.37.1.20.aln -            294   4.8e-37  123.2   2.5   1   1   1.8e-38   5.9e-37  122.9   2.5     1   260     2   282     2   282 0.98 -
d1a5ta2c.37.1.20     -            207 d1ny5a2c.37.1.20.aln -            294   4.8e-30  100.2   0.0   1   1   1.7e-31   5.4e-30  100.0   0.0    21   245     2   205     1   206 0.97 -
d1tuea_c.37.1.20     -            205 d1ny5a2c.37.1.20.aln -            294   6.7e-29   96.4   0.0   1   1   2.7e-30   8.7e-29   96.0   0.0     6   252     2   203     1   205 0.98 -
d1l8qa2c.37.1.20     -            213 d1ny5a2c.37.1.20.aln -            294   4.4e-27   90.5   1.8   1   1   1.6e-28   5.3e-27   90.2   1.8    11   248     3   211     1   212 0.98 -
d2gnoa2c.37.1.20     -            198 d1ny5a2c.37.1.20.aln -            294   2.2e-19   65.2   0.2   1   1   7.4e-21   2.4e-19   65.0   0.2    17   243     3   196     1   198 0.97 -
d1jqlb_c.37.1.20     -            140 d1ny5a2c.37.1.20.aln -            294   1.2e-17   59.5   0.0   1   1   3.7e-19   1.2e-17   59.4   0.0    13   152     2   132     1   140 0.97 -
d1qzma_c.37.1.20     -             94 d1ny5a2c.37.1.20.aln -            294   1.3e-07   26.6   0.3   1   1   4.1e-09   1.3e-07   26.5   0.3    14   108     3    92     1    94 0.97 -
d1y63a_c.37.1.1      -            174 d1ny5a2c.37.1.20.aln -            294   5.3e-05   18.0   1.0   1   2   2.5e-06   8.2e-05   17.4   0.0    39    84     2    40     1    49 0.86 -
d1y63a_c.37.1.1      -            174 d1ny5a2c.37.1.20.aln -            294   5.3e-05   18.0   1.0   2   2       1.3        43   -1.4   0.3   240   270   121   151   109   167 0.68 -
#
# Program:         hmmsearch
# Version:         3.3.2 (Nov 2020)
# Pipeline mode:   SEARCH
# Query file:      /home/elise/Documents/M1-BIM/S2/TMEs/SBAS/tme08/models/d1ny5a2c.37.1.20.aln.hmm
# Target file:     /home/elise/Documents/M1-BIM/S2/TMEs/SBAS/tme08/scop/scop/scopTestSeq.fasta
# Option settings: hmmsearch --domtblout /home/elise/Documents/M1-BIM/S2/TMEs/SBAS/tme08/searchResults/d1ny5a2c.37.1.20.aln.out -E 1 /home/elise/Documents/M1-BIM/S2/TMEs/SBAS/tme08/models/d1ny5a2c.37.1.20.aln.hmm /home/elise/Documents/M1-BIM/S2/TMEs/SBAS/tme08/scop/scop/scopTestSeq.fasta 
# Current dir:     /home/elise/Documents/M1-BIM/S2/TMEs/SBAS/tme08
# Date:            Tue Apr  1 17:30:37 2025
# [ok]
