#                                                                            --- full sequence --- -------------- this domain -------------   hmm coord   ali coord   env coord
# target name        accession   tlen query name           accession   qlen   E-value  score  bias   #  of  c-Evalue  i-Evalue  score  bias  from    to  from    to  from    to  acc description of target
#------------------- ---------- ----- -------------------- ---------- ----- --------- ------ ----- --- --- --------- --------- ------ ----- ----- ----- ----- ----- ----- ----- ---- ---------------------
d1euza1c.2.1.7       -            239 d1o0sa1c.2.1.7.aln   -            211   2.2e-72  238.6   4.3   1   1   4.9e-74   2.4e-72  238.4   4.3     3   211     2   238     1   238 0.99 -
d3mw9a1c.2.1.7       -            293 d1o0sa1c.2.1.7.aln   -            211   1.2e-57  190.4   0.0   1   1   7.9e-59   3.9e-57  188.7   0.0     6   210     1   291     1   292 0.99 -
d1bgva1c.2.1.7       -            255 d1o0sa1c.2.1.7.aln   -            211   8.7e-56  184.3   2.5   1   1     2e-57   9.8e-56  184.1   2.5     2   211     5   255     4   255 0.99 -
d1vl6a1c.2.1.7       -            222 d1o0sa1c.2.1.7.aln   -            211   3.1e-47  156.4   0.6   1   1     7e-49   3.4e-47  156.2   0.6     1   210     1   221     1   222 0.98 -
d1c1da1c.2.1.7       -            201 d1o0sa1c.2.1.7.aln   -            211   9.3e-45  148.3   3.2   1   1   2.1e-46     1e-44  148.1   3.2    10   193     3   200     1   201 0.95 -
d1nyta1c.2.1.7       -            170 d1o0sa1c.2.1.7.aln   -            211   5.2e-36  119.7   0.0   1   1   1.1e-37   5.7e-36  119.6   0.0     6   193     1   168     1   170 0.97 -
d1luaa1c.2.1.7       -            191 d1o0sa1c.2.1.7.aln   -            211   1.3e-34  115.1   7.9   1   1   2.9e-36   1.4e-34  115.0   7.9     2   196     2   191     1   191 0.99 -
d1npya1c.2.1.7       -            167 d1o0sa1c.2.1.7.aln   -            211   4.9e-32  106.7   3.0   1   1   1.1e-33   5.4e-32  106.6   3.0     6   194     1   166     1   167 0.97 -
d1edza1c.2.1.7       -            171 d1o0sa1c.2.1.7.aln   -            211   6.9e-30   99.7   0.0   1   1   1.5e-31   7.6e-30   99.5   0.0     6   185     2   169     1   171 0.97 -
d1o0sa1c.2.1.7       -            308 d1o0sa1c.2.1.7.aln   -            211   3.8e-24   80.9   0.1   1   1   1.1e-25   5.6e-24   80.4   0.1    35   207   108   283   105   287 0.97 -
d1gpja2c.2.1.7       -            159 d1o0sa1c.2.1.7.aln   -            211   9.2e-24   79.7   0.9   1   1   2.4e-25   1.2e-23   79.3   0.9     2   186     1   157     1   159 0.97 -
d1cf2o1c.2.1.3       -            172 d1o0sa1c.2.1.7.aln   -            211   7.3e-05   17.9   0.3   1   1   2.9e-06   0.00014   17.0   0.2    25    63     2    40     1    47 0.92 -
d1vj0a2c.2.1.1       -            182 d1o0sa1c.2.1.7.aln   -            211   0.00021   16.4   0.0   1   1     6e-06   0.00029   15.9   0.0    22    56    25    61     8    96 0.79 -
d1jaya_c.2.1.6       -            212 d1o0sa1c.2.1.7.aln   -            211   0.00046   15.3   0.4   1   1   1.8e-05   0.00088   14.4   0.4    30    69     7    45     3    70 0.89 -
d1kola2c.2.1.1       -            195 d1o0sa1c.2.1.7.aln   -            211     0.002   13.2   1.8   1   1   5.1e-05    0.0025   12.9   1.8    26    60    28    61    18   149 0.81 -
d2gf3a1c.3.1.2       -            282 d1o0sa1c.2.1.7.aln   -            211    0.0025   12.9   0.2   1   1   0.00011    0.0053   11.8   0.2    26    54     5    33     2    35 0.91 -
#
# Program:         hmmsearch
# Version:         3.3.2 (Nov 2020)
# Pipeline mode:   SEARCH
# Query file:      /home/elise/Documents/M1-BIM/S2/TMEs/SBAS/tme08/models/d1o0sa1c.2.1.7.aln.hmm
# Target file:     /home/elise/Documents/M1-BIM/S2/TMEs/SBAS/tme08/scop/scop/scopTestSeq.fasta
# Option settings: hmmsearch --domtblout /home/elise/Documents/M1-BIM/S2/TMEs/SBAS/tme08/searchResults/d1o0sa1c.2.1.7.aln.out -E 1 /home/elise/Documents/M1-BIM/S2/TMEs/SBAS/tme08/models/d1o0sa1c.2.1.7.aln.hmm /home/elise/Documents/M1-BIM/S2/TMEs/SBAS/tme08/scop/scop/scopTestSeq.fasta 
# Current dir:     /home/elise/Documents/M1-BIM/S2/TMEs/SBAS/tme08
# Date:            Tue Apr  1 17:30:38 2025
# [ok]
