#                                                                            --- full sequence --- -------------- this domain -------------   hmm coord   ali coord   env coord
# target name        accession   tlen query name           accession   qlen   E-value  score  bias   #  of  c-Evalue  i-Evalue  score  bias  from    to  from    to  from    to  acc description of target
#------------------- ---------- ----- -------------------- ---------- ----- --------- ------ ----- --- --- --------- --------- ------ ----- ----- ----- ----- ----- ----- ----- ---- ---------------------
d2jhfa1b.35.1.2      -            199 d1o89a1b.35.1.2.aln  -            180   2.8e-71  234.8   0.1   1   1   4.3e-73   3.1e-71  234.7   0.1     1   178     5   198     5   199 0.98 -
d1piwa1b.35.1.2      -            193 d1o89a1b.35.1.2.aln  -            180   2.1e-53  176.6   1.9   1   1   3.2e-55   2.3e-53  176.5   1.9     2   178     6   184     5   186 0.98 -
d1pl8a1b.35.1.2      -            186 d1o89a1b.35.1.2.aln  -            180   3.5e-51  169.3   0.0   1   1   5.6e-53     4e-51  169.1   0.0     9   178    11   178     4   180 0.95 -
d1jqba1b.35.1.2      -            178 d1o89a1b.35.1.2.aln  -            180   1.4e-50  167.3   0.0   1   1   2.3e-52   1.6e-50  167.2   0.0     7   179     2   176     1   177 0.98 -
d1f8fa1b.35.1.2      -            195 d1o89a1b.35.1.2.aln  -            180   3.6e-49  162.8   0.1   1   1   5.5e-51     4e-49  162.6   0.1     3   179     2   194     1   195 0.98 -
d1h2ba1b.35.1.2      -            172 d1o89a1b.35.1.2.aln  -            180   1.8e-48  160.5   0.1   1   1   2.9e-50     2e-48  160.3   0.1     6   179     1   171     1   172 0.96 -
d1kola1b.35.1.2      -            202 d1o89a1b.35.1.2.aln  -            180   4.3e-42  139.7   0.8   1   1   6.6e-44   4.8e-42  139.6   0.8     7   178     8   195     2   197 0.96 -
d1yb5a1b.35.1.2      -            151 d1o89a1b.35.1.2.aln  -            180   2.1e-33  111.4   0.0   1   1     6e-34   4.3e-32  107.1   0.0     3   179     3   149     1   150 0.91 -
d1gu7a1b.35.1.2      -            176 d1o89a1b.35.1.2.aln  -            180   1.4e-31  105.5   0.0   1   1   2.3e-33   1.6e-31  105.2   0.0     2   179     4   175     3   176 0.98 -
d2dm6a1b.35.1.2      -            148 d1o89a1b.35.1.2.aln  -            180   1.1e-22   76.5   0.0   1   1   1.8e-24   1.3e-22   76.2   0.0     5   179     1   147     1   148 0.97 -
d1o89a1b.35.1.2      -            147 d1o89a1b.35.1.2.aln  -            180   3.7e-11   38.9   0.0   1   1   9.5e-13   6.8e-11   38.1   0.0    17    92    15    89     2   146 0.90 -
#
# Program:         hmmsearch
# Version:         3.3.2 (Nov 2020)
# Pipeline mode:   SEARCH
# Query file:      /home/elise/Documents/M1-BIM/S2/TMEs/SBAS/tme08/models/d1o89a1b.35.1.2.aln.hmm
# Target file:     /home/elise/Documents/M1-BIM/S2/TMEs/SBAS/tme08/scop/scop/scopTestSeq.fasta
# Option settings: hmmsearch --domtblout /home/elise/Documents/M1-BIM/S2/TMEs/SBAS/tme08/searchResults/d1o89a1b.35.1.2.aln.out -E 1 /home/elise/Documents/M1-BIM/S2/TMEs/SBAS/tme08/models/d1o89a1b.35.1.2.aln.hmm /home/elise/Documents/M1-BIM/S2/TMEs/SBAS/tme08/scop/scop/scopTestSeq.fasta 
# Current dir:     /home/elise/Documents/M1-BIM/S2/TMEs/SBAS/tme08
# Date:            Tue Apr  1 17:30:38 2025
# [ok]
