#                                                                            --- full sequence --- -------------- this domain -------------   hmm coord   ali coord   env coord
# target name        accession   tlen query name           accession   qlen   E-value  score  bias   #  of  c-Evalue  i-Evalue  score  bias  from    to  from    to  from    to  acc description of target
#------------------- ---------- ----- -------------------- ---------- ----- --------- ------ ----- --- --- --------- --------- ------ ----- ----- ----- ----- ----- ----- ----- ---- ---------------------
d1i1wa_c.1.8.3       -            303 d1odza_c.1.8.3.aln   -            338     4e-91  301.2   7.4   1   1   1.2e-92   4.4e-91  301.1   7.4     3   337     4   302     2   303 0.97 -
d1hjua_c.1.8.3       -            332 d1odza_c.1.8.3.aln   -            338   4.7e-56  185.9  19.4   1   1   1.6e-57   5.7e-56  185.7  19.4     6   328     2   320     1   328 0.98 -
d1w91a2c.1.8.3       -            347 d1odza_c.1.8.3.aln   -            338     7e-50  165.6   0.0   1   1   2.2e-51   7.7e-50  165.5   0.0     2   337    12   344    11   345 0.98 -
d1qw9a2c.1.8.3       -            367 d1odza_c.1.8.3.aln   -            338   6.1e-49  162.5   2.4   1   1   1.9e-50   6.8e-49  162.4   2.4     2   336    12   363    11   365 0.98 -
d1uuqa_c.1.8.3       -            410 d1odza_c.1.8.3.aln   -            338   3.7e-46  153.4  15.5   1   2       9.6   3.4e+02   -4.3   0.0     9    29     4    24     3    25 0.86 -
d1uuqa_c.1.8.3       -            410 d1odza_c.1.8.3.aln   -            338   3.7e-46  153.4  15.5   2   2     1e-47   3.7e-46  153.4  15.5     5   334    41   406    37   410 0.97 -
d1ceoa_c.1.8.3       -            340 d1odza_c.1.8.3.aln   -            338   5.2e-43  143.0   0.8   1   1   1.6e-44   5.8e-43  142.9   0.8     5   337     2   339     1   340 0.99 -
d1ecea_c.1.8.3       -            358 d1odza_c.1.8.3.aln   -            338   7.6e-43  142.5  18.4   1   1   2.3e-44   8.3e-43  142.4  18.4     3   331    16   353    14   358 0.95 -
d1qnra_c.1.8.3       -            344 d1odza_c.1.8.3.aln   -            338   3.5e-42  140.3  23.4   1   1   1.1e-43   3.9e-42  140.2  23.4     4   335    17   342    14   344 0.97 -
d1vjza_c.1.8.3       -            325 d1odza_c.1.8.3.aln   -            338   5.8e-42  139.6   0.5   1   1     2e-43   7.3e-42  139.3   0.5    13   301     5   298     2   322 0.97 -
d7a3ha_c.1.8.3       -            300 d1odza_c.1.8.3.aln   -            338   7.3e-42  139.3  14.1   1   1   2.5e-43   9.1e-42  138.9  14.1     9   318    10   291     7   298 0.93 -
d1jz8a5c.1.8.3       -            292 d1odza_c.1.8.3.aln   -            338     2e-40  134.6   0.5   1   1   6.2e-42   2.2e-40  134.4   0.5     9   336     2   291     1   292 0.97 -
d1bqca_c.1.8.3       -            302 d1odza_c.1.8.3.aln   -            338   2.6e-40  134.1  11.6   1   1     8e-42   2.9e-40  134.0  11.6     8   336     4   300     1   302 0.97 -
d3n9ka_c.1.8.3       -            394 d1odza_c.1.8.3.aln   -            338   5.1e-40  133.2  23.9   1   1   1.7e-41   6.1e-40  133.0  23.9     1   337    34   391    34   392 0.97 -
d1edga_c.1.8.3       -            380 d1odza_c.1.8.3.aln   -            338     9e-40  132.4  18.4   1   1   2.8e-41     1e-39  132.2  18.4     5   337    25   376    21   377 0.97 -
d2je8a5c.1.8.3       -            348 d1odza_c.1.8.3.aln   -            338   1.8e-38  128.1   7.3   1   1   5.6e-40     2e-38  128.0   7.3     2   337     4   347     3   348 0.99 -
d2vzsa5c.1.8.3       -            339 d1odza_c.1.8.3.aln   -            338   1.8e-38  128.1   3.7   1   1   5.6e-40     2e-38  128.0   3.7     6   336     4   338     1   339 0.98 -
d1rh9a1c.1.8.3       -            370 d1odza_c.1.8.3.aln   -            338     7e-38  126.2   6.9   1   1   2.2e-39   7.9e-38  126.0   6.9     4   333    20   361    17   366 0.92 -
d2nt0a2c.1.8.3       -            354 d1odza_c.1.8.3.aln   -            338   2.6e-37  124.3   0.1   1   1   8.1e-39   2.9e-37  124.1   0.1     4   336    10   347     7   349 0.97 -
d1h1na_c.1.8.3       -            305 d1odza_c.1.8.3.aln   -            338   6.7e-32  106.5  16.1   1   1   2.2e-33   7.7e-32  106.3  16.1     4   310     4   291     1   304 0.96 -
d1ur4a_c.1.8.3       -            387 d1odza_c.1.8.3.aln   -            338   4.9e-30  100.4  16.0   1   1   1.6e-31   5.6e-30  100.2  16.0     2   335    17   381    16   384 0.98 -
d1nofa2c.1.8.3       -            277 d1odza_c.1.8.3.aln   -            338     8e-24   80.0   5.1   1   1   2.5e-25   8.9e-24   79.8   5.1    17   334     2   276     1   277 0.97 -
d2v3ga_c.1.8.3       -            273 d1odza_c.1.8.3.aln   -            338   2.8e-16   55.1  22.9   1   1   1.4e-17   4.9e-16   54.4  22.9     4   274     3   248     1   269 0.95 -
#
# Program:         hmmsearch
# Version:         3.3.2 (Nov 2020)
# Pipeline mode:   SEARCH
# Query file:      /home/elise/Documents/M1-BIM/S2/TMEs/SBAS/tme08/models/d1odza_c.1.8.3.aln.hmm
# Target file:     /home/elise/Documents/M1-BIM/S2/TMEs/SBAS/tme08/scop/scop/scopTestSeq.fasta
# Option settings: hmmsearch --domtblout /home/elise/Documents/M1-BIM/S2/TMEs/SBAS/tme08/searchResults/d1odza_c.1.8.3.aln.out -E 1 /home/elise/Documents/M1-BIM/S2/TMEs/SBAS/tme08/models/d1odza_c.1.8.3.aln.hmm /home/elise/Documents/M1-BIM/S2/TMEs/SBAS/tme08/scop/scop/scopTestSeq.fasta 
# Current dir:     /home/elise/Documents/M1-BIM/S2/TMEs/SBAS/tme08
# Date:            Tue Apr  1 17:30:38 2025
# [ok]
