#                                                                            --- full sequence --- -------------- this domain -------------   hmm coord   ali coord   env coord
# target name        accession   tlen query name           accession   qlen   E-value  score  bias   #  of  c-Evalue  i-Evalue  score  bias  from    to  from    to  from    to  acc description of target
#------------------- ---------- ----- -------------------- ---------- ----- --------- ------ ----- --- --- --------- --------- ------ ----- ----- ----- ----- ----- ----- ----- ---- ---------------------
d2dkja_c.67.1.4      -            402 d1ohwa_c.67.1.4.aln  -            416  9.3e-114  375.9   0.0   1   1  1.7e-115  1.1e-113  375.7   0.0     2   412     2   398     1   401 0.98 -
d1vefa1c.67.1.4      -            387 d1ohwa_c.67.1.4.aln  -            416  1.7e-104  345.4   0.0   1   1  2.8e-106  1.9e-104  345.3   0.0     9   411     6   386     1   387 0.98 -
d3piua_c.67.1.4      -            416 d1ohwa_c.67.1.4.aln  -            416   7.1e-97  320.3   0.0   1   1   1.2e-98   7.9e-97  320.2   0.0    11   414     2   414     1   416 0.99 -
d1zoda_c.67.1.4      -            431 d1ohwa_c.67.1.4.aln  -            416   6.5e-95  313.9   0.0   1   1   1.1e-96   7.2e-95  313.7   0.0     1   413     2   429     2   431 0.99 -
d1bs0a_c.67.1.4      -            383 d1ohwa_c.67.1.4.aln  -            416     2e-86  285.9   0.0   1   1   3.3e-88   2.2e-86  285.8   0.0     4   408     1   380     1   383 0.99 -
d2bwna1c.67.1.4      -            396 d1ohwa_c.67.1.4.aln  -            416   8.9e-85  280.5   0.2   1   1   1.5e-86     1e-84  280.3   0.2     2   411     6   396     5   396 0.99 -
d1w23a_c.67.1.4      -            360 d1ohwa_c.67.1.4.aln  -            416   1.2e-81  270.2   0.0   1   1   2.4e-83   1.6e-81  269.8   0.0    12   415     2   358     1   359 0.98 -
d1o69a_c.67.1.4      -            374 d1ohwa_c.67.1.4.aln  -            416   7.5e-68  224.7   0.0   1   1   1.3e-69   8.3e-68  224.6   0.0    22   415     2   371     1   372 0.98 -
d2fnua_c.67.1.4      -            373 d1ohwa_c.67.1.4.aln  -            416   6.2e-66  218.4   0.0   1   1   1.1e-67   6.9e-66  218.2   0.0    10   415     1   373     1   373 0.99 -
d2epja_c.67.1.0      -            426 d1ohwa_c.67.1.4.aln  -            416   8.7e-54  178.4   0.9   1   1   1.7e-55   1.1e-53  178.0   0.9    16   384    24   393    20   410 0.89 -
d2c81a_c.67.1.0      -            409 d1ohwa_c.67.1.4.aln  -            416   1.9e-10   35.6   0.0   1   1   4.4e-12   2.9e-10   35.0   0.0    49   241    43   199    38   212 0.92 -
d1ohwa_c.67.1.4      -            461 d1ohwa_c.67.1.4.aln  -            416   2.4e-10   35.3   0.1   1   3       0.7        46   -1.9   0.0    27    61    40    74    39    76 0.82 -
d1ohwa_c.67.1.4      -            461 d1ohwa_c.67.1.4.aln  -            416   2.4e-10   35.3   0.1   2   3     1e-10   6.5e-09   30.6   0.0   126   258   168   325   155   328 0.84 -
d1ohwa_c.67.1.4      -            461 d1ohwa_c.67.1.4.aln  -            416   2.4e-10   35.3   0.1   3   3      0.13       8.2    0.6   0.0   293   391   350   438   343   442 0.65 -
#
# Program:         hmmsearch
# Version:         3.3.2 (Nov 2020)
# Pipeline mode:   SEARCH
# Query file:      /home/elise/Documents/M1-BIM/S2/TMEs/SBAS/tme08/models/d1ohwa_c.67.1.4.aln.hmm
# Target file:     /home/elise/Documents/M1-BIM/S2/TMEs/SBAS/tme08/scop/scop/scopTestSeq.fasta
# Option settings: hmmsearch --domtblout /home/elise/Documents/M1-BIM/S2/TMEs/SBAS/tme08/searchResults/d1ohwa_c.67.1.4.aln.out -E 1 /home/elise/Documents/M1-BIM/S2/TMEs/SBAS/tme08/models/d1ohwa_c.67.1.4.aln.hmm /home/elise/Documents/M1-BIM/S2/TMEs/SBAS/tme08/scop/scop/scopTestSeq.fasta 
# Current dir:     /home/elise/Documents/M1-BIM/S2/TMEs/SBAS/tme08
# Date:            Tue Apr  1 17:30:38 2025
# [ok]
