#                                                                            --- full sequence --- -------------- this domain -------------   hmm coord   ali coord   env coord
# target name        accession   tlen query name           accession   qlen   E-value  score  bias   #  of  c-Evalue  i-Evalue  score  bias  from    to  from    to  from    to  acc description of target
#------------------- ---------- ----- -------------------- ---------- ----- --------- ------ ----- --- --- --------- --------- ------ ----- ----- ----- ----- ----- ----- ----- ---- ---------------------
d1exra_a.39.1.5      -            146 d1omra_a.39.1.5.aln  -            172   6.9e-63  207.0  11.6   1   1   1.3e-64   7.8e-63  206.8  11.6     9   154     1   144     1   146 0.97 -
d1qv0a_a.39.1.5      -            189 d1omra_a.39.1.5.aln  -            172   6.8e-45  148.4   0.2   1   1   1.2e-46   7.5e-45  148.3   0.2     5   171     2   186     1   187 0.98 -
d1omra_a.39.1.5      -            201 d1omra_a.39.1.5.aln  -            172   1.3e-43  144.2   2.8   1   1   2.6e-45   1.6e-43  143.9   2.8     2   172     9   173     8   173 0.98 -
d1jbaa_a.39.1.5      -            189 d1omra_a.39.1.5.aln  -            172   1.1e-40  134.7   1.8   1   1   2.1e-42   1.3e-40  134.5   1.8     3   172     6   171     4   171 0.94 -
d2zfda1a.39.1.5      -            183 d1omra_a.39.1.5.aln  -            172   2.2e-33  110.9   4.2   1   1     4e-35   2.5e-33  110.8   4.2     6   171     6   170     1   171 0.96 -
d2sasa_a.39.1.5      -            185 d1omra_a.39.1.5.aln  -            172   2.8e-30  100.8   0.8   1   1   6.1e-32   3.7e-30  100.4   0.8     2   171    12   184     7   185 0.98 -
d1xo5a_a.39.1.5      -            180 d1omra_a.39.1.5.aln  -            172     2e-28   94.8   0.0   1   1   3.8e-30   2.3e-28   94.6   0.0     3   170     3   173     1   175 0.98 -
d2scpa_a.39.1.5      -            174 d1omra_a.39.1.5.aln  -            172   6.3e-27   89.9   4.5   1   1   1.1e-28   6.9e-27   89.8   4.5     2   170     2   172     1   174 0.98 -
d1jfka_a.39.1.5      -            134 d1omra_a.39.1.5.aln  -            172   3.3e-24   81.1  15.5   1   2   4.3e-23   2.6e-21   71.7   6.0    57   171     2   115     1   116 0.96 -
d1jfka_a.39.1.5      -            134 d1omra_a.39.1.5.aln  -            172   3.3e-24   81.1  15.5   2   2   1.4e-07   8.3e-06   21.2   1.9    20    80    78   132    72   133 0.89 -
d1s6ja_a.39.1.5      -             87 d1omra_a.39.1.5.aln  -            172   4.5e-24   80.6   4.1   1   1   8.1e-26   4.9e-24   80.5   4.1     2    82     8    86     7    87 0.97 -
d1nyaa_a.39.1.5      -            176 d1omra_a.39.1.5.aln  -            172   8.3e-24   79.8   2.8   1   1   2.2e-25   1.4e-23   79.1   2.5     2   163    13   173    12   176 0.97 -
d1j7qa_a.39.1.5      -             86 d1omra_a.39.1.5.aln  -            172   5.8e-14   47.7   0.1   1   1   9.9e-16     6e-14   47.7   0.1     7    68     4    63     1    85 0.87 -
d1ctaa_a.39.1.5      -             34 d1omra_a.39.1.5.aln  -            172   1.2e-10   36.9   0.1   1   1   2.1e-12   1.3e-10   36.8   0.1    90   122     2    34     1    34 0.70 -
#
# Program:         hmmsearch
# Version:         3.3.2 (Nov 2020)
# Pipeline mode:   SEARCH
# Query file:      /home/elise/Documents/M1-BIM/S2/TMEs/SBAS/tme08/models/d1omra_a.39.1.5.aln.hmm
# Target file:     /home/elise/Documents/M1-BIM/S2/TMEs/SBAS/tme08/scop/scop/scopTestSeq.fasta
# Option settings: hmmsearch --domtblout /home/elise/Documents/M1-BIM/S2/TMEs/SBAS/tme08/searchResults/d1omra_a.39.1.5.aln.out -E 1 /home/elise/Documents/M1-BIM/S2/TMEs/SBAS/tme08/models/d1omra_a.39.1.5.aln.hmm /home/elise/Documents/M1-BIM/S2/TMEs/SBAS/tme08/scop/scop/scopTestSeq.fasta 
# Current dir:     /home/elise/Documents/M1-BIM/S2/TMEs/SBAS/tme08
# Date:            Tue Apr  1 17:30:38 2025
# [ok]
