#                                                                            --- full sequence --- -------------- this domain -------------   hmm coord   ali coord   env coord
# target name        accession   tlen query name           accession   qlen   E-value  score  bias   #  of  c-Evalue  i-Evalue  score  bias  from    to  from    to  from    to  acc description of target
#------------------- ---------- ----- -------------------- ---------- ----- --------- ------ ----- --- --- --------- --------- ------ ----- ----- ----- ----- ----- ----- ----- ---- ---------------------
d1v59a1c.3.1.5       -            234 d1onfa2c.3.1.5.aln   -            183     9e-45  148.5   3.0   1   1     5e-46   1.6e-44  147.7   3.0     4   181     3   233     2   234 0.98 -
d1mo9a1c.3.1.5       -            262 d1onfa2c.3.1.5.aln   -            183     1e-35  119.0   0.0   1   1   4.9e-37   1.6e-35  118.4   0.0     3   182    39   262    37   262 0.98 -
d1fl2a1c.3.1.5       -            185 d1onfa2c.3.1.5.aln   -            183     1e-35  118.9   2.5   1   1   3.6e-37   1.2e-35  118.8   2.5     7   181     2   180     1   182 0.96 -
d1m6ia1c.3.1.5       -            214 d1onfa2c.3.1.5.aln   -            183   2.2e-32  108.1   0.0   1   1   7.7e-34   2.4e-32  108.0   0.0     4   182     2   214     1   214 0.98 -
d1nhpa1c.3.1.5       -            199 d1onfa2c.3.1.5.aln   -            183     1e-30  102.7   0.0   1   1   3.6e-32   1.1e-30  102.5   0.0     8   182     2   199     1   199 0.98 -
d1xdia1c.3.1.5       -            234 d1onfa2c.3.1.5.aln   -            183   4.5e-30  100.6   0.5   1   1   1.9e-31   6.1e-30  100.1   0.5     7   178     2   229     1   233 0.97 -
d1w4xa1c.3.1.5       -            299 d1onfa2c.3.1.5.aln   -            183   4.7e-27   90.7   0.0   1   1   1.8e-28   5.8e-27   90.4   0.0     2   183     3   293     2   293 0.99 -
d1w4xa2c.3.1.5       -            235 d1onfa2c.3.1.5.aln   -            183   2.4e-23   78.7   0.0   1   1   8.3e-25   2.6e-23   78.5   0.0     8   181    10   230     3   232 0.95 -
d1aoga2c.3.1.5       -            117 d1onfa2c.3.1.5.aln   -            183     1e-20   70.1   0.0   1   1   3.4e-22   1.1e-20   70.0   0.0    11   165     1   116     1   117 0.95 -
d1v59a2c.3.1.5       -            122 d1onfa2c.3.1.5.aln   -            183     2e-19   65.8   0.2   1   1   7.2e-21   2.3e-19   65.7   0.2    12   125     5   104     1   120 0.88 -
d1mo9a2c.3.1.5       -            121 d1onfa2c.3.1.5.aln   -            183   5.5e-18   61.2   0.2   1   1     2e-19   6.2e-18   61.0   0.2    15   165     6   119     2   121 0.92 -
d1nhpa2c.3.1.5       -            123 d1onfa2c.3.1.5.aln   -            183   4.6e-17   58.2   1.9   1   1   1.6e-18   5.1e-17   58.0   1.9     8   163     8   122     3   123 0.88 -
d1h6va2c.3.1.5       -            122 d1onfa2c.3.1.5.aln   -            183   2.4e-16   55.8   0.0   1   1   9.5e-18     3e-16   55.5   0.0    15   167     5   122     2   122 0.96 -
d2gv8a1c.3.1.5       -            336 d1onfa2c.3.1.5.aln   -            183   3.5e-16   55.3   0.0   1   1   1.3e-17   4.2e-16   55.0   0.0     5   183     3   313     1   313 0.99 -
d1vdca2c.3.1.5       -            130 d1onfa2c.3.1.5.aln   -            183     2e-15   52.8   0.1   1   1   7.1e-17   2.3e-15   52.7   0.1    10   159    14   123     7   130 0.91 -
d1m6ia2c.3.1.5       -            137 d1onfa2c.3.1.5.aln   -            183   2.7e-15   52.4   0.1   1   1   9.8e-17   3.1e-15   52.2   0.1     3   167    10   136     8   137 0.90 -
d1fcda2c.3.1.5       -            141 d1onfa2c.3.1.5.aln   -            183   5.8e-14   48.0   0.0   1   1   2.1e-15   6.7e-14   47.9   0.0     3   159     5   125     3   138 0.95 -
d1xhca2c.3.1.5       -            122 d1onfa2c.3.1.5.aln   -            183   9.5e-12   40.8   0.1   1   1   3.3e-13   1.1e-11   40.7   0.1     4   132     6   108     3   121 0.86 -
d1fl2a2c.3.1.5       -            126 d1onfa2c.3.1.5.aln   -            183   7.7e-11   37.9   0.3   1   1   2.8e-12   8.7e-11   37.7   0.3     5   136     7   122     3   125 0.77 -
d1onfa2c.3.1.5       -            117 d1onfa2c.3.1.5.aln   -            183   5.4e-08   28.6   0.0   1   1   1.8e-09   5.8e-08   28.5   0.0    28   124    21    96     8   115 0.85 -
d2gmha1c.3.1.2       -            381 d1onfa2c.3.1.5.aln   -            183   1.3e-06   24.1   0.3   1   2   6.6e-05    0.0021   13.7   0.1     5    31    31    57    29    59 0.89 -
d2gmha1c.3.1.2       -            381 d1onfa2c.3.1.5.aln   -            183   1.3e-06   24.1   0.3   2   2    0.0054      0.17    7.4   0.0    93   179   143   285   137   289 0.83 -
d2gv8a2c.3.1.5       -            107 d1onfa2c.3.1.5.aln   -            183   1.1e-05   21.0   0.0   1   1   4.3e-07   1.4e-05   20.8   0.0     9   119    11   103     4   106 0.92 -
d1kdga1c.3.1.2       -            361 d1onfa2c.3.1.5.aln   -            183   5.4e-05   18.8   0.2   1   1   3.5e-06   0.00011   17.8   0.2     6    49     2    45     1    58 0.83 -
d2gf3a1c.3.1.2       -            282 d1onfa2c.3.1.5.aln   -            183   6.8e-05   18.5   0.0   1   1     4e-06   0.00013   17.6   0.0     5    38     2    35     1   131 0.72 -
d1ryia1c.3.1.2       -            277 d1onfa2c.3.1.5.aln   -            183    0.0018   13.9   0.2   1   1   0.00013    0.0039   12.8   0.2     5    39     3    39     2    56 0.88 -
#
# Program:         hmmsearch
# Version:         3.3.2 (Nov 2020)
# Pipeline mode:   SEARCH
# Query file:      /home/elise/Documents/M1-BIM/S2/TMEs/SBAS/tme08/models/d1onfa2c.3.1.5.aln.hmm
# Target file:     /home/elise/Documents/M1-BIM/S2/TMEs/SBAS/tme08/scop/scop/scopTestSeq.fasta
# Option settings: hmmsearch --domtblout /home/elise/Documents/M1-BIM/S2/TMEs/SBAS/tme08/searchResults/d1onfa2c.3.1.5.aln.out -E 1 /home/elise/Documents/M1-BIM/S2/TMEs/SBAS/tme08/models/d1onfa2c.3.1.5.aln.hmm /home/elise/Documents/M1-BIM/S2/TMEs/SBAS/tme08/scop/scop/scopTestSeq.fasta 
# Current dir:     /home/elise/Documents/M1-BIM/S2/TMEs/SBAS/tme08
# Date:            Tue Apr  1 17:30:38 2025
# [ok]
