#                                                                            --- full sequence --- -------------- this domain -------------   hmm coord   ali coord   env coord
# target name        accession   tlen query name           accession   qlen   E-value  score  bias   #  of  c-Evalue  i-Evalue  score  bias  from    to  from    to  from    to  acc description of target
#------------------- ---------- ----- -------------------- ---------- ----- --------- ------ ----- --- --- --------- --------- ------ ----- ----- ----- ----- ----- ----- ----- ---- ---------------------
d2b5ga_d.108.1.1     -            168 d1p0ha_d.108.1.1.aln -            175   1.1e-35  118.9   0.5   1   1   6.5e-37   1.2e-35  118.8   0.5     6   166     4   168     1   168 0.98 -
d2pq8a_d.108.1.1     -            271 d1p0ha_d.108.1.1.aln -            175   3.9e-35  117.0   0.8   1   1   2.7e-36   4.9e-35  116.7   0.8     9   175     5   185     1   185 0.99 -
d1z4ea1d.108.1.1     -            150 d1p0ha_d.108.1.1.aln -            175   6.3e-33  109.8   0.1   1   1   3.9e-34   6.9e-33  109.7   0.1     4   151     1   148     1   150 0.98 -
d1tiqa_d.108.1.1     -            173 d1p0ha_d.108.1.1.aln -            175   3.9e-32  107.3   0.1   1   1   2.4e-33   4.3e-32  107.2   0.1     5   168     2   172     1   173 0.98 -
d2ae6a1d.108.1.1     -            161 d1p0ha_d.108.1.1.aln -            175   9.5e-32  106.0   0.1   1   1     6e-33   1.1e-31  105.8   0.1     3   166     3   159     1   160 0.98 -
d1qsma_d.108.1.1     -            150 d1p0ha_d.108.1.1.aln -            175     4e-30  100.7   0.1   1   1   2.5e-31   4.4e-30  100.6   0.1     4   150     2   146     1   150 0.97 -
d1nsla_d.108.1.1     -            180 d1p0ha_d.108.1.1.aln -            175   1.9e-28   95.2   0.2   1   1   1.2e-29   2.2e-28   95.1   0.2     2   171     8   180     7   180 0.99 -
d2euia1d.108.1.1     -            153 d1p0ha_d.108.1.1.aln -            175   2.7e-28   94.8   0.1   1   1   1.8e-29   3.2e-28   94.6   0.1     5   153     1   146     1   152 0.97 -
d1wwza1d.108.1.1     -            157 d1p0ha_d.108.1.1.aln -            175   4.2e-28   94.2   1.5   1   1   2.8e-29     5e-28   93.9   1.5     2   156     1   155     1   156 0.97 -
d1mk4a_d.108.1.1     -            157 d1p0ha_d.108.1.1.aln -            175   8.3e-28   93.2   0.0   1   1   5.2e-29   9.3e-28   93.0   0.0     4   169     1   152     1   156 0.96 -
d1i12a_d.108.1.1     -            157 d1p0ha_d.108.1.1.aln -            175   1.4e-27   92.4   0.0   1   1   8.5e-29   1.5e-27   92.3   0.0     5   150     5   154     1   157 0.97 -
d2cy2a1d.108.1.1     -            174 d1p0ha_d.108.1.1.aln -            175   3.1e-27   91.3   1.3   1   1   1.9e-28   3.4e-27   91.2   1.3     5   171     1   174     1   174 0.97 -
d2fiaa1d.108.1.1     -            157 d1p0ha_d.108.1.1.aln -            175   5.8e-27   90.4   0.8   1   1   3.6e-28   6.4e-27   90.3   0.8     5   166     1   156     1   157 0.98 -
d1u6ma_d.108.1.1     -            189 d1p0ha_d.108.1.1.aln -            175   7.4e-27   90.1   0.1   1   1   8.9e-28   1.6e-26   89.0   0.1     7   160     3   186     2   189 0.97 -
d1y9ka1d.108.1.1     -            152 d1p0ha_d.108.1.1.aln -            175   1.8e-26   88.8   0.0   1   1   1.1e-27     2e-26   88.7   0.0    48   174    43   148     3   149 0.82 -
d1ufha_d.108.1.1     -            155 d1p0ha_d.108.1.1.aln -            175   2.8e-26   88.2   0.3   1   1   1.7e-27   3.1e-26   88.1   0.3     5   151     2   153     1   155 0.97 -
d2fcka1d.108.1.1     -            178 d1p0ha_d.108.1.1.aln -            175   9.4e-26   86.5   0.1   1   1   5.7e-27     1e-25   86.4   0.1     4   167    11   177     8   178 0.97 -
d1y9wa1d.108.1.1     -            140 d1p0ha_d.108.1.1.aln -            175   2.2e-25   85.3   1.2   1   1   1.3e-26   2.4e-25   85.2   1.2     5   163     1   139     1   140 0.95 -
d1vkca_d.108.1.1     -            149 d1p0ha_d.108.1.1.aln -            175   2.4e-24   81.9   2.3   1   1   1.6e-25   2.9e-24   81.6   2.3    12   147    11   143     2   148 0.94 -
d1z4ra1d.108.1.1     -            162 d1p0ha_d.108.1.1.aln -            175   3.5e-24   81.4   0.1   1   1   2.1e-25   3.9e-24   81.2   0.1     1   158     3   161     3   162 0.98 -
d1cjwa_d.108.1.1     -            166 d1p0ha_d.108.1.1.aln -            175   4.3e-24   81.1   0.0   1   1   2.8e-25     5e-24   80.9   0.0     6   162     7   164     4   166 0.97 -
d2gana1d.108.1.1     -            182 d1p0ha_d.108.1.1.aln -            175   6.3e-24   80.6   0.3   1   1   3.8e-25   6.9e-24   80.4   0.3     7   160    10   180     4   182 0.96 -
d1ghea_d.108.1.1     -            170 d1p0ha_d.108.1.1.aln -            175   7.3e-24   80.3   0.0   1   1   4.4e-25   7.9e-24   80.2   0.0     6   168     2   169     1   170 0.97 -
d2fl4a1d.108.1.1     -            146 d1p0ha_d.108.1.1.aln -            175   2.6e-23   78.5   0.4   1   1   1.6e-24   2.9e-23   78.4   0.4     3   160     1   145     1   146 0.96 -
d1bo4a_d.108.1.1     -            137 d1p0ha_d.108.1.1.aln -            175   9.9e-23   76.6   0.0   1   1   6.6e-24   1.2e-22   76.4   0.0     5   141     3   137     2   137 0.98 -
d2jdca1d.108.1.1     -            145 d1p0ha_d.108.1.1.aln -            175   2.1e-22   75.6   0.2   1   1   1.3e-23   2.3e-22   75.4   0.2     5   164     1   144     1   145 0.97 -
d1yx0a1d.108.1.1     -            151 d1p0ha_d.108.1.1.aln -            175   2.4e-22   75.4   0.0   1   1   1.4e-23   2.5e-22   75.3   0.0    16   163    12   150     1   151 0.91 -
d1xeba_d.108.1.1     -            149 d1p0ha_d.108.1.1.aln -            175   1.6e-21   72.7   0.8   1   1   9.7e-23   1.7e-21   72.6   0.8     5   156     4   143     1   148 0.94 -
d2fiwa1d.108.1.1     -            156 d1p0ha_d.108.1.1.aln -            175   6.1e-21   70.8   0.0   1   1   3.6e-22   6.5e-21   70.7   0.0     6   160     5   148     1   156 0.88 -
d2g3aa1d.108.1.1     -            137 d1p0ha_d.108.1.1.aln -            175   9.7e-21   70.2   0.0   1   1   5.7e-22     1e-20   70.1   0.0     5   160     1   133     1   137 0.91 -
d2atra1d.108.1.1     -            137 d1p0ha_d.108.1.1.aln -            175   1.5e-20   69.6   0.0   1   1   9.2e-22   1.6e-20   69.4   0.0     4   158     1   136     1   137 0.94 -
d1m4ia_d.108.1.1     -            181 d1p0ha_d.108.1.1.aln -            175   4.3e-20   68.1   0.1   1   1   1.9e-20   3.4e-19   65.1   0.1     3   174     1   178     1   179 0.91 -
d1q2ya_d.108.1.1     -            140 d1p0ha_d.108.1.1.aln -            175   8.5e-19   63.8   0.3   1   1   6.3e-20   1.1e-18   63.4   0.3    11   162     8   139     6   139 0.97 -
d1yk3a1d.108.1.1     -            198 d1p0ha_d.108.1.1.aln -            175   1.9e-18   62.7   0.0   1   1   1.3e-19   2.4e-18   62.4   0.0     5   163     6   197     2   198 0.97 -
d2aj6a1d.108.1.1     -            118 d1p0ha_d.108.1.1.aln -            175   2.4e-18   62.3   0.0   1   1   1.6e-19   2.9e-18   62.1   0.0     5   122     2   115     1   117 0.97 -
d1y7ra1d.108.1.1     -            133 d1p0ha_d.108.1.1.aln -            175   1.8e-17   59.5   0.0   1   1   1.1e-18   1.9e-17   59.4   0.0     8   155     4   132     1   133 0.95 -
d1n71a_d.108.1.1     -            180 d1p0ha_d.108.1.1.aln -            175   1.3e-15   53.4   0.0   1   1   9.9e-17   1.8e-15   53.0   0.0     5   169     1   179     1   180 0.96 -
d1boba_d.108.1.1     -            315 d1p0ha_d.108.1.1.aln -            175   5.4e-15   51.5   0.1   1   1   4.5e-16     8e-15   50.9   0.1    19   175    32   230    15   230 0.96 -
d2fsra1d.108.1.1     -            164 d1p0ha_d.108.1.1.aln -            175   9.5e-15   50.7   0.0   1   1   5.7e-16     1e-14   50.6   0.0     9   161     6   163     1   164 0.95 -
d2p0wa_d.108.1.1     -            319 d1p0ha_d.108.1.1.aln -            175   1.7e-14   49.8   0.2   1   1   1.4e-15   2.5e-14   49.3   0.2     4   173    12   230     9   234 0.98 -
d1r57a_d.108.1.1     -            102 d1p0ha_d.108.1.1.aln -            175   7.1e-13   44.6   0.1   1   1   4.1e-14   7.4e-13   44.5   0.1    84   155    34   101     5   102 0.90 -
d1xmta_d.108.1.1     -             95 d1p0ha_d.108.1.1.aln -            175   1.7e-10   36.8   0.0   1   1   1.7e-11     3e-10   36.0   0.0    61   143    17    86     3    95 0.78 -
d2d4pa1d.108.1.1     -            130 d1p0ha_d.108.1.1.aln -            175     1e-08   31.0   0.2   1   1   1.3e-09   2.4e-08   29.8   0.2     5   143     1   116     1   128 0.95 -
d1p0ha_d.108.1.1     -            308 d1p0ha_d.108.1.1.aln -            175   2.1e-06   23.5   0.3   1   3      0.37       6.6    2.3   0.0    91   110    78    97    10   100 0.76 -
d1p0ha_d.108.1.1     -            308 d1p0ha_d.108.1.1.aln -            175   2.1e-06   23.5   0.3   2   3    0.0066      0.12    8.0   0.1    68   104   202   249   169   251 0.72 -
d1p0ha_d.108.1.1     -            308 d1p0ha_d.108.1.1.aln -            175   2.1e-06   23.5   0.3   3   3    0.0022     0.039    9.6   0.0   122   147   277   302   274   307 0.85 -
#
# Program:         hmmsearch
# Version:         3.3.2 (Nov 2020)
# Pipeline mode:   SEARCH
# Query file:      /home/elise/Documents/M1-BIM/S2/TMEs/SBAS/tme08/models/d1p0ha_d.108.1.1.aln.hmm
# Target file:     /home/elise/Documents/M1-BIM/S2/TMEs/SBAS/tme08/scop/scop/scopTestSeq.fasta
# Option settings: hmmsearch --domtblout /home/elise/Documents/M1-BIM/S2/TMEs/SBAS/tme08/searchResults/d1p0ha_d.108.1.1.aln.out -E 1 /home/elise/Documents/M1-BIM/S2/TMEs/SBAS/tme08/models/d1p0ha_d.108.1.1.aln.hmm /home/elise/Documents/M1-BIM/S2/TMEs/SBAS/tme08/scop/scop/scopTestSeq.fasta 
# Current dir:     /home/elise/Documents/M1-BIM/S2/TMEs/SBAS/tme08
# Date:            Tue Apr  1 17:30:38 2025
# [ok]
