#                                                                            --- full sequence --- -------------- this domain -------------   hmm coord   ali coord   env coord
# target name        accession   tlen query name           accession   qlen   E-value  score  bias   #  of  c-Evalue  i-Evalue  score  bias  from    to  from    to  from    to  acc description of target
#------------------- ---------- ----- -------------------- ---------- ----- --------- ------ ----- --- --- --------- --------- ------ ----- ----- ----- ----- ----- ----- ----- ---- ---------------------
d2jhfa1b.35.1.2      -            199 d1pl8a1b.35.1.2.aln  -            172   1.2e-65  216.4   0.1   1   1   1.9e-67   1.3e-65  216.3   0.1     2   170     7   198     6   199 0.96 -
d1piwa1b.35.1.2      -            193 d1pl8a1b.35.1.2.aln  -            172   2.5e-51  169.8   1.4   1   1   3.9e-53   2.8e-51  169.6   1.4     2   170     7   184     6   186 0.96 -
d1h2ba1b.35.1.2      -            172 d1pl8a1b.35.1.2.aln  -            172   1.1e-48  161.2   0.1   1   1   1.7e-50   1.2e-48  161.0   0.1     5   171     1   171     1   172 0.96 -
d1f8fa1b.35.1.2      -            195 d1pl8a1b.35.1.2.aln  -            172   1.2e-46  154.6   0.1   1   1   1.9e-48   1.3e-46  154.4   0.1     3   171     3   194     1   195 0.94 -
d1jqba1b.35.1.2      -            178 d1pl8a1b.35.1.2.aln  -            172   2.3e-46  153.6   0.0   1   1   3.7e-48   2.7e-46  153.4   0.0     6   171     2   176     1   177 0.96 -
d1kola1b.35.1.2      -            202 d1pl8a1b.35.1.2.aln  -            172   1.3e-39  131.6   1.6   1   1   3.5e-41   2.5e-39  130.7   1.6     7   170     9   195     4   197 0.91 -
d1pl8a1b.35.1.2      -            186 d1pl8a1b.35.1.2.aln  -            172   2.9e-38  127.3   0.0   1   1   4.9e-40   3.5e-38  127.0   0.0    12   168    15   176    10   179 0.92 -
d1yb5a1b.35.1.2      -            151 d1pl8a1b.35.1.2.aln  -            172   1.7e-33  111.8   0.1   1   1   1.5e-34   1.1e-32  109.1   0.1     7   170     8   148     2   150 0.89 -
d1gu7a1b.35.1.2      -            176 d1pl8a1b.35.1.2.aln  -            172   3.3e-31  104.3   0.0   1   1   5.2e-33   3.8e-31  104.1   0.0     2   171     5   175     4   176 0.98 -
d1o89a1b.35.1.2      -            147 d1pl8a1b.35.1.2.aln  -            172   1.4e-28   95.7   0.0   1   1   6.2e-30   4.5e-28   94.1   0.0     3   171     2   146     1   147 0.97 -
d2dm6a1b.35.1.2      -            148 d1pl8a1b.35.1.2.aln  -            172   1.6e-22   76.0   0.0   1   1   2.9e-24   2.1e-22   75.6   0.0     4   171     1   147     1   148 0.95 -
#
# Program:         hmmsearch
# Version:         3.3.2 (Nov 2020)
# Pipeline mode:   SEARCH
# Query file:      /home/elise/Documents/M1-BIM/S2/TMEs/SBAS/tme08/models/d1pl8a1b.35.1.2.aln.hmm
# Target file:     /home/elise/Documents/M1-BIM/S2/TMEs/SBAS/tme08/scop/scop/scopTestSeq.fasta
# Option settings: hmmsearch --domtblout /home/elise/Documents/M1-BIM/S2/TMEs/SBAS/tme08/searchResults/d1pl8a1b.35.1.2.aln.out -E 1 /home/elise/Documents/M1-BIM/S2/TMEs/SBAS/tme08/models/d1pl8a1b.35.1.2.aln.hmm /home/elise/Documents/M1-BIM/S2/TMEs/SBAS/tme08/scop/scop/scopTestSeq.fasta 
# Current dir:     /home/elise/Documents/M1-BIM/S2/TMEs/SBAS/tme08
# Date:            Tue Apr  1 17:30:39 2025
# [ok]
