#                                                                            --- full sequence --- -------------- this domain -------------   hmm coord   ali coord   env coord
# target name        accession   tlen query name           accession   qlen   E-value  score  bias   #  of  c-Evalue  i-Evalue  score  bias  from    to  from    to  from    to  acc description of target
#------------------- ---------- ----- -------------------- ---------- ----- --------- ------ ----- --- --- --------- --------- ------ ----- ----- ----- ----- ----- ----- ----- ---- ---------------------
d1n4wa1c.3.1.2       -            368 d1pn0a1c.3.1.2.aln   -            354   6.7e-94  310.3   0.5   1   1   2.2e-95   7.5e-94  310.2   0.5     3   352    17   367    15   368 0.99 -
d2iida1c.3.1.2       -            371 d1pn0a1c.3.1.2.aln   -            354   4.3e-92  304.4   0.0   1   1   1.4e-93   4.8e-92  304.2   0.0     2   334    28   371    27   371 0.99 -
d2f5va1c.3.1.2       -            380 d1pn0a1c.3.1.2.aln   -            354   9.6e-88  290.1   0.0   1   1   3.1e-89   1.1e-87  289.9   0.0     1   353     1   376     1   377 0.99 -
d2dw4a2c.3.1.2       -            450 d1pn0a1c.3.1.2.aln   -            354     1e-87  290.0   0.4   1   3     9e-12   3.1e-10   35.1   0.3     7    47     8    48     3    49 0.95 -
d2dw4a2c.3.1.2       -            450 d1pn0a1c.3.1.2.aln   -            354     1e-87  290.0   0.4   2   3   2.1e-80   7.2e-79  260.9   0.0     9   354    39   411    37   411 0.99 -
d2dw4a2c.3.1.2       -            450 d1pn0a1c.3.1.2.aln   -            354     1e-87  290.0   0.4   3   3       3.7   1.3e+02   -3.1   0.0   298   326   414   442   413   444 0.90 -
d1kdga1c.3.1.2       -            361 d1pn0a1c.3.1.2.aln   -            354   1.7e-87  289.3   0.0   1   1   5.4e-89   1.8e-87  289.1   0.0     3   353     1   360     1   361 0.99 -
d2gmha1c.3.1.2       -            381 d1pn0a1c.3.1.2.aln   -            354     2e-82  272.5   0.0   1   1   6.7e-84   2.3e-82  272.4   0.0     3   354    31   380    29   380 0.99 -
d1b5qa1c.3.1.2       -            348 d1pn0a1c.3.1.2.aln   -            354   8.1e-81  267.3   0.1   1   1   2.6e-82   9.1e-81  267.1   0.1     5   337     1   348     1   348 0.99 -
d1seza1c.3.1.2       -            374 d1pn0a1c.3.1.2.aln   -            354   3.6e-80  265.1   0.0   1   1   1.2e-81     4e-80  265.0   0.0     5   353     2   364     1   365 1.00 -
d1ju2a1c.3.1.2       -            352 d1pn0a1c.3.1.2.aln   -            354   1.5e-74  246.7   0.5   1   1   4.8e-76   1.6e-74  246.5   0.5     3   353    26   350    24   351 0.97 -
d2ivda1c.3.1.2       -            348 d1pn0a1c.3.1.2.aln   -            354   1.3e-68  227.2   1.6   1   1   4.2e-70   1.4e-68  227.0   1.6     5   353     1   344     1   345 0.99 -
d1k0ia1c.3.1.2       -            293 d1pn0a1c.3.1.2.aln   -            354   9.4e-62  204.6   0.0   1   1     3e-63     1e-61  204.4   0.0     4   343     2   292     1   293 0.99 -
d1pj5a2c.3.1.2       -            306 d1pn0a1c.3.1.2.aln   -            354   3.6e-60  199.4   0.2   1   1   1.2e-61     4e-60  199.2   0.2     5   350     2   306     1   306 0.99 -
d1ryia1c.3.1.2       -            277 d1pn0a1c.3.1.2.aln   -            354   8.6e-57  188.3   0.0   1   1     3e-58     1e-56  188.0   0.0     1   334     1   275     1   277 0.99 -
d2gf3a1c.3.1.2       -            282 d1pn0a1c.3.1.2.aln   -            354   5.8e-55  182.2   0.0   1   1   1.9e-56   6.5e-55  182.1   0.0     2   342     1   282     1   282 0.99 -
d3c96a1c.3.1.2       -            289 d1pn0a1c.3.1.2.aln   -            354   1.7e-54  180.7   1.0   1   1   5.4e-56   1.9e-54  180.6   1.0     4   339     1   288     1   289 0.99 -
d2voua1c.3.1.2       -            266 d1pn0a1c.3.1.2.aln   -            354   4.1e-48  159.7   0.6   1   1   1.5e-49   5.3e-48  159.4   0.6     2   335     2   265     1   266 0.98 -
d1nhpa2c.3.1.5       -            123 d1pn0a1c.3.1.2.aln   -            354   2.8e-06   22.1   0.4   1   1   1.3e-07   4.3e-06   21.5   0.4     6    41    32    67    29    68 0.93 -
d1v59a2c.3.1.5       -            122 d1pn0a1c.3.1.2.aln   -            354   1.4e-05   19.8   0.3   1   1     6e-07   2.1e-05   19.3   0.2     4    34    23    53    21    69 0.92 -
d2gv8a1c.3.1.5       -            336 d1pn0a1c.3.1.2.aln   -            354   5.8e-05   17.8   0.0   1   2   3.5e-06   0.00012   16.7   0.0     7    63     7    68     5    86 0.83 -
d2gv8a1c.3.1.5       -            336 d1pn0a1c.3.1.2.aln   -            354   5.8e-05   17.8   0.0   2   2       4.6   1.6e+02   -3.4   0.0   171   193   136   158   135   161 0.80 -
d1pn0a1c.3.1.2       -            361 d1pn0a1c.3.1.2.aln   -            354   6.4e-05   17.6   0.1   1   1   2.8e-06   9.5e-05   17.1   0.1     3    25     6    28     4    29 0.92 -
d1v59a1c.3.1.5       -            234 d1pn0a1c.3.1.2.aln   -            354   0.00013   16.6   0.6   1   1   8.1e-06   0.00028   15.5   0.6     6    41     7    42     6    44 0.96 -
d1w4xa1c.3.1.5       -            299 d1pn0a1c.3.1.2.aln   -            354   0.00015   16.4   0.1   1   1   7.7e-06   0.00026   15.6   0.1     5    43     8    46     5    53 0.92 -
d1xhca2c.3.1.5       -            122 d1pn0a1c.3.1.2.aln   -            354   0.00031   15.4   0.7   1   1   1.3e-05   0.00044   14.9   0.7     7    37    35    65    34    69 0.92 -
#
# Program:         hmmsearch
# Version:         3.3.2 (Nov 2020)
# Pipeline mode:   SEARCH
# Query file:      /home/elise/Documents/M1-BIM/S2/TMEs/SBAS/tme08/models/d1pn0a1c.3.1.2.aln.hmm
# Target file:     /home/elise/Documents/M1-BIM/S2/TMEs/SBAS/tme08/scop/scop/scopTestSeq.fasta
# Option settings: hmmsearch --domtblout /home/elise/Documents/M1-BIM/S2/TMEs/SBAS/tme08/searchResults/d1pn0a1c.3.1.2.aln.out -E 1 /home/elise/Documents/M1-BIM/S2/TMEs/SBAS/tme08/models/d1pn0a1c.3.1.2.aln.hmm /home/elise/Documents/M1-BIM/S2/TMEs/SBAS/tme08/scop/scop/scopTestSeq.fasta 
# Current dir:     /home/elise/Documents/M1-BIM/S2/TMEs/SBAS/tme08
# Date:            Tue Apr  1 17:30:39 2025
# [ok]
