#                                                                            --- full sequence --- -------------- this domain -------------   hmm coord   ali coord   env coord
# target name        accession   tlen query name           accession   qlen   E-value  score  bias   #  of  c-Evalue  i-Evalue  score  bias  from    to  from    to  from    to  acc description of target
#------------------- ---------- ----- -------------------- ---------- ----- --------- ------ ----- --- --- --------- --------- ------ ----- ----- ----- ----- ----- ----- ----- ---- ---------------------
d2jhfa2c.2.1.1       -            176 d1pqwa_c.2.1.1.aln   -            177   2.7e-63  208.3   1.9   1   1   5.7e-65     3e-63  208.2   1.9     2   177     2   176     1   176 0.99 -
d1vj0a2c.2.1.1       -            182 d1pqwa_c.2.1.1.aln   -            177   1.1e-47  157.4   0.0   1   1   2.4e-49   1.2e-47  157.3   0.0     3   175     3   175     1   177 0.96 -
d1jqba2c.2.1.1       -            174 d1pqwa_c.2.1.1.aln   -            177   1.5e-47  157.0   4.6   1   1   3.2e-49   1.7e-47  156.9   4.6     2   175     2   171     1   173 0.97 -
d1h2ba2c.2.1.1       -            172 d1pqwa_c.2.1.1.aln   -            177     3e-44  146.3   1.7   1   1   6.3e-46   3.3e-44  146.1   1.7     2   173     5   171     4   172 0.96 -
d1pl8a2c.2.1.1       -            171 d1pqwa_c.2.1.1.aln   -            177   7.5e-43  141.7   5.6   1   1   1.6e-44   8.2e-43  141.6   5.6     4   174     3   169     1   171 0.95 -
d1o89a2c.2.1.1       -            177 d1pqwa_c.2.1.1.aln   -            177   1.2e-42  141.1   1.0   1   1   2.4e-44   1.3e-42  141.0   1.0     2   174     6   171     5   174 0.95 -
d1qora2c.2.1.1       -            179 d1pqwa_c.2.1.1.aln   -            177   5.1e-42  139.0   0.1   1   1   1.1e-43     6e-42  138.8   0.1     2   172     2   174     1   178 0.95 -
d1yb5a2c.2.1.1       -            174 d1pqwa_c.2.1.1.aln   -            177   2.1e-41  137.0   1.8   1   1   4.9e-43   2.6e-41  136.7   1.8     2   174     2   170     1   172 0.95 -
d2dm6a2c.2.1.1       -            182 d1pqwa_c.2.1.1.aln   -            177   5.7e-41  135.6   0.2   1   1   1.2e-42   6.3e-41  135.5   0.2     1   177     3   178     3   178 0.96 -
d1piwa2c.2.1.1       -            168 d1pqwa_c.2.1.1.aln   -            177   5.2e-40  132.5   0.0   1   1   1.1e-41   5.7e-40  132.3   0.0     2   176     2   168     1   168 0.98 -
d1gu7a2c.2.1.1       -            189 d1pqwa_c.2.1.1.aln   -            177   4.5e-39  129.4   0.0   1   1   9.5e-41     5e-39  129.3   0.0     2   177     2   184     1   184 0.96 -
d1kola2c.2.1.1       -            195 d1pqwa_c.2.1.1.aln   -            177   4.1e-35  116.5   2.2   1   1   8.6e-37   4.5e-35  116.4   2.2     4   174     2   176     1   179 0.97 -
d1pqwa_c.2.1.1       -            183 d1pqwa_c.2.1.1.aln   -            177   5.1e-21   70.6   1.3   1   1   1.2e-22   6.2e-21   70.4   1.3     5   132     2   125     1   152 0.92 -
d1k0ia1c.3.1.2       -            293 d1pqwa_c.2.1.1.aln   -            177    0.0003   16.0   0.1   1   2   0.00016    0.0087   11.3   0.0    29    58     2    31     1    58 0.92 -
d1k0ia1c.3.1.2       -            293 d1pqwa_c.2.1.1.aln   -            177    0.0003   16.0   0.1   2   2     0.084       4.4    2.4   0.0    50    84    91   128    88   142 0.77 -
d1c1da1c.2.1.7       -            201 d1pqwa_c.2.1.1.aln   -            177    0.0018   13.5   8.3   1   2     3e-05    0.0016   13.6   5.2    29    75    27    72     9    83 0.88 -
d1c1da1c.2.1.7       -            201 d1pqwa_c.2.1.1.aln   -            177    0.0018   13.5   8.3   2   2      0.45        24    0.0   0.0   100   132   118   150   101   154 0.74 -
#
# Program:         hmmsearch
# Version:         3.3.2 (Nov 2020)
# Pipeline mode:   SEARCH
# Query file:      /home/elise/Documents/M1-BIM/S2/TMEs/SBAS/tme08/models/d1pqwa_c.2.1.1.aln.hmm
# Target file:     /home/elise/Documents/M1-BIM/S2/TMEs/SBAS/tme08/scop/scop/scopTestSeq.fasta
# Option settings: hmmsearch --domtblout /home/elise/Documents/M1-BIM/S2/TMEs/SBAS/tme08/searchResults/d1pqwa_c.2.1.1.aln.out -E 1 /home/elise/Documents/M1-BIM/S2/TMEs/SBAS/tme08/models/d1pqwa_c.2.1.1.aln.hmm /home/elise/Documents/M1-BIM/S2/TMEs/SBAS/tme08/scop/scop/scopTestSeq.fasta 
# Current dir:     /home/elise/Documents/M1-BIM/S2/TMEs/SBAS/tme08
# Date:            Tue Apr  1 17:30:39 2025
# [ok]
