#                                                                            --- full sequence --- -------------- this domain -------------   hmm coord   ali coord   env coord
# target name        accession   tlen query name           accession   qlen   E-value  score  bias   #  of  c-Evalue  i-Evalue  score  bias  from    to  from    to  from    to  acc description of target
#------------------- ---------- ----- -------------------- ---------- ----- --------- ------ ----- --- --- --------- --------- ------ ----- ----- ----- ----- ----- ----- ----- ---- ---------------------
d2nyca1d.37.1.1      -            140 d1pvma4d.37.1.1.aln  -            136   9.3e-39  128.1   0.5   1   1   2.3e-40     1e-38  127.9   0.5     4   131    11   138     8   140 0.98 -
d2yzia1d.37.1.1      -            132 d1pvma4d.37.1.1.aln  -            136   2.2e-33  110.7   0.9   1   1   5.4e-35   2.4e-33  110.5   0.9     3   135     6   130     4   131 0.96 -
d3ddja2d.37.1.1      -            135 d1pvma4d.37.1.1.aln  -            136   7.8e-33  108.9   0.1   1   1     2e-34   8.5e-33  108.7   0.1     2   134     1   134     1   135 0.98 -
d1y5ha3d.37.1.1      -            123 d1pvma4d.37.1.1.aln  -            136   1.3e-32  108.1   0.1   1   1   3.3e-34   1.5e-32  108.0   0.1     5   130     4   122     1   123 0.98 -
d1o50a3d.37.1.1      -            145 d1pvma4d.37.1.1.aln  -            136   3.4e-31  103.6   1.8   1   1   8.5e-33   3.7e-31  103.4   1.8     2   135     4   144     3   145 0.98 -
d1zfja4d.37.1.1      -            126 d1pvma4d.37.1.1.aln  -            136   6.8e-31  102.6   0.2   1   1   1.7e-32   7.5e-31  102.5   0.2     7   133     2   119     1   122 0.95 -
d3ddja1d.37.1.1      -            141 d1pvma4d.37.1.1.aln  -            136   1.6e-30  101.4   6.7   1   1   4.1e-32   1.8e-30  101.2   6.7     3   133     3   132     1   135 0.97 -
d2yzqa2d.37.1.1      -            122 d1pvma4d.37.1.1.aln  -            136   1.8e-30  101.2   2.1   1   1   7.1e-32   3.1e-30  100.5   2.1     2   134     1   120     1   122 0.90 -
d1vr9a3d.37.1.1      -            121 d1pvma4d.37.1.1.aln  -            136   1.4e-29   98.4   0.1   1   1   3.5e-31   1.6e-29   98.2   0.1     2   134     1   120     1   121 0.98 -
d2rc3a1d.37.1.1      -            127 d1pvma4d.37.1.1.aln  -            136   2.1e-29   97.8   1.5   1   1   5.2e-31   2.3e-29   97.7   1.5     5   131     8   126     4   127 0.92 -
d2riha_d.37.1.1      -            131 d1pvma4d.37.1.1.aln  -            136   4.6e-28   93.4   0.5   1   1   1.1e-29     5e-28   93.3   0.5     3   134     2   126     1   128 0.96 -
d2yzqa1d.37.1.1      -            156 d1pvma4d.37.1.1.aln  -            136   7.9e-27   89.4   0.1   1   1   2.3e-28     1e-26   89.1   0.1     3   134     5   150     3   155 0.98 -
d2ouxa2d.37.1.1      -            127 d1pvma4d.37.1.1.aln  -            136   1.1e-26   88.9   7.0   1   1   2.8e-28   1.2e-26   88.8   7.0     6   134     3   125     1   127 0.98 -
d1pbja3d.37.1.1      -            120 d1pvma4d.37.1.1.aln  -            136   2.6e-26   87.8   6.6   1   1   6.4e-28   2.8e-26   87.6   6.6     3   129     1   118     1   120 0.96 -
d2j9la1d.37.1.1      -            169 d1pvma4d.37.1.1.aln  -            136   7.5e-26   86.3   0.2   1   1   2.2e-27   9.5e-26   85.9   0.2     3   135    28   160    26   161 0.97 -
d2v8qe2d.37.1.1      -            159 d1pvma4d.37.1.1.aln  -            136     1e-22   76.1   0.0   1   1   8.2e-24   3.6e-22   74.3   0.0     2   135    12   158    11   159 0.90 -
d2d4za3d.37.1.1      -            161 d1pvma4d.37.1.1.aln  -            136   1.7e-20   69.0   0.0   1   1   4.6e-22     2e-20   68.7   0.0     2   134    11   154    10   156 0.97 -
d1pvma4d.37.1.1      -            142 d1pvma4d.37.1.1.aln  -            136   5.7e-18   60.8   0.5   1   1   1.5e-19   6.4e-18   60.6   0.5     2   132     3   127     2   131 0.96 -
#
# Program:         hmmsearch
# Version:         3.3.2 (Nov 2020)
# Pipeline mode:   SEARCH
# Query file:      /home/elise/Documents/M1-BIM/S2/TMEs/SBAS/tme08/models/d1pvma4d.37.1.1.aln.hmm
# Target file:     /home/elise/Documents/M1-BIM/S2/TMEs/SBAS/tme08/scop/scop/scopTestSeq.fasta
# Option settings: hmmsearch --domtblout /home/elise/Documents/M1-BIM/S2/TMEs/SBAS/tme08/searchResults/d1pvma4d.37.1.1.aln.out -E 1 /home/elise/Documents/M1-BIM/S2/TMEs/SBAS/tme08/models/d1pvma4d.37.1.1.aln.hmm /home/elise/Documents/M1-BIM/S2/TMEs/SBAS/tme08/scop/scop/scopTestSeq.fasta 
# Current dir:     /home/elise/Documents/M1-BIM/S2/TMEs/SBAS/tme08
# Date:            Tue Apr  1 17:30:39 2025
# [ok]
