#                                                                            --- full sequence --- -------------- this domain -------------   hmm coord   ali coord   env coord
# target name        accession   tlen query name           accession   qlen   E-value  score  bias   #  of  c-Evalue  i-Evalue  score  bias  from    to  from    to  from    to  acc description of target
#------------------- ---------- ----- -------------------- ---------- ----- --------- ------ ----- --- --- --------- --------- ------ ----- ----- ----- ----- ----- ----- ----- ---- ---------------------
d1jeta_c.94.1.1      -            517 d1q35a_c.94.1.1.aln  -            317   5.5e-42  140.1  10.6   1   1   2.8e-43   7.5e-42  139.7  10.6     3   307   128   517   126   517 0.99 -
d3vlva_c.94.1.1      -            490 d1q35a_c.94.1.1.aln  -            317   2.7e-40  134.6   6.2   1   1   1.5e-41     4e-40  134.0   6.2     1   317    29   413    29   413 0.99 -
d1nnfa_c.94.1.1      -            308 d1q35a_c.94.1.1.aln  -            317   4.1e-36  120.9  10.3   1   1   1.8e-37   4.7e-36  120.7  10.3    11   303     1   307     1   308 0.98 -
d1pb7a_c.94.1.1      -            289 d1q35a_c.94.1.1.aln  -            317   1.7e-29   99.3   0.0   1   1     8e-31   2.1e-29   99.0   0.0    18   279     2   286     1   288 0.97 -
d2nooa_c.94.1.1      -            496 d1q35a_c.94.1.1.aln  -            317   8.3e-28   93.7   0.8   1   1     4e-29   1.1e-27   93.4   0.8     1   315    76   473    76   475 0.98 -
d1eu8a_c.94.1.1      -            407 d1q35a_c.94.1.1.aln  -            317   8.4e-26   87.2   4.9   1   1   3.7e-27   9.6e-26   87.0   4.9     2   317    13   387    12   387 0.99 -
d1ixha_c.94.1.1      -            321 d1q35a_c.94.1.1.aln  -            317   1.3e-25   86.6  11.6   1   1   5.5e-27   1.5e-25   86.4  11.6    16   303     3   319     1   321 0.92 -
d1ursa_c.94.1.1      -            367 d1q35a_c.94.1.1.aln  -            317   2.8e-25   85.5   9.2   1   1   1.2e-26   3.1e-25   85.3   9.2     6   316     2   367     1   367 0.99 -
d1uqwa_c.94.1.1      -            487 d1q35a_c.94.1.1.aln  -            317   3.9e-24   81.8  10.4   1   1   1.5e-25   3.9e-24   81.8  10.4     1   317    79   466    79   466 0.96 -
d1vr5a1c.94.1.1      -            535 d1q35a_c.94.1.1.aln  -            317   5.3e-23   78.0   7.1   1   1   2.7e-24     7e-23   77.6   7.1     2   317   102   498   101   498 0.98 -
d3thia_c.94.1.1      -            362 d1q35a_c.94.1.1.aln  -            317     1e-22   77.1   0.4   1   1   4.2e-24   1.1e-22   77.0   0.4     4   315     2   360     1   362 0.97 -
d1xoca1c.94.1.1      -            504 d1q35a_c.94.1.1.aln  -            317   2.9e-22   75.6  13.9   1   1   1.3e-23   3.5e-22   75.3  13.9     2   316    83   480    82   481 0.97 -
d2czla1c.94.1.1      -            270 d1q35a_c.94.1.1.aln  -            317   3.7e-21   72.0   0.0   1   1   1.7e-22   4.4e-21   71.8   0.0    18   303     3   265     1   269 0.96 -
d1al3a_c.94.1.1      -            237 d1q35a_c.94.1.1.aln  -            317     2e-19   66.3   0.0   1   1     9e-21   2.4e-19   66.1   0.0    23   296     1   230     1   235 0.98 -
d1r9la_c.94.1.1      -            309 d1q35a_c.94.1.1.aln  -            317   5.1e-19   65.0   8.5   1   1   2.2e-20   5.7e-19   64.9   8.5    46   309    34   306     1   308 0.91 -
d1us5a_c.94.1.1      -            298 d1q35a_c.94.1.1.aln  -            317   6.4e-19   64.7   1.9   1   1   2.7e-20   7.2e-19   64.5   1.9     3   289     1   284     1   297 0.93 -
d1sbpa_c.94.1.1      -            309 d1q35a_c.94.1.1.aln  -            317   4.7e-18   61.9   9.1   1   1     2e-19   5.2e-18   61.7   9.1     6   307     2   308     1   309 0.95 -
d1xt8a1c.94.1.1      -            248 d1q35a_c.94.1.1.aln  -            317   2.4e-14   49.7   5.9   1   1   1.1e-15   2.8e-14   49.5   5.9    27   278    15   243     2   247 0.91 -
d2i6ea1c.94.1.1      -            272 d1q35a_c.94.1.1.aln  -            317   4.5e-14   48.8   0.0   1   1     2e-15   5.2e-14   48.7   0.0    11   302     2   268     1   271 0.94 -
d2nxoa1c.94.1.1      -            277 d1q35a_c.94.1.1.aln  -            317   1.2e-12   44.1   0.0   1   1   5.4e-14   1.4e-12   43.9   0.0    23   306     9   274     2   277 0.91 -
d1sw5a_c.94.1.1      -            270 d1q35a_c.94.1.1.aln  -            317   4.9e-12   42.2   5.5   1   1     2e-13   5.4e-12   42.1   5.5    11   293     2   266     1   270 0.96 -
d1twya_c.94.1.1      -            249 d1q35a_c.94.1.1.aln  -            317   1.3e-11   40.8   0.0   1   1   5.3e-13   1.4e-11   40.7   0.0    23   294     9   249     1   249 0.93 -
d2esna2c.94.1.1      -            212 d1q35a_c.94.1.1.aln  -            317   1.3e-11   40.8   0.0   1   1   5.8e-13   1.5e-11   40.6   0.0    67   276     6   206     3   212 0.95 -
d1ve4a1c.94.1.1      -            206 d1q35a_c.94.1.1.aln  -            317   1.3e-10   37.5   0.0   1   1   5.9e-12   1.6e-10   37.3   0.0    71   272    33   202     1   204 0.86 -
d1ii5a_c.94.1.1      -            226 d1q35a_c.94.1.1.aln  -            317   5.2e-10   35.6   0.1   1   1   2.2e-11   5.7e-10   35.4   0.1    18   275     5   225     1   226 0.94 -
d1i6aa_c.94.1.1      -            212 d1q35a_c.94.1.1.aln  -            317   6.9e-09   31.9   0.0   1   1   3.1e-10   8.1e-09   31.7   0.0    60   281    11   210     4   212 0.95 -
d2ozza1c.94.1.1      -            228 d1q35a_c.94.1.1.aln  -            317   7.9e-09   31.7   0.0   1   1   3.6e-10   9.5e-09   31.4   0.0    58   271    21   220     4   226 0.93 -
d1atga_c.94.1.1      -            231 d1q35a_c.94.1.1.aln  -            317   6.2e-07   25.5   1.8   1   1   2.6e-08   6.7e-07   25.4   1.8    30   282    12   229     1   231 0.92 -
d1ixca2c.94.1.1      -            205 d1q35a_c.94.1.1.aln  -            317   2.3e-05   20.4   0.0   1   1     1e-06   2.6e-05   20.2   0.0    71   279     8   204     3   205 0.93 -
d2qmwa1c.94.1.1      -            184 d1q35a_c.94.1.1.aln  -            317   3.2e-05   19.9   0.1   1   1   1.2e-05   0.00031   16.7   0.1    71   276     3   181     1   183 0.81 -
#
# Program:         hmmsearch
# Version:         3.3.2 (Nov 2020)
# Pipeline mode:   SEARCH
# Query file:      /home/elise/Documents/M1-BIM/S2/TMEs/SBAS/tme08/models/d1q35a_c.94.1.1.aln.hmm
# Target file:     /home/elise/Documents/M1-BIM/S2/TMEs/SBAS/tme08/scop/scop/scopTestSeq.fasta
# Option settings: hmmsearch --domtblout /home/elise/Documents/M1-BIM/S2/TMEs/SBAS/tme08/searchResults/d1q35a_c.94.1.1.aln.out -E 1 /home/elise/Documents/M1-BIM/S2/TMEs/SBAS/tme08/models/d1q35a_c.94.1.1.aln.hmm /home/elise/Documents/M1-BIM/S2/TMEs/SBAS/tme08/scop/scop/scopTestSeq.fasta 
# Current dir:     /home/elise/Documents/M1-BIM/S2/TMEs/SBAS/tme08
# Date:            Tue Apr  1 17:30:40 2025
# [ok]
