#                                                                            --- full sequence --- -------------- this domain -------------   hmm coord   ali coord   env coord
# target name        accession   tlen query name           accession   qlen   E-value  score  bias   #  of  c-Evalue  i-Evalue  score  bias  from    to  from    to  from    to  acc description of target
#------------------- ---------- ----- -------------------- ---------- ----- --------- ------ ----- --- --- --------- --------- ------ ----- ----- ----- ----- ----- ----- ----- ---- ---------------------
d1ktga_d.113.1.1     -            137 d1q33a_d.113.1.1.aln -            155   2.3e-42  139.8   0.1   1   1     5e-44   2.5e-42  139.6   0.1     6   147     2   136     1   137 0.96 -
d2fvva1d.113.1.1     -            135 d1q33a_d.113.1.1.aln -            155   2.6e-41  136.3   0.9   1   1   5.7e-43   2.8e-41  136.2   0.9     2   139     1   132     1   135 0.97 -
d2b06a1d.113.1.1     -            155 d1q33a_d.113.1.1.aln -            155   2.1e-40  133.3   0.0   1   1   4.8e-42   2.4e-40  133.2   0.0     5   154     1   151     1   152 0.98 -
d2azwa1d.113.1.1     -            147 d1q33a_d.113.1.1.aln -            155   3.4e-40  132.7   1.0   1   1   7.5e-42   3.7e-40  132.6   1.0     2   145     2   146     1   147 0.98 -
d1sjya_d.113.1.1     -            158 d1q33a_d.113.1.1.aln -            155   8.8e-40  131.4   0.2   1   1   1.9e-41   9.6e-40  131.2   0.2     2   152     5   153     4   156 0.97 -
d1v8ya_d.113.1.1     -            158 d1q33a_d.113.1.1.aln -            155   1.3e-39  130.8   2.5   1   1   2.9e-41   1.4e-39  130.7   2.5     2   149    13   155    12   158 0.97 -
d1g0sa_d.113.1.1     -            209 d1q33a_d.113.1.1.aln -            155   3.1e-39  129.6   1.0   1   1   7.6e-41   3.8e-39  129.3   1.0     2   153    53   204    52   206 0.98 -
d1vhza_d.113.1.1     -            186 d1q33a_d.113.1.1.aln -            155   1.6e-38  127.2   0.0   1   1     4e-40     2e-38  127.0   0.0     2   153    36   184    35   186 0.98 -
d1jkna_d.113.1.1     -            165 d1q33a_d.113.1.1.aln -            155   2.8e-38  126.5   0.0   1   1   6.4e-40   3.1e-38  126.3   0.0     5   148     4   165     1   165 0.98 -
d3zr0a_d.113.1.1     -            154 d1q33a_d.113.1.1.aln -            155   1.9e-37  123.8   0.0   1   1   4.1e-39     2e-37  123.7   0.0    15   154     3   150     1   151 0.98 -
d3o69a_d.113.1.1     -            190 d1q33a_d.113.1.1.aln -            155   1.9e-37  123.8   0.0   1   1   4.5e-39   2.2e-37  123.5   0.0     2   152    40   189    39   190 0.98 -
d3a6sa_d.113.1.1     -            129 d1q33a_d.113.1.1.aln -            155     3e-35  116.7   1.0   1   1   6.4e-37   3.1e-35  116.6   1.0     6   143     4   128     1   129 0.93 -
d1nqza_d.113.1.1     -            187 d1q33a_d.113.1.1.aln -            155   5.5e-35  115.8   0.2   1   1   1.3e-36   6.3e-35  115.6   0.2     2   154    24   181    23   182 0.98 -
d2b0va1d.113.1.1     -            146 d1q33a_d.113.1.1.aln -            155     1e-34  114.9   0.0   1   1   2.3e-36   1.1e-34  114.8   0.0    13   154     1   141     1   142 0.98 -
d1k2ea_d.113.1.1     -            152 d1q33a_d.113.1.1.aln -            155     1e-30  101.9   0.2   1   1   2.4e-32   1.2e-30  101.7   0.2    32   152    15   143     4   146 0.95 -
d1q33a_d.113.1.1     -            292 d1q33a_d.113.1.1.aln -            155     1e-08   30.4   0.6   1   1   1.1e-09   5.4e-08   28.1   0.6    35    67   146   178   133   287 0.72 -
#
# Program:         hmmsearch
# Version:         3.3.2 (Nov 2020)
# Pipeline mode:   SEARCH
# Query file:      /home/elise/Documents/M1-BIM/S2/TMEs/SBAS/tme08/models/d1q33a_d.113.1.1.aln.hmm
# Target file:     /home/elise/Documents/M1-BIM/S2/TMEs/SBAS/tme08/scop/scop/scopTestSeq.fasta
# Option settings: hmmsearch --domtblout /home/elise/Documents/M1-BIM/S2/TMEs/SBAS/tme08/searchResults/d1q33a_d.113.1.1.aln.out -E 1 /home/elise/Documents/M1-BIM/S2/TMEs/SBAS/tme08/models/d1q33a_d.113.1.1.aln.hmm /home/elise/Documents/M1-BIM/S2/TMEs/SBAS/tme08/scop/scop/scopTestSeq.fasta 
# Current dir:     /home/elise/Documents/M1-BIM/S2/TMEs/SBAS/tme08
# Date:            Tue Apr  1 17:30:40 2025
# [ok]
