#                                                                            --- full sequence --- -------------- this domain -------------   hmm coord   ali coord   env coord
# target name        accession   tlen query name           accession   qlen   E-value  score  bias   #  of  c-Evalue  i-Evalue  score  bias  from    to  from    to  from    to  acc description of target
#------------------- ---------- ----- -------------------- ---------- ----- --------- ------ ----- --- --- --------- --------- ------ ----- ----- ----- ----- ----- ----- ----- ---- ---------------------
d1zina1c.37.1.1      -            183 d1qf9a_c.37.1.1.aln  -            201   9.1e-55  181.0   0.2   1   1   3.1e-56     1e-54  180.8   0.2     4   199     1   180     1   182 0.99 -
d1p5zb_c.37.1.1      -            241 d1qf9a_c.37.1.1.aln  -            201   4.7e-43  142.7   0.0   1   1   1.6e-44   5.3e-43  142.5   0.0     4   200     3   220     1   221 0.99 -
d1khta_c.37.1.1      -            190 d1qf9a_c.37.1.1.aln  -            201   1.7e-39  131.1   0.0   1   1   5.6e-41   1.8e-39  131.0   0.0     3   199     1   188     1   190 0.98 -
d1t0hb_c.37.1.1      -            219 d1qf9a_c.37.1.1.aln  -            201   2.4e-33  111.0   0.0   1   1     9e-35     3e-33  110.7   0.0     2   186    19   210    18   213 0.98 -
d1vhta_c.37.1.1      -            208 d1qf9a_c.37.1.1.aln  -            201   3.3e-31  104.0   0.3   1   1   1.2e-32     4e-31  103.8   0.3     4   199     4   200     2   202 0.98 -
d1e2ka_c.37.1.1      -            329 d1qf9a_c.37.1.1.aln  -            201   3.6e-29   97.4   0.0   1   2   0.00033     0.011   10.9   0.0     5    25     6    26     4    30 0.91 -
d1e2ka_c.37.1.1      -            329 d1qf9a_c.37.1.1.aln  -            201   3.6e-29   97.4   0.0   2   2   9.7e-27   3.2e-25   84.5   0.0     4   200    32   287    29   288 0.98 -
d1gsia_c.37.1.1      -            208 d1qf9a_c.37.1.1.aln  -            201   7.8e-28   93.0   0.0   1   1   2.8e-29   9.1e-28   92.8   0.0     4   195     1   195     1   200 0.98 -
d1deka_c.37.1.1      -            241 d1qf9a_c.37.1.1.aln  -            201     4e-27   90.7   0.0   1   2   2.1e-28   6.8e-27   90.0   0.0     3   197     1   214     1   218 0.98 -
d1deka_c.37.1.1      -            241 d1qf9a_c.37.1.1.aln  -            201     4e-27   90.7   0.0   2   2       2.4        80   -1.7   0.0   174   199   215   240   214   241 0.84 -
d1y63a_c.37.1.1      -            174 d1qf9a_c.37.1.1.aln  -            201   6.6e-26   86.7   0.7   1   1   2.2e-27   7.4e-26   86.6   0.7     1   195     3   172     3   174 0.96 -
d1qf9a_c.37.1.1      -            194 d1qf9a_c.37.1.1.aln  -            201   7.2e-26   86.6   0.0   1   1   2.5e-27   8.2e-26   86.4   0.0     2   198     5   190     4   193 0.95 -
d1lw7a2c.37.1.1      -            192 d1qf9a_c.37.1.1.aln  -            201   3.9e-24   81.0   0.0   1   1   1.3e-25   4.2e-24   80.8   0.0     3   196     7   188     5   192 0.96 -
d3kb2a_c.37.1.1      -            171 d1qf9a_c.37.1.1.aln  -            201   5.8e-24   80.4   0.0   1   1     2e-25   6.4e-24   80.2   0.0     5   181     2   171     1   171 0.99 -
d1kjwa2c.37.1.1      -            199 d1qf9a_c.37.1.1.aln  -            201   1.2e-23   79.3   0.0   1   1   4.1e-25   1.4e-23   79.2   0.0     1   189     7   199     7   199 0.96 -
d1kgda_c.37.1.1      -            178 d1qf9a_c.37.1.1.aln  -            201   1.5e-23   79.1   0.1   1   1   4.9e-25   1.6e-23   78.9   0.1     1   175     1   176     1   178 0.99 -
d2grja_c.37.1.1      -            179 d1qf9a_c.37.1.1.aln  -            201   7.5e-22   73.5   1.0   1   1   2.6e-23   8.4e-22   73.3   1.0     1   198     1   176     1   179 0.95 -
d1yj5a2c.37.1.1      -            172 d1qf9a_c.37.1.1.aln  -            201   4.6e-21   70.9   0.0   1   1   1.6e-22   5.1e-21   70.8   0.0     2   171    13   171    12   172 0.97 -
d1ly1a_c.37.1.1      -            152 d1qf9a_c.37.1.1.aln  -            201   6.9e-20   67.1   0.0   1   1   2.3e-21   7.6e-20   67.0   0.0     2   167     1   148     1   152 0.95 -
d3akea_c.37.1.0      -            208 d1qf9a_c.37.1.1.aln  -            201   7.3e-10   34.4   1.0   1   1   9.9e-10   3.2e-08   29.0   1.0     5   146     4   149     1   206 0.66 -
d2qora_c.37.1.0      -            196 d1qf9a_c.37.1.1.aln  -            201   3.4e-07   25.7   0.1   1   1   2.8e-08   9.3e-07   24.2   0.1     4   172     5   185     2   190 0.76 -
d1um8a_c.37.1.20     -            364 d1qf9a_c.37.1.1.aln  -            201   8.5e-05   17.8   0.0   1   1   6.9e-06   0.00023   16.4   0.0     5    31    70    96    67   131 0.90 -
d1g41a_c.37.1.20     -            443 d1qf9a_c.37.1.1.aln  -            201   0.00031   16.0   0.0   1   1   2.5e-05   0.00081   14.6   0.0     3    71    49   132    48   148 0.80 -
d1in4a2c.37.1.20     -            238 d1qf9a_c.37.1.1.aln  -            201   0.00042   15.6   0.0   1   1   2.8e-05   0.00092   14.4   0.0     6    35    38    67    37   114 0.91 -
d1d2na_c.37.1.20     -            246 d1qf9a_c.37.1.1.aln  -            201   0.00063   15.0   0.0   1   3   9.6e-05    0.0032   12.7   0.0     6    32    43    69    42   114 0.90 -
d1d2na_c.37.1.20     -            246 d1qf9a_c.37.1.1.aln  -            201   0.00063   15.0   0.0   2   3       2.5        83   -1.7   0.0   158   178   176   196   174   208 0.76 -
d1d2na_c.37.1.20     -            246 d1qf9a_c.37.1.1.aln  -            201   0.00063   15.0   0.0   3   3       6.1     2e+02   -3.0   0.0   136   159   219   241   193   245 0.66 -
d2jaqa_c.37.1.0      -            201 d1qf9a_c.37.1.1.aln  -            201    0.0015   13.8   0.6   1   1   0.00011    0.0037   12.5   0.4     4    29     1    26     1    31 0.93 -
#
# Program:         hmmsearch
# Version:         3.3.2 (Nov 2020)
# Pipeline mode:   SEARCH
# Query file:      /home/elise/Documents/M1-BIM/S2/TMEs/SBAS/tme08/models/d1qf9a_c.37.1.1.aln.hmm
# Target file:     /home/elise/Documents/M1-BIM/S2/TMEs/SBAS/tme08/scop/scop/scopTestSeq.fasta
# Option settings: hmmsearch --domtblout /home/elise/Documents/M1-BIM/S2/TMEs/SBAS/tme08/searchResults/d1qf9a_c.37.1.1.aln.out -E 1 /home/elise/Documents/M1-BIM/S2/TMEs/SBAS/tme08/models/d1qf9a_c.37.1.1.aln.hmm /home/elise/Documents/M1-BIM/S2/TMEs/SBAS/tme08/scop/scop/scopTestSeq.fasta 
# Current dir:     /home/elise/Documents/M1-BIM/S2/TMEs/SBAS/tme08
# Date:            Tue Apr  1 17:30:40 2025
# [ok]
