#                                                                            --- full sequence --- -------------- this domain -------------   hmm coord   ali coord   env coord
# target name        accession   tlen query name           accession   qlen   E-value  score  bias   #  of  c-Evalue  i-Evalue  score  bias  from    to  from    to  from    to  acc description of target
#------------------- ---------- ----- -------------------- ---------- ----- --------- ------ ----- --- --- --------- --------- ------ ----- ----- ----- ----- ----- ----- ----- ---- ---------------------
d3kffa_b.60.1.1      -            152 d1qfta_b.60.1.1.aln  -            161   3.4e-53  175.6   0.5   1   1   6.1e-55   3.7e-53  175.4   0.5    11   160     2   150     1   151 0.98 -
d3s26a_b.60.1.1      -            176 d1qfta_b.60.1.1.aln  -            161   1.5e-45  150.7   0.2   1   1   2.8e-47   1.7e-45  150.5   0.2     3   160    10   174     8   175 0.98 -
d3saoa_b.60.1.1      -            155 d1qfta_b.60.1.1.aln  -            161   2.7e-45  149.9   0.1   1   1   4.9e-47     3e-45  149.7   0.1    13   160     1   148     1   149 0.99 -
d1kt7a_b.60.1.1      -            175 d1qfta_b.60.1.1.aln  -            161   2.2e-44  146.9   0.1   1   1   4.1e-46   2.5e-44  146.8   0.1     1   158     6   174     6   175 0.99 -
d1kxoa_b.60.1.1      -            171 d1qfta_b.60.1.1.aln  -            161   4.6e-43  142.6   0.7   1   1   8.5e-45   5.2e-43  142.5   0.7     1   159     8   171     8   171 0.98 -
d1dzka_b.60.1.1      -            148 d1qfta_b.60.1.1.aln  -            161   1.8e-40  134.2   0.2   1   1   3.2e-42   1.9e-40  134.1   0.2    14   159     2   147     1   148 0.99 -
d1epba_b.60.1.1      -            160 d1qfta_b.60.1.1.aln  -            161   3.1e-36  120.4   0.1   1   1   5.7e-38   3.4e-36  120.3   0.1     7   160     1   154     1   155 0.98 -
d1lf7a_b.60.1.1      -            171 d1qfta_b.60.1.1.aln  -            161     5e-33  110.0   0.0   1   1   9.3e-35   5.6e-33  109.8   0.0     2   159     5   160     4   162 0.95 -
d1i4ua_b.60.1.1      -            181 d1qfta_b.60.1.1.aln  -            161   1.4e-29   98.8   0.3   1   1   2.6e-31   1.6e-29   98.6   0.3     7   160    23   175    12   176 0.88 -
d1x8qa_b.60.1.1      -            184 d1qfta_b.60.1.1.aln  -            161   2.5e-28   94.7   4.6   1   1   4.7e-30   2.8e-28   94.6   4.6     5   160     9   179     1   180 0.94 -
d1qwda_b.60.1.1      -            167 d1qfta_b.60.1.1.aln  -            161     8e-28   93.1   0.0   1   1   1.5e-29   9.1e-28   92.9   0.0     4   154    19   166    11   167 0.94 -
d1xkia_b.60.1.1      -            139 d1qfta_b.60.1.1.aln  -            161   1.8e-27   91.9   0.0   1   1   3.2e-29     2e-27   91.8   0.0    15   154     2   138     1   139 0.97 -
d2joza1b.60.1.1      -            126 d1qfta_b.60.1.1.aln  -            161   4.2e-12   42.0   0.1   1   1   1.2e-13   7.1e-12   41.2   0.1    14   159     2   125     1   126 0.97 -
#
# Program:         hmmsearch
# Version:         3.3.2 (Nov 2020)
# Pipeline mode:   SEARCH
# Query file:      /home/elise/Documents/M1-BIM/S2/TMEs/SBAS/tme08/models/d1qfta_b.60.1.1.aln.hmm
# Target file:     /home/elise/Documents/M1-BIM/S2/TMEs/SBAS/tme08/scop/scop/scopTestSeq.fasta
# Option settings: hmmsearch --domtblout /home/elise/Documents/M1-BIM/S2/TMEs/SBAS/tme08/searchResults/d1qfta_b.60.1.1.aln.out -E 1 /home/elise/Documents/M1-BIM/S2/TMEs/SBAS/tme08/models/d1qfta_b.60.1.1.aln.hmm /home/elise/Documents/M1-BIM/S2/TMEs/SBAS/tme08/scop/scop/scopTestSeq.fasta 
# Current dir:     /home/elise/Documents/M1-BIM/S2/TMEs/SBAS/tme08
# Date:            Tue Apr  1 17:30:40 2025
# [ok]
