#                                                                            --- full sequence --- -------------- this domain -------------   hmm coord   ali coord   env coord
# target name        accession   tlen query name           accession   qlen   E-value  score  bias   #  of  c-Evalue  i-Evalue  score  bias  from    to  from    to  from    to  acc description of target
#------------------- ---------- ----- -------------------- ---------- ----- --------- ------ ----- --- --- --------- --------- ------ ----- ----- ----- ----- ----- ----- ----- ---- ---------------------
d2g82a1c.2.1.3       -            169 d1qkia1c.2.1.3.aln   -            239   3.7e-51  169.7   1.0   1   1   1.3e-52   4.1e-51  169.5   1.0    17   192     1   168     1   169 0.98 -
d1p1ja1c.2.1.3       -            411 d1qkia1c.2.1.3.aln   -            239   2.8e-47  157.0   0.0   1   1   1.6e-48   4.8e-47  156.2   0.0     1   239    40   381    40   381 0.99 -
d2nvwa1c.2.1.3       -            238 d1qkia1c.2.1.3.aln   -            239   8.6e-39  129.2   0.0   1   1   3.2e-40   9.7e-39  129.0   0.0     1   225     1   238     1   238 0.99 -
d3cina1c.2.1.3       -            276 d1qkia1c.2.1.3.aln   -            239   6.1e-37  123.1   0.4   1   1   2.3e-38   6.9e-37  123.0   0.4    15   239     1   276     1   276 0.98 -
d1h6da1c.2.1.3       -            222 d1qkia1c.2.1.3.aln   -            239     1e-34  115.8   0.1   1   1     4e-36   1.2e-34  115.6   0.1     1   228    16   222    16   222 0.99 -
d1gr0a1c.2.1.3       -            244 d1qkia1c.2.1.3.aln   -            239   1.7e-34  115.1   4.7   1   1   6.4e-36   1.9e-34  115.0   4.7    16   231     2   244     1   244 0.97 -
d1cf2o1c.2.1.3       -            172 d1qkia1c.2.1.3.aln   -            239   1.3e-29   99.2   1.8   1   1   4.6e-31   1.4e-29   99.1   1.8    16   188     1   171     1   172 0.98 -
d1ydwa1c.2.1.3       -            185 d1qkia1c.2.1.3.aln   -            239   5.2e-28   93.9   0.0   1   1   1.9e-29   5.7e-28   93.8   0.0    16   195     1   184     1   185 0.98 -
d1tlta1c.2.1.3       -            165 d1qkia1c.2.1.3.aln   -            239   4.3e-26   87.6   0.0   1   1   1.7e-27   5.1e-26   87.4   0.0    16   190     1   163     1   164 0.98 -
d1t4ba1c.2.1.3       -            147 d1qkia1c.2.1.3.aln   -            239   2.8e-24   81.7   0.0   1   1   1.1e-25   3.2e-24   81.5   0.0    15   180     1   145     1   146 0.98 -
d1vkna1c.2.1.3       -            177 d1qkia1c.2.1.3.aln   -            239   5.6e-24   80.7   0.0   1   1     2e-25   6.2e-24   80.6   0.0    15   194     1   176     1   177 0.95 -
d1f06a1c.2.1.3       -            171 d1qkia1c.2.1.3.aln   -            239   2.1e-23   78.8   0.1   1   1   7.6e-25   2.3e-23   78.7   0.1    15   187     2   167     1   170 0.98 -
d1h9aa1c.2.1.3       -            196 d1qkia1c.2.1.3.aln   -            239   5.5e-23   77.5   0.1   1   1     2e-24     6e-23   77.3   0.1    16   200     3   196     1   196 0.99 -
d1xeaa1c.2.1.3       -            168 d1qkia1c.2.1.3.aln   -            239   6.5e-23   77.2   0.0   1   1   2.3e-24   7.1e-23   77.1   0.0    17   195     2   167     1   168 0.98 -
d1q0qa2c.2.1.3       -            152 d1qkia1c.2.1.3.aln   -            239   1.7e-22   75.9   0.0   1   1   6.1e-24   1.9e-22   75.7   0.0    15   185     1   151     1   152 0.97 -
d1lc0a1c.2.1.3       -            173 d1qkia1c.2.1.3.aln   -            239   2.1e-21   72.3   0.0   1   1   7.6e-23   2.3e-21   72.1   0.0    10   191     1   172     1   173 0.97 -
d1ebfa1c.2.1.3       -            169 d1qkia1c.2.1.3.aln   -            239   1.8e-20   69.2   0.4   1   1   6.6e-22     2e-20   69.1   0.4    14   188     2   168     1   169 0.97 -
d1nvmb1c.2.1.3       -            158 d1qkia1c.2.1.3.aln   -            239   8.4e-20   67.0   0.5   1   1     3e-21   9.2e-20   66.9   0.5    13   183     1   156     1   158 0.97 -
d1zh8a1c.2.1.3       -            182 d1qkia1c.2.1.3.aln   -            239   1.1e-19   66.7   0.0   1   1   3.9e-21   1.2e-19   66.5   0.0    15   184     2   175     1   181 0.97 -
d1e5qa1c.2.1.3       -            183 d1qkia1c.2.1.3.aln   -            239   6.8e-19   64.1   0.8   1   1   2.4e-20   7.4e-19   63.9   0.8    17   194     3   182     1   183 0.98 -
d1drua1c.2.1.3       -            161 d1qkia1c.2.1.3.aln   -            239   1.8e-17   59.4   0.6   1   1   6.5e-19     2e-17   59.3   0.6    19   187     3   160     1   161 0.94 -
d1yl7a1c.2.1.3       -            136 d1qkia1c.2.1.3.aln   -            239     9e-12   40.7   0.1   1   1   3.9e-13   1.2e-11   40.4   0.1    17   154     1   112     1   135 0.91 -
d1j5pa4c.2.1.3       -            133 d1qkia1c.2.1.3.aln   -            239   1.6e-09   33.4   0.0   1   1   6.1e-11   1.9e-09   33.2   0.0    15   169     1   117     1   132 0.88 -
d1vm6a3c.2.1.3       -            129 d1qkia1c.2.1.3.aln   -            239   2.1e-07   26.4   0.2   1   1     1e-08   3.2e-07   25.9   0.2    64   171    21   118     2   128 0.84 -
d2f1ka2c.2.1.6       -            165 d1qkia1c.2.1.3.aln   -            239   0.00098   14.4   0.0   1   1   4.6e-05    0.0014   13.9   0.0    17   136     1   102     1   106 0.70 -
d1piwa2c.2.1.1       -            168 d1qkia1c.2.1.3.aln   -            239    0.0015   13.9   0.1   1   1   6.6e-05     0.002   13.4   0.1    17    92    29   100    27   107 0.83 -
#
# Program:         hmmsearch
# Version:         3.3.2 (Nov 2020)
# Pipeline mode:   SEARCH
# Query file:      /home/elise/Documents/M1-BIM/S2/TMEs/SBAS/tme08/models/d1qkia1c.2.1.3.aln.hmm
# Target file:     /home/elise/Documents/M1-BIM/S2/TMEs/SBAS/tme08/scop/scop/scopTestSeq.fasta
# Option settings: hmmsearch --domtblout /home/elise/Documents/M1-BIM/S2/TMEs/SBAS/tme08/searchResults/d1qkia1c.2.1.3.aln.out -E 1 /home/elise/Documents/M1-BIM/S2/TMEs/SBAS/tme08/models/d1qkia1c.2.1.3.aln.hmm /home/elise/Documents/M1-BIM/S2/TMEs/SBAS/tme08/scop/scop/scopTestSeq.fasta 
# Current dir:     /home/elise/Documents/M1-BIM/S2/TMEs/SBAS/tme08
# Date:            Tue Apr  1 17:30:40 2025
# [ok]
