#                                                                            --- full sequence --- -------------- this domain -------------   hmm coord   ali coord   env coord
# target name        accession   tlen query name           accession   qlen   E-value  score  bias   #  of  c-Evalue  i-Evalue  score  bias  from    to  from    to  from    to  acc description of target
#------------------- ---------- ----- -------------------- ---------- ----- --------- ------ ----- --- --- --------- --------- ------ ----- ----- ----- ----- ----- ----- ----- ---- ---------------------
d2i4aa_c.47.1.1      -            107 d1r26a_c.47.1.1.aln  -            110   3.6e-34  112.5   0.0   1   1   7.7e-36   3.8e-34  112.5   0.0     4   107     2   105     1   107 0.96 -
d1sena_c.47.1.1      -            135 d1r26a_c.47.1.1.aln  -            110   1.6e-21   71.8   0.0   1   1   3.8e-23   1.8e-21   71.6   0.0     3   108     6   118     4   120 0.96 -
d1zmaa1c.47.1.1      -            115 d1r26a_c.47.1.1.aln  -            110   1.1e-20   69.2   0.0   1   1   2.4e-22   1.2e-20   69.0   0.0     4   106    11   114     8   115 0.96 -
d2fwha_c.47.1.1      -            117 d1r26a_c.47.1.1.aln  -            110   6.2e-17   57.0   0.1   1   1   1.6e-18   7.7e-17   56.7   0.1     3   107     3   116     1   117 0.89 -
d1r26a_c.47.1.1      -            113 d1r26a_c.47.1.1.aln  -            110   9.5e-17   56.5   0.0   1   1   2.4e-18   1.2e-16   56.1   0.0    13   103    17   106    13   109 0.95 -
d1z6na1c.47.1.1      -            166 d1r26a_c.47.1.1.aln  -            110     2e-16   55.4   0.0   1   1     5e-18   2.5e-16   55.1   0.0     2   109    37   153    36   154 0.95 -
d1wjka_c.47.1.1      -            100 d1r26a_c.47.1.1.aln  -            110   5.8e-16   53.9   0.0   1   1   1.4e-17   6.7e-16   53.7   0.0    10   105     3    95     1    99 0.95 -
d1abaa_c.47.1.1      -             87 d1r26a_c.47.1.1.aln  -            110   8.6e-14   46.9   0.0   1   1   1.9e-15   9.4e-14   46.8   0.0    22   101     2    85     1    87 0.91 -
d1iloa_c.47.1.1      -             77 d1r26a_c.47.1.1.aln  -            110   6.6e-12   40.9   0.1   1   1   1.5e-13   7.5e-12   40.7   0.1    25   103     2    73     1    76 0.91 -
d2hzfa_c.47.1.0      -            110 d1r26a_c.47.1.1.aln  -            110   2.3e-11   39.1   0.0   1   1   5.4e-13   2.7e-11   38.9   0.0     8    98     3    89     1    96 0.94 -
d3qmxa_c.47.1.0      -             99 d1r26a_c.47.1.1.aln  -            110   1.8e-10   36.3   0.0   1   1   4.6e-12   2.3e-10   35.9   0.0    18   107    13    93     4    95 0.82 -
d3gnja_c.47.1.0      -            111 d1r26a_c.47.1.1.aln  -            110   6.5e-09   31.2   0.1   1   1   1.6e-10     8e-09   30.9   0.1    11    91    11    91     4   108 0.81 -
d1ttza_c.47.1.1      -             75 d1r26a_c.47.1.1.aln  -            110     8e-07   24.5   0.0   1   1   1.9e-08   9.3e-07   24.3   0.0    23   104     2    73     1    74 0.88 -
d2wcia_c.47.1.0      -            113 d1r26a_c.47.1.1.aln  -            110     4e-06   22.3   0.0   1   1   1.1e-07   5.2e-06   21.9   0.0    22   107    18    96     3    99 0.83 -
d3feua_c.47.1.0      -            183 d1r26a_c.47.1.1.aln  -            110     7e-05   18.3   0.0   1   2     0.075       3.7    3.0   0.0    30    50    28    48    17    53 0.83 -
d3feua_c.47.1.0      -            183 d1r26a_c.47.1.1.aln  -            110     7e-05   18.3   0.0   2   2   6.2e-05    0.0031   13.0   0.0    57    88   133   162   123   181 0.69 -
d3h93a_c.47.1.0      -            192 d1r26a_c.47.1.1.aln  -            110    0.0047   12.4   0.1   1   2       1.8        88   -1.4   0.0    33    59    36    62    23    64 0.77 -
d3h93a_c.47.1.0      -            192 d1r26a_c.47.1.1.aln  -            110    0.0047   12.4   0.1   2   2   0.00033     0.016   10.6   0.0    58    85   134   161   108   180 0.80 -
#
# Program:         hmmsearch
# Version:         3.3.2 (Nov 2020)
# Pipeline mode:   SEARCH
# Query file:      /home/elise/Documents/M1-BIM/S2/TMEs/SBAS/tme08/models/d1r26a_c.47.1.1.aln.hmm
# Target file:     /home/elise/Documents/M1-BIM/S2/TMEs/SBAS/tme08/scop/scop/scopTestSeq.fasta
# Option settings: hmmsearch --domtblout /home/elise/Documents/M1-BIM/S2/TMEs/SBAS/tme08/searchResults/d1r26a_c.47.1.1.aln.out -E 1 /home/elise/Documents/M1-BIM/S2/TMEs/SBAS/tme08/models/d1r26a_c.47.1.1.aln.hmm /home/elise/Documents/M1-BIM/S2/TMEs/SBAS/tme08/scop/scop/scopTestSeq.fasta 
# Current dir:     /home/elise/Documents/M1-BIM/S2/TMEs/SBAS/tme08
# Date:            Tue Apr  1 17:30:41 2025
# [ok]
