#                                                                            --- full sequence --- -------------- this domain -------------   hmm coord   ali coord   env coord
# target name        accession   tlen query name           accession   qlen   E-value  score  bias   #  of  c-Evalue  i-Evalue  score  bias  from    to  from    to  from    to  acc description of target
#------------------- ---------- ----- -------------------- ---------- ----- --------- ------ ----- --- --- --------- --------- ------ ----- ----- ----- ----- ----- ----- ----- ---- ---------------------
d1wuea2d.54.1.1      -            126 d1r6wa2d.54.1.1.aln  -            130   2.7e-38  126.8   0.0   1   1   3.8e-40     3e-38  126.7   0.0     1   129     1   125     1   126 0.98 -
d2akza2d.54.1.1      -            139 d1r6wa2d.54.1.1.aln  -            130   7.4e-37  122.2   0.0   1   1     1e-38   8.2e-37  122.0   0.0     3   129     2   134     1   135 0.99 -
d1r0ma2d.54.1.1      -            127 d1r6wa2d.54.1.1.aln  -            130   1.4e-31  105.1   0.0   1   1     2e-33   1.6e-31  104.9   0.0     1   130     3   127     3   127 0.98 -
d1sjda2d.54.1.1      -            125 d1r6wa2d.54.1.1.aln  -            130   2.5e-31  104.3   0.0   1   1   3.6e-33   2.8e-31  104.1   0.0     1   129     1   124     1   125 0.95 -
d2mnra2d.54.1.1      -            130 d1r6wa2d.54.1.1.aln  -            130   5.1e-31  103.3   0.4   1   1   7.2e-33   5.6e-31  103.1   0.4     2   129     3   126     2   127 0.98 -
d2gdqa2d.54.1.1      -            115 d1r6wa2d.54.1.1.aln  -            130   2.7e-30  100.9   0.0   1   1   4.1e-32   3.3e-30  100.7   0.0     1   130     1   115     1   115 0.98 -
d1yeya2d.54.1.1      -            139 d1r6wa2d.54.1.1.aln  -            130   1.7e-29   98.4   0.2   1   1   2.3e-31   1.8e-29   98.3   0.2     2   130     2   137     1   137 0.99 -
d1kkoa2d.54.1.1      -            160 d1r6wa2d.54.1.1.aln  -            130   5.4e-29   96.7   0.0   1   1   7.9e-31   6.2e-29   96.5   0.0     1   129    15   155    15   156 0.98 -
d2gl5a2d.54.1.1      -            122 d1r6wa2d.54.1.1.aln  -            130   2.1e-26   88.4   0.0   1   1     3e-28   2.4e-26   88.2   0.0     2   130     2   122     1   122 0.98 -
d1jpdx2d.54.1.1      -            116 d1r6wa2d.54.1.1.aln  -            130   3.4e-25   84.5   0.0   1   1   4.8e-27   3.8e-25   84.3   0.0     2   129     3   115     2   116 0.95 -
#
# Program:         hmmsearch
# Version:         3.3.2 (Nov 2020)
# Pipeline mode:   SEARCH
# Query file:      /home/elise/Documents/M1-BIM/S2/TMEs/SBAS/tme08/models/d1r6wa2d.54.1.1.aln.hmm
# Target file:     /home/elise/Documents/M1-BIM/S2/TMEs/SBAS/tme08/scop/scop/scopTestSeq.fasta
# Option settings: hmmsearch --domtblout /home/elise/Documents/M1-BIM/S2/TMEs/SBAS/tme08/searchResults/d1r6wa2d.54.1.1.aln.out -E 1 /home/elise/Documents/M1-BIM/S2/TMEs/SBAS/tme08/models/d1r6wa2d.54.1.1.aln.hmm /home/elise/Documents/M1-BIM/S2/TMEs/SBAS/tme08/scop/scop/scopTestSeq.fasta 
# Current dir:     /home/elise/Documents/M1-BIM/S2/TMEs/SBAS/tme08
# Date:            Tue Apr  1 17:30:41 2025
# [ok]
