#                                                                            --- full sequence --- -------------- this domain -------------   hmm coord   ali coord   env coord
# target name        accession   tlen query name           accession   qlen   E-value  score  bias   #  of  c-Evalue  i-Evalue  score  bias  from    to  from    to  from    to  acc description of target
#------------------- ---------- ----- -------------------- ---------- ----- --------- ------ ----- --- --- --------- --------- ------ ----- ----- ----- ----- ----- ----- ----- ---- ---------------------
d3bmva3b.71.1.1      -             89 d1r7aa1b.71.1.1.aln  -             87   2.6e-21   71.3   5.1   1   1   8.1e-23   2.9e-21   71.1   5.1     1    86     1    86     1    87 0.99 -
d1e43a1b.71.1.1      -             90 d1r7aa1b.71.1.1.aln  -             87   5.4e-21   70.3   1.9   1   1   1.7e-22   5.9e-21   70.1   1.9     1    86     4    89     4    90 0.98 -
d2guya1b.71.1.1      -             95 d1r7aa1b.71.1.1.aln  -             87   1.1e-19   66.1   0.4   1   1   3.4e-21   1.2e-19   66.0   0.4     4    87     3    86     1    86 0.97 -
d1uasa1b.71.1.1      -             89 d1r7aa1b.71.1.1.aln  -             87   1.4e-15   52.9   0.4   1   1   4.2e-17   1.5e-15   52.9   0.4     2    86     2    87     1    88 0.94 -
d1ea9c2b.71.1.1      -             80 d1r7aa1b.71.1.1.aln  -             87   5.1e-15   51.2   0.0   1   1   1.5e-16   5.4e-15   51.1   0.0     3    80     2    79     1    80 0.97 -
d1ji1a2b.71.1.1      -             83 d1r7aa1b.71.1.1.aln  -             87   1.9e-14   49.3   3.0   1   1   5.7e-16     2e-14   49.3   3.0     3    82     2    81     1    83 0.96 -
d1bf2a2b.71.1.1      -            113 d1r7aa1b.71.1.1.aln  -             87   3.8e-14   48.4   6.0   1   1   1.3e-15   4.6e-14   48.1   6.0     4    86    18   104    15   105 0.97 -
d1szna1b.71.1.1      -            103 d1r7aa1b.71.1.1.aln  -             87   1.6e-13   46.4   0.2   1   1   5.3e-15   1.9e-13   46.2   0.2     2    86    13    97    12    98 0.97 -
d1m7xa2b.71.1.1      -            106 d1r7aa1b.71.1.1.aln  -             87   2.3e-13   45.9   0.0   1   1   7.2e-15   2.6e-13   45.7   0.0     2    85     4    87     3    89 0.96 -
d1h3ga2b.71.1.1      -             83 d1r7aa1b.71.1.1.aln  -             87   9.6e-12   40.7   0.0   1   1   2.7e-13   9.7e-12   40.7   0.0     5    80     2    77     1    83 0.92 -
d1g5aa1b.71.1.1      -             74 d1r7aa1b.71.1.1.aln  -             87   4.3e-11   38.6   0.0   1   1   1.3e-12   4.5e-11   38.6   0.0     6    78     4    73     1    74 0.97 -
d1j0ha2b.71.1.1      -             83 d1r7aa1b.71.1.1.aln  -             87   7.2e-11   37.9   0.0   1   1     2e-12   7.3e-11   37.9   0.0     4    77     4    74     1    81 0.93 -
d1wzaa1b.71.1.1      -             79 d1r7aa1b.71.1.1.aln  -             87     2e-10   36.5   0.1   1   1   5.6e-12     2e-10   36.5   0.1     6    77     4    75     1    79 0.93 -
d1mxga1b.71.1.1      -             74 d1r7aa1b.71.1.1.aln  -             87   3.4e-10   35.8   1.7   1   1     1e-11   3.6e-10   35.7   1.7     4    74     4    74     1    74 0.97 -
d1ua7a1b.71.1.1      -             78 d1r7aa1b.71.1.1.aln  -             87   3.2e-08   29.5   0.3   1   1   9.1e-10   3.2e-08   29.4   0.3     6    74     7    75     2    78 0.93 -
d2fhfa4b.71.1.1      -            118 d1r7aa1b.71.1.1.aln  -             87   5.5e-08   28.7   0.1   1   1   1.9e-09   6.7e-08   28.4   0.1    20    85    37   102    15   104 0.92 -
d1gjwa1b.71.1.1      -             64 d1r7aa1b.71.1.1.aln  -             87   3.1e-07   26.3   0.0   1   1   9.4e-09   3.4e-07   26.2   0.0     8    66     5    63     2    64 0.94 -
d1ht6a1b.71.1.1      -             57 d1r7aa1b.71.1.1.aln  -             87   8.8e-07   24.9   0.1   1   1   2.6e-08   9.3e-07   24.8   0.1    15    66     5    56     2    57 0.94 -
d2bhua2b.71.1.1      -             72 d1r7aa1b.71.1.1.aln  -             87     2e-06   23.7   0.0   1   1   5.9e-08   2.1e-06   23.7   0.0     3    72     1    70     1    72 0.94 -
d1lwha1b.71.1.1      -             50 d1r7aa1b.71.1.1.aln  -             87   1.2e-05   21.2   0.0   1   1   3.4e-07   1.2e-05   21.2   0.0     4    49     2    47     1    50 0.91 -
d1gcya1b.71.1.1      -             61 d1r7aa1b.71.1.1.aln  -             87   5.3e-05   19.2   0.6   1   1   1.5e-06   5.5e-05   19.1   0.6    11    69     3    60     1    61 0.95 -
d1kwga1b.71.1.1      -             54 d1r7aa1b.71.1.1.aln  -             87   0.00079   15.4   0.0   1   1   2.5e-05   0.00091   15.2   0.0    16    59    10    49     3    53 0.87 -
#
# Program:         hmmsearch
# Version:         3.3.2 (Nov 2020)
# Pipeline mode:   SEARCH
# Query file:      /home/elise/Documents/M1-BIM/S2/TMEs/SBAS/tme08/models/d1r7aa1b.71.1.1.aln.hmm
# Target file:     /home/elise/Documents/M1-BIM/S2/TMEs/SBAS/tme08/scop/scop/scopTestSeq.fasta
# Option settings: hmmsearch --domtblout /home/elise/Documents/M1-BIM/S2/TMEs/SBAS/tme08/searchResults/d1r7aa1b.71.1.1.aln.out -E 1 /home/elise/Documents/M1-BIM/S2/TMEs/SBAS/tme08/models/d1r7aa1b.71.1.1.aln.hmm /home/elise/Documents/M1-BIM/S2/TMEs/SBAS/tme08/scop/scop/scopTestSeq.fasta 
# Current dir:     /home/elise/Documents/M1-BIM/S2/TMEs/SBAS/tme08
# Date:            Tue Apr  1 17:30:41 2025
# [ok]
