#                                                                            --- full sequence --- -------------- this domain -------------   hmm coord   ali coord   env coord
# target name        accession   tlen query name           accession   qlen   E-value  score  bias   #  of  c-Evalue  i-Evalue  score  bias  from    to  from    to  from    to  acc description of target
#------------------- ---------- ----- -------------------- ---------- ----- --------- ------ ----- --- --- --------- --------- ------ ----- ----- ----- ----- ----- ----- ----- ---- ---------------------
d1fnoa4c.56.5.4      -            296 d1rtqa_c.56.5.4.aln  -            274   2.2e-80  265.4   0.0   1   1   3.1e-82   2.4e-80  265.3   0.0     2   273     2   295     1   296 0.99 -
d1y0ya3c.56.5.4      -            256 d1rtqa_c.56.5.4.aln  -            274   1.1e-78  259.9   2.0   1   1   1.5e-80   1.2e-78  259.7   2.0    14   272     2   255     1   256 0.99 -
d1r3na1c.56.5.4      -            323 d1rtqa_c.56.5.4.aln  -            274   6.8e-72  237.6   0.0   1   1   9.7e-74   7.6e-72  237.4   0.0     2   273     6   317     5   318 0.99 -
d1z2la1c.56.5.4      -            294 d1rtqa_c.56.5.4.aln  -            274   1.7e-70  233.0   0.0   1   1   2.4e-72   1.9e-70  232.8   0.0     2   274     5   294     4   294 0.99 -
d1cg2a1c.56.5.4      -            277 d1rtqa_c.56.5.4.aln  -            274   1.9e-68  226.3   0.3   1   1   2.7e-70   2.1e-68  226.1   0.3     2   271     5   275     4   277 0.99 -
d1tkja_c.56.5.4      -            277 d1rtqa_c.56.5.4.aln  -            274   1.3e-67  223.6   0.0   1   1   1.8e-69   1.4e-67  223.4   0.0     2   271     5   276     4   277 0.99 -
d1vgya1c.56.5.4      -            263 d1rtqa_c.56.5.4.aln  -            274   2.2e-67  222.8   0.0   1   1   3.1e-69   2.4e-67  222.6   0.0    11   271     1   263     1   263 0.99 -
d1lfwa1c.56.5.4      -            273 d1rtqa_c.56.5.4.aln  -            274   1.3e-63  210.4   0.1   1   1   1.8e-65   1.4e-63  210.3   0.1     1   273     2   272     2   273 0.99 -
d1y7ea2c.56.5.4      -            323 d1rtqa_c.56.5.4.aln  -            274   3.1e-62  205.9   0.1   1   1   4.4e-64   3.5e-62  205.7   0.1     2   273    12   318    11   319 0.99 -
d2grea2c.56.5.4      -            234 d1rtqa_c.56.5.4.aln  -            274   1.2e-56  187.6   1.2   1   1   1.7e-58   1.3e-56  187.4   1.2    10   271     1   233     1   234 0.99 -
#
# Program:         hmmsearch
# Version:         3.3.2 (Nov 2020)
# Pipeline mode:   SEARCH
# Query file:      /home/elise/Documents/M1-BIM/S2/TMEs/SBAS/tme08/models/d1rtqa_c.56.5.4.aln.hmm
# Target file:     /home/elise/Documents/M1-BIM/S2/TMEs/SBAS/tme08/scop/scop/scopTestSeq.fasta
# Option settings: hmmsearch --domtblout /home/elise/Documents/M1-BIM/S2/TMEs/SBAS/tme08/searchResults/d1rtqa_c.56.5.4.aln.out -E 1 /home/elise/Documents/M1-BIM/S2/TMEs/SBAS/tme08/models/d1rtqa_c.56.5.4.aln.hmm /home/elise/Documents/M1-BIM/S2/TMEs/SBAS/tme08/scop/scop/scopTestSeq.fasta 
# Current dir:     /home/elise/Documents/M1-BIM/S2/TMEs/SBAS/tme08
# Date:            Tue Apr  1 17:30:42 2025
# [ok]
