#                                                                            --- full sequence --- -------------- this domain -------------   hmm coord   ali coord   env coord
# target name        accession   tlen query name           accession   qlen   E-value  score  bias   #  of  c-Evalue  i-Evalue  score  bias  from    to  from    to  from    to  acc description of target
#------------------- ---------- ----- -------------------- ---------- ----- --------- ------ ----- --- --- --------- --------- ------ ----- ----- ----- ----- ----- ----- ----- ---- ---------------------
d2iida1c.3.1.2       -            371 d1ryia1c.3.1.2.aln   -            352  7.1e-100  329.7   0.0   1   1  2.3e-101    8e-100  329.6   0.0     1   349    27   369    27   371 0.99 -
d1n4wa1c.3.1.2       -            368 d1ryia1c.3.1.2.aln   -            352     9e-91  299.8   0.6   1   1   2.9e-92     1e-90  299.6   0.6     2   349    16   366    15   368 0.99 -
d1b5qa1c.3.1.2       -            348 d1ryia1c.3.1.2.aln   -            352   2.2e-86  285.4   0.2   1   1   7.2e-88   2.5e-86  285.2   0.2     6   351     2   345     1   346 0.99 -
d1kdga1c.3.1.2       -            361 d1ryia1c.3.1.2.aln   -            352   6.2e-85  280.6   0.0   1   1     2e-86   6.9e-85  280.4   0.0     3   350     1   359     1   361 0.99 -
d2dw4a2c.3.1.2       -            450 d1ryia1c.3.1.2.aln   -            352   1.3e-83  276.3   0.0   1   2   9.2e-85   3.2e-83  275.0   0.0     2   351     3   394     2   395 0.99 -
d2dw4a2c.3.1.2       -            450 d1ryia1c.3.1.2.aln   -            352   1.3e-83  276.3   0.0   2   2      0.98        34   -1.4   0.0   311   347   410   446   408   448 0.90 -
d2f5va1c.3.1.2       -            380 d1ryia1c.3.1.2.aln   -            352   3.8e-81  268.2   0.1   1   1   2.5e-82   8.6e-81  267.0   0.1     2   351    16   376     4   377 0.99 -
d2gmha1c.3.1.2       -            381 d1ryia1c.3.1.2.aln   -            352   3.3e-79  261.8   0.0   1   1   1.1e-80   3.7e-79  261.6   0.0     2   351    16   377    15   378 0.99 -
d1pn0a1c.3.1.2       -            361 d1ryia1c.3.1.2.aln   -            352   1.1e-77  256.7   0.0   1   1   3.6e-79   1.2e-77  256.6   0.0     2   349     5   361     4   361 0.99 -
d1seza1c.3.1.2       -            374 d1ryia1c.3.1.2.aln   -            352   2.4e-76  252.3   0.0   1   1   7.9e-78   2.7e-76  252.2   0.0     4   351     1   362     1   363 0.99 -
d1ju2a1c.3.1.2       -            352 d1ryia1c.3.1.2.aln   -            352   8.5e-69  227.5   0.5   1   1   2.9e-70   9.8e-69  227.3   0.5     2   351    25   350    24   351 0.99 -
d2ivda1c.3.1.2       -            348 d1ryia1c.3.1.2.aln   -            352   8.2e-64  211.1   1.1   1   1   2.7e-65   9.1e-64  211.0   1.1     5   342     1   347     1   348 0.99 -
d1pj5a2c.3.1.2       -            306 d1ryia1c.3.1.2.aln   -            352   5.7e-58  191.9   0.2   1   1   1.8e-59   6.3e-58  191.8   0.2     4   337     1   304     1   306 0.99 -
d1k0ia1c.3.1.2       -            293 d1ryia1c.3.1.2.aln   -            352   8.4e-58  191.4   0.0   1   1   3.6e-59   1.2e-57  190.8   0.0     4   333     2   289     1   293 0.98 -
d2gf3a1c.3.1.2       -            282 d1ryia1c.3.1.2.aln   -            352   2.8e-56  186.4   0.0   1   1   8.9e-58     3e-56  186.2   0.0     2   311     1   279     1   282 0.99 -
d3c96a1c.3.1.2       -            289 d1ryia1c.3.1.2.aln   -            352   1.6e-52  174.0   0.3   1   1   5.3e-54   1.8e-52  173.8   0.3     4   316     1   288     1   289 0.98 -
d2voua1c.3.1.2       -            266 d1ryia1c.3.1.2.aln   -            352   2.4e-51  170.1   0.9   1   1   1.3e-52   4.6e-51  169.2   0.9     2   317     2   266     1   266 0.99 -
d1nhpa2c.3.1.5       -            123 d1ryia1c.3.1.2.aln   -            352   0.00019   15.9   0.5   1   1   8.3e-06   0.00028   15.3   0.4     6    39    32    65    30    87 0.90 -
d1v59a2c.3.1.5       -            122 d1ryia1c.3.1.2.aln   -            352   0.00031   15.2   0.4   1   1   1.2e-05   0.00043   14.7   0.4     4    35    23    54    21   104 0.86 -
d2gv8a1c.3.1.5       -            336 d1ryia1c.3.1.2.aln   -            352   0.00056   14.3   0.0   1   2   3.1e-05    0.0011   13.4   0.0     6    41     6    43     2    71 0.80 -
d2gv8a1c.3.1.5       -            336 d1ryia1c.3.1.2.aln   -            352   0.00056   14.3   0.0   2   2       4.9   1.7e+02   -3.7   0.0   167   191    99   123    97   124 0.88 -
d1v59a1c.3.1.5       -            234 d1ryia1c.3.1.2.aln   -            352    0.0008   13.8   0.2   1   2   4.1e-05    0.0014   13.0   0.0     6    41     7    42     4    96 0.85 -
d1v59a1c.3.1.5       -            234 d1ryia1c.3.1.2.aln   -            352    0.0008   13.8   0.2   2   2       3.1   1.1e+02   -3.0   0.0     7    29   199   221   197   223 0.83 -
d1fl2a2c.3.1.5       -            126 d1ryia1c.3.1.2.aln   -            352    0.0036   11.7   0.8   1   2    0.0002     0.007   10.7   0.2     5    25    31    51    29    69 0.85 -
d1fl2a2c.3.1.5       -            126 d1ryia1c.3.1.2.aln   -            352    0.0036   11.7   0.8   2   2      0.97        33   -1.4   0.0    26    49    95   118    91   123 0.84 -
d1gpja2c.2.1.7       -            159 d1ryia1c.3.1.2.aln   -            352    0.0037   11.6   0.5   1   1   0.00016    0.0054   11.1   0.5     5    39    25    59    23    71 0.89 -
d1w4xa1c.3.1.5       -            299 d1ryia1c.3.1.2.aln   -            352    0.0041   11.5   0.1   1   1   0.00018    0.0063   10.9   0.1     6    41     9    44     7    58 0.91 -
#
# Program:         hmmsearch
# Version:         3.3.2 (Nov 2020)
# Pipeline mode:   SEARCH
# Query file:      /home/elise/Documents/M1-BIM/S2/TMEs/SBAS/tme08/models/d1ryia1c.3.1.2.aln.hmm
# Target file:     /home/elise/Documents/M1-BIM/S2/TMEs/SBAS/tme08/scop/scop/scopTestSeq.fasta
# Option settings: hmmsearch --domtblout /home/elise/Documents/M1-BIM/S2/TMEs/SBAS/tme08/searchResults/d1ryia1c.3.1.2.aln.out -E 1 /home/elise/Documents/M1-BIM/S2/TMEs/SBAS/tme08/models/d1ryia1c.3.1.2.aln.hmm /home/elise/Documents/M1-BIM/S2/TMEs/SBAS/tme08/scop/scop/scopTestSeq.fasta 
# Current dir:     /home/elise/Documents/M1-BIM/S2/TMEs/SBAS/tme08
# Date:            Tue Apr  1 17:30:42 2025
# [ok]
