#                                                                            --- full sequence --- -------------- this domain -------------   hmm coord   ali coord   env coord
# target name        accession   tlen query name           accession   qlen   E-value  score  bias   #  of  c-Evalue  i-Evalue  score  bias  from    to  from    to  from    to  acc description of target
#------------------- ---------- ----- -------------------- ---------- ----- --------- ------ ----- --- --- --------- --------- ------ ----- ----- ----- ----- ----- ----- ----- ---- ---------------------
d2id6a1a.4.1.9       -             75 d1sgma1a.4.1.9.aln   -             74   2.4e-26   87.0   0.4   1   1   6.8e-28   2.5e-26   86.9   0.4     4    73     3    72     1    73 0.97 -
d1vi0a1a.4.1.9       -             72 d1sgma1a.4.1.9.aln   -             74   3.5e-26   86.4   0.1   1   1   9.8e-28   3.7e-26   86.4   0.1     5    73     2    70     1    71 0.96 -
d1ui5a1a.4.1.9       -             71 d1sgma1a.4.1.9.aln   -             74   9.2e-24   78.7   1.5   1   1   2.6e-25   9.7e-24   78.6   1.5     2    68     3    69     2    71 0.92 -
d2i10a1a.4.1.9       -             69 d1sgma1a.4.1.9.aln   -             74   4.8e-23   76.4   0.0   1   1   1.3e-24   4.9e-23   76.4   0.0     8    71     4    67     1    69 0.95 -
d2gena1a.4.1.9       -             70 d1sgma1a.4.1.9.aln   -             74   8.8e-23   75.6   0.4   1   1   2.5e-24   9.3e-23   75.5   0.4     5    72     1    68     1    70 0.95 -
d1rkta1a.4.1.9       -             81 d1sgma1a.4.1.9.aln   -             74     1e-22   75.3   0.1   1   1   3.1e-24   1.1e-22   75.2   0.1     2    73     9    80     8    81 0.97 -
d1t56a1a.4.1.9       -             73 d1sgma1a.4.1.9.aln   -             74     5e-22   73.1   0.0   1   1   1.4e-23   5.2e-22   73.1   0.0     5    73     4    72     1    73 0.96 -
d2fd5a1a.4.1.9       -             76 d1sgma1a.4.1.9.aln   -             74   7.8e-22   72.5   0.1   1   1   2.4e-23   9.1e-22   72.3   0.1     1    69     4    72     4    75 0.96 -
d2gfna1a.4.1.9       -             77 d1sgma1a.4.1.9.aln   -             74     1e-21   72.1   0.4   1   1   2.9e-23   1.1e-21   72.0   0.4     2    72     4    74     3    76 0.96 -
d1t33a1a.4.1.9       -             88 d1sgma1a.4.1.9.aln   -             74   1.9e-21   71.3   1.2   1   1   5.7e-23   2.1e-21   71.1   1.2     2    73    10    80     9    81 0.96 -
d2oi8a1a.4.1.9       -             79 d1sgma1a.4.1.9.aln   -             74   2.6e-21   70.8   0.6   1   1   7.5e-23   2.8e-21   70.7   0.6     2    72     7    77     6    79 0.97 -
d2hyja1a.4.1.9       -             75 d1sgma1a.4.1.9.aln   -             74   2.9e-21   70.7   0.1   1   1   7.9e-23     3e-21   70.6   0.1     2    70     3    71     2    75 0.95 -
d2np5a1a.4.1.9       -             69 d1sgma1a.4.1.9.aln   -             74   5.3e-21   69.8   0.2   1   1   1.5e-22   5.5e-21   69.8   0.2     7    70     4    67     1    69 0.95 -
d2g7sa1a.4.1.9       -             74 d1sgma1a.4.1.9.aln   -             74   6.8e-21   69.5   0.0   1   1   1.9e-22   7.1e-21   69.4   0.0     2    72     2    72     1    74 0.95 -
d2np3a1a.4.1.9       -             65 d1sgma1a.4.1.9.aln   -             74   6.4e-20   66.4   0.2   1   1     2e-21   7.3e-20   66.2   0.2     9    71     1    61     1    64 0.89 -
d2iu5a1a.4.1.9       -             71 d1sgma1a.4.1.9.aln   -             74   1.2e-19   65.5   0.1   1   1   3.2e-21   1.2e-19   65.5   0.1     3    67     4    69     2    71 0.94 -
d1zk8a1a.4.1.9       -             72 d1sgma1a.4.1.9.aln   -             74   1.2e-18   62.3   0.1   1   1   3.8e-20   1.4e-18   62.1   0.1     5    72     4    71     2    72 0.97 -
d2o7ta1a.4.1.9       -             78 d1sgma1a.4.1.9.aln   -             74   1.4e-18   62.1   0.0   1   1   3.9e-20   1.5e-18   62.0   0.0     3    71     5    74     3    77 0.85 -
d2id3a1a.4.1.9       -             68 d1sgma1a.4.1.9.aln   -             74   1.8e-16   55.4   0.1   1   1   4.9e-18   1.9e-16   55.3   0.1     3    65     5    67     3    68 0.94 -
d2g7ga1a.4.1.9       -             65 d1sgma1a.4.1.9.aln   -             74   2.3e-16   55.0   0.1   1   1   6.4e-18   2.4e-16   54.9   0.1     5    69     2    64     1    65 0.96 -
d1sgma1a.4.1.9       -             73 d1sgma1a.4.1.9.aln   -             74   1.1e-12   43.2   0.0   1   1   3.3e-14   1.2e-12   43.0   0.0     5    64     3    63     1    72 0.88 -
#
# Program:         hmmsearch
# Version:         3.3.2 (Nov 2020)
# Pipeline mode:   SEARCH
# Query file:      /home/elise/Documents/M1-BIM/S2/TMEs/SBAS/tme08/models/d1sgma1a.4.1.9.aln.hmm
# Target file:     /home/elise/Documents/M1-BIM/S2/TMEs/SBAS/tme08/scop/scop/scopTestSeq.fasta
# Option settings: hmmsearch --domtblout /home/elise/Documents/M1-BIM/S2/TMEs/SBAS/tme08/searchResults/d1sgma1a.4.1.9.aln.out -E 1 /home/elise/Documents/M1-BIM/S2/TMEs/SBAS/tme08/models/d1sgma1a.4.1.9.aln.hmm /home/elise/Documents/M1-BIM/S2/TMEs/SBAS/tme08/scop/scop/scopTestSeq.fasta 
# Current dir:     /home/elise/Documents/M1-BIM/S2/TMEs/SBAS/tme08
# Date:            Tue Apr  1 17:30:42 2025
# [ok]
