#                                                                            --- full sequence --- -------------- this domain -------------   hmm coord   ali coord   env coord
# target name        accession   tlen query name           accession   qlen   E-value  score  bias   #  of  c-Evalue  i-Evalue  score  bias  from    to  from    to  from    to  acc description of target
#------------------- ---------- ----- -------------------- ---------- ----- --------- ------ ----- --- --- --------- --------- ------ ----- ----- ----- ----- ----- ----- ----- ---- ---------------------
d3f5oa_d.38.1.5      -            138 d1sh8a_d.38.1.5.aln  -            136   3.1e-48  158.4   0.9   1   1   6.5e-50   3.4e-48  158.2   0.9     2   135     5   137     4   138 0.98 -
d1vh5a_d.38.1.5      -            138 d1sh8a_d.38.1.5.aln  -            136   4.5e-47  154.6   0.0   1   1   9.4e-49   4.9e-47  154.5   0.0     1   135     4   137     4   138 0.99 -
d1q4ta_d.38.1.5      -            142 d1sh8a_d.38.1.5.aln  -            136   7.4e-44  144.2   0.7   1   1   1.5e-45     8e-44  144.1   0.7     5   134     8   137     4   139 0.97 -
d2hboa1d.38.1.5      -            142 d1sh8a_d.38.1.5.aln  -            136   1.2e-39  130.5   0.0   1   1   2.5e-41   1.3e-39  130.4   0.0     4   134     2   130     1   132 0.97 -
d1yoca1d.38.1.5      -            145 d1sh8a_d.38.1.5.aln  -            136   8.5e-39  127.8   0.0   1   1   1.8e-40   9.6e-39  127.6   0.0     2   135    10   143     9   144 0.98 -
d1t82a_d.38.1.5      -            143 d1sh8a_d.38.1.5.aln  -            136   4.6e-38  125.4   0.0   1   1   9.7e-40   5.1e-38  125.3   0.0     1   134     1   136     1   138 0.98 -
d1wlua_d.38.1.5      -            117 d1sh8a_d.38.1.5.aln  -            136   8.5e-38  124.5   0.2   1   1   1.8e-39   9.3e-38  124.4   0.2    14   134     1   116     1   117 0.98 -
d2ov9a1d.38.1.5      -            203 d1sh8a_d.38.1.5.aln  -            136   1.4e-34  114.1   0.0   1   1   3.4e-36   1.8e-34  113.8   0.0     1   134    73   203    73   203 0.98 -
d1ixla_d.38.1.5      -            130 d1sh8a_d.38.1.5.aln  -            136   4.9e-32  105.9   0.1   1   1     1e-33   5.4e-32  105.8   0.1     7   134     2   130     1   130 0.98 -
d2f41a1d.38.1.5      -            111 d1sh8a_d.38.1.5.aln  -            136   1.3e-29   98.0   0.4   1   1   2.8e-31   1.5e-29   97.9   0.4    20   134     1   111     1   111 0.98 -
d2gvha1d.38.1.1      -            135 d1sh8a_d.38.1.5.aln  -            136     4e-10   35.0   0.3   1   1     1e-11   5.4e-10   34.5   0.3    45   121    20    95    18   112 0.90 -
d1sh8a_d.38.1.5      -            153 d1sh8a_d.38.1.5.aln  -            136   6.9e-07   24.4   0.0   1   1   1.9e-08     1e-06   23.9   0.0     6   101     7   102     2   139 0.85 -
d1vpma_d.38.1.1      -            155 d1sh8a_d.38.1.5.aln  -            136   2.9e-05   19.2   0.2   1   1   7.7e-07     4e-05   18.7   0.2    45   119    22    95    14   107 0.89 -
d1s5ua_d.38.1.1      -            129 d1sh8a_d.38.1.5.aln  -            136    0.0009   14.4   0.1   1   1   2.6e-05    0.0013   13.8   0.1    78   129    54   105    44   110 0.89 -
d1njka_d.38.1.1      -            133 d1sh8a_d.38.1.5.aln  -            136    0.0047   12.0   0.0   1   1   0.00013    0.0067   11.6   0.0    77   132    51   106    42   109 0.85 -
#
# Program:         hmmsearch
# Version:         3.3.2 (Nov 2020)
# Pipeline mode:   SEARCH
# Query file:      /home/elise/Documents/M1-BIM/S2/TMEs/SBAS/tme08/models/d1sh8a_d.38.1.5.aln.hmm
# Target file:     /home/elise/Documents/M1-BIM/S2/TMEs/SBAS/tme08/scop/scop/scopTestSeq.fasta
# Option settings: hmmsearch --domtblout /home/elise/Documents/M1-BIM/S2/TMEs/SBAS/tme08/searchResults/d1sh8a_d.38.1.5.aln.out -E 1 /home/elise/Documents/M1-BIM/S2/TMEs/SBAS/tme08/models/d1sh8a_d.38.1.5.aln.hmm /home/elise/Documents/M1-BIM/S2/TMEs/SBAS/tme08/scop/scop/scopTestSeq.fasta 
# Current dir:     /home/elise/Documents/M1-BIM/S2/TMEs/SBAS/tme08
# Date:            Tue Apr  1 17:30:42 2025
# [ok]
