#                                                                            --- full sequence --- -------------- this domain -------------   hmm coord   ali coord   env coord
# target name        accession   tlen query name           accession   qlen   E-value  score  bias   #  of  c-Evalue  i-Evalue  score  bias  from    to  from    to  from    to  acc description of target
#------------------- ---------- ----- -------------------- ---------- ----- --------- ------ ----- --- --- --------- --------- ------ ----- ----- ----- ----- ----- ----- ----- ---- ---------------------
d1gdea_c.67.1.1      -            388 d1svva_c.67.1.1.aln  -            390  7.2e-128  422.1   0.1   1   1  1.6e-129    8e-128  421.9   0.1     2   390     3   384     2   384 0.98 -
d3fvsa_c.67.1.1      -            419 d1svva_c.67.1.1.aln  -            390  1.8e-116  384.5   0.0   1   1  4.2e-118  2.1e-116  384.4   0.0     5   388     2   416     1   418 0.99 -
d1bw0a_c.67.1.1      -            412 d1svva_c.67.1.1.aln  -            390  1.4e-104  345.4   0.0   1   1  3.3e-106  1.6e-104  345.2   0.0     2   389     4   408     3   409 0.98 -
d2gb3a1c.67.1.1      -            389 d1svva_c.67.1.1.aln  -            390  5.2e-103  340.3   0.0   1   1  1.2e-104  5.8e-103  340.1   0.0     2   389     2   385     1   386 0.97 -
d2hoxa_c.67.1.1      -            425 d1svva_c.67.1.1.aln  -            390     3e-88  291.6   0.0   1   1   6.9e-90   3.4e-88  291.5   0.0     1   389     2   424     2   425 0.99 -
d1fg7a_c.67.1.1      -            354 d1svva_c.67.1.1.aln  -            390   3.2e-85  281.7   0.0   1   1   7.1e-87   3.5e-85  281.6   0.0    11   387     2   354     1   354 0.97 -
d1lc5a_c.67.1.1      -            355 d1svva_c.67.1.1.aln  -            390     5e-81  267.9   0.0   1   1   1.1e-82   5.6e-81  267.7   0.0     9   388     3   355     1   355 0.98 -
d1m6sa_c.67.1.1      -            343 d1svva_c.67.1.1.aln  -            390   6.8e-70  231.2   0.0   1   1   1.6e-71   7.9e-70  231.0   0.0    49   389    16   340     5   341 0.94 -
d1v72a1c.67.1.1      -            345 d1svva_c.67.1.1.aln  -            390   1.9e-63  210.0   0.0   1   1   5.5e-65   2.7e-63  209.5   0.0    11   386     6   343     1   345 0.94 -
d3ftba_c.67.1.0      -            334 d1svva_c.67.1.1.aln  -            390   1.6e-36  121.4   0.0   1   1   3.9e-38   1.9e-36  121.1   0.0    77   385    41   328    10   331 0.87 -
d3piua_c.67.1.4      -            416 d1svva_c.67.1.1.aln  -            390   3.4e-35  117.0   0.0   1   1   8.8e-37   4.3e-35  116.6   0.0    71   388    70   412    65   414 0.86 -
d1svva_c.67.1.1      -            340 d1svva_c.67.1.1.aln  -            390   8.4e-12   40.0   0.0   1   1   2.5e-13   1.2e-11   39.4   0.0    61   249    26   210    12   228 0.82 -
d2c81a_c.67.1.0      -            409 d1svva_c.67.1.1.aln  -            390   6.9e-06   20.5   0.1   1   1   3.4e-07   1.7e-05   19.2   0.1   100   211    56   158    31   161 0.88 -
d1gpja2c.2.1.7       -            159 d1svva_c.67.1.1.aln  -            390    0.0017   12.6   0.0   1   1   4.6e-05    0.0023   12.2   0.0    77   150     9    80     1    95 0.79 -
d2bhua3c.1.8.1       -            420 d1svva_c.67.1.1.aln  -            390    0.0049   11.1   0.0   1   1   0.00015    0.0074   10.5   0.0   189   225    82   118    80   125 0.90 -
d2bwna1c.67.1.4      -            396 d1svva_c.67.1.1.aln  -            390     0.009   10.2   0.0   1   1   0.00032     0.016    9.4   0.0   192   306   196   316   195   382 0.81 -
#
# Program:         hmmsearch
# Version:         3.3.2 (Nov 2020)
# Pipeline mode:   SEARCH
# Query file:      /home/elise/Documents/M1-BIM/S2/TMEs/SBAS/tme08/models/d1svva_c.67.1.1.aln.hmm
# Target file:     /home/elise/Documents/M1-BIM/S2/TMEs/SBAS/tme08/scop/scop/scopTestSeq.fasta
# Option settings: hmmsearch --domtblout /home/elise/Documents/M1-BIM/S2/TMEs/SBAS/tme08/searchResults/d1svva_c.67.1.1.aln.out -E 1 /home/elise/Documents/M1-BIM/S2/TMEs/SBAS/tme08/models/d1svva_c.67.1.1.aln.hmm /home/elise/Documents/M1-BIM/S2/TMEs/SBAS/tme08/scop/scop/scopTestSeq.fasta 
# Current dir:     /home/elise/Documents/M1-BIM/S2/TMEs/SBAS/tme08
# Date:            Tue Apr  1 17:30:43 2025
# [ok]
