#                                                                            --- full sequence --- -------------- this domain -------------   hmm coord   ali coord   env coord
# target name        accession   tlen query name           accession   qlen   E-value  score  bias   #  of  c-Evalue  i-Evalue  score  bias  from    to  from    to  from    to  acc description of target
#------------------- ---------- ----- -------------------- ---------- ----- --------- ------ ----- --- --- --------- --------- ------ ----- ----- ----- ----- ----- ----- ----- ---- ---------------------
d2uubq1b.40.4.5      -            100 d1t9ha1b.40.4.5.aln  -            107   3.8e-17   58.1   3.5   1   1   1.8e-18   4.2e-17   58.0   3.5    16   107     2    93     1    93 0.98 -
d2uubl1b.40.4.5      -            118 d1t9ha1b.40.4.5.aln  -            107   1.3e-15   53.2   2.6   1   1   7.6e-17   1.8e-15   52.8   2.6     1   103    19   118    19   118 0.98 -
d1kl9a2b.40.4.5      -             86 d1t9ha1b.40.4.5.aln  -            107   1.6e-15   52.9   0.3   1   1   7.5e-17   1.7e-15   52.8   0.3     2    90     2    86     1    86 0.98 -
d1jt8a_b.40.4.5      -            102 d1t9ha1b.40.4.5.aln  -            107   1.7e-15   52.8   0.8   1   1     8e-17   1.9e-15   52.7   0.8     6   106     2   101     1   102 0.92 -
d3bzka4b.40.4.5      -             94 d1t9ha1b.40.4.5.aln  -            107   3.1e-15   52.0   1.1   1   1   1.4e-16   3.3e-15   51.9   1.1     2    91     7    90     6    94 0.92 -
d1wi5a_b.40.4.5      -            119 d1t9ha1b.40.4.5.aln  -            107   1.4e-14   49.9   0.0   1   1   6.8e-16   1.6e-14   49.7   0.0     1   107     9   111     9   111 0.96 -
d2je6i1b.40.4.5      -             87 d1t9ha1b.40.4.5.aln  -            107   4.7e-14   48.2   0.5   1   1   2.3e-15   5.2e-14   48.0   0.5     7    95     1    86     1    87 0.96 -
d1y14b1b.40.4.5      -             91 d1t9ha1b.40.4.5.aln  -            107   1.1e-13   47.0   0.0   1   1   5.4e-15   1.2e-13   46.8   0.0    11   103     1    91     1    91 0.98 -
d1luza_b.40.4.5      -             85 d1t9ha1b.40.4.5.aln  -            107   1.6e-13   46.5   0.4   1   1   7.5e-15   1.7e-13   46.4   0.4     7    94     2    84     1    85 0.94 -
d1go3e1b.40.4.5      -            106 d1t9ha1b.40.4.5.aln  -            107   2.1e-13   46.1   1.0   1   1     1e-14   2.4e-13   45.9   1.0    11   106     1   100     1   101 0.98 -
d2nn6i1b.40.4.5      -            125 d1t9ha1b.40.4.5.aln  -            107   2.9e-13   45.7   0.0   1   1   1.4e-14   3.2e-13   45.5   0.0     9   106     3   104     1   105 0.97 -
d2nn6h1b.40.4.5      -             95 d1t9ha1b.40.4.5.aln  -            107   1.4e-11   40.2   0.0   1   1   6.9e-13   1.6e-11   40.1   0.0     7    94     2    93     1    95 0.95 -
d1d7qa_b.40.4.5      -            143 d1t9ha1b.40.4.5.aln  -            107   1.7e-11   40.0   0.2   1   1     1e-12   2.4e-11   39.5   0.2     1   107     5   113     5   113 0.97 -
d3i4oa_b.40.4.5      -             68 d1t9ha1b.40.4.5.aln  -            107   3.5e-10   35.8   0.2   1   1   1.8e-11   4.1e-10   35.6   0.2    24    88     3    67     2    68 0.96 -
d1c9oa_b.40.4.5      -             66 d1t9ha1b.40.4.5.aln  -            107   4.3e-10   35.5   0.2   1   1     2e-11   4.6e-10   35.4   0.2    14    84     2    65     1    66 0.92 -
d2vnud3b.40.4.5      -            148 d1t9ha1b.40.4.5.aln  -            107   1.1e-09   34.2   0.0   1   1   5.8e-11   1.3e-09   33.9   0.0     1   107    37   147    37   147 0.98 -
d2ja9a1b.40.4.5      -             90 d1t9ha1b.40.4.5.aln  -            107   3.1e-09   32.8   0.0   1   1   1.5e-10   3.4e-09   32.6   0.0     7   100     1    88     1    90 0.96 -
d1wfqa_b.40.4.5      -             89 d1t9ha1b.40.4.5.aln  -            107   1.5e-08   30.5   0.0   1   1   6.8e-10   1.6e-08   30.5   0.0    11    95     4    87     1    89 0.92 -
d2ix0a3b.40.4.5      -             87 d1t9ha1b.40.4.5.aln  -            107   1.9e-08   30.2   0.3   1   1   9.3e-10   2.2e-08   30.0   0.3    16    96     6    86     2    87 0.96 -
d2ix0a1b.40.4.5      -             90 d1t9ha1b.40.4.5.aln  -            107   2.5e-08   29.8   0.0   1   1   1.2e-09   2.7e-08   29.7   0.0     9    93     3    88     1    90 0.96 -
d1e3pa2b.40.4.5      -             62 d1t9ha1b.40.4.5.aln  -            107   2.2e-07   26.8   0.2   1   1   9.9e-09   2.3e-07   26.8   0.2    21    81     3    61     1    62 0.94 -
d1hh2p1b.40.4.5      -             72 d1t9ha1b.40.4.5.aln  -            107   8.3e-07   25.0   0.5   1   1   3.8e-08   8.8e-07   24.9   0.5    17    86     7    68     1    72 0.80 -
d1smxa_b.40.4.5      -             87 d1t9ha1b.40.4.5.aln  -            107   1.2e-06   24.4   0.0   1   1   5.2e-08   1.2e-06   24.4   0.0    31    90    21    82     1    87 0.78 -
d1x6oa2b.40.4.5      -             79 d1t9ha1b.40.4.5.aln  -            107   1.7e-06   24.0   0.0   1   1   7.7e-08   1.8e-06   23.9   0.0     7    90     2    78     1    79 0.94 -
d2vnud2b.40.4.5      -             88 d1t9ha1b.40.4.5.aln  -            107   1.8e-06   23.9   0.7   1   1   8.2e-08   1.9e-06   23.8   0.7     8    91     4    85     1    87 0.94 -
d1jjga_b.40.4.5      -            102 d1t9ha1b.40.4.5.aln  -            107   4.3e-06   22.7   0.4   1   1     2e-07   4.6e-06   22.6   0.4     6   101     3   102     1   102 0.96 -
d1rl2a2b.40.4.5      -             66 d1t9ha1b.40.4.5.aln  -            107   1.4e-05   21.0   0.1   1   1   6.2e-07   1.4e-05   21.0   0.1    25    84     6    64     1    66 0.88 -
d2asba1b.40.4.5      -             76 d1t9ha1b.40.4.5.aln  -            107   2.7e-05   20.1   0.2   1   1   1.4e-06   3.1e-05   19.9   0.2    12    89     3    75     1    76 0.87 -
d1a62a2b.40.4.5      -             78 d1t9ha1b.40.4.5.aln  -            107   3.4e-05   19.8   0.0   1   1   1.5e-06   3.6e-05   19.7   0.0    17    96     3    76     1    78 0.88 -
d2vnud1b.40.4.5      -             95 d1t9ha1b.40.4.5.aln  -            107   4.4e-05   19.4   0.0   1   1   2.1e-06   4.9e-05   19.3   0.0     6    95     1    94     1    95 0.97 -
d2ix0a2b.40.4.5      -             79 d1t9ha1b.40.4.5.aln  -            107   9.1e-05   18.4   0.0   1   1   3.9e-06   9.1e-05   18.4   0.0    15    89     7    76     1    78 0.84 -
d1u0la1b.40.4.5      -             66 d1t9ha1b.40.4.5.aln  -            107   0.00057   15.9   0.2   1   1   2.5e-05   0.00058   15.8   0.2    16    81     2    58     1    66 0.84 -
d1ne3a_b.40.4.5      -             68 d1t9ha1b.40.4.5.aln  -            107    0.0008   15.4   0.1   1   1   3.8e-05   0.00089   15.2   0.1    23    83     9    66     4    68 0.87 -
d1khia2b.40.4.5      -             71 d1t9ha1b.40.4.5.aln  -            107    0.0029   13.6   0.1   1   1   0.00013     0.003   13.6   0.1    22    91     6    70     1    71 0.93 -
#
# Program:         hmmsearch
# Version:         3.3.2 (Nov 2020)
# Pipeline mode:   SEARCH
# Query file:      /home/elise/Documents/M1-BIM/S2/TMEs/SBAS/tme08/models/d1t9ha1b.40.4.5.aln.hmm
# Target file:     /home/elise/Documents/M1-BIM/S2/TMEs/SBAS/tme08/scop/scop/scopTestSeq.fasta
# Option settings: hmmsearch --domtblout /home/elise/Documents/M1-BIM/S2/TMEs/SBAS/tme08/searchResults/d1t9ha1b.40.4.5.aln.out -E 1 /home/elise/Documents/M1-BIM/S2/TMEs/SBAS/tme08/models/d1t9ha1b.40.4.5.aln.hmm /home/elise/Documents/M1-BIM/S2/TMEs/SBAS/tme08/scop/scop/scopTestSeq.fasta 
# Current dir:     /home/elise/Documents/M1-BIM/S2/TMEs/SBAS/tme08
# Date:            Tue Apr  1 17:30:43 2025
# [ok]
