#                                                                            --- full sequence --- -------------- this domain -------------   hmm coord   ali coord   env coord
# target name        accession   tlen query name           accession   qlen   E-value  score  bias   #  of  c-Evalue  i-Evalue  score  bias  from    to  from    to  from    to  acc description of target
#------------------- ---------- ----- -------------------- ---------- ----- --------- ------ ----- --- --- --------- --------- ------ ----- ----- ----- ----- ----- ----- ----- ---- ---------------------
d2b5ga_d.108.1.1     -            168 d1tiqa_d.108.1.1.aln -            174   2.3e-34  114.3   0.4   1   1   1.4e-35   2.6e-34  114.2   0.4     7   165     3   167     1   168 0.98 -
d2ae6a1d.108.1.1     -            161 d1tiqa_d.108.1.1.aln -            174   8.3e-34  112.6   0.0   1   1   5.2e-35   9.3e-34  112.4   0.0     5   165     3   158     1   160 0.98 -
d1z4ea1d.108.1.1     -            150 d1tiqa_d.108.1.1.aln -            174   4.3e-33  110.2   0.1   1   1   2.6e-34   4.6e-33  110.1   0.1     6   148     1   145     1   150 0.98 -
d2pq8a_d.108.1.1     -            271 d1tiqa_d.108.1.1.aln -            174   1.4e-32  108.5   0.7   1   1     1e-33   1.8e-32  108.2   0.7     9   174     3   175     1   175 0.99 -
d1qsma_d.108.1.1     -            150 d1tiqa_d.108.1.1.aln -            174   3.2e-30  100.9   0.0   1   1   1.9e-31   3.4e-30  100.8   0.0     6   149     2   145     1   150 0.97 -
d1nsla_d.108.1.1     -            180 d1tiqa_d.108.1.1.aln -            174   9.2e-29   96.1   0.2   1   1   5.7e-30     1e-28   96.0   0.2     1   171     5   180     5   180 0.98 -
d1mk4a_d.108.1.1     -            157 d1tiqa_d.108.1.1.aln -            174   3.2e-28   94.4   0.0   1   1   1.9e-29   3.5e-28   94.3   0.0     6   170     1   153     1   157 0.96 -
d1i12a_d.108.1.1     -            157 d1tiqa_d.108.1.1.aln -            174   1.8e-27   91.9   0.0   1   1   1.1e-28     2e-27   91.8   0.0     7   151     5   155     1   157 0.95 -
d2fiaa1d.108.1.1     -            157 d1tiqa_d.108.1.1.aln -            174   2.4e-27   91.5   0.5   1   1   1.5e-28   2.7e-27   91.4   0.5     7   165     1   155     1   157 0.98 -
d1ufha_d.108.1.1     -            155 d1tiqa_d.108.1.1.aln -            174   3.4e-27   91.1   0.3   1   1   2.3e-28   4.1e-27   90.8   0.3     6   149     1   151     1   153 0.98 -
d1wwza1d.108.1.1     -            157 d1tiqa_d.108.1.1.aln -            174   4.7e-26   87.3   0.8   1   1   3.1e-27   5.6e-26   87.1   0.8     4   156     1   155     1   156 0.98 -
d2euia1d.108.1.1     -            153 d1tiqa_d.108.1.1.aln -            174   4.8e-26   87.3   0.1   1   1   3.2e-27   5.7e-26   87.1   0.1     7   154     1   147     1   152 0.93 -
d1y9wa1d.108.1.1     -            140 d1tiqa_d.108.1.1.aln -            174   5.1e-26   87.2   1.2   1   1   3.1e-27   5.5e-26   87.1   1.2    13   162     2   138     1   140 0.97 -
d1u6ma_d.108.1.1     -            189 d1tiqa_d.108.1.1.aln -            174   1.3e-25   85.9   0.1   1   1   9.7e-27   1.7e-25   85.5   0.1     2   159    23   185    22   188 0.96 -
d2cy2a1d.108.1.1     -            174 d1tiqa_d.108.1.1.aln -            174     2e-25   85.3   2.2   1   1   1.3e-26   2.2e-25   85.1   2.2     7   169     1   172     1   174 0.96 -
d1vkca_d.108.1.1     -            149 d1tiqa_d.108.1.1.aln -            174   3.3e-25   84.6   1.9   1   1     2e-26   3.6e-25   84.5   1.9    13   149    10   145     1   148 0.95 -
d1cjwa_d.108.1.1     -            166 d1tiqa_d.108.1.1.aln -            174   1.4e-24   82.6   0.0   1   1   9.2e-26   1.7e-24   82.3   0.0     8   163     7   165     3   166 0.98 -
d1y9ka1d.108.1.1     -            152 d1tiqa_d.108.1.1.aln -            174   2.3e-24   81.9   0.0   1   1   1.5e-25   2.6e-24   81.7   0.0    49   173    42   147     6   148 0.83 -
d1z4ra1d.108.1.1     -            162 d1tiqa_d.108.1.1.aln -            174   2.7e-24   81.6   0.1   1   1   1.6e-25   2.9e-24   81.5   0.1     2   168     2   162     1   162 0.98 -
d1ghea_d.108.1.1     -            170 d1tiqa_d.108.1.1.aln -            174   1.1e-23   79.7   0.0   1   1   6.6e-25   1.2e-23   79.5   0.0     9   166     3   167     1   170 0.97 -
d2fcka1d.108.1.1     -            178 d1tiqa_d.108.1.1.aln -            174   1.5e-23   79.2   0.1   1   1   8.8e-25   1.6e-23   79.1   0.1     2   157     7   167     6   178 0.96 -
d2gana1d.108.1.1     -            182 d1tiqa_d.108.1.1.aln -            174   1.7e-23   79.0   0.4   1   1   1.1e-24   1.9e-23   78.8   0.4     2   160    17   180    16   182 0.96 -
d2atra1d.108.1.1     -            137 d1tiqa_d.108.1.1.aln -            174   2.2e-21   72.1   0.0   1   1   1.4e-22   2.5e-21   72.0   0.0     6   158     1   136     1   137 0.97 -
d1bo4a_d.108.1.1     -            137 d1tiqa_d.108.1.1.aln -            174   7.8e-21   70.4   0.1   1   1   5.2e-22   9.4e-21   70.1   0.1     7   141     3   137     2   137 0.98 -
d2fiwa1d.108.1.1     -            156 d1tiqa_d.108.1.1.aln -            174   9.8e-21   70.0   0.0   1   1   6.3e-22   1.1e-20   69.8   0.0     5   150     2   138     1   155 0.93 -
d1yx0a1d.108.1.1     -            151 d1tiqa_d.108.1.1.aln -            174     1e-20   70.0   0.0   1   1   6.1e-22   1.1e-20   69.9   0.0    13   163     7   150     1   151 0.91 -
d2fl4a1d.108.1.1     -            146 d1tiqa_d.108.1.1.aln -            174   1.7e-20   69.2   0.3   1   1   1.1e-21     2e-20   69.0   0.3     6   160     2   145     1   145 0.95 -
d1n71a_d.108.1.1     -            180 d1tiqa_d.108.1.1.aln -            174   1.8e-20   69.2   0.0   1   1   1.1e-21     2e-20   69.0   0.0     1   169     1   179     1   180 0.98 -
d1xeba_d.108.1.1     -            149 d1tiqa_d.108.1.1.aln -            174     2e-20   69.0   1.0   1   1   1.3e-21   2.3e-20   68.8   1.0     2   150     2   137     1   147 0.94 -
d2jdca1d.108.1.1     -            145 d1tiqa_d.108.1.1.aln -            174   2.8e-20   68.6   0.2   1   1   1.8e-21   3.2e-20   68.4   0.2     7   162     1   142     1   144 0.97 -
d1m4ia_d.108.1.1     -            181 d1tiqa_d.108.1.1.aln -            174   1.8e-19   65.9   0.1   1   1   4.3e-20   7.8e-19   63.9   0.1     3   172     2   176     1   178 0.84 -
d2g3aa1d.108.1.1     -            137 d1tiqa_d.108.1.1.aln -            174   3.1e-19   65.1   0.0   1   1   1.8e-20   3.3e-19   65.1   0.0     7   149     1   122     1   137 0.91 -
d1yk3a1d.108.1.1     -            198 d1tiqa_d.108.1.1.aln -            174   4.8e-18   61.3   0.1   1   1     3e-19   5.4e-18   61.1   0.1     3   173    17   195    15   196 0.97 -
d1y7ra1d.108.1.1     -            133 d1tiqa_d.108.1.1.aln -            174   7.4e-18   60.7   0.0   1   1   4.3e-19   7.7e-18   60.6   0.0    14   155     8   132     1   133 0.95 -
d2aj6a1d.108.1.1     -            118 d1tiqa_d.108.1.1.aln -            174   1.7e-17   59.5   0.0   1   1     1e-18   1.8e-17   59.4   0.0     6   123     1   116     1   118 0.98 -
d1q2ya_d.108.1.1     -            140 d1tiqa_d.108.1.1.aln -            174   9.5e-17   57.1   0.3   1   1   6.2e-18   1.1e-16   56.9   0.3    13   162     8   139     3   140 0.97 -
d2p0wa_d.108.1.1     -            319 d1tiqa_d.108.1.1.aln -            174   2.7e-16   55.6   0.7   1   2   1.1e-16   1.9e-15   52.8   0.1     2   173    26   219    25   220 0.99 -
d2p0wa_d.108.1.1     -            319 d1tiqa_d.108.1.1.aln -            174   2.7e-16   55.6   0.7   2   2      0.59        11    1.6   0.0    92   112   220   240   219   249 0.82 -
d1tiqa_d.108.1.1     -            173 d1tiqa_d.108.1.1.aln -            174     4e-16   55.0   0.1   1   1   2.8e-17   5.1e-16   54.7   0.1    45   156    61   160    34   171 0.77 -
d2fsra1d.108.1.1     -            164 d1tiqa_d.108.1.1.aln -            174   4.1e-16   55.0   0.0   1   1   2.5e-17   4.5e-16   54.9   0.0     2   162     5   164     4   164 0.95 -
d1boba_d.108.1.1     -            315 d1tiqa_d.108.1.1.aln -            174   1.3e-15   53.4   0.1   1   1     1e-16   1.8e-15   52.9   0.1     2   173    23   216    22   217 0.98 -
d1r57a_d.108.1.1     -            102 d1tiqa_d.108.1.1.aln -            174   9.9e-13   44.0   0.1   1   1   5.8e-14     1e-12   43.9   0.1    85   154    35   100     4   102 0.86 -
d1p0ha_d.108.1.1     -            308 d1tiqa_d.108.1.1.aln -            174   5.2e-11   38.4   0.0   1   3   1.6e-07   2.8e-06   23.0   0.0     2   173    19   203    18   204 0.96 -
d1p0ha_d.108.1.1     -            308 d1tiqa_d.108.1.1.aln -            174   5.2e-11   38.4   0.0   2   3    0.0094      0.17    7.5   0.2    47   104   173   249   168   251 0.74 -
d1p0ha_d.108.1.1     -            308 d1tiqa_d.108.1.1.aln -            174   5.2e-11   38.4   0.0   3   3     0.011       0.2    7.2   0.0   119   147   274   302   266   307 0.79 -
d1xmta_d.108.1.1     -             95 d1tiqa_d.108.1.1.aln -            174   1.1e-10   37.4   0.0   1   1   7.2e-12   1.3e-10   37.1   0.0    73   129    20    76     2    89 0.89 -
d2d4pa1d.108.1.1     -            130 d1tiqa_d.108.1.1.aln -            174   9.9e-09   31.0   0.3   1   1   1.7e-09   3.1e-08   29.4   0.3     7   146     1   119     1   129 0.94 -
#
# Program:         hmmsearch
# Version:         3.3.2 (Nov 2020)
# Pipeline mode:   SEARCH
# Query file:      /home/elise/Documents/M1-BIM/S2/TMEs/SBAS/tme08/models/d1tiqa_d.108.1.1.aln.hmm
# Target file:     /home/elise/Documents/M1-BIM/S2/TMEs/SBAS/tme08/scop/scop/scopTestSeq.fasta
# Option settings: hmmsearch --domtblout /home/elise/Documents/M1-BIM/S2/TMEs/SBAS/tme08/searchResults/d1tiqa_d.108.1.1.aln.out -E 1 /home/elise/Documents/M1-BIM/S2/TMEs/SBAS/tme08/models/d1tiqa_d.108.1.1.aln.hmm /home/elise/Documents/M1-BIM/S2/TMEs/SBAS/tme08/scop/scop/scopTestSeq.fasta 
# Current dir:     /home/elise/Documents/M1-BIM/S2/TMEs/SBAS/tme08
# Date:            Tue Apr  1 17:30:43 2025
# [ok]
