#                                                                            --- full sequence --- -------------- this domain -------------   hmm coord   ali coord   env coord
# target name        accession   tlen query name           accession   qlen   E-value  score  bias   #  of  c-Evalue  i-Evalue  score  bias  from    to  from    to  from    to  acc description of target
#------------------- ---------- ----- -------------------- ---------- ----- --------- ------ ----- --- --- --------- --------- ------ ----- ----- ----- ----- ----- ----- ----- ---- ---------------------
d2g82a1c.2.1.3       -            169 d1tlta1c.2.1.3.aln   -            247   7.5e-52  172.0   1.0   1   1   2.5e-53   8.3e-52  171.8   1.0     8   180     1   168     1   169 0.98 -
d1p1ja1c.2.1.3       -            411 d1tlta1c.2.1.3.aln   -            247   2.9e-50  166.8   0.0   1   1   1.1e-51   3.7e-50  166.4   0.0     1   247    52   392    52   392 0.99 -
d3cina1c.2.1.3       -            276 d1tlta1c.2.1.3.aln   -            247   3.9e-46  153.3   0.4   1   1   1.3e-47   4.3e-46  153.1   0.4     6   247     1   276     1   276 0.98 -
d1gr0a1c.2.1.3       -            244 d1tlta1c.2.1.3.aln   -            247   5.5e-45  149.5   4.8   1   1   1.9e-46   6.1e-45  149.3   4.8     7   239     2   244     1   244 0.99 -
d2nvwa1c.2.1.3       -            238 d1tlta1c.2.1.3.aln   -            247     6e-35  116.6   0.0   1   1     2e-36   6.7e-35  116.5   0.0     3   219     1   238     1   238 0.99 -
d1h6da1c.2.1.3       -            222 d1tlta1c.2.1.3.aln   -            247   2.5e-32  108.1   0.1   1   1   8.7e-34   2.9e-32  107.8   0.1     1   225    28   222    28   222 0.98 -
d1cf2o1c.2.1.3       -            172 d1tlta1c.2.1.3.aln   -            247   1.6e-30  102.1   1.9   1   1   5.3e-32   1.7e-30  102.0   1.9     7   176     1   171     1   172 0.98 -
d1ydwa1c.2.1.3       -            185 d1tlta1c.2.1.3.aln   -            247   6.9e-30  100.0   0.0   1   1   2.3e-31   7.6e-30   99.9   0.0     8   189     2   183     1   185 0.99 -
d1vkna1c.2.1.3       -            177 d1tlta1c.2.1.3.aln   -            247   4.8e-26   87.5   0.0   1   1   1.7e-27   5.7e-26   87.2   0.0     6   187     1   175     1   176 0.97 -
d1qkia1c.2.1.3       -            204 d1tlta1c.2.1.3.aln   -            247   7.8e-25   83.5   0.0   1   1   2.6e-26   8.7e-25   83.3   0.0     1   183    15   204    15   204 0.99 -
d1zh8a1c.2.1.3       -            182 d1tlta1c.2.1.3.aln   -            247   3.6e-24   81.3   0.0   1   1   1.2e-25   3.9e-24   81.2   0.0     6   185     2   180     1   182 0.95 -
d1q0qa2c.2.1.3       -            152 d1tlta1c.2.1.3.aln   -            247   4.4e-24   81.0   0.0   1   1   1.5e-25   4.9e-24   80.9   0.0     6   180     1   152     1   152 0.97 -
d1xeaa1c.2.1.3       -            168 d1tlta1c.2.1.3.aln   -            247     1e-23   79.8   0.0   1   1   3.4e-25   1.1e-23   79.7   0.0     8   175     2   165     1   168 0.97 -
d1h9aa1c.2.1.3       -            196 d1tlta1c.2.1.3.aln   -            247   2.7e-23   78.5   0.1   1   1   8.9e-25   2.9e-23   78.3   0.1     3   185     2   194     1   196 0.98 -
d1lc0a1c.2.1.3       -            173 d1tlta1c.2.1.3.aln   -            247   5.7e-22   74.1   0.0   1   1   1.9e-23   6.3e-22   74.0   0.0     1   179     1   172     1   173 0.97 -
d1t4ba1c.2.1.3       -            147 d1tlta1c.2.1.3.aln   -            247   3.2e-21   71.6   0.0   1   1   1.1e-22   3.6e-21   71.5   0.0     6   173     1   144     1   147 0.97 -
d1nvmb1c.2.1.3       -            158 d1tlta1c.2.1.3.aln   -            247   3.4e-20   68.3   0.3   1   1   1.2e-21   4.1e-20   68.0   0.3     4   174     1   155     1   157 0.97 -
d1f06a1c.2.1.3       -            171 d1tlta1c.2.1.3.aln   -            247   4.1e-20   68.0   0.1   1   1   1.4e-21   4.5e-20   67.9   0.1     6   178     2   170     1   171 0.98 -
d1e5qa1c.2.1.3       -            183 d1tlta1c.2.1.3.aln   -            247   8.6e-20   67.0   0.6   1   1   2.9e-21   9.4e-20   66.8   0.6     7   182     2   181     1   183 0.98 -
d1ebfa1c.2.1.3       -            169 d1tlta1c.2.1.3.aln   -            247   1.4e-17   59.8   0.5   1   1     5e-19   1.6e-17   59.5   0.5     5   172     2   164     1   168 0.97 -
d1drua1c.2.1.3       -            161 d1tlta1c.2.1.3.aln   -            247   1.6e-14   49.8   0.5   1   1   5.3e-16   1.8e-14   49.6   0.5     7   162     3   145     1   158 0.93 -
d1yl7a1c.2.1.3       -            136 d1tlta1c.2.1.3.aln   -            247   9.3e-11   37.4   0.0   1   1   3.4e-12   1.1e-10   37.1   0.0     8   178     1   134     1   135 0.95 -
d1j5pa4c.2.1.3       -            133 d1tlta1c.2.1.3.aln   -            247     6e-10   34.7   0.4   1   1   3.9e-11   1.3e-09   33.7   0.4     6   110     1    87     1   131 0.86 -
d1vm6a3c.2.1.3       -            129 d1tlta1c.2.1.3.aln   -            247   2.2e-06   23.1   0.2   1   1   9.5e-07   3.1e-05   19.3   0.2    10   125     4    93     1   122 0.74 -
#
# Program:         hmmsearch
# Version:         3.3.2 (Nov 2020)
# Pipeline mode:   SEARCH
# Query file:      /home/elise/Documents/M1-BIM/S2/TMEs/SBAS/tme08/models/d1tlta1c.2.1.3.aln.hmm
# Target file:     /home/elise/Documents/M1-BIM/S2/TMEs/SBAS/tme08/scop/scop/scopTestSeq.fasta
# Option settings: hmmsearch --domtblout /home/elise/Documents/M1-BIM/S2/TMEs/SBAS/tme08/searchResults/d1tlta1c.2.1.3.aln.out -E 1 /home/elise/Documents/M1-BIM/S2/TMEs/SBAS/tme08/models/d1tlta1c.2.1.3.aln.hmm /home/elise/Documents/M1-BIM/S2/TMEs/SBAS/tme08/scop/scop/scopTestSeq.fasta 
# Current dir:     /home/elise/Documents/M1-BIM/S2/TMEs/SBAS/tme08
# Date:            Tue Apr  1 17:30:44 2025
# [ok]
