#                                                                            --- full sequence --- -------------- this domain -------------   hmm coord   ali coord   env coord
# target name        accession   tlen query name           accession   qlen   E-value  score  bias   #  of  c-Evalue  i-Evalue  score  bias  from    to  from    to  from    to  acc description of target
#------------------- ---------- ----- -------------------- ---------- ----- --------- ------ ----- --- --- --------- --------- ------ ----- ----- ----- ----- ----- ----- ----- ---- ---------------------
d2i4aa_c.47.1.1      -            107 d1ttza_c.47.1.1.aln  -            110     1e-35  117.4   0.0   1   1   2.1e-37   1.1e-35  117.3   0.0     4   107     2   105     1   107 0.97 -
d1r26a_c.47.1.1      -            113 d1ttza_c.47.1.1.aln  -            110   7.8e-28   92.0   0.0   1   1   1.6e-29   8.2e-28   91.9   0.0     4   108     8   111     5   113 0.95 -
d1zmaa1c.47.1.1      -            115 d1ttza_c.47.1.1.aln  -            110   3.5e-20   67.4   0.0   1   1   7.3e-22   3.8e-20   67.2   0.0     3   105     7   113     5   115 0.97 -
d2fwha_c.47.1.1      -            117 d1ttza_c.47.1.1.aln  -            110   5.4e-20   66.8   0.0   1   1   1.1e-21   5.8e-20   66.7   0.0     3   107     3   116     1   117 0.96 -
d1sena_c.47.1.1      -            135 d1ttza_c.47.1.1.aln  -            110   4.1e-19   63.9   0.0   1   1   9.2e-21   4.8e-19   63.7   0.0     3   108     6   118     4   120 0.94 -
d1wjka_c.47.1.1      -            100 d1ttza_c.47.1.1.aln  -            110   3.7e-17   57.6   0.0   1   1   7.3e-19   3.9e-17   57.6   0.0    10   106     3    96     1   100 0.95 -
d1z6na1c.47.1.1      -            166 d1ttza_c.47.1.1.aln  -            110   4.2e-16   54.3   0.0   1   1   1.5e-17   7.6e-16   53.4   0.0     2   109    34   162    33   163 0.97 -
d1abaa_c.47.1.1      -             87 d1ttza_c.47.1.1.aln  -            110     2e-14   48.8   0.0   1   1   4.1e-16   2.2e-14   48.7   0.0    22   105     2    86     1    87 0.97 -
d3qmxa_c.47.1.0      -             99 d1ttza_c.47.1.1.aln  -            110   1.8e-13   45.7   0.0   1   1   3.9e-15   2.1e-13   45.6   0.0    21   107    15    98     5    99 0.93 -
d3gnja_c.47.1.0      -            111 d1ttza_c.47.1.1.aln  -            110   1.4e-11   39.7   0.1   1   1   3.2e-13   1.7e-11   39.4   0.1     8   101     8   101     4   110 0.88 -
d1iloa_c.47.1.1      -             77 d1ttza_c.47.1.1.aln  -            110   2.5e-11   38.9   0.1   1   1     5e-13   2.6e-11   38.8   0.1    21   101     1    75     1    77 0.94 -
d2wcia_c.47.1.0      -            113 d1ttza_c.47.1.1.aln  -            110   1.6e-09   33.1   0.0   1   1   3.5e-11   1.9e-09   32.9   0.0    13   104     6    98     1   104 0.90 -
d2hzfa_c.47.1.0      -            110 d1ttza_c.47.1.1.aln  -            110   8.7e-09   30.7   0.0   1   1   1.8e-10   9.6e-09   30.5   0.0    10    93     4    89     1   104 0.86 -
d3feua_c.47.1.0      -            183 d1ttza_c.47.1.1.aln  -            110   1.3e-06   23.6   0.0   1   2    0.0039       0.2    7.0   0.0    31    50    29    48    10    55 0.83 -
d3feua_c.47.1.0      -            183 d1ttza_c.47.1.1.aln  -            110   1.3e-06   23.6   0.0   2   2   1.7e-05    0.0009   14.5   0.0    54    85   128   161   123   180 0.79 -
d3h93a_c.47.1.0      -            192 d1ttza_c.47.1.1.aln  -            110   0.00012   17.4   0.1   1   2    0.0026      0.13    7.6   0.0    20    58    23    61    19    65 0.82 -
d3h93a_c.47.1.0      -            192 d1ttza_c.47.1.1.aln  -            110   0.00012   17.4   0.1   2   2    0.0025      0.13    7.6   0.0    57    85   133   161   111   180 0.85 -
#
# Program:         hmmsearch
# Version:         3.3.2 (Nov 2020)
# Pipeline mode:   SEARCH
# Query file:      /home/elise/Documents/M1-BIM/S2/TMEs/SBAS/tme08/models/d1ttza_c.47.1.1.aln.hmm
# Target file:     /home/elise/Documents/M1-BIM/S2/TMEs/SBAS/tme08/scop/scop/scopTestSeq.fasta
# Option settings: hmmsearch --domtblout /home/elise/Documents/M1-BIM/S2/TMEs/SBAS/tme08/searchResults/d1ttza_c.47.1.1.aln.out -E 1 /home/elise/Documents/M1-BIM/S2/TMEs/SBAS/tme08/models/d1ttza_c.47.1.1.aln.hmm /home/elise/Documents/M1-BIM/S2/TMEs/SBAS/tme08/scop/scop/scopTestSeq.fasta 
# Current dir:     /home/elise/Documents/M1-BIM/S2/TMEs/SBAS/tme08
# Date:            Tue Apr  1 17:30:44 2025
# [ok]
