#                                                                            --- full sequence --- -------------- this domain -------------   hmm coord   ali coord   env coord
# target name        accession   tlen query name           accession   qlen   E-value  score  bias   #  of  c-Evalue  i-Evalue  score  bias  from    to  from    to  from    to  acc description of target
#------------------- ---------- ----- -------------------- ---------- ----- --------- ------ ----- --- --- --------- --------- ------ ----- ----- ----- ----- ----- ----- ----- ---- ---------------------
d2c4ja1a.45.1.1      -            133 d1tw9a1a.45.1.1.aln  -            135   1.7e-41  136.9   0.1   1   1   2.8e-43   1.8e-41  136.8   0.1     1   134     1   128     1   129 0.98 -
d1k3ya1a.45.1.1      -            142 d1tw9a1a.45.1.1.aln  -            135   3.9e-38  126.0   0.1   1   1   6.6e-40   4.3e-38  125.9   0.1     1   132     1   131     1   134 0.98 -
d1tu7a1a.45.1.1      -            131 d1tw9a1a.45.1.1.aln  -            135   2.1e-36  120.5   0.1   1   1   3.4e-38   2.3e-36  120.3   0.1     3   135     1   131     1   131 0.98 -
d1okta1a.45.1.1      -            126 d1tw9a1a.45.1.1.aln  -            135     1e-29   98.8   0.1   1   1   1.8e-31   1.2e-29   98.5   0.1     2   124     1   123     1   125 0.98 -
d2cvda1a.45.1.1      -            124 d1tw9a1a.45.1.1.aln  -            135   6.1e-29   96.3   0.1   1   1     1e-30   6.7e-29   96.1   0.1     1   126     2   123     2   124 0.95 -
d1eema1a.45.1.1      -            139 d1tw9a1a.45.1.1.aln  -            135     1e-25   85.8   0.2   1   1   1.7e-27   1.1e-25   85.7   0.2     2   133     1   128     1   130 0.94 -
d1nhya1a.45.1.1      -            144 d1tw9a1a.45.1.1.aln  -            135   1.9e-23   78.5   0.1   1   1   3.3e-25   2.1e-23   78.3   0.1     1   132     8   143     8   144 0.95 -
d1gnwa1a.45.1.1      -            126 d1tw9a1a.45.1.1.aln  -            135   1.7e-22   75.4   0.2   1   1   2.8e-24   1.8e-22   75.3   0.2     4   117     9   124     6   126 0.95 -
d1z9ha1a.45.1.1      -            161 d1tw9a1a.45.1.1.aln  -            135   2.2e-17   58.9   0.2   1   1   3.8e-19   2.5e-17   58.7   0.2     3   134    15   157    13   158 0.98 -
d1k0ma1a.45.1.1      -            149 d1tw9a1a.45.1.1.aln  -            135   3.6e-16   54.9   0.0   1   1   6.3e-18   4.2e-16   54.7   0.0     4   135     9   144     6   144 0.96 -
d2fnoa1a.45.1.1      -            149 d1tw9a1a.45.1.1.aln  -            135   3.6e-14   48.5   0.0   1   1     6e-16   3.9e-14   48.3   0.0     2   131     1   136     1   140 0.95 -
d1tw9a1a.45.1.1      -            129 d1tw9a1a.45.1.1.aln  -            135   1.1e-12   43.7   0.0   1   1   1.6e-14   1.1e-12   43.7   0.0    51   125    53   127     2   129 0.81 -
#
# Program:         hmmsearch
# Version:         3.3.2 (Nov 2020)
# Pipeline mode:   SEARCH
# Query file:      /home/elise/Documents/M1-BIM/S2/TMEs/SBAS/tme08/models/d1tw9a1a.45.1.1.aln.hmm
# Target file:     /home/elise/Documents/M1-BIM/S2/TMEs/SBAS/tme08/scop/scop/scopTestSeq.fasta
# Option settings: hmmsearch --domtblout /home/elise/Documents/M1-BIM/S2/TMEs/SBAS/tme08/searchResults/d1tw9a1a.45.1.1.aln.out -E 1 /home/elise/Documents/M1-BIM/S2/TMEs/SBAS/tme08/models/d1tw9a1a.45.1.1.aln.hmm /home/elise/Documents/M1-BIM/S2/TMEs/SBAS/tme08/scop/scop/scopTestSeq.fasta 
# Current dir:     /home/elise/Documents/M1-BIM/S2/TMEs/SBAS/tme08
# Date:            Tue Apr  1 17:30:44 2025
# [ok]
