#                                                                            --- full sequence --- -------------- this domain -------------   hmm coord   ali coord   env coord
# target name        accession   tlen query name           accession   qlen   E-value  score  bias   #  of  c-Evalue  i-Evalue  score  bias  from    to  from    to  from    to  acc description of target
#------------------- ---------- ----- -------------------- ---------- ----- --------- ------ ----- --- --- --------- --------- ------ ----- ----- ----- ----- ----- ----- ----- ---- ---------------------
d2b5ga_d.108.1.1     -            168 d1u6ma_d.108.1.1.aln -            177   3.5e-35  117.1   0.4   1   1   2.1e-36   3.8e-35  117.0   0.4     6   167     3   168     1   168 0.98 -
d1z4ea1d.108.1.1     -            150 d1u6ma_d.108.1.1.aln -            177   7.5e-35  116.0   0.1   1   1   4.5e-36   8.1e-35  115.9   0.1     5   151     1   147     1   150 0.98 -
d2pq8a_d.108.1.1     -            271 d1u6ma_d.108.1.1.aln -            177   3.6e-34  113.8   0.6   1   1   2.4e-35   4.4e-34  113.5   0.6     9   177     4   186     1   186 0.99 -
d2ae6a1d.108.1.1     -            161 d1u6ma_d.108.1.1.aln -            177   1.9e-33  111.4   0.0   1   1   1.2e-34   2.2e-33  111.3   0.0     3   166     2   158     1   160 0.98 -
d1tiqa_d.108.1.1     -            173 d1u6ma_d.108.1.1.aln -            177   7.3e-32  106.3   0.0   1   1   4.4e-33   7.9e-32  106.2   0.0     6   169     2   172     1   173 0.98 -
d1qsma_d.108.1.1     -            150 d1u6ma_d.108.1.1.aln -            177   4.7e-30  100.4   0.0   1   1   2.9e-31   5.1e-30  100.3   0.0     5   152     2   147     1   150 0.96 -
d1nsla_d.108.1.1     -            180 d1u6ma_d.108.1.1.aln -            177   4.8e-30  100.4   0.3   1   1   2.9e-31   5.3e-30  100.2   0.3     2   172     7   180     6   180 0.99 -
d1wwza1d.108.1.1     -            157 d1u6ma_d.108.1.1.aln -            177     1e-27   92.8   1.1   1   1   6.6e-29   1.2e-27   92.6   1.1     4   156     2   154     1   156 0.97 -
d1mk4a_d.108.1.1     -            157 d1u6ma_d.108.1.1.aln -            177   2.6e-27   91.5   0.0   1   1   1.6e-28   2.9e-27   91.3   0.0     5   171     1   153     1   157 0.96 -
d1ufha_d.108.1.1     -            155 d1u6ma_d.108.1.1.aln -            177   4.2e-27   90.8   0.3   1   1   2.5e-28   4.5e-27   90.7   0.3     5   151     1   152     1   155 0.98 -
d2fcka1d.108.1.1     -            178 d1u6ma_d.108.1.1.aln -            177   4.7e-27   90.7   0.1   1   1   2.9e-28   5.1e-27   90.5   0.1     1   168     7   177     7   178 0.98 -
d1y9wa1d.108.1.1     -            140 d1u6ma_d.108.1.1.aln -            177   5.6e-27   90.4   1.2   1   1   3.4e-28   6.1e-27   90.3   1.2    12   163     2   138     1   140 0.96 -
d1i12a_d.108.1.1     -            157 d1u6ma_d.108.1.1.aln -            177   9.8e-27   89.6   0.0   1   1   5.9e-28   1.1e-26   89.5   0.0     6   151     5   154     1   157 0.97 -
d2cy2a1d.108.1.1     -            174 d1u6ma_d.108.1.1.aln -            177   1.2e-26   89.3   2.0   1   1   7.2e-28   1.3e-26   89.2   2.0     6   170     1   172     1   174 0.97 -
d2fiaa1d.108.1.1     -            157 d1u6ma_d.108.1.1.aln -            177   2.2e-26   88.5   0.5   1   1   1.3e-27   2.4e-26   88.3   0.5     6   167     1   156     1   157 0.98 -
d1y9ka1d.108.1.1     -            152 d1u6ma_d.108.1.1.aln -            177   4.1e-26   87.6   0.0   1   1   2.7e-27   4.8e-26   87.4   0.0    73   176    46   149     8   150 0.86 -
d2euia1d.108.1.1     -            153 d1u6ma_d.108.1.1.aln -            177   5.2e-26   87.2   0.1   1   1   3.2e-27   5.7e-26   87.1   0.1     6   157     1   149     1   153 0.95 -
d1z4ra1d.108.1.1     -            162 d1u6ma_d.108.1.1.aln -            177   3.1e-25   84.7   0.1   1   1   1.9e-26   3.4e-25   84.6   0.1     1   159     2   161     2   162 0.98 -
d1cjwa_d.108.1.1     -            166 d1u6ma_d.108.1.1.aln -            177   3.4e-25   84.6   0.0   1   1   2.3e-26   4.1e-25   84.3   0.0     7   163     7   164     3   166 0.98 -
d2gana1d.108.1.1     -            182 d1u6ma_d.108.1.1.aln -            177     5e-25   84.0   0.5   1   1   3.1e-26   5.6e-25   83.9   0.5     2   160    18   179    17   182 0.97 -
d1ghea_d.108.1.1     -            170 d1u6ma_d.108.1.1.aln -            177     8e-25   83.4   0.0   1   1   4.9e-26   8.7e-25   83.3   0.0     7   169     2   169     1   170 0.98 -
d1vkca_d.108.1.1     -            149 d1u6ma_d.108.1.1.aln -            177   1.6e-24   82.4   1.8   1   1   1.1e-25     2e-24   82.1   1.8    13   148    11   143     2   148 0.92 -
d1xeba_d.108.1.1     -            149 d1u6ma_d.108.1.1.aln -            177   2.7e-22   75.2   1.0   1   1   1.7e-23   3.1e-22   75.0   1.0     6   156     4   142     1   147 0.93 -
d2fl4a1d.108.1.1     -            146 d1u6ma_d.108.1.1.aln -            177   3.3e-22   74.9   0.4   1   1     2e-23   3.6e-22   74.7   0.4     5   161     2   145     1   146 0.97 -
d1yx0a1d.108.1.1     -            151 d1u6ma_d.108.1.1.aln -            177   9.2e-22   73.4   0.0   1   1   5.5e-23   9.8e-22   73.3   0.0     7   164     2   150     1   151 0.92 -
d2jdca1d.108.1.1     -            145 d1u6ma_d.108.1.1.aln -            177     1e-21   73.2   0.2   1   1   6.4e-23   1.1e-21   73.1   0.2     6   165     1   144     1   145 0.97 -
d2atra1d.108.1.1     -            137 d1u6ma_d.108.1.1.aln -            177   3.2e-21   71.6   0.0   1   1     2e-22   3.6e-21   71.5   0.0     5   160     1   137     1   137 0.93 -
d1n71a_d.108.1.1     -            180 d1u6ma_d.108.1.1.aln -            177   4.8e-21   71.1   0.0   1   1     3e-22   5.3e-21   70.9   0.0     1   170     2   179     2   180 0.98 -
d2fiwa1d.108.1.1     -            156 d1u6ma_d.108.1.1.aln -            177   5.3e-21   70.9   0.0   1   1   3.2e-22   5.7e-21   70.8   0.0     5   165     3   152     1   156 0.92 -
d1yk3a1d.108.1.1     -            198 d1u6ma_d.108.1.1.aln -            177   1.3e-20   69.6   0.1   1   1   8.4e-22   1.5e-20   69.5   0.1     4   176    19   197    16   198 0.97 -
d1bo4a_d.108.1.1     -            137 d1u6ma_d.108.1.1.aln -            177   1.6e-20   69.4   0.0   1   1     1e-21   1.8e-20   69.2   0.0     6   142     3   137     2   137 0.97 -
d1q2ya_d.108.1.1     -            140 d1u6ma_d.108.1.1.aln -            177   8.6e-20   67.0   0.2   1   1   5.4e-21   9.6e-20   66.8   0.2    11   162     4   138     1   139 0.96 -
d2g3aa1d.108.1.1     -            137 d1u6ma_d.108.1.1.aln -            177   2.6e-19   65.4   0.0   1   1   1.5e-20   2.7e-19   65.4   0.0     6   150     1   122     1   137 0.92 -
d1m4ia_d.108.1.1     -            181 d1u6ma_d.108.1.1.aln -            177   5.1e-19   64.5   0.2   1   1   2.8e-19   4.9e-18   61.3   0.2     4   174     1   177     1   180 0.80 -
d1boba_d.108.1.1     -            315 d1u6ma_d.108.1.1.aln -            177   1.9e-18   62.6   0.1   1   1   1.6e-19   2.9e-18   62.0   0.1     2   176    24   218    23   219 0.99 -
d2aj6a1d.108.1.1     -            118 d1u6ma_d.108.1.1.aln -            177   1.3e-17   59.9   0.0   1   1   7.7e-19   1.4e-17   59.8   0.0     5   124     1   116     1   118 0.98 -
d1y7ra1d.108.1.1     -            133 d1u6ma_d.108.1.1.aln -            177   1.5e-17   59.7   0.0   1   1   8.7e-19   1.6e-17   59.6   0.0    11   156     6   132     1   133 0.95 -
d1p0ha_d.108.1.1     -            308 d1u6ma_d.108.1.1.aln -            177   2.2e-17   59.1   0.0   1   3   1.4e-13   2.5e-12   42.7   0.0     2   176    20   214    19   215 0.98 -
d1p0ha_d.108.1.1     -            308 d1u6ma_d.108.1.1.aln -            177   2.2e-17   59.1   0.0   2   3     0.058         1    4.9   0.1    75   105   219   249   213   251 0.79 -
d1p0ha_d.108.1.1     -            308 d1u6ma_d.108.1.1.aln -            177   2.2e-17   59.1   0.0   3   3    0.0046     0.082    8.5   0.0   122   148   276   302   266   307 0.79 -
d2fsra1d.108.1.1     -            164 d1u6ma_d.108.1.1.aln -            177   1.1e-16   56.9   0.0   1   1   6.6e-18   1.2e-16   56.8   0.0     1   161     5   162     5   164 0.96 -
d2p0wa_d.108.1.1     -            319 d1u6ma_d.108.1.1.aln -            177   4.1e-15   51.8   0.2   1   1   3.8e-16   6.9e-15   51.0   0.2     1   176    26   232    26   233 0.99 -
d1u6ma_d.108.1.1     -            189 d1u6ma_d.108.1.1.aln -            177   7.2e-14   47.7   0.0   1   1   9.1e-15   1.6e-13   46.5   0.0    79   146   104   171    74   176 0.89 -
d1r57a_d.108.1.1     -            102 d1u6ma_d.108.1.1.aln -            177   4.5e-13   45.1   0.0   1   1   2.6e-14   4.6e-13   45.1   0.0    87   156    36   101     6   102 0.90 -
d1xmta_d.108.1.1     -             95 d1u6ma_d.108.1.1.aln -            177   2.4e-11   39.5   0.0   1   1   1.5e-12   2.6e-11   39.4   0.0    65   129    20    75     4    93 0.84 -
d2d4pa1d.108.1.1     -            130 d1u6ma_d.108.1.1.aln -            177   3.4e-07   26.0   0.2   1   1   4.8e-08   8.5e-07   24.7   0.2     6   144     1   116     1   128 0.94 -
#
# Program:         hmmsearch
# Version:         3.3.2 (Nov 2020)
# Pipeline mode:   SEARCH
# Query file:      /home/elise/Documents/M1-BIM/S2/TMEs/SBAS/tme08/models/d1u6ma_d.108.1.1.aln.hmm
# Target file:     /home/elise/Documents/M1-BIM/S2/TMEs/SBAS/tme08/scop/scop/scopTestSeq.fasta
# Option settings: hmmsearch --domtblout /home/elise/Documents/M1-BIM/S2/TMEs/SBAS/tme08/searchResults/d1u6ma_d.108.1.1.aln.out -E 1 /home/elise/Documents/M1-BIM/S2/TMEs/SBAS/tme08/models/d1u6ma_d.108.1.1.aln.hmm /home/elise/Documents/M1-BIM/S2/TMEs/SBAS/tme08/scop/scop/scopTestSeq.fasta 
# Current dir:     /home/elise/Documents/M1-BIM/S2/TMEs/SBAS/tme08
# Date:            Tue Apr  1 17:30:44 2025
# [ok]
