#                                                                            --- full sequence --- -------------- this domain -------------   hmm coord   ali coord   env coord
# target name        accession   tlen query name           accession   qlen   E-value  score  bias   #  of  c-Evalue  i-Evalue  score  bias  from    to  from    to  from    to  acc description of target
#------------------- ---------- ----- -------------------- ---------- ----- --------- ------ ----- --- --- --------- --------- ------ ----- ----- ----- ----- ----- ----- ----- ---- ---------------------
d3bmva4c.1.8.1       -            406 d1ua7a2c.1.8.1.aln   -            413  1.5e-111  368.9  18.2   1   1  4.1e-113  1.6e-111  368.8  18.2     7   412    10   406     4   406 0.97 -
d1e43a2c.1.8.1       -            393 d1ua7a2c.1.8.1.aln   -            413   9.8e-99  326.7  18.3   1   1  2.8e-100   1.1e-98  326.5  18.3    11   406     2   393     1   393 0.98 -
d2guya2c.1.8.1       -            381 d1ua7a2c.1.8.1.aln   -            413   1.8e-95  315.9  11.2   1   1   5.1e-97     2e-95  315.8  11.2     5   407     2   372     1   378 0.97 -
d1uoka2c.1.8.1       -            479 d1ua7a2c.1.8.1.aln   -            413   4.5e-88  291.6  19.8   1   1   1.3e-89   5.2e-88  291.4  19.8     5   412     2   479     1   479 0.98 -
d1wzaa2c.1.8.1       -            409 d1ua7a2c.1.8.1.aln   -            413   9.1e-88  290.6  20.5   1   1   2.6e-89     1e-87  290.4  20.5     9   411     2   408     1   409 0.94 -
d1h3ga3c.1.8.1       -            422 d1ua7a2c.1.8.1.aln   -            413   5.9e-84  278.0  14.9   1   1   1.7e-85   6.6e-84  277.9  14.9     3   413     3   422     1   422 0.96 -
d1ji1a3c.1.8.1       -            432 d1ua7a2c.1.8.1.aln   -            413   1.1e-83  277.2  26.2   1   1   3.1e-85   1.2e-83  277.0  26.2     3   413     2   432     1   432 0.97 -
d1wdpa_c.1.8.1       -            493 d1ua7a2c.1.8.1.aln   -            413   1.3e-71  237.4   1.7   1   1   3.7e-73   1.4e-71  237.2   1.7     6   409     4   490     1   493 0.97 -
d1ht6a2c.1.8.1       -            347 d1ua7a2c.1.8.1.aln   -            413   2.3e-71  236.5  11.6   1   1   6.6e-73   2.6e-71  236.4  11.6    11   407     1   346     1   347 0.97 -
d2bhua3c.1.8.1       -            420 d1ua7a2c.1.8.1.aln   -            413   3.2e-65  216.3   5.8   1   1   9.1e-67   3.6e-65  216.2   5.8     5   412    10   419     6   420 0.98 -
d1g5aa2c.1.8.1       -            554 d1ua7a2c.1.8.1.aln   -            413   3.8e-65  216.1   6.0   1   1   1.6e-66   6.2e-65  215.4   6.0    28   413    85   554     1   554 0.91 -
d1bf2a3c.1.8.1       -            475 d1ua7a2c.1.8.1.aln   -            413   4.5e-63  209.3  18.3   1   1   1.4e-64   5.4e-63  209.0  18.3     4   412     9   472     6   473 0.96 -
d1m7xa3c.1.8.1       -            396 d1ua7a2c.1.8.1.aln   -            413   1.6e-59  197.6  25.0   1   1   4.4e-61   1.7e-59  197.4  25.0     4   412     9   395     6   396 0.98 -
d1x1na1c.1.8.1       -            523 d1ua7a2c.1.8.1.aln   -            413   2.6e-56  187.0   0.2   1   1   7.6e-58     3e-56  186.8   0.2     5   413    23   491    19   491 0.97 -
d1r7aa2c.1.8.1       -            434 d1ua7a2c.1.8.1.aln   -            413   6.1e-49  162.7   0.2   1   1   1.7e-50   6.8e-49  162.5   0.2     1   408     1   434     1   434 0.98 -
d2fhfa5c.1.8.1       -            563 d1ua7a2c.1.8.1.aln   -            413   1.7e-47  157.9   0.9   1   1   5.7e-49   2.2e-47  157.5   0.9     4   412    25   562    22   563 0.97 -
d1gjwa2c.1.8.1       -            572 d1ua7a2c.1.8.1.aln   -            413   6.1e-45  149.5   0.0   1   1   1.8e-46     7e-45  149.3   0.0     4   412    39   571    36   572 0.96 -
d1kwga2c.1.8.1       -            393 d1ua7a2c.1.8.1.aln   -            413   2.6e-43  144.2   0.6   1   1   7.2e-45   2.9e-43  144.0   0.6     2   402     4   382     3   393 0.95 -
d1vema2c.1.8.1       -            417 d1ua7a2c.1.8.1.aln   -            413   7.8e-41  136.0   9.5   1   1   2.2e-42   8.6e-41  135.9   9.5     3   410     2   414     1   417 0.98 -
d1ua7a2c.1.8.1       -            344 d1ua7a2c.1.8.1.aln   -            413   1.2e-24   82.7  10.6   1   1   1.7e-25   6.9e-24   80.2  10.6    50   360    29   302    11   324 0.74 -
#
# Program:         hmmsearch
# Version:         3.3.2 (Nov 2020)
# Pipeline mode:   SEARCH
# Query file:      /home/elise/Documents/M1-BIM/S2/TMEs/SBAS/tme08/models/d1ua7a2c.1.8.1.aln.hmm
# Target file:     /home/elise/Documents/M1-BIM/S2/TMEs/SBAS/tme08/scop/scop/scopTestSeq.fasta
# Option settings: hmmsearch --domtblout /home/elise/Documents/M1-BIM/S2/TMEs/SBAS/tme08/searchResults/d1ua7a2c.1.8.1.aln.out -E 1 /home/elise/Documents/M1-BIM/S2/TMEs/SBAS/tme08/models/d1ua7a2c.1.8.1.aln.hmm /home/elise/Documents/M1-BIM/S2/TMEs/SBAS/tme08/scop/scop/scopTestSeq.fasta 
# Current dir:     /home/elise/Documents/M1-BIM/S2/TMEs/SBAS/tme08
# Date:            Tue Apr  1 17:30:44 2025
# [ok]
