#                                                                            --- full sequence --- -------------- this domain -------------   hmm coord   ali coord   env coord
# target name        accession   tlen query name           accession   qlen   E-value  score  bias   #  of  c-Evalue  i-Evalue  score  bias  from    to  from    to  from    to  acc description of target
#------------------- ---------- ----- -------------------- ---------- ----- --------- ------ ----- --- --- --------- --------- ------ ----- ----- ----- ----- ----- ----- ----- ---- ---------------------
d3bmva3b.71.1.1      -             89 d1uasa1b.71.1.1.aln  -             87   2.2e-22   74.4   4.9   1   1   6.7e-24   2.4e-22   74.3   4.9     1    86     1    86     1    87 0.99 -
d1e43a1b.71.1.1      -             90 d1uasa1b.71.1.1.aln  -             87   1.4e-20   68.6   1.7   1   1   4.4e-22   1.6e-20   68.5   1.7     2    86     5    89     4    90 0.97 -
d2guya1b.71.1.1      -             95 d1uasa1b.71.1.1.aln  -             87   7.4e-20   66.3   0.5   1   1   2.2e-21     8e-20   66.2   0.5     4    87     3    86     1    86 0.97 -
d1ji1a2b.71.1.1      -             83 d1uasa1b.71.1.1.aln  -             87     1e-14   50.0   3.0   1   1     3e-16   1.1e-14   49.9   3.0     3    83     2    82     1    83 0.96 -
d1ea9c2b.71.1.1      -             80 d1uasa1b.71.1.1.aln  -             87   3.8e-13   45.0   0.0   1   1   1.1e-14     4e-13   44.9   0.0     2    80     1    79     1    80 0.97 -
d1m7xa2b.71.1.1      -            106 d1uasa1b.71.1.1.aln  -             87   6.6e-13   44.2   0.0   1   1     2e-14   7.2e-13   44.1   0.0     7    84    11    88     5    91 0.93 -
d1h3ga2b.71.1.1      -             83 d1uasa1b.71.1.1.aln  -             87   1.9e-12   42.7   0.0   1   1   5.3e-14   1.9e-12   42.7   0.0     6    81     5    80     1    83 0.94 -
d1bf2a2b.71.1.1      -            113 d1uasa1b.71.1.1.aln  -             87   3.6e-12   41.8   6.3   1   1   1.3e-13   4.6e-12   41.5   6.3     2    86     5    89     4    90 0.96 -
d1szna1b.71.1.1      -            103 d1uasa1b.71.1.1.aln  -             87   9.4e-11   37.3   0.2   1   1     3e-12   1.1e-10   37.1   0.2     4    86    15    97    12    98 0.96 -
d1mxga1b.71.1.1      -             74 d1uasa1b.71.1.1.aln  -             87   1.7e-10   36.5   1.6   1   1   4.9e-12   1.8e-10   36.5   1.6     4    74     3    73     1    74 0.96 -
d1j0ha2b.71.1.1      -             83 d1uasa1b.71.1.1.aln  -             87   4.2e-10   35.3   0.0   1   1   1.2e-11   4.3e-10   35.2   0.0     5    85     5    79     1    81 0.94 -
d1ua7a1b.71.1.1      -             78 d1uasa1b.71.1.1.aln  -             87   1.1e-09   34.0   0.4   1   1   3.5e-11   1.3e-09   33.7   0.4     5    73     6    74     3    77 0.95 -
d2fhfa4b.71.1.1      -            118 d1uasa1b.71.1.1.aln  -             87   2.9e-09   32.6   0.0   1   1     1e-10   3.6e-09   32.3   0.0     1    84    18   101    18   104 0.96 -
d1r7aa1b.71.1.1      -             70 d1uasa1b.71.1.1.aln  -             87   4.1e-09   32.1   0.1   1   1   1.2e-10   4.3e-09   32.0   0.1     2    59     4    61     3    69 0.95 -
d1wzaa1b.71.1.1      -             79 d1uasa1b.71.1.1.aln  -             87   7.7e-09   31.2   0.1   1   1   2.2e-10     8e-09   31.2   0.1     4    78     2    76     1    79 0.95 -
d1g5aa1b.71.1.1      -             74 d1uasa1b.71.1.1.aln  -             87   1.2e-07   27.4   0.0   1   1   3.5e-09   1.3e-07   27.4   0.0     5    73     3    71     1    74 0.95 -
d1gjwa1b.71.1.1      -             64 d1uasa1b.71.1.1.aln  -             87   3.2e-06   22.9   0.0   1   1   8.8e-08   3.2e-06   22.9   0.0     5    57     4    56     1    64 0.88 -
d1lwha1b.71.1.1      -             50 d1uasa1b.71.1.1.aln  -             87   9.2e-05   18.2   0.0   1   1   2.6e-06   9.2e-05   18.2   0.0     5    50     3    48     1    50 0.92 -
d1ht6a1b.71.1.1      -             57 d1uasa1b.71.1.1.aln  -             87   0.00012   17.9   0.0   1   1   3.7e-06   0.00013   17.7   0.0     6    54     8    56     4    57 0.93 -
d2bhua2b.71.1.1      -             72 d1uasa1b.71.1.1.aln  -             87   0.00038   16.3   0.0   1   1   1.2e-05   0.00043   16.1   0.0     2    67     1    66     1    71 0.92 -
d1gcya1b.71.1.1      -             61 d1uasa1b.71.1.1.aln  -             87   0.00086   15.1   0.5   1   1   2.5e-05   0.00089   15.1   0.5    11    69     3    60     1    61 0.93 -
d1kwga1b.71.1.1      -             54 d1uasa1b.71.1.1.aln  -             87    0.0051   12.7   0.0   1   1   0.00015    0.0054   12.6   0.0    14    59     8    53     3    54 0.91 -
#
# Program:         hmmsearch
# Version:         3.3.2 (Nov 2020)
# Pipeline mode:   SEARCH
# Query file:      /home/elise/Documents/M1-BIM/S2/TMEs/SBAS/tme08/models/d1uasa1b.71.1.1.aln.hmm
# Target file:     /home/elise/Documents/M1-BIM/S2/TMEs/SBAS/tme08/scop/scop/scopTestSeq.fasta
# Option settings: hmmsearch --domtblout /home/elise/Documents/M1-BIM/S2/TMEs/SBAS/tme08/searchResults/d1uasa1b.71.1.1.aln.out -E 1 /home/elise/Documents/M1-BIM/S2/TMEs/SBAS/tme08/models/d1uasa1b.71.1.1.aln.hmm /home/elise/Documents/M1-BIM/S2/TMEs/SBAS/tme08/scop/scop/scopTestSeq.fasta 
# Current dir:     /home/elise/Documents/M1-BIM/S2/TMEs/SBAS/tme08
# Date:            Tue Apr  1 17:30:44 2025
# [ok]
