#                                                                            --- full sequence --- -------------- this domain -------------   hmm coord   ali coord   env coord
# target name        accession   tlen query name           accession   qlen   E-value  score  bias   #  of  c-Evalue  i-Evalue  score  bias  from    to  from    to  from    to  acc description of target
#------------------- ---------- ----- -------------------- ---------- ----- --------- ------ ----- --- --- --------- --------- ------ ----- ----- ----- ----- ----- ----- ----- ---- ---------------------
d3bmva3b.71.1.1      -             89 d1ua7a1b.71.1.1.aln  -             89   1.5e-22   75.1   5.0   1   1   4.5e-24   1.6e-22   75.0   5.0     1    87     1    87     1    89 0.98 -
d2guya1b.71.1.1      -             95 d1ua7a1b.71.1.1.aln  -             89   1.8e-20   68.5   0.3   1   1   5.6e-22     2e-20   68.4   0.3     4    88     3    87     1    88 0.97 -
d1e43a1b.71.1.1      -             90 d1ua7a1b.71.1.1.aln  -             89   4.3e-20   67.3   1.7   1   1   1.3e-21   4.7e-20   67.2   1.7     1    86     4    89     4    90 0.98 -
d1uasa1b.71.1.1      -             89 d1ua7a1b.71.1.1.aln  -             89   4.2e-16   54.6   0.7   1   1   1.2e-17   4.5e-16   54.5   0.7     2    88     2    88     1    89 0.97 -
d1ji1a2b.71.1.1      -             83 d1ua7a1b.71.1.1.aln  -             89   1.2e-14   49.9   2.8   1   1   3.5e-16   1.2e-14   49.8   2.8     3    81     2    80     1    83 0.95 -
d1ea9c2b.71.1.1      -             80 d1ua7a1b.71.1.1.aln  -             89   4.6e-14   48.0   0.0   1   1   1.4e-15   4.9e-14   47.9   0.0     3    80     2    79     1    80 0.96 -
d1szna1b.71.1.1      -            103 d1ua7a1b.71.1.1.aln  -             89   1.9e-13   46.1   0.1   1   1   6.2e-15   2.2e-13   45.9   0.1     3    89    14   100    12   100 0.97 -
d1m7xa2b.71.1.1      -            106 d1ua7a1b.71.1.1.aln  -             89   2.7e-13   45.6   0.0   1   1   8.4e-15     3e-13   45.4   0.0     3    87     5    89     3    91 0.96 -
d1bf2a2b.71.1.1      -            113 d1ua7a1b.71.1.1.aln  -             89   1.2e-12   43.5   6.7   1   1   4.1e-14   1.5e-12   43.2   6.7     2    88     5    91     4    92 0.97 -
d1h3ga2b.71.1.1      -             83 d1ua7a1b.71.1.1.aln  -             89   2.6e-12   42.4   0.0   1   1   8.2e-14   2.9e-12   42.3   0.0     5    78     2    75     1    82 0.93 -
d1j0ha2b.71.1.1      -             83 d1ua7a1b.71.1.1.aln  -             89   4.1e-11   38.6   0.0   1   1   1.2e-12   4.3e-11   38.5   0.0     5    89     5    83     1    83 0.95 -
d1g5aa1b.71.1.1      -             74 d1ua7a1b.71.1.1.aln  -             89   4.6e-11   38.5   0.0   1   1   1.4e-12   4.9e-11   38.4   0.0     7    78     2    73     1    74 0.96 -
d2fhfa4b.71.1.1      -            118 d1ua7a1b.71.1.1.aln  -             89   4.2e-10   35.4   0.0   1   1   1.4e-11     5e-10   35.1   0.0     1    86    18   103    18   106 0.97 -
d1mxga1b.71.1.1      -             74 d1ua7a1b.71.1.1.aln  -             89   4.8e-10   35.2   2.0   1   1   1.4e-11   5.1e-10   35.1   2.0     3    74     3    74     1    74 0.96 -
d1wzaa1b.71.1.1      -             79 d1ua7a1b.71.1.1.aln  -             89   9.1e-10   34.3   0.1   1   1   2.6e-11   9.3e-10   34.3   0.1     5    77     3    75     1    79 0.93 -
d1r7aa1b.71.1.1      -             70 d1ua7a1b.71.1.1.aln  -             89   2.4e-09   33.0   0.1   1   1   6.7e-11   2.4e-09   33.0   0.1     2    63     4    65     3    70 0.92 -
d1gjwa1b.71.1.1      -             64 d1ua7a1b.71.1.1.aln  -             89   8.3e-07   24.8   0.0   1   1   2.6e-08   9.2e-07   24.7   0.0    11    66     8    63     3    64 0.93 -
d2bhua2b.71.1.1      -             72 d1ua7a1b.71.1.1.aln  -             89   2.1e-06   23.6   0.0   1   1   6.1e-08   2.2e-06   23.5   0.0     4    71     2    69     1    72 0.94 -
d1ht6a1b.71.1.1      -             57 d1ua7a1b.71.1.1.aln  -             89   5.2e-06   22.3   0.1   1   1   1.6e-07   5.8e-06   22.1   0.1    15    66     5    56     2    57 0.92 -
d1lwha1b.71.1.1      -             50 d1ua7a1b.71.1.1.aln  -             89   4.1e-05   19.5   0.0   1   1   1.1e-06   4.1e-05   19.5   0.0     5    48     3    46     1    50 0.88 -
d1gcya1b.71.1.1      -             61 d1ua7a1b.71.1.1.aln  -             89   9.6e-05   18.3   0.5   1   1   2.8e-06    0.0001   18.2   0.5    11    69     3    60     1    61 0.95 -
d1kwga1b.71.1.1      -             54 d1ua7a1b.71.1.1.aln  -             89    0.0047   12.9   0.0   1   1   0.00013    0.0047   12.9   0.0    12    58     6    52     1    54 0.90 -
#
# Program:         hmmsearch
# Version:         3.3.2 (Nov 2020)
# Pipeline mode:   SEARCH
# Query file:      /home/elise/Documents/M1-BIM/S2/TMEs/SBAS/tme08/models/d1ua7a1b.71.1.1.aln.hmm
# Target file:     /home/elise/Documents/M1-BIM/S2/TMEs/SBAS/tme08/scop/scop/scopTestSeq.fasta
# Option settings: hmmsearch --domtblout /home/elise/Documents/M1-BIM/S2/TMEs/SBAS/tme08/searchResults/d1ua7a1b.71.1.1.aln.out -E 1 /home/elise/Documents/M1-BIM/S2/TMEs/SBAS/tme08/models/d1ua7a1b.71.1.1.aln.hmm /home/elise/Documents/M1-BIM/S2/TMEs/SBAS/tme08/scop/scop/scopTestSeq.fasta 
# Current dir:     /home/elise/Documents/M1-BIM/S2/TMEs/SBAS/tme08
# Date:            Tue Apr  1 17:30:44 2025
# [ok]
