#                                                                            --- full sequence --- -------------- this domain -------------   hmm coord   ali coord   env coord
# target name        accession   tlen query name           accession   qlen   E-value  score  bias   #  of  c-Evalue  i-Evalue  score  bias  from    to  from    to  from    to  acc description of target
#------------------- ---------- ----- -------------------- ---------- ----- --------- ------ ----- --- --- --------- --------- ------ ----- ----- ----- ----- ----- ----- ----- ---- ---------------------
d3bzka4b.40.4.5      -             94 d1ueba3b.40.4.5.aln  -             92   5.1e-14   47.9   0.8   1   1   2.4e-15   5.5e-14   47.8   0.8     4    87    14    91    11    94 0.90 -
d1kl9a2b.40.4.5      -             86 d1ueba3b.40.4.5.aln  -             92     9e-14   47.1   0.7   1   1   4.2e-15   9.8e-14   47.0   0.7     2    85     7    86     6    86 0.93 -
d1c9oa_b.40.4.5      -             66 d1ueba3b.40.4.5.aln  -             92   2.9e-13   45.5   0.1   1   1   1.3e-14   3.1e-13   45.4   0.1    11    85     1    65     1    66 0.96 -
d2uubl1b.40.4.5      -            118 d1ueba3b.40.4.5.aln  -             92   1.1e-12   43.6   1.8   1   1   7.6e-14   1.8e-12   43.0   1.8     2    91    25   113    24   114 0.97 -
d2uubq1b.40.4.5      -            100 d1ueba3b.40.4.5.aln  -             92   1.9e-12   42.9   2.6   1   1   9.2e-14   2.1e-12   42.7   2.6     7    89     3    84     1    87 0.95 -
d1luza_b.40.4.5      -             85 d1ueba3b.40.4.5.aln  -             92   1.2e-11   40.4   0.4   1   1   5.6e-13   1.3e-11   40.3   0.4     2    90     2    85     1    85 0.96 -
d2je6i1b.40.4.5      -             87 d1ueba3b.40.4.5.aln  -             92   2.3e-11   39.5   0.5   1   1   1.1e-12   2.6e-11   39.3   0.5     2    90     1    86     1    87 0.94 -
d1go3e1b.40.4.5      -            106 d1ueba3b.40.4.5.aln  -             92   3.5e-11   38.9   0.9   1   1   1.8e-12   4.2e-11   38.6   0.9     6    91     1    90     1    91 0.91 -
d1y14b1b.40.4.5      -             91 d1ueba3b.40.4.5.aln  -             92   9.1e-11   37.6   0.0   1   1   4.4e-12     1e-10   37.4   0.0     6    90     1    83     1    85 0.93 -
d2ja9a1b.40.4.5      -             90 d1ueba3b.40.4.5.aln  -             92   1.3e-10   37.1   0.0   1   1   6.3e-12   1.5e-10   36.9   0.0     3    89     2    82     1    85 0.95 -
d2nn6h1b.40.4.5      -             95 d1ueba3b.40.4.5.aln  -             92   1.5e-10   36.9   0.0   1   1   7.3e-12   1.7e-10   36.7   0.0     2    83     2    87     1    94 0.94 -
d1rl2a2b.40.4.5      -             66 d1ueba3b.40.4.5.aln  -             92   4.2e-10   35.5   0.1   1   1   1.9e-11   4.5e-10   35.4   0.1    26    88     2    63     1    65 0.95 -
d2nn6i1b.40.4.5      -            125 d1ueba3b.40.4.5.aln  -             92   4.3e-10   35.4   0.0   1   1   2.1e-11   4.9e-10   35.2   0.0     3    89     2    92     1    95 0.94 -
d1wfqa_b.40.4.5      -             89 d1ueba3b.40.4.5.aln  -             92   8.2e-10   34.5   0.0   1   1   4.1e-11   9.5e-10   34.3   0.0     8    91     6    88     2    89 0.94 -
d1wi5a_b.40.4.5      -            119 d1ueba3b.40.4.5.aln  -             92     8e-09   31.4   0.0   1   1   4.8e-10   1.1e-08   30.9   0.0     6    86    19    95    14   100 0.94 -
d1e3pa2b.40.4.5      -             62 d1ueba3b.40.4.5.aln  -             92   1.1e-08   31.0   0.2   1   1   4.9e-10   1.1e-08   30.9   0.2    14    76     1    61     1    62 0.96 -
d1jt8a_b.40.4.5      -            102 d1ueba3b.40.4.5.aln  -             92   1.6e-08   30.4   1.1   1   1   7.7e-10   1.8e-08   30.3   1.1     2    90     8    96     7    98 0.96 -
d2ix0a1b.40.4.5      -             90 d1ueba3b.40.4.5.aln  -             92   7.2e-08   28.4   0.0   1   1   3.3e-09   7.6e-08   28.3   0.0     5    88     4    88     1    90 0.95 -
d1smxa_b.40.4.5      -             87 d1ueba3b.40.4.5.aln  -             92   3.7e-07   26.1   0.0   1   1   1.7e-08   3.9e-07   26.0   0.0     7    84     2    81     1    87 0.93 -
d1hh2p1b.40.4.5      -             72 d1ueba3b.40.4.5.aln  -             92   4.9e-07   25.7   0.5   1   1   2.3e-08   5.3e-07   25.6   0.5    17    84     5    71     2    72 0.92 -
d3i4oa_b.40.4.5      -             68 d1ueba3b.40.4.5.aln  -             92   6.8e-07   25.3   0.3   1   1   3.1e-08   7.2e-07   25.2   0.3     7    73     3    68     1    68 0.96 -
d1bkba2b.40.4.5      -             65 d1ueba3b.40.4.5.aln  -             92   5.2e-06   22.4   0.3   1   1   2.4e-07   5.6e-06   22.3   0.3     9    73     2    64     1    65 0.92 -
d1khia2b.40.4.5      -             71 d1ueba3b.40.4.5.aln  -             92   5.4e-06   22.4   0.1   1   1   2.5e-07   5.9e-06   22.3   0.1     3    76     1    70     1    71 0.94 -
d2vnud2b.40.4.5      -             88 d1ueba3b.40.4.5.aln  -             92   6.5e-06   22.2   0.5   1   1     3e-07   6.9e-06   22.1   0.5     1    88     1    87     1    88 0.97 -
d1ne3a_b.40.4.5      -             68 d1ueba3b.40.4.5.aln  -             92   9.2e-06   21.7   0.1   1   1     4e-07   9.2e-06   21.7   0.1    10    71     6    66     1    68 0.91 -
d2asba1b.40.4.5      -             76 d1ueba3b.40.4.5.aln  -             92   1.4e-05   21.0   0.2   1   1   6.6e-07   1.5e-05   21.0   0.2     6    84     2    75     1    76 0.94 -
d2vnud3b.40.4.5      -            148 d1ueba3b.40.4.5.aln  -             92   2.3e-05   20.4   0.0   1   1   1.3e-06     3e-05   20.0   0.0     2    90    43   135    42   137 0.92 -
d1d7qa_b.40.4.5      -            143 d1ueba3b.40.4.5.aln  -             92   3.3e-05   19.9   0.0   1   1   2.3e-06   5.3e-05   19.3   0.0     2    91    31   124    30   125 0.96 -
d1x6oa2b.40.4.5      -             79 d1ueba3b.40.4.5.aln  -             92   4.7e-05   19.4   0.0   1   1   2.1e-06     5e-05   19.3   0.0     5    84     2    77     1    79 0.91 -
d1u0la1b.40.4.5      -             66 d1ueba3b.40.4.5.aln  -             92   0.00016   17.7   0.2   1   1   7.9e-06   0.00018   17.5   0.2    11    62     2    53     1    65 0.89 -
d1jjga_b.40.4.5      -            102 d1ueba3b.40.4.5.aln  -             92   0.00025   17.1   0.4   1   1   1.2e-05   0.00028   17.0   0.4     3    90     5    96     3    98 0.95 -
d2ix0a3b.40.4.5      -             87 d1ueba3b.40.4.5.aln  -             92   0.00027   17.0   0.2   1   1   1.2e-05   0.00029   16.9   0.2     9    90     4    85     1    87 0.94 -
d1a62a2b.40.4.5      -             78 d1ueba3b.40.4.5.aln  -             92   0.00058   15.9   0.0   1   1   2.8e-05   0.00066   15.8   0.0    14    86     6    77     3    78 0.94 -
d2ix0a2b.40.4.5      -             79 d1ueba3b.40.4.5.aln  -             92    0.0055   12.9   0.0   1   1   0.00025    0.0058   12.8   0.0    16    85    11    77     2    79 0.82 -
#
# Program:         hmmsearch
# Version:         3.3.2 (Nov 2020)
# Pipeline mode:   SEARCH
# Query file:      /home/elise/Documents/M1-BIM/S2/TMEs/SBAS/tme08/models/d1ueba3b.40.4.5.aln.hmm
# Target file:     /home/elise/Documents/M1-BIM/S2/TMEs/SBAS/tme08/scop/scop/scopTestSeq.fasta
# Option settings: hmmsearch --domtblout /home/elise/Documents/M1-BIM/S2/TMEs/SBAS/tme08/searchResults/d1ueba3b.40.4.5.aln.out -E 1 /home/elise/Documents/M1-BIM/S2/TMEs/SBAS/tme08/models/d1ueba3b.40.4.5.aln.hmm /home/elise/Documents/M1-BIM/S2/TMEs/SBAS/tme08/scop/scop/scopTestSeq.fasta 
# Current dir:     /home/elise/Documents/M1-BIM/S2/TMEs/SBAS/tme08
# Date:            Tue Apr  1 17:30:44 2025
# [ok]
