#                                                                            --- full sequence --- -------------- this domain -------------   hmm coord   ali coord   env coord
# target name        accession   tlen query name           accession   qlen   E-value  score  bias   #  of  c-Evalue  i-Evalue  score  bias  from    to  from    to  from    to  acc description of target
#------------------- ---------- ----- -------------------- ---------- ----- --------- ------ ----- --- --- --------- --------- ------ ----- ----- ----- ----- ----- ----- ----- ---- ---------------------
d2hyja2a.121.1.1     -            118 d1ui5a2a.121.1.1.aln -            121   1.9e-21   72.4   3.7   1   1   7.5e-23     2e-21   72.3   3.7     3   113     4   116     2   118 0.97 -
d2gfna2a.121.1.1     -            119 d1ui5a2a.121.1.1.aln -            121   3.1e-19   65.3   5.2   1   1   1.2e-20   3.3e-19   65.2   5.2     4   117     3   118     1   119 0.96 -
d2i10a2a.121.1.1     -            116 d1ui5a2a.121.1.1.aln -            121   1.4e-18   63.2   1.7   1   1   5.5e-20   1.5e-18   63.1   1.7     2   113     3   116     2   116 0.98 -
d1z0xa2a.121.1.1     -            149 d1ui5a2a.121.1.1.aln -            121   3.3e-18   62.0   0.0   1   1   1.4e-19   3.9e-18   61.8   0.0     3   120     1   141     1   142 0.99 -
d1vi0a2a.121.1.1     -            117 d1ui5a2a.121.1.1.aln -            121   1.3e-17   60.0   0.0   1   1   5.3e-19   1.4e-17   59.9   0.0     2   117     2   115     1   117 0.97 -
d2id3a2a.121.1.1     -            123 d1ui5a2a.121.1.1.aln -            121   2.4e-17   59.3   5.1   1   1   9.5e-19   2.6e-17   59.1   5.1     3   120     4   120     2   121 0.97 -
d2gena2a.121.1.1     -            118 d1ui5a2a.121.1.1.aln -            121   3.2e-17   58.8   4.6   1   1   1.3e-18   3.5e-17   58.7   4.6     4   118     6   117     3   118 0.95 -
d1t56a2a.121.1.1     -            120 d1ui5a2a.121.1.1.aln -            121   4.3e-17   58.4   1.7   1   1   1.7e-18   4.7e-17   58.3   1.7     1   118     1   119     1   120 0.98 -
d1rkta2a.121.1.1     -            123 d1ui5a2a.121.1.1.aln -            121   2.9e-16   55.8   0.1   1   1   1.1e-17   3.1e-16   55.7   0.1     3   120     4   121     2   122 0.96 -
d1t33a2a.121.1.1     -            132 d1ui5a2a.121.1.1.aln -            121   3.6e-16   55.4   0.2   1   1   1.5e-17     4e-16   55.3   0.2     1   120     3   127     3   128 0.98 -
d2g3ba2a.121.1.1     -            116 d1ui5a2a.121.1.1.aln -            121   6.5e-16   54.6   1.1   1   1   2.6e-17     7e-16   54.5   1.1     3   114     2   115     1   116 0.98 -
d2g7sa2a.121.1.1     -            116 d1ui5a2a.121.1.1.aln -            121   1.5e-15   53.5   1.0   1   1   5.9e-17   1.6e-15   53.4   1.0     2   111     3   114     2   116 0.96 -
d2id6a2a.121.1.1     -            125 d1ui5a2a.121.1.1.aln -            121   2.2e-15   52.9   0.0   1   1   8.8e-17   2.4e-15   52.8   0.0     3   119     4   119     2   121 0.97 -
d2fbqa2a.121.1.1     -            134 d1ui5a2a.121.1.1.aln -            121   2.4e-15   52.8   0.2   1   1   9.8e-17   2.7e-15   52.7   0.2     2   120     2   128     1   129 0.98 -
d2fq4a2a.121.1.1     -            115 d1ui5a2a.121.1.1.aln -            121   3.6e-15   52.2   0.0   1   1   1.4e-16   3.8e-15   52.2   0.0     4   115     6   112     3   115 0.96 -
d2hkua2a.121.1.1     -            121 d1ui5a2a.121.1.1.aln -            121   6.5e-15   51.4   0.0   1   1   2.8e-16   7.5e-15   51.2   0.0     5   114     2   114     1   120 0.96 -
d2fx0a2a.121.1.1     -            122 d1ui5a2a.121.1.1.aln -            121   8.6e-15   51.0   0.0   1   1   3.3e-16   9.1e-15   51.0   0.0     5   119     5   118     1   120 0.95 -
d2d6ya2a.121.1.1     -            118 d1ui5a2a.121.1.1.aln -            121     1e-14   50.8   0.5   1   1     4e-16   1.1e-14   50.7   0.5     8   120     5   116     1   117 0.96 -
d3c07a2a.121.1.1     -            146 d1ui5a2a.121.1.1.aln -            121   2.1e-14   49.8   1.5   1   1   8.7e-16   2.4e-14   49.6   1.5     1   120     1   133     1   134 0.98 -
d2g7ga2a.121.1.1     -            132 d1ui5a2a.121.1.1.aln -            121   1.2e-13   47.3   7.0   1   1   5.1e-15   1.4e-13   47.1   7.0     4   121     2   126     1   126 0.93 -
d2iu5a2a.121.1.1     -            109 d1ui5a2a.121.1.1.aln -            121   2.4e-13   46.4   0.0   1   1   9.3e-15   2.5e-13   46.3   0.0     4   116     3   108     1   109 0.97 -
d1sgma2a.121.1.1     -            111 d1ui5a2a.121.1.1.aln -            121     3e-13   46.1   0.0   1   1   1.2e-14   3.2e-13   46.0   0.0     3   117     4   111     2   111 0.97 -
d2np3a2a.121.1.1     -            112 d1ui5a2a.121.1.1.aln -            121   3.5e-13   45.9   3.8   1   1   1.5e-14     4e-13   45.7   3.8     2   120     2   109     1   110 0.96 -
d2g7la2a.121.1.1     -            144 d1ui5a2a.121.1.1.aln -            121   3.8e-13   45.8   5.6   1   1   1.6e-14   4.3e-13   45.6   5.6     3   119     1   135     1   137 0.97 -
d2oi8a2a.121.1.1     -            130 d1ui5a2a.121.1.1.aln -            121   1.3e-12   44.0   1.5   1   1   5.3e-14   1.4e-12   43.9   1.5     5   119     3   122     1   124 0.96 -
d2np5a2a.121.1.1     -            118 d1ui5a2a.121.1.1.aln -            121   3.5e-12   42.7   2.7   1   1   1.4e-13   3.8e-12   42.6   2.7     3   120     3   115     1   116 0.94 -
d2fd5a2a.121.1.1     -            104 d1ui5a2a.121.1.1.aln -            121   2.9e-10   36.5   1.6   1   1   1.1e-11   3.1e-10   36.4   1.6     5   112     3   103     1   104 0.96 -
d2o7ta2a.121.1.1     -            110 d1ui5a2a.121.1.1.aln -            121   4.3e-09   32.7   0.0   1   1   1.7e-10   4.7e-09   32.6   0.0     1   119     1   108     1   110 0.96 -
d1zk8a2a.121.1.1     -            105 d1ui5a2a.121.1.1.aln -            121     1e-08   31.5   0.0   1   1   4.7e-10   1.3e-08   31.2   0.0     4   119     2   104     1   105 0.97 -
#
# Program:         hmmsearch
# Version:         3.3.2 (Nov 2020)
# Pipeline mode:   SEARCH
# Query file:      /home/elise/Documents/M1-BIM/S2/TMEs/SBAS/tme08/models/d1ui5a2a.121.1.1.aln.hmm
# Target file:     /home/elise/Documents/M1-BIM/S2/TMEs/SBAS/tme08/scop/scop/scopTestSeq.fasta
# Option settings: hmmsearch --domtblout /home/elise/Documents/M1-BIM/S2/TMEs/SBAS/tme08/searchResults/d1ui5a2a.121.1.1.aln.out -E 1 /home/elise/Documents/M1-BIM/S2/TMEs/SBAS/tme08/models/d1ui5a2a.121.1.1.aln.hmm /home/elise/Documents/M1-BIM/S2/TMEs/SBAS/tme08/scop/scop/scopTestSeq.fasta 
# Current dir:     /home/elise/Documents/M1-BIM/S2/TMEs/SBAS/tme08
# Date:            Tue Apr  1 17:30:45 2025
# [ok]
