#                                                                            --- full sequence --- -------------- this domain -------------   hmm coord   ali coord   env coord
# target name        accession   tlen query name           accession   qlen   E-value  score  bias   #  of  c-Evalue  i-Evalue  score  bias  from    to  from    to  from    to  acc description of target
#------------------- ---------- ----- -------------------- ---------- ----- --------- ------ ----- --- --- --------- --------- ------ ----- ----- ----- ----- ----- ----- ----- ---- ---------------------
d1j0ha1b.1.18.2      -            123 d1ulva2b.1.18.2.aln  -            105   1.4e-32  107.8   0.0   1   1   3.7e-34   1.6e-32  107.6   0.0     1   105    13   117    13   117 0.99 -
d1ji1a1b.1.18.2      -            122 d1ulva2b.1.18.2.aln  -            105   4.9e-23   77.1   3.4   1   1   1.3e-24   5.5e-23   77.0   3.4     2   103    20   121    19   122 0.98 -
d1m7xa1b.1.18.2      -            110 d1ulva2b.1.18.2.aln  -            105   8.3e-20   66.8   0.0   1   1     2e-21     9e-20   66.6   0.0     2   103     2   102     1   104 0.97 -
d3bmva1b.1.18.2      -             83 d1ulva2b.1.18.2.aln  -            105   5.5e-19   64.1   1.8   1   1   1.3e-20   5.8e-19   64.0   1.8     8    92     2    80     1    83 0.96 -
d1clca2b.1.18.2      -            100 d1ulva2b.1.18.2.aln  -            105   2.2e-18   62.2   0.2   1   1   5.3e-20   2.3e-18   62.1   0.2     5   102     2    98     1   100 0.97 -
d2bhua1b.1.18.2      -             97 d1ulva2b.1.18.2.aln  -            105   7.2e-18   60.5   0.1   1   1   1.7e-19   7.6e-18   60.4   0.1     8   102     3    96     1    97 0.97 -
d2fhfa1b.1.18.2      -            115 d1ulva2b.1.18.2.aln  -            105   1.8e-17   59.2   2.7   1   1   4.5e-19     2e-17   59.1   2.7     2   103     3   105     2   107 0.98 -
d1edqa1b.1.18.2      -            109 d1ulva2b.1.18.2.aln  -            105   7.3e-17   57.3   2.3   1   1   1.8e-18   7.9e-17   57.2   2.3     3   104     1   108     1   109 0.98 -
d1w8oa1b.1.18.2      -            103 d1ulva2b.1.18.2.aln  -            105     9e-16   53.8   2.0   1   1   2.2e-17   9.6e-16   53.7   2.0     2    97     2    99     1   103 0.97 -
d1bf2a1b.1.18.2      -            162 d1ulva2b.1.18.2.aln  -            105   9.7e-16   53.7   5.2   1   1   2.2e-17   9.7e-16   53.7   5.2     3   104    20   134    18   135 0.98 -
d1ut9a2b.1.18.2      -             98 d1ulva2b.1.18.2.aln  -            105   9.8e-16   53.7   0.3   1   1   2.4e-17   1.1e-15   53.5   0.3     2    97     3    98     2    98 0.98 -
d1h3ga1b.1.18.2      -             93 d1ulva2b.1.18.2.aln  -            105   1.1e-15   53.5   0.0   1   1   2.6e-17   1.1e-15   53.5   0.0     6    97     3    92     1    93 0.95 -
d1txka1b.1.18.2      -            115 d1ulva2b.1.18.2.aln  -            105   2.6e-15   52.3   1.3   1   1   6.5e-17   2.8e-15   52.2   1.3     1   104     4   110     4   111 0.98 -
d1k3ia1b.1.18.2      -            102 d1ulva2b.1.18.2.aln  -            105   2.7e-15   52.3   1.0   1   1   6.5e-17   2.8e-15   52.2   1.0     7    94     4   100     1   102 0.96 -
d1qbaa1b.1.18.2      -            105 d1ulva2b.1.18.2.aln  -            105   1.4e-14   50.0   0.0   1   1   3.3e-16   1.5e-14   49.9   0.0     4   101     3   104     1   105 0.93 -
d2fhfa2b.1.18.2      -            125 d1ulva2b.1.18.2.aln  -            105   1.7e-13   46.4   0.2   1   1   4.3e-15   1.9e-13   46.3   0.2     2   104     8   123     7   124 0.97 -
d2bvya1b.1.18.2      -             94 d1ulva2b.1.18.2.aln  -            105   2.5e-10   36.3  10.0   1   1   5.9e-12   2.6e-10   36.2  10.0     2    88     1    86     1    94 0.95 -
d1f1sa2b.1.18.2      -             78 d1ulva2b.1.18.2.aln  -            105     1e-08   31.1   0.4   1   1   2.5e-10   1.1e-08   31.0   0.4    10    88     2    78     1    78 0.97 -
#
# Program:         hmmsearch
# Version:         3.3.2 (Nov 2020)
# Pipeline mode:   SEARCH
# Query file:      /home/elise/Documents/M1-BIM/S2/TMEs/SBAS/tme08/models/d1ulva2b.1.18.2.aln.hmm
# Target file:     /home/elise/Documents/M1-BIM/S2/TMEs/SBAS/tme08/scop/scop/scopTestSeq.fasta
# Option settings: hmmsearch --domtblout /home/elise/Documents/M1-BIM/S2/TMEs/SBAS/tme08/searchResults/d1ulva2b.1.18.2.aln.out -E 1 /home/elise/Documents/M1-BIM/S2/TMEs/SBAS/tme08/models/d1ulva2b.1.18.2.aln.hmm /home/elise/Documents/M1-BIM/S2/TMEs/SBAS/tme08/scop/scop/scopTestSeq.fasta 
# Current dir:     /home/elise/Documents/M1-BIM/S2/TMEs/SBAS/tme08
# Date:            Tue Apr  1 17:30:45 2025
# [ok]
