#                                                                            --- full sequence --- -------------- this domain -------------   hmm coord   ali coord   env coord
# target name        accession   tlen query name           accession   qlen   E-value  score  bias   #  of  c-Evalue  i-Evalue  score  bias  from    to  from    to  from    to  acc description of target
#------------------- ---------- ----- -------------------- ---------- ----- --------- ------ ----- --- --- --------- --------- ------ ----- ----- ----- ----- ----- ----- ----- ---- ---------------------
d1jeta_c.94.1.1      -            517 d1uqwa_c.94.1.1.aln  -            336   5.6e-61  202.4  11.8   1   1   2.7e-62   6.9e-61  202.1  11.8     1   336   125   501   125   501 0.99 -
d3vlva_c.94.1.1      -            490 d1uqwa_c.94.1.1.aln  -            336   2.6e-53  177.3  10.3   1   1   1.3e-54   3.2e-53  177.0  10.3     1   335   117   490   117   490 0.99 -
d1nnfa_c.94.1.1      -            308 d1uqwa_c.94.1.1.aln  -            336   5.7e-39  130.3  10.9   1   1   2.5e-40   6.3e-39  130.2  10.9     9   313     1   307     1   308 0.98 -
d1q35a_c.94.1.1      -            318 d1uqwa_c.94.1.1.aln  -            336   1.2e-38  129.3   3.2   1   1   5.8e-40   1.5e-38  129.0   3.2     9   316     3   314     1   317 0.96 -
d2nooa_c.94.1.1      -            496 d1uqwa_c.94.1.1.aln  -            336   1.4e-38  129.1   0.2   1   1   7.8e-40     2e-38  128.6   0.2     1   335   115   482   115   483 0.97 -
d1xoca1c.94.1.1      -            504 d1uqwa_c.94.1.1.aln  -            336   9.2e-37  123.1  16.5   1   1   4.5e-38   1.1e-36  122.8  16.5     1   336   125   489   125   489 0.99 -
d1pb7a_c.94.1.1      -            289 d1uqwa_c.94.1.1.aln  -            336   1.9e-36  122.0   0.0   1   1   8.4e-38   2.1e-36  121.9   0.0    34   314     2   287     1   289 0.98 -
d1ursa_c.94.1.1      -            367 d1uqwa_c.94.1.1.aln  -            336   4.3e-36  120.9  10.6   1   1   1.9e-37   4.8e-36  120.7  10.6     6   335     2   358     1   359 0.95 -
d1vr5a1c.94.1.1      -            535 d1uqwa_c.94.1.1.aln  -            336   9.5e-34  113.2  11.5   1   1   4.8e-35   1.2e-33  112.9  11.5     3   335   123   505   121   506 0.98 -
d1ixha_c.94.1.1      -            321 d1uqwa_c.94.1.1.aln  -            336   1.7e-33  112.4  14.2   1   1   7.5e-35   1.9e-33  112.2  14.2     1   331     4   318     4   321 0.98 -
d1eu8a_c.94.1.1      -            407 d1uqwa_c.94.1.1.aln  -            336   4.8e-32  107.6   7.6   1   1   2.2e-33   5.6e-32  107.4   7.6     2   336     8   395     7   395 0.98 -
d3thia_c.94.1.1      -            362 d1uqwa_c.94.1.1.aln  -            336   1.4e-27   93.0   0.3   1   1   6.3e-29   1.6e-27   92.8   0.3     2   331    14   362    13   362 0.99 -
d1r9la_c.94.1.1      -            309 d1uqwa_c.94.1.1.aln  -            336   2.6e-26   88.8  10.1   1   1   1.1e-27   2.9e-26   88.7  10.1    12   332     3   303     1   307 0.96 -
d1sbpa_c.94.1.1      -            309 d1uqwa_c.94.1.1.aln  -            336   3.2e-24   82.0   9.7   1   1   1.4e-25   3.5e-24   81.9   9.7     3   326     3   307     1   309 0.94 -
d2czla1c.94.1.1      -            270 d1uqwa_c.94.1.1.aln  -            336   7.9e-23   77.5   0.0   1   1   3.3e-24   8.5e-23   77.4   0.0    39   318     8   267     1   270 0.95 -
d1al3a_c.94.1.1      -            237 d1uqwa_c.94.1.1.aln  -            336   7.4e-19   64.5   0.0   1   1   3.2e-20   8.2e-19   64.3   0.0    39   315     1   236     1   237 0.96 -
d2i6ea1c.94.1.1      -            272 d1uqwa_c.94.1.1.aln  -            336     1e-18   64.0   0.0   1   1   4.7e-20   1.2e-18   63.8   0.0    66   318    15   269     4   272 0.96 -
d1us5a_c.94.1.1      -            298 d1uqwa_c.94.1.1.aln  -            336   5.5e-18   61.6   1.8   1   1   2.4e-19   6.1e-18   61.5   1.8    16   336     5   298     1   298 0.97 -
d1xt8a1c.94.1.1      -            248 d1uqwa_c.94.1.1.aln  -            336     1e-15   54.2   4.7   1   1   4.7e-17   1.2e-15   53.9   4.7    47   323    14   247     2   248 0.91 -
d1sw5a_c.94.1.1      -            270 d1uqwa_c.94.1.1.aln  -            336   1.3e-15   53.8   5.6   1   1   5.6e-17   1.4e-15   53.7   5.6    23   316     6   268     1   270 0.92 -
d2nxoa1c.94.1.1      -            277 d1uqwa_c.94.1.1.aln  -            336   1.7e-13   46.9   0.0   1   1   8.1e-15   2.1e-13   46.6   0.0    35   318     5   271     2   276 0.96 -
d1i6aa_c.94.1.1      -            212 d1uqwa_c.94.1.1.aln  -            336   1.8e-13   46.8   0.0   1   1   8.4e-15   2.1e-13   46.6   0.0    77   291    11   211     3   212 0.95 -
d1twya_c.94.1.1      -            249 d1uqwa_c.94.1.1.aln  -            336   3.5e-12   42.6   0.1   1   1   1.5e-13   3.9e-12   42.4   0.1    29   308     3   245     1   248 0.97 -
d2esna2c.94.1.1      -            212 d1uqwa_c.94.1.1.aln  -            336   8.6e-12   41.3   0.0   1   1   3.8e-13   9.7e-12   41.1   0.0   117   309    30   211     2   212 0.90 -
d1atga_c.94.1.1      -            231 d1uqwa_c.94.1.1.aln  -            336   1.2e-11   40.9   0.7   1   1   5.4e-13   1.4e-11   40.7   0.7    86   309    32   229    13   231 0.93 -
d1ii5a_c.94.1.1      -            226 d1uqwa_c.94.1.1.aln  -            336   2.8e-11   39.6   0.1   1   1   1.3e-12   3.4e-11   39.4   0.1    34   300     5   218     2   226 0.89 -
d2ozza1c.94.1.1      -            228 d1uqwa_c.94.1.1.aln  -            336   4.6e-11   38.9   0.0   1   1     2e-12     5e-11   38.8   0.0    34   305     3   226     1   228 0.96 -
d1ve4a1c.94.1.1      -            206 d1uqwa_c.94.1.1.aln  -            336   1.5e-10   37.3   0.0   1   1   7.6e-12   1.9e-10   36.9   0.0   100   284    45   201    11   204 0.90 -
d2qmwa1c.94.1.1      -            184 d1uqwa_c.94.1.1.aln  -            336   8.8e-06   21.6   0.0   1   1     4e-07     1e-05   21.4   0.0   133   299    23   179    12   184 0.94 -
d1ixca2c.94.1.1      -            205 d1uqwa_c.94.1.1.aln  -            336   0.00034   16.4   0.0   1   1   1.4e-05   0.00035   16.4   0.0    45   260     3   188     1   204 0.86 -
d1vpma_d.38.1.1      -            155 d1uqwa_c.94.1.1.aln  -            336    0.0061   12.3   0.0   1   1   0.00027    0.0069   12.1   0.0   204   305    39   153    26   155 0.86 -
#
# Program:         hmmsearch
# Version:         3.3.2 (Nov 2020)
# Pipeline mode:   SEARCH
# Query file:      /home/elise/Documents/M1-BIM/S2/TMEs/SBAS/tme08/models/d1uqwa_c.94.1.1.aln.hmm
# Target file:     /home/elise/Documents/M1-BIM/S2/TMEs/SBAS/tme08/scop/scop/scopTestSeq.fasta
# Option settings: hmmsearch --domtblout /home/elise/Documents/M1-BIM/S2/TMEs/SBAS/tme08/searchResults/d1uqwa_c.94.1.1.aln.out -E 1 /home/elise/Documents/M1-BIM/S2/TMEs/SBAS/tme08/models/d1uqwa_c.94.1.1.aln.hmm /home/elise/Documents/M1-BIM/S2/TMEs/SBAS/tme08/scop/scop/scopTestSeq.fasta 
# Current dir:     /home/elise/Documents/M1-BIM/S2/TMEs/SBAS/tme08
# Date:            Tue Apr  1 17:30:45 2025
# [ok]
