#                                                                            --- full sequence --- -------------- this domain -------------   hmm coord   ali coord   env coord
# target name        accession   tlen query name           accession   qlen   E-value  score  bias   #  of  c-Evalue  i-Evalue  score  bias  from    to  from    to  from    to  acc description of target
#------------------- ---------- ----- -------------------- ---------- ----- --------- ------ ----- --- --- --------- --------- ------ ----- ----- ----- ----- ----- ----- ----- ---- ---------------------
d1b8aa2d.104.1.1     -            335 d1usya_d.104.1.1.aln -            313   4.5e-82  271.2   6.9   1   1   8.8e-84     5e-82  271.1   6.9     3   313     3   327     1   327 0.99 -
d1h4vb2d.104.1.1     -            324 d1usya_d.104.1.1.aln -            313   1.2e-73  243.5   9.3   1   1   2.4e-75   1.3e-73  243.4   9.3     2   305     3   320     2   324 0.98 -
d1atia2d.104.1.1     -            394 d1usya_d.104.1.1.aln -            313   4.7e-71  235.0   5.8   1   1   5.3e-72     3e-70  232.4   5.8     1   313     7   376     7   376 0.99 -
d1qf6a4d.104.1.1     -            291 d1usya_d.104.1.1.aln -            313   2.2e-62  206.5   0.3   1   1   4.3e-64   2.4e-62  206.4   0.3    23   313     2   278     1   278 0.98 -
d1g5ha2d.104.1.1     -            290 d1usya_d.104.1.1.aln -            313   7.7e-62  204.7   0.0   1   1   1.5e-63   8.7e-62  204.6   0.0     1   313     2   288     2   288 0.99 -
d12asa_d.104.1.1     -            327 d1usya_d.104.1.1.aln -            313   6.3e-61  201.7   0.1   1   1   1.3e-62     7e-61  201.6   0.1    10   312     2   313     1   314 0.98 -
d1hc7a2d.104.1.1     -            272 d1usya_d.104.1.1.aln -            313     3e-60  199.5   4.0   1   1   5.8e-62   3.3e-60  199.4   4.0    13   297     2   271     1   272 0.99 -
d1z7ma1d.104.1.1     -            318 d1usya_d.104.1.1.aln -            313   1.2e-59  197.5   0.0   1   1   2.4e-61   1.3e-59  197.4   0.0     2   309     2   318     1   318 0.99 -
d1wu7a2d.104.1.1     -            327 d1usya_d.104.1.1.aln -            313   9.6e-59  194.6   0.1   1   1   1.9e-60   1.1e-58  194.4   0.1     2   307     5   326     4   327 0.99 -
d1nnha_d.104.1.1     -            293 d1usya_d.104.1.1.aln -            313   7.8e-56  185.0   4.5   1   1   1.5e-57   8.6e-56  184.9   4.5    16   313     3   284     1   284 0.98 -
d1seta2d.104.1.1     -            311 d1usya_d.104.1.1.aln -            313   1.6e-52  174.1   3.4   1   1   3.1e-54   1.8e-52  174.0   3.4     3   309     4   310     2   311 0.99 -
d1j5wa_d.104.1.1     -            281 d1usya_d.104.1.1.aln -            313   4.9e-49  162.7   2.6   1   1   9.7e-51   5.5e-49  162.5   2.6     9   309     1   280     1   281 0.99 -
d1yfsa2d.104.1.1     -            236 d1usya_d.104.1.1.aln -            313   2.5e-37  124.2   0.6   1   1   4.9e-39   2.8e-37  124.1   0.6    31   306     5   235     1   236 0.97 -
d1jjcb5d.104.1.1     -            207 d1usya_d.104.1.1.aln -            313   1.1e-17   59.7   8.7   1   1   1.3e-17   7.6e-16   53.6   8.7    25   306     2   204     1   206 0.97 -
#
# Program:         hmmsearch
# Version:         3.3.2 (Nov 2020)
# Pipeline mode:   SEARCH
# Query file:      /home/elise/Documents/M1-BIM/S2/TMEs/SBAS/tme08/models/d1usya_d.104.1.1.aln.hmm
# Target file:     /home/elise/Documents/M1-BIM/S2/TMEs/SBAS/tme08/scop/scop/scopTestSeq.fasta
# Option settings: hmmsearch --domtblout /home/elise/Documents/M1-BIM/S2/TMEs/SBAS/tme08/searchResults/d1usya_d.104.1.1.aln.out -E 1 /home/elise/Documents/M1-BIM/S2/TMEs/SBAS/tme08/models/d1usya_d.104.1.1.aln.hmm /home/elise/Documents/M1-BIM/S2/TMEs/SBAS/tme08/scop/scop/scopTestSeq.fasta 
# Current dir:     /home/elise/Documents/M1-BIM/S2/TMEs/SBAS/tme08
# Date:            Tue Apr  1 17:30:45 2025
# [ok]
