#                                                                            --- full sequence --- -------------- this domain -------------   hmm coord   ali coord   env coord
# target name        accession   tlen query name           accession   qlen   E-value  score  bias   #  of  c-Evalue  i-Evalue  score  bias  from    to  from    to  from    to  acc description of target
#------------------- ---------- ----- -------------------- ---------- ----- --------- ------ ----- --- --- --------- --------- ------ ----- ----- ----- ----- ----- ----- ----- ---- ---------------------
d1q33a_d.113.1.1     -            292 d1vhza_d.113.1.1.aln -            181   4.5e-47  155.3   0.1   1   1   1.2e-48   5.9e-47  154.9   0.1     2   180    91   291    90   292 0.99 -
d1g0sa_d.113.1.1     -            209 d1vhza_d.113.1.1.aln -            181   8.6e-47  154.3   1.7   1   1     2e-48   9.8e-47  154.1   1.7     2   180    32   208    31   209 0.99 -
d3o69a_d.113.1.1     -            190 d1vhza_d.113.1.1.aln -            181   9.1e-46  151.0   0.0   1   1   2.1e-47     1e-45  150.8   0.0     2   176    19   190    18   190 0.99 -
d1v8ya_d.113.1.1     -            158 d1vhza_d.113.1.1.aln -            181   1.2e-43  144.1   1.8   1   1   2.7e-45   1.3e-43  144.0   1.8    11   174     1   157     1   158 0.98 -
d1ktga_d.113.1.1     -            137 d1vhza_d.113.1.1.aln -            181   1.6e-43  143.7   0.2   1   1   3.9e-45   1.9e-43  143.4   0.2    27   169     2   135     1   136 0.96 -
d1sjya_d.113.1.1     -            158 d1vhza_d.113.1.1.aln -            181     4e-43  142.4   0.3   1   1   8.8e-45   4.3e-43  142.3   0.3    19   179     1   157     1   158 0.98 -
d2azwa1d.113.1.1     -            147 d1vhza_d.113.1.1.aln -            181   2.8e-42  139.6   0.9   1   1   6.3e-44   3.1e-42  139.5   0.9    23   168     2   146     1   147 0.98 -
d2fvva1d.113.1.1     -            135 d1vhza_d.113.1.1.aln -            181   5.2e-42  138.8   1.0   1   1   1.2e-43   5.7e-42  138.6   1.0    23   163     1   133     1   135 0.97 -
d2b06a1d.113.1.1     -            155 d1vhza_d.113.1.1.aln -            181   5.5e-42  138.7   0.0   1   1   1.2e-43     6e-42  138.5   0.0    26   177     1   154     1   155 0.98 -
d1nqza_d.113.1.1     -            187 d1vhza_d.113.1.1.aln -            181   3.6e-41  136.0   0.1   1   1     8e-43   3.9e-41  135.9   0.1     2   179     2   186     1   187 0.99 -
d1jkna_d.113.1.1     -            165 d1vhza_d.113.1.1.aln -            181   2.7e-40  133.1   0.0   1   1   6.2e-42     3e-40  133.0   0.0    24   171     2   165     1   165 0.98 -
d2b0va1d.113.1.1     -            146 d1vhza_d.113.1.1.aln -            181   2.5e-39  130.0   0.0   1   1   5.5e-41   2.7e-39  129.9   0.0    34   180     1   144     1   145 0.99 -
d3zr0a_d.113.1.1     -            154 d1vhza_d.113.1.1.aln -            181   4.2e-39  129.3   0.0   1   1   9.2e-41   4.5e-39  129.2   0.0    30   179     2   152     1   154 0.96 -
d3a6sa_d.113.1.1     -            129 d1vhza_d.113.1.1.aln -            181   4.4e-36  119.4   1.2   1   1   9.6e-38   4.7e-36  119.3   1.2    25   166     2   128     1   129 0.97 -
d1k2ea_d.113.1.1     -            152 d1vhza_d.113.1.1.aln -            181   2.8e-33  110.3   0.2   1   1   6.1e-35     3e-33  110.2   0.2    52   179    14   147     1   149 0.94 -
d1vhza_d.113.1.1     -            186 d1vhza_d.113.1.1.aln -            181   7.6e-10   33.9   0.0   1   1   1.8e-11   9.1e-10   33.7   0.0    62   164    75   175    35   182 0.74 -
#
# Program:         hmmsearch
# Version:         3.3.2 (Nov 2020)
# Pipeline mode:   SEARCH
# Query file:      /home/elise/Documents/M1-BIM/S2/TMEs/SBAS/tme08/models/d1vhza_d.113.1.1.aln.hmm
# Target file:     /home/elise/Documents/M1-BIM/S2/TMEs/SBAS/tme08/scop/scop/scopTestSeq.fasta
# Option settings: hmmsearch --domtblout /home/elise/Documents/M1-BIM/S2/TMEs/SBAS/tme08/searchResults/d1vhza_d.113.1.1.aln.out -E 1 /home/elise/Documents/M1-BIM/S2/TMEs/SBAS/tme08/models/d1vhza_d.113.1.1.aln.hmm /home/elise/Documents/M1-BIM/S2/TMEs/SBAS/tme08/scop/scop/scopTestSeq.fasta 
# Current dir:     /home/elise/Documents/M1-BIM/S2/TMEs/SBAS/tme08
# Date:            Tue Apr  1 17:30:46 2025
# [ok]
