#                                                                            --- full sequence --- -------------- this domain -------------   hmm coord   ali coord   env coord
# target name        accession   tlen query name           accession   qlen   E-value  score  bias   #  of  c-Evalue  i-Evalue  score  bias  from    to  from    to  from    to  acc description of target
#------------------- ---------- ----- -------------------- ---------- ----- --------- ------ ----- --- --- --------- --------- ------ ----- ----- ----- ----- ----- ----- ----- ---- ---------------------
d1lb3a_a.25.1.1      -            179 d1vjxa_a.25.1.1.aln  -            152   5.5e-48  158.4   0.4   1   1   8.6e-50   6.2e-48  158.3   0.4     1   151     4   156     4   157 0.98 -
d2cf7a_a.25.1.1      -            159 d1vjxa_a.25.1.1.aln  -            152   1.4e-40  134.4   0.1   1   1   2.2e-42   1.6e-40  134.2   0.1     6   152    10   154     6   154 0.98 -
d3bvfa_a.25.1.1      -            172 d1vjxa_a.25.1.1.aln  -            152     1e-38  128.3   5.8   1   1   1.7e-40   1.2e-38  128.1   5.8     3   151     7   153     5   154 0.98 -
d2y3qa_a.25.1.1      -            158 d1vjxa_a.25.1.1.aln  -            152   9.3e-37  122.0   3.1   1   1   1.4e-38     1e-36  121.8   3.1     2   151     1   152     1   153 0.94 -
d1z6om1a.25.1.1      -            191 d1vjxa_a.25.1.1.aln  -            152   1.5e-35  118.0   0.0   1   1   2.4e-37   1.8e-35  117.8   0.0     3   150    16   172    14   174 0.97 -
d1nf4a_a.25.1.1      -            169 d1vjxa_a.25.1.1.aln  -            152   3.1e-30  100.8   5.5   1   1   4.8e-32   3.4e-30  100.7   5.5     2   149     3   152     2   155 0.93 -
d1yuza1a.25.1.1      -            135 d1vjxa_a.25.1.1.aln  -            152   1.7e-28   95.1   1.3   1   1   2.6e-30   1.9e-28   95.0   1.3     6   138     5   135     1   135 0.98 -
d1tjoa_a.25.1.1      -            180 d1vjxa_a.25.1.1.aln  -            152   6.8e-27   89.9   7.5   1   1   1.1e-28   8.2e-27   89.7   7.5     3   147    24   171    22   175 0.95 -
d1zs3a1a.25.1.1      -            171 d1vjxa_a.25.1.1.aln  -            152   1.6e-26   88.7   0.9   1   1   2.6e-28   1.8e-26   88.5   0.9     2   151    12   164    11   165 0.98 -
d1z6oa1a.25.1.1      -            200 d1vjxa_a.25.1.1.aln  -            152   7.4e-22   73.6  11.2   1   1   1.2e-23   8.5e-22   73.4  11.2     4   150    21   178    18   180 0.97 -
d2fzfa1a.25.1.1      -            158 d1vjxa_a.25.1.1.aln  -            152   3.7e-14   48.6  10.1   1   1   6.2e-16   4.4e-14   48.3  10.1     5   151     4   156     2   157 0.92 -
#
# Program:         hmmsearch
# Version:         3.3.2 (Nov 2020)
# Pipeline mode:   SEARCH
# Query file:      /home/elise/Documents/M1-BIM/S2/TMEs/SBAS/tme08/models/d1vjxa_a.25.1.1.aln.hmm
# Target file:     /home/elise/Documents/M1-BIM/S2/TMEs/SBAS/tme08/scop/scop/scopTestSeq.fasta
# Option settings: hmmsearch --domtblout /home/elise/Documents/M1-BIM/S2/TMEs/SBAS/tme08/searchResults/d1vjxa_a.25.1.1.aln.out -E 1 /home/elise/Documents/M1-BIM/S2/TMEs/SBAS/tme08/models/d1vjxa_a.25.1.1.aln.hmm /home/elise/Documents/M1-BIM/S2/TMEs/SBAS/tme08/scop/scop/scopTestSeq.fasta 
# Current dir:     /home/elise/Documents/M1-BIM/S2/TMEs/SBAS/tme08
# Date:            Tue Apr  1 17:30:47 2025
# [ok]
