#                                                                            --- full sequence --- -------------- this domain -------------   hmm coord   ali coord   env coord
# target name        accession   tlen query name           accession   qlen   E-value  score  bias   #  of  c-Evalue  i-Evalue  score  bias  from    to  from    to  from    to  acc description of target
#------------------- ---------- ----- -------------------- ---------- ----- --------- ------ ----- --- --- --------- --------- ------ ----- ----- ----- ----- ----- ----- ----- ---- ---------------------
d2pq8a_d.108.1.1     -            271 d1vkca_d.108.1.1.aln -            187   4.2e-40  133.5   0.3   1   1     3e-41   5.3e-40  133.1   0.3    11   187     3   184     1   184 0.99 -
d2ae6a1d.108.1.1     -            161 d1vkca_d.108.1.1.aln -            187   3.7e-33  110.8   0.1   1   1   2.4e-34   4.3e-33  110.6   0.1     7   170     3   159     1   160 0.97 -
d1z4ea1d.108.1.1     -            150 d1vkca_d.108.1.1.aln -            187   4.9e-32  107.2   0.1   1   1   3.2e-33   5.7e-32  106.9   0.1     8   151     1   144     1   149 0.98 -
d2b5ga_d.108.1.1     -            168 d1vkca_d.108.1.1.aln -            187   7.9e-32  106.5   0.4   1   1   5.3e-33   9.5e-32  106.2   0.4    10   169     4   167     2   168 0.98 -
d1qsma_d.108.1.1     -            150 d1vkca_d.108.1.1.aln -            187   2.5e-30  101.6   0.0   1   1   1.5e-31   2.6e-30  101.5   0.0     8   153     2   145     1   150 0.97 -
d1tiqa_d.108.1.1     -            173 d1vkca_d.108.1.1.aln -            187   8.2e-30   99.9   0.0   1   1   5.7e-31     1e-29   99.6   0.0     9   171     2   171     1   172 0.91 -
d1nsla_d.108.1.1     -            180 d1vkca_d.108.1.1.aln -            187   4.8e-28   94.2   0.2   1   1     3e-29   5.3e-28   94.0   0.2     1   175     3   180     3   180 0.92 -
d1i12a_d.108.1.1     -            157 d1vkca_d.108.1.1.aln -            187   4.9e-28   94.1   0.0   1   1     3e-29   5.3e-28   94.0   0.0     9   156     5   156     1   157 0.97 -
d2fiaa1d.108.1.1     -            157 d1vkca_d.108.1.1.aln -            187     1e-27   93.1   0.7   1   1   6.4e-29   1.1e-27   92.9   0.7     9   170     1   156     1   157 0.98 -
d2euia1d.108.1.1     -            153 d1vkca_d.108.1.1.aln -            187   1.2e-27   92.9   0.1   1   1   7.1e-29   1.3e-27   92.8   0.1     9   157     1   146     1   152 0.97 -
d1wwza1d.108.1.1     -            157 d1vkca_d.108.1.1.aln -            187   2.4e-27   91.9   0.9   1   1   1.5e-28   2.7e-27   91.7   0.9     6   159     1   154     1   156 0.97 -
d2cy2a1d.108.1.1     -            174 d1vkca_d.108.1.1.aln -            187   1.5e-26   89.3   1.8   1   1     9e-28   1.6e-26   89.2   1.8     9   173     1   172     1   174 0.94 -
d1ufha_d.108.1.1     -            155 d1vkca_d.108.1.1.aln -            187   1.2e-25   86.3   0.4   1   1   8.1e-27   1.5e-25   86.1   0.4     9   153     2   151     1   153 0.97 -
d1cjwa_d.108.1.1     -            166 d1vkca_d.108.1.1.aln -            187   1.5e-25   86.0   0.0   1   1     9e-27   1.6e-25   85.9   0.0     8   167     5   165     1   166 0.98 -
d1u6ma_d.108.1.1     -            189 d1vkca_d.108.1.1.aln -            187   2.8e-25   85.1   0.1   1   1   3.8e-25   6.9e-24   80.6   0.1    11   165     3   187     1   189 0.81 -
d1z4ra1d.108.1.1     -            162 d1vkca_d.108.1.1.aln -            187     5e-25   84.3   0.1   1   1     3e-26   5.4e-25   84.2   0.1     4   172     2   162     1   162 0.97 -
d1mk4a_d.108.1.1     -            157 d1vkca_d.108.1.1.aln -            187     9e-25   83.5   0.0   1   1   5.6e-26     1e-24   83.3   0.0     8   172     1   151     1   156 0.87 -
d1y9ka1d.108.1.1     -            152 d1vkca_d.108.1.1.aln -            187   4.1e-24   81.4   0.0   1   1   2.5e-25   4.5e-24   81.2   0.0    35   180    24   150     3   152 0.80 -
d1y9wa1d.108.1.1     -            140 d1vkca_d.108.1.1.aln -            187   6.9e-24   80.6   0.9   1   1   4.3e-25   7.7e-24   80.5   0.9     9   167     1   139     1   140 0.90 -
d1ghea_d.108.1.1     -            170 d1vkca_d.108.1.1.aln -            187   5.5e-23   77.7   0.0   1   1   3.3e-24   5.9e-23   77.6   0.0    10   170     2   167     1   170 0.96 -
d1yx0a1d.108.1.1     -            151 d1vkca_d.108.1.1.aln -            187   1.4e-21   73.1   0.0   1   1   8.5e-23   1.5e-21   73.0   0.0     9   167     1   150     1   151 0.94 -
d2atra1d.108.1.1     -            137 d1vkca_d.108.1.1.aln -            187   3.9e-21   71.7   0.0   1   1   2.3e-22   4.2e-21   71.5   0.0     8   162     1   136     1   137 0.96 -
d2fl4a1d.108.1.1     -            146 d1vkca_d.108.1.1.aln -            187   7.4e-21   70.7   0.3   1   1   4.9e-22   8.9e-21   70.5   0.3     7   163     1   144     1   145 0.95 -
d2fcka1d.108.1.1     -            178 d1vkca_d.108.1.1.aln -            187   1.1e-20   70.2   0.1   1   1   6.9e-22   1.2e-20   70.0   0.1     2   168     5   174     4   178 0.91 -
d1p0ha_d.108.1.1     -            308 d1vkca_d.108.1.1.aln -            187   1.6e-20   69.6   0.0   1   3   3.8e-17   6.7e-16   54.6   0.0     9   187     2   187     1   187 0.99 -
d1p0ha_d.108.1.1     -            308 d1vkca_d.108.1.1.aln -            187   1.6e-20   69.6   0.0   2   3     0.064       1.1    4.9   0.0    78   110   219   251   191   253 0.82 -
d1p0ha_d.108.1.1     -            308 d1vkca_d.108.1.1.aln -            187   1.6e-20   69.6   0.0   3   3     0.017      0.31    6.8   0.0   127   150   278   301   269   307 0.81 -
d1bo4a_d.108.1.1     -            137 d1vkca_d.108.1.1.aln -            187   1.7e-20   69.5   0.1   1   1   1.1e-21   1.9e-20   69.4   0.1     9   145     3   137     1   137 0.95 -
d2jdca1d.108.1.1     -            145 d1vkca_d.108.1.1.aln -            187   4.9e-19   64.8   0.1   1   1     3e-20   5.3e-19   64.7   0.1    10   167     2   143     1   145 0.96 -
d2gana1d.108.1.1     -            182 d1vkca_d.108.1.1.aln -            187   1.8e-18   63.0   0.1   1   1   1.1e-19     2e-18   62.8   0.1     2   163     4   179     3   182 0.94 -
d2fiwa1d.108.1.1     -            156 d1vkca_d.108.1.1.aln -            187   3.5e-18   62.0   0.0   1   1   2.1e-19   3.7e-18   61.9   0.0    10   153     5   139     1   156 0.91 -
d2p0wa_d.108.1.1     -            319 d1vkca_d.108.1.1.aln -            187   5.9e-18   61.3   0.2   1   2     2e-18   3.7e-17   58.7   0.1     2   187    17   223    16   223 0.95 -
d2p0wa_d.108.1.1     -            319 d1vkca_d.108.1.1.aln -            187   5.9e-18   61.3   0.2   2   2       1.7        31    0.3   0.0   101   117   225   241   224   267 0.61 -
d1n71a_d.108.1.1     -            180 d1vkca_d.108.1.1.aln -            187   1.3e-17   60.1   0.0   1   1     1e-18   1.8e-17   59.7   0.0     9   174     4   180     1   180 0.98 -
d2g3aa1d.108.1.1     -            137 d1vkca_d.108.1.1.aln -            187   1.5e-17   60.0   0.0   1   1   8.3e-19   1.5e-17   60.0   0.0    10   152     2   121     1   137 0.92 -
d1xeba_d.108.1.1     -            149 d1vkca_d.108.1.1.aln -            187   4.4e-17   58.4   1.3   1   1   3.1e-18   5.5e-17   58.1   1.3    20   162    12   145     3   148 0.94 -
d1y7ra1d.108.1.1     -            133 d1vkca_d.108.1.1.aln -            187   2.1e-16   56.2   0.0   1   1   1.3e-17   2.2e-16   56.1   0.0    14   158     6   131     1   133 0.91 -
d1yk3a1d.108.1.1     -            198 d1vkca_d.108.1.1.aln -            187   8.8e-16   54.2   0.1   1   1   5.3e-17   9.6e-16   54.1   0.1     3   166     3   196     1   198 0.97 -
d1q2ya_d.108.1.1     -            140 d1vkca_d.108.1.1.aln -            187   1.4e-15   53.5   0.1   1   1   9.2e-17   1.6e-15   53.3   0.1     9   166     3   139     1   139 0.95 -
d1boba_d.108.1.1     -            315 d1vkca_d.108.1.1.aln -            187   1.8e-15   53.2   0.1   1   1   1.4e-16   2.5e-15   52.7   0.1     1   187     6   215     6   215 0.98 -
d1m4ia_d.108.1.1     -            181 d1vkca_d.108.1.1.aln -            187     4e-15   52.0   0.3   1   1   3.3e-16   5.9e-15   51.5   0.3     2   147     1   132     1   181 0.93 -
d2fsra1d.108.1.1     -            164 d1vkca_d.108.1.1.aln -            187   2.7e-12   42.8   0.0   1   1   1.6e-13   2.9e-12   42.7   0.0     2   165     3   163     2   164 0.92 -
d1vkca_d.108.1.1     -            149 d1vkca_d.108.1.1.aln -            187   1.1e-11   40.8   0.7   1   1     9e-13   1.6e-11   40.3   0.7    57   149    64   141     9   146 0.75 -
d1r57a_d.108.1.1     -            102 d1vkca_d.108.1.1.aln -            187   3.4e-11   39.2   0.1   1   1   1.9e-12   3.4e-11   39.2   0.1    57   144    24    85     1   102 0.76 -
d2aj6a1d.108.1.1     -            118 d1vkca_d.108.1.1.aln -            187   2.8e-10   36.3   0.0   1   1   1.8e-11   3.2e-10   36.1   0.0     9   126     2   115     1   116 0.85 -
d1xmta_d.108.1.1     -             95 d1vkca_d.108.1.1.aln -            187   9.8e-09   31.2   0.0   1   1   5.7e-10     1e-08   31.1   0.0    30   133     5    76     1    95 0.85 -
d2d4pa1d.108.1.1     -            130 d1vkca_d.108.1.1.aln -            187   1.6e-06   24.0   0.2   1   1     8e-07   1.4e-05   20.9   0.2     9   147     1   116     1   127 0.90 -
#
# Program:         hmmsearch
# Version:         3.3.2 (Nov 2020)
# Pipeline mode:   SEARCH
# Query file:      /home/elise/Documents/M1-BIM/S2/TMEs/SBAS/tme08/models/d1vkca_d.108.1.1.aln.hmm
# Target file:     /home/elise/Documents/M1-BIM/S2/TMEs/SBAS/tme08/scop/scop/scopTestSeq.fasta
# Option settings: hmmsearch --domtblout /home/elise/Documents/M1-BIM/S2/TMEs/SBAS/tme08/searchResults/d1vkca_d.108.1.1.aln.out -E 1 /home/elise/Documents/M1-BIM/S2/TMEs/SBAS/tme08/models/d1vkca_d.108.1.1.aln.hmm /home/elise/Documents/M1-BIM/S2/TMEs/SBAS/tme08/scop/scop/scopTestSeq.fasta 
# Current dir:     /home/elise/Documents/M1-BIM/S2/TMEs/SBAS/tme08
# Date:            Tue Apr  1 17:30:47 2025
# [ok]
