#                                                                            --- full sequence --- -------------- this domain -------------   hmm coord   ali coord   env coord
# target name        accession   tlen query name           accession   qlen   E-value  score  bias   #  of  c-Evalue  i-Evalue  score  bias  from    to  from    to  from    to  acc description of target
#------------------- ---------- ----- -------------------- ---------- ----- --------- ------ ----- --- --- --------- --------- ------ ----- ----- ----- ----- ----- ----- ----- ---- ---------------------
d1p1ja1c.2.1.3       -            411 d1vkna1c.2.1.3.aln   -            247   3.7e-54  179.5   0.0   1   1   2.2e-55   6.6e-54  178.7   0.0     1   247    42   379    42   379 0.99 -
d2g82a1c.2.1.3       -            169 d1vkna1c.2.1.3.aln   -            247   1.2e-52  174.7   0.9   1   1   4.2e-54   1.3e-52  174.5   0.9    18   192     1   167     1   169 0.98 -
d3cina1c.2.1.3       -            276 d1vkna1c.2.1.3.aln   -            247   4.4e-40  133.4   0.3   1   1   1.7e-41   5.2e-40  133.2   0.3    16   247     1   276     1   276 0.99 -
d1gr0a1c.2.1.3       -            244 d1vkna1c.2.1.3.aln   -            247   3.8e-38  127.1   4.0   1   1   1.4e-39   4.2e-38  127.0   4.0    14   240     2   244     1   244 0.99 -
d2nvwa1c.2.1.3       -            238 d1vkna1c.2.1.3.aln   -            247   2.6e-36  121.1   0.0   1   1   9.4e-38   2.9e-36  121.0   0.0     1   222     1   238     1   238 1.00 -
d1h6da1c.2.1.3       -            222 d1vkna1c.2.1.3.aln   -            247   4.4e-34  113.8   0.1   1   1   1.6e-35     5e-34  113.6   0.1     2   238    19   222    18   222 0.99 -
d1cf2o1c.2.1.3       -            172 d1vkna1c.2.1.3.aln   -            247   6.6e-30  100.1   1.6   1   1   2.4e-31   7.2e-30  100.0   1.6    17   189     1   171     1   172 0.96 -
d1h9aa1c.2.1.3       -            196 d1vkna1c.2.1.3.aln   -            247   9.7e-25   83.2   0.2   1   1   3.5e-26   1.1e-24   83.1   0.2    17   203     3   195     1   196 0.99 -
d1qkia1c.2.1.3       -            204 d1vkna1c.2.1.3.aln   -            247   1.7e-23   79.2   0.0   1   1     6e-25   1.8e-23   79.0   0.0    11   199     1   203     1   204 0.98 -
d1q0qa2c.2.1.3       -            152 d1vkna1c.2.1.3.aln   -            247   5.7e-23   77.4   0.0   1   1   2.1e-24   6.3e-23   77.3   0.0    16   192     1   151     1   152 0.95 -
d1ydwa1c.2.1.3       -            185 d1vkna1c.2.1.3.aln   -            247   9.5e-22   73.4   0.0   1   1   3.4e-23     1e-21   73.3   0.0    16   193     1   182     1   185 0.95 -
d1zh8a1c.2.1.3       -            182 d1vkna1c.2.1.3.aln   -            247   3.6e-20   68.3   0.0   1   1   1.3e-21   3.9e-20   68.1   0.0    15   188     2   178     1   182 0.97 -
d1tlta1c.2.1.3       -            165 d1vkna1c.2.1.3.aln   -            247   3.8e-20   68.2   0.0   1   1   1.5e-21   4.4e-20   68.0   0.0    16   189     1   161     1   164 0.97 -
d1f06a1c.2.1.3       -            171 d1vkna1c.2.1.3.aln   -            247   8.2e-20   67.1   0.1   1   1     3e-21     9e-20   66.9   0.1    17   191     3   170     1   171 0.97 -
d1xeaa1c.2.1.3       -            168 d1vkna1c.2.1.3.aln   -            247   9.8e-20   66.8   0.0   1   1   3.5e-21   1.1e-19   66.7   0.0    17   191     2   166     1   168 0.95 -
d1e5qa1c.2.1.3       -            183 d1vkna1c.2.1.3.aln   -            247   3.6e-19   65.0   0.3   1   1   1.4e-20   4.4e-19   64.7   0.3    18   188     3   179     1   182 0.98 -
d1ebfa1c.2.1.3       -            169 d1vkna1c.2.1.3.aln   -            247   3.5e-18   61.7   0.4   1   1   1.3e-19   3.8e-18   61.6   0.4    15   187     2   166     1   169 0.96 -
d1t4ba1c.2.1.3       -            147 d1vkna1c.2.1.3.aln   -            247     1e-17   60.2   0.0   1   1   3.6e-19   1.1e-17   60.1   0.0    16   185     1   143     1   147 0.90 -
d1nvmb1c.2.1.3       -            158 d1vkna1c.2.1.3.aln   -            247   1.7e-16   56.2   0.2   1   1   6.1e-18   1.8e-16   56.1   0.2    15   187     2   155     1   158 0.94 -
d1lc0a1c.2.1.3       -            173 d1vkna1c.2.1.3.aln   -            247     2e-16   56.0   0.0   1   1     7e-18   2.1e-16   55.9   0.0    19   190     2   170     1   173 0.96 -
d1drua1c.2.1.3       -            161 d1vkna1c.2.1.3.aln   -            247   3.2e-13   45.5   0.5   1   1   1.1e-14   3.3e-13   45.4   0.5    17   195     3   158     1   161 0.87 -
d1j5pa4c.2.1.3       -            133 d1vkna1c.2.1.3.aln   -            247   1.7e-08   30.0   0.0   1   1   6.4e-10   1.9e-08   29.8   0.0    16   181     1   123     1   132 0.88 -
d1yl7a1c.2.1.3       -            136 d1vkna1c.2.1.3.aln   -            247   9.8e-08   27.5   0.0   1   1   3.5e-09   1.1e-07   27.4   0.0    18   166     1   112     1   135 0.90 -
d1vm6a3c.2.1.3       -            129 d1vkna1c.2.1.3.aln   -            247   8.8e-06   21.1   0.2   1   1   5.5e-06   0.00017   16.9   0.2    51   181    29   118     1   127 0.73 -
d1vkna1c.2.1.3       -            177 d1vkna1c.2.1.3.aln   -            247    0.0028   12.9   0.0   1   1   0.00015    0.0044   12.3   0.0    16    48     1    32     1   171 0.87 -
d2pv7a2c.2.1.6       -            152 d1vkna1c.2.1.3.aln   -            247    0.0072   11.6   0.0   1   1   0.00032    0.0099   11.1   0.0    18    43    11    48     8    79 0.75 -
#
# Program:         hmmsearch
# Version:         3.3.2 (Nov 2020)
# Pipeline mode:   SEARCH
# Query file:      /home/elise/Documents/M1-BIM/S2/TMEs/SBAS/tme08/models/d1vkna1c.2.1.3.aln.hmm
# Target file:     /home/elise/Documents/M1-BIM/S2/TMEs/SBAS/tme08/scop/scop/scopTestSeq.fasta
# Option settings: hmmsearch --domtblout /home/elise/Documents/M1-BIM/S2/TMEs/SBAS/tme08/searchResults/d1vkna1c.2.1.3.aln.out -E 1 /home/elise/Documents/M1-BIM/S2/TMEs/SBAS/tme08/models/d1vkna1c.2.1.3.aln.hmm /home/elise/Documents/M1-BIM/S2/TMEs/SBAS/tme08/scop/scop/scopTestSeq.fasta 
# Current dir:     /home/elise/Documents/M1-BIM/S2/TMEs/SBAS/tme08
# Date:            Tue Apr  1 17:30:47 2025
# [ok]
