#                                                                            --- full sequence --- -------------- this domain -------------   hmm coord   ali coord   env coord
# target name        accession   tlen query name           accession   qlen   E-value  score  bias   #  of  c-Evalue  i-Evalue  score  bias  from    to  from    to  from    to  acc description of target
#------------------- ---------- ----- -------------------- ---------- ----- --------- ------ ----- --- --- --------- --------- ------ ----- ----- ----- ----- ----- ----- ----- ---- ---------------------
d1s5ja1c.55.3.5      -            410 d1vk0a_c.55.3.5.aln  -            284   3.3e-72  238.9   0.0   1   1   1.2e-73   6.7e-72  237.9   0.0     1   284     8   410     8   410 1.00 -
d1q8ia1c.55.3.5      -            388 d1vk0a_c.55.3.5.aln  -            284   1.6e-70  233.4   0.0   1   1   3.3e-72   1.8e-70  233.2   0.0     2   282     2   388     1   388 0.99 -
d3hl8a_c.55.3.5      -            470 d1vk0a_c.55.3.5.aln  -            284   5.8e-68  225.0   0.1   1   1   1.3e-69   7.1e-68  224.7   0.1     1   284    16   417    16   417 1.00 -
d2hbja2c.55.3.5      -            292 d1vk0a_c.55.3.5.aln  -            284     5e-66  218.7   1.6   1   1   9.9e-68   5.6e-66  218.5   1.6     4   284     2   291     1   291 0.99 -
d3mxma_c.55.3.5      -            229 d1vk0a_c.55.3.5.aln  -            284   1.2e-55  184.6   0.0   1   1   2.3e-57   1.3e-55  184.5   0.0    63   271     3   229     1   229 0.99 -
d1w0ha_c.55.3.5      -            200 d1vk0a_c.55.3.5.aln  -            284   9.6e-40  132.4   0.0   1   1   1.9e-41   1.1e-39  132.3   0.0    62   259     1   198     1   200 0.98 -
d1x9ma1c.55.3.5      -            204 d1vk0a_c.55.3.5.aln  -            284   2.1e-39  131.3   0.1   1   1   4.2e-41   2.4e-39  131.1   0.1    63   274     1   203     1   204 0.99 -
d1yt3a3c.55.3.5      -            193 d1vk0a_c.55.3.5.aln  -            284   1.2e-37  125.5   0.0   1   1   2.4e-39   1.4e-37  125.3   0.0    59   268     1   193     1   193 0.99 -
d1kfsa1c.55.3.5      -            195 d1vk0a_c.55.3.5.aln  -            284   5.1e-37  123.5   0.5   1   1     1e-38   5.7e-37  123.3   0.5    63   264     1   194     1   195 0.99 -
d2igia_c.55.3.5      -            180 d1vk0a_c.55.3.5.aln  -            284   7.7e-37  122.9   0.2   1   1   1.5e-38   8.7e-37  122.7   0.2    65   255     3   180     1   180 0.96 -
d2f96a1c.55.3.5      -            202 d1vk0a_c.55.3.5.aln  -            284   3.3e-36  120.8   0.0   1   1   6.5e-38   3.7e-36  120.7   0.0    57   269     1   201     1   202 0.99 -
d2guia_c.55.3.5      -            176 d1vk0a_c.55.3.5.aln  -            284   3.3e-34  114.2   0.1   1   1   6.5e-36   3.7e-34  114.1   0.1    67   259     2   174     1   176 0.98 -
d2py5a1c.55.3.5      -            183 d1vk0a_c.55.3.5.aln  -            284   4.5e-33  110.5   0.1   1   1   9.1e-35   5.2e-33  110.3   0.1    67   263     2   180     1   182 0.98 -
d1wlja_c.55.3.5      -            173 d1vk0a_c.55.3.5.aln  -            284   1.6e-28   95.6   0.0   1   1     3e-30   1.7e-28   95.5   0.0    69   264     2   173     1   173 0.98 -
#
# Program:         hmmsearch
# Version:         3.3.2 (Nov 2020)
# Pipeline mode:   SEARCH
# Query file:      /home/elise/Documents/M1-BIM/S2/TMEs/SBAS/tme08/models/d1vk0a_c.55.3.5.aln.hmm
# Target file:     /home/elise/Documents/M1-BIM/S2/TMEs/SBAS/tme08/scop/scop/scopTestSeq.fasta
# Option settings: hmmsearch --domtblout /home/elise/Documents/M1-BIM/S2/TMEs/SBAS/tme08/searchResults/d1vk0a_c.55.3.5.aln.out -E 1 /home/elise/Documents/M1-BIM/S2/TMEs/SBAS/tme08/models/d1vk0a_c.55.3.5.aln.hmm /home/elise/Documents/M1-BIM/S2/TMEs/SBAS/tme08/scop/scop/scopTestSeq.fasta 
# Current dir:     /home/elise/Documents/M1-BIM/S2/TMEs/SBAS/tme08
# Date:            Tue Apr  1 17:30:47 2025
# [ok]
