#                                                                            --- full sequence --- -------------- this domain -------------   hmm coord   ali coord   env coord
# target name        accession   tlen query name           accession   qlen   E-value  score  bias   #  of  c-Evalue  i-Evalue  score  bias  from    to  from    to  from    to  acc description of target
#------------------- ---------- ----- -------------------- ---------- ----- --------- ------ ----- --- --- --------- --------- ------ ----- ----- ----- ----- ----- ----- ----- ---- ---------------------
d1rfea_b.45.1.1      -            160 d1vl7a_b.45.1.1.aln  -            159   6.9e-40  131.9   0.1   1   1   1.4e-41   7.5e-40  131.8   0.1     3   157     4   158     2   160 0.97 -
d2fg9a1b.45.1.1      -            157 d1vl7a_b.45.1.1.aln  -            159   1.7e-39  130.6   0.0   1   1   3.6e-41   1.9e-39  130.5   0.0     4   157     1   154     1   156 0.98 -
d2i02a1b.45.1.1      -            143 d1vl7a_b.45.1.1.aln  -            159   1.4e-36  121.2   0.0   1   1   2.9e-38   1.5e-36  121.1   0.0     6   155     2   143     1   143 0.98 -
d2hq7a1b.45.1.1      -            141 d1vl7a_b.45.1.1.aln  -            159   4.3e-36  119.6   0.0   1   1     9e-38   4.7e-36  119.5   0.0     6   155     2   141     1   141 0.98 -
d2htia1b.45.1.1      -            156 d1vl7a_b.45.1.1.aln  -            159   4.6e-35  116.3   0.0   1   1   9.7e-37   5.1e-35  116.1   0.0     7   158     2   147     1   148 0.98 -
d2fhqa1b.45.1.1      -            135 d1vl7a_b.45.1.1.aln  -            159     7e-34  112.4   0.0   1   1   1.4e-35   7.6e-34  112.3   0.0     6   151     1   133     1   135 0.95 -
d2hq9a1b.45.1.1      -            148 d1vl7a_b.45.1.1.aln  -            159   7.5e-34  112.3   0.1   1   1   1.6e-35   8.2e-34  112.2   0.1     4   153     1   146     1   148 0.96 -
d2vpaa_b.45.1.1      -            215 d1vl7a_b.45.1.1.aln  -            159   7.7e-32  105.8   0.1   1   1   1.7e-33   9.1e-32  105.5   0.1     2   159    30   207    29   207 0.99 -
d1w9aa_b.45.1.1      -            142 d1vl7a_b.45.1.1.aln  -            159   1.1e-31  105.3   0.0   1   1   2.2e-33   1.2e-31  105.2   0.0     9   155     1   138     1   142 0.97 -
d1xhna1b.45.1.1      -            170 d1vl7a_b.45.1.1.aln  -            159   1.7e-31  104.7   0.0   1   1   3.5e-33   1.8e-31  104.5   0.0     2   158     2   166     1   167 0.97 -
d2fura1b.45.1.1      -            193 d1vl7a_b.45.1.1.aln  -            159   3.6e-30  100.3   0.0   1   1   7.7e-32   4.1e-30  100.2   0.0     7   158     1   178     1   179 0.98 -
d2arza1b.45.1.1      -            238 d1vl7a_b.45.1.1.aln  -            159   1.4e-29   98.4   0.0   1   1   3.1e-31   1.6e-29   98.2   0.0     2   158    12   197    11   198 0.98 -
d2asfa1b.45.1.1      -            125 d1vl7a_b.45.1.1.aln  -            159   1.2e-23   79.2   0.0   1   1   2.4e-25   1.3e-23   79.1   0.0    11   148     2   123     1   125 0.97 -
d3a6ra_b.45.1.1      -            122 d1vl7a_b.45.1.1.aln  -            159   3.5e-14   48.4   0.0   1   1   1.6e-15   8.6e-14   47.1   0.0     8   156     1   120     1   121 0.96 -
d1vl7a_b.45.1.1      -            135 d1vl7a_b.45.1.1.aln  -            159     0.002   13.5   0.0   1   1   4.4e-05    0.0023   13.2   0.0    24    80    12    67     4   102 0.76 -
#
# Program:         hmmsearch
# Version:         3.3.2 (Nov 2020)
# Pipeline mode:   SEARCH
# Query file:      /home/elise/Documents/M1-BIM/S2/TMEs/SBAS/tme08/models/d1vl7a_b.45.1.1.aln.hmm
# Target file:     /home/elise/Documents/M1-BIM/S2/TMEs/SBAS/tme08/scop/scop/scopTestSeq.fasta
# Option settings: hmmsearch --domtblout /home/elise/Documents/M1-BIM/S2/TMEs/SBAS/tme08/searchResults/d1vl7a_b.45.1.1.aln.out -E 1 /home/elise/Documents/M1-BIM/S2/TMEs/SBAS/tme08/models/d1vl7a_b.45.1.1.aln.hmm /home/elise/Documents/M1-BIM/S2/TMEs/SBAS/tme08/scop/scop/scopTestSeq.fasta 
# Current dir:     /home/elise/Documents/M1-BIM/S2/TMEs/SBAS/tme08
# Date:            Tue Apr  1 17:30:47 2025
# [ok]
