#                                                                            --- full sequence --- -------------- this domain -------------   hmm coord   ali coord   env coord
# target name        accession   tlen query name           accession   qlen   E-value  score  bias   #  of  c-Evalue  i-Evalue  score  bias  from    to  from    to  from    to  acc description of target
#------------------- ---------- ----- -------------------- ---------- ----- --------- ------ ----- --- --- --------- --------- ------ ----- ----- ----- ----- ----- ----- ----- ---- ---------------------
d3bpza_b.82.3.2      -            194 d1vp6a_b.82.3.2.aln  -            140   1.8e-50  165.7   0.1   1   2       2.2   1.5e+02   -2.5   0.0     9    30    15    36    12    42 0.69 -
d3bpza_b.82.3.2      -            194 d1vp6a_b.82.3.2.aln  -            140   1.8e-50  165.7   0.1   2   2   5.3e-52   3.5e-50  164.8   0.0     1   136    63   193    63   194 0.98 -
d1cx4a2b.82.3.2      -            147 d1vp6a_b.82.3.2.aln  -            140   2.2e-42  139.5   0.1   1   1   3.6e-44   2.4e-42  139.4   0.1     6   137     2   139     1   142 0.98 -
d1cx4a1b.82.3.2      -            136 d1vp6a_b.82.3.2.aln  -            140   7.2e-41  134.6   0.0   1   1   1.2e-42     8e-41  134.5   0.0     2   127    12   136    11   136 0.98 -
d1zyba2b.82.3.2      -            147 d1vp6a_b.82.3.2.aln  -            140     2e-40  133.2   0.1   1   1   3.4e-42   2.2e-40  133.0   0.1     1   140     1   143     1   143 0.96 -
d3e5ua2b.82.3.2      -            139 d1vp6a_b.82.3.2.aln  -            140   6.2e-38  125.1   0.0   1   1     1e-39   6.9e-38  125.0   0.0     6   139     1   134     1   135 0.98 -
d1vp6a_b.82.3.2      -            133 d1vp6a_b.82.3.2.aln  -            140   7.5e-38  124.8   0.0   1   1   1.3e-39   8.3e-38  124.7   0.0     2   133     7   131     6   133 0.97 -
d2gaua2b.82.3.2      -            142 d1vp6a_b.82.3.2.aln  -            140   7.8e-37  121.5   0.0   1   1   1.3e-38   8.5e-37  121.4   0.0     8   139     3   134     1   135 0.94 -
d1o7fa3b.82.3.2      -            124 d1vp6a_b.82.3.2.aln  -            140   8.7e-36  118.1   0.0   1   1   1.4e-37   9.5e-36  118.0   0.0     2   121     7   123     6   124 0.97 -
d1o7fa2b.82.3.2      -            155 d1vp6a_b.82.3.2.aln  -            140   2.3e-35  116.8   0.0   1   1   4.4e-37   2.9e-35  116.5   0.0     3   135    22   154    20   155 0.90 -
d1wgpa_b.82.3.2      -            137 d1vp6a_b.82.3.2.aln  -            140     8e-34  111.8   0.0   1   1   1.3e-35   8.5e-34  111.7   0.0     3   131     3   134     1   137 0.96 -
d1o5la1b.82.3.2      -            129 d1vp6a_b.82.3.2.aln  -            140   2.8e-33  110.0   0.0   1   1   4.8e-35   3.1e-33  109.9   0.0    21   140     2   122     1   122 0.98 -
d2zcwa2b.82.3.2      -            112 d1vp6a_b.82.3.2.aln  -            140   2.8e-27   90.6   0.0   1   1   4.7e-29   3.1e-27   90.4   0.0    31   139     2   111     1   112 0.95 -
#
# Program:         hmmsearch
# Version:         3.3.2 (Nov 2020)
# Pipeline mode:   SEARCH
# Query file:      /home/elise/Documents/M1-BIM/S2/TMEs/SBAS/tme08/models/d1vp6a_b.82.3.2.aln.hmm
# Target file:     /home/elise/Documents/M1-BIM/S2/TMEs/SBAS/tme08/scop/scop/scopTestSeq.fasta
# Option settings: hmmsearch --domtblout /home/elise/Documents/M1-BIM/S2/TMEs/SBAS/tme08/searchResults/d1vp6a_b.82.3.2.aln.out -E 1 /home/elise/Documents/M1-BIM/S2/TMEs/SBAS/tme08/models/d1vp6a_b.82.3.2.aln.hmm /home/elise/Documents/M1-BIM/S2/TMEs/SBAS/tme08/scop/scop/scopTestSeq.fasta 
# Current dir:     /home/elise/Documents/M1-BIM/S2/TMEs/SBAS/tme08
# Date:            Tue Apr  1 17:30:47 2025
# [ok]
