#                                                                            --- full sequence --- -------------- this domain -------------   hmm coord   ali coord   env coord
# target name        accession   tlen query name           accession   qlen   E-value  score  bias   #  of  c-Evalue  i-Evalue  score  bias  from    to  from    to  from    to  acc description of target
#------------------- ---------- ----- -------------------- ---------- ----- --------- ------ ----- --- --- --------- --------- ------ ----- ----- ----- ----- ----- ----- ----- ---- ---------------------
d3qy3a1d.38.1.1      -            130 d1vpma_d.38.1.1.aln  -            135   4.6e-43  141.8   0.0   1   1     1e-44     5e-43  141.7   0.0     3   131     2   129     1   130 0.98 -
d2nuja1d.38.1.1      -            159 d1vpma_d.38.1.1.aln  -            135   2.2e-41  136.3   0.0   1   1     5e-43   2.4e-41  136.2   0.0     2   133    21   152    20   154 0.98 -
d2oiwa1d.38.1.1      -            131 d1vpma_d.38.1.1.aln  -            135   6.4e-40  131.6   0.4   1   1   1.4e-41     7e-40  131.5   0.4     4   134     1   127     1   128 0.97 -
d2hx5a1d.38.1.1      -            144 d1vpma_d.38.1.1.aln  -            135     2e-39  130.0   0.0   1   1   4.7e-41   2.3e-39  129.8   0.0     2   133     4   142     3   144 0.98 -
d2oafa1d.38.1.1      -            143 d1vpma_d.38.1.1.aln  -            135   2.8e-39  129.5   0.0   1   1   6.2e-41   3.1e-39  129.4   0.0     2   134     6   140     5   141 0.98 -
d1njka_d.38.1.1      -            133 d1vpma_d.38.1.1.aln  -            135   3.2e-39  129.3   0.0   1   1   7.2e-41   3.6e-39  129.2   0.0     5   134     2   131     1   132 0.99 -
d1s5ua_d.38.1.1      -            129 d1vpma_d.38.1.1.aln  -            135   1.6e-38  127.1   1.5   1   1   3.5e-40   1.7e-38  126.9   1.5     4   131     2   129     1   129 0.98 -
d2gf6a1d.38.1.1      -            134 d1vpma_d.38.1.1.aln  -            135   2.3e-38  126.5   0.0   1   1   5.1e-40   2.5e-38  126.4   0.0     2   132     3   132     2   134 0.98 -
d1lo7a_d.38.1.1      -            140 d1vpma_d.38.1.1.aln  -            135   1.6e-37  123.8   0.1   1   1   3.5e-39   1.7e-37  123.7   0.1     4   132     3   139     1   140 0.98 -
d2hlja1d.38.1.1      -            156 d1vpma_d.38.1.1.aln  -            135   1.8e-33  110.7   0.0   1   1     4e-35     2e-33  110.6   0.0     2   134     2   139     1   140 0.98 -
d2gvha1d.38.1.1      -            135 d1vpma_d.38.1.1.aln  -            135   2.2e-33  110.4   0.1   1   1   4.9e-35   2.4e-33  110.3   0.1     2   129     6   132     5   135 0.96 -
d3bjka_d.38.1.1      -            140 d1vpma_d.38.1.1.aln  -            135   1.2e-32  108.1   0.0   1   1   2.5e-34   1.2e-32  108.0   0.0     3   133     3   135     1   137 0.97 -
d1vpma_d.38.1.1      -            155 d1vpma_d.38.1.1.aln  -            135   8.7e-18   59.9   0.0   1   1   2.1e-19     1e-17   59.7   0.0     7   131    13   136     7   138 0.95 -
d2hboa1d.38.1.5      -            142 d1vpma_d.38.1.1.aln  -            135   1.4e-05   20.4   0.0   1   1   4.2e-07   2.1e-05   19.9   0.0     6   109    33   128    29   138 0.77 -
d1wlua_d.38.1.5      -            117 d1vpma_d.38.1.1.aln  -            135   1.7e-05   20.2   0.4   1   1   2.4e-06   0.00012   17.4   0.4     5   107    21   111    17   116 0.80 -
d3f5oa_d.38.1.5      -            138 d1vpma_d.38.1.1.aln  -            135     6e-05   18.4   0.0   1   1   4.1e-06    0.0002   16.7   0.0     9    79    41   105    34   115 0.80 -
#
# Program:         hmmsearch
# Version:         3.3.2 (Nov 2020)
# Pipeline mode:   SEARCH
# Query file:      /home/elise/Documents/M1-BIM/S2/TMEs/SBAS/tme08/models/d1vpma_d.38.1.1.aln.hmm
# Target file:     /home/elise/Documents/M1-BIM/S2/TMEs/SBAS/tme08/scop/scop/scopTestSeq.fasta
# Option settings: hmmsearch --domtblout /home/elise/Documents/M1-BIM/S2/TMEs/SBAS/tme08/searchResults/d1vpma_d.38.1.1.aln.out -E 1 /home/elise/Documents/M1-BIM/S2/TMEs/SBAS/tme08/models/d1vpma_d.38.1.1.aln.hmm /home/elise/Documents/M1-BIM/S2/TMEs/SBAS/tme08/scop/scop/scopTestSeq.fasta 
# Current dir:     /home/elise/Documents/M1-BIM/S2/TMEs/SBAS/tme08
# Date:            Tue Apr  1 17:30:47 2025
# [ok]
