#                                                                            --- full sequence --- -------------- this domain -------------   hmm coord   ali coord   env coord
# target name        accession   tlen query name           accession   qlen   E-value  score  bias   #  of  c-Evalue  i-Evalue  score  bias  from    to  from    to  from    to  acc description of target
#------------------- ---------- ----- -------------------- ---------- ----- --------- ------ ----- --- --- --------- --------- ------ ----- ----- ----- ----- ----- ----- ----- ---- ---------------------
d1jeta_c.94.1.1      -            517 d1vr5a1c.94.1.1.aln  -            326   1.2e-57  191.5  11.3   1   1   8.6e-59   2.5e-57  190.4  11.3     2   326    53   494    52   494 0.99 -
d3vlva_c.94.1.1      -            490 d1vr5a1c.94.1.1.aln  -            326   4.5e-44  147.1   9.5   1   1     2e-45   5.9e-44  146.7   9.5     1   318   119   490   119   490 0.99 -
d1nnfa_c.94.1.1      -            308 d1vr5a1c.94.1.1.aln  -            326   1.3e-37  125.9  10.1   1   1   4.8e-39   1.4e-37  125.8  10.1     8   287     2   304     1   308 0.96 -
d2nooa_c.94.1.1      -            496 d1vr5a1c.94.1.1.aln  -            326   2.4e-35  118.5   0.6   1   1   9.9e-37   2.9e-35  118.2   0.6     2   326    64   476    63   476 0.98 -
d1pb7a_c.94.1.1      -            289 d1vr5a1c.94.1.1.aln  -            326   1.2e-34  116.2   0.0   1   1   4.8e-36   1.4e-34  116.0   0.0    32   296     2   286     1   288 0.95 -
d1ursa_c.94.1.1      -            367 d1vr5a1c.94.1.1.aln  -            326   4.3e-34  114.4  10.4   1   1   1.7e-35   4.8e-34  114.2  10.4     5   320     3   366     1   367 0.98 -
d1xoca1c.94.1.1      -            504 d1vr5a1c.94.1.1.aln  -            326   1.5e-31  106.1  16.1   1   1     6e-33   1.8e-31  105.8  16.1     2   326    70   482    69   482 0.98 -
d1uqwa_c.94.1.1      -            487 d1vr5a1c.94.1.1.aln  -            326     2e-31  105.6  11.2   1   1   9.2e-33   2.7e-31  105.2  11.2     2   326    67   467    66   467 0.98 -
d1q35a_c.94.1.1      -            318 d1vr5a1c.94.1.1.aln  -            326   4.5e-31  104.5   3.1   1   1   1.7e-32   4.9e-31  104.4   3.1     7   293     3   314     1   318 0.96 -
d1eu8a_c.94.1.1      -            407 d1vr5a1c.94.1.1.aln  -            326   8.9e-30  100.2   6.8   1   1   3.6e-31   1.1e-29  100.0   6.8     1   325    25   407    25   407 0.99 -
d3thia_c.94.1.1      -            362 d1vr5a1c.94.1.1.aln  -            326   9.4e-30  100.2   0.5   1   1   3.6e-31     1e-29  100.0   0.5     4   323     3   361     1   362 0.98 -
d1ixha_c.94.1.1      -            321 d1vr5a1c.94.1.1.aln  -            326   2.9e-28   95.3  10.7   1   1   1.3e-29   3.7e-28   95.0  10.7    29   326     2   319     1   319 0.94 -
d1r9la_c.94.1.1      -            309 d1vr5a1c.94.1.1.aln  -            326   8.2e-28   93.8  11.5   1   1   3.1e-29     9e-28   93.7  11.5     3   313     3   308     1   309 0.98 -
d1sbpa_c.94.1.1      -            309 d1vr5a1c.94.1.1.aln  -            326     1e-22   77.1  10.1   1   1   3.9e-24   1.1e-22   77.0  10.1     4   308     3   306     1   309 0.96 -
d2czla1c.94.1.1      -            270 d1vr5a1c.94.1.1.aln  -            326   1.2e-21   73.6   0.0   1   1   4.5e-23   1.3e-21   73.5   0.0    31   320     2   267     1   270 0.97 -
d1us5a_c.94.1.1      -            298 d1vr5a1c.94.1.1.aln  -            326   1.2e-18   63.8   1.6   1   1   5.1e-20   1.5e-18   63.5   1.6    19   321     1   296     1   297 0.98 -
d1twya_c.94.1.1      -            249 d1vr5a1c.94.1.1.aln  -            326   2.9e-17   59.3   0.1   1   1   1.1e-18   3.3e-17   59.1   0.1    46   295    18   247     2   249 0.94 -
d2nxoa1c.94.1.1      -            277 d1vr5a1c.94.1.1.aln  -            326   1.3e-16   57.2   0.0   1   1   5.2e-18   1.5e-16   56.9   0.0    31   318     3   274     1   276 0.98 -
d1xt8a1c.94.1.1      -            248 d1vr5a1c.94.1.1.aln  -            326   4.1e-15   52.3   4.5   1   1   1.7e-16   5.1e-15   51.9   4.5    61   290    26   244     7   247 0.95 -
d1sw5a_c.94.1.1      -            270 d1vr5a1c.94.1.1.aln  -            326   4.2e-15   52.2   4.7   1   1   1.6e-16   4.5e-15   52.1   4.7    19   299     3   270     1   270 0.96 -
d2i6ea1c.94.1.1      -            272 d1vr5a1c.94.1.1.aln  -            326   6.8e-15   51.5   0.0   1   1   2.7e-16   7.7e-15   51.3   0.0    31   299     4   263     1   269 0.95 -
d1al3a_c.94.1.1      -            237 d1vr5a1c.94.1.1.aln  -            326     9e-13   44.6   0.0   1   1   3.4e-14   9.9e-13   44.4   0.0    37   317     1   236     1   237 0.97 -
d1atga_c.94.1.1      -            231 d1vr5a1c.94.1.1.aln  -            326   2.1e-09   33.5   1.9   1   1   8.7e-11   2.5e-09   33.3   1.9    34   291     2   226     1   230 0.94 -
d2ozza1c.94.1.1      -            228 d1vr5a1c.94.1.1.aln  -            326   6.5e-09   32.0   0.0   1   1   2.4e-10     7e-09   31.8   0.0    32   291     3   225     1   228 0.93 -
d1i6aa_c.94.1.1      -            212 d1vr5a1c.94.1.1.aln  -            326   6.8e-09   31.9   0.0   1   1   2.8e-10   8.1e-09   31.6   0.0    70   282    17   203     5   211 0.94 -
d1ve4a1c.94.1.1      -            206 d1vr5a1c.94.1.1.aln  -            326   9.1e-06   21.6   0.0   1   1   3.8e-07   1.1e-05   21.4   0.0    78   287    36   202     7   205 0.88 -
d2qmwa1c.94.1.1      -            184 d1vr5a1c.94.1.1.aln  -            326   0.00022   17.1   0.1   1   1     1e-05    0.0003   16.7   0.1    67   287     2   182     1   184 0.95 -
#
# Program:         hmmsearch
# Version:         3.3.2 (Nov 2020)
# Pipeline mode:   SEARCH
# Query file:      /home/elise/Documents/M1-BIM/S2/TMEs/SBAS/tme08/models/d1vr5a1c.94.1.1.aln.hmm
# Target file:     /home/elise/Documents/M1-BIM/S2/TMEs/SBAS/tme08/scop/scop/scopTestSeq.fasta
# Option settings: hmmsearch --domtblout /home/elise/Documents/M1-BIM/S2/TMEs/SBAS/tme08/searchResults/d1vr5a1c.94.1.1.aln.out -E 1 /home/elise/Documents/M1-BIM/S2/TMEs/SBAS/tme08/models/d1vr5a1c.94.1.1.aln.hmm /home/elise/Documents/M1-BIM/S2/TMEs/SBAS/tme08/scop/scop/scopTestSeq.fasta 
# Current dir:     /home/elise/Documents/M1-BIM/S2/TMEs/SBAS/tme08
# Date:            Tue Apr  1 17:30:47 2025
# [ok]
