#                                                                            --- full sequence --- -------------- this domain -------------   hmm coord   ali coord   env coord
# target name        accession   tlen query name           accession   qlen   E-value  score  bias   #  of  c-Evalue  i-Evalue  score  bias  from    to  from    to  from    to  acc description of target
#------------------- ---------- ----- -------------------- ---------- ----- --------- ------ ----- --- --- --------- --------- ------ ----- ----- ----- ----- ----- ----- ----- ---- ---------------------
d2dkja_c.67.1.4      -            402 d1w23a_c.67.1.4.aln  -            433  1.8e-125  414.5   0.1   1   1  3.5e-127  2.1e-125  414.3   0.1    17   426     3   398     1   401 0.99 -
d1vefa1c.67.1.4      -            387 d1w23a_c.67.1.4.aln  -            433   1.5e-98  325.8   0.0   1   1  2.7e-100   1.7e-98  325.7   0.0     4   432     6   386     3   387 0.98 -
d1zoda_c.67.1.4      -            431 d1w23a_c.67.1.4.aln  -            433   5.4e-98  324.0   0.0   1   1  9.9e-100     6e-98  323.8   0.0     1   432     7   427     7   428 0.99 -
d1ohwa_c.67.1.4      -            461 d1w23a_c.67.1.4.aln  -            433   2.9e-97  321.6   0.0   1   1   5.4e-99   3.3e-97  321.4   0.0     2   432    20   458    19   459 0.99 -
d3piua_c.67.1.4      -            416 d1w23a_c.67.1.4.aln  -            433   1.6e-96  319.1   0.0   1   1     3e-98   1.8e-96  318.9   0.0     6   432     1   416     1   416 1.00 -
d2bwna1c.67.1.4      -            396 d1w23a_c.67.1.4.aln  -            433   3.3e-84  278.6   0.2   1   1   6.1e-86   3.7e-84  278.4   0.2     3   415    10   396     8   396 0.98 -
d1bs0a_c.67.1.4      -            383 d1w23a_c.67.1.4.aln  -            433   6.9e-81  267.6   0.0   1   1   1.3e-82   7.7e-81  267.5   0.0     2   413     2   381     1   383 0.98 -
d2fnua_c.67.1.4      -            373 d1w23a_c.67.1.4.aln  -            433   1.2e-65  217.4   0.0   1   1   2.2e-67   1.3e-65  217.3   0.0     6   432     2   369     1   370 0.99 -
d1o69a_c.67.1.4      -            374 d1w23a_c.67.1.4.aln  -            433   7.6e-63  208.2   0.0   1   1   1.4e-64   8.5e-63  208.0   0.0    17   433     2   374     1   374 0.98 -
d2epja_c.67.1.0      -            426 d1w23a_c.67.1.4.aln  -            433   1.9e-55  183.8   0.7   1   1   3.9e-57   2.4e-55  183.5   0.7    15   421    28   409    20   414 0.94 -
d1w23a_c.67.1.4      -            360 d1w23a_c.67.1.4.aln  -            433   2.8e-23   77.8   0.0   1   1   5.4e-25   3.3e-23   77.6   0.0    12   390     5   343     1   358 0.91 -
d2c81a_c.67.1.0      -            409 d1w23a_c.67.1.4.aln  -            433   2.6e-05   18.6   0.0   1   1   6.7e-07   4.1e-05   17.9   0.0    59   234    58   205    33   277 0.86 -
d3fvsa_c.67.1.1      -            419 d1w23a_c.67.1.4.aln  -            433    0.0041   11.4   0.1   1   2   0.00017      0.01   10.0   0.0   225   252   187   214   186   220 0.89 -
d3fvsa_c.67.1.1      -            419 d1w23a_c.67.1.4.aln  -            433    0.0041   11.4   0.1   2   2       1.3        81   -2.8   0.0   248   271   233   256   231   258 0.90 -
#
# Program:         hmmsearch
# Version:         3.3.2 (Nov 2020)
# Pipeline mode:   SEARCH
# Query file:      /home/elise/Documents/M1-BIM/S2/TMEs/SBAS/tme08/models/d1w23a_c.67.1.4.aln.hmm
# Target file:     /home/elise/Documents/M1-BIM/S2/TMEs/SBAS/tme08/scop/scop/scopTestSeq.fasta
# Option settings: hmmsearch --domtblout /home/elise/Documents/M1-BIM/S2/TMEs/SBAS/tme08/searchResults/d1w23a_c.67.1.4.aln.out -E 1 /home/elise/Documents/M1-BIM/S2/TMEs/SBAS/tme08/models/d1w23a_c.67.1.4.aln.hmm /home/elise/Documents/M1-BIM/S2/TMEs/SBAS/tme08/scop/scop/scopTestSeq.fasta 
# Current dir:     /home/elise/Documents/M1-BIM/S2/TMEs/SBAS/tme08
# Date:            Tue Apr  1 17:30:48 2025
# [ok]
