#                                                                            --- full sequence --- -------------- this domain -------------   hmm coord   ali coord   env coord
# target name        accession   tlen query name           accession   qlen   E-value  score  bias   #  of  c-Evalue  i-Evalue  score  bias  from    to  from    to  from    to  acc description of target
#------------------- ---------- ----- -------------------- ---------- ----- --------- ------ ----- --- --- --------- --------- ------ ----- ----- ----- ----- ----- ----- ----- ---- ---------------------
d1v59a1c.3.1.5       -            234 d1w4xa1c.3.1.5.aln   -            189     1e-51  170.7   3.2   1   1   3.8e-53   1.2e-51  170.5   3.2     3   188     3   234     1   234 0.98 -
d1mo9a1c.3.1.5       -            262 d1w4xa1c.3.1.5.aln   -            189   3.3e-40  133.2   0.2   1   1   7.2e-39   2.3e-37  123.9   0.2     3   188    40   262    38   262 0.98 -
d1xdia1c.3.1.5       -            234 d1w4xa1c.3.1.5.aln   -            189   3.1e-37  123.5   0.6   1   1   1.3e-38     4e-37  123.1   0.6     6   183     2   228     1   233 0.98 -
d1fl2a1c.3.1.5       -            185 d1w4xa1c.3.1.5.aln   -            189     4e-37  123.1   3.0   1   1   1.4e-38   4.5e-37  122.9   3.0     6   188     2   181     1   182 0.97 -
d1m6ia1c.3.1.5       -            214 d1w4xa1c.3.1.5.aln   -            189   3.2e-34  113.6   0.0   1   1   1.1e-35   3.5e-34  113.5   0.0     3   188     2   214     1   214 0.99 -
d1nhpa1c.3.1.5       -            199 d1w4xa1c.3.1.5.aln   -            189   5.4e-34  112.9   0.0   1   1   1.9e-35   5.9e-34  112.8   0.0     7   187     2   198     1   199 0.99 -
d1w4xa2c.3.1.5       -            235 d1w4xa1c.3.1.5.aln   -            189   3.4e-23   77.7   0.0   1   1   1.2e-24   3.7e-23   77.5   0.0     7   187    10   230     4   232 0.97 -
d1v59a2c.3.1.5       -            122 d1w4xa1c.3.1.5.aln   -            189   5.7e-23   76.9   0.5   1   1   1.9e-24     6e-23   76.9   0.5    11   133     5   121     1   122 0.95 -
d2gv8a1c.3.1.5       -            336 d1w4xa1c.3.1.5.aln   -            189   4.2e-22   74.1   0.0   1   1   1.6e-23     5e-22   73.9   0.0     4   188     3   292     1   293 0.97 -
d1aoga2c.3.1.5       -            117 d1w4xa1c.3.1.5.aln   -            189   1.1e-19   66.2   0.0   1   1   3.7e-21   1.2e-19   66.1   0.0    10   117     1   105     1   117 0.88 -
d1m6ia2c.3.1.5       -            137 d1w4xa1c.3.1.5.aln   -            189   3.6e-18   61.3   0.1   1   1   1.2e-19   3.9e-18   61.2   0.1     4   157    12   136     9   137 0.88 -
d1nhpa2c.3.1.5       -            123 d1w4xa1c.3.1.5.aln   -            189   2.8e-17   58.4   1.3   1   1   9.9e-19   3.1e-17   58.2   1.3     7   150     8   117     3   123 0.86 -
d1mo9a2c.3.1.5       -            121 d1w4xa1c.3.1.5.aln   -            189   4.4e-16   54.5   0.1   1   1   1.4e-17   4.6e-16   54.4   0.1    18   122    10   110     2   121 0.91 -
d1h6va2c.3.1.5       -            122 d1w4xa1c.3.1.5.aln   -            189   6.2e-16   54.0   0.0   1   1   2.1e-17   6.6e-16   53.9   0.0    13   157     4   122     1   122 0.93 -
d1vdca2c.3.1.5       -            130 d1w4xa1c.3.1.5.aln   -            189   1.4e-14   49.6   0.0   1   1   5.4e-16   1.7e-14   49.3   0.0     9   117    14   117    10   126 0.92 -
d1onfa2c.3.1.5       -            117 d1w4xa1c.3.1.5.aln   -            189   5.9e-14   47.5   0.0   1   1     2e-15   6.3e-14   47.5   0.0    11   156     4   117     1   117 0.89 -
d1fcda2c.3.1.5       -            141 d1w4xa1c.3.1.5.aln   -            189   3.7e-12   41.7   0.0   1   1   1.4e-13   4.4e-12   41.4   0.0     9   123     6   124     2   139 0.93 -
d1xhca2c.3.1.5       -            122 d1w4xa1c.3.1.5.aln   -            189   3.4e-11   38.6   0.0   1   1   1.2e-12   3.8e-11   38.4   0.0     4   115     7   120     4   122 0.84 -
d1fl2a2c.3.1.5       -            126 d1w4xa1c.3.1.5.aln   -            189   3.9e-10   35.1   0.1   1   1   1.3e-11   4.1e-10   35.0   0.1     5   104     8   100     4   122 0.89 -
d2gmha1c.3.1.2       -            381 d1w4xa1c.3.1.5.aln   -            189   1.6e-05   20.0   0.1   1   2    0.0003    0.0094   11.0   0.1     5    29    32    56    30    59 0.87 -
d2gmha1c.3.1.2       -            381 d1w4xa1c.3.1.5.aln   -            189   1.6e-05   20.0   0.1   2   2    0.0067      0.21    6.6   0.0   162   186   262   286   247   289 0.83 -
d2iida1c.3.1.2       -            371 d1w4xa1c.3.1.5.aln   -            189   1.7e-05   19.9   0.4   1   2   6.8e-06   0.00021   16.4   0.1    24    70    25    67    19    76 0.91 -
d2iida1c.3.1.2       -            371 d1w4xa1c.3.1.5.aln   -            189   1.7e-05   19.9   0.4   2   2      0.31       9.8    1.2   0.0    57   117   232   289   225   312 0.79 -
d2gv8a2c.3.1.5       -            107 d1w4xa1c.3.1.5.aln   -            189   0.00015   16.9   0.0   1   1   4.9e-06   0.00016   16.8   0.0    16   115     6   102     1   106 0.84 -
d2gf3a1c.3.1.2       -            282 d1w4xa1c.3.1.5.aln   -            189   0.00052   15.1   0.0   1   2   6.5e-05    0.0021   13.2   0.0     4    35     2    33     1   132 0.76 -
d2gf3a1c.3.1.2       -            282 d1w4xa1c.3.1.5.aln   -            189   0.00052   15.1   0.0   2   2       1.1        33   -0.6   0.0    87   123   162   196   155   223 0.71 -
d2f5va1c.3.1.2       -            380 d1w4xa1c.3.1.5.aln   -            189    0.0011   14.0   0.1   1   1   6.2e-05     0.002   13.2   0.1     5    37     4    36     2    55 0.88 -
d1kdga1c.3.1.2       -            361 d1w4xa1c.3.1.5.aln   -            189     0.002   13.2   0.3   1   1   0.00011    0.0035   12.4   0.3     5    40     2    44     1    56 0.86 -
#
# Program:         hmmsearch
# Version:         3.3.2 (Nov 2020)
# Pipeline mode:   SEARCH
# Query file:      /home/elise/Documents/M1-BIM/S2/TMEs/SBAS/tme08/models/d1w4xa1c.3.1.5.aln.hmm
# Target file:     /home/elise/Documents/M1-BIM/S2/TMEs/SBAS/tme08/scop/scop/scopTestSeq.fasta
# Option settings: hmmsearch --domtblout /home/elise/Documents/M1-BIM/S2/TMEs/SBAS/tme08/searchResults/d1w4xa1c.3.1.5.aln.out -E 1 /home/elise/Documents/M1-BIM/S2/TMEs/SBAS/tme08/models/d1w4xa1c.3.1.5.aln.hmm /home/elise/Documents/M1-BIM/S2/TMEs/SBAS/tme08/scop/scop/scopTestSeq.fasta 
# Current dir:     /home/elise/Documents/M1-BIM/S2/TMEs/SBAS/tme08
# Date:            Tue Apr  1 17:30:48 2025
# [ok]
