#                                                                            --- full sequence --- -------------- this domain -------------   hmm coord   ali coord   env coord
# target name        accession   tlen query name           accession   qlen   E-value  score  bias   #  of  c-Evalue  i-Evalue  score  bias  from    to  from    to  from    to  acc description of target
#------------------- ---------- ----- -------------------- ---------- ----- --------- ------ ----- --- --- --------- --------- ------ ----- ----- ----- ----- ----- ----- ----- ---- ---------------------
d1i1wa_c.1.8.3       -            303 d1w91a2c.1.8.3.aln   -            342   5.3e-90  297.3   6.4   1   1   1.7e-91   5.8e-90  297.2   6.4     3   337     7   301     5   303 0.95 -
d1hjua_c.1.8.3       -            332 d1w91a2c.1.8.3.aln   -            342   3.6e-56  186.1  18.6   1   1   1.2e-57     4e-56  185.9  18.6     6   341     3   331     1   332 0.99 -
d1qw9a2c.1.8.3       -            367 d1w91a2c.1.8.3.aln   -            342   2.2e-55  183.5   2.1   1   1     7e-57   2.4e-55  183.3   2.1     2   340     2   366     1   367 0.98 -
d7a3ha_c.1.8.3       -            300 d1w91a2c.1.8.3.aln   -            342     7e-44  145.7  14.4   1   1   2.4e-45   8.4e-44  145.4  14.4    12   318    11   283     7   298 0.95 -
d1rh9a1c.1.8.3       -            370 d1w91a2c.1.8.3.aln   -            342     1e-43  145.1   6.3   1   1   3.3e-45   1.1e-43  145.0   6.3     4   337    17   367    14   370 0.95 -
d1bqca_c.1.8.3       -            302 d1w91a2c.1.8.3.aln   -            342   3.5e-43  143.4  12.1   1   1   1.1e-44   3.9e-43  143.2  12.1     8   339     2   297     1   300 0.95 -
d3n9ka_c.1.8.3       -            394 d1w91a2c.1.8.3.aln   -            342   1.2e-42  141.6  24.5   1   1   4.1e-44   1.4e-42  141.4  24.5     8   341    39   389    34   390 0.97 -
d2je8a5c.1.8.3       -            348 d1w91a2c.1.8.3.aln   -            342   1.6e-42  141.2   7.8   1   1   5.7e-44     2e-42  140.9   7.8    14   340     5   345     2   347 0.99 -
d1uuqa_c.1.8.3       -            410 d1w91a2c.1.8.3.aln   -            342   4.3e-42  139.8  18.2   1   1   1.4e-43   4.8e-42  139.6  18.2     4   338    17   402    14   406 0.96 -
d1vjza_c.1.8.3       -            325 d1w91a2c.1.8.3.aln   -            342   6.7e-42  139.1   0.2   1   1   2.3e-43   7.9e-42  138.9   0.2    11   328     3   312     1   323 0.96 -
d1ceoa_c.1.8.3       -            340 d1w91a2c.1.8.3.aln   -            342     1e-41  138.5   0.9   1   1   3.5e-43   1.2e-41  138.3   0.9     7   338     7   334     1   337 0.97 -
d1edga_c.1.8.3       -            380 d1w91a2c.1.8.3.aln   -            342   6.8e-40  132.5  19.4   1   1   2.2e-41   7.6e-40  132.4  19.4     2   339    19   377    18   380 0.99 -
d1ecea_c.1.8.3       -            358 d1w91a2c.1.8.3.aln   -            342   2.1e-38  127.6  18.1   1   1     7e-40   2.4e-38  127.5  18.1     2   341    13   357    12   358 0.98 -
d1jz8a5c.1.8.3       -            292 d1w91a2c.1.8.3.aln   -            342   7.9e-37  122.5   0.5   1   1   2.7e-38   9.2e-37  122.2   0.5    16   341     7   290     1   291 0.94 -
d2nt0a2c.1.8.3       -            354 d1w91a2c.1.8.3.aln   -            342   8.5e-37  122.4   0.2   1   1   2.8e-38   9.5e-37  122.2   0.2     4   341     6   351     3   352 0.97 -
d2vzsa5c.1.8.3       -            339 d1w91a2c.1.8.3.aln   -            342   2.3e-36  121.0   3.9   1   1   7.3e-38   2.5e-36  120.8   3.9     6   341     2   338     1   339 0.97 -
d1h1na_c.1.8.3       -            305 d1w91a2c.1.8.3.aln   -            342   4.5e-35  116.7  15.9   1   1   1.4e-36   4.9e-35  116.6  15.9     8   325     2   293     1   305 0.96 -
d1odza_c.1.8.3       -            381 d1w91a2c.1.8.3.aln   -            342   1.4e-33  111.8  14.8   1   1   4.5e-35   1.6e-33  111.6  14.8     3   338    12   369    10   373 0.97 -
d1qnra_c.1.8.3       -            344 d1w91a2c.1.8.3.aln   -            342   4.3e-32  106.9  24.5   1   1   1.4e-33   4.7e-32  106.8  24.5     8   339     2   340     1   343 0.98 -
d1ur4a_c.1.8.3       -            387 d1w91a2c.1.8.3.aln   -            342   3.6e-31  103.8  15.4   1   1   1.3e-32   4.3e-31  103.6  15.4     3   341    11   380     9   381 0.97 -
d1nofa2c.1.8.3       -            277 d1w91a2c.1.8.3.aln   -            342   3.9e-21   70.9   4.5   1   1   1.8e-22   6.1e-21   70.2   4.5     4   340     3   276     1   277 0.95 -
d2v3ga_c.1.8.3       -            273 d1w91a2c.1.8.3.aln   -            342   5.1e-16   54.0  23.4   1   1   1.9e-17   6.4e-16   53.7  23.4    10   337     5   270     2   273 0.91 -
d1w91a2c.1.8.3       -            347 d1w91a2c.1.8.3.aln   -            342   1.5e-15   52.5   0.1   1   1   6.8e-17   2.3e-15   51.9   0.1     4   313     5   321     3   345 0.90 -
#
# Program:         hmmsearch
# Version:         3.3.2 (Nov 2020)
# Pipeline mode:   SEARCH
# Query file:      /home/elise/Documents/M1-BIM/S2/TMEs/SBAS/tme08/models/d1w91a2c.1.8.3.aln.hmm
# Target file:     /home/elise/Documents/M1-BIM/S2/TMEs/SBAS/tme08/scop/scop/scopTestSeq.fasta
# Option settings: hmmsearch --domtblout /home/elise/Documents/M1-BIM/S2/TMEs/SBAS/tme08/searchResults/d1w91a2c.1.8.3.aln.out -E 1 /home/elise/Documents/M1-BIM/S2/TMEs/SBAS/tme08/models/d1w91a2c.1.8.3.aln.hmm /home/elise/Documents/M1-BIM/S2/TMEs/SBAS/tme08/scop/scop/scopTestSeq.fasta 
# Current dir:     /home/elise/Documents/M1-BIM/S2/TMEs/SBAS/tme08
# Date:            Tue Apr  1 17:30:48 2025
# [ok]
