#                                                                            --- full sequence --- -------------- this domain -------------   hmm coord   ali coord   env coord
# target name        accession   tlen query name           accession   qlen   E-value  score  bias   #  of  c-Evalue  i-Evalue  score  bias  from    to  from    to  from    to  acc description of target
#------------------- ---------- ----- -------------------- ---------- ----- --------- ------ ----- --- --- --------- --------- ------ ----- ----- ----- ----- ----- ----- ----- ---- ---------------------
d1luza_b.40.4.5      -             85 d1x6oa2b.40.4.5.aln  -             91   3.7e-13   45.2   0.4   1   1   1.6e-14     4e-13   45.1   0.4     4    87     4    84     1    85 0.95 -
d3bzka4b.40.4.5      -             94 d1x6oa2b.40.4.5.aln  -             91   4.9e-13   44.8   0.7   1   1   2.3e-14   5.6e-13   44.6   0.7     2    79    12    85    11    93 0.88 -
d1c9oa_b.40.4.5      -             66 d1x6oa2b.40.4.5.aln  -             91   5.8e-13   44.6   0.1   1   1   2.5e-14   6.1e-13   44.5   0.1    13    83     3    65     1    66 0.94 -
d2je6i1b.40.4.5      -             87 d1x6oa2b.40.4.5.aln  -             91   1.7e-12   43.1   0.5   1   1   7.6e-14   1.9e-12   43.0   0.5     2    88     1    86     1    87 0.95 -
d2uubq1b.40.4.5      -            100 d1x6oa2b.40.4.5.aln  -             91     2e-12   42.9   1.8   1   1   9.5e-14   2.3e-12   42.6   1.8     9    89     2    80     1    82 0.96 -
d1kl9a2b.40.4.5      -             86 d1x6oa2b.40.4.5.aln  -             91     6e-12   41.4   0.6   1   1   2.6e-13   6.5e-12   41.2   0.6     3    83     8    86     6    86 0.96 -
d2ja9a1b.40.4.5      -             90 d1x6oa2b.40.4.5.aln  -             91   9.4e-11   37.6   0.0   1   1   4.2e-12     1e-10   37.4   0.0     2    88     1    83     1    86 0.94 -
d2nn6i1b.40.4.5      -            125 d1x6oa2b.40.4.5.aln  -             91   8.3e-10   34.5   0.0   1   1     4e-11   9.8e-10   34.3   0.0     4    85     3    90     1    96 0.91 -
d2nn6h1b.40.4.5      -             95 d1x6oa2b.40.4.5.aln  -             91   8.8e-10   34.5   0.0   1   1   3.9e-11   9.5e-10   34.4   0.0     1    86     1    92     1    95 0.92 -
d1go3e1b.40.4.5      -            106 d1x6oa2b.40.4.5.aln  -             91   1.9e-09   33.4   0.6   1   1   8.6e-11   2.1e-09   33.3   0.6     6    82     1    83     1    92 0.90 -
d3i4oa_b.40.4.5      -             68 d1x6oa2b.40.4.5.aln  -             91   3.8e-09   32.5   0.2   1   1   1.7e-10   4.2e-09   32.3   0.2    11    76     4    67     2    68 0.96 -
d1smxa_b.40.4.5      -             87 d1x6oa2b.40.4.5.aln  -             91   3.9e-09   32.4   0.0   1   1   1.8e-10   4.4e-09   32.2   0.0    10    81     2    80     1    86 0.95 -
d1rl2a2b.40.4.5      -             66 d1x6oa2b.40.4.5.aln  -             91   1.9e-08   30.2   0.1   1   1   8.1e-10     2e-08   30.2   0.1    25    88     2    65     1    66 0.95 -
d2uubl1b.40.4.5      -            118 d1x6oa2b.40.4.5.aln  -             91   2.4e-08   29.9   0.7   1   1   1.4e-09   3.6e-08   29.4   0.7     2    90    22   106    21   107 0.96 -
d2ix0a1b.40.4.5      -             90 d1x6oa2b.40.4.5.aln  -             91   2.1e-07   26.9   0.0   1   1     9e-09   2.2e-07   26.8   0.0     2    86     2    88     1    90 0.97 -
d1d7qa_b.40.4.5      -            143 d1x6oa2b.40.4.5.aln  -             91   2.3e-07   26.8   0.0   1   1   1.6e-08   3.8e-07   26.1   0.0     2    88    23   115    22   118 0.94 -
d1wfqa_b.40.4.5      -             89 d1x6oa2b.40.4.5.aln  -             91   3.4e-07   26.3   0.0   1   1   1.4e-08   3.5e-07   26.2   0.0    31    89    28    88     3    89 0.83 -
d1e3pa2b.40.4.5      -             62 d1x6oa2b.40.4.5.aln  -             91   3.9e-07   26.1   0.2   1   1   1.7e-08   4.1e-07   26.0   0.2    14    73     1    60     1    62 0.95 -
d2vnud2b.40.4.5      -             88 d1x6oa2b.40.4.5.aln  -             91   1.2e-06   24.6   0.5   1   1     5e-08   1.2e-06   24.5   0.5     3    86     4    87     2    88 0.94 -
d1a62a2b.40.4.5      -             78 d1x6oa2b.40.4.5.aln  -             91   1.2e-06   24.5   0.0   1   1   5.3e-08   1.3e-06   24.4   0.0    12    86     3    73     1    77 0.89 -
d1hh2p1b.40.4.5      -             72 d1x6oa2b.40.4.5.aln  -             91   1.3e-06   24.4   0.3   1   1   5.8e-08   1.4e-06   24.3   0.3    19    79    11    68     4    72 0.89 -
d2ix0a3b.40.4.5      -             87 d1x6oa2b.40.4.5.aln  -             91   1.9e-06   23.9   0.2   1   1   7.8e-08   1.9e-06   23.9   0.2     9    87     4    84     1    87 0.94 -
d1wi5a_b.40.4.5      -            119 d1x6oa2b.40.4.5.aln  -             91   4.3e-06   22.7   0.0   1   1   2.6e-07   6.4e-06   22.2   0.0     4    80    17    91    14   100 0.88 -
d1t9ha1b.40.4.5      -             67 d1x6oa2b.40.4.5.aln  -             91   9.6e-06   21.6   0.2   1   1   4.1e-07     1e-05   21.6   0.2    13    81     3    66     1    67 0.92 -
d2asba1b.40.4.5      -             76 d1x6oa2b.40.4.5.aln  -             91   1.4e-05   21.2   0.2   1   1   5.8e-07   1.4e-05   21.1   0.2     7    82     3    75     1    76 0.94 -
d1y14b1b.40.4.5      -             91 d1x6oa2b.40.4.5.aln  -             91   1.7e-05   20.8   0.0   1   1   9.1e-07   2.2e-05   20.5   0.0     2    90     1    89     1    90 0.94 -
d1jt8a_b.40.4.5      -            102 d1x6oa2b.40.4.5.aln  -             91   1.9e-05   20.7   0.4   1   1   8.6e-07   2.1e-05   20.6   0.4     3    78    13    94    11   102 0.83 -
d2ix0a2b.40.4.5      -             79 d1x6oa2b.40.4.5.aln  -             91   6.6e-05   19.0   0.0   1   1   2.9e-06   7.1e-05   18.9   0.0    12    83     4    77     1    78 0.89 -
d1u0la1b.40.4.5      -             66 d1x6oa2b.40.4.5.aln  -             91   0.00014   17.9   0.3   1   1   6.5e-06   0.00016   17.8   0.3    13    76     4    60     2    66 0.87 -
d1ne3a_b.40.4.5      -             68 d1x6oa2b.40.4.5.aln  -             91    0.0003   16.9   0.1   1   1   1.2e-05   0.00031   16.9   0.1     9    75     2    66     1    68 0.91 -
d2vnud3b.40.4.5      -            148 d1x6oa2b.40.4.5.aln  -             91    0.0011   15.1   0.0   1   1   6.1e-05    0.0015   14.7   0.0     3    87    35   126    33   130 0.90 -
d1ueba2b.40.4.5      -             63 d1x6oa2b.40.4.5.aln  -             91    0.0026   13.9   0.0   1   1   0.00011    0.0027   13.9   0.0    12    77     2    61     1    63 0.90 -
#
# Program:         hmmsearch
# Version:         3.3.2 (Nov 2020)
# Pipeline mode:   SEARCH
# Query file:      /home/elise/Documents/M1-BIM/S2/TMEs/SBAS/tme08/models/d1x6oa2b.40.4.5.aln.hmm
# Target file:     /home/elise/Documents/M1-BIM/S2/TMEs/SBAS/tme08/scop/scop/scopTestSeq.fasta
# Option settings: hmmsearch --domtblout /home/elise/Documents/M1-BIM/S2/TMEs/SBAS/tme08/searchResults/d1x6oa2b.40.4.5.aln.out -E 1 /home/elise/Documents/M1-BIM/S2/TMEs/SBAS/tme08/models/d1x6oa2b.40.4.5.aln.hmm /home/elise/Documents/M1-BIM/S2/TMEs/SBAS/tme08/scop/scop/scopTestSeq.fasta 
# Current dir:     /home/elise/Documents/M1-BIM/S2/TMEs/SBAS/tme08
# Date:            Tue Apr  1 17:30:49 2025
# [ok]
