#                                                                            --- full sequence --- -------------- this domain -------------   hmm coord   ali coord   env coord
# target name        accession   tlen query name           accession   qlen   E-value  score  bias   #  of  c-Evalue  i-Evalue  score  bias  from    to  from    to  from    to  acc description of target
#------------------- ---------- ----- -------------------- ---------- ----- --------- ------ ----- --- --- --------- --------- ------ ----- ----- ----- ----- ----- ----- ----- ---- ---------------------
d2p74a_e.3.1.1       -            263 d1xa1a_e.3.1.1.aln   -            295   2.7e-94  311.0   4.1   1   1   6.4e-96     3e-94  310.9   4.1    11   293     3   263     1   263 0.99 -
d2hdsa_e.3.1.1       -            358 d1xa1a_e.3.1.1.aln   -            295   4.2e-75  248.0   1.7   1   1     1e-76   4.8e-75  247.8   1.7     1   294    40   358    40   358 1.00 -
d1qmea4e.3.1.1       -            357 d1xa1a_e.3.1.1.aln   -            295   1.7e-67  223.0   5.8   1   1   4.1e-69   1.9e-67  222.9   5.8     2   294     2   338     1   339 0.99 -
d1alqa_e.3.1.1       -            263 d1xa1a_e.3.1.1.aln   -            295     2e-66  219.6   3.4   1   2     0.035       1.6    3.2   0.0   257   293     3    35     1    36 0.92 -
d1alqa_e.3.1.1       -            263 d1xa1a_e.3.1.1.aln   -            295     2e-66  219.6   3.4   2   2   1.8e-67   8.2e-66  217.5   2.7     3   251    32   263    30   263 0.99 -
d2v2ff_e.3.1.1       -            384 d1xa1a_e.3.1.1.aln   -            295   2.2e-55  183.3  15.2   1   1   5.7e-57   2.7e-55  183.0  15.2     2   294    25   361    24   362 0.99 -
d1e25a_e.3.1.1       -            278 d1xa1a_e.3.1.1.aln   -            295   8.2e-54  178.1   0.1   1   1   1.9e-55     9e-54  178.0   0.1    13   294     4   276     1   277 0.97 -
d1ei5a3e.3.1.1       -            333 d1xa1a_e.3.1.1.aln   -            295   2.7e-51  169.8   0.0   1   1   6.7e-53   3.1e-51  169.7   0.0     1   294    39   329    39   330 0.97 -
d1yqsa_e.3.1.1       -            345 d1xa1a_e.3.1.1.aln   -            295   2.8e-49  163.3   4.6   1   1   6.8e-51   3.2e-49  163.1   4.6     2   294    40   342    39   343 0.99 -
d2drwa1e.3.1.1       -            362 d1xa1a_e.3.1.1.aln   -            295   1.2e-48  161.2   0.0   1   1   2.9e-50   1.3e-48  161.0   0.0     2   294    39   358    38   359 0.99 -
d2olua2e.3.1.1       -            400 d1xa1a_e.3.1.1.aln   -            295   5.1e-48  159.1  10.2   1   1   1.4e-49   6.6e-48  158.7  10.2     2   294    33   372    32   373 0.99 -
d1vqqa3e.3.1.1       -            341 d1xa1a_e.3.1.1.aln   -            295   3.3e-45  149.9   7.4   1   1   8.1e-47   3.8e-45  149.7   7.4     2   294     5   322     4   323 0.98 -
d2bg1a1e.3.1.1       -            453 d1xa1a_e.3.1.1.aln   -            295   1.2e-43  144.8  11.1   1   1   3.1e-45   1.4e-43  144.5  11.1     3   294    29   380    27   381 0.99 -
d1tvfa2e.3.1.1       -            301 d1xa1a_e.3.1.1.aln   -            295   5.3e-43  142.6  12.7   1   1   1.3e-44     6e-43  142.5  12.7     2   293    22   301    21   301 0.99 -
d1ci9a_e.3.1.1       -            377 d1xa1a_e.3.1.1.aln   -            295   1.2e-38  128.4   0.0   1   1   2.8e-40   1.3e-38  128.2   0.0     2   293    41   360    40   362 0.98 -
d1xp4a2e.3.1.1       -            269 d1xa1a_e.3.1.1.aln   -            295   8.8e-38  125.5   5.6   1   1   2.1e-39   9.7e-38  125.4   5.6    11   293     2   269     1   269 0.98 -
d2dcfa1e.3.1.1       -            388 d1xa1a_e.3.1.1.aln   -            295     1e-36  122.0   0.0   1   1   2.5e-38   1.2e-36  121.8   0.0     2   294    36   360    35   361 0.99 -
d1es5a_e.3.1.1       -            260 d1xa1a_e.3.1.1.aln   -            295   6.4e-35  116.1  12.7   1   1   1.5e-36   7.1e-35  116.0  12.7    10   293     2   258     1   260 0.96 -
#
# Program:         hmmsearch
# Version:         3.3.2 (Nov 2020)
# Pipeline mode:   SEARCH
# Query file:      /home/elise/Documents/M1-BIM/S2/TMEs/SBAS/tme08/models/d1xa1a_e.3.1.1.aln.hmm
# Target file:     /home/elise/Documents/M1-BIM/S2/TMEs/SBAS/tme08/scop/scop/scopTestSeq.fasta
# Option settings: hmmsearch --domtblout /home/elise/Documents/M1-BIM/S2/TMEs/SBAS/tme08/searchResults/d1xa1a_e.3.1.1.aln.out -E 1 /home/elise/Documents/M1-BIM/S2/TMEs/SBAS/tme08/models/d1xa1a_e.3.1.1.aln.hmm /home/elise/Documents/M1-BIM/S2/TMEs/SBAS/tme08/scop/scop/scopTestSeq.fasta 
# Current dir:     /home/elise/Documents/M1-BIM/S2/TMEs/SBAS/tme08
# Date:            Tue Apr  1 17:30:49 2025
# [ok]
