#                                                                            --- full sequence --- -------------- this domain -------------   hmm coord   ali coord   env coord
# target name        accession   tlen query name           accession   qlen   E-value  score  bias   #  of  c-Evalue  i-Evalue  score  bias  from    to  from    to  from    to  acc description of target
#------------------- ---------- ----- -------------------- ---------- ----- --------- ------ ----- --- --- --------- --------- ------ ----- ----- ----- ----- ----- ----- ----- ---- ---------------------
d2pq8a_d.108.1.1     -            271 d1xeba_d.108.1.1.aln -            184   2.2e-35  117.9   0.0   1   1   1.7e-36     3e-35  117.4   0.0     1   183    57   251    57   252 0.99 -
d1z4ea1d.108.1.1     -            150 d1xeba_d.108.1.1.aln -            184   3.5e-34  113.9   0.1   1   1   2.2e-35   3.8e-34  113.8   0.1    13   155     1   145     1   150 0.98 -
d1z4ra1d.108.1.1     -            162 d1xeba_d.108.1.1.aln -            184   7.1e-33  109.7   0.1   1   1   4.5e-34   7.8e-33  109.6   0.1    13   177     2   161     1   162 0.98 -
d2b5ga_d.108.1.1     -            168 d1xeba_d.108.1.1.aln -            184   1.3e-32  108.9   0.3   1   1   8.1e-34   1.4e-32  108.7   0.3    14   172     3   167     1   168 0.99 -
d2ae6a1d.108.1.1     -            161 d1xeba_d.108.1.1.aln -            184   3.4e-32  107.5   0.1   1   1   2.1e-33   3.7e-32  107.4   0.1    12   173     3   159     1   161 0.97 -
d1qsma_d.108.1.1     -            150 d1xeba_d.108.1.1.aln -            184   1.6e-29   98.8   0.0   1   1   9.8e-31   1.7e-29   98.7   0.0    12   157     1   146     1   150 0.97 -
d1tiqa_d.108.1.1     -            173 d1xeba_d.108.1.1.aln -            184   1.8e-29   98.6   0.1   1   1   1.2e-30     2e-29   98.4   0.1    14   175     2   172     1   173 0.98 -
d1nsla_d.108.1.1     -            180 d1xeba_d.108.1.1.aln -            184   2.8e-29   98.0   0.3   1   1   1.8e-30   3.1e-29   97.8   0.3     5   178     2   180     1   180 0.98 -
d2fiaa1d.108.1.1     -            157 d1xeba_d.108.1.1.aln -            184   2.9e-29   98.0   0.8   1   1   1.8e-30   3.2e-29   97.8   0.8    14   173     1   156     1   157 0.98 -
d2cy2a1d.108.1.1     -            174 d1xeba_d.108.1.1.aln -            184   1.1e-28   96.0   0.9   1   1   7.3e-30   1.3e-28   95.8   0.9    14   178     1   174     1   174 0.98 -
d2fcka1d.108.1.1     -            178 d1xeba_d.108.1.1.aln -            184     4e-28   94.2   0.1   1   1   2.5e-29   4.4e-28   94.1   0.1     3   174     1   177     1   178 0.95 -
d1mk4a_d.108.1.1     -            157 d1xeba_d.108.1.1.aln -            184   1.3e-27   92.6   0.0   1   1   8.4e-29   1.5e-27   92.4   0.0    13   177     1   153     1   156 0.95 -
d1vkca_d.108.1.1     -            149 d1xeba_d.108.1.1.aln -            184   1.9e-27   92.0   1.9   1   1   1.2e-28   2.1e-27   91.8   1.9    18   155     8   144     1   148 0.94 -
d1wwza1d.108.1.1     -            157 d1xeba_d.108.1.1.aln -            184   5.8e-27   90.4   0.9   1   1   3.6e-28   6.4e-27   90.3   0.9    11   164     1   156     1   157 0.97 -
d1i12a_d.108.1.1     -            157 d1xeba_d.108.1.1.aln -            184     8e-27   90.0   0.0   1   1   4.9e-28   8.7e-27   89.9   0.0    12   158     3   155     1   157 0.97 -
d1ufha_d.108.1.1     -            155 d1xeba_d.108.1.1.aln -            184   1.2e-26   89.3   0.3   1   1   8.4e-28   1.5e-26   89.1   0.3    14   156     2   151     1   154 0.98 -
d1y9ka1d.108.1.1     -            152 d1xeba_d.108.1.1.aln -            184   1.9e-26   88.8   0.0   1   1   1.2e-27   2.1e-26   88.6   0.0    77   183    44   150     6   151 0.88 -
d2p0wa_d.108.1.1     -            319 d1xeba_d.108.1.1.aln -            184   2.6e-26   88.3   0.5   1   1   2.3e-27   3.9e-26   87.7   0.5     1   184   109   312   109   312 0.99 -
d2gana1d.108.1.1     -            182 d1xeba_d.108.1.1.aln -            184   3.5e-26   87.9   0.2   1   1   2.2e-27   3.9e-26   87.7   0.2     2   167    10   180     9   182 0.98 -
d1y9wa1d.108.1.1     -            140 d1xeba_d.108.1.1.aln -            184   6.4e-26   87.0   0.9   1   1     4e-27     7e-26   86.9   0.9    14   169     1   138     1   140 0.97 -
d1u6ma_d.108.1.1     -            189 d1xeba_d.108.1.1.aln -            184   1.1e-25   86.2   0.1   1   1     8e-27   1.4e-25   85.9   0.1     1   166     7   185     7   188 0.97 -
d1cjwa_d.108.1.1     -            166 d1xeba_d.108.1.1.aln -            184   1.2e-25   86.2   0.0   1   1   7.2e-27   1.3e-25   86.1   0.0    14   169     6   164     1   166 0.98 -
d2euia1d.108.1.1     -            153 d1xeba_d.108.1.1.aln -            184   1.7e-25   85.6   0.1   1   1   1.1e-26   1.9e-25   85.5   0.1    14   165     1   151     1   153 0.96 -
d1ghea_d.108.1.1     -            170 d1xeba_d.108.1.1.aln -            184   7.3e-25   83.6   0.0   1   1   4.8e-26   8.3e-25   83.4   0.0    22   175    13   169     3   170 0.97 -
d1yk3a1d.108.1.1     -            198 d1xeba_d.108.1.1.aln -            184   6.5e-24   80.5   0.1   1   1   4.1e-25   7.2e-24   80.4   0.1     2   183     2   198     1   198 0.98 -
d2fl4a1d.108.1.1     -            146 d1xeba_d.108.1.1.aln -            184   3.6e-23   78.1   0.4   1   1   2.3e-24     4e-23   77.9   0.4    12   168     1   146     1   146 0.94 -
d2atra1d.108.1.1     -            137 d1xeba_d.108.1.1.aln -            184   2.7e-22   75.2   0.0   1   1   1.7e-23     3e-22   75.1   0.0    13   164     1   135     1   137 0.96 -
d1yx0a1d.108.1.1     -            151 d1xeba_d.108.1.1.aln -            184     4e-22   74.7   0.0   1   1   2.5e-23   4.4e-22   74.5   0.0    14   170     1   150     1   151 0.96 -
d1boba_d.108.1.1     -            315 d1xeba_d.108.1.1.aln -            184   4.2e-22   74.6   0.2   1   1   3.1e-23   5.4e-22   74.2   0.2     1   184   106   308   106   308 0.98 -
d1bo4a_d.108.1.1     -            137 d1xeba_d.108.1.1.aln -            184   1.3e-21   73.0   0.1   1   1     8e-23   1.4e-21   72.9   0.1    14   148     3   137     1   137 0.98 -
d2g3aa1d.108.1.1     -            137 d1xeba_d.108.1.1.aln -            184   5.5e-21   70.9   0.0   1   1   3.5e-22   6.1e-21   70.8   0.0    14   155     1   121     1   136 0.95 -
d2jdca1d.108.1.1     -            145 d1xeba_d.108.1.1.aln -            184   7.7e-21   70.5   0.1   1   1   4.8e-22   8.4e-21   70.3   0.1    14   171     1   144     1   145 0.98 -
d1y7ra1d.108.1.1     -            133 d1xeba_d.108.1.1.aln -            184   4.3e-20   68.0   0.0   1   1   2.6e-21   4.6e-20   67.9   0.0    18   162     5   132     1   133 0.96 -
d1n71a_d.108.1.1     -            180 d1xeba_d.108.1.1.aln -            184   9.4e-20   66.9   0.0   1   1   6.2e-21   1.1e-19   66.7   0.0    12   175     1   178     1   180 0.97 -
d2fiwa1d.108.1.1     -            156 d1xeba_d.108.1.1.aln -            184   1.2e-19   66.6   0.0   1   1   7.5e-21   1.3e-19   66.5   0.0    14   171     4   152     1   156 0.91 -
d1m4ia_d.108.1.1     -            181 d1xeba_d.108.1.1.aln -            184   1.4e-19   66.4   0.1   1   1   1.1e-20     2e-19   65.9   0.1    12   184     1   181     1   181 0.95 -
d1q2ya_d.108.1.1     -            140 d1xeba_d.108.1.1.aln -            184     1e-18   63.6   0.2   1   1   7.3e-20   1.3e-18   63.2   0.2    20   169     8   139     5   139 0.97 -
d2fsra1d.108.1.1     -            164 d1xeba_d.108.1.1.aln -            184     3e-18   62.0   0.0   1   1   1.8e-19   3.2e-18   61.9   0.0     7   168     3   163     1   164 0.97 -
d2aj6a1d.108.1.1     -            118 d1xeba_d.108.1.1.aln -            184   5.9e-17   57.8   0.0   1   1   3.6e-18   6.3e-17   57.7   0.0    14   130     2   116     1   118 0.97 -
d1p0ha_d.108.1.1     -            308 d1xeba_d.108.1.1.aln -            184   2.1e-13   46.2   0.0   1   2      0.32       5.6    2.5   0.0    98   113    78    93    18    98 0.90 -
d1p0ha_d.108.1.1     -            308 d1xeba_d.108.1.1.aln -            184   2.1e-13   46.2   0.0   2   2   2.6e-13   4.6e-12   41.9   0.0     1   184    99   300    99   300 0.99 -
d1r57a_d.108.1.1     -            102 d1xeba_d.108.1.1.aln -            184   2.7e-12   42.6   0.1   1   1   2.1e-13   3.7e-12   42.2   0.1    91   151    34    95     1   102 0.76 -
d1xmta_d.108.1.1     -             95 d1xeba_d.108.1.1.aln -            184   4.3e-10   35.4   0.0   1   1   2.6e-11   4.6e-10   35.3   0.0    81   137    21    77     6    92 0.91 -
d2d4pa1d.108.1.1     -            130 d1xeba_d.108.1.1.aln -            184   6.9e-09   31.5   0.3   1   1   9.3e-10   1.6e-08   30.3   0.3    14   150     1   116     1   127 0.95 -
d1xeba_d.108.1.1     -            149 d1xeba_d.108.1.1.aln -            184   0.00028   16.5   1.7   1   1   4.5e-05   0.00079   15.0   1.7    95   154    77   134     8   146 0.79 -
d1l8qa2c.37.1.20     -            213 d1xeba_d.108.1.1.aln -            184    0.0046   12.5   0.0   1   1   0.00063     0.011   11.3   0.0   111   140    50    79    49    96 0.91 -
#
# Program:         hmmsearch
# Version:         3.3.2 (Nov 2020)
# Pipeline mode:   SEARCH
# Query file:      /home/elise/Documents/M1-BIM/S2/TMEs/SBAS/tme08/models/d1xeba_d.108.1.1.aln.hmm
# Target file:     /home/elise/Documents/M1-BIM/S2/TMEs/SBAS/tme08/scop/scop/scopTestSeq.fasta
# Option settings: hmmsearch --domtblout /home/elise/Documents/M1-BIM/S2/TMEs/SBAS/tme08/searchResults/d1xeba_d.108.1.1.aln.out -E 1 /home/elise/Documents/M1-BIM/S2/TMEs/SBAS/tme08/models/d1xeba_d.108.1.1.aln.hmm /home/elise/Documents/M1-BIM/S2/TMEs/SBAS/tme08/scop/scop/scopTestSeq.fasta 
# Current dir:     /home/elise/Documents/M1-BIM/S2/TMEs/SBAS/tme08
# Date:            Tue Apr  1 17:30:50 2025
# [ok]
