#                                                                            --- full sequence --- -------------- this domain -------------   hmm coord   ali coord   env coord
# target name        accession   tlen query name           accession   qlen   E-value  score  bias   #  of  c-Evalue  i-Evalue  score  bias  from    to  from    to  from    to  acc description of target
#------------------- ---------- ----- -------------------- ---------- ----- --------- ------ ----- --- --- --------- --------- ------ ----- ----- ----- ----- ----- ----- ----- ---- ---------------------
d2arza1b.45.1.1      -            238 d1xhna1b.45.1.1.aln  -            177   8.9e-41  134.8   0.0   1   1   1.9e-42   1.1e-40  134.6   0.0     5   172     3   198     1   210 0.93 -
d1rfea_b.45.1.1      -            160 d1xhna1b.45.1.1.aln  -            177     2e-39  130.4   0.0   1   1   3.9e-41   2.2e-39  130.3   0.0     3   158     7   158     5   160 0.97 -
d2fg9a1b.45.1.1      -            157 d1xhna1b.45.1.1.aln  -            177   2.7e-39  130.0   0.0   1   1   5.3e-41     3e-39  129.9   0.0     1   160     1   156     1   157 0.98 -
d2vpaa_b.45.1.1      -            215 d1xhna1b.45.1.1.aln  -            177   2.6e-38  126.8   0.0   1   1   5.2e-40   2.9e-38  126.6   0.0     2   177    33   215    32   215 0.99 -
d2fura1b.45.1.1      -            193 d1xhna1b.45.1.1.aln  -            177   9.4e-37  121.7   0.0   1   1   1.8e-38     1e-36  121.6   0.0     6   176     3   191     1   192 0.96 -
d2htia1b.45.1.1      -            156 d1xhna1b.45.1.1.aln  -            177   2.4e-36  120.4   0.0   1   1   4.7e-38   2.7e-36  120.3   0.0     4   156     2   155     1   156 0.98 -
d2i02a1b.45.1.1      -            143 d1xhna1b.45.1.1.aln  -            177   3.6e-35  116.6   0.0   1   1     7e-37     4e-35  116.4   0.0     2   156     2   143     1   143 0.98 -
d2hq7a1b.45.1.1      -            141 d1xhna1b.45.1.1.aln  -            177   1.8e-34  114.3   0.0   1   1   3.4e-36   1.9e-34  114.2   0.0     4   155     3   140     1   141 0.98 -
d1w9aa_b.45.1.1      -            142 d1xhna1b.45.1.1.aln  -            177   2.6e-34  113.8   0.0   1   1     5e-36   2.8e-34  113.7   0.0     6   149     1   141     1   142 0.98 -
d2hq9a1b.45.1.1      -            148 d1xhna1b.45.1.1.aln  -            177   4.9e-33  109.6   0.0   1   1   9.6e-35   5.4e-33  109.5   0.0     1   160     1   148     1   148 0.98 -
d1vl7a_b.45.1.1      -            135 d1xhna1b.45.1.1.aln  -            177   9.9e-30   98.9   0.0   1   1   1.9e-31   1.1e-29   98.7   0.0    12   157     3   134     1   135 0.98 -
d2fhqa1b.45.1.1      -            135 d1xhna1b.45.1.1.aln  -            177   1.4e-29   98.3   0.0   1   1   2.7e-31   1.5e-29   98.2   0.0     3   152     1   134     1   135 0.98 -
d2asfa1b.45.1.1      -            125 d1xhna1b.45.1.1.aln  -            177   4.9e-24   80.3   0.0   1   1   9.5e-26   5.4e-24   80.2   0.0     8   136     2   111     1   124 0.92 -
d3a6ra_b.45.1.1      -            122 d1xhna1b.45.1.1.aln  -            177   2.8e-18   61.5   0.0   1   1   5.7e-20   3.2e-18   61.4   0.0     5   110     1   107     1   116 0.95 -
#
# Program:         hmmsearch
# Version:         3.3.2 (Nov 2020)
# Pipeline mode:   SEARCH
# Query file:      /home/elise/Documents/M1-BIM/S2/TMEs/SBAS/tme08/models/d1xhna1b.45.1.1.aln.hmm
# Target file:     /home/elise/Documents/M1-BIM/S2/TMEs/SBAS/tme08/scop/scop/scopTestSeq.fasta
# Option settings: hmmsearch --domtblout /home/elise/Documents/M1-BIM/S2/TMEs/SBAS/tme08/searchResults/d1xhna1b.45.1.1.aln.out -E 1 /home/elise/Documents/M1-BIM/S2/TMEs/SBAS/tme08/models/d1xhna1b.45.1.1.aln.hmm /home/elise/Documents/M1-BIM/S2/TMEs/SBAS/tme08/scop/scop/scopTestSeq.fasta 
# Current dir:     /home/elise/Documents/M1-BIM/S2/TMEs/SBAS/tme08
# Date:            Tue Apr  1 17:30:50 2025
# [ok]
