#                                                                            --- full sequence --- -------------- this domain -------------   hmm coord   ali coord   env coord
# target name        accession   tlen query name           accession   qlen   E-value  score  bias   #  of  c-Evalue  i-Evalue  score  bias  from    to  from    to  from    to  acc description of target
#------------------- ---------- ----- -------------------- ---------- ----- --------- ------ ----- --- --- --------- --------- ------ ----- ----- ----- ----- ----- ----- ----- ---- ---------------------
d1zina1c.37.1.1      -            183 d1y63a_c.37.1.1.aln  -            197   5.8e-49  162.4   0.2   1   1   1.9e-50   6.4e-49  162.3   0.2     4   194     1   179     1   182 0.98 -
d1qf9a_c.37.1.1      -            194 d1y63a_c.37.1.1.aln  -            197   1.1e-41  138.7   0.0   1   1   3.5e-43   1.2e-41  138.5   0.0     2   195     5   191     4   193 0.97 -
d1p5zb_c.37.1.1      -            241 d1y63a_c.37.1.1.aln  -            197   1.3e-36  122.0   0.0   1   1   4.5e-38   1.5e-36  121.8   0.0     4   195     3   229     1   231 0.99 -
d1khta_c.37.1.1      -            190 d1y63a_c.37.1.1.aln  -            197   4.3e-36  120.4   0.0   1   1   1.4e-37   4.8e-36  120.2   0.0     3   194     1   190     1   190 0.98 -
d1t0hb_c.37.1.1      -            219 d1y63a_c.37.1.1.aln  -            197   2.3e-35  118.0   0.0   1   1   7.6e-37   2.6e-35  117.8   0.0     2   194    19   213    18   216 0.97 -
d1vhta_c.37.1.1      -            208 d1y63a_c.37.1.1.aln  -            197     9e-28   93.2   0.2   1   1   2.9e-29   9.9e-28   93.1   0.2     4   194     4   206     1   208 0.98 -
d1kgda_c.37.1.1      -            178 d1y63a_c.37.1.1.aln  -            197   1.5e-26   89.2   0.1   1   1   4.8e-28   1.7e-26   89.1   0.1     1   181     1   177     1   178 0.97 -
d1e2ka_c.37.1.1      -            329 d1y63a_c.37.1.1.aln  -            197   2.7e-26   88.4   0.1   1   2   0.00062     0.021   10.4   0.0     5    25     6    26     4    29 0.91 -
d1e2ka_c.37.1.1      -            329 d1y63a_c.37.1.1.aln  -            197   2.7e-26   88.4   0.1   2   2     9e-24   3.1e-22   75.2   0.0     4   196    32   278    29   279 0.98 -
d1kjwa2c.37.1.1      -            199 d1y63a_c.37.1.1.aln  -            197   5.1e-25   84.2   0.0   1   1   1.7e-26   5.7e-25   84.1   0.0     1   193     7   198     7   199 0.98 -
d1deka_c.37.1.1      -            241 d1y63a_c.37.1.1.aln  -            197     1e-23   80.0   0.0   1   1   3.3e-25   1.1e-23   79.8   0.0     3   195     1   227     1   229 0.98 -
d1lw7a2c.37.1.1      -            192 d1y63a_c.37.1.1.aln  -            197   1.2e-23   79.8   0.0   1   1   3.7e-25   1.3e-23   79.7   0.0     3   191     7   187     5   192 0.97 -
d1gsia_c.37.1.1      -            208 d1y63a_c.37.1.1.aln  -            197   9.2e-22   73.6   0.0   1   1     3e-23     1e-21   73.4   0.0     4   186     1   198     1   207 0.98 -
d2grja_c.37.1.1      -            179 d1y63a_c.37.1.1.aln  -            197   1.1e-21   73.3   0.9   1   1   4.5e-23   1.6e-21   72.9   0.9     1   190     1   179     1   179 0.97 -
d3kb2a_c.37.1.1      -            171 d1y63a_c.37.1.1.aln  -            197   1.5e-21   72.9   0.0   1   1   5.3e-23   1.8e-21   72.6   0.0     5   187     2   168     1   170 0.97 -
d1ly1a_c.37.1.1      -            152 d1y63a_c.37.1.1.aln  -            197   2.2e-21   72.4   0.0   1   1   6.8e-23   2.3e-21   72.3   0.0     2   164     1   149     1   152 0.97 -
d1yj5a2c.37.1.1      -            172 d1y63a_c.37.1.1.aln  -            197   3.1e-21   71.9   0.0   1   1   2.5e-22   8.6e-21   70.4   0.0    20   191    13   171     2   171 0.96 -
d2qora_c.37.1.0      -            196 d1y63a_c.37.1.1.aln  -            197     1e-10   37.6   0.0   1   1   3.6e-12   1.2e-10   37.3   0.0     4   178     5   186     2   193 0.87 -
d3akea_c.37.1.0      -            208 d1y63a_c.37.1.1.aln  -            197   1.5e-08   30.5   1.8   1   2   1.7e-09   5.8e-08   28.6   0.3     5    42     4    41     1    88 0.86 -
d3akea_c.37.1.0      -            208 d1y63a_c.37.1.1.aln  -            197   1.5e-08   30.5   1.8   2   2      0.41        14    1.2   0.1   119   145   148   174   131   198 0.74 -
d1y63a_c.37.1.1      -            174 d1y63a_c.37.1.1.aln  -            197   3.1e-05   19.7   0.1   1   2   9.1e-07   3.1e-05   19.7   0.1     2    32     4    34     3    40 0.93 -
d1y63a_c.37.1.1      -            174 d1y63a_c.37.1.1.aln  -            197   3.1e-05   19.7   0.1   2   2       1.1        37   -0.2   1.0   124   168   109   156   100   170 0.45 -
d2jaqa_c.37.1.0      -            201 d1y63a_c.37.1.1.aln  -            197   0.00021   17.0   0.2   1   1   1.8e-05   0.00063   15.4   0.2     4    95     1    81     1    82 0.82 -
d1um8a_c.37.1.20     -            364 d1y63a_c.37.1.1.aln  -            197   0.00062   15.4   0.3   1   3   9.7e-05    0.0033   13.0   0.1     5    31    70    96    67   107 0.90 -
d1um8a_c.37.1.20     -            364 d1y63a_c.37.1.1.aln  -            197   0.00062   15.4   0.3   2   3       5.9     2e+02   -2.6   0.0   116   137   135   156   119   170 0.77 -
d1um8a_c.37.1.20     -            364 d1y63a_c.37.1.1.aln  -            197   0.00062   15.4   0.3   3   3       2.4        84   -1.3   0.0   102   159   235   296   190   313 0.62 -
d1in4a2c.37.1.20     -            238 d1y63a_c.37.1.1.aln  -            197   0.00064   15.4   0.1   1   2   9.4e-05    0.0032   13.1   0.0     6    35    38    67    37   108 0.92 -
d1in4a2c.37.1.20     -            238 d1y63a_c.37.1.1.aln  -            197   0.00064   15.4   0.1   2   2       1.2        41   -0.3   0.1   159   193   161   195   159   196 0.86 -
d1d2na_c.37.1.20     -            246 d1y63a_c.37.1.1.aln  -            197    0.0024   13.5   0.0   1   1   0.00015    0.0051   12.4   0.0     6    32    43    69    42    70 0.95 -
#
# Program:         hmmsearch
# Version:         3.3.2 (Nov 2020)
# Pipeline mode:   SEARCH
# Query file:      /home/elise/Documents/M1-BIM/S2/TMEs/SBAS/tme08/models/d1y63a_c.37.1.1.aln.hmm
# Target file:     /home/elise/Documents/M1-BIM/S2/TMEs/SBAS/tme08/scop/scop/scopTestSeq.fasta
# Option settings: hmmsearch --domtblout /home/elise/Documents/M1-BIM/S2/TMEs/SBAS/tme08/searchResults/d1y63a_c.37.1.1.aln.out -E 1 /home/elise/Documents/M1-BIM/S2/TMEs/SBAS/tme08/models/d1y63a_c.37.1.1.aln.hmm /home/elise/Documents/M1-BIM/S2/TMEs/SBAS/tme08/scop/scop/scopTestSeq.fasta 
# Current dir:     /home/elise/Documents/M1-BIM/S2/TMEs/SBAS/tme08
# Date:            Tue Apr  1 17:30:51 2025
# [ok]
