#                                                                            --- full sequence --- -------------- this domain -------------   hmm coord   ali coord   env coord
# target name        accession   tlen query name           accession   qlen   E-value  score  bias   #  of  c-Evalue  i-Evalue  score  bias  from    to  from    to  from    to  acc description of target
#------------------- ---------- ----- -------------------- ---------- ----- --------- ------ ----- --- --- --------- --------- ------ ----- ----- ----- ----- ----- ----- ----- ---- ---------------------
d1y0ya3c.56.5.4      -            256 d1y7ea2c.56.5.4.aln  -            271   2.8e-79  261.7   1.6   1   1     4e-81   3.1e-79  261.5   1.6    10   269     3   255     1   256 0.98 -
d1fnoa4c.56.5.4      -            296 d1y7ea2c.56.5.4.aln  -            271   6.6e-75  247.4   0.1   1   1   9.3e-77   7.3e-75  247.2   0.1     2   269     6   294     5   296 0.99 -
d1z2la1c.56.5.4      -            294 d1y7ea2c.56.5.4.aln  -            271   1.6e-70  233.0   0.0   1   1   2.2e-72   1.8e-70  232.8   0.0     2   271     9   294     8   294 0.99 -
d1r3na1c.56.5.4      -            323 d1y7ea2c.56.5.4.aln  -            271   2.4e-70  232.4   0.0   1   1   3.4e-72   2.7e-70  232.3   0.0     2   270    20   317    19   318 0.99 -
d1rtqa_c.56.5.4      -            291 d1y7ea2c.56.5.4.aln  -            271   3.1e-69  228.8   0.1   1   1   4.4e-71   3.5e-69  228.6   0.1     1   270     1   287     1   288 0.99 -
d1vgya1c.56.5.4      -            263 d1y7ea2c.56.5.4.aln  -            271   2.2e-65  216.1   0.0   1   1   3.1e-67   2.4e-65  216.0   0.0     7   268     2   263     1   263 0.99 -
d1cg2a1c.56.5.4      -            277 d1y7ea2c.56.5.4.aln  -            271   7.7e-65  214.3   0.4   1   1   1.1e-66   8.6e-65  214.2   0.4     2   268    10   275     9   277 0.99 -
d1lfwa1c.56.5.4      -            273 d1y7ea2c.56.5.4.aln  -            271   8.9e-65  214.2   0.1   1   1   1.2e-66   9.8e-65  214.0   0.1     3   270     9   272     7   273 0.99 -
d1tkja_c.56.5.4      -            277 d1y7ea2c.56.5.4.aln  -            271   1.1e-64  213.9   0.0   1   1   1.5e-66   1.2e-64  213.7   0.0     2   268     1   276     1   277 0.99 -
d2grea2c.56.5.4      -            234 d1y7ea2c.56.5.4.aln  -            271     7e-56  185.0   1.1   1   1   1.5e-57   1.2e-55  184.2   1.1     5   268     1   233     1   234 0.99 -
#
# Program:         hmmsearch
# Version:         3.3.2 (Nov 2020)
# Pipeline mode:   SEARCH
# Query file:      /home/elise/Documents/M1-BIM/S2/TMEs/SBAS/tme08/models/d1y7ea2c.56.5.4.aln.hmm
# Target file:     /home/elise/Documents/M1-BIM/S2/TMEs/SBAS/tme08/scop/scop/scopTestSeq.fasta
# Option settings: hmmsearch --domtblout /home/elise/Documents/M1-BIM/S2/TMEs/SBAS/tme08/searchResults/d1y7ea2c.56.5.4.aln.out -E 1 /home/elise/Documents/M1-BIM/S2/TMEs/SBAS/tme08/models/d1y7ea2c.56.5.4.aln.hmm /home/elise/Documents/M1-BIM/S2/TMEs/SBAS/tme08/scop/scop/scopTestSeq.fasta 
# Current dir:     /home/elise/Documents/M1-BIM/S2/TMEs/SBAS/tme08
# Date:            Tue Apr  1 17:30:51 2025
# [ok]
