#                                                                            --- full sequence --- -------------- this domain -------------   hmm coord   ali coord   env coord
# target name        accession   tlen query name           accession   qlen   E-value  score  bias   #  of  c-Evalue  i-Evalue  score  bias  from    to  from    to  from    to  acc description of target
#------------------- ---------- ----- -------------------- ---------- ----- --------- ------ ----- --- --- --------- --------- ------ ----- ----- ----- ----- ----- ----- ----- ---- ---------------------
d2b5ga_d.108.1.1     -            168 d1y9ka1d.108.1.1.aln -            171   1.2e-34  115.2   0.4   1   1   7.5e-36   1.3e-34  115.0   0.4     6   166     3   167     1   168 0.97 -
d2pq8a_d.108.1.1     -            271 d1y9ka1d.108.1.1.aln -            171   6.9e-32  106.2   0.7   1   1   5.4e-33   9.7e-32  105.7   0.7     9   170     4   170     2   171 0.98 -
d2ae6a1d.108.1.1     -            161 d1y9ka1d.108.1.1.aln -            171   1.3e-31  105.3   0.1   1   1   8.8e-33   1.6e-31  105.1   0.1     6   166     5   158     2   160 0.96 -
d1tiqa_d.108.1.1     -            173 d1y9ka1d.108.1.1.aln -            171   3.7e-31  103.9   0.1   1   1   2.3e-32   4.1e-31  103.7   0.1     6   169     2   172     1   173 0.98 -
d1z4ea1d.108.1.1     -            150 d1y9ka1d.108.1.1.aln -            171   9.1e-31  102.6   0.1   1   1   5.5e-32   9.9e-31  102.5   0.1     5   152     1   148     1   150 0.98 -
d1qsma_d.108.1.1     -            150 d1y9ka1d.108.1.1.aln -            171   1.3e-27   92.4   0.0   1   1   7.6e-29   1.4e-27   92.3   0.0     5   152     2   147     1   150 0.97 -
d2fiaa1d.108.1.1     -            157 d1y9ka1d.108.1.1.aln -            171   1.7e-26   88.8   0.6   1   1     1e-27   1.8e-26   88.6   0.6     6   167     1   156     1   157 0.98 -
d1nsla_d.108.1.1     -            180 d1y9ka1d.108.1.1.aln -            171   2.1e-26   88.4   0.3   1   1   1.3e-27   2.3e-26   88.3   0.3     1   168     6   176     6   179 0.98 -
d1mk4a_d.108.1.1     -            157 d1y9ka1d.108.1.1.aln -            171   2.4e-26   88.2   0.0   1   1   1.6e-27   2.9e-26   88.0   0.0     5   164     1   146     1   151 0.96 -
d1wwza1d.108.1.1     -            157 d1y9ka1d.108.1.1.aln -            171   4.6e-26   87.3   1.2   1   1   2.9e-27   5.3e-26   87.1   1.2     4   156     2   154     1   156 0.97 -
d2cy2a1d.108.1.1     -            174 d1y9ka1d.108.1.1.aln -            171   1.3e-25   85.8   1.7   1   1   8.2e-27   1.5e-25   85.7   1.7     6   168     1   170     1   173 0.97 -
d1y9wa1d.108.1.1     -            140 d1y9ka1d.108.1.1.aln -            171   7.7e-25   83.3   1.1   1   1   4.7e-26   8.5e-25   83.2   1.1    11   164     1   139     1   140 0.97 -
d1z4ra1d.108.1.1     -            162 d1y9ka1d.108.1.1.aln -            171   1.5e-24   82.4   0.1   1   1   9.1e-26   1.6e-24   82.3   0.1     1   168     2   161     2   162 0.98 -
d2euia1d.108.1.1     -            153 d1y9ka1d.108.1.1.aln -            171   2.2e-24   81.9   0.1   1   1   1.5e-25   2.7e-24   81.6   0.1     6   153     1   145     1   150 0.97 -
d2fcka1d.108.1.1     -            178 d1y9ka1d.108.1.1.aln -            171   3.2e-24   81.3   0.1   1   1   1.9e-25   3.4e-24   81.2   0.1     1   162     7   171     7   178 0.96 -
d1i12a_d.108.1.1     -            157 d1y9ka1d.108.1.1.aln -            171   3.8e-24   81.1   0.0   1   1   2.5e-25   4.5e-24   80.8   0.0     6   153     5   156     2   157 0.91 -
d1u6ma_d.108.1.1     -            189 d1y9ka1d.108.1.1.aln -            171   4.6e-24   80.8   0.1   1   1   2.9e-25   5.3e-24   80.6   0.1    10   162    28   187    19   189 0.96 -
d1ufha_d.108.1.1     -            155 d1y9ka1d.108.1.1.aln -            171   4.7e-24   80.8   0.2   1   1     3e-25   5.4e-24   80.6   0.2     5   150     1   151     1   154 0.98 -
d1cjwa_d.108.1.1     -            166 d1y9ka1d.108.1.1.aln -            171   4.3e-22   74.4   0.0   1   1   2.6e-23   4.7e-22   74.3   0.0     6   164     6   165     1   166 0.94 -
d1ghea_d.108.1.1     -            170 d1y9ka1d.108.1.1.aln -            171   1.6e-21   72.6   0.0   1   1   9.8e-23   1.7e-21   72.4   0.0     7   169     2   169     1   170 0.96 -
d1xeba_d.108.1.1     -            149 d1y9ka1d.108.1.1.aln -            171   1.9e-21   72.3   0.9   1   1   1.2e-22   2.2e-21   72.1   0.9     5   158     3   144     1   148 0.96 -
d2fl4a1d.108.1.1     -            146 d1y9ka1d.108.1.1.aln -            171   5.1e-21   70.9   0.4   1   1   3.1e-22   5.6e-21   70.8   0.4     5   161     2   145     1   146 0.95 -
d1vkca_d.108.1.1     -            149 d1y9ka1d.108.1.1.aln -            171   7.3e-21   70.4   2.4   1   1   4.5e-22   8.1e-21   70.3   2.4    12   141    10   137     1   147 0.91 -
d1yk3a1d.108.1.1     -            198 d1y9ka1d.108.1.1.aln -            171   2.5e-20   68.7   0.1   1   1   1.7e-21     3e-20   68.4   0.1    15   163    39   196    26   198 0.95 -
d1bo4a_d.108.1.1     -            137 d1y9ka1d.108.1.1.aln -            171   1.5e-19   66.2   0.1   1   1   9.6e-21   1.7e-19   66.0   0.1     6   142     3   137     2   137 0.98 -
d2fiwa1d.108.1.1     -            156 d1y9ka1d.108.1.1.aln -            171   2.5e-19   65.5   0.0   1   1   1.5e-20   2.7e-19   65.3   0.0     5   163     3   152     1   156 0.90 -
d1q2ya_d.108.1.1     -            140 d1y9ka1d.108.1.1.aln -            171   5.1e-19   64.4   0.1   1   1   3.4e-20   6.2e-19   64.2   0.1    11   163     4   139     1   139 0.95 -
d2gana1d.108.1.1     -            182 d1y9ka1d.108.1.1.aln -            171   1.1e-18   63.4   0.4   1   1   7.2e-20   1.3e-18   63.1   0.4    10   160    23   179    16   182 0.94 -
d2jdca1d.108.1.1     -            145 d1y9ka1d.108.1.1.aln -            171   1.2e-18   63.2   0.1   1   1   7.6e-20   1.4e-18   63.1   0.1     6   164     1   143     1   145 0.95 -
d2atra1d.108.1.1     -            137 d1y9ka1d.108.1.1.aln -            171   5.2e-18   61.2   0.0   1   1   3.3e-19   5.9e-18   61.0   0.0     5   159     1   136     1   137 0.93 -
d1yx0a1d.108.1.1     -            151 d1y9ka1d.108.1.1.aln -            171   3.6e-17   58.4   0.0   1   1   2.3e-18   4.1e-17   58.3   0.0    12   164     3   150     1   151 0.92 -
d1y7ra1d.108.1.1     -            133 d1y9ka1d.108.1.1.aln -            171   1.8e-16   56.2   0.0   1   1   1.2e-17   2.1e-16   55.9   0.0    13   154     5   130     3   132 0.94 -
d2aj6a1d.108.1.1     -            118 d1y9ka1d.108.1.1.aln -            171   4.5e-16   54.9   0.0   1   1   2.7e-17   4.8e-16   54.8   0.0     6   124     2   116     1   118 0.97 -
d1boba_d.108.1.1     -            315 d1y9ka1d.108.1.1.aln -            171   8.3e-16   54.0   0.1   1   1   6.5e-17   1.2e-15   53.5   0.1     3   170    21   195    19   196 0.98 -
d1n71a_d.108.1.1     -            180 d1y9ka1d.108.1.1.aln -            171   9.6e-16   53.8   0.0   1   1   8.5e-17   1.5e-15   53.2   0.0     1   169     2   178     2   180 0.98 -
d1m4ia_d.108.1.1     -            181 d1y9ka1d.108.1.1.aln -            171   3.2e-15   52.1   0.0   1   1     2e-16   3.6e-15   52.0   0.0     2   167     4   179     3   181 0.97 -
d2g3aa1d.108.1.1     -            137 d1y9ka1d.108.1.1.aln -            171   3.9e-15   51.8   0.0   1   1   2.3e-16   4.1e-15   51.7   0.0    77   150    51   122     1   137 0.79 -
d2fsra1d.108.1.1     -            164 d1y9ka1d.108.1.1.aln -            171     2e-14   49.5   0.0   1   1   1.2e-15   2.1e-14   49.4   0.0     2   157     6   158     5   164 0.92 -
d2p0wa_d.108.1.1     -            319 d1y9ka1d.108.1.1.aln -            171     1e-13   47.2   0.3   1   2   6.9e-14   1.2e-12   43.7   0.4     1   170    26   205    26   206 0.98 -
d2p0wa_d.108.1.1     -            319 d1y9ka1d.108.1.1.aln -            171     1e-13   47.2   0.3   2   2      0.81        14    1.3   0.0    94   110   221   237   218   259 0.77 -
d1y9ka1d.108.1.1     -            152 d1y9ka1d.108.1.1.aln -            171   3.1e-13   45.7   0.0   1   1   2.3e-14   4.2e-13   45.2   0.0    68   144    37   117    10   129 0.82 -
d1p0ha_d.108.1.1     -            308 d1y9ka1d.108.1.1.aln -            171   6.7e-13   44.6   0.0   1   2   1.1e-09   1.9e-08   30.1   0.0     7   170    25   193    19   194 0.95 -
d1p0ha_d.108.1.1     -            308 d1y9ka1d.108.1.1.aln -            171   6.7e-13   44.6   0.0   2   2    0.0025     0.046    9.4   0.1    76   144   220   298   198   302 0.68 -
d1r57a_d.108.1.1     -            102 d1y9ka1d.108.1.1.aln -            171   2.8e-09   32.8   0.1   1   1   1.7e-10   3.1e-09   32.7   0.1    75   155    26   100     2   102 0.77 -
d1xmta_d.108.1.1     -             95 d1y9ka1d.108.1.1.aln -            171     7e-08   28.3   0.0   1   1   4.3e-09   7.8e-08   28.1   0.0    64   151    19    93     4    95 0.88 -
d2d4pa1d.108.1.1     -            130 d1y9ka1d.108.1.1.aln -            171   1.8e-05   20.5   0.1   1   1   1.6e-06     3e-05   19.8   0.1     6   116     1    88     1   128 0.76 -
#
# Program:         hmmsearch
# Version:         3.3.2 (Nov 2020)
# Pipeline mode:   SEARCH
# Query file:      /home/elise/Documents/M1-BIM/S2/TMEs/SBAS/tme08/models/d1y9ka1d.108.1.1.aln.hmm
# Target file:     /home/elise/Documents/M1-BIM/S2/TMEs/SBAS/tme08/scop/scop/scopTestSeq.fasta
# Option settings: hmmsearch --domtblout /home/elise/Documents/M1-BIM/S2/TMEs/SBAS/tme08/searchResults/d1y9ka1d.108.1.1.aln.out -E 1 /home/elise/Documents/M1-BIM/S2/TMEs/SBAS/tme08/models/d1y9ka1d.108.1.1.aln.hmm /home/elise/Documents/M1-BIM/S2/TMEs/SBAS/tme08/scop/scop/scopTestSeq.fasta 
# Current dir:     /home/elise/Documents/M1-BIM/S2/TMEs/SBAS/tme08
# Date:            Tue Apr  1 17:30:51 2025
# [ok]
