#                                                                            --- full sequence --- -------------- this domain -------------   hmm coord   ali coord   env coord
# target name        accession   tlen query name           accession   qlen   E-value  score  bias   #  of  c-Evalue  i-Evalue  score  bias  from    to  from    to  from    to  acc description of target
#------------------- ---------- ----- -------------------- ---------- ----- --------- ------ ----- --- --- --------- --------- ------ ----- ----- ----- ----- ----- ----- ----- ---- ---------------------
d2jhfa1b.35.1.2      -            199 d1yb5a1b.35.1.2.aln  -            178   4.7e-72  237.2   0.1   1   1   7.3e-74   5.2e-72  237.1   0.1     2   176     7   198     6   199 0.99 -
d1pl8a1b.35.1.2      -            186 d1yb5a1b.35.1.2.aln  -            178     7e-53  174.8   0.0   1   1   1.1e-54   7.5e-53  174.6   0.0     7   176    10   178     4   180 0.95 -
d1piwa1b.35.1.2      -            193 d1yb5a1b.35.1.2.aln  -            178   6.1e-50  165.2   1.7   1   1   9.4e-52   6.8e-50  165.0   1.7     2   176     7   184     6   186 0.96 -
d1jqba1b.35.1.2      -            178 d1yb5a1b.35.1.2.aln  -            178     1e-49  164.4   0.0   1   1   1.6e-51   1.2e-49  164.3   0.0     6   177     2   176     1   177 0.97 -
d1h2ba1b.35.1.2      -            172 d1yb5a1b.35.1.2.aln  -            178   2.5e-49  163.2   0.1   1   1   3.9e-51   2.8e-49  163.0   0.1     5   177     1   171     1   172 0.94 -
d1f8fa1b.35.1.2      -            195 d1yb5a1b.35.1.2.aln  -            178   3.6e-49  162.7   0.2   1   1   7.7e-51   5.5e-49  162.1   0.2     3   177     3   194     1   195 0.95 -
d1kola1b.35.1.2      -            202 d1yb5a1b.35.1.2.aln  -            178   5.1e-44  145.9   1.0   1   1   8.5e-46   6.1e-44  145.6   1.0     6   176     8   195     4   197 0.97 -
d1gu7a1b.35.1.2      -            176 d1yb5a1b.35.1.2.aln  -            178   9.5e-30   99.4   0.0   1   1   1.5e-31   1.1e-29   99.3   0.0     2   177     5   175     4   176 0.98 -
d1o89a1b.35.1.2      -            147 d1yb5a1b.35.1.2.aln  -            178   8.1e-26   86.6   0.0   1   1     7e-27     5e-25   84.0   0.0     3   177     2   146     1   147 0.94 -
d1yb5a1b.35.1.2      -            151 d1yb5a1b.35.1.2.aln  -            178   2.1e-23   78.8   0.2   1   1     4e-23   2.9e-21   71.8   0.2    20   170    22   142     3   150 0.92 -
d2dm6a1b.35.1.2      -            148 d1yb5a1b.35.1.2.aln  -            178   6.4e-23   77.2   0.0   1   1   1.1e-24   8.1e-23   76.8   0.0     4   177     1   147     1   148 0.98 -
#
# Program:         hmmsearch
# Version:         3.3.2 (Nov 2020)
# Pipeline mode:   SEARCH
# Query file:      /home/elise/Documents/M1-BIM/S2/TMEs/SBAS/tme08/models/d1yb5a1b.35.1.2.aln.hmm
# Target file:     /home/elise/Documents/M1-BIM/S2/TMEs/SBAS/tme08/scop/scop/scopTestSeq.fasta
# Option settings: hmmsearch --domtblout /home/elise/Documents/M1-BIM/S2/TMEs/SBAS/tme08/searchResults/d1yb5a1b.35.1.2.aln.out -E 1 /home/elise/Documents/M1-BIM/S2/TMEs/SBAS/tme08/models/d1yb5a1b.35.1.2.aln.hmm /home/elise/Documents/M1-BIM/S2/TMEs/SBAS/tme08/scop/scop/scopTestSeq.fasta 
# Current dir:     /home/elise/Documents/M1-BIM/S2/TMEs/SBAS/tme08
# Date:            Tue Apr  1 17:30:51 2025
# [ok]
