#                                                                            --- full sequence --- -------------- this domain -------------   hmm coord   ali coord   env coord
# target name        accession   tlen query name           accession   qlen   E-value  score  bias   #  of  c-Evalue  i-Evalue  score  bias  from    to  from    to  from    to  acc description of target
#------------------- ---------- ----- -------------------- ---------- ----- --------- ------ ----- --- --- --------- --------- ------ ----- ----- ----- ----- ----- ----- ----- ---- ---------------------
d2jhfa2c.2.1.1       -            176 d1yb5a2c.2.1.1.aln   -            178   1.1e-65  216.2   2.1   1   1   2.3e-67   1.2e-65  216.1   2.1     2   178     2   176     1   176 0.99 -
d1vj0a2c.2.1.1       -            182 d1yb5a2c.2.1.1.aln   -            178   3.7e-46  152.6   0.0   1   1   7.7e-48   4.1e-46  152.5   0.0     3   176     3   175     1   177 0.97 -
d1jqba2c.2.1.1       -            174 d1yb5a2c.2.1.1.aln   -            178     4e-45  149.2   4.6   1   1   8.4e-47   4.4e-45  149.1   4.6     2   177     2   172     1   173 0.97 -
d2dm6a2c.2.1.1       -            182 d1yb5a2c.2.1.1.aln   -            178   1.3e-42  141.1   0.2   1   1   2.6e-44   1.4e-42  141.0   0.2     3   175     4   172     2   175 0.94 -
d1h2ba2c.2.1.1       -            172 d1yb5a2c.2.1.1.aln   -            178   3.3e-41  136.5   2.0   1   1     7e-43   3.7e-41  136.3   2.0     2   175     5   172     4   172 0.96 -
d1o89a2c.2.1.1       -            177 d1yb5a2c.2.1.1.aln   -            178   6.1e-41  135.6   2.2   1   1   1.3e-42   6.7e-41  135.5   2.2     2   177     5   170     4   171 0.97 -
d1gu7a2c.2.1.1       -            189 d1yb5a2c.2.1.1.aln   -            178   1.3e-40  134.5   0.0   1   1   2.7e-42   1.4e-40  134.4   0.0     2   176     2   182     1   184 0.97 -
d1piwa2c.2.1.1       -            168 d1yb5a2c.2.1.1.aln   -            178   5.1e-40  132.6   0.0   1   1   1.1e-41   5.6e-40  132.5   0.0     2   177     2   168     1   168 0.96 -
d1pl8a2c.2.1.1       -            171 d1yb5a2c.2.1.1.aln   -            178     4e-39  129.7   6.0   1   1   8.3e-41   4.4e-39  129.6   6.0     4   175     3   169     1   171 0.92 -
d1qora2c.2.1.1       -            179 d1yb5a2c.2.1.1.aln   -            178   1.9e-38  127.5   0.2   1   1     4e-40   2.1e-38  127.4   0.2     2   175     2   176     1   179 0.96 -
d1kola2c.2.1.1       -            195 d1yb5a2c.2.1.1.aln   -            178   1.9e-37  124.2   3.3   1   1   4.1e-39   2.1e-37  124.1   3.3     5   175     3   183     1   186 0.96 -
d1pqwa_c.2.1.1       -            183 d1yb5a2c.2.1.1.aln   -            178     1e-35  118.6   0.6   1   1   2.2e-37   1.1e-35  118.4   0.6     4   176     1   177     1   179 0.90 -
d1yb5a2c.2.1.1       -            174 d1yb5a2c.2.1.1.aln   -            178   8.2e-21   70.0   1.5   1   1   1.8e-22   9.5e-21   69.8   1.5     3   141     3   136     1   169 0.78 -
d1luaa1c.2.1.7       -            191 d1yb5a2c.2.1.1.aln   -            178     0.018   10.3   8.7   1   1   0.00056     0.029    9.6   8.7    23   110    17   101     4   118 0.69 -
d1c1da1c.2.1.7       -            201 d1yb5a2c.2.1.1.aln   -            178     0.036    9.3  12.1   1   2   8.9e-05    0.0047   12.2   5.2    31    78    28    74     4    81 0.86 -
d1c1da1c.2.1.7       -            201 d1yb5a2c.2.1.1.aln   -            178     0.036    9.3  12.1   2   2     0.099       5.2    2.3   0.9    19    75    75   127    72   183 0.79 -
#
# Program:         hmmsearch
# Version:         3.3.2 (Nov 2020)
# Pipeline mode:   SEARCH
# Query file:      /home/elise/Documents/M1-BIM/S2/TMEs/SBAS/tme08/models/d1yb5a2c.2.1.1.aln.hmm
# Target file:     /home/elise/Documents/M1-BIM/S2/TMEs/SBAS/tme08/scop/scop/scopTestSeq.fasta
# Option settings: hmmsearch --domtblout /home/elise/Documents/M1-BIM/S2/TMEs/SBAS/tme08/searchResults/d1yb5a2c.2.1.1.aln.out -E 1 /home/elise/Documents/M1-BIM/S2/TMEs/SBAS/tme08/models/d1yb5a2c.2.1.1.aln.hmm /home/elise/Documents/M1-BIM/S2/TMEs/SBAS/tme08/scop/scop/scopTestSeq.fasta 
# Current dir:     /home/elise/Documents/M1-BIM/S2/TMEs/SBAS/tme08
# Date:            Tue Apr  1 17:30:51 2025
# [ok]
