#                                                                            --- full sequence --- -------------- this domain -------------   hmm coord   ali coord   env coord
# target name        accession   tlen query name           accession   qlen   E-value  score  bias   #  of  c-Evalue  i-Evalue  score  bias  from    to  from    to  from    to  acc description of target
#------------------- ---------- ----- -------------------- ---------- ----- --------- ------ ----- --- --- --------- --------- ------ ----- ----- ----- ----- ----- ----- ----- ---- ---------------------
d1p1ja1c.2.1.3       -            411 d1ydwa1c.2.1.3.aln   -            261   1.1e-58  194.2   0.0   1   1   4.6e-60   1.4e-58  193.9   0.0     1   260    39   392    39   393 0.99 -
d2g82a1c.2.1.3       -            169 d1ydwa1c.2.1.3.aln   -            261   6.2e-52  172.1   0.9   1   1   2.2e-53   6.8e-52  172.0   0.9    21   193     1   168     1   169 0.98 -
d3cina1c.2.1.3       -            276 d1ydwa1c.2.1.3.aln   -            261   6.6e-46  152.3   0.4   1   1   2.5e-47   7.4e-46  152.2   0.4    19   261     1   276     1   276 0.98 -
d1gr0a1c.2.1.3       -            244 d1ydwa1c.2.1.3.aln   -            261   1.7e-44  147.7   5.1   1   1   6.4e-46   1.9e-44  147.5   5.1    21   253     3   244     1   244 0.99 -
d2nvwa1c.2.1.3       -            238 d1ydwa1c.2.1.3.aln   -            261   4.7e-43  143.0   0.0   1   1   1.7e-44   5.3e-43  142.8   0.0     1   232     1   238     1   238 0.99 -
d1h6da1c.2.1.3       -            222 d1ydwa1c.2.1.3.aln   -            261   1.3e-37  125.2   0.0   1   1   4.8e-39   1.5e-37  125.0   0.0     2   238    16   222    15   222 0.98 -
d1cf2o1c.2.1.3       -            172 d1ydwa1c.2.1.3.aln   -            261   3.8e-31  103.9   1.5   1   1   1.4e-32   4.2e-31  103.8   1.5    20   189     1   171     1   172 0.98 -
d1qkia1c.2.1.3       -            204 d1ydwa1c.2.1.3.aln   -            261   3.5e-29   97.5   0.0   1   1   1.3e-30   3.9e-29   97.4   0.0     1   196     2   204     2   204 0.99 -
d1vkna1c.2.1.3       -            177 d1ydwa1c.2.1.3.aln   -            261     6e-27   90.2   0.0   1   1   2.2e-28   6.6e-27   90.1   0.0    19   201     1   176     1   177 0.98 -
d1xeaa1c.2.1.3       -            168 d1ydwa1c.2.1.3.aln   -            261   2.7e-26   88.1   0.0   1   1   9.5e-28   2.9e-26   88.0   0.0    20   186     2   163     1   168 0.97 -
d1q0qa2c.2.1.3       -            152 d1ydwa1c.2.1.3.aln   -            261   1.2e-24   82.7   0.0   1   1   4.3e-26   1.3e-24   82.5   0.0    19   193     1   152     1   152 0.97 -
d1tlta1c.2.1.3       -            165 d1ydwa1c.2.1.3.aln   -            261   1.4e-24   82.4   0.0   1   1   5.1e-26   1.5e-24   82.3   0.0    19   192     1   164     1   165 0.98 -
d1zh8a1c.2.1.3       -            182 d1ydwa1c.2.1.3.aln   -            261   7.9e-24   80.0   0.0   1   1   2.9e-25   8.7e-24   79.8   0.0    18   199     2   181     1   182 0.96 -
d1lc0a1c.2.1.3       -            173 d1ydwa1c.2.1.3.aln   -            261   2.9e-22   74.9   0.0   1   1     1e-23   3.1e-22   74.7   0.0    14   192     1   172     1   173 0.98 -
d1h9aa1c.2.1.3       -            196 d1ydwa1c.2.1.3.aln   -            261   1.6e-21   72.4   0.1   1   1   6.4e-23     2e-21   72.1   0.1    16   198     2   194     1   195 0.98 -
d1t4ba1c.2.1.3       -            147 d1ydwa1c.2.1.3.aln   -            261   5.8e-21   70.6   0.0   1   1   2.3e-22   7.1e-21   70.3   0.0    19   185     1   143     1   146 0.96 -
d1nvmb1c.2.1.3       -            158 d1ydwa1c.2.1.3.aln   -            261   1.1e-19   66.4   0.3   1   1     4e-21   1.2e-19   66.2   0.3    18   187     2   155     1   158 0.97 -
d1f06a1c.2.1.3       -            171 d1ydwa1c.2.1.3.aln   -            261   1.9e-19   65.6   0.1   1   1   6.8e-21   2.1e-19   65.5   0.1    19   191     2   170     1   171 0.98 -
d1e5qa1c.2.1.3       -            183 d1ydwa1c.2.1.3.aln   -            261   2.5e-19   65.2   0.5   1   1   8.9e-21   2.7e-19   65.1   0.5    20   195     2   181     1   183 0.98 -
d1ebfa1c.2.1.3       -            169 d1ydwa1c.2.1.3.aln   -            261   1.4e-16   56.2   0.5   1   1   5.3e-18   1.6e-16   56.0   0.5    18   189     2   165     1   168 0.94 -
d1drua1c.2.1.3       -            161 d1ydwa1c.2.1.3.aln   -            261   2.2e-14   49.0   0.8   1   1   8.2e-16   2.5e-14   48.8   0.8    20   157     3   136     1   155 0.94 -
d1yl7a1c.2.1.3       -            136 d1ydwa1c.2.1.3.aln   -            261   1.1e-11   40.1   0.0   1   1   4.5e-13   1.4e-11   39.9   0.0    21   191     1   134     1   135 0.95 -
d1j5pa4c.2.1.3       -            133 d1ydwa1c.2.1.3.aln   -            261   7.2e-09   30.9   0.1   1   1   4.9e-10   1.5e-08   29.9   0.1    19   152     1   109     1   132 0.83 -
d1vm6a3c.2.1.3       -            129 d1ydwa1c.2.1.3.aln   -            261   2.1e-06   22.8   0.2   1   1   8.3e-07   2.5e-05   19.3   0.2    30   144    11    95     1   122 0.69 -
d1gpja2c.2.1.7       -            159 d1ydwa1c.2.1.3.aln   -            261    0.0039   12.1   0.3   1   1   0.00014    0.0042   12.0   0.3    21    97    25    96    21   143 0.83 -
d1o89a2c.2.1.1       -            177 d1ydwa1c.2.1.3.aln   -            261    0.0059   11.5   0.1   1   1   0.00027    0.0082   11.1   0.1    22    61    35    73    25    88 0.85 -
#
# Program:         hmmsearch
# Version:         3.3.2 (Nov 2020)
# Pipeline mode:   SEARCH
# Query file:      /home/elise/Documents/M1-BIM/S2/TMEs/SBAS/tme08/models/d1ydwa1c.2.1.3.aln.hmm
# Target file:     /home/elise/Documents/M1-BIM/S2/TMEs/SBAS/tme08/scop/scop/scopTestSeq.fasta
# Option settings: hmmsearch --domtblout /home/elise/Documents/M1-BIM/S2/TMEs/SBAS/tme08/searchResults/d1ydwa1c.2.1.3.aln.out -E 1 /home/elise/Documents/M1-BIM/S2/TMEs/SBAS/tme08/models/d1ydwa1c.2.1.3.aln.hmm /home/elise/Documents/M1-BIM/S2/TMEs/SBAS/tme08/scop/scop/scopTestSeq.fasta 
# Current dir:     /home/elise/Documents/M1-BIM/S2/TMEs/SBAS/tme08
# Date:            Tue Apr  1 17:30:51 2025
# [ok]
