#                                                                            --- full sequence --- -------------- this domain -------------   hmm coord   ali coord   env coord
# target name        accession   tlen query name           accession   qlen   E-value  score  bias   #  of  c-Evalue  i-Evalue  score  bias  from    to  from    to  from    to  acc description of target
#------------------- ---------- ----- -------------------- ---------- ----- --------- ------ ----- --- --- --------- --------- ------ ----- ----- ----- ----- ----- ----- ----- ---- ---------------------
d1zina1c.37.1.1      -            183 d1yj5a2c.37.1.1.aln  -            207   3.1e-56  186.0   0.2   1   1   1.1e-57   3.7e-56  185.8   0.2     4   196     1   179     1   182 0.98 -
d1qf9a_c.37.1.1      -            194 d1yj5a2c.37.1.1.aln  -            207   2.3e-46  153.8   0.0   1   1   7.4e-48   2.5e-46  153.6   0.0     2   198     5   192     4   194 0.96 -
d1p5zb_c.37.1.1      -            241 d1yj5a2c.37.1.1.aln  -            207   2.6e-40  134.0   0.0   1   1   9.2e-42   3.2e-40  133.7   0.0     4   198     3   224     1   232 0.97 -
d1t0hb_c.37.1.1      -            219 d1yj5a2c.37.1.1.aln  -            207   2.6e-36  120.9   0.0   1   1   8.5e-38   2.9e-36  120.8   0.0     2   207    19   205    18   205 0.99 -
d1khta_c.37.1.1      -            190 d1yj5a2c.37.1.1.aln  -            207   1.9e-34  114.8   0.1   1   1   6.1e-36   2.1e-34  114.7   0.1     3   196     1   187     1   190 0.97 -
d1e2ka_c.37.1.1      -            329 d1yj5a2c.37.1.1.aln  -            207   1.5e-29   98.8   0.0   1   2   0.00037     0.013   10.9   0.0     5    25     6    26     4    29 0.91 -
d1e2ka_c.37.1.1      -            329 d1yj5a2c.37.1.1.aln  -            207   1.5e-29   98.8   0.0   2   2   3.5e-27   1.2e-25   86.1   0.0     4   206    32   267    29   268 0.99 -
d1vhta_c.37.1.1      -            208 d1yj5a2c.37.1.1.aln  -            207   3.2e-28   94.5   0.2   1   1     1e-29   3.5e-28   94.4   0.2     4   198     4   205     1   208 0.97 -
d1kjwa2c.37.1.1      -            199 d1yj5a2c.37.1.1.aln  -            207   1.6e-27   92.2   0.1   1   1   5.5e-29   1.9e-27   92.0   0.1    11   206    14   198     5   199 0.93 -
d1kgda_c.37.1.1      -            178 d1yj5a2c.37.1.1.aln  -            207   3.5e-27   91.1   0.1   1   1   1.2e-28   4.2e-27   90.9   0.1     1   196     1   175     1   177 0.96 -
d1y63a_c.37.1.1      -            174 d1yj5a2c.37.1.1.aln  -            207   1.7e-26   88.9   0.5   1   1   5.8e-28     2e-26   88.6   0.5     2   193     4   172     3   173 0.97 -
d1lw7a2c.37.1.1      -            192 d1yj5a2c.37.1.1.aln  -            207   2.2e-25   85.3   0.0   1   1   6.8e-27   2.3e-25   85.1   0.0     3   198     7   188     5   192 0.97 -
d1deka_c.37.1.1      -            241 d1yj5a2c.37.1.1.aln  -            207     1e-23   79.8   0.0   1   1   3.4e-25   1.2e-23   79.6   0.0     3   206     1   238     1   239 0.97 -
d2grja_c.37.1.1      -            179 d1yj5a2c.37.1.1.aln  -            207   2.9e-22   75.1   1.1   1   1   9.6e-24   3.3e-22   74.9   1.1     1   202     1   178     1   179 0.97 -
d1gsia_c.37.1.1      -            208 d1yj5a2c.37.1.1.aln  -            207   3.3e-22   74.9   0.0   1   1     1e-23   3.6e-22   74.7   0.0     4   205     1   204     1   206 0.96 -
d3kb2a_c.37.1.1      -            171 d1yj5a2c.37.1.1.aln  -            207   6.6e-21   70.6   0.0   1   1   2.1e-22   7.2e-21   70.5   0.0     5   197     2   169     1   171 0.95 -
d1ly1a_c.37.1.1      -            152 d1yj5a2c.37.1.1.aln  -            207   2.3e-19   65.6   0.0   1   1     8e-21   2.8e-19   65.3   0.0     2   157     1   131     1   146 0.95 -
d2qora_c.37.1.0      -            196 d1yj5a2c.37.1.1.aln  -            207     6e-11   38.1   0.1   1   1     5e-12   1.7e-10   36.6   0.1     4   198     5   185     2   187 0.71 -
d3akea_c.37.1.0      -            208 d1yj5a2c.37.1.1.aln  -            207   3.4e-10   35.6   0.4   1   2   9.2e-09   3.2e-07   25.9   0.0     5    41     4    40     1    44 0.95 -
d3akea_c.37.1.0      -            208 d1yj5a2c.37.1.1.aln  -            207   3.4e-10   35.6   0.4   2   2    0.0028     0.096    8.0   0.1   109   189   121   189   110   203 0.79 -
d1g41a_c.37.1.20     -            443 d1yj5a2c.37.1.1.aln  -            207   9.1e-05   17.9   0.4   1   2   3.8e-05    0.0013   14.1   0.1     3    73    49   113    48   178 0.86 -
d1g41a_c.37.1.20     -            443 d1yj5a2c.37.1.1.aln  -            207   9.1e-05   17.9   0.4   2   2      0.37        13    1.1   0.0    32    85   335   391   331   411 0.79 -
d1um8a_c.37.1.20     -            364 d1yj5a2c.37.1.1.aln  -            207   0.00021   16.7   0.1   1   1   1.8e-05   0.00062   15.2   0.1     5    31    70    96    67   120 0.86 -
d1in4a2c.37.1.20     -            238 d1yj5a2c.37.1.1.aln  -            207   0.00031   16.1   0.8   1   2   1.6e-05   0.00056   15.3   0.0     6    35    38    67    37    76 0.91 -
d1in4a2c.37.1.20     -            238 d1yj5a2c.37.1.1.aln  -            207   0.00031   16.1   0.8   2   2       3.2   1.1e+02   -2.0   0.1   116   149   163   196   158   235 0.53 -
d2jaqa_c.37.1.0      -            201 d1yj5a2c.37.1.1.aln  -            207   0.00091   14.6   0.1   1   2   7.8e-05    0.0027   13.1   0.0     4    29     1    26     1    77 0.94 -
d2jaqa_c.37.1.0      -            201 d1yj5a2c.37.1.1.aln  -            207   0.00091   14.6   0.1   2   2       1.5        50   -0.9   0.0   117   151   130   149    99   189 0.63 -
d1d2na_c.37.1.20     -            246 d1yj5a2c.37.1.1.aln  -            207    0.0023   13.3   0.0   1   1   0.00017    0.0057   12.0   0.0     6    32    43    69    42    70 0.95 -
#
# Program:         hmmsearch
# Version:         3.3.2 (Nov 2020)
# Pipeline mode:   SEARCH
# Query file:      /home/elise/Documents/M1-BIM/S2/TMEs/SBAS/tme08/models/d1yj5a2c.37.1.1.aln.hmm
# Target file:     /home/elise/Documents/M1-BIM/S2/TMEs/SBAS/tme08/scop/scop/scopTestSeq.fasta
# Option settings: hmmsearch --domtblout /home/elise/Documents/M1-BIM/S2/TMEs/SBAS/tme08/searchResults/d1yj5a2c.37.1.1.aln.out -E 1 /home/elise/Documents/M1-BIM/S2/TMEs/SBAS/tme08/models/d1yj5a2c.37.1.1.aln.hmm /home/elise/Documents/M1-BIM/S2/TMEs/SBAS/tme08/scop/scop/scopTestSeq.fasta 
# Current dir:     /home/elise/Documents/M1-BIM/S2/TMEs/SBAS/tme08
# Date:            Tue Apr  1 17:30:51 2025
# [ok]
