#                                                                            --- full sequence --- -------------- this domain -------------   hmm coord   ali coord   env coord
# target name        accession   tlen query name           accession   qlen   E-value  score  bias   #  of  c-Evalue  i-Evalue  score  bias  from    to  from    to  from    to  acc description of target
#------------------- ---------- ----- -------------------- ---------- ----- --------- ------ ----- --- --- --------- --------- ------ ----- ----- ----- ----- ----- ----- ----- ---- ---------------------
d3f5oa_d.38.1.5      -            138 d1yoca1d.38.1.5.aln  -            136   1.9e-48  159.1   0.9   1   1   4.8e-50   2.1e-48  159.0   0.9     3   135     6   137     4   138 0.98 -
d1vh5a_d.38.1.5      -            138 d1yoca1d.38.1.5.aln  -            136   5.2e-48  157.7   0.0   1   1   1.3e-49   5.7e-48  157.6   0.0     1   135     4   137     4   138 0.99 -
d1q4ta_d.38.1.5      -            142 d1yoca1d.38.1.5.aln  -            136   1.5e-44  146.5   0.5   1   1   3.7e-46   1.6e-44  146.4   0.5     3   135     6   138     4   139 0.97 -
d1t82a_d.38.1.5      -            143 d1yoca1d.38.1.5.aln  -            136   4.9e-39  128.6   0.0   1   1   1.2e-40   5.4e-39  128.5   0.0     1   135     1   142     1   143 0.98 -
d2hboa1d.38.1.5      -            142 d1yoca1d.38.1.5.aln  -            136   3.1e-38  126.0   0.0   1   1   7.7e-40   3.4e-38  125.9   0.0     5   134     3   137     1   139 0.97 -
d1wlua_d.38.1.5      -            117 d1yoca1d.38.1.5.aln  -            136   1.3e-36  120.8   0.2   1   1   3.2e-38   1.4e-36  120.7   0.2    14   134     1   116     1   117 0.96 -
d1sh8a_d.38.1.5      -            153 d1yoca1d.38.1.5.aln  -            136   1.8e-35  117.1   0.0   1   1   4.5e-37     2e-35  117.0   0.0     1   135     2   146     2   147 0.97 -
d2ov9a1d.38.1.5      -            203 d1yoca1d.38.1.5.aln  -            136   4.2e-35  115.9   0.0   1   1   1.2e-36   5.4e-35  115.6   0.0     1   133    73   202    73   203 0.99 -
d1ixla_d.38.1.5      -            130 d1yoca1d.38.1.5.aln  -            136   4.4e-35  115.8   0.1   1   1   1.1e-36   4.8e-35  115.7   0.1     7   135     2   125     1   126 0.97 -
d2f41a1d.38.1.5      -            111 d1yoca1d.38.1.5.aln  -            136   1.7e-28   94.5   0.3   1   1   4.1e-30   1.8e-28   94.4   0.3    20   132     1   111     1   111 0.98 -
d2gvha1d.38.1.1      -            135 d1yoca1d.38.1.5.aln  -            136   2.1e-13   45.6   0.2   1   1   6.2e-15   2.7e-13   45.3   0.2    45   121    20    95    15   107 0.89 -
d1yoca1d.38.1.5      -            145 d1yoca1d.38.1.5.aln  -            136   3.8e-08   28.6   0.0   1   1     1e-09   4.5e-08   28.4   0.0    26   103    34   109    27   143 0.84 -
d1vpma_d.38.1.1      -            155 d1yoca1d.38.1.5.aln  -            136   2.1e-07   26.2   0.2   1   1   6.5e-09   2.9e-07   25.8   0.2    44   122    21    96    12   116 0.82 -
d1njka_d.38.1.1      -            133 d1yoca1d.38.1.5.aln  -            136     5e-05   18.5   0.0   1   1   1.6e-06   7.1e-05   18.0   0.0    75   127    49   101    41   109 0.80 -
d1s5ua_d.38.1.1      -            129 d1yoca1d.38.1.5.aln  -            136   5.9e-05   18.3   0.1   1   1   1.6e-06   6.8e-05   18.1   0.1    76   129    52   105    15   111 0.90 -
d3bjka_d.38.1.1      -            140 d1yoca1d.38.1.5.aln  -            136   0.00011   17.4   0.1   1   1   3.5e-06   0.00015   16.9   0.1    45   120    16    90     9    94 0.84 -
d2hlja1d.38.1.1      -            156 d1yoca1d.38.1.5.aln  -            136   0.00065   14.9   0.0   1   1     2e-05   0.00086   14.5   0.0    73   131    51   110    34   115 0.74 -
d2gf6a1d.38.1.1      -            134 d1yoca1d.38.1.5.aln  -            136    0.0025   13.0   0.0   1   1   9.6e-05    0.0042   12.3   0.0    79   106    58    85    51   104 0.78 -
#
# Program:         hmmsearch
# Version:         3.3.2 (Nov 2020)
# Pipeline mode:   SEARCH
# Query file:      /home/elise/Documents/M1-BIM/S2/TMEs/SBAS/tme08/models/d1yoca1d.38.1.5.aln.hmm
# Target file:     /home/elise/Documents/M1-BIM/S2/TMEs/SBAS/tme08/scop/scop/scopTestSeq.fasta
# Option settings: hmmsearch --domtblout /home/elise/Documents/M1-BIM/S2/TMEs/SBAS/tme08/searchResults/d1yoca1d.38.1.5.aln.out -E 1 /home/elise/Documents/M1-BIM/S2/TMEs/SBAS/tme08/models/d1yoca1d.38.1.5.aln.hmm /home/elise/Documents/M1-BIM/S2/TMEs/SBAS/tme08/scop/scop/scopTestSeq.fasta 
# Current dir:     /home/elise/Documents/M1-BIM/S2/TMEs/SBAS/tme08
# Date:            Tue Apr  1 17:30:51 2025
# [ok]
