#                                                                            --- full sequence --- -------------- this domain -------------   hmm coord   ali coord   env coord
# target name        accession   tlen query name           accession   qlen   E-value  score  bias   #  of  c-Evalue  i-Evalue  score  bias  from    to  from    to  from    to  acc description of target
#------------------- ---------- ----- -------------------- ---------- ----- --------- ------ ----- --- --- --------- --------- ------ ----- ----- ----- ----- ----- ----- ----- ---- ---------------------
d1lb3a_a.25.1.1      -            179 d1yuza1a.25.1.1.aln  -            159     6e-51  167.9   0.2   1   1     1e-52   6.6e-51  167.8   0.2     1   158     5   177     5   178 0.98 -
d2y3qa_a.25.1.1      -            158 d1yuza1a.25.1.1.aln  -            159   5.9e-41  135.4   4.4   1   1   9.9e-43   6.5e-41  135.3   4.4     3   156     1   153     1   156 0.99 -
d2cf7a_a.25.1.1      -            159 d1yuza1a.25.1.1.aln  -            159   7.1e-39  128.7   0.1   1   1   1.3e-40   8.5e-39  128.4   0.1     9   156    12   157     7   159 0.97 -
d3bvfa_a.25.1.1      -            172 d1yuza1a.25.1.1.aln  -            159     8e-38  125.3   6.7   1   1   1.4e-39   8.9e-38  125.1   6.7     2   158     7   164     6   165 0.98 -
d1z6om1a.25.1.1      -            191 d1yuza1a.25.1.1.aln  -            159   9.1e-37  121.8   0.1   1   1   1.5e-38     1e-36  121.7   0.1     3   158    17   186    15   187 0.98 -
d1nf4a_a.25.1.1      -            169 d1yuza1a.25.1.1.aln  -            159   2.4e-34  114.0   4.0   1   1   3.9e-36   2.6e-34  113.9   4.0     3   156     3   155     1   158 0.96 -
d1tjoa_a.25.1.1      -            180 d1yuza1a.25.1.1.aln  -            159   3.2e-30  100.6   8.5   1   1   5.5e-32   3.6e-30  100.4   8.5     2   157    22   174    21   176 0.96 -
d1zs3a1a.25.1.1      -            171 d1yuza1a.25.1.1.aln  -            159   4.1e-29   97.0   0.7   1   1   7.1e-31   4.7e-29   96.8   0.7     2   158    15   170    14   171 0.97 -
d1z6oa1a.25.1.1      -            200 d1yuza1a.25.1.1.aln  -            159   2.6e-24   81.4  11.8   1   1   4.5e-26   2.9e-24   81.2  11.8     3   158    21   196    19   197 0.95 -
d1yuza1a.25.1.1      -            135 d1yuza1a.25.1.1.aln  -            159   2.5e-22   74.9   0.9   1   1   4.4e-24   2.9e-22   74.7   0.9     9   135     7   134     3   135 0.98 -
d1vjxa_a.25.1.1      -            149 d1yuza1a.25.1.1.aln  -            159   5.1e-16   54.4   7.7   1   1   8.5e-18   5.6e-16   54.3   7.7     7   147     1   147     1   149 0.97 -
d2fzfa1a.25.1.1      -            158 d1yuza1a.25.1.1.aln  -            159   2.6e-14   48.9  11.0   1   1   4.5e-16     3e-14   48.7  11.0     5   148     5   158     2   158 0.97 -
#
# Program:         hmmsearch
# Version:         3.3.2 (Nov 2020)
# Pipeline mode:   SEARCH
# Query file:      /home/elise/Documents/M1-BIM/S2/TMEs/SBAS/tme08/models/d1yuza1a.25.1.1.aln.hmm
# Target file:     /home/elise/Documents/M1-BIM/S2/TMEs/SBAS/tme08/scop/scop/scopTestSeq.fasta
# Option settings: hmmsearch --domtblout /home/elise/Documents/M1-BIM/S2/TMEs/SBAS/tme08/searchResults/d1yuza1a.25.1.1.aln.out -E 1 /home/elise/Documents/M1-BIM/S2/TMEs/SBAS/tme08/models/d1yuza1a.25.1.1.aln.hmm /home/elise/Documents/M1-BIM/S2/TMEs/SBAS/tme08/scop/scop/scopTestSeq.fasta 
# Current dir:     /home/elise/Documents/M1-BIM/S2/TMEs/SBAS/tme08
# Date:            Tue Apr  1 17:30:52 2025
# [ok]
