#                                                                            --- full sequence --- -------------- this domain -------------   hmm coord   ali coord   env coord
# target name        accession   tlen query name           accession   qlen   E-value  score  bias   #  of  c-Evalue  i-Evalue  score  bias  from    to  from    to  from    to  acc description of target
#------------------- ---------- ----- -------------------- ---------- ----- --------- ------ ----- --- --- --------- --------- ------ ----- ----- ----- ----- ----- ----- ----- ---- ---------------------
d1y0ya3c.56.5.4      -            256 d1z2la1c.56.5.4.aln  -            267   2.9e-83  274.6   1.3   1   1   4.4e-85   3.2e-83  274.5   1.3     6   265     3   255     1   256 0.98 -
d1fnoa4c.56.5.4      -            296 d1z2la1c.56.5.4.aln  -            267     5e-74  244.3   0.0   1   1   7.8e-76   5.6e-74  244.1   0.0     2   266    10   295     9   296 0.99 -
d1r3na1c.56.5.4      -            323 d1z2la1c.56.5.4.aln  -            267     8e-68  224.0   0.0   1   1   1.3e-69     9e-68  223.8   0.0     2   266    27   317    26   318 0.99 -
d1rtqa_c.56.5.4      -            291 d1z2la1c.56.5.4.aln  -            267   3.8e-67  221.7   0.2   1   1   5.9e-69   4.3e-67  221.6   0.2     2   265     9   290     8   291 0.99 -
d1vgya1c.56.5.4      -            263 d1z2la1c.56.5.4.aln  -            267   2.4e-64  212.6   0.0   1   1   3.6e-66   2.6e-64  212.4   0.0     3   264     2   263     1   263 0.99 -
d1y7ea2c.56.5.4      -            323 d1z2la1c.56.5.4.aln  -            267     2e-63  209.6   0.1   1   1   3.2e-65   2.3e-63  209.4   0.1     2   262    14   323    13   323 0.99 -
d1cg2a1c.56.5.4      -            277 d1z2la1c.56.5.4.aln  -            267   2.6e-61  202.6   0.3   1   1     4e-63   2.9e-61  202.5   0.3     2   264    14   275    13   277 0.98 -
d1tkja_c.56.5.4      -            277 d1z2la1c.56.5.4.aln  -            267   1.3e-60  200.3   0.0   1   1     2e-62   1.4e-60  200.2   0.0     3   266     2   275     1   276 0.99 -
d1lfwa1c.56.5.4      -            273 d1z2la1c.56.5.4.aln  -            267   8.6e-60  197.6   0.1   1   1   1.4e-61   9.7e-60  197.5   0.1     2   266    12   272    11   273 0.98 -
d2grea2c.56.5.4      -            234 d1z2la1c.56.5.4.aln  -            267   7.1e-59  194.6   2.7   1   1   3.4e-60   2.4e-58  192.9   2.7     1   264     1   233     1   234 0.99 -
d1z2la1c.56.5.4      -            294 d1z2la1c.56.5.4.aln  -            267   1.1e-10   36.6   0.0   1   2    0.0024      0.17    6.5   0.0    23    78    34    91    31    99 0.80 -
d1z2la1c.56.5.4      -            294 d1z2la1c.56.5.4.aln  -            267   1.1e-10   36.6   0.0   2   2   7.3e-10   5.2e-08   27.8   0.0   162   264   183   291   178   293 0.91 -
#
# Program:         hmmsearch
# Version:         3.3.2 (Nov 2020)
# Pipeline mode:   SEARCH
# Query file:      /home/elise/Documents/M1-BIM/S2/TMEs/SBAS/tme08/models/d1z2la1c.56.5.4.aln.hmm
# Target file:     /home/elise/Documents/M1-BIM/S2/TMEs/SBAS/tme08/scop/scop/scopTestSeq.fasta
# Option settings: hmmsearch --domtblout /home/elise/Documents/M1-BIM/S2/TMEs/SBAS/tme08/searchResults/d1z2la1c.56.5.4.aln.out -E 1 /home/elise/Documents/M1-BIM/S2/TMEs/SBAS/tme08/models/d1z2la1c.56.5.4.aln.hmm /home/elise/Documents/M1-BIM/S2/TMEs/SBAS/tme08/scop/scop/scopTestSeq.fasta 
# Current dir:     /home/elise/Documents/M1-BIM/S2/TMEs/SBAS/tme08
# Date:            Tue Apr  1 17:30:52 2025
# [ok]
