#                                                                            --- full sequence --- -------------- this domain -------------   hmm coord   ali coord   env coord
# target name        accession   tlen query name           accession   qlen   E-value  score  bias   #  of  c-Evalue  i-Evalue  score  bias  from    to  from    to  from    to  acc description of target
#------------------- ---------- ----- -------------------- ---------- ----- --------- ------ ----- --- --- --------- --------- ------ ----- ----- ----- ----- ----- ----- ----- ---- ---------------------
d2nn5a1d.129.3.5     -            160 d1z94a1d.129.3.5.aln -            155   1.9e-50  166.3   0.4   1   1   2.7e-52   2.1e-50  166.1   0.4     2   153     7   159     6   160 0.99 -
d1xn5a_d.129.3.5     -            138 d1z94a1d.129.3.5.aln -            155   4.7e-49  161.8   3.2   1   1   6.6e-51   5.2e-49  161.6   3.2     4   151     2   138     1   138 0.98 -
d3elia1d.129.3.5     -            143 d1z94a1d.129.3.5.aln -            155   2.3e-48  159.5   0.1   1   1   3.2e-50   2.5e-48  159.4   0.1     8   150     2   143     1   143 0.98 -
d2il5a1d.129.3.5     -            164 d1z94a1d.129.3.5.aln -            155   7.4e-48  157.9   2.9   1   1     1e-49   8.2e-48  157.7   2.9     1   155     1   156     1   156 0.99 -
d1xuva_d.129.3.5     -            163 d1z94a1d.129.3.5.aln -            155     2e-47  156.5   0.1   1   1   2.9e-49   2.3e-47  156.3   0.1     2   154     7   160     6   161 0.99 -
d1xfsa_d.129.3.5     -            165 d1z94a1d.129.3.5.aln -            155   3.9e-46  152.3   0.0   1   1   5.4e-48   4.3e-46  152.2   0.0     4   155     2   165     1   165 0.98 -
d2l65a1d.129.3.5     -            155 d1z94a1d.129.3.5.aln -            155   6.2e-46  151.6   1.7   1   1   8.8e-48   6.9e-46  151.5   1.7     4   154     1   153     1   154 0.99 -
d2k5ga1d.129.3.5     -            183 d1z94a1d.129.3.5.aln -            155   7.6e-46  151.4   0.0   1   1   1.1e-47   8.9e-46  151.1   0.0     2   154    14   165    13   166 0.98 -
d1x53a1d.129.3.5     -            132 d1z94a1d.129.3.5.aln -            155   1.5e-38  127.7   0.3   1   1   2.6e-40   2.1e-38  127.2   0.3     5   154     2   132     1   132 0.98 -
d1z94a1d.129.3.5     -            143 d1z94a1d.129.3.5.aln -            155   2.1e-10   36.2   0.0   1   1   3.7e-12   2.9e-10   35.8   0.0     8   149     3   140     1   142 0.86 -
#
# Program:         hmmsearch
# Version:         3.3.2 (Nov 2020)
# Pipeline mode:   SEARCH
# Query file:      /home/elise/Documents/M1-BIM/S2/TMEs/SBAS/tme08/models/d1z94a1d.129.3.5.aln.hmm
# Target file:     /home/elise/Documents/M1-BIM/S2/TMEs/SBAS/tme08/scop/scop/scopTestSeq.fasta
# Option settings: hmmsearch --domtblout /home/elise/Documents/M1-BIM/S2/TMEs/SBAS/tme08/searchResults/d1z94a1d.129.3.5.aln.out -E 1 /home/elise/Documents/M1-BIM/S2/TMEs/SBAS/tme08/models/d1z94a1d.129.3.5.aln.hmm /home/elise/Documents/M1-BIM/S2/TMEs/SBAS/tme08/scop/scop/scopTestSeq.fasta 
# Current dir:     /home/elise/Documents/M1-BIM/S2/TMEs/SBAS/tme08
# Date:            Tue Apr  1 17:30:52 2025
# [ok]
