#                                                                            --- full sequence --- -------------- this domain -------------   hmm coord   ali coord   env coord
# target name        accession   tlen query name           accession   qlen   E-value  score  bias   #  of  c-Evalue  i-Evalue  score  bias  from    to  from    to  from    to  acc description of target
#------------------- ---------- ----- -------------------- ---------- ----- --------- ------ ----- --- --- --------- --------- ------ ----- ----- ----- ----- ----- ----- ----- ---- ---------------------
d2i4aa_c.47.1.1      -            107 d1zmaa1c.47.1.1.aln  -            110   2.3e-35  116.6   0.0   1   1   4.9e-37   2.4e-35  116.5   0.0     4   107     2   105     1   107 0.96 -
d1r26a_c.47.1.1      -            113 d1zmaa1c.47.1.1.aln  -            110   5.8e-28   92.8   0.0   1   1   1.2e-29   6.1e-28   92.7   0.0     4   106     8   109     5   113 0.95 -
d2fwha_c.47.1.1      -            117 d1zmaa1c.47.1.1.aln  -            110   2.8e-21   71.3   0.0   1   1   6.1e-23     3e-21   71.2   0.0     3   108     3   117     1   117 0.97 -
d1sena_c.47.1.1      -            135 d1zmaa1c.47.1.1.aln  -            110   5.9e-21   70.2   0.0   1   1   1.3e-22   6.5e-21   70.1   0.0     2   109     5   129     4   130 0.97 -
d1wjka_c.47.1.1      -            100 d1zmaa1c.47.1.1.aln  -            110     5e-17   57.6   0.0   1   1   1.2e-18   5.7e-17   57.4   0.0    11   105     4    95     1    99 0.94 -
d1abaa_c.47.1.1      -             87 d1zmaa1c.47.1.1.aln  -            110   1.9e-14   49.3   0.0   1   1   4.2e-16   2.1e-14   49.2   0.0    22   103     2    87     1    87 0.97 -
d1z6na1c.47.1.1      -            166 d1zmaa1c.47.1.1.aln  -            110   4.3e-14   48.1   0.0   1   1     1e-15     5e-14   47.9   0.0     2   108     5   152     4   154 0.92 -
d3qmxa_c.47.1.0      -             99 d1zmaa1c.47.1.1.aln  -            110   2.4e-11   39.3   0.0   1   1   5.6e-13   2.8e-11   39.1   0.0    21   107    13    93     3    95 0.88 -
d3gnja_c.47.1.0      -            111 d1zmaa1c.47.1.1.aln  -            110   3.4e-11   38.8   0.1   1   1   7.9e-13   3.9e-11   38.6   0.1     9    94     9    94     4   110 0.89 -
d1ttza_c.47.1.1      -             75 d1zmaa1c.47.1.1.aln  -            110   7.8e-10   34.4   0.0   1   1   1.8e-11     9e-10   34.2   0.0    26   104     2    73     1    74 0.94 -
d1iloa_c.47.1.1      -             77 d1zmaa1c.47.1.1.aln  -            110   1.2e-09   33.9   0.1   1   1   2.5e-11   1.2e-09   33.8   0.1    25   104     2    75     1    77 0.92 -
d2hzfa_c.47.1.0      -            110 d1zmaa1c.47.1.1.aln  -            110   2.1e-06   23.4   0.0   1   1   4.7e-08   2.3e-06   23.3   0.0    13    98     7    89     1    98 0.78 -
d3feua_c.47.1.0      -            183 d1zmaa1c.47.1.1.aln  -            110   3.4e-06   22.7   0.0   1   2     0.012      0.59    5.9   0.0    29    51    27    49    13    56 0.84 -
d3feua_c.47.1.0      -            183 d1zmaa1c.47.1.1.aln  -            110   3.4e-06   22.7   0.0   2   2   2.2e-05    0.0011   14.7   0.0    54   103   128   175   121   181 0.73 -
d2wcia_c.47.1.0      -            113 d1zmaa1c.47.1.1.aln  -            110   0.00018   17.2   0.0   1   1     4e-06    0.0002   17.1   0.0    35    99    28    88     5   106 0.84 -
d1zmaa1c.47.1.1      -            115 d1zmaa1c.47.1.1.aln  -            110    0.0019   13.9   0.0   1   1   4.8e-05    0.0024   13.6   0.0    16    88    20    96     7   113 0.74 -
d3h93a_c.47.1.0      -            192 d1zmaa1c.47.1.1.aln  -            110    0.0048   12.6   0.1   1   2      0.15       7.2    2.4   0.0    25    58    29    61    21    65 0.78 -
d3h93a_c.47.1.0      -            192 d1zmaa1c.47.1.1.aln  -            110    0.0048   12.6   0.1   2   2    0.0027      0.13    7.9   0.0    58    84   134   160   121   179 0.82 -
#
# Program:         hmmsearch
# Version:         3.3.2 (Nov 2020)
# Pipeline mode:   SEARCH
# Query file:      /home/elise/Documents/M1-BIM/S2/TMEs/SBAS/tme08/models/d1zmaa1c.47.1.1.aln.hmm
# Target file:     /home/elise/Documents/M1-BIM/S2/TMEs/SBAS/tme08/scop/scop/scopTestSeq.fasta
# Option settings: hmmsearch --domtblout /home/elise/Documents/M1-BIM/S2/TMEs/SBAS/tme08/searchResults/d1zmaa1c.47.1.1.aln.out -E 1 /home/elise/Documents/M1-BIM/S2/TMEs/SBAS/tme08/models/d1zmaa1c.47.1.1.aln.hmm /home/elise/Documents/M1-BIM/S2/TMEs/SBAS/tme08/scop/scop/scopTestSeq.fasta 
# Current dir:     /home/elise/Documents/M1-BIM/S2/TMEs/SBAS/tme08
# Date:            Tue Apr  1 17:30:52 2025
# [ok]
