#                                                                            --- full sequence --- -------------- this domain -------------   hmm coord   ali coord   env coord
# target name        accession   tlen query name           accession   qlen   E-value  score  bias   #  of  c-Evalue  i-Evalue  score  bias  from    to  from    to  from    to  acc description of target
#------------------- ---------- ----- -------------------- ---------- ----- --------- ------ ----- --- --- --------- --------- ------ ----- ----- ----- ----- ----- ----- ----- ---- ---------------------
d3bpza_b.82.3.2      -            194 d1zyba2b.82.3.2.aln  -            136   1.1e-48  159.9   0.1   1   2       3.6   2.4e+02   -3.1   0.0     6    26    16    36    12    39 0.71 -
d3bpza_b.82.3.2      -            194 d1zyba2b.82.3.2.aln  -            136   1.1e-48  159.9   0.1   2   2   2.8e-50   1.8e-48  159.1   0.0     2   132    68   193    67   194 0.98 -
d1cx4a2b.82.3.2      -            147 d1zyba2b.82.3.2.aln  -            136     1e-42  140.6   0.1   1   1   1.7e-44   1.1e-42  140.4   0.1     2   132     2   138     1   142 0.97 -
d1vp6a_b.82.3.2      -            133 d1zyba2b.82.3.2.aln  -            136   2.5e-41  136.0   0.0   1   1   4.3e-43   2.9e-41  135.9   0.0     1   130    10   132    10   133 0.98 -
d1cx4a1b.82.3.2      -            136 d1zyba2b.82.3.2.aln  -            136   1.3e-40  133.7   0.0   1   1   2.3e-42   1.5e-40  133.5   0.0     2   123    16   136    15   136 0.98 -
d3e5ua2b.82.3.2      -            139 d1zyba2b.82.3.2.aln  -            136   1.3e-37  124.0   0.0   1   1   2.1e-39   1.4e-37  123.9   0.0     3   135     2   134     1   135 0.98 -
d2gaua2b.82.3.2      -            142 d1zyba2b.82.3.2.aln  -            136   8.8e-37  121.3   0.0   1   1   1.5e-38   9.6e-37  121.2   0.0     6   135     5   134     1   135 0.94 -
d1o7fa2b.82.3.2      -            155 d1zyba2b.82.3.2.aln  -            136   1.4e-35  117.4   0.0   1   1   2.4e-37   1.6e-35  117.2   0.0     7   131    29   154    24   155 0.90 -
d1o7fa3b.82.3.2      -            124 d1zyba2b.82.3.2.aln  -            136   8.5e-35  114.9   0.0   1   1   1.4e-36   9.4e-35  114.8   0.0     2   117    11   123    10   124 0.97 -
d1o5la1b.82.3.2      -            129 d1zyba2b.82.3.2.aln  -            136   1.3e-33  111.1   0.0   1   1   2.1e-35   1.4e-33  110.9   0.0    17   136     2   122     1   122 0.98 -
d1wgpa_b.82.3.2      -            137 d1zyba2b.82.3.2.aln  -            136   1.6e-33  110.8   0.0   1   1   2.6e-35   1.7e-33  110.7   0.0     2   128     6   135     5   137 0.97 -
d2zcwa2b.82.3.2      -            112 d1zyba2b.82.3.2.aln  -            136   7.4e-29   95.7   0.0   1   1   1.2e-30     8e-29   95.6   0.0    27   135     2   111     1   112 0.98 -
d1zyba2b.82.3.2      -            147 d1zyba2b.82.3.2.aln  -            136   2.8e-10   35.5   0.0   1   1   5.3e-12   3.5e-10   35.2   0.0     6   105    10   112     6   130 0.80 -
#
# Program:         hmmsearch
# Version:         3.3.2 (Nov 2020)
# Pipeline mode:   SEARCH
# Query file:      /home/elise/Documents/M1-BIM/S2/TMEs/SBAS/tme08/models/d1zyba2b.82.3.2.aln.hmm
# Target file:     /home/elise/Documents/M1-BIM/S2/TMEs/SBAS/tme08/scop/scop/scopTestSeq.fasta
# Option settings: hmmsearch --domtblout /home/elise/Documents/M1-BIM/S2/TMEs/SBAS/tme08/searchResults/d1zyba2b.82.3.2.aln.out -E 1 /home/elise/Documents/M1-BIM/S2/TMEs/SBAS/tme08/models/d1zyba2b.82.3.2.aln.hmm /home/elise/Documents/M1-BIM/S2/TMEs/SBAS/tme08/scop/scop/scopTestSeq.fasta 
# Current dir:     /home/elise/Documents/M1-BIM/S2/TMEs/SBAS/tme08
# Date:            Tue Apr  1 17:30:53 2025
# [ok]
