#                                                                            --- full sequence --- -------------- this domain -------------   hmm coord   ali coord   env coord
# target name        accession   tlen query name           accession   qlen   E-value  score  bias   #  of  c-Evalue  i-Evalue  score  bias  from    to  from    to  from    to  acc description of target
#------------------- ---------- ----- -------------------- ---------- ----- --------- ------ ----- --- --- --------- --------- ------ ----- ----- ----- ----- ----- ----- ----- ---- ---------------------
d2pq8a_d.108.1.1     -            271 d2ae6a1d.108.1.1.aln -            188   4.8e-40  133.0   0.4   1   1   3.3e-41   5.8e-40  132.8   0.4    10   188     3   187     1   187 0.99 -
d2b5ga_d.108.1.1     -            168 d2ae6a1d.108.1.1.aln -            188   2.4e-35  117.7   0.4   1   1   1.5e-36   2.7e-35  117.6   0.4     9   167     4   167     1   168 0.97 -
d1tiqa_d.108.1.1     -            173 d2ae6a1d.108.1.1.aln -            188   2.8e-32  107.7   0.0   1   1   1.9e-33   3.3e-32  107.5   0.0     8   169     2   171     1   172 0.98 -
d1z4ea1d.108.1.1     -            150 d2ae6a1d.108.1.1.aln -            188   1.5e-31  105.3   0.1   1   1   9.7e-33   1.7e-31  105.1   0.1     7   149     1   144     1   149 0.98 -
d1nsla_d.108.1.1     -            180 d2ae6a1d.108.1.1.aln -            188   3.7e-29   97.6   0.2   1   1   2.3e-30   4.1e-29   97.4   0.2     1   173     4   180     4   180 0.98 -
d1qsma_d.108.1.1     -            150 d2ae6a1d.108.1.1.aln -            188     1e-28   96.1   0.0   1   1     6e-30   1.1e-28   96.0   0.0     7   151     2   145     1   150 0.97 -
d1i12a_d.108.1.1     -            157 d2ae6a1d.108.1.1.aln -            188   5.8e-28   93.7   0.0   1   1   3.5e-29   6.3e-28   93.5   0.0     8   153     5   155     1   157 0.96 -
d1mk4a_d.108.1.1     -            157 d2ae6a1d.108.1.1.aln -            188   3.2e-27   91.2   0.0   1   1   1.9e-28   3.5e-27   91.1   0.0     7   172     1   153     1   157 0.96 -
d1wwza1d.108.1.1     -            157 d2ae6a1d.108.1.1.aln -            188     6e-27   90.4   1.2   1   1   3.9e-28   7.1e-27   90.1   1.2     5   158     1   155     1   156 0.98 -
d2fiaa1d.108.1.1     -            157 d2ae6a1d.108.1.1.aln -            188   6.7e-27   90.2   0.6   1   1   4.1e-28   7.4e-27   90.1   0.6     8   168     1   156     1   157 0.98 -
d1ufha_d.108.1.1     -            155 d2ae6a1d.108.1.1.aln -            188     7e-27   90.1   0.3   1   1   4.7e-28   8.4e-27   89.9   0.3     8   151     2   151     1   153 0.97 -
d1u6ma_d.108.1.1     -            189 d2ae6a1d.108.1.1.aln -            188   3.1e-26   88.0   0.1   1   1   2.1e-27   3.7e-26   87.8   0.1     3   161    12   185    10   188 0.97 -
d2euia1d.108.1.1     -            153 d2ae6a1d.108.1.1.aln -            188   3.4e-26   87.9   0.1   1   1   2.1e-27   3.8e-26   87.7   0.1     8   155     1   146     1   152 0.96 -
d2cy2a1d.108.1.1     -            174 d2ae6a1d.108.1.1.aln -            188   4.9e-26   87.4   2.1   1   1     3e-27   5.3e-26   87.3   2.1     8   168     1   169     1   174 0.96 -
d1vkca_d.108.1.1     -            149 d2ae6a1d.108.1.1.aln -            188   6.5e-26   87.0   1.3   1   1   4.4e-27   7.8e-26   86.7   1.3    15   152    11   146     3   148 0.94 -
d1y9wa1d.108.1.1     -            140 d2ae6a1d.108.1.1.aln -            188   1.3e-25   86.0   1.0   1   1   7.9e-27   1.4e-25   85.9   1.0     8   164     1   138     1   140 0.96 -
d1cjwa_d.108.1.1     -            166 d2ae6a1d.108.1.1.aln -            188   1.3e-25   86.0   0.0   1   1     8e-27   1.4e-25   85.9   0.0     9   165     7   165     1   166 0.97 -
d1z4ra1d.108.1.1     -            162 d2ae6a1d.108.1.1.aln -            188   5.3e-25   84.0   0.1   1   1   3.3e-26   5.9e-25   83.9   0.1     3   170     2   162     1   162 0.98 -
d1y9ka1d.108.1.1     -            152 d2ae6a1d.108.1.1.aln -            188   6.1e-25   83.8   0.0   1   1   3.7e-26   6.7e-25   83.7   0.0    68   178    36   150     6   152 0.89 -
d1ghea_d.108.1.1     -            170 d2ae6a1d.108.1.1.aln -            188   9.8e-25   83.1   0.0   1   1   5.9e-26   1.1e-24   83.0   0.0     9   168     2   167     1   170 0.97 -
d2gana1d.108.1.1     -            182 d2ae6a1d.108.1.1.aln -            188   1.3e-24   82.8   0.2   1   1   8.1e-26   1.4e-24   82.6   0.2     1   161     1   179     1   182 0.97 -
d1m4ia_d.108.1.1     -            181 d2ae6a1d.108.1.1.aln -            188   1.9e-24   82.2   0.1   1   1   1.2e-25   2.1e-24   82.0   0.1     6   188     1   181     1   181 0.95 -
d2fcka1d.108.1.1     -            178 d2ae6a1d.108.1.1.aln -            188   4.5e-24   81.0   0.1   1   1   2.7e-25   4.8e-24   80.9   0.1     2   160     6   168     5   178 0.95 -
d1bo4a_d.108.1.1     -            137 d2ae6a1d.108.1.1.aln -            188   6.8e-23   77.1   0.1   1   1   4.5e-24   8.2e-23   76.9   0.1     8   143     3   137     2   137 0.98 -
d1xeba_d.108.1.1     -            149 d2ae6a1d.108.1.1.aln -            188     2e-21   72.3   0.8   1   1   1.3e-22   2.4e-21   72.1   0.8     7   151     3   136     1   145 0.95 -
d1yx0a1d.108.1.1     -            151 d2ae6a1d.108.1.1.aln -            188   7.5e-21   70.5   0.0   1   1   4.5e-22   8.1e-21   70.4   0.0     8   165     1   150     1   151 0.94 -
d2jdca1d.108.1.1     -            145 d2ae6a1d.108.1.1.aln -            188   2.3e-20   68.9   0.1   1   1   1.4e-21   2.4e-20   68.8   0.1     8   164     1   142     1   145 0.96 -
d1p0ha_d.108.1.1     -            308 d2ae6a1d.108.1.1.aln -            188   2.7e-20   68.7   0.0   1   3     1e-15   1.9e-14   49.6   0.0     8   188     2   190     1   190 0.98 -
d1p0ha_d.108.1.1     -            308 d2ae6a1d.108.1.1.aln -            188   2.7e-20   68.7   0.0   2   3    0.0027     0.049    9.1   0.0    72   108   215   251   192   253 0.80 -
d1p0ha_d.108.1.1     -            308 d2ae6a1d.108.1.1.aln -            188   2.7e-20   68.7   0.0   3   3     0.016      0.28    6.7   0.0   124   151   277   304   266   308 0.78 -
d1yk3a1d.108.1.1     -            198 d2ae6a1d.108.1.1.aln -            188   4.5e-20   68.0   0.1   1   1   2.8e-21     5e-20   67.8   0.1     2   178    11   198    10   198 0.99 -
d2fl4a1d.108.1.1     -            146 d2ae6a1d.108.1.1.aln -            188   6.8e-20   67.4   0.3   1   1   4.4e-21   7.8e-20   67.2   0.3     6   162     1   145     1   145 0.94 -
d2g3aa1d.108.1.1     -            137 d2ae6a1d.108.1.1.aln -            188   1.4e-19   66.4   0.0   1   1   8.4e-21   1.5e-19   66.2   0.0     9   149     2   120     1   136 0.93 -
d2fiwa1d.108.1.1     -            156 d2ae6a1d.108.1.1.aln -            188   1.5e-19   66.3   0.0   1   1   8.6e-21   1.5e-19   66.2   0.0     9   166     5   154     1   156 0.92 -
d2atra1d.108.1.1     -            137 d2ae6a1d.108.1.1.aln -            188   1.7e-19   66.0   0.0   1   1   1.1e-20   1.9e-19   65.9   0.0     7   160     1   136     1   137 0.96 -
d1n71a_d.108.1.1     -            180 d2ae6a1d.108.1.1.aln -            188   3.9e-18   61.6   0.0   1   1   1.1e-18     2e-17   59.3   0.0     1   171     1   179     1   180 0.90 -
d2aj6a1d.108.1.1     -            118 d2ae6a1d.108.1.1.aln -            188     2e-17   59.3   0.0   1   1   1.3e-18   2.4e-17   59.1   0.0     7   124     1   115     1   117 0.98 -
d1boba_d.108.1.1     -            315 d2ae6a1d.108.1.1.aln -            188   2.4e-17   59.1   0.0   1   1   2.1e-18   3.7e-17   58.4   0.0     2   188     8   229     7   229 0.99 -
d2p0wa_d.108.1.1     -            319 d2ae6a1d.108.1.1.aln -            188   1.9e-16   56.1   0.1   1   1   1.7e-17   3.1e-16   55.4   0.1     2   188    11   232    10   232 0.99 -
d1y7ra1d.108.1.1     -            133 d2ae6a1d.108.1.1.aln -            188   2.6e-16   55.7   0.0   1   1   1.5e-17   2.8e-16   55.6   0.0    11   157     4   132     1   133 0.92 -
d1q2ya_d.108.1.1     -            140 d2ae6a1d.108.1.1.aln -            188   1.1e-15   53.6   0.2   1   1   7.8e-17   1.4e-15   53.3   0.2    14   163     8   138     5   139 0.95 -
d2ae6a1d.108.1.1     -            161 d2ae6a1d.108.1.1.aln -            188   8.8e-15   50.7   0.0   1   1   5.4e-16   9.7e-15   50.6   0.0    60   160    54   151     5   157 0.83 -
d2fsra1d.108.1.1     -            164 d2ae6a1d.108.1.1.aln -            188   9.3e-14   47.4   0.0   1   1   5.5e-15   9.9e-14   47.3   0.0     4   155     6   155     3   164 0.92 -
d1r57a_d.108.1.1     -            102 d2ae6a1d.108.1.1.aln -            188   6.5e-13   44.6   0.1   1   1   3.8e-14   6.8e-13   44.5   0.1    87   157    35   101     5   102 0.92 -
d1xmta_d.108.1.1     -             95 d2ae6a1d.108.1.1.aln -            188   2.7e-09   32.8   0.0   1   1   1.6e-10   2.9e-09   32.7   0.0    61   132    14    77     4    95 0.84 -
d2d4pa1d.108.1.1     -            130 d2ae6a1d.108.1.1.aln -            188   6.5e-08   28.3   0.3   1   1   9.3e-09   1.7e-07   27.0   0.3     8   147     1   118     1   129 0.94 -
#
# Program:         hmmsearch
# Version:         3.3.2 (Nov 2020)
# Pipeline mode:   SEARCH
# Query file:      /home/elise/Documents/M1-BIM/S2/TMEs/SBAS/tme08/models/d2ae6a1d.108.1.1.aln.hmm
# Target file:     /home/elise/Documents/M1-BIM/S2/TMEs/SBAS/tme08/scop/scop/scopTestSeq.fasta
# Option settings: hmmsearch --domtblout /home/elise/Documents/M1-BIM/S2/TMEs/SBAS/tme08/searchResults/d2ae6a1d.108.1.1.aln.out -E 1 /home/elise/Documents/M1-BIM/S2/TMEs/SBAS/tme08/models/d2ae6a1d.108.1.1.aln.hmm /home/elise/Documents/M1-BIM/S2/TMEs/SBAS/tme08/scop/scop/scopTestSeq.fasta 
# Current dir:     /home/elise/Documents/M1-BIM/S2/TMEs/SBAS/tme08
# Date:            Tue Apr  1 17:30:53 2025
# [ok]
