#                                                                            --- full sequence --- -------------- this domain -------------   hmm coord   ali coord   env coord
# target name        accession   tlen query name           accession   qlen   E-value  score  bias   #  of  c-Evalue  i-Evalue  score  bias  from    to  from    to  from    to  acc description of target
#------------------- ---------- ----- -------------------- ---------- ----- --------- ------ ----- --- --- --------- --------- ------ ----- ----- ----- ----- ----- ----- ----- ---- ---------------------
d1tc1a_c.61.1.1      -            184 d2aeea1c.61.1.1.aln  -            204   6.6e-57  187.8   1.0   1   1   1.2e-58   7.3e-57  187.6   1.0     6   199     1   183     1   184 0.99 -
d1fsga_c.61.1.1      -            233 d2aeea1c.61.1.1.aln  -            204   1.1e-53  177.3   0.0   1   1     2e-55   1.2e-53  177.1   0.0     2   203    38   229    37   230 0.98 -
d1qb7a_c.61.1.1      -            236 d2aeea1c.61.1.1.aln  -            204   1.6e-45  150.5   0.0   1   1     3e-47   1.8e-45  150.4   0.0     3   202    11   204     9   206 0.98 -
d1dqna_c.61.1.1      -            230 d2aeea1c.61.1.1.aln  -            204   9.2e-41  135.0   0.0   1   1   1.7e-42   1.1e-40  134.8   0.0     4   203     6   207     3   208 0.97 -
d1a3ca_c.61.1.1      -            178 d2aeea1c.61.1.1.aln  -            204   1.2e-39  131.4   2.5   1   1   2.1e-41   1.3e-39  131.3   2.5     2   182     2   177     1   178 0.98 -
d1xtta1c.61.1.1      -            215 d2aeea1c.61.1.1.aln  -            204     3e-39  130.1   2.9   1   1   5.5e-41   3.3e-39  129.9   2.9     2   203    10   215     9   215 0.99 -
d1ecfa1c.61.1.1      -            243 d2aeea1c.61.1.1.aln  -            204   7.5e-39  128.8   0.2   1   1   1.4e-40   8.6e-39  128.6   0.2     1   203     9   213     9   214 0.99 -
d1y0ba1c.61.1.1      -            191 d2aeea1c.61.1.1.aln  -            204   2.8e-34  113.9   0.1   1   1     5e-36   3.1e-34  113.7   0.1    13   202     2   190     1   191 0.97 -
d1p4aa2c.61.1.1      -            202 d2aeea1c.61.1.1.aln  -            204   8.6e-33  109.0   0.0   1   1   1.6e-34   9.4e-33  108.9   0.0    11   202     2   195     1   197 0.97 -
d1wd5a_c.61.1.1      -            208 d2aeea1c.61.1.1.aln  -            204   9.9e-32  105.5   5.2   1   1   1.8e-33   1.1e-31  105.4   5.2     3   202     7   207     5   208 0.98 -
d1vdma1c.61.1.1      -            153 d2aeea1c.61.1.1.aln  -            204   1.3e-29   98.7   1.9   1   1   5.9e-31   3.6e-29   97.2   1.9     9   182     1   151     1   153 0.92 -
d1vcha1c.61.1.1      -            174 d2aeea1c.61.1.1.aln  -            204   1.8e-23   78.6   1.1   1   1   3.2e-25     2e-23   78.5   1.1    11   179     2   169     1   174 0.96 -
d1nula_c.61.1.1      -            150 d2aeea1c.61.1.1.aln  -            204   8.9e-23   76.3   0.0   1   1   2.5e-24   1.5e-22   75.5   0.0    10   179     1   144     1   149 0.96 -
#
# Program:         hmmsearch
# Version:         3.3.2 (Nov 2020)
# Pipeline mode:   SEARCH
# Query file:      /home/elise/Documents/M1-BIM/S2/TMEs/SBAS/tme08/models/d2aeea1c.61.1.1.aln.hmm
# Target file:     /home/elise/Documents/M1-BIM/S2/TMEs/SBAS/tme08/scop/scop/scopTestSeq.fasta
# Option settings: hmmsearch --domtblout /home/elise/Documents/M1-BIM/S2/TMEs/SBAS/tme08/searchResults/d2aeea1c.61.1.1.aln.out -E 1 /home/elise/Documents/M1-BIM/S2/TMEs/SBAS/tme08/models/d2aeea1c.61.1.1.aln.hmm /home/elise/Documents/M1-BIM/S2/TMEs/SBAS/tme08/scop/scop/scopTestSeq.fasta 
# Current dir:     /home/elise/Documents/M1-BIM/S2/TMEs/SBAS/tme08
# Date:            Tue Apr  1 17:30:53 2025
# [ok]
