#                                                                            --- full sequence --- -------------- this domain -------------   hmm coord   ali coord   env coord
# target name        accession   tlen query name           accession   qlen   E-value  score  bias   #  of  c-Evalue  i-Evalue  score  bias  from    to  from    to  from    to  acc description of target
#------------------- ---------- ----- -------------------- ---------- ----- --------- ------ ----- --- --- --------- --------- ------ ----- ----- ----- ----- ----- ----- ----- ---- ---------------------
d2fg9a1b.45.1.1      -            157 d2arza1b.45.1.1.aln  -            157     1e-41  137.6   0.0   1   1   2.1e-43   1.1e-41  137.5   0.0     1   155     1   155     1   157 0.98 -
d1rfea_b.45.1.1      -            160 d2arza1b.45.1.1.aln  -            157   3.1e-39  129.5   0.0   1   1   6.4e-41   3.4e-39  129.4   0.0     4   155     8   159     5   160 0.97 -
d2htia1b.45.1.1      -            156 d2arza1b.45.1.1.aln  -            157   6.3e-38  125.3   0.0   1   1   1.3e-39   6.9e-38  125.1   0.0     4   156     2   151     1   152 0.99 -
d2hq7a1b.45.1.1      -            141 d2arza1b.45.1.1.aln  -            157   1.2e-35  117.8   0.0   1   1   2.5e-37   1.3e-35  117.7   0.0     3   151     2   140     1   141 0.98 -
d1w9aa_b.45.1.1      -            142 d2arza1b.45.1.1.aln  -            157   1.2e-34  114.7   0.0   1   1   2.4e-36   1.3e-34  114.5   0.0     6   145     1   141     1   142 0.98 -
d2i02a1b.45.1.1      -            143 d2arza1b.45.1.1.aln  -            157   1.9e-34  114.0   0.1   1   1   3.9e-36   2.1e-34  113.9   0.1     3   150     2   141     1   143 0.98 -
d2hq9a1b.45.1.1      -            148 d2arza1b.45.1.1.aln  -            157   7.9e-34  112.0   0.0   1   1   1.6e-35   8.7e-34  111.8   0.0     1   155     1   147     1   148 0.98 -
d1xhna1b.45.1.1      -            170 d2arza1b.45.1.1.aln  -            157   4.2e-32  106.4   0.0   1   1   8.8e-34   4.6e-32  106.2   0.0     2   155     5   170     4   170 0.98 -
d2fura1b.45.1.1      -            193 d2arza1b.45.1.1.aln  -            157   2.9e-31  103.6   0.0   1   1   6.3e-33   3.3e-31  103.4   0.0     4   155     1   165     1   167 0.98 -
d2fhqa1b.45.1.1      -            135 d2arza1b.45.1.1.aln  -            157   3.2e-31  103.5   0.0   1   1   6.7e-33   3.5e-31  103.4   0.0     3   148     1   134     1   135 0.98 -
d2vpaa_b.45.1.1      -            215 d2arza1b.45.1.1.aln  -            157   8.5e-30   98.9   0.0   1   1   1.9e-31     1e-29   98.6   0.0     2   157    33   195    32   195 0.99 -
d1vl7a_b.45.1.1      -            135 d2arza1b.45.1.1.aln  -            157   3.4e-29   96.9   0.0   1   1   7.1e-31   3.7e-29   96.8   0.0    11   155     2   133     1   135 0.98 -
d2asfa1b.45.1.1      -            125 d2arza1b.45.1.1.aln  -            157   5.3e-24   80.0   0.0   1   1   1.1e-25   5.7e-24   79.9   0.0     8   144     2   123     1   125 0.95 -
d3a6ra_b.45.1.1      -            122 d2arza1b.45.1.1.aln  -            157   1.4e-16   55.9   0.0   1   1   3.1e-18   1.6e-16   55.7   0.0     5   112     1   107     1   120 0.93 -
d2arza1b.45.1.1      -            238 d2arza1b.45.1.1.aln  -            157    0.0022   13.1   0.0   1   2   0.00012    0.0061   11.6   0.0    10    88     8    87     5   131 0.80 -
d2arza1b.45.1.1      -            238 d2arza1b.45.1.1.aln  -            157    0.0022   13.1   0.0   2   2       1.5        78   -1.7   0.0    11    45   163   198   159   205 0.84 -
#
# Program:         hmmsearch
# Version:         3.3.2 (Nov 2020)
# Pipeline mode:   SEARCH
# Query file:      /home/elise/Documents/M1-BIM/S2/TMEs/SBAS/tme08/models/d2arza1b.45.1.1.aln.hmm
# Target file:     /home/elise/Documents/M1-BIM/S2/TMEs/SBAS/tme08/scop/scop/scopTestSeq.fasta
# Option settings: hmmsearch --domtblout /home/elise/Documents/M1-BIM/S2/TMEs/SBAS/tme08/searchResults/d2arza1b.45.1.1.aln.out -E 1 /home/elise/Documents/M1-BIM/S2/TMEs/SBAS/tme08/models/d2arza1b.45.1.1.aln.hmm /home/elise/Documents/M1-BIM/S2/TMEs/SBAS/tme08/scop/scop/scopTestSeq.fasta 
# Current dir:     /home/elise/Documents/M1-BIM/S2/TMEs/SBAS/tme08
# Date:            Tue Apr  1 17:30:53 2025
# [ok]
