#                                                                            --- full sequence --- -------------- this domain -------------   hmm coord   ali coord   env coord
# target name        accession   tlen query name           accession   qlen   E-value  score  bias   #  of  c-Evalue  i-Evalue  score  bias  from    to  from    to  from    to  acc description of target
#------------------- ---------- ----- -------------------- ---------- ----- --------- ------ ----- --- --- --------- --------- ------ ----- ----- ----- ----- ----- ----- ----- ---- ---------------------
d1jbea_c.23.1.1      -            128 d2b4aa1c.23.1.1.aln  -            126   6.2e-44  144.4   0.1   1   1   1.5e-45   6.8e-44  144.3   0.1     3   124     5   126     3   128 0.98 -
d1kgsa2c.23.1.1      -            122 d2b4aa1c.23.1.1.aln  -            126   2.3e-40  132.9   0.2   1   1   5.3e-42   2.5e-40  132.8   0.2     3   125     2   121     1   122 0.95 -
d1dz3a_c.23.1.1      -            123 d2b4aa1c.23.1.1.aln  -            126   2.7e-37  123.0   0.0   1   1   6.3e-39   2.9e-37  122.9   0.0     3   122     2   121     1   123 0.97 -
d1mb3a_c.23.1.1      -            123 d2b4aa1c.23.1.1.aln  -            126     6e-37  121.9   0.1   1   1   1.4e-38   6.6e-37  121.7   0.1     3   124     2   122     1   123 0.98 -
d1s8na_c.23.1.1      -            190 d2b4aa1c.23.1.1.aln  -            126     7e-36  118.4   0.2   1   1   2.4e-37   1.1e-35  117.7   0.2     3   125     4   123     2   124 0.96 -
d2r25b_c.23.1.1      -            133 d2b4aa1c.23.1.1.aln  -            126     6e-35  115.4   0.1   1   1   1.4e-36   6.6e-35  115.3   0.1     2   124     2   128     1   130 0.96 -
d1dbwa_c.23.1.1      -            123 d2b4aa1c.23.1.1.aln  -            126   5.7e-34  112.2   0.2   1   1   1.3e-35   6.2e-34  112.1   0.2     2   123     3   121     2   123 0.96 -
d1k66a_c.23.1.1      -            149 d2b4aa1c.23.1.1.aln  -            126   1.2e-32  107.9   0.0   1   1     3e-34   1.4e-32  107.8   0.0     3   124     7   139     5   141 0.96 -
d2v0na2c.23.1.1      -            153 d2b4aa1c.23.1.1.aln  -            126   4.4e-30   99.7   0.1   1   1   1.2e-31   5.7e-30   99.3   0.1     4   125    15   133    13   134 0.97 -
d3cfya_c.23.1.0      -            130 d2b4aa1c.23.1.1.aln  -            126   2.1e-26   87.8   0.1   1   1   4.9e-28   2.3e-26   87.7   0.1     3   123     3   120     1   123 0.95 -
d3heba_c.23.1.0      -            142 d2b4aa1c.23.1.1.aln  -            126   4.4e-25   83.5   0.0   1   1   1.2e-26   5.8e-25   83.1   0.0     4   120     2   128     1   131 0.91 -
d3khta_c.23.1.0      -            132 d2b4aa1c.23.1.1.aln  -            126   3.5e-24   80.6   0.0   1   1   7.8e-26   3.6e-24   80.6   0.0     3   113     2   114     1   127 0.88 -
d3eqza_c.23.1.0      -            124 d2b4aa1c.23.1.1.aln  -            126   1.4e-16   56.0   0.0   1   1   4.4e-18     2e-16   55.5   0.0     4   120     3   120     2   124 0.77 -
d3ktoa_c.23.1.0      -            122 d2b4aa1c.23.1.1.aln  -            126   5.2e-15   51.0   0.1   1   1   1.3e-16   5.8e-15   50.8   0.1     5   122     3   119     1   122 0.93 -
d2plna_c.23.1.0      -            118 d2b4aa1c.23.1.1.aln  -            126   4.9e-12   41.3   0.1   1   1   1.3e-13   6.3e-12   41.0   0.1     2   120     4   116     3   118 0.85 -
d2b4aa1c.23.1.1      -            118 d2b4aa1c.23.1.1.aln  -            126   6.5e-10   34.5   0.0   1   1   1.8e-11   8.3e-10   34.1   0.0     3   117     3   112     1   115 0.86 -
d1q0qa2c.2.1.3       -            152 d2b4aa1c.23.1.1.aln  -            126    0.0036   12.7   0.5   1   2      0.62        29    0.1   0.0    63    94    15    44    13    52 0.67 -
d1q0qa2c.2.1.3       -            152 d2b4aa1c.23.1.1.aln  -            126    0.0036   12.7   0.5   2   2   0.00036     0.017   10.6   0.3     8    52    55    98    50   102 0.79 -
#
# Program:         hmmsearch
# Version:         3.3.2 (Nov 2020)
# Pipeline mode:   SEARCH
# Query file:      /home/elise/Documents/M1-BIM/S2/TMEs/SBAS/tme08/models/d2b4aa1c.23.1.1.aln.hmm
# Target file:     /home/elise/Documents/M1-BIM/S2/TMEs/SBAS/tme08/scop/scop/scopTestSeq.fasta
# Option settings: hmmsearch --domtblout /home/elise/Documents/M1-BIM/S2/TMEs/SBAS/tme08/searchResults/d2b4aa1c.23.1.1.aln.out -E 1 /home/elise/Documents/M1-BIM/S2/TMEs/SBAS/tme08/models/d2b4aa1c.23.1.1.aln.hmm /home/elise/Documents/M1-BIM/S2/TMEs/SBAS/tme08/scop/scop/scopTestSeq.fasta 
# Current dir:     /home/elise/Documents/M1-BIM/S2/TMEs/SBAS/tme08
# Date:            Tue Apr  1 17:30:53 2025
# [ok]
