#                                                                            --- full sequence --- -------------- this domain -------------   hmm coord   ali coord   env coord
# target name        accession   tlen query name           accession   qlen   E-value  score  bias   #  of  c-Evalue  i-Evalue  score  bias  from    to  from    to  from    to  acc description of target
#------------------- ---------- ----- -------------------- ---------- ----- --------- ------ ----- --- --- --------- --------- ------ ----- ----- ----- ----- ----- ----- ----- ---- ---------------------
d1j0ha1b.1.18.2      -            123 d2bvya1b.1.18.2.aln  -            108   5.8e-33  109.0   0.0   1   1   1.5e-34   6.5e-33  108.8   0.0     1   108     6   113     6   113 0.99 -
d1ji1a1b.1.18.2      -            122 d2bvya1b.1.18.2.aln  -            108   6.2e-24   79.9   3.0   1   1   1.6e-25     7e-24   79.8   3.0     1   108    12   119    12   119 0.99 -
d2fhfa1b.1.18.2      -            115 d2bvya1b.1.18.2.aln  -            108   5.4e-20   67.3   1.6   1   1   1.4e-21   5.9e-20   67.1   1.6     2   106     9   113     8   115 0.97 -
d3bmva1b.1.18.2      -             83 d2bvya1b.1.18.2.aln  -            108   7.2e-20   66.9   2.1   1   1   1.8e-21   7.7e-20   66.8   2.1    16   100     3    81     1    83 0.96 -
d1m7xa1b.1.18.2      -            110 d2bvya1b.1.18.2.aln  -            108   8.4e-20   66.7   0.0   1   1   2.1e-21   9.1e-20   66.5   0.0     1   105     1   109     1   110 0.98 -
d2fhfa2b.1.18.2      -            125 d2bvya1b.1.18.2.aln  -            108     9e-19   63.3   0.3   1   1   2.3e-20     1e-18   63.2   0.3     2   106     9   123     8   125 0.97 -
d1txka1b.1.18.2      -            115 d2bvya1b.1.18.2.aln  -            108   7.5e-18   60.4   1.0   1   1   1.9e-19   8.3e-18   60.2   1.0     1   104     4   115     4   115 0.99 -
d1edqa1b.1.18.2      -            109 d2bvya1b.1.18.2.aln  -            108     9e-18   60.1   2.4   1   1   2.3e-19   9.9e-18   60.0   2.4     1   104     7   109     7   109 0.98 -
d1clca2b.1.18.2      -            100 d2bvya1b.1.18.2.aln  -            108   3.6e-17   58.2   0.4   1   1   8.7e-19   3.8e-17   58.1   0.4    12   107     2    96     1    97 0.96 -
d1bf2a1b.1.18.2      -            162 d2bvya1b.1.18.2.aln  -            108   5.3e-17   57.7   4.3   1   1   1.7e-18   7.4e-17   57.2   4.3     1   108    18   127    18   127 0.98 -
d1ut9a2b.1.18.2      -             98 d2bvya1b.1.18.2.aln  -            108   9.1e-17   56.9   0.2   1   1   2.2e-18   9.8e-17   56.8   0.2     8   103     2    97     1    98 0.97 -
d1h3ga1b.1.18.2      -             93 d2bvya1b.1.18.2.aln  -            108   1.9e-16   55.9   0.0   1   1   4.5e-18     2e-16   55.8   0.0    13   104     3    93     1    93 0.96 -
d1k3ia1b.1.18.2      -            102 d2bvya1b.1.18.2.aln  -            108     5e-16   54.5   1.1   1   1   1.2e-17   5.3e-16   54.4   1.1    14   100     4    99     1   102 0.96 -
d1w8oa1b.1.18.2      -            103 d2bvya1b.1.18.2.aln  -            108     1e-15   53.5   1.6   1   1   2.5e-17   1.1e-15   53.4   1.6    10   104     3    99     1   103 0.96 -
d2bhua1b.1.18.2      -             97 d2bvya1b.1.18.2.aln  -            108   2.9e-15   52.1   0.1   1   1   7.1e-17   3.1e-15   52.0   0.1    14   108     2    95     1    95 0.98 -
d1qbaa1b.1.18.2      -            105 d2bvya1b.1.18.2.aln  -            108   3.6e-15   51.8   0.0   1   1   8.8e-17   3.9e-15   51.6   0.0    10   107     2    99     1   100 0.97 -
d1ulva2b.1.18.2      -             89 d2bvya1b.1.18.2.aln  -            108   9.1e-09   31.2   6.3   1   1   2.2e-10   9.7e-09   31.1   6.3    13   103     2    88     1    89 0.95 -
d1f1sa2b.1.18.2      -             78 d2bvya1b.1.18.2.aln  -            108   1.3e-07   27.5   0.3   1   1   6.2e-09   2.7e-07   26.4   0.3    16   103     1    77     1    78 0.96 -
#
# Program:         hmmsearch
# Version:         3.3.2 (Nov 2020)
# Pipeline mode:   SEARCH
# Query file:      /home/elise/Documents/M1-BIM/S2/TMEs/SBAS/tme08/models/d2bvya1b.1.18.2.aln.hmm
# Target file:     /home/elise/Documents/M1-BIM/S2/TMEs/SBAS/tme08/scop/scop/scopTestSeq.fasta
# Option settings: hmmsearch --domtblout /home/elise/Documents/M1-BIM/S2/TMEs/SBAS/tme08/searchResults/d2bvya1b.1.18.2.aln.out -E 1 /home/elise/Documents/M1-BIM/S2/TMEs/SBAS/tme08/models/d2bvya1b.1.18.2.aln.hmm /home/elise/Documents/M1-BIM/S2/TMEs/SBAS/tme08/scop/scop/scopTestSeq.fasta 
# Current dir:     /home/elise/Documents/M1-BIM/S2/TMEs/SBAS/tme08
# Date:            Tue Apr  1 17:30:54 2025
# [ok]
