#                                                                            --- full sequence --- -------------- this domain -------------   hmm coord   ali coord   env coord
# target name        accession   tlen query name           accession   qlen   E-value  score  bias   #  of  c-Evalue  i-Evalue  score  bias  from    to  from    to  from    to  acc description of target
#------------------- ---------- ----- -------------------- ---------- ----- --------- ------ ----- --- --- --------- --------- ------ ----- ----- ----- ----- ----- ----- ----- ---- ---------------------
d2c4ja1a.45.1.1      -            133 d2c4ja1a.45.1.1.aln  -            135     2e-40  133.3   0.1   1   1   3.3e-42   2.2e-40  133.1   0.1     1   134     1   128     1   129 0.98 -
d1k3ya1a.45.1.1      -            142 d2c4ja1a.45.1.1.aln  -            135   1.1e-36  121.1   0.0   1   1   1.9e-38   1.3e-36  121.0   0.0     1   132     1   131     1   134 0.98 -
d1tu7a1a.45.1.1      -            131 d2c4ja1a.45.1.1.aln  -            135   1.9e-36  120.4   0.1   1   1   3.1e-38   2.1e-36  120.3   0.1     3   135     1   131     1   131 0.99 -
d1okta1a.45.1.1      -            126 d2c4ja1a.45.1.1.aln  -            135   1.8e-30  101.1   0.2   1   1   2.9e-32   1.9e-30  101.0   0.2     2   124     1   123     1   126 0.98 -
d2cvda1a.45.1.1      -            124 d2c4ja1a.45.1.1.aln  -            135   5.9e-29   96.1   0.1   1   1   9.8e-31   6.5e-29   96.0   0.1     1   126     2   123     2   124 0.95 -
d1tw9a1a.45.1.1      -            129 d2c4ja1a.45.1.1.aln  -            135   8.8e-28   92.3   0.0   1   1   1.5e-29   9.6e-28   92.2   0.0     3   126     2   128     1   129 0.98 -
d1eema1a.45.1.1      -            139 d2c4ja1a.45.1.1.aln  -            135   4.4e-25   83.6   0.1   1   1   7.7e-27     5e-25   83.4   0.1     2   133     1   128     1   130 0.96 -
d1nhya1a.45.1.1      -            144 d2c4ja1a.45.1.1.aln  -            135     9e-22   72.9   0.1   1   1   1.5e-23     1e-21   72.7   0.1     3   132    13   143    11   144 0.96 -
d1gnwa1a.45.1.1      -            126 d2c4ja1a.45.1.1.aln  -            135   1.7e-20   68.8   0.1   1   1   2.8e-22   1.9e-20   68.6   0.1     7   117    10   124     5   126 0.93 -
d1k0ma1a.45.1.1      -            149 d2c4ja1a.45.1.1.aln  -            135   9.4e-17   56.6   0.1   1   1   1.9e-18   1.2e-16   56.2   0.1     3   134     7   147     5   148 0.92 -
d2fnoa1a.45.1.1      -            149 d2c4ja1a.45.1.1.aln  -            135   4.5e-16   54.4   0.0   1   1     8e-18   5.3e-16   54.2   0.0     2   129     1   134     1   139 0.93 -
d1z9ha1a.45.1.1      -            161 d2c4ja1a.45.1.1.aln  -            135   4.9e-13   44.6   0.3   1   2   1.3e-08   8.4e-07   24.4   0.1     3    94     2   100     1   105 0.93 -
d1z9ha1a.45.1.1      -            161 d2c4ja1a.45.1.1.aln  -            135   4.9e-13   44.6   0.3   2   2   3.9e-07   2.5e-05   19.6   0.1    55   110   104   155    90   157 0.86 -
#
# Program:         hmmsearch
# Version:         3.3.2 (Nov 2020)
# Pipeline mode:   SEARCH
# Query file:      /home/elise/Documents/M1-BIM/S2/TMEs/SBAS/tme08/models/d2c4ja1a.45.1.1.aln.hmm
# Target file:     /home/elise/Documents/M1-BIM/S2/TMEs/SBAS/tme08/scop/scop/scopTestSeq.fasta
# Option settings: hmmsearch --domtblout /home/elise/Documents/M1-BIM/S2/TMEs/SBAS/tme08/searchResults/d2c4ja1a.45.1.1.aln.out -E 1 /home/elise/Documents/M1-BIM/S2/TMEs/SBAS/tme08/models/d2c4ja1a.45.1.1.aln.hmm /home/elise/Documents/M1-BIM/S2/TMEs/SBAS/tme08/scop/scop/scopTestSeq.fasta 
# Current dir:     /home/elise/Documents/M1-BIM/S2/TMEs/SBAS/tme08
# Date:            Tue Apr  1 17:30:54 2025
# [ok]
