#                                                                            --- full sequence --- -------------- this domain -------------   hmm coord   ali coord   env coord
# target name        accession   tlen query name           accession   qlen   E-value  score  bias   #  of  c-Evalue  i-Evalue  score  bias  from    to  from    to  from    to  acc description of target
#------------------- ---------- ----- -------------------- ---------- ----- --------- ------ ----- --- --- --------- --------- ------ ----- ----- ----- ----- ----- ----- ----- ---- ---------------------
d1lb3a_a.25.1.1      -            179 d2cf7a_a.25.1.1.aln  -            156   8.5e-51  167.3   0.1   1   1   1.4e-52     9e-51  167.3   0.1     1   153     4   159     4   172 0.96 -
d2y3qa_a.25.1.1      -            158 d2cf7a_a.25.1.1.aln  -            156   7.5e-45  148.0   3.7   1   1   1.3e-46   8.8e-45  147.8   3.7     2   153     1   151     1   156 0.97 -
d3bvfa_a.25.1.1      -            172 d2cf7a_a.25.1.1.aln  -            156   4.4e-40  132.5   5.9   1   1   7.8e-42   5.1e-40  132.3   5.9     3   156     7   159     5   159 0.98 -
d1nf4a_a.25.1.1      -            169 d2cf7a_a.25.1.1.aln  -            156   4.7e-39  129.2   5.0   1   1   8.3e-41   5.5e-39  129.0   5.0     2   151     3   150     2   157 0.97 -
d1z6om1a.25.1.1      -            191 d2cf7a_a.25.1.1.aln  -            156     5e-39  129.1   0.1   1   1   8.6e-41   5.6e-39  128.9   0.1     4   153    17   176    14   181 0.96 -
d1yuza1a.25.1.1      -            135 d2cf7a_a.25.1.1.aln  -            156   2.1e-30  101.1   0.5   1   1   3.7e-32   2.4e-30  100.9   0.5     8   138     7   135     4   135 0.98 -
d1tjoa_a.25.1.1      -            180 d2cf7a_a.25.1.1.aln  -            156   2.6e-29   97.5   7.5   1   1   4.5e-31   2.9e-29   97.4   7.5     3   147    24   175    22   180 0.89 -
d2cf7a_a.25.1.1      -            159 d2cf7a_a.25.1.1.aln  -            156     3e-25   84.4   0.2   1   1     5e-27   3.3e-25   84.2   0.2     7   145    11   157     8   159 0.97 -
d1z6oa1a.25.1.1      -            200 d2cf7a_a.25.1.1.aln  -            156   1.9e-24   81.7  10.3   1   1   3.6e-26   2.3e-24   81.4  10.3     5   153    22   182    19   191 0.95 -
d1zs3a1a.25.1.1      -            171 d2cf7a_a.25.1.1.aln  -            156   7.6e-24   79.8   1.8   1   1   1.4e-25   9.1e-24   79.5   1.8     1   154     6   162     6   165 0.97 -
d2fzfa1a.25.1.1      -            158 d2cf7a_a.25.1.1.aln  -            156   3.9e-17   58.0  11.8   1   1   7.1e-19   4.7e-17   57.7  11.8     9   149    13   157     4   158 0.93 -
d1vjxa_a.25.1.1      -            149 d2cf7a_a.25.1.1.aln  -            156   2.2e-16   55.5   7.5   1   1   3.8e-18   2.5e-16   55.4   7.5     3   144     2   148     1   149 0.97 -
#
# Program:         hmmsearch
# Version:         3.3.2 (Nov 2020)
# Pipeline mode:   SEARCH
# Query file:      /home/elise/Documents/M1-BIM/S2/TMEs/SBAS/tme08/models/d2cf7a_a.25.1.1.aln.hmm
# Target file:     /home/elise/Documents/M1-BIM/S2/TMEs/SBAS/tme08/scop/scop/scopTestSeq.fasta
# Option settings: hmmsearch --domtblout /home/elise/Documents/M1-BIM/S2/TMEs/SBAS/tme08/searchResults/d2cf7a_a.25.1.1.aln.out -E 1 /home/elise/Documents/M1-BIM/S2/TMEs/SBAS/tme08/models/d2cf7a_a.25.1.1.aln.hmm /home/elise/Documents/M1-BIM/S2/TMEs/SBAS/tme08/scop/scop/scopTestSeq.fasta 
# Current dir:     /home/elise/Documents/M1-BIM/S2/TMEs/SBAS/tme08
# Date:            Tue Apr  1 17:30:54 2025
# [ok]
