#                                                                            --- full sequence --- -------------- this domain -------------   hmm coord   ali coord   env coord
# target name        accession   tlen query name           accession   qlen   E-value  score  bias   #  of  c-Evalue  i-Evalue  score  bias  from    to  from    to  from    to  acc description of target
#------------------- ---------- ----- -------------------- ---------- ----- --------- ------ ----- --- --- --------- --------- ------ ----- ----- ----- ----- ----- ----- ----- ---- ---------------------
d1n4wa1c.3.1.2       -            368 d2dw4a2c.3.1.2.aln   -            351   7.2e-95  313.3   0.4   1   1   2.5e-96   8.1e-95  313.2   0.4     3   350    17   366    15   367 0.99 -
d2iida1c.3.1.2       -            371 d2dw4a2c.3.1.2.aln   -            351   4.4e-94  310.7   0.0   1   1   1.5e-95   4.9e-94  310.6   0.0     2   333    28   371    27   371 0.99 -
d1kdga1c.3.1.2       -            361 d2dw4a2c.3.1.2.aln   -            351   1.9e-89  295.5   0.0   1   1   6.4e-91   2.1e-89  295.3   0.0     3   350     1   358     1   359 1.00 -
d2f5va1c.3.1.2       -            380 d2dw4a2c.3.1.2.aln   -            351   4.5e-85  281.1   0.0   1   1   1.5e-86     5e-85  281.0   0.0     1   350     1   374     1   375 0.99 -
d2gmha1c.3.1.2       -            381 d2dw4a2c.3.1.2.aln   -            351   2.4e-83  275.5   0.0   1   1   8.1e-85   2.7e-83  275.3   0.0     3   350    31   380    29   381 0.99 -
d1seza1c.3.1.2       -            374 d2dw4a2c.3.1.2.aln   -            351   9.7e-79  260.3   0.0   1   1   3.3e-80   1.1e-78  260.1   0.0     5   351     2   363     1   363 1.00 -
d1pn0a1c.3.1.2       -            361 d2dw4a2c.3.1.2.aln   -            351   4.7e-78  258.0   0.0   1   1   1.6e-79   5.3e-78  257.9   0.0     2   351     5   360     4   360 0.99 -
d1b5qa1c.3.1.2       -            348 d2dw4a2c.3.1.2.aln   -            351   9.1e-76  250.5   0.2   1   1   3.3e-77   1.1e-75  250.2   0.2     6   336     2   348     2   348 0.99 -
d1ju2a1c.3.1.2       -            352 d2dw4a2c.3.1.2.aln   -            351   1.3e-74  246.7   0.7   1   1   4.6e-76   1.5e-74  246.5   0.7     2   350    25   348    24   349 0.99 -
d2ivda1c.3.1.2       -            348 d2dw4a2c.3.1.2.aln   -            351   4.3e-71  235.1   1.4   1   1   1.5e-72   4.9e-71  235.0   1.4     5   351     1   343     1   343 0.99 -
d1pj5a2c.3.1.2       -            306 d2dw4a2c.3.1.2.aln   -            351   1.7e-61  203.6   0.2   1   1   5.8e-63   1.9e-61  203.4   0.2     3   349     1   304     1   306 0.99 -
d1k0ia1c.3.1.2       -            293 d2dw4a2c.3.1.2.aln   -            351   4.2e-58  192.4   0.1   1   1   1.4e-59   4.6e-58  192.3   0.1     4   342     2   292     1   293 0.99 -
d1ryia1c.3.1.2       -            277 d2dw4a2c.3.1.2.aln   -            351   6.8e-56  185.1   0.0   1   1   2.3e-57   7.5e-56  185.0   0.0     1   331     1   273     1   277 0.98 -
d2gf3a1c.3.1.2       -            282 d2dw4a2c.3.1.2.aln   -            351   1.3e-55  184.2   0.0   1   1   4.7e-57   1.5e-55  184.0   0.0     2   341     1   282     1   282 0.99 -
d3c96a1c.3.1.2       -            289 d2dw4a2c.3.1.2.aln   -            351   1.6e-53  177.3   1.2   1   1   5.4e-55   1.8e-53  177.2   1.2     4   337     1   287     1   289 0.99 -
d2voua1c.3.1.2       -            266 d2dw4a2c.3.1.2.aln   -            351   1.3e-50  167.7   0.9   1   1   1.4e-51   4.6e-50  166.0   0.9     2   341     2   265     1   266 0.98 -
d2dw4a2c.3.1.2       -            450 d2dw4a2c.3.1.2.aln   -            351   3.4e-14   48.0   0.3   1   2   2.6e-15   8.5e-14   46.7   0.2     7    99     8   100     6   109 0.90 -
d2dw4a2c.3.1.2       -            450 d2dw4a2c.3.1.2.aln   -            351   3.4e-14   48.0   0.3   2   2       2.2        73   -2.4   0.0   295   325   412   442   408   445 0.87 -
d2gv8a1c.3.1.5       -            336 d2dw4a2c.3.1.2.aln   -            351   2.8e-06   22.0   0.0   1   1   1.3e-07   4.1e-06   21.4   0.0     6    62     6    67     2    77 0.85 -
d1v59a2c.3.1.5       -            122 d2dw4a2c.3.1.2.aln   -            351   4.1e-06   21.4   0.1   1   1   1.9e-07   6.2e-06   20.8   0.1     3    41    22    60    20    64 0.90 -
d1nhpa2c.3.1.5       -            123 d2dw4a2c.3.1.2.aln   -            351   4.5e-06   21.3   0.3   1   1   2.1e-07   6.8e-06   20.7   0.3     6    40    32    66    29    67 0.93 -
d1w4xa1c.3.1.5       -            299 d2dw4a2c.3.1.2.aln   -            351   0.00032   15.2   0.1   1   1   1.5e-05   0.00049   14.6   0.1     5    36     8    39     5    50 0.89 -
d1v59a1c.3.1.5       -            234 d2dw4a2c.3.1.2.aln   -            351   0.00053   14.5   0.5   1   1     3e-05   0.00097   13.6   0.5     6    41     7    42     6    44 0.94 -
d1xhca2c.3.1.5       -            122 d2dw4a2c.3.1.2.aln   -            351    0.0032   11.9   0.7   1   1   0.00013    0.0044   11.4   0.7     8    37    36    65    34    69 0.92 -
d1fl2a1c.3.1.5       -            185 d2dw4a2c.3.1.2.aln   -            351     0.006   11.0   1.4   1   1    0.0003      0.01   10.3   1.4     4    28     1    25     1    27 0.89 -
#
# Program:         hmmsearch
# Version:         3.3.2 (Nov 2020)
# Pipeline mode:   SEARCH
# Query file:      /home/elise/Documents/M1-BIM/S2/TMEs/SBAS/tme08/models/d2dw4a2c.3.1.2.aln.hmm
# Target file:     /home/elise/Documents/M1-BIM/S2/TMEs/SBAS/tme08/scop/scop/scopTestSeq.fasta
# Option settings: hmmsearch --domtblout /home/elise/Documents/M1-BIM/S2/TMEs/SBAS/tme08/searchResults/d2dw4a2c.3.1.2.aln.out -E 1 /home/elise/Documents/M1-BIM/S2/TMEs/SBAS/tme08/models/d2dw4a2c.3.1.2.aln.hmm /home/elise/Documents/M1-BIM/S2/TMEs/SBAS/tme08/scop/scop/scopTestSeq.fasta 
# Current dir:     /home/elise/Documents/M1-BIM/S2/TMEs/SBAS/tme08
# Date:            Tue Apr  1 17:30:55 2025
# [ok]
