#                                                                            --- full sequence --- -------------- this domain -------------   hmm coord   ali coord   env coord
# target name        accession   tlen query name           accession   qlen   E-value  score  bias   #  of  c-Evalue  i-Evalue  score  bias  from    to  from    to  from    to  acc description of target
#------------------- ---------- ----- -------------------- ---------- ----- --------- ------ ----- --- --- --------- --------- ------ ----- ----- ----- ----- ----- ----- ----- ---- ---------------------
d1jeta_c.94.1.1      -            517 d2esna2c.94.1.1.aln  -            321   4.4e-44  147.0  10.6   1   1   1.9e-45   5.5e-44  146.7  10.6     2   313   128   517   127   517 0.99 -
d1nnfa_c.94.1.1      -            308 d2esna2c.94.1.1.aln  -            321   2.2e-42  141.5   9.6   1   1   8.3e-44   2.4e-42  141.3   9.6     7   298     1   307     1   308 0.98 -
d3vlva_c.94.1.1      -            490 d2esna2c.94.1.1.aln  -            321   3.1e-41  137.7   8.4   1   1   1.3e-42   3.7e-41  137.4   8.4     1   321    17   421    17   421 1.00 -
d1ursa_c.94.1.1      -            367 d2esna2c.94.1.1.aln  -            321   2.9e-39  131.2  10.3   1   1   1.1e-40   3.2e-39  131.1  10.3     4   321     4   367     1   367 0.96 -
d1q35a_c.94.1.1      -            318 d2esna2c.94.1.1.aln  -            321   1.1e-35  119.5   2.9   1   1   4.6e-37   1.3e-35  119.3   2.9     7   302     3   315     1   317 0.97 -
d1eu8a_c.94.1.1      -            407 d2esna2c.94.1.1.aln  -            321   1.1e-34  116.3   7.3   1   1   4.3e-36   1.2e-34  116.1   7.3     1   321     6   403     6   403 0.98 -
d2nooa_c.94.1.1      -            496 d2esna2c.94.1.1.aln  -            321   2.9e-31  105.1   0.2   1   1   1.5e-32   4.3e-31  104.5   0.2     7   320   112   495   106   496 0.91 -
d1xoca1c.94.1.1      -            504 d2esna2c.94.1.1.aln  -            321   1.4e-28   96.3  16.1   1   1   6.7e-30     2e-28   95.8  16.1     3   320   123   501   121   502 0.96 -
d1uqwa_c.94.1.1      -            487 d2esna2c.94.1.1.aln  -            321   2.5e-27   92.2   8.7   1   2       6.3   1.8e+02   -2.2   0.1   212   252    41    81     8    95 0.50 -
d1uqwa_c.94.1.1      -            487 d2esna2c.94.1.1.aln  -            321   2.5e-27   92.2   8.7   2   2   8.6e-29   2.5e-27   92.2   8.7     2   320   100   486    99   487 0.98 -
d1ixha_c.94.1.1      -            321 d2esna2c.94.1.1.aln  -            321   1.2e-26   90.0  12.3   1   1   4.4e-28   1.3e-26   89.9  12.3    15   311     3   321     1   321 0.96 -
d1pb7a_c.94.1.1      -            289 d2esna2c.94.1.1.aln  -            321   1.7e-26   89.5   0.0   1   1   6.3e-28   1.8e-26   89.4   0.0    17   286     2   287     1   289 0.98 -
d1vr5a1c.94.1.1      -            535 d2esna2c.94.1.1.aln  -            321     1e-25   86.9  11.4   1   2       8.3   2.4e+02   -2.6   0.0   112   128    45    61    21   101 0.58 -
d1vr5a1c.94.1.1      -            535 d2esna2c.94.1.1.aln  -            321     1e-25   86.9  11.4   2   2   3.6e-27     1e-25   86.9  11.4     4   321   123   519   120   519 0.99 -
d3thia_c.94.1.1      -            362 d2esna2c.94.1.1.aln  -            321   1.6e-25   86.3   0.3   1   1     6e-27   1.7e-25   86.2   0.3     5   311     4   361     1   362 0.96 -
d1sbpa_c.94.1.1      -            309 d2esna2c.94.1.1.aln  -            321   1.6e-23   79.7   9.8   1   1   6.1e-25   1.8e-23   79.6   9.8     6   303     4   306     1   309 0.96 -
d1r9la_c.94.1.1      -            309 d2esna2c.94.1.1.aln  -            321   7.8e-21   71.0  11.6   1   1     3e-22   8.7e-21   70.8  11.6     7   313     2   308     1   309 0.98 -
d2czla1c.94.1.1      -            270 d2esna2c.94.1.1.aln  -            321   1.7e-20   69.8   0.0   1   1   6.8e-22     2e-20   69.6   0.0    22   300     7   264     2   270 0.97 -
d1al3a_c.94.1.1      -            237 d2esna2c.94.1.1.aln  -            321   3.7e-18   62.2   0.0   1   1   1.4e-19     4e-18   62.1   0.0    24   297     2   233     1   237 0.93 -
d1sw5a_c.94.1.1      -            270 d2esna2c.94.1.1.aln  -            321   1.1e-16   57.3   5.2   1   1   4.3e-18   1.3e-16   57.2   5.2    14   305     2   269     1   270 0.98 -
d2i6ea1c.94.1.1      -            272 d2esna2c.94.1.1.aln  -            321   1.6e-16   56.8   0.0   1   1   6.3e-18   1.8e-16   56.6   0.0     9   286     4   262     1   271 0.94 -
d1xt8a1c.94.1.1      -            248 d2esna2c.94.1.1.aln  -            321   1.1e-15   54.1   5.8   1   1   4.4e-17   1.3e-15   53.9   5.8    22   296    15   246     5   248 0.92 -
d1us5a_c.94.1.1      -            298 d2esna2c.94.1.1.aln  -            321   1.5e-14   50.4   1.3   1   1   5.5e-16   1.6e-14   50.3   1.3     6   303     3   295     1   298 0.97 -
d2nxoa1c.94.1.1      -            277 d2esna2c.94.1.1.aln  -            321   3.1e-14   49.4   0.0   1   1   1.3e-15   3.8e-14   49.1   0.0    15   297     5   270     2   276 0.94 -
d1twya_c.94.1.1      -            249 d2esna2c.94.1.1.aln  -            321   1.4e-12   43.9   0.1   1   1   5.9e-14   1.7e-12   43.7   0.1    61   293    27   241     2   246 0.93 -
d2ozza1c.94.1.1      -            228 d2esna2c.94.1.1.aln  -            321   8.7e-12   41.4   0.0   1   1   3.4e-13     1e-11   41.2   0.0    59   288    17   226     3   228 0.92 -
d1i6aa_c.94.1.1      -            212 d2esna2c.94.1.1.aln  -            321   1.4e-10   37.4   0.0   1   1   5.5e-12   1.6e-10   37.2   0.0    50   273    10   208     4   212 0.95 -
d1ve4a1c.94.1.1      -            206 d2esna2c.94.1.1.aln  -            321   8.7e-10   34.8   0.0   1   1   4.1e-11   1.2e-09   34.4   0.0    17   270     3   202     1   204 0.91 -
d1ii5a_c.94.1.1      -            226 d2esna2c.94.1.1.aln  -            321     1e-09   34.6   0.1   1   1     4e-11   1.2e-09   34.4   0.1    72   281    26   225     3   226 0.85 -
#
# Program:         hmmsearch
# Version:         3.3.2 (Nov 2020)
# Pipeline mode:   SEARCH
# Query file:      /home/elise/Documents/M1-BIM/S2/TMEs/SBAS/tme08/models/d2esna2c.94.1.1.aln.hmm
# Target file:     /home/elise/Documents/M1-BIM/S2/TMEs/SBAS/tme08/scop/scop/scopTestSeq.fasta
# Option settings: hmmsearch --domtblout /home/elise/Documents/M1-BIM/S2/TMEs/SBAS/tme08/searchResults/d2esna2c.94.1.1.aln.out -E 1 /home/elise/Documents/M1-BIM/S2/TMEs/SBAS/tme08/models/d2esna2c.94.1.1.aln.hmm /home/elise/Documents/M1-BIM/S2/TMEs/SBAS/tme08/scop/scop/scopTestSeq.fasta 
# Current dir:     /home/elise/Documents/M1-BIM/S2/TMEs/SBAS/tme08
# Date:            Tue Apr  1 17:30:55 2025
# [ok]
