#                                                                            --- full sequence --- -------------- this domain -------------   hmm coord   ali coord   env coord
# target name        accession   tlen query name           accession   qlen   E-value  score  bias   #  of  c-Evalue  i-Evalue  score  bias  from    to  from    to  from    to  acc description of target
#------------------- ---------- ----- -------------------- ---------- ----- --------- ------ ----- --- --- --------- --------- ------ ----- ----- ----- ----- ----- ----- ----- ---- ---------------------
d3f5oa_d.38.1.5      -            138 d2f41a1d.38.1.5.aln  -            137   1.5e-48  159.5   1.0   1   1   3.7e-50   1.6e-48  159.4   1.0     2   136     4   137     3   138 0.98 -
d1vh5a_d.38.1.5      -            138 d2f41a1d.38.1.5.aln  -            137   3.1e-48  158.5   0.0   1   1   7.7e-50   3.4e-48  158.4   0.0     1   136     3   137     3   138 0.98 -
d1q4ta_d.38.1.5      -            142 d2f41a1d.38.1.5.aln  -            137   3.2e-44  145.5   0.7   1   1     8e-46   3.5e-44  145.4   0.7     4   136     6   138     3   139 0.97 -
d1yoca1d.38.1.5      -            145 d2f41a1d.38.1.5.aln  -            137   3.7e-39  129.1   0.0   1   1   9.5e-41   4.2e-39  128.9   0.0     2   135     9   144     8   145 0.98 -
d1t82a_d.38.1.5      -            143 d2f41a1d.38.1.5.aln  -            137   4.1e-39  128.9   0.0   1   1     1e-40   4.5e-39  128.8   0.0     2   136     1   142     1   143 0.98 -
d2hboa1d.38.1.5      -            142 d2f41a1d.38.1.5.aln  -            137   1.3e-38  127.3   0.0   1   1   3.3e-40   1.4e-38  127.2   0.0     5   134     2   136     1   139 0.97 -
d1wlua_d.38.1.5      -            117 d2f41a1d.38.1.5.aln  -            137   3.8e-37  122.6   0.3   1   1   9.5e-39   4.2e-37  122.4   0.3    15   135     1   116     1   117 0.97 -
d1sh8a_d.38.1.5      -            153 d2f41a1d.38.1.5.aln  -            137   9.1e-37  121.3   0.0   1   1   2.3e-38     1e-36  121.2   0.0     1   136     1   146     1   147 0.97 -
d2ov9a1d.38.1.5      -            203 d2f41a1d.38.1.5.aln  -            137     5e-35  115.7   0.0   1   1   1.4e-36   6.3e-35  115.4   0.0     2   134    73   202    72   203 0.99 -
d1ixla_d.38.1.5      -            130 d2f41a1d.38.1.5.aln  -            137   2.8e-34  113.3   0.1   1   1   6.9e-36     3e-34  113.2   0.1     8   135     1   124     1   126 0.98 -
d2gvha1d.38.1.1      -            135 d2f41a1d.38.1.5.aln  -            137   9.3e-13   43.6   0.1   1   1   2.8e-14   1.2e-12   43.2   0.1    46   122    20    95    15   106 0.91 -
d1s5ua_d.38.1.1      -            129 d2f41a1d.38.1.5.aln  -            137   7.8e-07   24.4   0.2   1   1   2.1e-08   9.3e-07   24.1   0.2    74   133    49   108     7   111 0.85 -
d1vpma_d.38.1.1      -            155 d2f41a1d.38.1.5.aln  -            137   8.9e-07   24.2   0.2   1   1   2.8e-08   1.2e-06   23.8   0.2    46   116    22    91    14   117 0.87 -
d2f41a1d.38.1.5      -            111 d2f41a1d.38.1.5.aln  -            137   1.6e-06   23.4   0.1   1   1   3.8e-08   1.7e-06   23.3   0.1    75   118    51    94    10   110 0.79 -
d1njka_d.38.1.1      -            133 d2f41a1d.38.1.5.aln  -            137   7.3e-05   18.0   0.0   1   1   2.3e-06    0.0001   17.5   0.0    74   127    47   101    41   109 0.80 -
d3bjka_d.38.1.1      -            140 d2f41a1d.38.1.5.aln  -            137    0.0018   13.5   0.1   1   1   5.7e-05    0.0025   13.0   0.1    46   119    16    88     9    94 0.76 -
d2hlja1d.38.1.1      -            156 d2f41a1d.38.1.5.aln  -            137    0.0025   13.0   0.0   1   1   8.3e-05    0.0036   12.5   0.0    59   114    37    92    33   114 0.74 -
d2gf6a1d.38.1.1      -            134 d2f41a1d.38.1.5.aln  -            137    0.0038   12.5   0.0   1   1   0.00018    0.0081   11.4   0.0    80   112    58    90    51   106 0.77 -
#
# Program:         hmmsearch
# Version:         3.3.2 (Nov 2020)
# Pipeline mode:   SEARCH
# Query file:      /home/elise/Documents/M1-BIM/S2/TMEs/SBAS/tme08/models/d2f41a1d.38.1.5.aln.hmm
# Target file:     /home/elise/Documents/M1-BIM/S2/TMEs/SBAS/tme08/scop/scop/scopTestSeq.fasta
# Option settings: hmmsearch --domtblout /home/elise/Documents/M1-BIM/S2/TMEs/SBAS/tme08/searchResults/d2f41a1d.38.1.5.aln.out -E 1 /home/elise/Documents/M1-BIM/S2/TMEs/SBAS/tme08/models/d2f41a1d.38.1.5.aln.hmm /home/elise/Documents/M1-BIM/S2/TMEs/SBAS/tme08/scop/scop/scopTestSeq.fasta 
# Current dir:     /home/elise/Documents/M1-BIM/S2/TMEs/SBAS/tme08
# Date:            Tue Apr  1 17:30:55 2025
# [ok]
