#                                                                            --- full sequence --- -------------- this domain -------------   hmm coord   ali coord   env coord
# target name        accession   tlen query name           accession   qlen   E-value  score  bias   #  of  c-Evalue  i-Evalue  score  bias  from    to  from    to  from    to  acc description of target
#------------------- ---------- ----- -------------------- ---------- ----- --------- ------ ----- --- --- --------- --------- ------ ----- ----- ----- ----- ----- ----- ----- ---- ---------------------
d2iida1c.3.1.2       -            371 d2f5va1c.3.1.2.aln   -            353   1.1e-94  313.0   0.0   1   1   3.5e-96   1.2e-94  312.8   0.0     2   334    28   371    27   371 0.99 -
d1n4wa1c.3.1.2       -            368 d2f5va1c.3.1.2.aln   -            353   4.1e-94  311.1   0.4   1   1   1.4e-95   4.6e-94  310.9   0.4     2   352    16   367    15   368 0.99 -
d1kdga1c.3.1.2       -            361 d2f5va1c.3.1.2.aln   -            353   1.3e-88  293.0   0.0   1   1   4.3e-90   1.5e-88  292.8   0.0     3   352     1   359     1   360 0.99 -
d2dw4a2c.3.1.2       -            450 d2f5va1c.3.1.2.aln   -            353   3.3e-86  285.1   0.0   1   3   5.6e-11   1.9e-09   32.6   0.2     7    47     8    48     3    49 0.95 -
d2dw4a2c.3.1.2       -            450 d2f5va1c.3.1.2.aln   -            353   3.3e-86  285.1   0.0   2   3   1.4e-79   4.8e-78  258.2   0.0     9   353    39   410    37   410 0.99 -
d2dw4a2c.3.1.2       -            450 d2f5va1c.3.1.2.aln   -            353   3.3e-86  285.1   0.0   3   3       1.3        45   -1.5   0.0   297   328   413   444   411   447 0.90 -
d2gmha1c.3.1.2       -            381 d2f5va1c.3.1.2.aln   -            353   1.1e-83  276.7   0.0   1   1   3.7e-85   1.3e-83  276.6   0.0     3   353    31   379    29   379 0.99 -
d1b5qa1c.3.1.2       -            348 d2f5va1c.3.1.2.aln   -            353   7.7e-83  274.0   0.1   1   1   2.5e-84   8.6e-83  273.8   0.1     5   337     1   348     1   348 1.00 -
d1seza1c.3.1.2       -            374 d2f5va1c.3.1.2.aln   -            353   1.6e-78  259.8   0.0   1   1   5.4e-80   1.8e-78  259.6   0.0     5   352     2   365     1   366 0.99 -
d1pn0a1c.3.1.2       -            361 d2f5va1c.3.1.2.aln   -            353   6.7e-76  251.2   0.0   1   1   2.2e-77   7.4e-76  251.0   0.0     2   352     5   361     4   361 0.99 -
d1ju2a1c.3.1.2       -            352 d2f5va1c.3.1.2.aln   -            353   1.4e-74  246.8   0.4   1   1   4.6e-76   1.6e-74  246.7   0.4     2   351    25   348    24   350 0.99 -
d2ivda1c.3.1.2       -            348 d2f5va1c.3.1.2.aln   -            353   2.5e-69  229.6   1.8   1   1   8.1e-71   2.8e-69  229.4   1.8     5   352     1   345     1   346 0.99 -
d1pj5a2c.3.1.2       -            306 d2f5va1c.3.1.2.aln   -            353   5.2e-58  192.3   0.1   1   1   1.7e-59   5.8e-58  192.2   0.1     5   351     2   305     1   306 0.99 -
d1k0ia1c.3.1.2       -            293 d2f5va1c.3.1.2.aln   -            353   1.1e-57  191.2   0.1   1   1   3.6e-59   1.2e-57  191.1   0.1     4   343     2   292     1   293 0.98 -
d2gf3a1c.3.1.2       -            282 d2f5va1c.3.1.2.aln   -            353   4.6e-53  176.1   0.0   1   1   1.5e-54   5.2e-53  175.9   0.0     2   342     1   282     1   282 0.99 -
d1ryia1c.3.1.2       -            277 d2f5va1c.3.1.2.aln   -            353   7.6e-53  175.4   0.1   1   1   3.7e-54   1.3e-52  174.6   0.1     1   352     1   276     1   277 0.99 -
d2voua1c.3.1.2       -            266 d2f5va1c.3.1.2.aln   -            353   4.8e-52  172.7   0.6   1   1     2e-53   6.7e-52  172.2   0.6     2   342     2   265     1   266 0.99 -
d3c96a1c.3.1.2       -            289 d2f5va1c.3.1.2.aln   -            353   2.7e-51  170.3   1.6   1   1   8.7e-53     3e-51  170.1   1.6     4   339     1   288     1   289 0.99 -
d1w4xa1c.3.1.5       -            299 d2f5va1c.3.1.2.aln   -            353   9.1e-06   20.5   0.1   1   1   4.7e-07   1.6e-05   19.7   0.1     5    45     8    48     5    54 0.91 -
d1v59a2c.3.1.5       -            122 d2f5va1c.3.1.2.aln   -            353   2.7e-05   18.9   0.2   1   1   1.1e-06   3.9e-05   18.4   0.2     4    34    23    53    21    69 0.92 -
d2f5va1c.3.1.2       -            380 d2f5va1c.3.1.2.aln   -            353   0.00014   16.6   0.1   1   2   8.3e-06   0.00028   15.6   0.1     4    39     4    39     3    64 0.90 -
d2f5va1c.3.1.2       -            380 d2f5va1c.3.1.2.aln   -            353   0.00014   16.6   0.1   2   2       5.4   1.8e+02   -3.5   0.0   305   340   328   363   327   364 0.86 -
d1nhpa2c.3.1.5       -            123 d2f5va1c.3.1.2.aln   -            353   0.00015   16.5   0.1   1   1   5.1e-06   0.00017   16.3   0.1     6    63    32    85    29   113 0.76 -
d2gv8a1c.3.1.5       -            336 d2f5va1c.3.1.2.aln   -            353   0.00018   16.2   0.0   1   2   1.1e-05   0.00036   15.2   0.0     7    42     7    44     5    70 0.82 -
d2gv8a1c.3.1.5       -            336 d2f5va1c.3.1.2.aln   -            353   0.00018   16.2   0.0   2   2       6.4   2.2e+02   -3.8   0.0    69    97   262   290   253   293 0.76 -
d1v59a1c.3.1.5       -            234 d2f5va1c.3.1.2.aln   -            353   0.00028   15.6   0.8   1   1   1.4e-05   0.00047   14.9   0.8     6    41     7    42     6    48 0.95 -
d1xhca2c.3.1.5       -            122 d2f5va1c.3.1.2.aln   -            353   0.00063   14.4   0.4   1   1   2.7e-05   0.00094   13.9   0.4     7    37    35    65    34    67 0.92 -
#
# Program:         hmmsearch
# Version:         3.3.2 (Nov 2020)
# Pipeline mode:   SEARCH
# Query file:      /home/elise/Documents/M1-BIM/S2/TMEs/SBAS/tme08/models/d2f5va1c.3.1.2.aln.hmm
# Target file:     /home/elise/Documents/M1-BIM/S2/TMEs/SBAS/tme08/scop/scop/scopTestSeq.fasta
# Option settings: hmmsearch --domtblout /home/elise/Documents/M1-BIM/S2/TMEs/SBAS/tme08/searchResults/d2f5va1c.3.1.2.aln.out -E 1 /home/elise/Documents/M1-BIM/S2/TMEs/SBAS/tme08/models/d2f5va1c.3.1.2.aln.hmm /home/elise/Documents/M1-BIM/S2/TMEs/SBAS/tme08/scop/scop/scopTestSeq.fasta 
# Current dir:     /home/elise/Documents/M1-BIM/S2/TMEs/SBAS/tme08
# Date:            Tue Apr  1 17:30:55 2025
# [ok]
