#                                                                            --- full sequence --- -------------- this domain -------------   hmm coord   ali coord   env coord
# target name        accession   tlen query name           accession   qlen   E-value  score  bias   #  of  c-Evalue  i-Evalue  score  bias  from    to  from    to  from    to  acc description of target
#------------------- ---------- ----- -------------------- ---------- ----- --------- ------ ----- --- --- --------- --------- ------ ----- ----- ----- ----- ----- ----- ----- ---- ---------------------
d1q8ia1c.55.3.5      -            388 d2f96a1c.55.3.5.aln  -            367  6.1e-122  403.0   0.0   1   1  1.2e-123  6.9e-122  402.8   0.0     2   367     1   382     1   382 1.00 -
d3hl8a_c.55.3.5      -            470 d2f96a1c.55.3.5.aln  -            367  3.8e-115  380.6   0.1   1   1  7.7e-117  4.4e-115  380.4   0.1     1   367    18   444    18   444 1.00 -
d1s5ja1c.55.3.5      -            410 d2f96a1c.55.3.5.aln  -            367  3.2e-104  344.7   5.6   1   1  6.5e-106  3.7e-104  344.5   5.6     1   350     7   410     7   410 1.00 -
d2hbja2c.55.3.5      -            292 d2f96a1c.55.3.5.aln  -            367   4.4e-70  232.4   1.8   1   1   8.7e-72   4.9e-70  232.2   1.8    49   349     1   292     1   292 0.99 -
d3mxma_c.55.3.5      -            229 d2f96a1c.55.3.5.aln  -            367   2.3e-44  147.7   0.0   1   1   4.5e-46   2.5e-44  147.6   0.0   116   344     2   228     1   229 0.99 -
d1x9ma1c.55.3.5      -            204 d2f96a1c.55.3.5.aln  -            367     1e-29   99.6   0.1   1   1     2e-31   1.1e-29   99.4   0.1   125   344     3   204     1   204 0.99 -
d1w0ha_c.55.3.5      -            200 d2f96a1c.55.3.5.aln  -            367   1.6e-28   95.6   0.0   1   1   3.3e-30   1.9e-28   95.4   0.0   125   334     4   199     3   200 0.99 -
d1yt3a3c.55.3.5      -            193 d2f96a1c.55.3.5.aln  -            367   4.6e-28   94.1   0.0   1   1     9e-30     5e-28   94.0   0.0   127   331     1   192     1   193 0.99 -
d2igia_c.55.3.5      -            180 d2f96a1c.55.3.5.aln  -            367   1.3e-27   92.6   0.2   1   1   2.6e-29   1.4e-27   92.5   0.2   119   328     3   179     1   180 0.97 -
d2py5a1c.55.3.5      -            183 d2f96a1c.55.3.5.aln  -            367   2.2e-26   88.6   0.1   1   1   4.3e-28   2.4e-26   88.4   0.1   133   333     3   182     1   183 0.97 -
d1kfsa1c.55.3.5      -            195 d2f96a1c.55.3.5.aln  -            367   4.8e-26   87.5   0.4   1   1   9.3e-28   5.2e-26   87.3   0.4   132   330     2   194     1   195 0.98 -
d1vk0a_c.55.3.5      -            206 d2f96a1c.55.3.5.aln  -            367   7.2e-23   77.0   0.0   1   1   1.4e-24   7.9e-23   76.9   0.0   127   331     3   205     1   206 0.98 -
d2guia_c.55.3.5      -            176 d2f96a1c.55.3.5.aln  -            367   3.1e-20   68.3   0.0   1   1     6e-22   3.4e-20   68.2   0.0   134   325     2   174     1   176 0.97 -
d1wlja_c.55.3.5      -            173 d2f96a1c.55.3.5.aln  -            367   4.1e-17   58.1   0.0   1   1   8.5e-19   4.8e-17   57.9   0.0   124   322     3   160     1   170 0.91 -
#
# Program:         hmmsearch
# Version:         3.3.2 (Nov 2020)
# Pipeline mode:   SEARCH
# Query file:      /home/elise/Documents/M1-BIM/S2/TMEs/SBAS/tme08/models/d2f96a1c.55.3.5.aln.hmm
# Target file:     /home/elise/Documents/M1-BIM/S2/TMEs/SBAS/tme08/scop/scop/scopTestSeq.fasta
# Option settings: hmmsearch --domtblout /home/elise/Documents/M1-BIM/S2/TMEs/SBAS/tme08/searchResults/d2f96a1c.55.3.5.aln.out -E 1 /home/elise/Documents/M1-BIM/S2/TMEs/SBAS/tme08/models/d2f96a1c.55.3.5.aln.hmm /home/elise/Documents/M1-BIM/S2/TMEs/SBAS/tme08/scop/scop/scopTestSeq.fasta 
# Current dir:     /home/elise/Documents/M1-BIM/S2/TMEs/SBAS/tme08
# Date:            Tue Apr  1 17:30:55 2025
# [ok]
