#                                                                            --- full sequence --- -------------- this domain -------------   hmm coord   ali coord   env coord
# target name        accession   tlen query name           accession   qlen   E-value  score  bias   #  of  c-Evalue  i-Evalue  score  bias  from    to  from    to  from    to  acc description of target
#------------------- ---------- ----- -------------------- ---------- ----- --------- ------ ----- --- --- --------- --------- ------ ----- ----- ----- ----- ----- ----- ----- ---- ---------------------
d2b5ga_d.108.1.1     -            168 d2fcka1d.108.1.1.aln -            176   4.4e-36  119.7   0.4   1   1   2.6e-37   4.8e-36  119.6   0.4     6   171     3   167     1   168 0.99 -
d2pq8a_d.108.1.1     -            271 d2fcka1d.108.1.1.aln -            176   4.9e-33  109.8   0.3   1   1   3.4e-34   6.2e-33  109.5   0.3     8   176     3   178     1   178 0.98 -
d2ae6a1d.108.1.1     -            161 d2fcka1d.108.1.1.aln -            176   2.2e-31  104.4   0.1   1   1   1.5e-32   2.8e-31  104.1   0.1    20   172     7   159     3   160 0.98 -
d1z4ra1d.108.1.1     -            162 d2fcka1d.108.1.1.aln -            176   2.9e-31  104.1   0.1   1   1   1.7e-32   3.2e-31  103.9   0.1     2   166     3   161     2   162 0.96 -
d1tiqa_d.108.1.1     -            173 d2fcka1d.108.1.1.aln -            176   1.3e-29   98.7   0.0   1   1   7.5e-31   1.4e-29   98.6   0.0     6   172     2   170     1   173 0.96 -
d1z4ea1d.108.1.1     -            150 d2fcka1d.108.1.1.aln -            176   1.2e-28   95.6   0.1   1   1   7.9e-30   1.4e-28   95.3   0.1     5   153     1   144     1   149 0.94 -
d1ufha_d.108.1.1     -            155 d2fcka1d.108.1.1.aln -            176     1e-27   92.5   0.2   1   1   6.3e-29   1.2e-27   92.3   0.2     6   155     2   151     1   154 0.89 -
d2cy2a1d.108.1.1     -            174 d2fcka1d.108.1.1.aln -            176     7e-27   89.8   1.3   1   1   4.2e-28   7.7e-27   89.7   1.3     6   170     1   167     1   173 0.97 -
d1i12a_d.108.1.1     -            157 d2fcka1d.108.1.1.aln -            176   8.2e-27   89.6   0.0   1   1   4.8e-28   8.8e-27   89.5   0.0     6   157     5   155     1   157 0.97 -
d1cjwa_d.108.1.1     -            166 d2fcka1d.108.1.1.aln -            176     9e-27   89.5   0.0   1   1   5.9e-28   1.1e-26   89.2   0.0     8   168     8   164     3   166 0.98 -
d1ghea_d.108.1.1     -            170 d2fcka1d.108.1.1.aln -            176   1.3e-26   89.0   0.0   1   1   7.5e-28   1.4e-26   88.9   0.0     7   174     2   169     1   170 0.98 -
d2fiaa1d.108.1.1     -            157 d2fcka1d.108.1.1.aln -            176   1.1e-25   85.9   0.7   1   1   6.6e-27   1.2e-25   85.8   0.7     6   170     1   154     1   157 0.97 -
d1nsla_d.108.1.1     -            180 d2fcka1d.108.1.1.aln -            176   1.2e-25   85.8   0.2   1   1     7e-27   1.3e-25   85.7   0.2     3   174     8   177     2   179 0.94 -
d1vkca_d.108.1.1     -            149 d2fcka1d.108.1.1.aln -            176     2e-25   85.1   3.1   1   1   1.2e-26   2.1e-25   85.0   3.1    12   156     3   146     1   149 0.97 -
d1mk4a_d.108.1.1     -            157 d2fcka1d.108.1.1.aln -            176   2.4e-25   84.8   0.0   1   1   1.4e-26   2.7e-25   84.7   0.0     5   172     1   149     1   152 0.94 -
d1qsma_d.108.1.1     -            150 d2fcka1d.108.1.1.aln -            176   5.5e-25   83.6   0.0   1   1   3.5e-26   6.5e-25   83.4   0.0     5   154     2   144     1   149 0.96 -
d1u6ma_d.108.1.1     -            189 d2fcka1d.108.1.1.aln -            176   1.2e-24   82.5   0.1   1   1   8.4e-26   1.5e-24   82.2   0.1    24   168    44   188    28   189 0.89 -
d2gana1d.108.1.1     -            182 d2fcka1d.108.1.1.aln -            176   1.4e-24   82.3   0.2   1   1   8.4e-26   1.6e-24   82.2   0.2     3   164     5   178     3   182 0.97 -
d2euia1d.108.1.1     -            153 d2fcka1d.108.1.1.aln -            176   2.1e-24   81.8   0.1   1   1   1.3e-25   2.4e-24   81.6   0.1     9   161     1   148     1   152 0.97 -
d1y9wa1d.108.1.1     -            140 d2fcka1d.108.1.1.aln -            176   3.6e-24   81.0   1.5   1   1     2e-25   3.7e-24   80.9   1.5    24   169     7   139     1   140 0.87 -
d1wwza1d.108.1.1     -            157 d2fcka1d.108.1.1.aln -            176   3.8e-24   80.9   2.1   1   1   2.4e-25   4.4e-24   80.7   2.1     9   162     2   155     1   156 0.95 -
d1yx0a1d.108.1.1     -            151 d2fcka1d.108.1.1.aln -            176   6.7e-24   80.1   0.0   1   1   3.9e-25   7.2e-24   80.0   0.0    26   169     5   150     1   151 0.96 -
d2fl4a1d.108.1.1     -            146 d2fcka1d.108.1.1.aln -            176   1.5e-22   75.7   0.3   1   1   8.8e-24   1.6e-22   75.6   0.3    10   164     6   143     1   146 0.94 -
d1bo4a_d.108.1.1     -            137 d2fcka1d.108.1.1.aln -            176   9.5e-21   69.9   0.0   1   1   5.7e-22     1e-20   69.7   0.0     6   147     3   137     1   137 0.98 -
d2jdca1d.108.1.1     -            145 d2fcka1d.108.1.1.aln -            176   1.8e-20   69.0   0.2   1   1   1.1e-21     2e-20   68.8   0.2    27   169    10   143     2   145 0.90 -
d2atra1d.108.1.1     -            137 d2fcka1d.108.1.1.aln -            176   3.5e-20   68.0   0.0   1   1   2.1e-21   3.9e-20   67.9   0.0     5   163     1   135     1   137 0.96 -
d1q2ya_d.108.1.1     -            140 d2fcka1d.108.1.1.aln -            176   6.1e-20   67.2   0.2   1   1   3.7e-21   6.7e-20   67.1   0.2     9   168     1   139     1   140 0.97 -
d1xeba_d.108.1.1     -            149 d2fcka1d.108.1.1.aln -            176   5.5e-19   64.1   0.6   1   1   3.2e-20   5.9e-19   64.1   0.6     5   165     3   146     1   149 0.95 -
d1n71a_d.108.1.1     -            180 d2fcka1d.108.1.1.aln -            176   2.9e-18   61.8   0.0   1   1   1.7e-19   3.2e-18   61.7   0.0     2   175     3   179     2   180 0.97 -
d1m4ia_d.108.1.1     -            181 d2fcka1d.108.1.1.aln -            176   3.9e-18   61.4   0.2   1   1   2.8e-19   5.1e-18   61.0   0.2     1   151     1   134     1   181 0.92 -
d1yk3a1d.108.1.1     -            198 d2fcka1d.108.1.1.aln -            176   4.6e-18   61.1   0.0   1   1   2.8e-19   5.1e-18   61.0   0.0     2   167    13   195    12   198 0.97 -
d2fiwa1d.108.1.1     -            156 d2fcka1d.108.1.1.aln -            176   1.5e-17   59.5   0.0   1   1   8.4e-19   1.5e-17   59.4   0.0    14   155     4   139     1   156 0.92 -
d1y7ra1d.108.1.1     -            133 d2fcka1d.108.1.1.aln -            176   2.2e-17   59.0   0.0   1   1   1.4e-18   2.6e-17   58.7   0.0    19   160    10   131     2   132 0.95 -
d2g3aa1d.108.1.1     -            137 d2fcka1d.108.1.1.aln -            176     7e-17   57.3   0.0   1   1   3.8e-18   7.1e-17   57.3   0.0    23   166     5   133     1   137 0.82 -
d2aj6a1d.108.1.1     -            118 d2fcka1d.108.1.1.aln -            176   1.9e-16   55.9   0.0   1   1   1.1e-17     2e-16   55.8   0.0    10   129     2   116     1   118 0.96 -
d2p0wa_d.108.1.1     -            319 d2fcka1d.108.1.1.aln -            176   2.4e-16   55.6   1.5   1   2   3.1e-17   5.6e-16   54.4   0.4     2   176    16   210    15   210 0.99 -
d2p0wa_d.108.1.1     -            319 d2fcka1d.108.1.1.aln -            176   2.4e-16   55.6   1.5   2   2       1.9        35   -0.2   0.0   100   115   222   237   219   245 0.82 -
d1y9ka1d.108.1.1     -            152 d2fcka1d.108.1.1.aln -            176   4.1e-16   54.8   0.2   1   1   3.1e-16   5.8e-15   51.1   0.2    25   169     7   149     3   151 0.82 -
d2fsra1d.108.1.1     -            164 d2fcka1d.108.1.1.aln -            176   2.6e-15   52.2   0.0   1   1   1.5e-16   2.8e-15   52.1   0.0     7   167     3   163     1   164 0.96 -
d1p0ha_d.108.1.1     -            308 d2fcka1d.108.1.1.aln -            176   1.4e-14   49.9   0.0   1   3   1.1e-10     2e-09   33.1   0.0     2   174    16   206    15   208 0.98 -
d1p0ha_d.108.1.1     -            308 d2fcka1d.108.1.1.aln -            176   1.4e-14   49.9   0.0   2   3      0.01      0.19    7.1   0.0    77   112   216   251   206   253 0.84 -
d1p0ha_d.108.1.1     -            308 d2fcka1d.108.1.1.aln -            176   1.4e-14   49.9   0.0   3   3     0.017      0.31    6.4   0.0   128   149   277   298   270   303 0.89 -
d1r57a_d.108.1.1     -            102 d2fcka1d.108.1.1.aln -            176   2.9e-13   45.6   0.1   1   1   1.6e-14     3e-13   45.5   0.1    89   155    33   100     4   102 0.87 -
d1boba_d.108.1.1     -            315 d2fcka1d.108.1.1.aln -            176   1.8e-11   39.7   0.1   1   1   1.6e-12     3e-11   39.0   0.1     2   176     8   202     7   202 0.98 -
d1xmta_d.108.1.1     -             95 d2fcka1d.108.1.1.aln -            176   6.5e-09   31.4   0.0   1   1   3.8e-10     7e-09   31.3   0.0    80   133    21    74     7    92 0.90 -
d2d4pa1d.108.1.1     -            130 d2fcka1d.108.1.1.aln -            176   1.4e-05   20.6   0.0   1   1   8.4e-07   1.5e-05   20.4   0.0    40   154    32   121     1   130 0.81 -
#
# Program:         hmmsearch
# Version:         3.3.2 (Nov 2020)
# Pipeline mode:   SEARCH
# Query file:      /home/elise/Documents/M1-BIM/S2/TMEs/SBAS/tme08/models/d2fcka1d.108.1.1.aln.hmm
# Target file:     /home/elise/Documents/M1-BIM/S2/TMEs/SBAS/tme08/scop/scop/scopTestSeq.fasta
# Option settings: hmmsearch --domtblout /home/elise/Documents/M1-BIM/S2/TMEs/SBAS/tme08/searchResults/d2fcka1d.108.1.1.aln.out -E 1 /home/elise/Documents/M1-BIM/S2/TMEs/SBAS/tme08/models/d2fcka1d.108.1.1.aln.hmm /home/elise/Documents/M1-BIM/S2/TMEs/SBAS/tme08/scop/scop/scopTestSeq.fasta 
# Current dir:     /home/elise/Documents/M1-BIM/S2/TMEs/SBAS/tme08
# Date:            Tue Apr  1 17:30:56 2025
# [ok]
