#                                                                            --- full sequence --- -------------- this domain -------------   hmm coord   ali coord   env coord
# target name        accession   tlen query name           accession   qlen   E-value  score  bias   #  of  c-Evalue  i-Evalue  score  bias  from    to  from    to  from    to  acc description of target
#------------------- ---------- ----- -------------------- ---------- ----- --------- ------ ----- --- --- --------- --------- ------ ----- ----- ----- ----- ----- ----- ----- ---- ---------------------
d2d6ya2a.121.1.1     -            118 d2fd5a2a.121.1.1.aln -            122   4.8e-19   64.7   0.6   1   1   1.9e-20   5.3e-19   64.5   0.6     5   120     2   118     1   118 0.98 -
d2id6a2a.121.1.1     -            125 d2fd5a2a.121.1.1.aln -            122   1.1e-18   63.6   0.0   1   1   4.2e-20   1.2e-18   63.5   0.0     2   122     2   124     1   124 0.98 -
d1z0xa2a.121.1.1     -            149 d2fd5a2a.121.1.1.aln -            122   1.4e-18   63.2   0.0   1   1     6e-20   1.6e-18   63.0   0.0     2   121     2   140     1   141 0.99 -
d2id3a2a.121.1.1     -            123 d2fd5a2a.121.1.1.aln -            122   2.7e-18   62.2   6.2   1   1   1.1e-19     3e-18   62.1   6.2     2   121     2   119     1   120 0.97 -
d1t33a2a.121.1.1     -            132 d2fd5a2a.121.1.1.aln -            122   4.9e-18   61.4   0.2   1   1     2e-19   5.4e-18   61.3   0.2     2   122     6   131     5   131 0.98 -
d2fx0a2a.121.1.1     -            122 d2fd5a2a.121.1.1.aln -            122     5e-18   61.4   0.0   1   1     2e-19   5.5e-18   61.3   0.0     2   119     2   121     1   122 0.98 -
d2fbqa2a.121.1.1     -            134 d2fd5a2a.121.1.1.aln -            122   6.7e-18   61.0   0.1   1   1   2.7e-19   7.4e-18   60.9   0.1     2   122     5   128     4   128 0.99 -
d2hyja2a.121.1.1     -            118 d2fd5a2a.121.1.1.aln -            122   2.1e-17   59.4   3.8   1   1   8.9e-19   2.4e-17   59.2   3.8     2   118     2   115     1   117 0.89 -
d3c07a2a.121.1.1     -            146 d2fd5a2a.121.1.1.aln -            122   4.8e-17   58.3   1.6   1   1   2.1e-18   5.6e-17   58.0   1.6     1   121     1   132     1   133 0.99 -
d2g7la2a.121.1.1     -            144 d2fd5a2a.121.1.1.aln -            122   9.4e-17   57.3   6.3   1   1   4.7e-18   1.3e-16   56.9   6.3     1   122     1   136     1   136 0.99 -
d2g7ga2a.121.1.1     -            132 d2fd5a2a.121.1.1.aln -            122   1.4e-16   56.8   7.0   1   1   5.8e-18   1.6e-16   56.6   7.0     2   122     2   125     1   125 0.96 -
d2g3ba2a.121.1.1     -            116 d2fd5a2a.121.1.1.aln -            122   3.1e-16   55.6   1.3   1   1   1.2e-17   3.4e-16   55.5   1.3     5   118     3   115     1   116 0.98 -
d1t56a2a.121.1.1     -            120 d2fd5a2a.121.1.1.aln -            122   3.2e-16   55.6   1.8   1   1   1.3e-17   3.5e-16   55.5   1.8     1   118     3   118     3   120 0.98 -
d2g7sa2a.121.1.1     -            116 d2fd5a2a.121.1.1.aln -            122   5.4e-16   54.9   1.3   1   1   2.2e-17     6e-16   54.7   1.3     1   119     1   116     1   116 0.98 -
d2i10a2a.121.1.1     -            116 d2fd5a2a.121.1.1.aln -            122   1.5e-15   53.5   1.5   1   1   5.9e-17   1.6e-15   53.4   1.5     3   115     3   114     1   116 0.97 -
d2oi8a2a.121.1.1     -            130 d2fd5a2a.121.1.1.aln -            122   4.5e-15   51.9   1.7   1   1   1.8e-16     5e-15   51.8   1.7     2   120     2   121     1   123 0.97 -
d1ui5a2a.121.1.1     -            133 d2fd5a2a.121.1.1.aln -            122   5.7e-15   51.6   0.6   1   1   2.3e-16   6.3e-15   51.5   0.6     2   120     3   127     2   129 0.98 -
d1rkta2a.121.1.1     -            123 d2fd5a2a.121.1.1.aln -            122   9.6e-15   50.9   0.1   1   1   3.8e-16     1e-14   50.8   0.1     3   120     3   120     1   122 0.97 -
d2gena2a.121.1.1     -            118 d2fd5a2a.121.1.1.aln -            122   1.6e-14   50.2   5.2   1   1   6.5e-16   1.8e-14   50.0   5.2     2   119     2   117     1   118 0.98 -
d2gfna2a.121.1.1     -            119 d2fd5a2a.121.1.1.aln -            122   2.8e-14   49.4   5.0   1   1   1.1e-15   3.1e-14   49.3   5.0     2   120     3   119     2   119 0.96 -
d2iu5a2a.121.1.1     -            109 d2fd5a2a.121.1.1.aln -            122   6.5e-14   48.2   0.0   1   1   2.6e-15   7.1e-14   48.1   0.0     8   118     2   108     1   109 0.98 -
d2hkua2a.121.1.1     -            121 d2fd5a2a.121.1.1.aln -            122   1.1e-13   47.4   0.1   1   1   4.4e-15   1.2e-13   47.4   0.1     9   118     6   116     1   120 0.95 -
d2fq4a2a.121.1.1     -            115 d2fd5a2a.121.1.1.aln -            122   2.8e-13   46.2   0.0   1   1   1.1e-14   3.1e-13   46.1   0.0     5   118     2   113     1   115 0.97 -
d1vi0a2a.121.1.1     -            117 d2fd5a2a.121.1.1.aln -            122   1.1e-12   44.3   0.0   1   1   4.4e-14   1.2e-12   44.1   0.0     2   119     2   116     1   117 0.97 -
d2np3a2a.121.1.1     -            112 d2fd5a2a.121.1.1.aln -            122   1.8e-12   43.6   4.3   1   1   7.7e-14   2.1e-12   43.4   4.3     3   120     5   107     3   109 0.97 -
d2o7ta2a.121.1.1     -            110 d2fd5a2a.121.1.1.aln -            122   1.5e-11   40.6   0.0   1   1     6e-13   1.6e-11   40.5   0.0     1   111     1   110     1   110 0.97 -
d1sgma2a.121.1.1     -            111 d2fd5a2a.121.1.1.aln -            122   9.6e-11   38.1   0.0   1   1   3.8e-12     1e-10   38.0   0.0     7   119     4   111     1   111 0.95 -
d1zk8a2a.121.1.1     -            105 d2fd5a2a.121.1.1.aln -            122   2.9e-10   36.5   0.0   1   1   1.2e-11   3.3e-10   36.3   0.0     3   122     3   105     1   105 0.97 -
d2np5a2a.121.1.1     -            118 d2fd5a2a.121.1.1.aln -            122   3.5e-09   33.0   3.8   1   1   1.5e-10   4.1e-09   32.8   3.8     2   120     4   113     3   115 0.96 -
#
# Program:         hmmsearch
# Version:         3.3.2 (Nov 2020)
# Pipeline mode:   SEARCH
# Query file:      /home/elise/Documents/M1-BIM/S2/TMEs/SBAS/tme08/models/d2fd5a2a.121.1.1.aln.hmm
# Target file:     /home/elise/Documents/M1-BIM/S2/TMEs/SBAS/tme08/scop/scop/scopTestSeq.fasta
# Option settings: hmmsearch --domtblout /home/elise/Documents/M1-BIM/S2/TMEs/SBAS/tme08/searchResults/d2fd5a2a.121.1.1.aln.out -E 1 /home/elise/Documents/M1-BIM/S2/TMEs/SBAS/tme08/models/d2fd5a2a.121.1.1.aln.hmm /home/elise/Documents/M1-BIM/S2/TMEs/SBAS/tme08/scop/scop/scopTestSeq.fasta 
# Current dir:     /home/elise/Documents/M1-BIM/S2/TMEs/SBAS/tme08
# Date:            Tue Apr  1 17:30:56 2025
# [ok]
