#                                                                            --- full sequence --- -------------- this domain -------------   hmm coord   ali coord   env coord
# target name        accession   tlen query name           accession   qlen   E-value  score  bias   #  of  c-Evalue  i-Evalue  score  bias  from    to  from    to  from    to  acc description of target
#------------------- ---------- ----- -------------------- ---------- ----- --------- ------ ----- --- --- --------- --------- ------ ----- ----- ----- ----- ----- ----- ----- ---- ---------------------
d1rfea_b.45.1.1      -            160 d2fg9a1b.45.1.1.aln  -            160   2.6e-41  136.4   0.1   1   1     5e-43   2.8e-41  136.3   0.1     4   158     2   158     1   160 0.98 -
d2i02a1b.45.1.1      -            143 d2fg9a1b.45.1.1.aln  -            160   1.8e-36  120.7   0.0   1   1   3.4e-38   1.9e-36  120.6   0.0     9   156     2   143     1   143 0.98 -
d2htia1b.45.1.1      -            156 d2fg9a1b.45.1.1.aln  -            160   1.9e-36  120.6   0.0   1   1   3.7e-38   2.1e-36  120.4   0.0     2   156     1   155     1   156 0.99 -
d2hq7a1b.45.1.1      -            141 d2fg9a1b.45.1.1.aln  -            160   3.4e-36  119.7   0.0   1   1   6.7e-38   3.8e-36  119.6   0.0     9   156     2   141     1   141 0.98 -
d2fhqa1b.45.1.1      -            135 d2fg9a1b.45.1.1.aln  -            160   1.7e-34  114.2   0.0   1   1   3.4e-36   1.9e-34  114.1   0.0    10   151     2   132     1   135 0.96 -
d2vpaa_b.45.1.1      -            215 d2fg9a1b.45.1.1.aln  -            160   4.3e-34  112.9   0.1   1   1     1e-35   5.6e-34  112.5   0.1     1   160    26   207    26   207 0.99 -
d1xhna1b.45.1.1      -            170 d2fg9a1b.45.1.1.aln  -            160   4.7e-33  109.5   0.0   1   1   9.4e-35   5.3e-33  109.4   0.0     2   159    11   166    10   167 0.99 -
d1w9aa_b.45.1.1      -            142 d2fg9a1b.45.1.1.aln  -            160   7.1e-33  109.0   0.0   1   1   1.4e-34   7.7e-33  108.8   0.0    12   159     1   141     1   142 0.98 -
d2fura1b.45.1.1      -            193 d2fg9a1b.45.1.1.aln  -            160   1.1e-32  108.3   0.0   1   1   2.2e-34   1.2e-32  108.2   0.0     2   159     2   178     1   179 0.99 -
d2hq9a1b.45.1.1      -            148 d2fg9a1b.45.1.1.aln  -            160   3.5e-32  106.7   0.0   1   1   6.8e-34   3.9e-32  106.6   0.0     7   155     1   147     1   148 0.97 -
d2arza1b.45.1.1      -            238 d2fg9a1b.45.1.1.aln  -            160   6.1e-31  102.7   0.1   1   1   1.3e-32   7.5e-31  102.4   0.1    10   159     2   178     1   179 0.98 -
d1vl7a_b.45.1.1      -            135 d2fg9a1b.45.1.1.aln  -            160   4.6e-29   96.6   0.0   1   1   8.8e-31     5e-29   96.5   0.0    18   159     3   134     1   135 0.98 -
d2asfa1b.45.1.1      -            125 d2fg9a1b.45.1.1.aln  -            160   2.2e-23   78.1   0.0   1   1   4.6e-25   2.6e-23   77.9   0.0    14   147     2   121     1   124 0.97 -
d3a6ra_b.45.1.1      -            122 d2fg9a1b.45.1.1.aln  -            160   7.4e-18   60.2   0.0   1   1   2.6e-19   1.5e-17   59.2   0.0    11   150     1   119     1   121 0.96 -
#
# Program:         hmmsearch
# Version:         3.3.2 (Nov 2020)
# Pipeline mode:   SEARCH
# Query file:      /home/elise/Documents/M1-BIM/S2/TMEs/SBAS/tme08/models/d2fg9a1b.45.1.1.aln.hmm
# Target file:     /home/elise/Documents/M1-BIM/S2/TMEs/SBAS/tme08/scop/scop/scopTestSeq.fasta
# Option settings: hmmsearch --domtblout /home/elise/Documents/M1-BIM/S2/TMEs/SBAS/tme08/searchResults/d2fg9a1b.45.1.1.aln.out -E 1 /home/elise/Documents/M1-BIM/S2/TMEs/SBAS/tme08/models/d2fg9a1b.45.1.1.aln.hmm /home/elise/Documents/M1-BIM/S2/TMEs/SBAS/tme08/scop/scop/scopTestSeq.fasta 
# Current dir:     /home/elise/Documents/M1-BIM/S2/TMEs/SBAS/tme08
# Date:            Tue Apr  1 17:30:56 2025
# [ok]
