#                                                                            --- full sequence --- -------------- this domain -------------   hmm coord   ali coord   env coord
# target name        accession   tlen query name           accession   qlen   E-value  score  bias   #  of  c-Evalue  i-Evalue  score  bias  from    to  from    to  from    to  acc description of target
#------------------- ---------- ----- -------------------- ---------- ----- --------- ------ ----- --- --- --------- --------- ------ ----- ----- ----- ----- ----- ----- ----- ---- ---------------------
d1j0ha1b.1.18.2      -            123 d2fhfa1b.1.18.2.aln  -            106   3.9e-31  103.2   0.0   1   1     1e-32   4.4e-31  103.1   0.0     1   104     7   109     7   112 0.98 -
d1ji1a1b.1.18.2      -            122 d2fhfa1b.1.18.2.aln  -            106   1.4e-22   75.8   2.8   1   1   3.5e-24   1.5e-22   75.6   2.8     1   105    13   117    13   118 0.98 -
d1m7xa1b.1.18.2      -            110 d2fhfa1b.1.18.2.aln  -            106   3.4e-21   71.3   0.0   1   1   8.5e-23   3.7e-21   71.2   0.0     1   104     2   105     2   108 0.98 -
d3bmva1b.1.18.2      -             83 d2fhfa1b.1.18.2.aln  -            106   2.8e-19   65.1   1.9   1   1   6.8e-21     3e-19   65.1   1.9    14   100     2    81     1    83 0.97 -
d1ut9a2b.1.18.2      -             98 d2fhfa1b.1.18.2.aln  -            106   9.1e-19   63.5   0.2   1   1   2.2e-20   9.7e-19   63.4   0.2    10   103     3    97     1    98 0.97 -
d1edqa1b.1.18.2      -            109 d2fhfa1b.1.18.2.aln  -            106   3.6e-18   61.6   2.5   1   1   8.8e-20   3.9e-18   61.5   2.5     2   104     4   107     3   109 0.98 -
d2fhfa2b.1.18.2      -            125 d2fhfa1b.1.18.2.aln  -            106   4.5e-17   58.1   0.3   1   1   1.2e-18   5.1e-17   57.9   0.3     2   105    10   124     9   125 0.97 -
d1txka1b.1.18.2      -            115 d2fhfa1b.1.18.2.aln  -            106   4.6e-17   58.0   1.6   1   1   1.2e-18     5e-17   57.9   1.6     1   104     5   111     5   114 0.98 -
d1clca2b.1.18.2      -            100 d2fhfa1b.1.18.2.aln  -            106   5.4e-17   57.8   0.2   1   1   1.3e-18   5.7e-17   57.7   0.2    12   103     1    92     1    96 0.96 -
d1w8oa1b.1.18.2      -            103 d2fhfa1b.1.18.2.aln  -            106   8.5e-17   57.2   2.2   1   1   2.1e-18     9e-17   57.1   2.2     8   104     2    99     1   102 0.97 -
d2bhua1b.1.18.2      -             97 d2fhfa1b.1.18.2.aln  -            106   7.4e-16   54.1   0.1   1   1   1.8e-17   8.1e-16   54.0   0.1     7   100     1    96     1    97 0.98 -
d1k3ia1b.1.18.2      -            102 d2fhfa1b.1.18.2.aln  -            106   2.5e-15   52.4   1.1   1   1   6.2e-17   2.7e-15   52.3   1.1    12   103     3   102     1   102 0.97 -
d1bf2a1b.1.18.2      -            162 d2fhfa1b.1.18.2.aln  -            106   6.1e-15   51.2   5.1   1   2   1.4e-16   6.1e-15   51.2   5.1     1   105    19   134    19   135 0.97 -
d1bf2a1b.1.18.2      -            162 d2fhfa1b.1.18.2.aln  -            106   6.1e-15   51.2   5.1   2   2       1.8        79   -0.6   0.0    76    95   133   152   130   156 0.81 -
d1qbaa1b.1.18.2      -            105 d2fhfa1b.1.18.2.aln  -            106   8.5e-15   50.7   0.0   1   1   2.1e-16   9.1e-15   50.6   0.0     2   103     2   104     1   105 0.97 -
d1h3ga1b.1.18.2      -             93 d2fhfa1b.1.18.2.aln  -            106     2e-14   49.5   0.0   1   1   5.1e-16   2.2e-14   49.4   0.0     8   103     2    92     1    93 0.97 -
d2bvya1b.1.18.2      -             94 d2fhfa1b.1.18.2.aln  -            106   1.6e-12   43.4  10.9   1   1   3.9e-14   1.7e-12   43.3  10.9     8   101     2    94     1    94 0.96 -
d1f1sa2b.1.18.2      -             78 d2fhfa1b.1.18.2.aln  -            106   1.3e-11   40.5   0.3   1   1   3.2e-13   1.4e-11   40.4   0.3    16    95     2    78     1    78 0.96 -
d1ulva2b.1.18.2      -             89 d2fhfa1b.1.18.2.aln  -            106   1.2e-06   24.6   7.1   1   1   2.8e-08   1.2e-06   24.5   7.1    12   102     2    87     1    89 0.95 -
#
# Program:         hmmsearch
# Version:         3.3.2 (Nov 2020)
# Pipeline mode:   SEARCH
# Query file:      /home/elise/Documents/M1-BIM/S2/TMEs/SBAS/tme08/models/d2fhfa1b.1.18.2.aln.hmm
# Target file:     /home/elise/Documents/M1-BIM/S2/TMEs/SBAS/tme08/scop/scop/scopTestSeq.fasta
# Option settings: hmmsearch --domtblout /home/elise/Documents/M1-BIM/S2/TMEs/SBAS/tme08/searchResults/d2fhfa1b.1.18.2.aln.out -E 1 /home/elise/Documents/M1-BIM/S2/TMEs/SBAS/tme08/models/d2fhfa1b.1.18.2.aln.hmm /home/elise/Documents/M1-BIM/S2/TMEs/SBAS/tme08/scop/scop/scopTestSeq.fasta 
# Current dir:     /home/elise/Documents/M1-BIM/S2/TMEs/SBAS/tme08
# Date:            Tue Apr  1 17:30:56 2025
# [ok]
