#                                                                            --- full sequence --- -------------- this domain -------------   hmm coord   ali coord   env coord
# target name        accession   tlen query name           accession   qlen   E-value  score  bias   #  of  c-Evalue  i-Evalue  score  bias  from    to  from    to  from    to  acc description of target
#------------------- ---------- ----- -------------------- ---------- ----- --------- ------ ----- --- --- --------- --------- ------ ----- ----- ----- ----- ----- ----- ----- ---- ---------------------
d1rfea_b.45.1.1      -            160 d2fhqa1b.45.1.1.aln  -            158   2.3e-41  136.9   0.1   1   1   4.7e-43   2.5e-41  136.8   0.1     2   156     4   158     3   160 0.98 -
d2fg9a1b.45.1.1      -            157 d2fhqa1b.45.1.1.aln  -            158   9.5e-40  131.6   0.0   1   1     2e-41     1e-39  131.5   0.0     1   157     1   155     1   156 0.98 -
d2htia1b.45.1.1      -            156 d2fhqa1b.45.1.1.aln  -            158   1.4e-37  124.6   0.0   1   1   2.9e-39   1.5e-37  124.5   0.0     6   154     2   155     1   156 0.99 -
d1w9aa_b.45.1.1      -            142 d2fhqa1b.45.1.1.aln  -            158   8.8e-36  118.7   0.0   1   1   1.8e-37   9.7e-36  118.6   0.0     8   148     1   141     1   142 0.98 -
d2i02a1b.45.1.1      -            143 d2fhqa1b.45.1.1.aln  -            158     2e-35  117.6   0.0   1   1   4.2e-37   2.2e-35  117.4   0.0     3   153     1   142     1   143 0.98 -
d2hq9a1b.45.1.1      -            148 d2fhqa1b.45.1.1.aln  -            158   4.8e-34  113.1   0.0   1   1     1e-35   5.3e-34  113.0   0.0     3   147     2   147     1   148 0.97 -
d2vpaa_b.45.1.1      -            215 d2fhqa1b.45.1.1.aln  -            158   6.8e-34  112.6   0.1   1   1   1.5e-35   7.9e-34  112.4   0.1     2   158    31   207    30   207 0.99 -
d2hq7a1b.45.1.1      -            141 d2fhqa1b.45.1.1.aln  -            158   3.7e-33  110.2   0.0   1   1   7.8e-35   4.1e-33  110.1   0.0     5   156     2   139     1   141 0.97 -
d2arza1b.45.1.1      -            238 d2fhqa1b.45.1.1.aln  -            158   6.5e-32  106.2   0.1   1   1   1.4e-33   7.6e-32  106.0   0.1     6   157     2   178     1   179 0.98 -
d2fura1b.45.1.1      -            193 d2fhqa1b.45.1.1.aln  -            158   8.7e-32  105.8   0.0   1   1   1.9e-33   9.8e-32  105.6   0.0     5   157     2   178     1   179 0.99 -
d1xhna1b.45.1.1      -            170 d2fhqa1b.45.1.1.aln  -            158   1.6e-29   98.4   0.0   1   1   3.4e-31   1.8e-29   98.2   0.0     2   157     4   166     3   167 0.95 -
d1vl7a_b.45.1.1      -            135 d2fhqa1b.45.1.1.aln  -            158   4.4e-29   97.0   0.0   1   1   9.2e-31   4.8e-29   96.8   0.0    13   157     2   134     1   135 0.98 -
d2asfa1b.45.1.1      -            125 d2fhqa1b.45.1.1.aln  -            158   1.7e-25   85.3   0.0   1   1   3.5e-27   1.9e-25   85.2   0.0    10   146     2   122     1   125 0.97 -
d3a6ra_b.45.1.1      -            122 d2fhqa1b.45.1.1.aln  -            158   2.8e-14   48.9   0.0   1   1   6.5e-16   3.4e-14   48.6   0.0     7   155     1   120     1   121 0.96 -
d2fhqa1b.45.1.1      -            135 d2fhqa1b.45.1.1.aln  -            158     6e-05   18.6   0.0   1   1   1.3e-06   7.1e-05   18.3   0.0     9   116     5   111     2   133 0.83 -
#
# Program:         hmmsearch
# Version:         3.3.2 (Nov 2020)
# Pipeline mode:   SEARCH
# Query file:      /home/elise/Documents/M1-BIM/S2/TMEs/SBAS/tme08/models/d2fhqa1b.45.1.1.aln.hmm
# Target file:     /home/elise/Documents/M1-BIM/S2/TMEs/SBAS/tme08/scop/scop/scopTestSeq.fasta
# Option settings: hmmsearch --domtblout /home/elise/Documents/M1-BIM/S2/TMEs/SBAS/tme08/searchResults/d2fhqa1b.45.1.1.aln.out -E 1 /home/elise/Documents/M1-BIM/S2/TMEs/SBAS/tme08/models/d2fhqa1b.45.1.1.aln.hmm /home/elise/Documents/M1-BIM/S2/TMEs/SBAS/tme08/scop/scop/scopTestSeq.fasta 
# Current dir:     /home/elise/Documents/M1-BIM/S2/TMEs/SBAS/tme08
# Date:            Tue Apr  1 17:30:56 2025
# [ok]
