#                                                                            --- full sequence --- -------------- this domain -------------   hmm coord   ali coord   env coord
# target name        accession   tlen query name           accession   qlen   E-value  score  bias   #  of  c-Evalue  i-Evalue  score  bias  from    to  from    to  from    to  acc description of target
#------------------- ---------- ----- -------------------- ---------- ----- --------- ------ ----- --- --- --------- --------- ------ ----- ----- ----- ----- ----- ----- ----- ---- ---------------------
d2b5ga_d.108.1.1     -            168 d2fiaa1d.108.1.1.aln -            179   8.5e-33  109.0   0.3   1   1   5.2e-34   9.3e-33  108.9   0.3     5   173     2   167     1   168 0.98 -
d2pq8a_d.108.1.1     -            271 d2fiaa1d.108.1.1.aln -            179   2.8e-32  107.4   0.3   1   1   1.9e-33   3.4e-32  107.1   0.3     9   179     4   179     1   179 0.98 -
d1z4ea1d.108.1.1     -            150 d2fiaa1d.108.1.1.aln -            179   4.1e-32  106.8   0.1   1   1   2.7e-33   4.9e-32  106.6   0.1     5   154     1   143     1   147 0.98 -
d2ae6a1d.108.1.1     -            161 d2fiaa1d.108.1.1.aln -            179   3.1e-31  104.0   0.0   1   1     2e-32   3.5e-31  103.8   0.0    20   175     7   160     1   160 0.97 -
d1z4ra1d.108.1.1     -            162 d2fiaa1d.108.1.1.aln -            179   5.8e-31  103.1   0.1   1   1   3.6e-32   6.4e-31  102.9   0.1     1   168     2   161     2   162 0.98 -
d2cy2a1d.108.1.1     -            174 d2fiaa1d.108.1.1.aln -            179   1.7e-30  101.6   1.9   1   1     1e-31   1.8e-30  101.4   1.9     6   179     1   174     1   174 0.98 -
d1tiqa_d.108.1.1     -            173 d2fiaa1d.108.1.1.aln -            179   1.7e-30  101.6   0.0   1   1     1e-31   1.9e-30  101.4   0.0     6   175     2   171     1   173 0.97 -
d1i12a_d.108.1.1     -            157 d2fiaa1d.108.1.1.aln -            179   2.9e-29   97.6   0.0   1   1   1.7e-30   3.1e-29   97.5   0.0     4   158     3   154     1   157 0.97 -
d1nsla_d.108.1.1     -            180 d2fiaa1d.108.1.1.aln -            179   2.2e-28   94.7   0.3   1   1   1.3e-29   2.4e-28   94.6   0.3     2   179     2   180     1   180 0.99 -
d1ufha_d.108.1.1     -            155 d2fiaa1d.108.1.1.aln -            179   1.2e-26   89.1   0.3   1   1   7.1e-28   1.3e-26   89.0   0.3     6   157     2   151     1   155 0.98 -
d1u6ma_d.108.1.1     -            189 d2fiaa1d.108.1.1.aln -            179   3.6e-26   87.5   0.1   1   1   2.4e-27   4.2e-26   87.3   0.1     4   169    22   187    19   189 0.97 -
d1y9wa1d.108.1.1     -            140 d2fiaa1d.108.1.1.aln -            179   9.3e-26   86.1   1.1   1   1   5.6e-27     1e-25   86.0   1.1    23   171     2   139     1   140 0.96 -
d2fcka1d.108.1.1     -            178 d2fiaa1d.108.1.1.aln -            179   1.2e-25   85.8   0.1   1   1   7.2e-27   1.3e-25   85.7   0.1     2   176     3   178     2   178 0.97 -
d2gana1d.108.1.1     -            182 d2fiaa1d.108.1.1.aln -            179   1.9e-25   85.1   0.5   1   1   1.2e-26   2.1e-25   85.0   0.5     6   166    19   178    14   182 0.96 -
d1qsma_d.108.1.1     -            150 d2fiaa1d.108.1.1.aln -            179   2.1e-25   85.0   0.0   1   1   1.2e-26   2.2e-25   84.9   0.0     5   157     2   145     1   150 0.97 -
d1ghea_d.108.1.1     -            170 d2fiaa1d.108.1.1.aln -            179   5.5e-25   83.6   0.0   1   1   3.4e-26   6.1e-25   83.5   0.0     8   176     3   169     1   170 0.97 -
d2euia1d.108.1.1     -            153 d2fiaa1d.108.1.1.aln -            179   9.6e-25   82.9   0.1   1   1     6e-26   1.1e-24   82.7   0.1     7   163     2   148     1   152 0.97 -
d1wwza1d.108.1.1     -            157 d2fiaa1d.108.1.1.aln -            179   1.1e-24   82.7   1.1   1   1   7.1e-26   1.3e-24   82.5   1.1     3   164     1   155     1   156 0.95 -
d1mk4a_d.108.1.1     -            157 d2fiaa1d.108.1.1.aln -            179   1.3e-24   82.4   0.0   1   1     8e-26   1.4e-24   82.3   0.0    13   173     1   148     1   153 0.96 -
d1vkca_d.108.1.1     -            149 d2fiaa1d.108.1.1.aln -            179   3.4e-24   81.1   2.5   1   1   2.1e-25   3.7e-24   81.0   2.5     8   158     3   146     1   149 0.95 -
d1cjwa_d.108.1.1     -            166 d2fiaa1d.108.1.1.aln -            179   4.2e-24   80.8   0.0   1   1   2.5e-25   4.4e-24   80.7   0.0    12   170     8   164     1   166 0.96 -
d2fl4a1d.108.1.1     -            146 d2fiaa1d.108.1.1.aln -            179   1.3e-23   79.2   0.4   1   1   7.7e-25   1.4e-23   79.1   0.4    15   166     4   143     1   146 0.97 -
d1yx0a1d.108.1.1     -            151 d2fiaa1d.108.1.1.aln -            179   3.9e-23   77.6   0.0   1   1   2.4e-24   4.2e-23   77.5   0.0    23   171     2   150     1   151 0.97 -
d1yk3a1d.108.1.1     -            198 d2fiaa1d.108.1.1.aln -            179   1.1e-21   73.0   0.0   1   1   6.7e-23   1.2e-21   72.8   0.0     3   170    27   196    25   198 0.96 -
d1bo4a_d.108.1.1     -            137 d2fiaa1d.108.1.1.aln -            179   1.6e-19   65.9   0.1   1   1   9.4e-21   1.7e-19   65.8   0.1    14   149     4   137     1   137 0.91 -
d1n71a_d.108.1.1     -            180 d2fiaa1d.108.1.1.aln -            179   3.1e-19   64.9   0.0   1   1     2e-20   3.5e-19   64.8   0.0     2   177     3   179     2   180 0.97 -
d1y7ra1d.108.1.1     -            133 d2fiaa1d.108.1.1.aln -            179   4.3e-19   64.5   0.0   1   1   2.8e-20     5e-19   64.3   0.0    27   162    10   131     2   132 0.96 -
d1xeba_d.108.1.1     -            149 d2fiaa1d.108.1.1.aln -            179   5.4e-19   64.2   1.0   1   1   3.2e-20   5.7e-19   64.1   1.0    14   168     3   147     1   149 0.95 -
d2g3aa1d.108.1.1     -            137 d2fiaa1d.108.1.1.aln -            179   1.2e-18   63.1   0.0   1   1   6.5e-20   1.2e-18   63.1   0.0    30   171    12   136     1   137 0.89 -
d2jdca1d.108.1.1     -            145 d2fiaa1d.108.1.1.aln -            179   1.6e-18   62.6   0.2   1   1   9.8e-20   1.8e-18   62.5   0.2    20   171     5   143     1   145 0.93 -
d1boba_d.108.1.1     -            315 d2fiaa1d.108.1.1.aln -            179   4.5e-18   61.2   0.2   1   1   3.2e-19   5.8e-18   60.8   0.2     2   179    42   226    41   226 0.98 -
d2atra1d.108.1.1     -            137 d2fiaa1d.108.1.1.aln -            179     1e-17   60.0   0.0   1   1   6.2e-19   1.1e-17   59.9   0.0    16   165     2   135     1   137 0.94 -
d2p0wa_d.108.1.1     -            319 d2fiaa1d.108.1.1.aln -            179   4.3e-17   58.0   0.6   1   2     9e-18   1.6e-16   56.1   0.6     1   179    27   212    27   212 0.99 -
d2p0wa_d.108.1.1     -            319 d2fiaa1d.108.1.1.aln -            179   4.3e-17   58.0   0.6   2   2       2.4        43   -0.6   0.0   104   118   224   238   219   260 0.85 -
d1p0ha_d.108.1.1     -            308 d2fiaa1d.108.1.1.aln -            179   5.9e-17   57.5   0.0   1   3   4.4e-11     8e-10   34.3   0.0     3   178    16   198    14   199 0.96 -
d1p0ha_d.108.1.1     -            308 d2fiaa1d.108.1.1.aln -            179   5.9e-17   57.5   0.0   2   3   0.00054    0.0097   11.3   0.0    59   114   204   251   200   253 0.90 -
d1p0ha_d.108.1.1     -            308 d2fiaa1d.108.1.1.aln -            179   5.9e-17   57.5   0.0   3   3    0.0036     0.065    8.6   0.0   130   151   277   298   274   306 0.87 -
d2aj6a1d.108.1.1     -            118 d2fiaa1d.108.1.1.aln -            179   1.3e-16   56.4   0.0   1   1   7.7e-18   1.4e-16   56.3   0.0    10   131     2   116     1   118 0.96 -
d1q2ya_d.108.1.1     -            140 d2fiaa1d.108.1.1.aln -            179   1.9e-16   55.9   0.2   1   1   1.2e-17   2.1e-16   55.8   0.2    18   170     4   139     1   140 0.95 -
d2fiwa1d.108.1.1     -            156 d2fiaa1d.108.1.1.aln -            179   2.1e-16   55.7   0.0   1   1   1.2e-17   2.2e-16   55.7   0.0     9   157     3   139     1   156 0.92 -
d1m4ia_d.108.1.1     -            181 d2fiaa1d.108.1.1.aln -            179     5e-16   54.5   0.0   1   1   3.1e-17   5.5e-16   54.4   0.0     3   175     1   180     1   181 0.97 -
d1y9ka1d.108.1.1     -            152 d2fiaa1d.108.1.1.aln -            179   8.2e-16   53.8   0.1   1   1   1.3e-15   2.2e-14   49.1   0.1    27   159     9   125     1   151 0.75 -
d2fsra1d.108.1.1     -            164 d2fiaa1d.108.1.1.aln -            179   1.7e-14   49.5   0.0   1   1     1e-15   1.8e-14   49.4   0.0     6   164     2   158     1   164 0.94 -
d1r57a_d.108.1.1     -            102 d2fiaa1d.108.1.1.aln -            179   3.4e-13   45.3   0.1   1   1     2e-14   3.6e-13   45.2   0.1    84   157    26   100     2   102 0.83 -
d1xmta_d.108.1.1     -             95 d2fiaa1d.108.1.1.aln -            179   6.9e-09   31.3   0.0   1   1   4.3e-10   7.7e-09   31.1   0.0    41   136     3    75     1    93 0.89 -
d2fiaa1d.108.1.1     -            157 d2fiaa1d.108.1.1.aln -            179   3.3e-08   29.1   0.2   1   1   2.9e-09   5.2e-08   28.4   0.2    93   170    75   152    66   157 0.92 -
d2d4pa1d.108.1.1     -            130 d2fiaa1d.108.1.1.aln -            179   1.1e-05   20.9   0.1   1   1   6.1e-07   1.1e-05   20.9   0.1    23   156     3   121     1   130 0.91 -
#
# Program:         hmmsearch
# Version:         3.3.2 (Nov 2020)
# Pipeline mode:   SEARCH
# Query file:      /home/elise/Documents/M1-BIM/S2/TMEs/SBAS/tme08/models/d2fiaa1d.108.1.1.aln.hmm
# Target file:     /home/elise/Documents/M1-BIM/S2/TMEs/SBAS/tme08/scop/scop/scopTestSeq.fasta
# Option settings: hmmsearch --domtblout /home/elise/Documents/M1-BIM/S2/TMEs/SBAS/tme08/searchResults/d2fiaa1d.108.1.1.aln.out -E 1 /home/elise/Documents/M1-BIM/S2/TMEs/SBAS/tme08/models/d2fiaa1d.108.1.1.aln.hmm /home/elise/Documents/M1-BIM/S2/TMEs/SBAS/tme08/scop/scop/scopTestSeq.fasta 
# Current dir:     /home/elise/Documents/M1-BIM/S2/TMEs/SBAS/tme08
# Date:            Tue Apr  1 17:30:56 2025
# [ok]
