#                                                                            --- full sequence --- -------------- this domain -------------   hmm coord   ali coord   env coord
# target name        accession   tlen query name           accession   qlen   E-value  score  bias   #  of  c-Evalue  i-Evalue  score  bias  from    to  from    to  from    to  acc description of target
#------------------- ---------- ----- -------------------- ---------- ----- --------- ------ ----- --- --- --------- --------- ------ ----- ----- ----- ----- ----- ----- ----- ---- ---------------------
d2pq8a_d.108.1.1     -            271 d2fiwa1d.108.1.1.aln -            189     2e-40  134.4   1.1   1   1   1.3e-41   2.4e-40  134.1   1.1    13   189     3   193     1   193 0.99 -
d2b5ga_d.108.1.1     -            168 d2fiwa1d.108.1.1.aln -            189   9.1e-35  115.9   0.4   1   1   5.6e-36     1e-34  115.8   0.4    12   171     4   167     1   168 0.98 -
d1z4ea1d.108.1.1     -            150 d2fiwa1d.108.1.1.aln -            189   1.6e-32  108.6   0.1   1   1   9.9e-34   1.8e-32  108.5   0.1    10   156     1   147     1   150 0.98 -
d2ae6a1d.108.1.1     -            161 d2fiwa1d.108.1.1.aln -            189   1.8e-32  108.5   0.0   1   1   1.1e-33   1.9e-32  108.3   0.0     8   173     2   160     1   161 0.97 -
d1tiqa_d.108.1.1     -            173 d2fiwa1d.108.1.1.aln -            189   2.3e-32  108.1   0.0   1   1   1.4e-33   2.5e-32  108.0   0.0    11   173     2   171     1   173 0.97 -
d1qsma_d.108.1.1     -            150 d2fiwa1d.108.1.1.aln -            189   9.7e-30   99.5   0.0   1   1     6e-31   1.1e-29   99.4   0.0    10   156     2   146     1   150 0.96 -
d1nsla_d.108.1.1     -            180 d2fiwa1d.108.1.1.aln -            189   2.3e-29   98.3   0.2   1   1   1.4e-30   2.6e-29   98.2   0.2     2   177     2   180     1   180 0.98 -
d2fiaa1d.108.1.1     -            157 d2fiwa1d.108.1.1.aln -            189   3.4e-28   94.5   0.6   1   1   2.1e-29   3.8e-28   94.3   0.6    11   171     1   155     1   157 0.98 -
d1vkca_d.108.1.1     -            149 d2fiwa1d.108.1.1.aln -            189   6.8e-28   93.5   2.5   1   1   4.5e-29   8.1e-28   93.3   2.5    16   156     6   146     2   148 0.97 -
d1wwza1d.108.1.1     -            157 d2fiwa1d.108.1.1.aln -            189   9.2e-28   93.1   1.3   1   1   6.2e-29   1.1e-27   92.8   1.3     9   162     2   155     1   156 0.97 -
d2fcka1d.108.1.1     -            178 d2fiwa1d.108.1.1.aln -            189   3.3e-27   91.3   0.1   1   1     2e-28   3.7e-27   91.1   0.1     2   173     3   177     2   178 0.98 -
d1y9ka1d.108.1.1     -            152 d2fiwa1d.108.1.1.aln -            189     6e-27   90.4   0.0   1   1   4.1e-28   7.4e-27   90.1   0.0    75   182    45   150     8   151 0.86 -
d1mk4a_d.108.1.1     -            157 d2fiwa1d.108.1.1.aln -            189   1.4e-26   89.2   0.0   1   1   8.9e-28   1.6e-26   89.0   0.0    10   177     1   154     1   156 0.97 -
d1i12a_d.108.1.1     -            157 d2fiwa1d.108.1.1.aln -            189   1.4e-26   89.2   0.0   1   1   8.6e-28   1.5e-26   89.1   0.0    11   156     5   154     1   157 0.96 -
d2cy2a1d.108.1.1     -            174 d2fiwa1d.108.1.1.aln -            189   3.1e-26   88.1   2.2   1   1   1.9e-27   3.4e-26   88.0   2.2    11   174     1   171     1   174 0.96 -
d1ufha_d.108.1.1     -            155 d2fiwa1d.108.1.1.aln -            189     9e-26   86.6   0.3   1   1   5.4e-27   9.7e-26   86.5   0.3    11   157     2   153     1   155 0.97 -
d2euia1d.108.1.1     -            153 d2fiwa1d.108.1.1.aln -            189   1.3e-25   86.1   0.1   1   1   8.2e-27   1.5e-25   85.9   0.1    11   159     1   146     1   152 0.96 -
d1y9wa1d.108.1.1     -            140 d2fiwa1d.108.1.1.aln -            189   3.9e-25   84.5   1.3   1   1   2.4e-26   4.3e-25   84.4   1.3    17   169     2   139     1   140 0.97 -
d1z4ra1d.108.1.1     -            162 d2fiwa1d.108.1.1.aln -            189   9.6e-25   83.2   0.1   1   1   5.8e-26     1e-24   83.1   0.1     6   164     2   161     1   162 0.98 -
d1cjwa_d.108.1.1     -            166 d2fiwa1d.108.1.1.aln -            189   1.3e-24   82.8   0.0   1   1   7.7e-26   1.4e-24   82.7   0.0    10   168     5   164     1   166 0.97 -
d1u6ma_d.108.1.1     -            189 d2fiwa1d.108.1.1.aln -            189   3.7e-24   81.3   0.1   1   1   2.8e-25     5e-24   80.9   0.1     4   165     6   185     3   188 0.94 -
d2fl4a1d.108.1.1     -            146 d2fiwa1d.108.1.1.aln -            189   5.1e-24   80.9   0.3   1   1   3.1e-25   5.6e-24   80.7   0.3     9   166     1   145     1   146 0.97 -
d1ghea_d.108.1.1     -            170 d2fiwa1d.108.1.1.aln -            189   6.9e-24   80.4   0.0   1   1   4.2e-25   7.6e-24   80.3   0.0    12   174     2   169     1   170 0.98 -
d2gana1d.108.1.1     -            182 d2fiwa1d.108.1.1.aln -            189   1.6e-22   76.0   0.3   1   1   1.1e-23     2e-22   75.7   0.3     8   166     5   180     1   182 0.95 -
d2jdca1d.108.1.1     -            145 d2fiwa1d.108.1.1.aln -            189   3.5e-22   74.9   0.2   1   1   2.1e-23   3.8e-22   74.8   0.2    12   170     2   144     1   145 0.97 -
d1xeba_d.108.1.1     -            149 d2fiwa1d.108.1.1.aln -            189   7.8e-22   73.7   1.0   1   1   4.9e-23   8.9e-22   73.6   1.0    11   164     4   145     1   148 0.94 -
d1yx0a1d.108.1.1     -            151 d2fiwa1d.108.1.1.aln -            189   8.9e-22   73.6   0.0   1   1   5.4e-23   9.6e-22   73.4   0.0    11   168     1   149     1   151 0.92 -
d1yk3a1d.108.1.1     -            198 d2fiwa1d.108.1.1.aln -            189   1.3e-21   73.0   0.1   1   1   8.1e-23   1.4e-21   72.9   0.1     2   182     5   198     4   198 0.99 -
d2atra1d.108.1.1     -            137 d2fiwa1d.108.1.1.aln -            189     2e-20   69.1   0.0   1   1   1.2e-21   2.2e-20   69.0   0.0    10   164     1   136     1   137 0.93 -
d1p0ha_d.108.1.1     -            308 d2fiwa1d.108.1.1.aln -            189   4.9e-20   67.9   0.0   1   3   1.9e-16   3.3e-15   52.1   0.0     1   189    14   216    14   216 0.99 -
d1p0ha_d.108.1.1     -            308 d2fiwa1d.108.1.1.aln -            189   4.9e-20   67.9   0.0   2   3      0.17         3    3.3   0.1    84   109   224   249   217   251 0.79 -
d1p0ha_d.108.1.1     -            308 d2fiwa1d.108.1.1.aln -            189   4.9e-20   67.9   0.0   3   3    0.0033     0.059    8.9   0.0   129   157   279   306   269   308 0.78 -
d2p0wa_d.108.1.1     -            319 d2fiwa1d.108.1.1.aln -            189     5e-20   67.9   0.1   1   1   4.8e-21   8.6e-20   67.1   0.1     1   189     3   240     3   240 0.99 -
d1bo4a_d.108.1.1     -            137 d2fiwa1d.108.1.1.aln -            189   9.7e-20   66.9   0.0   1   1     6e-21   1.1e-19   66.8   0.0    11   147     3   137     1   137 0.96 -
d1q2ya_d.108.1.1     -            140 d2fiwa1d.108.1.1.aln -            189   1.7e-19   66.2   0.2   1   1     1e-20   1.8e-19   66.0   0.2    16   168     4   139     1   140 0.96 -
d1boba_d.108.1.1     -            315 d2fiwa1d.108.1.1.aln -            189   3.4e-19   65.2   0.1   1   1   2.5e-20   4.6e-19   64.7   0.1     2   189    20   238    19   238 0.99 -
d2g3aa1d.108.1.1     -            137 d2fiwa1d.108.1.1.aln -            189     1e-18   63.6   0.0   1   1     6e-20   1.1e-18   63.5   0.0    11   155     1   122     1   137 0.91 -
d1n71a_d.108.1.1     -            180 d2fiwa1d.108.1.1.aln -            189   2.2e-18   62.5   0.0   1   1   1.8e-19   3.2e-18   62.0   0.0     5   174     1   178     1   180 0.94 -
d1y7ra1d.108.1.1     -            133 d2fiwa1d.108.1.1.aln -            189   5.5e-18   61.2   0.0   1   1   3.2e-19   5.8e-18   61.1   0.0    17   161     7   132     1   133 0.96 -
d2aj6a1d.108.1.1     -            118 d2fiwa1d.108.1.1.aln -            189   8.6e-18   60.6   0.0   1   1   5.1e-19   9.2e-18   60.5   0.0    11   128     2   116     1   118 0.98 -
d1m4ia_d.108.1.1     -            181 d2fiwa1d.108.1.1.aln -            189   9.9e-18   60.4   0.4   1   1   7.2e-19   1.3e-17   60.0   0.4     1   151     1   134     1   181 0.87 -
d2fsra1d.108.1.1     -            164 d2fiwa1d.108.1.1.aln -            189   6.2e-17   57.8   0.0   1   1   3.7e-18   6.7e-17   57.7   0.0     3   166     2   162     1   164 0.96 -
d1r57a_d.108.1.1     -            102 d2fiwa1d.108.1.1.aln -            189   4.4e-13   45.2   0.0   1   1   2.5e-14   4.5e-13   45.2   0.0    89   161    34   101     3   102 0.88 -
d1xmta_d.108.1.1     -             95 d2fiwa1d.108.1.1.aln -            189   2.8e-10   36.1   0.0   1   1   1.9e-11   3.3e-10   35.8   0.0    77   133    19    75     2    89 0.86 -
d2d4pa1d.108.1.1     -            130 d2fiwa1d.108.1.1.aln -            189   4.1e-07   25.8   0.1   1   1   4.1e-08   7.4e-07   24.9   0.1    11   148     1   115     1   127 0.92 -
d2fiwa1d.108.1.1     -            156 d2fiwa1d.108.1.1.aln -            189   2.5e-05   19.9   0.0   1   1   1.4e-06   2.5e-05   19.9   0.0    92   150    80   134     7   152 0.91 -
#
# Program:         hmmsearch
# Version:         3.3.2 (Nov 2020)
# Pipeline mode:   SEARCH
# Query file:      /home/elise/Documents/M1-BIM/S2/TMEs/SBAS/tme08/models/d2fiwa1d.108.1.1.aln.hmm
# Target file:     /home/elise/Documents/M1-BIM/S2/TMEs/SBAS/tme08/scop/scop/scopTestSeq.fasta
# Option settings: hmmsearch --domtblout /home/elise/Documents/M1-BIM/S2/TMEs/SBAS/tme08/searchResults/d2fiwa1d.108.1.1.aln.out -E 1 /home/elise/Documents/M1-BIM/S2/TMEs/SBAS/tme08/models/d2fiwa1d.108.1.1.aln.hmm /home/elise/Documents/M1-BIM/S2/TMEs/SBAS/tme08/scop/scop/scopTestSeq.fasta 
# Current dir:     /home/elise/Documents/M1-BIM/S2/TMEs/SBAS/tme08
# Date:            Tue Apr  1 17:30:56 2025
# [ok]
