#                                                                            --- full sequence --- -------------- this domain -------------   hmm coord   ali coord   env coord
# target name        accession   tlen query name           accession   qlen   E-value  score  bias   #  of  c-Evalue  i-Evalue  score  bias  from    to  from    to  from    to  acc description of target
#------------------- ---------- ----- -------------------- ---------- ----- --------- ------ ----- --- --- --------- --------- ------ ----- ----- ----- ----- ----- ----- ----- ---- ---------------------
d1g0sa_d.113.1.1     -            209 d2fvva1d.113.1.1.aln -            182   3.8e-48  158.7   1.0   1   1   8.8e-50   4.4e-48  158.6   1.0     1   181    28   208    28   209 0.98 -
d1q33a_d.113.1.1     -            292 d2fvva1d.113.1.1.aln -            182   1.4e-45  150.4   0.0   1   2         2        99   -2.3   0.0     5    35     3    33     2    43 0.78 -
d1q33a_d.113.1.1     -            292 d2fvva1d.113.1.1.aln -            182   1.4e-45  150.4   0.0   2   2   6.3e-47   3.1e-45  149.3   0.0     1   182    86   292    86   292 0.99 -
d1vhza_d.113.1.1     -            186 d2fvva1d.113.1.1.aln -            182   1.6e-45  150.2   0.0   1   1   3.6e-47   1.8e-45  150.1   0.0     2   175    11   185    10   186 0.98 -
d3o69a_d.113.1.1     -            190 d2fvva1d.113.1.1.aln -            182   1.2e-44  147.4   0.0   1   1   2.7e-46   1.3e-44  147.2   0.0     1   176    15   189    15   190 0.99 -
d1ktga_d.113.1.1     -            137 d2fvva1d.113.1.1.aln -            182   1.8e-42  140.3   0.1   1   1   4.2e-44   2.1e-42  140.1   0.1    30   170     4   135     1   136 0.97 -
d1jkna_d.113.1.1     -            165 d2fvva1d.113.1.1.aln -            182   1.8e-41  137.0   0.0   1   1   4.1e-43     2e-41  136.8   0.0    25   172     2   165     1   165 0.98 -
d1sjya_d.113.1.1     -            158 d2fvva1d.113.1.1.aln -            182   2.1e-41  136.8   0.3   1   1   4.7e-43   2.3e-41  136.6   0.3    17   181     1   158     1   158 0.98 -
d2azwa1d.113.1.1     -            147 d2fvva1d.113.1.1.aln -            182   2.3e-41  136.6   0.7   1   1   5.1e-43   2.5e-41  136.5   0.7    23   168     2   145     1   147 0.98 -
d2b06a1d.113.1.1     -            155 d2fvva1d.113.1.1.aln -            182   1.5e-40  134.0   0.0   1   1   3.2e-42   1.6e-40  133.9   0.0    30   178     2   154     1   155 0.98 -
d1v8ya_d.113.1.1     -            158 d2fvva1d.113.1.1.aln -            182   9.3e-40  131.4   2.0   1   1   2.1e-41     1e-39  131.3   2.0    16   175     1   157     1   158 0.97 -
d1nqza_d.113.1.1     -            187 d2fvva1d.113.1.1.aln -            182   4.1e-39  129.3   0.2   1   1   9.2e-41   4.5e-39  129.2   0.2     5   179     1   185     1   187 0.99 -
d3zr0a_d.113.1.1     -            154 d2fvva1d.113.1.1.aln -            182   1.9e-38  127.1   0.0   1   1   4.2e-40   2.1e-38  127.0   0.0    29   181     3   153     1   154 0.95 -
d2b0va1d.113.1.1     -            146 d2fvva1d.113.1.1.aln -            182   9.4e-35  115.1   0.0   1   1   2.1e-36     1e-34  115.0   0.0    30   181     5   144     1   145 0.94 -
d1k2ea_d.113.1.1     -            152 d2fvva1d.113.1.1.aln -            182   3.6e-34  113.2   0.2   1   1   8.2e-36   4.1e-34  113.0   0.2    45   180     7   147     2   149 0.96 -
d3a6sa_d.113.1.1     -            129 d2fvva1d.113.1.1.aln -            182   1.4e-32  108.0   1.1   1   1     3e-34   1.5e-32  107.9   1.1    41   167     7   128     1   129 0.96 -
d2fvva1d.113.1.1     -            135 d2fvva1d.113.1.1.aln -            182   5.4e-32  106.1   0.9   1   1   1.2e-33   5.7e-32  106.0   0.9    31   164     7   133     1   135 0.95 -
#
# Program:         hmmsearch
# Version:         3.3.2 (Nov 2020)
# Pipeline mode:   SEARCH
# Query file:      /home/elise/Documents/M1-BIM/S2/TMEs/SBAS/tme08/models/d2fvva1d.113.1.1.aln.hmm
# Target file:     /home/elise/Documents/M1-BIM/S2/TMEs/SBAS/tme08/scop/scop/scopTestSeq.fasta
# Option settings: hmmsearch --domtblout /home/elise/Documents/M1-BIM/S2/TMEs/SBAS/tme08/searchResults/d2fvva1d.113.1.1.aln.out -E 1 /home/elise/Documents/M1-BIM/S2/TMEs/SBAS/tme08/models/d2fvva1d.113.1.1.aln.hmm /home/elise/Documents/M1-BIM/S2/TMEs/SBAS/tme08/scop/scop/scopTestSeq.fasta 
# Current dir:     /home/elise/Documents/M1-BIM/S2/TMEs/SBAS/tme08
# Date:            Tue Apr  1 17:30:57 2025
# [ok]
