#                                                                            --- full sequence --- -------------- this domain -------------   hmm coord   ali coord   env coord
# target name        accession   tlen query name           accession   qlen   E-value  score  bias   #  of  c-Evalue  i-Evalue  score  bias  from    to  from    to  from    to  acc description of target
#------------------- ---------- ----- -------------------- ---------- ----- --------- ------ ----- --- --- --------- --------- ------ ----- ----- ----- ----- ----- ----- ----- ---- ---------------------
d2d6ya2a.121.1.1     -            118 d2g7sa2a.121.1.1.aln -            118   5.5e-18   61.1   1.0   1   1   2.2e-19     6e-18   61.0   1.0     1   116     1   117     1   118 0.98 -
d2id3a2a.121.1.1     -            123 d2g7sa2a.121.1.1.aln -            118   4.5e-17   58.2   5.9   1   1   1.8e-18   4.8e-17   58.1   5.9     7   118     7   118     1   118 0.91 -
d2fx0a2a.121.1.1     -            122 d2g7sa2a.121.1.1.aln -            118   5.4e-17   58.0   0.0   1   1   2.3e-18   6.3e-17   57.7   0.0     8   117     7   118     2   119 0.97 -
d2id6a2a.121.1.1     -            125 d2g7sa2a.121.1.1.aln -            118   5.4e-17   58.0   0.0   1   1   2.1e-18   5.8e-17   57.8   0.0     2   114     5   119     4   123 0.97 -
d1z0xa2a.121.1.1     -            149 d2g7sa2a.121.1.1.aln -            118   9.2e-17   57.2   0.0   1   1   4.3e-18   1.2e-16   56.9   0.0     2   117     2   131     1   132 0.98 -
d2gena2a.121.1.1     -            118 d2g7sa2a.121.1.1.aln -            118   1.3e-16   56.7   5.2   1   1   5.1e-18   1.4e-16   56.6   5.2     2   117     2   117     1   118 0.98 -
d2hyja2a.121.1.1     -            118 d2g7sa2a.121.1.1.aln -            118   2.6e-16   55.7   3.8   1   1     1e-17   2.8e-16   55.6   3.8     3   117     3   117     1   118 0.98 -
d2np5a2a.121.1.1     -            118 d2g7sa2a.121.1.1.aln -            118   2.8e-16   55.7   3.1   1   1   1.2e-17   3.3e-16   55.4   3.1     2   114     3   114     2   117 0.97 -
d1vi0a2a.121.1.1     -            117 d2g7sa2a.121.1.1.aln -            118   4.9e-16   54.9   0.0   1   1     2e-17   5.3e-16   54.8   0.0     3   117     2   116     1   117 0.98 -
d1ui5a2a.121.1.1     -            133 d2g7sa2a.121.1.1.aln -            118     5e-16   54.9   0.2   1   1   2.1e-17   5.7e-16   54.7   0.2     3   118     3   121     1   121 0.97 -
d1t33a2a.121.1.1     -            132 d2g7sa2a.121.1.1.aln -            118   6.8e-16   54.4   0.2   1   1   2.8e-17   7.6e-16   54.3   0.2     2   117     2   117     1   118 0.98 -
d2iu5a2a.121.1.1     -            109 d2g7sa2a.121.1.1.aln -            118     3e-15   52.4   0.0   1   1   1.2e-16   3.2e-15   52.3   0.0     5   110     2   107     1   109 0.98 -
d1t56a2a.121.1.1     -            120 d2g7sa2a.121.1.1.aln -            118   3.2e-15   52.3   1.6   1   1   1.3e-16   3.5e-15   52.1   1.6     2   116     4   118     3   120 0.98 -
d2oi8a2a.121.1.1     -            130 d2g7sa2a.121.1.1.aln -            118   7.1e-15   51.2   1.2   1   1   2.9e-16   7.8e-15   51.0   1.2     3   115     2   117     1   120 0.97 -
d2g7la2a.121.1.1     -            144 d2g7sa2a.121.1.1.aln -            118   1.5e-14   50.1   7.4   1   1   6.5e-16   1.8e-14   49.9   7.4     1   118     1   123     1   123 0.98 -
d1sgma2a.121.1.1     -            111 d2g7sa2a.121.1.1.aln -            118   1.7e-14   50.0   0.0   1   1   6.7e-16   1.8e-14   49.9   0.0     2   112     2   111     1   111 0.98 -
d2g3ba2a.121.1.1     -            116 d2g7sa2a.121.1.1.aln -            118   2.1e-14   49.7   1.4   1   1   8.1e-16   2.2e-14   49.6   1.4     5   117     3   115     1   116 0.96 -
d2fbqa2a.121.1.1     -            134 d2g7sa2a.121.1.1.aln -            118   2.4e-14   49.5   0.1   1   1   9.9e-16   2.7e-14   49.3   0.1     3   117     6   125     4   126 0.97 -
d2fq4a2a.121.1.1     -            115 d2g7sa2a.121.1.1.aln -            118   2.6e-14   49.4   0.0   1   1     1e-15   2.8e-14   49.3   0.0     5   118     2   115     1   115 0.98 -
d2i10a2a.121.1.1     -            116 d2g7sa2a.121.1.1.aln -            118   3.1e-14   49.1   1.4   1   1   1.2e-15   3.4e-14   49.0   1.4     2   111     2   110     1   116 0.88 -
d2hkua2a.121.1.1     -            121 d2g7sa2a.121.1.1.aln -            118   6.1e-14   48.2   0.1   1   1   2.3e-15   6.4e-14   48.1   0.1     6   116     5   118     1   120 0.95 -
d2g7ga2a.121.1.1     -            132 d2g7sa2a.121.1.1.aln -            118   7.4e-14   47.9   5.4   1   1   2.7e-15   7.4e-14   47.9   5.4     2   106     2   106     1   116 0.95 -
d1zk8a2a.121.1.1     -            105 d2g7sa2a.121.1.1.aln -            118   1.8e-13   46.7   0.0   1   1     7e-15   1.9e-13   46.6   0.0     3   103     3   104     1   105 0.96 -
d2np3a2a.121.1.1     -            112 d2g7sa2a.121.1.1.aln -            118   2.9e-13   46.0   4.7   1   1   1.1e-14   3.1e-13   45.9   4.7    11   117     5   111     1   112 0.96 -
d2gfna2a.121.1.1     -            119 d2g7sa2a.121.1.1.aln -            118   1.3e-12   44.0   5.6   1   1     5e-14   1.4e-12   43.9   5.6     3   116     3   116     1   118 0.96 -
d1rkta2a.121.1.1     -            123 d2g7sa2a.121.1.1.aln -            118   8.1e-12   41.4   0.0   1   1   3.4e-13   9.3e-12   41.2   0.0     8   117     3   108     1   109 0.95 -
d2fd5a2a.121.1.1     -            104 d2g7sa2a.121.1.1.aln -            118   4.5e-11   39.0   1.8   1   1     2e-12   5.3e-11   38.8   1.8     6   104     3   101     1   103 0.96 -
d3c07a2a.121.1.1     -            146 d2g7sa2a.121.1.1.aln -            118   1.3e-10   37.5   0.6   1   1   6.9e-12   1.9e-10   37.0   0.6     2    98     1   112     1   132 0.85 -
d2o7ta2a.121.1.1     -            110 d2g7sa2a.121.1.1.aln -            118   1.4e-10   37.4   0.0   1   1   5.4e-12   1.5e-10   37.3   0.0    12   117     4   107     1   108 0.97 -
#
# Program:         hmmsearch
# Version:         3.3.2 (Nov 2020)
# Pipeline mode:   SEARCH
# Query file:      /home/elise/Documents/M1-BIM/S2/TMEs/SBAS/tme08/models/d2g7sa2a.121.1.1.aln.hmm
# Target file:     /home/elise/Documents/M1-BIM/S2/TMEs/SBAS/tme08/scop/scop/scopTestSeq.fasta
# Option settings: hmmsearch --domtblout /home/elise/Documents/M1-BIM/S2/TMEs/SBAS/tme08/searchResults/d2g7sa2a.121.1.1.aln.out -E 1 /home/elise/Documents/M1-BIM/S2/TMEs/SBAS/tme08/models/d2g7sa2a.121.1.1.aln.hmm /home/elise/Documents/M1-BIM/S2/TMEs/SBAS/tme08/scop/scop/scopTestSeq.fasta 
# Current dir:     /home/elise/Documents/M1-BIM/S2/TMEs/SBAS/tme08
# Date:            Tue Apr  1 17:30:57 2025
# [ok]
