#                                                                            --- full sequence --- -------------- this domain -------------   hmm coord   ali coord   env coord
# target name        accession   tlen query name           accession   qlen   E-value  score  bias   #  of  c-Evalue  i-Evalue  score  bias  from    to  from    to  from    to  acc description of target
#------------------- ---------- ----- -------------------- ---------- ----- --------- ------ ----- --- --- --------- --------- ------ ----- ----- ----- ----- ----- ----- ----- ---- ---------------------
d2id6a1a.4.1.9       -             75 d2g7sa1a.4.1.9.aln   -             74   2.4e-26   87.0   0.4   1   1   6.7e-28   2.5e-26   86.9   0.4     4    73     3    72     1    73 0.96 -
d1vi0a1a.4.1.9       -             72 d2g7sa1a.4.1.9.aln   -             74   6.6e-26   85.6   0.1   1   1   1.9e-27     7e-26   85.5   0.1     6    72     3    69     1    71 0.95 -
d1ui5a1a.4.1.9       -             71 d2g7sa1a.4.1.9.aln   -             74   6.7e-24   79.1   1.5   1   1   1.9e-25     7e-24   79.1   1.5     2    67     3    68     2    71 0.92 -
d2gena1a.4.1.9       -             70 d2g7sa1a.4.1.9.aln   -             74     3e-23   77.1   0.3   1   1   8.4e-25   3.2e-23   77.0   0.3     5    72     1    68     1    70 0.96 -
d2i10a1a.4.1.9       -             69 d2g7sa1a.4.1.9.aln   -             74     9e-23   75.5   0.0   1   1   2.5e-24   9.3e-23   75.5   0.0     8    71     4    67     1    69 0.95 -
d1rkta1a.4.1.9       -             81 d2g7sa1a.4.1.9.aln   -             74   1.1e-22   75.2   0.1   1   1   3.3e-24   1.2e-22   75.1   0.1     2    73     9    80     8    81 0.97 -
d2gfna1a.4.1.9       -             77 d2g7sa1a.4.1.9.aln   -             74   2.5e-22   74.1   0.4   1   1   7.1e-24   2.7e-22   74.0   0.4     2    73     4    75     3    76 0.97 -
d1t56a1a.4.1.9       -             73 d2g7sa1a.4.1.9.aln   -             74   6.4e-22   72.8   0.0   1   1   1.8e-23   6.7e-22   72.7   0.0     4    73     3    72     1    73 0.96 -
d2fd5a1a.4.1.9       -             76 d2g7sa1a.4.1.9.aln   -             74   1.4e-21   71.8   0.1   1   1   4.2e-23   1.6e-21   71.5   0.1     1    69     4    72     4    75 0.96 -
d2hyja1a.4.1.9       -             75 d2g7sa1a.4.1.9.aln   -             74   1.8e-21   71.4   0.1   1   1   4.9e-23   1.9e-21   71.3   0.1     2    70     3    71     2    75 0.95 -
d2oi8a1a.4.1.9       -             79 d2g7sa1a.4.1.9.aln   -             74   1.9e-21   71.3   0.6   1   1   5.4e-23     2e-21   71.2   0.6     2    72     7    77     6    79 0.97 -
d1sgma1a.4.1.9       -             73 d2g7sa1a.4.1.9.aln   -             74     3e-21   70.6   0.0   1   1   8.5e-23   3.2e-21   70.6   0.0     4    73     2    72     1    73 0.96 -
d2np5a1a.4.1.9       -             69 d2g7sa1a.4.1.9.aln   -             74   3.3e-21   70.5   0.2   1   1   9.1e-23   3.4e-21   70.5   0.2     6    70     3    67     1    69 0.96 -
d1t33a1a.4.1.9       -             88 d2g7sa1a.4.1.9.aln   -             74     9e-21   69.1   1.2   1   1   2.8e-22     1e-20   68.9   1.2     2    73    10    80     9    81 0.96 -
d2np3a1a.4.1.9       -             65 d2g7sa1a.4.1.9.aln   -             74   1.7e-20   68.2   0.2   1   1   5.7e-22   2.1e-20   67.9   0.2     9    65     1    57     1    64 0.91 -
d2iu5a1a.4.1.9       -             71 d2g7sa1a.4.1.9.aln   -             74   4.5e-19   63.7   0.1   1   1   1.3e-20   4.7e-19   63.6   0.1     3    67     4    69     2    71 0.93 -
d2o7ta1a.4.1.9       -             78 d2g7sa1a.4.1.9.aln   -             74   1.2e-18   62.3   0.0   1   1   3.3e-20   1.3e-18   62.2   0.0     3    72     6    76     4    78 0.92 -
d1zk8a1a.4.1.9       -             72 d2g7sa1a.4.1.9.aln   -             74   1.8e-18   61.7   0.1   1   1   5.2e-20   1.9e-18   61.6   0.1     4    72     3    71     1    72 0.97 -
d2id3a1a.4.1.9       -             68 d2g7sa1a.4.1.9.aln   -             74   9.6e-17   56.2   0.1   1   1   2.7e-18     1e-16   56.2   0.1     3    65     5    67     3    68 0.94 -
d2g7ga1a.4.1.9       -             65 d2g7sa1a.4.1.9.aln   -             74   6.4e-16   53.6   0.0   1   1   1.8e-17   6.7e-16   53.5   0.0     5    69     2    64     1    65 0.96 -
d2g7sa1a.4.1.9       -             74 d2g7sa1a.4.1.9.aln   -             74     1e-10   36.9   0.0   1   1   3.1e-12   1.1e-10   36.7   0.0     5    59     5    59     2    73 0.87 -
#
# Program:         hmmsearch
# Version:         3.3.2 (Nov 2020)
# Pipeline mode:   SEARCH
# Query file:      /home/elise/Documents/M1-BIM/S2/TMEs/SBAS/tme08/models/d2g7sa1a.4.1.9.aln.hmm
# Target file:     /home/elise/Documents/M1-BIM/S2/TMEs/SBAS/tme08/scop/scop/scopTestSeq.fasta
# Option settings: hmmsearch --domtblout /home/elise/Documents/M1-BIM/S2/TMEs/SBAS/tme08/searchResults/d2g7sa1a.4.1.9.aln.out -E 1 /home/elise/Documents/M1-BIM/S2/TMEs/SBAS/tme08/models/d2g7sa1a.4.1.9.aln.hmm /home/elise/Documents/M1-BIM/S2/TMEs/SBAS/tme08/scop/scop/scopTestSeq.fasta 
# Current dir:     /home/elise/Documents/M1-BIM/S2/TMEs/SBAS/tme08
# Date:            Tue Apr  1 17:30:57 2025
# [ok]
