#                                                                            --- full sequence --- -------------- this domain -------------   hmm coord   ali coord   env coord
# target name        accession   tlen query name           accession   qlen   E-value  score  bias   #  of  c-Evalue  i-Evalue  score  bias  from    to  from    to  from    to  acc description of target
#------------------- ---------- ----- -------------------- ---------- ----- --------- ------ ----- --- --- --------- --------- ------ ----- ----- ----- ----- ----- ----- ----- ---- ---------------------
d2g82a1c.2.1.3       -            169 d2g82a1c.2.1.3.aln   -            223     2e-44  147.6   1.0   1   1   7.3e-46   2.1e-44  147.5   1.0    33   200     1   167     1   169 0.95 -
d1p1ja1c.2.1.3       -            411 d2g82a1c.2.1.3.aln   -            223   1.5e-42  141.4   0.0   1   1   8.3e-44   2.4e-42  140.7   0.0     1   222    25   347    25   355 0.99 -
d1h6da1c.2.1.3       -            222 d2g82a1c.2.1.3.aln   -            223   1.3e-38  128.5   0.1   1   1     5e-40   1.5e-38  128.4   0.1     1   203     1   221     1   222 0.96 -
d1qkia1c.2.1.3       -            204 d2g82a1c.2.1.3.aln   -            223   1.1e-32  109.1   0.0   1   1   4.2e-34   1.2e-32  109.0   0.0    12   206     1   203     1   204 0.99 -
d1cf2o1c.2.1.3       -            172 d2g82a1c.2.1.3.aln   -            223   3.1e-29   97.9   1.5   1   1   1.2e-30   3.4e-29   97.7   1.5    32   200     1   171     1   172 0.98 -
d3cina1c.2.1.3       -            276 d2g82a1c.2.1.3.aln   -            223     2e-26   88.7   0.2   1   1   9.5e-28   2.8e-26   88.2   0.2    31   223     1   269     1   269 0.98 -
d1gr0a1c.2.1.3       -            244 d2g82a1c.2.1.3.aln   -            223   7.4e-26   86.8   2.9   1   1   2.8e-27   8.2e-26   86.7   2.9    32   221     2   243     1   244 0.98 -
d1tlta1c.2.1.3       -            165 d2g82a1c.2.1.3.aln   -            223   3.3e-25   84.7   0.0   1   1   1.3e-26   3.7e-25   84.6   0.0    32   200     1   164     1   165 0.98 -
d1vkna1c.2.1.3       -            177 d2g82a1c.2.1.3.aln   -            223   1.5e-24   82.6   0.0   1   1   5.7e-26   1.7e-24   82.4   0.0    32   212     1   176     1   177 0.94 -
d1ydwa1c.2.1.3       -            185 d2g82a1c.2.1.3.aln   -            223   9.6e-24   79.9   0.0   1   1   3.6e-25   1.1e-23   79.8   0.0    33   209     2   184     1   185 0.98 -
d2nvwa1c.2.1.3       -            238 d2g82a1c.2.1.3.aln   -            223   2.3e-23   78.7   0.0   1   1   9.3e-25   2.7e-23   78.4   0.0    17   212     1   238     1   238 0.99 -
d1t4ba1c.2.1.3       -            147 d2g82a1c.2.1.3.aln   -            223   3.2e-23   78.2   0.0   1   1   1.2e-24   3.5e-23   78.1   0.0    32   199     1   146     1   147 0.97 -
d1xeaa1c.2.1.3       -            168 d2g82a1c.2.1.3.aln   -            223   6.8e-23   77.1   0.0   1   1   2.5e-24   7.4e-23   77.0   0.0    33   204     2   167     1   168 0.97 -
d1zh8a1c.2.1.3       -            182 d2g82a1c.2.1.3.aln   -            223   2.1e-21   72.3   0.0   1   1   8.2e-23   2.4e-21   72.1   0.0    31   197     2   174     1   181 0.97 -
d1h9aa1c.2.1.3       -            196 d2g82a1c.2.1.3.aln   -            223   2.3e-21   72.1   0.1   1   1   8.7e-23   2.6e-21   72.0   0.1    27   205     1   195     1   196 0.98 -
d1q0qa2c.2.1.3       -            152 d2g82a1c.2.1.3.aln   -            223   5.8e-21   70.8   0.0   1   1   2.1e-22   6.3e-21   70.7   0.0    32   198     1   151     1   152 0.96 -
d1lc0a1c.2.1.3       -            173 d2g82a1c.2.1.3.aln   -            223     1e-20   70.0   0.0   1   1   3.9e-22   1.1e-20   69.9   0.0    26   200     1   171     1   173 0.97 -
d1f06a1c.2.1.3       -            171 d2g82a1c.2.1.3.aln   -            223   4.8e-20   67.8   0.1   1   1   1.8e-21   5.1e-20   67.7   0.1    30   200     1   168     1   171 0.96 -
d1drua1c.2.1.3       -            161 d2g82a1c.2.1.3.aln   -            223   6.1e-19   64.2   0.4   1   1   2.3e-20   6.7e-19   64.1   0.4    32   204     2   160     1   161 0.93 -
d1e5qa1c.2.1.3       -            183 d2g82a1c.2.1.3.aln   -            223   6.5e-18   60.9   0.4   1   1   2.4e-19   7.1e-18   60.7   0.4    32   206     2   181     1   183 0.97 -
d1nvmb1c.2.1.3       -            158 d2g82a1c.2.1.3.aln   -            223   2.8e-17   58.8   0.3   1   1     1e-18     3e-17   58.7   0.3    29   199     1   156     1   158 0.95 -
d1ebfa1c.2.1.3       -            169 d2g82a1c.2.1.3.aln   -            223   1.4e-16   56.5   0.5   1   1   5.2e-18   1.5e-16   56.4   0.5    29   205     1   168     1   169 0.97 -
d1yl7a1c.2.1.3       -            136 d2g82a1c.2.1.3.aln   -            223     2e-11   39.6   0.0   1   1     7e-13     2e-11   39.6   0.0    34   180     1   116     1   136 0.91 -
d1j5pa4c.2.1.3       -            133 d2g82a1c.2.1.3.aln   -            223     3e-10   35.8   0.1   1   1   3.5e-11     1e-09   34.0   0.1    31   194     1   128     1   133 0.92 -
d1vm6a3c.2.1.3       -            129 d2g82a1c.2.1.3.aln   -            223     4e-09   32.1   0.1   1   2   0.00041     0.012   10.9   0.1    33    74     1    37     1    39 0.82 -
d1vm6a3c.2.1.3       -            129 d2g82a1c.2.1.3.aln   -            223     4e-09   32.1   0.1   2   2   1.6e-07   4.7e-06   22.1   0.0    91   185    27   115    26   119 0.84 -
d1gpja2c.2.1.7       -            159 d2g82a1c.2.1.3.aln   -            223    0.0018   13.6   0.1   1   1   6.9e-05     0.002   13.5   0.1    29    94    21    83    15   138 0.80 -
d1piwa2c.2.1.1       -            168 d2g82a1c.2.1.3.aln   -            223    0.0071   11.7   0.1   1   1   0.00032    0.0093   11.3   0.1    33    81    29    69    28   106 0.64 -
#
# Program:         hmmsearch
# Version:         3.3.2 (Nov 2020)
# Pipeline mode:   SEARCH
# Query file:      /home/elise/Documents/M1-BIM/S2/TMEs/SBAS/tme08/models/d2g82a1c.2.1.3.aln.hmm
# Target file:     /home/elise/Documents/M1-BIM/S2/TMEs/SBAS/tme08/scop/scop/scopTestSeq.fasta
# Option settings: hmmsearch --domtblout /home/elise/Documents/M1-BIM/S2/TMEs/SBAS/tme08/searchResults/d2g82a1c.2.1.3.aln.out -E 1 /home/elise/Documents/M1-BIM/S2/TMEs/SBAS/tme08/models/d2g82a1c.2.1.3.aln.hmm /home/elise/Documents/M1-BIM/S2/TMEs/SBAS/tme08/scop/scop/scopTestSeq.fasta 
# Current dir:     /home/elise/Documents/M1-BIM/S2/TMEs/SBAS/tme08
# Date:            Tue Apr  1 17:30:57 2025
# [ok]
