#                                                                            --- full sequence --- -------------- this domain -------------   hmm coord   ali coord   env coord
# target name        accession   tlen query name           accession   qlen   E-value  score  bias   #  of  c-Evalue  i-Evalue  score  bias  from    to  from    to  from    to  acc description of target
#------------------- ---------- ----- -------------------- ---------- ----- --------- ------ ----- --- --- --------- --------- ------ ----- ----- ----- ----- ----- ----- ----- ---- ---------------------
d2id6a1a.4.1.9       -             75 d2gfna1a.4.1.9.aln   -             74   3.1e-26   86.7   0.5   1   1   8.6e-28   3.2e-26   86.6   0.5     4    73     3    72     1    73 0.96 -
d1vi0a1a.4.1.9       -             72 d2gfna1a.4.1.9.aln   -             74   7.5e-26   85.4   0.1   1   1   2.1e-27     8e-26   85.3   0.1     5    72     2    69     1    71 0.96 -
d1ui5a1a.4.1.9       -             71 d2gfna1a.4.1.9.aln   -             74   6.9e-24   79.1   1.4   1   1   1.9e-25   7.2e-24   79.1   1.4     2    67     3    68     2    71 0.92 -
d2i10a1a.4.1.9       -             69 d2gfna1a.4.1.9.aln   -             74   2.5e-23   77.3   0.0   1   1   6.8e-25   2.6e-23   77.3   0.0     8    71     4    67     1    69 0.95 -
d2gena1a.4.1.9       -             70 d2gfna1a.4.1.9.aln   -             74   4.9e-23   76.4   0.4   1   1   1.4e-24   5.2e-23   76.3   0.4     5    72     1    68     1    70 0.96 -
d1rkta1a.4.1.9       -             81 d2gfna1a.4.1.9.aln   -             74   3.2e-22   73.8   0.1   1   1   9.2e-24   3.5e-22   73.7   0.1     2    73     9    80     8    81 0.96 -
d2fd5a1a.4.1.9       -             76 d2gfna1a.4.1.9.aln   -             74   5.4e-22   73.1   0.1   1   1   1.7e-23   6.3e-22   72.8   0.1     1    69     4    72     4    75 0.96 -
d1t56a1a.4.1.9       -             73 d2gfna1a.4.1.9.aln   -             74   8.7e-22   72.4   0.0   1   1   2.4e-23   9.1e-22   72.3   0.0     5    73     4    72     1    73 0.95 -
d2hyja1a.4.1.9       -             75 d2gfna1a.4.1.9.aln   -             74   3.7e-21   70.4   0.1   1   1     1e-22   3.9e-21   70.3   0.1     2    70     3    71     2    75 0.95 -
d1sgma1a.4.1.9       -             73 d2gfna1a.4.1.9.aln   -             74     5e-21   70.0   0.0   1   1   1.4e-22   5.2e-21   69.9   0.0     4    72     2    71     1    73 0.96 -
d2g7sa1a.4.1.9       -             74 d2gfna1a.4.1.9.aln   -             74   5.4e-21   69.8   0.0   1   1   1.5e-22   5.7e-21   69.8   0.0     2    72     2    72     1    74 0.96 -
d2np5a1a.4.1.9       -             69 d2gfna1a.4.1.9.aln   -             74   7.5e-21   69.4   0.2   1   1   2.1e-22   7.8e-21   69.3   0.2     6    71     3    68     1    69 0.95 -
d2oi8a1a.4.1.9       -             79 d2gfna1a.4.1.9.aln   -             74   1.7e-20   68.3   0.5   1   1   4.8e-22   1.8e-20   68.2   0.5     2    72     7    77     6    79 0.97 -
d2np3a1a.4.1.9       -             65 d2gfna1a.4.1.9.aln   -             74   2.5e-20   67.7   0.2   1   1   7.3e-22   2.7e-20   67.6   0.2     9    67     1    59     1    65 0.91 -
d1t33a1a.4.1.9       -             88 d2gfna1a.4.1.9.aln   -             74   2.6e-20   67.7   1.3   1   1   7.9e-22     3e-20   67.5   1.3     2    73    10    80     9    81 0.96 -
d2iu5a1a.4.1.9       -             71 d2gfna1a.4.1.9.aln   -             74   1.9e-19   64.9   0.1   1   1   5.2e-21     2e-19   64.8   0.1     3    67     4    69     2    71 0.94 -
d1zk8a1a.4.1.9       -             72 d2gfna1a.4.1.9.aln   -             74   1.7e-18   61.8   0.1   1   1   4.7e-20   1.8e-18   61.8   0.1     4    72     3    71     1    72 0.97 -
d2id3a1a.4.1.9       -             68 d2gfna1a.4.1.9.aln   -             74   1.5e-16   55.6   0.0   1   1   4.3e-18   1.6e-16   55.5   0.0     3    64     5    66     3    68 0.94 -
d2o7ta1a.4.1.9       -             78 d2gfna1a.4.1.9.aln   -             74   1.7e-16   55.4   0.0   1   1   4.9e-18   1.8e-16   55.3   0.0     3    72     5    76     3    78 0.88 -
d2g7ga1a.4.1.9       -             65 d2gfna1a.4.1.9.aln   -             74   4.6e-16   54.0   0.0   1   1   1.3e-17   4.9e-16   54.0   0.0     5    69     2    64     1    65 0.96 -
d2gfna1a.4.1.9       -             77 d2gfna1a.4.1.9.aln   -             74   7.7e-16   53.3   0.3   1   1   2.4e-17     9e-16   53.1   0.3     4    71     6    73     4    76 0.93 -
#
# Program:         hmmsearch
# Version:         3.3.2 (Nov 2020)
# Pipeline mode:   SEARCH
# Query file:      /home/elise/Documents/M1-BIM/S2/TMEs/SBAS/tme08/models/d2gfna1a.4.1.9.aln.hmm
# Target file:     /home/elise/Documents/M1-BIM/S2/TMEs/SBAS/tme08/scop/scop/scopTestSeq.fasta
# Option settings: hmmsearch --domtblout /home/elise/Documents/M1-BIM/S2/TMEs/SBAS/tme08/searchResults/d2gfna1a.4.1.9.aln.out -E 1 /home/elise/Documents/M1-BIM/S2/TMEs/SBAS/tme08/models/d2gfna1a.4.1.9.aln.hmm /home/elise/Documents/M1-BIM/S2/TMEs/SBAS/tme08/scop/scop/scopTestSeq.fasta 
# Current dir:     /home/elise/Documents/M1-BIM/S2/TMEs/SBAS/tme08
# Date:            Tue Apr  1 17:30:58 2025
# [ok]
