#                                                                            --- full sequence --- -------------- this domain -------------   hmm coord   ali coord   env coord
# target name        accession   tlen query name           accession   qlen   E-value  score  bias   #  of  c-Evalue  i-Evalue  score  bias  from    to  from    to  from    to  acc description of target
#------------------- ---------- ----- -------------------- ---------- ----- --------- ------ ----- --- --- --------- --------- ------ ----- ----- ----- ----- ----- ----- ----- ---- ---------------------
d1z0xa2a.121.1.1     -            149 d2gfna2a.121.1.1.aln -            119   5.2e-20   66.7   0.0   1   1   2.2e-21   5.9e-20   66.5   0.0     2   118     2   142     1   143 0.98 -
d2id3a2a.121.1.1     -            123 d2gfna2a.121.1.1.aln -            119   1.4e-18   62.1   5.8   1   1   5.6e-20   1.5e-18   62.0   5.8     3   118     4   121     2   122 0.96 -
d2g7sa2a.121.1.1     -            116 d2gfna2a.121.1.1.aln -            119   1.9e-18   61.7   1.4   1   1   7.9e-20   2.1e-18   61.5   1.4     2   117     2   115     1   116 0.97 -
d1rkta2a.121.1.1     -            123 d2gfna2a.121.1.1.aln -            119   4.3e-18   60.5   0.0   1   1   1.7e-19   4.6e-18   60.4   0.0     8   117     3   122     1   123 0.96 -
d2hyja2a.121.1.1     -            118 d2gfna2a.121.1.1.aln -            119   4.7e-18   60.4   4.1   1   1   1.9e-19     5e-18   60.3   4.1     4   117     5   116     2   118 0.96 -
d2fx0a2a.121.1.1     -            122 d2gfna2a.121.1.1.aln -            119   7.1e-18   59.8   0.0   1   1   2.9e-19   7.6e-18   59.7   0.0     2   117     2   120     1   122 0.98 -
d2i10a2a.121.1.1     -            116 d2gfna2a.121.1.1.aln -            119   8.4e-18   59.6   1.8   1   1   3.4e-19     9e-18   59.5   1.8     3   116     4   113     2   116 0.94 -
d1t56a2a.121.1.1     -            120 d2gfna2a.121.1.1.aln -            119   1.1e-17   59.2   1.7   1   1     5e-19   1.3e-17   59.0   1.7     4   116     2   117     1   119 0.98 -
d2fbqa2a.121.1.1     -            134 d2gfna2a.121.1.1.aln -            119   2.5e-17   58.1   0.1   1   1   1.1e-18   2.8e-17   57.9   0.1     3   118     7   125     5   126 0.97 -
d2gena2a.121.1.1     -            118 d2gfna2a.121.1.1.aln -            119     1e-16   56.1   5.5   1   1   4.2e-18   1.1e-16   56.0   5.5     2   118     4   117     3   118 0.97 -
d1vi0a2a.121.1.1     -            117 d2gfna2a.121.1.1.aln -            119   2.7e-16   54.8   0.0   1   1   1.1e-17   2.9e-16   54.7   0.0     7   118     3   116     1   117 0.97 -
d1t33a2a.121.1.1     -            132 d2gfna2a.121.1.1.aln -            119   6.6e-16   53.5   0.2   1   1   2.8e-17   7.4e-16   53.4   0.2     1   117     4   124     4   126 0.98 -
d3c07a2a.121.1.1     -            146 d2gfna2a.121.1.1.aln -            119     1e-15   52.9   1.0   1   1   4.5e-17   1.2e-15   52.7   1.0     5   117    12   133     8   135 0.96 -
d2g7la2a.121.1.1     -            144 d2gfna2a.121.1.1.aln -            119   1.4e-15   52.5   6.0   1   1   5.9e-17   1.5e-15   52.4   6.0     2   117     4   136     3   138 0.91 -
d2id6a2a.121.1.1     -            125 d2gfna2a.121.1.1.aln -            119   1.5e-15   52.4   0.0   1   1   6.3e-17   1.7e-15   52.3   0.0     2   118     2   121     1   122 0.97 -
d2g3ba2a.121.1.1     -            116 d2gfna2a.121.1.1.aln -            119   3.1e-15   51.4   1.6   1   1   1.3e-16   3.4e-15   51.3   1.6     3   118     2   113     1   114 0.97 -
d2g7ga2a.121.1.1     -            132 d2gfna2a.121.1.1.aln -            119   3.7e-15   51.1   7.6   1   1   1.6e-16   4.1e-15   51.0   7.6     2   118     2   126     1   127 0.98 -
d2iu5a2a.121.1.1     -            109 d2gfna2a.121.1.1.aln -            119   6.5e-15   50.4   0.0   1   1   2.6e-16     7e-15   50.3   0.0     9   117     2   108     1   109 0.96 -
d2d6ya2a.121.1.1     -            118 d2gfna2a.121.1.1.aln -            119   1.7e-14   49.0   1.1   1   1   7.1e-16   1.9e-14   48.9   1.1     3   117     5   117     3   118 0.96 -
d2hkua2a.121.1.1     -            121 d2gfna2a.121.1.1.aln -            119   2.7e-14   48.4   0.1   1   1   1.1e-15   2.9e-14   48.3   0.1     7   117     4   113     1   115 0.95 -
d2fq4a2a.121.1.1     -            115 d2gfna2a.121.1.1.aln -            119   8.3e-14   46.8   0.0   1   1   3.4e-15   8.9e-14   46.7   0.0     5   118     3   114     1   115 0.97 -
d2oi8a2a.121.1.1     -            130 d2gfna2a.121.1.1.aln -            119   1.2e-13   46.3   1.7   1   1     5e-15   1.3e-13   46.2   1.7     1   103     1   103     1   125 0.91 -
d1ui5a2a.121.1.1     -            133 d2gfna2a.121.1.1.aln -            119   4.4e-13   44.5   0.7   1   1   1.9e-14   4.9e-13   44.3   0.7     3   117     5   126     3   128 0.95 -
d1zk8a2a.121.1.1     -            105 d2gfna2a.121.1.1.aln -            119   5.9e-12   40.9   0.0   1   1   2.4e-13   6.4e-12   40.8   0.0     9   117     2   105     1   105 0.97 -
d2fd5a2a.121.1.1     -            104 d2gfna2a.121.1.1.aln -            119   8.8e-12   40.3   1.6   1   1   3.6e-13   9.5e-12   40.2   1.6    11   116     2   103     1   104 0.95 -
d2o7ta2a.121.1.1     -            110 d2gfna2a.121.1.1.aln -            119   1.1e-11   40.0   0.0   1   1   4.4e-13   1.2e-11   39.9   0.0    13   118     5   107     1   108 0.97 -
d2np3a2a.121.1.1     -            112 d2gfna2a.121.1.1.aln -            119   1.3e-11   39.8   4.8   1   1   5.1e-13   1.4e-11   39.7   4.8     2   114     2   110     1   112 0.97 -
d1sgma2a.121.1.1     -            111 d2gfna2a.121.1.1.aln -            119   1.4e-11   39.7   0.0   1   1   5.5e-13   1.4e-11   39.6   0.0     7   112     4   106     1   111 0.93 -
d2np5a2a.121.1.1     -            118 d2gfna2a.121.1.1.aln -            119   1.7e-09   33.0   3.1   1   1   7.3e-11   1.9e-09   32.8   3.1     2   117     4   115     3   117 0.93 -
d2gfna2a.121.1.1     -            119 d2gfna2a.121.1.1.aln -            119    0.0032   12.9   4.0   1   1   0.00018    0.0048   12.3   4.0    33    95    32    95     8   117 0.82 -
#
# Program:         hmmsearch
# Version:         3.3.2 (Nov 2020)
# Pipeline mode:   SEARCH
# Query file:      /home/elise/Documents/M1-BIM/S2/TMEs/SBAS/tme08/models/d2gfna2a.121.1.1.aln.hmm
# Target file:     /home/elise/Documents/M1-BIM/S2/TMEs/SBAS/tme08/scop/scop/scopTestSeq.fasta
# Option settings: hmmsearch --domtblout /home/elise/Documents/M1-BIM/S2/TMEs/SBAS/tme08/searchResults/d2gfna2a.121.1.1.aln.out -E 1 /home/elise/Documents/M1-BIM/S2/TMEs/SBAS/tme08/models/d2gfna2a.121.1.1.aln.hmm /home/elise/Documents/M1-BIM/S2/TMEs/SBAS/tme08/scop/scop/scopTestSeq.fasta 
# Current dir:     /home/elise/Documents/M1-BIM/S2/TMEs/SBAS/tme08
# Date:            Tue Apr  1 17:30:58 2025
# [ok]
