#                                                                            --- full sequence --- -------------- this domain -------------   hmm coord   ali coord   env coord
# target name        accession   tlen query name           accession   qlen   E-value  score  bias   #  of  c-Evalue  i-Evalue  score  bias  from    to  from    to  from    to  acc description of target
#------------------- ---------- ----- -------------------- ---------- ----- --------- ------ ----- --- --- --------- --------- ------ ----- ----- ----- ----- ----- ----- ----- ---- ---------------------
d2iida1c.3.1.2       -            371 d2gmha1c.3.1.2.aln   -            368   5.7e-99  327.2   0.0   1   1  1.9e-100   6.4e-99  327.1   0.0     2   349    28   371    27   371 0.99 -
d2f5va1c.3.1.2       -            380 d2gmha1c.3.1.2.aln   -            368   1.1e-94  313.2   0.0   1   1   3.7e-96   1.2e-94  313.0   0.0     1   367     1   375     1   376 0.99 -
d1n4wa1c.3.1.2       -            368 d2gmha1c.3.1.2.aln   -            368   2.6e-93  308.6   0.4   1   1   8.9e-95   2.9e-93  308.5   0.4     2   367    16   367    15   368 0.99 -
d2dw4a2c.3.1.2       -            450 d2gmha1c.3.1.2.aln   -            368   1.4e-92  306.2   0.6   1   2   7.6e-12   2.5e-10   35.6   0.3     7    47     8    48     5    49 0.96 -
d2dw4a2c.3.1.2       -            450 d2gmha1c.3.1.2.aln   -            368   1.4e-92  306.2   0.6   2   2   3.3e-85   1.1e-83  277.0   0.0     9   368    39   410    37   410 0.99 -
d1b5qa1c.3.1.2       -            348 d2gmha1c.3.1.2.aln   -            368   2.9e-88  292.0   0.2   1   1   9.7e-90   3.2e-88  291.9   0.2     5   352     1   348     1   348 1.00 -
d1seza1c.3.1.2       -            374 d2gmha1c.3.1.2.aln   -            368   3.8e-87  288.3   0.0   1   1   1.3e-88   4.2e-87  288.2   0.0     5   367     2   366     1   367 0.99 -
d1kdga1c.3.1.2       -            361 d2gmha1c.3.1.2.aln   -            368   1.1e-86  286.9   0.0   1   1   3.6e-88   1.2e-86  286.7   0.0     3   366     1   358     1   360 0.99 -
d1pn0a1c.3.1.2       -            361 d2gmha1c.3.1.2.aln   -            368   2.2e-83  276.0   0.0   1   1   7.4e-85   2.4e-83  275.8   0.0     2   366     5   360     4   361 0.99 -
d1ju2a1c.3.1.2       -            352 d2gmha1c.3.1.2.aln   -            368   7.5e-74  244.6   0.4   1   1   2.6e-75   8.4e-74  244.4   0.4     3   366    26   348    24   350 0.98 -
d2ivda1c.3.1.2       -            348 d2gmha1c.3.1.2.aln   -            368   7.3e-67  221.6   1.2   1   1   2.5e-68   8.2e-67  221.4   1.2     5   367     1   346     1   347 0.99 -
d1pj5a2c.3.1.2       -            306 d2gmha1c.3.1.2.aln   -            368   1.9e-58  193.9   0.1   1   1   6.6e-60   2.2e-58  193.7   0.1     5   366     2   305     1   306 0.98 -
d1k0ia1c.3.1.2       -            293 d2gmha1c.3.1.2.aln   -            368   6.3e-58  192.2   0.0   1   1   2.1e-59     7e-58  192.0   0.0     4   359     2   293     1   293 0.99 -
d3c96a1c.3.1.2       -            289 d2gmha1c.3.1.2.aln   -            368   3.3e-55  183.2   0.8   1   1   1.1e-56   3.7e-55  183.1   0.8     4   354     1   288     1   289 0.99 -
d1ryia1c.3.1.2       -            277 d2gmha1c.3.1.2.aln   -            368   5.9e-55  182.4   0.0   1   1     2e-56   6.7e-55  182.2   0.0     1   344     1   275     1   277 0.98 -
d2gf3a1c.3.1.2       -            282 d2gmha1c.3.1.2.aln   -            368   1.5e-52  174.5   0.0   1   1   5.1e-54   1.7e-52  174.3   0.0     2   351     1   281     1   282 0.99 -
d2voua1c.3.1.2       -            266 d2gmha1c.3.1.2.aln   -            368   2.8e-48  160.4   0.5   1   1   1.1e-49   3.6e-48  160.1   0.5     2   348     2   263     1   266 0.98 -
d1nhpa2c.3.1.5       -            123 d2gmha1c.3.1.2.aln   -            368   2.3e-06   22.5   0.1   1   1   7.1e-08   2.3e-06   22.5   0.1     6    41    32    67     9   116 0.91 -
d1v59a2c.3.1.5       -            122 d2gmha1c.3.1.2.aln   -            368   9.8e-06   20.4   0.3   1   1     3e-07   9.8e-06   20.4   0.3     3    34    22    53    20   116 0.94 -
d2gmha1c.3.1.2       -            381 d2gmha1c.3.1.2.aln   -            368   6.6e-05   17.7   0.5   1   1   3.4e-06   0.00011   17.0   0.5     6    25    34    53    33    55 0.94 -
d1w4xa1c.3.1.5       -            299 d2gmha1c.3.1.2.aln   -            368     8e-05   17.4   0.3   1   1   3.9e-06   0.00013   16.8   0.3     6    44     9    47     8    54 0.93 -
d2gv8a1c.3.1.5       -            336 d2gmha1c.3.1.2.aln   -            368   0.00017   16.4   0.0   1   1   7.3e-06   0.00024   15.9   0.0     7    56     7    61     3    97 0.81 -
d1xhca2c.3.1.5       -            122 d2gmha1c.3.1.2.aln   -            368   0.00025   15.8   0.7   1   1   1.1e-05   0.00036   15.3   0.7     7    37    35    65    34    69 0.92 -
d1v59a1c.3.1.5       -            234 d2gmha1c.3.1.2.aln   -            368   0.00049   14.9   1.2   1   2     2e-05   0.00067   14.4   0.5     6    41     7    42     6    44 0.96 -
d1v59a1c.3.1.5       -            234 d2gmha1c.3.1.2.aln   -            368   0.00049   14.9   1.2   2   2       3.7   1.2e+02   -2.9   0.0    75   107    92   124    74   127 0.70 -
d1fl2a1c.3.1.5       -            185 d2gmha1c.3.1.2.aln   -            368     0.009   10.7   1.1   1   1   0.00038     0.012   10.2   1.1     4    28     1    25     1    35 0.87 -
#
# Program:         hmmsearch
# Version:         3.3.2 (Nov 2020)
# Pipeline mode:   SEARCH
# Query file:      /home/elise/Documents/M1-BIM/S2/TMEs/SBAS/tme08/models/d2gmha1c.3.1.2.aln.hmm
# Target file:     /home/elise/Documents/M1-BIM/S2/TMEs/SBAS/tme08/scop/scop/scopTestSeq.fasta
# Option settings: hmmsearch --domtblout /home/elise/Documents/M1-BIM/S2/TMEs/SBAS/tme08/searchResults/d2gmha1c.3.1.2.aln.out -E 1 /home/elise/Documents/M1-BIM/S2/TMEs/SBAS/tme08/models/d2gmha1c.3.1.2.aln.hmm /home/elise/Documents/M1-BIM/S2/TMEs/SBAS/tme08/scop/scop/scopTestSeq.fasta 
# Current dir:     /home/elise/Documents/M1-BIM/S2/TMEs/SBAS/tme08
# Date:            Tue Apr  1 17:30:58 2025
# [ok]
