#                                                                            --- full sequence --- -------------- this domain -------------   hmm coord   ali coord   env coord
# target name        accession   tlen query name           accession   qlen   E-value  score  bias   #  of  c-Evalue  i-Evalue  score  bias  from    to  from    to  from    to  acc description of target
#------------------- ---------- ----- -------------------- ---------- ----- --------- ------ ----- --- --- --------- --------- ------ ----- ----- ----- ----- ----- ----- ----- ---- ---------------------
d3bmva4c.1.8.1       -            406 d2guya2c.1.8.1.aln   -            415  4.7e-111  367.2  19.1   1   1  1.3e-112  5.3e-111  367.1  19.1     6   414     8   406     3   406 0.97 -
d1e43a2c.1.8.1       -            393 d2guya2c.1.8.1.aln   -            415  1.7e-101  335.7  18.5   1   1  4.8e-103  1.9e-101  335.6  18.5    12   408     2   393     1   393 0.98 -
d1uoka2c.1.8.1       -            479 d2guya2c.1.8.1.aln   -            415   3.7e-91  301.7  19.8   1   1   1.1e-92   4.2e-91  301.5  19.8     7   414     3   479     1   479 0.99 -
d1wzaa2c.1.8.1       -            409 d2guya2c.1.8.1.aln   -            415   4.7e-90  298.1  20.6   1   1   1.3e-91   5.2e-90  297.9  20.6    10   413     2   408     1   409 0.97 -
d1ji1a3c.1.8.1       -            432 d2guya2c.1.8.1.aln   -            415     2e-87  289.4  27.3   1   1   5.6e-89   2.2e-87  289.2  27.3     3   414     1   431     1   432 0.99 -
d1h3ga3c.1.8.1       -            422 d2guya2c.1.8.1.aln   -            415   6.8e-81  267.9  14.9   1   1   1.9e-82   7.6e-81  267.7  14.9     3   414     2   421     1   422 0.96 -
d2guya2c.1.8.1       -            381 d2guya2c.1.8.1.aln   -            415   1.7e-74  246.8  11.2   1   1   5.3e-76   2.1e-74  246.5  11.2     6   407     2   370     1   372 0.97 -
d1wdpa_c.1.8.1       -            493 d2guya2c.1.8.1.aln   -            415     1e-72  240.9   1.2   1   1   2.9e-74   1.1e-72  240.8   1.2     3   412     7   491     5   493 0.98 -
d1ht6a2c.1.8.1       -            347 d2guya2c.1.8.1.aln   -            415   1.2e-68  227.5  11.0   1   1   3.5e-70   1.4e-68  227.3  11.0    12   409     1   346     1   347 0.98 -
d1bf2a3c.1.8.1       -            475 d2guya2c.1.8.1.aln   -            415   2.3e-66  220.0  18.5   1   1   6.5e-68   2.6e-66  219.9  18.5     3   414     7   472     5   473 0.98 -
d2bhua3c.1.8.1       -            420 d2guya2c.1.8.1.aln   -            415   3.2e-66  219.6   5.6   1   1   8.9e-68   3.5e-66  219.4   5.6     5   414     9   419     5   420 0.97 -
d1x1na1c.1.8.1       -            523 d2guya2c.1.8.1.aln   -            415   6.3e-62  205.4   0.4   1   1   1.8e-63   7.2e-62  205.2   0.4     1   414    33   522    33   523 0.98 -
d1m7xa3c.1.8.1       -            396 d2guya2c.1.8.1.aln   -            415   6.9e-61  202.0  24.0   1   1   1.9e-62   7.7e-61  201.8  24.0     5   414     9   392     5   393 0.97 -
d1g5aa2c.1.8.1       -            554 d2guya2c.1.8.1.aln   -            415   3.5e-58  193.1   5.5   1   1   1.5e-59     6e-58  192.3   5.5     5   414    47   553    43   554 0.98 -
d1ua7a2c.1.8.1       -            344 d2guya2c.1.8.1.aln   -            415   1.4e-56  187.8  13.0   1   1   4.2e-58   1.7e-56  187.5  13.0    34   410    11   341     2   344 0.95 -
d1gjwa2c.1.8.1       -            572 d2guya2c.1.8.1.aln   -            415   5.7e-53  175.9   0.1   1   1   1.7e-54   6.8e-53  175.7   0.1     2   413    44   570    43   572 0.94 -
d2fhfa5c.1.8.1       -            563 d2guya2c.1.8.1.aln   -            415     7e-50  165.7   0.9   1   1   2.4e-51   9.5e-50  165.3   0.9     2   414    26   562    25   563 0.98 -
d1r7aa2c.1.8.1       -            434 d2guya2c.1.8.1.aln   -            415     8e-46  152.4   0.1   1   1   2.3e-47   8.9e-46  152.2   0.1     4   414     8   431     5   432 0.99 -
d1vema2c.1.8.1       -            417 d2guya2c.1.8.1.aln   -            415   2.7e-45  150.6  10.1   1   1   7.5e-47     3e-45  150.5  10.1     9   413     8   412     1   414 0.95 -
d1kwga2c.1.8.1       -            393 d2guya2c.1.8.1.aln   -            415   7.7e-43  142.5   0.2   1   1   2.2e-44   8.6e-43  142.4   0.2     3   413     4   391     2   393 0.98 -
#
# Program:         hmmsearch
# Version:         3.3.2 (Nov 2020)
# Pipeline mode:   SEARCH
# Query file:      /home/elise/Documents/M1-BIM/S2/TMEs/SBAS/tme08/models/d2guya2c.1.8.1.aln.hmm
# Target file:     /home/elise/Documents/M1-BIM/S2/TMEs/SBAS/tme08/scop/scop/scopTestSeq.fasta
# Option settings: hmmsearch --domtblout /home/elise/Documents/M1-BIM/S2/TMEs/SBAS/tme08/searchResults/d2guya2c.1.8.1.aln.out -E 1 /home/elise/Documents/M1-BIM/S2/TMEs/SBAS/tme08/models/d2guya2c.1.8.1.aln.hmm /home/elise/Documents/M1-BIM/S2/TMEs/SBAS/tme08/scop/scop/scopTestSeq.fasta 
# Current dir:     /home/elise/Documents/M1-BIM/S2/TMEs/SBAS/tme08
# Date:            Tue Apr  1 17:30:58 2025
# [ok]
