#                                                                            --- full sequence --- -------------- this domain -------------   hmm coord   ali coord   env coord
# target name        accession   tlen query name           accession   qlen   E-value  score  bias   #  of  c-Evalue  i-Evalue  score  bias  from    to  from    to  from    to  acc description of target
#------------------- ---------- ----- -------------------- ---------- ----- --------- ------ ----- --- --- --------- --------- ------ ----- ----- ----- ----- ----- ----- ----- ---- ---------------------
d2x4da_c.108.1.0     -            270 d2hx1a_c.108.1.0.aln -            235   2.5e-62  205.8   0.0   1   1   3.2e-64   2.8e-62  205.7   0.0     3   234    12   268    10   269 0.99 -
d2hoqa_c.108.1.0     -            237 d2hx1a_c.108.1.0.aln -            235   1.1e-61  203.7   0.2   1   1   1.4e-63   1.3e-61  203.6   0.2     2   234     1   227     1   228 0.99 -
d3qnma_c.108.1.0     -            231 d2hx1a_c.108.1.0.aln -            235   8.5e-57  187.7   0.0   1   1   1.1e-58   9.5e-57  187.6   0.0     2   232     2   231     1   231 0.99 -
d3fzqa_c.108.1.0     -            271 d2hx1a_c.108.1.0.aln -            235     2e-54  180.0   3.0   1   1   2.6e-56   2.3e-54  179.8   3.0     3   234     2   266     1   267 0.99 -
d3dnpa_c.108.1.0     -            275 d2hx1a_c.108.1.0.aln -            235   2.4e-54  179.7   0.6   1   1   3.1e-56   2.7e-54  179.5   0.6     4   234     2   266     1   267 0.99 -
d2hi0a_c.108.1.0     -            240 d2hx1a_c.108.1.0.aln -            235   1.2e-48  161.1   0.0   1   1   1.5e-50   1.3e-48  161.0   0.0     1   233     2   239     2   240 0.98 -
d2w43a_c.108.1.0     -            201 d2hx1a_c.108.1.0.aln -            235   3.4e-41  136.7   1.4   1   1   4.3e-43   3.8e-41  136.5   1.4     4   234     2   200     1   201 0.96 -
d2hx1a_c.108.1.0     -            284 d2hx1a_c.108.1.0.aln -            235   1.2e-15   53.0   0.0   1   1   1.5e-16   1.3e-14   49.7   0.0     2   223    13   279    12   280 0.77 -
d1x1na1c.1.8.1       -            523 d2hx1a_c.108.1.0.aln -            235    0.0024   12.8   0.0   1   1   4.3e-05    0.0038   12.2   0.0   139   213   337   410   333   422 0.91 -
#
# Program:         hmmsearch
# Version:         3.3.2 (Nov 2020)
# Pipeline mode:   SEARCH
# Query file:      /home/elise/Documents/M1-BIM/S2/TMEs/SBAS/tme08/models/d2hx1a_c.108.1.0.aln.hmm
# Target file:     /home/elise/Documents/M1-BIM/S2/TMEs/SBAS/tme08/scop/scop/scopTestSeq.fasta
# Option settings: hmmsearch --domtblout /home/elise/Documents/M1-BIM/S2/TMEs/SBAS/tme08/searchResults/d2hx1a_c.108.1.0.aln.out -E 1 /home/elise/Documents/M1-BIM/S2/TMEs/SBAS/tme08/models/d2hx1a_c.108.1.0.aln.hmm /home/elise/Documents/M1-BIM/S2/TMEs/SBAS/tme08/scop/scop/scopTestSeq.fasta 
# Current dir:     /home/elise/Documents/M1-BIM/S2/TMEs/SBAS/tme08
# Date:            Tue Apr  1 17:30:59 2025
# [ok]
