#                                                                            --- full sequence --- -------------- this domain -------------   hmm coord   ali coord   env coord
# target name        accession   tlen query name           accession   qlen   E-value  score  bias   #  of  c-Evalue  i-Evalue  score  bias  from    to  from    to  from    to  acc description of target
#------------------- ---------- ----- -------------------- ---------- ----- --------- ------ ----- --- --- --------- --------- ------ ----- ----- ----- ----- ----- ----- ----- ---- ---------------------
d2id6a1a.4.1.9       -             75 d2hyja1a.4.1.9.aln   -             74   1.4e-26   87.7   0.4   1   1   3.8e-28   1.4e-26   87.7   0.4     4    73     3    72     1    73 0.96 -
d1vi0a1a.4.1.9       -             72 d2hyja1a.4.1.9.aln   -             74   1.1e-25   84.8   0.1   1   1   3.2e-27   1.2e-25   84.7   0.1     5    72     2    69     1    71 0.96 -
d1ui5a1a.4.1.9       -             71 d2hyja1a.4.1.9.aln   -             74   8.4e-24   78.8   1.4   1   1   2.3e-25   8.8e-24   78.7   1.4     2    68     3    69     2    71 0.92 -
d2i10a1a.4.1.9       -             69 d2hyja1a.4.1.9.aln   -             74   3.9e-23   76.7   0.0   1   1   1.1e-24     4e-23   76.6   0.0     8    71     4    67     1    69 0.95 -
d2gena1a.4.1.9       -             70 d2hyja1a.4.1.9.aln   -             74   4.6e-23   76.5   0.4   1   1   1.3e-24   4.8e-23   76.4   0.4     5    71     1    67     1    70 0.96 -
d1rkta1a.4.1.9       -             81 d2hyja1a.4.1.9.aln   -             74   1.6e-22   74.7   0.1   1   1   4.7e-24   1.8e-22   74.6   0.1     2    73     9    80     8    81 0.97 -
d2gfna1a.4.1.9       -             77 d2hyja1a.4.1.9.aln   -             74   3.8e-22   73.5   0.3   1   1   1.1e-23     4e-22   73.4   0.3     2    73     4    75     3    76 0.96 -
d1t56a1a.4.1.9       -             73 d2hyja1a.4.1.9.aln   -             74     7e-22   72.7   0.0   1   1   1.9e-23   7.3e-22   72.6   0.0     4    73     3    72     1    73 0.96 -
d2fd5a1a.4.1.9       -             76 d2hyja1a.4.1.9.aln   -             74   1.2e-21   71.9   0.0   1   1   3.4e-23   1.3e-21   71.8   0.0     1    70     4    73     4    76 0.96 -
d2oi8a1a.4.1.9       -             79 d2hyja1a.4.1.9.aln   -             74   3.2e-21   70.5   0.6   1   1   9.2e-23   3.5e-21   70.4   0.6     2    72     7    77     6    79 0.97 -
d1sgma1a.4.1.9       -             73 d2hyja1a.4.1.9.aln   -             74   4.3e-21   70.1   0.0   1   1   1.2e-22   4.6e-21   70.0   0.0     4    73     2    72     1    73 0.96 -
d2g7sa1a.4.1.9       -             74 d2hyja1a.4.1.9.aln   -             74   5.3e-21   69.8   0.0   1   1   1.5e-22   5.5e-21   69.8   0.0     2    72     2    72     1    74 0.95 -
d2np5a1a.4.1.9       -             69 d2hyja1a.4.1.9.aln   -             74   7.7e-21   69.3   0.2   1   1   2.1e-22     8e-21   69.3   0.2     6    70     3    67     1    69 0.95 -
d1t33a1a.4.1.9       -             88 d2hyja1a.4.1.9.aln   -             74   1.1e-20   68.9   1.2   1   1   3.3e-22   1.2e-20   68.7   1.2     2    73    10    80     9    81 0.94 -
d2np3a1a.4.1.9       -             65 d2hyja1a.4.1.9.aln   -             74   2.8e-20   67.5   0.2   1   1   8.2e-22   3.1e-20   67.4   0.2     9    68     1    60     1    65 0.91 -
d2iu5a1a.4.1.9       -             71 d2hyja1a.4.1.9.aln   -             74   2.6e-19   64.4   0.1   1   1   7.1e-21   2.7e-19   64.4   0.1     3    67     4    69     2    71 0.93 -
d1zk8a1a.4.1.9       -             72 d2hyja1a.4.1.9.aln   -             74   3.7e-18   60.7   0.1   1   1     1e-19   3.9e-18   60.7   0.1     4    72     3    71     1    72 0.97 -
d2o7ta1a.4.1.9       -             78 d2hyja1a.4.1.9.aln   -             74   1.4e-16   55.6   0.0   1   1   4.1e-18   1.5e-16   55.5   0.0     3    72     5    76     3    78 0.90 -
d2id3a1a.4.1.9       -             68 d2hyja1a.4.1.9.aln   -             74   2.4e-16   54.9   0.1   1   1   6.6e-18   2.5e-16   54.9   0.1     3    64     5    66     3    68 0.94 -
d2g7ga1a.4.1.9       -             65 d2hyja1a.4.1.9.aln   -             74   3.3e-16   54.5   0.0   1   1   9.2e-18   3.5e-16   54.4   0.0     5    69     2    64     1    65 0.96 -
d2hyja1a.4.1.9       -             75 d2hyja1a.4.1.9.aln   -             74   3.9e-14   47.8   0.1   1   1     1e-15   3.9e-14   47.8   0.1     3    62     4    63     2    75 0.87 -
#
# Program:         hmmsearch
# Version:         3.3.2 (Nov 2020)
# Pipeline mode:   SEARCH
# Query file:      /home/elise/Documents/M1-BIM/S2/TMEs/SBAS/tme08/models/d2hyja1a.4.1.9.aln.hmm
# Target file:     /home/elise/Documents/M1-BIM/S2/TMEs/SBAS/tme08/scop/scop/scopTestSeq.fasta
# Option settings: hmmsearch --domtblout /home/elise/Documents/M1-BIM/S2/TMEs/SBAS/tme08/searchResults/d2hyja1a.4.1.9.aln.out -E 1 /home/elise/Documents/M1-BIM/S2/TMEs/SBAS/tme08/models/d2hyja1a.4.1.9.aln.hmm /home/elise/Documents/M1-BIM/S2/TMEs/SBAS/tme08/scop/scop/scopTestSeq.fasta 
# Current dir:     /home/elise/Documents/M1-BIM/S2/TMEs/SBAS/tme08
# Date:            Tue Apr  1 17:30:59 2025
# [ok]
