#                                                                            --- full sequence --- -------------- this domain -------------   hmm coord   ali coord   env coord
# target name        accession   tlen query name           accession   qlen   E-value  score  bias   #  of  c-Evalue  i-Evalue  score  bias  from    to  from    to  from    to  acc description of target
#------------------- ---------- ----- -------------------- ---------- ----- --------- ------ ----- --- --- --------- --------- ------ ----- ----- ----- ----- ----- ----- ----- ---- ---------------------
d2d6ya2a.121.1.1     -            118 d2id3a2a.121.1.1.aln -            121   4.9e-19   64.5   0.8   1   1     2e-20   5.3e-19   64.3   0.8     5   119     2   116     1   118 0.98 -
d2g7sa2a.121.1.1     -            116 d2id3a2a.121.1.1.aln -            121   6.4e-19   64.1   1.1   1   1   2.5e-20   6.9e-19   64.0   1.1     2   117     2   115     1   116 0.97 -
d1z0xa2a.121.1.1     -            149 d2id3a2a.121.1.1.aln -            121   1.3e-18   63.1   0.0   1   1   6.3e-20   1.7e-18   62.7   0.0     2   120     2   134     1   135 0.98 -
d2g7la2a.121.1.1     -            144 d2id3a2a.121.1.1.aln -            121   2.3e-18   62.3   6.7   1   1   9.9e-20   2.7e-18   62.1   6.7     1   119     1   120     1   122 0.98 -
d2id6a2a.121.1.1     -            125 d2id3a2a.121.1.1.aln -            121   2.9e-18   62.0   0.0   1   1   1.2e-19   3.1e-18   61.9   0.0     2   119     2   120     1   122 0.97 -
d2g7ga2a.121.1.1     -            132 d2id3a2a.121.1.1.aln -            121   1.1e-17   60.2   6.6   1   1   4.7e-19   1.3e-17   59.9   6.6     2   117     2   117     1   119 0.97 -
d1t56a2a.121.1.1     -            120 d2id3a2a.121.1.1.aln -            121   1.5e-17   59.7   1.5   1   1   6.1e-19   1.7e-17   59.6   1.5     2   118     4   119     3   120 0.98 -
d2fx0a2a.121.1.1     -            122 d2id3a2a.121.1.1.aln -            121   1.8e-17   59.4   0.0   1   1   7.2e-19     2e-17   59.3   0.0     9   120     5   117     1   118 0.97 -
d3c07a2a.121.1.1     -            146 d2id3a2a.121.1.1.aln -            121   5.5e-17   57.9   1.2   1   1   2.5e-18   6.8e-17   57.6   1.2     2   119     2   126     1   128 0.95 -
d1ui5a2a.121.1.1     -            133 d2id3a2a.121.1.1.aln -            121     6e-17   57.8   0.1   1   1   2.5e-18   6.7e-17   57.6   0.1     2   118     2   121     1   124 0.98 -
d2g3ba2a.121.1.1     -            116 d2id3a2a.121.1.1.aln -            121   6.4e-16   54.5   1.2   1   1   2.6e-17     7e-16   54.4   1.2     5   119     2   115     1   116 0.98 -
d1t33a2a.121.1.1     -            132 d2id3a2a.121.1.1.aln -            121   1.2e-15   53.6   0.1   1   1     5e-17   1.4e-15   53.4   0.1     2   119     2   119     1   121 0.98 -
d2gena2a.121.1.1     -            118 d2id3a2a.121.1.1.aln -            121   1.5e-15   53.3   4.7   1   1     6e-17   1.6e-15   53.2   4.7     2   117     2   117     1   118 0.98 -
d2fbqa2a.121.1.1     -            134 d2id3a2a.121.1.1.aln -            121   1.6e-15   53.2   0.1   1   1   6.4e-17   1.7e-15   53.1   0.1     2   120     4   125     3   126 0.97 -
d2i10a2a.121.1.1     -            116 d2id3a2a.121.1.1.aln -            121   1.1e-14   50.5   1.4   1   1   4.5e-16   1.2e-14   50.4   1.4     2   117     2   114     1   116 0.97 -
d2gfna2a.121.1.1     -            119 d2id3a2a.121.1.1.aln -            121   2.3e-14   49.5   5.0   1   1   9.2e-16   2.5e-14   49.4   5.0     3   120     3   116     1   117 0.97 -
d2oi8a2a.121.1.1     -            130 d2id3a2a.121.1.1.aln -            121   5.2e-14   48.3   1.7   1   1   2.1e-15   5.7e-14   48.2   1.7     3   119     2   121     1   123 0.97 -
d1zk8a2a.121.1.1     -            105 d2id3a2a.121.1.1.aln -            121   5.3e-14   48.3   0.0   1   1   2.1e-15   5.6e-14   48.3   0.0     3   102     3   103     1   105 0.95 -
d2iu5a2a.121.1.1     -            109 d2id3a2a.121.1.1.aln -            121   5.8e-14   48.2   0.0   1   1   2.3e-15   6.3e-14   48.1   0.0     8   114     2   107     1   109 0.97 -
d2hkua2a.121.1.1     -            121 d2id3a2a.121.1.1.aln -            121   8.5e-14   47.7   0.1   1   1   3.4e-15   9.3e-14   47.5   0.1     5   120     1   115     1   116 0.97 -
d2hyja2a.121.1.1     -            118 d2id3a2a.121.1.1.aln -            121   1.2e-13   47.2   3.1   1   1   4.5e-15   1.2e-13   47.2   3.1     7   118     6   116     1   118 0.94 -
d1sgma2a.121.1.1     -            111 d2id3a2a.121.1.1.aln -            121   2.9e-13   46.0   0.0   1   1   1.1e-14   3.1e-13   45.9   0.0     6   116     3   111     1   111 0.96 -
d2np5a2a.121.1.1     -            118 d2id3a2a.121.1.1.aln -            121   8.8e-13   44.4   3.3   1   1   3.5e-14   9.6e-13   44.3   3.3     2   120     3   115     2   116 0.98 -
d2fd5a2a.121.1.1     -            104 d2id3a2a.121.1.1.aln -            121     4e-12   42.3   1.3   1   1   1.6e-13   4.2e-12   42.2   1.3    11   110     5   103     1   104 0.96 -
d2np3a2a.121.1.1     -            112 d2id3a2a.121.1.1.aln -            121   5.6e-12   41.8   4.6   1   1   2.2e-13   6.1e-12   41.7   4.6     7   117     1   110     1   112 0.97 -
d2fq4a2a.121.1.1     -            115 d2id3a2a.121.1.1.aln -            121   8.3e-12   41.3   0.0   1   1   3.5e-13   9.5e-12   41.1   0.0     8   117     6   114     2   115 0.96 -
d1rkta2a.121.1.1     -            123 d2id3a2a.121.1.1.aln -            121   1.2e-11   40.8   0.0   1   1   5.1e-13   1.4e-11   40.6   0.0     7   120     2   111     1   112 0.97 -
d1vi0a2a.121.1.1     -            117 d2id3a2a.121.1.1.aln -            121   3.3e-11   39.4   0.0   1   1   1.3e-12   3.5e-11   39.3   0.0     3   118     2   116     1   117 0.97 -
d2o7ta2a.121.1.1     -            110 d2id3a2a.121.1.1.aln -            121   4.5e-11   38.9   0.0   1   1   1.8e-12   4.8e-11   38.8   0.0    12   119     4   109     1   110 0.97 -
#
# Program:         hmmsearch
# Version:         3.3.2 (Nov 2020)
# Pipeline mode:   SEARCH
# Query file:      /home/elise/Documents/M1-BIM/S2/TMEs/SBAS/tme08/models/d2id3a2a.121.1.1.aln.hmm
# Target file:     /home/elise/Documents/M1-BIM/S2/TMEs/SBAS/tme08/scop/scop/scopTestSeq.fasta
# Option settings: hmmsearch --domtblout /home/elise/Documents/M1-BIM/S2/TMEs/SBAS/tme08/searchResults/d2id3a2a.121.1.1.aln.out -E 1 /home/elise/Documents/M1-BIM/S2/TMEs/SBAS/tme08/models/d2id3a2a.121.1.1.aln.hmm /home/elise/Documents/M1-BIM/S2/TMEs/SBAS/tme08/scop/scop/scopTestSeq.fasta 
# Current dir:     /home/elise/Documents/M1-BIM/S2/TMEs/SBAS/tme08
# Date:            Tue Apr  1 17:31:00 2025
# [ok]
