#                                                                            --- full sequence --- -------------- this domain -------------   hmm coord   ali coord   env coord
# target name        accession   tlen query name           accession   qlen   E-value  score  bias   #  of  c-Evalue  i-Evalue  score  bias  from    to  from    to  from    to  acc description of target
#------------------- ---------- ----- -------------------- ---------- ----- --------- ------ ----- --- --- --------- --------- ------ ----- ----- ----- ----- ----- ----- ----- ---- ---------------------
d1z0xa2a.121.1.1     -            149 d2id6a2a.121.1.1.aln -            124   1.3e-20   69.4   0.0   1   1   5.7e-22   1.5e-20   69.2   0.0     2   123     2   142     1   143 0.98 -
d2hyja2a.121.1.1     -            118 d2id6a2a.121.1.1.aln -            124   4.3e-20   67.7   4.7   1   1   1.8e-21   4.7e-20   67.6   4.7     2   115     2   116     1   118 0.95 -
d1t56a2a.121.1.1     -            120 d2id6a2a.121.1.1.aln -            124     1e-18   63.3   1.9   1   1   4.3e-20   1.1e-18   63.2   1.9     5   122     2   118     1   120 0.98 -
d2fbqa2a.121.1.1     -            134 d2id6a2a.121.1.1.aln -            124   3.4e-18   61.6   0.2   1   1   1.4e-19   3.8e-18   61.5   0.2     2   123     5   129     4   130 0.98 -
d2g3ba2a.121.1.1     -            116 d2id6a2a.121.1.1.aln -            124   4.8e-18   61.2   1.4   1   1     2e-19   5.2e-18   61.1   1.4     5   119     3   116     1   116 0.98 -
d2g7ga2a.121.1.1     -            132 d2id6a2a.121.1.1.aln -            124   6.2e-18   60.8   8.7   1   1   2.6e-19   6.9e-18   60.6   8.7     2   123     2   126     1   127 0.96 -
d2id3a2a.121.1.1     -            123 d2id6a2a.121.1.1.aln -            124   7.5e-18   60.5   7.3   1   1   3.1e-19   8.1e-18   60.4   7.3     2   123     2   121     1   122 0.97 -
d2i10a2a.121.1.1     -            116 d2id6a2a.121.1.1.aln -            124   8.7e-18   60.3   2.4   1   1   3.6e-19   9.4e-18   60.2   2.4     2   114     2   113     1   116 0.96 -
d1t33a2a.121.1.1     -            132 d2id6a2a.121.1.1.aln -            124   1.6e-17   59.5   0.1   1   1   6.8e-19   1.8e-17   59.3   0.1     2   123     6   128     5   129 0.98 -
d2fx0a2a.121.1.1     -            122 d2id6a2a.121.1.1.aln -            124   1.9e-17   59.3   0.0   1   1   7.7e-19     2e-17   59.1   0.0     2   124     2   122     1   122 0.98 -
d2g7la2a.121.1.1     -            144 d2id6a2a.121.1.1.aln -            124   6.8e-17   57.5   7.2   1   1   3.4e-18     9e-17   57.1   7.2     1   123     1   137     1   138 0.99 -
d2g7sa2a.121.1.1     -            116 d2id6a2a.121.1.1.aln -            124   2.3e-16   55.7   1.8   1   1   9.7e-18   2.5e-16   55.6   1.8     2   118     2   115     1   116 0.97 -
d2gena2a.121.1.1     -            118 d2id6a2a.121.1.1.aln -            124   3.6e-16   55.2   4.3   1   1   1.4e-17   3.8e-16   55.1   4.3     2   120     2   113     1   117 0.96 -
d2d6ya2a.121.1.1     -            118 d2id6a2a.121.1.1.aln -            124   2.1e-15   52.7   0.7   1   1   8.6e-17   2.3e-15   52.6   0.7     6   123     3   117     1   118 0.96 -
d1ui5a2a.121.1.1     -            133 d2id6a2a.121.1.1.aln -            124   2.8e-15   52.3   1.5   1   1   1.1e-16     3e-15   52.2   1.5     3   123     6   130     4   131 0.97 -
d1rkta2a.121.1.1     -            123 d2id6a2a.121.1.1.aln -            124     3e-15   52.2   0.0   1   1   1.2e-16   3.2e-15   52.1   0.0     2   123     5   122     4   123 0.96 -
d2fq4a2a.121.1.1     -            115 d2id6a2a.121.1.1.aln -            124   4.4e-15   51.7   0.0   1   1   1.8e-16   4.7e-15   51.6   0.0     5   118     2   113     1   115 0.97 -
d2hkua2a.121.1.1     -            121 d2id6a2a.121.1.1.aln -            124   8.6e-15   50.7   0.1   1   1   3.4e-16   8.8e-15   50.7   0.1    10   119     7   117     1   121 0.94 -
d2iu5a2a.121.1.1     -            109 d2id6a2a.121.1.1.aln -            124     2e-14   49.5   0.0   1   1   8.2e-16   2.1e-14   49.4   0.0     3   122     4   108     2   109 0.97 -
d2oi8a2a.121.1.1     -            130 d2id6a2a.121.1.1.aln -            124   2.2e-14   49.4   1.8   1   1   9.1e-16   2.4e-14   49.3   1.8     2   122     2   123     1   125 0.95 -
d3c07a2a.121.1.1     -            146 d2id6a2a.121.1.1.aln -            124   3.9e-14   48.6   1.7   1   1   1.7e-15   4.4e-14   48.4   1.7     6   123     7   134     2   135 0.95 -
d2gfna2a.121.1.1     -            119 d2id6a2a.121.1.1.aln -            124     7e-14   47.8   5.7   1   1   2.9e-15   7.6e-14   47.7   5.7     2   119     3   118     2   119 0.97 -
d2np3a2a.121.1.1     -            112 d2id6a2a.121.1.1.aln -            124     5e-13   45.0   4.9   1   1   2.1e-14   5.5e-13   44.9   4.9     4   123     6   110     3   111 0.97 -
d1vi0a2a.121.1.1     -            117 d2id6a2a.121.1.1.aln -            124   5.8e-13   44.8   0.0   1   1   2.4e-14   6.3e-13   44.7   0.0     3   124     2   117     1   117 0.98 -
d2np5a2a.121.1.1     -            118 d2id6a2a.121.1.1.aln -            124   3.3e-11   39.2   4.4   1   1   1.4e-12   3.6e-11   39.1   4.4     1   122     3   115     3   117 0.97 -
d1sgma2a.121.1.1     -            111 d2id6a2a.121.1.1.aln -            124   5.1e-11   38.6   0.0   1   1   2.1e-12   5.6e-11   38.5   0.0     2   119     2   111     1   111 0.98 -
d2o7ta2a.121.1.1     -            110 d2id6a2a.121.1.1.aln -            124   2.9e-10   36.2   0.0   1   1   1.2e-11   3.1e-10   36.1   0.0     4   118     5   109     2   110 0.93 -
d2fd5a2a.121.1.1     -            104 d2id6a2a.121.1.1.aln -            124   8.5e-10   34.7   1.9   1   1   3.5e-11   9.1e-10   34.6   1.9     2   112     2   102     1   104 0.96 -
d1zk8a2a.121.1.1     -            105 d2id6a2a.121.1.1.aln -            124     4e-09   32.5   0.0   1   1   1.7e-10   4.4e-09   32.4   0.0     3   122     3   105     1   105 0.97 -
d2nxoa1c.94.1.1      -            277 d2id6a2a.121.1.1.aln -            124   7.8e-06   21.9   0.7   1   2       1.4        36    0.5   0.0    48    84     8    44     2    57 0.84 -
d2nxoa1c.94.1.1      -            277 d2id6a2a.121.1.1.aln -            124   7.8e-06   21.9   0.7   2   2   4.8e-06   0.00013   18.1   1.0    23    92   177   250   175   262 0.91 -
#
# Program:         hmmsearch
# Version:         3.3.2 (Nov 2020)
# Pipeline mode:   SEARCH
# Query file:      /home/elise/Documents/M1-BIM/S2/TMEs/SBAS/tme08/models/d2id6a2a.121.1.1.aln.hmm
# Target file:     /home/elise/Documents/M1-BIM/S2/TMEs/SBAS/tme08/scop/scop/scopTestSeq.fasta
# Option settings: hmmsearch --domtblout /home/elise/Documents/M1-BIM/S2/TMEs/SBAS/tme08/searchResults/d2id6a2a.121.1.1.aln.out -E 1 /home/elise/Documents/M1-BIM/S2/TMEs/SBAS/tme08/models/d2id6a2a.121.1.1.aln.hmm /home/elise/Documents/M1-BIM/S2/TMEs/SBAS/tme08/scop/scop/scopTestSeq.fasta 
# Current dir:     /home/elise/Documents/M1-BIM/S2/TMEs/SBAS/tme08
# Date:            Tue Apr  1 17:31:00 2025
# [ok]
