#                                                                            --- full sequence --- -------------- this domain -------------   hmm coord   ali coord   env coord
# target name        accession   tlen query name           accession   qlen   E-value  score  bias   #  of  c-Evalue  i-Evalue  score  bias  from    to  from    to  from    to  acc description of target
#------------------- ---------- ----- -------------------- ---------- ----- --------- ------ ----- --- --- --------- --------- ------ ----- ----- ----- ----- ----- ----- ----- ---- ---------------------
d1xuva_d.129.3.5     -            163 d2il5a1d.129.3.5.aln -            152   5.5e-51  168.0   0.1   1   1   7.8e-53   6.2e-51  167.9   0.1     2   152     9   160     8   160 0.98 -
d1xfsa_d.129.3.5     -            165 d2il5a1d.129.3.5.aln -            152   5.7e-51  168.0   0.1   1   1     8e-53   6.3e-51  167.9   0.1     3   152     3   164     1   164 0.98 -
d3elia1d.129.3.5     -            143 d2il5a1d.129.3.5.aln -            152   1.8e-48  159.9   0.3   1   1   2.5e-50     2e-48  159.8   0.3     6   148     2   143     1   143 0.98 -
d1xn5a_d.129.3.5     -            138 d2il5a1d.129.3.5.aln -            152   8.7e-47  154.4   2.7   1   1   1.2e-48   9.6e-47  154.3   2.7     2   149     2   138     1   138 0.98 -
d2l65a1d.129.3.5     -            155 d2il5a1d.129.3.5.aln -            152   3.6e-46  152.4   1.1   1   1   5.1e-48     4e-46  152.3   1.1     4   152     1   153     1   153 0.99 -
d1z94a1d.129.3.5     -            143 d2il5a1d.129.3.5.aln -            152   1.1e-45  150.8   0.0   1   1   1.6e-47   1.2e-45  150.7   0.0     5   149     2   142     1   143 0.99 -
d2nn5a1d.129.3.5     -            160 d2il5a1d.129.3.5.aln -            152   2.8e-41  136.6   0.5   1   1   3.9e-43   3.1e-41  136.4   0.5     1   151     8   159     8   160 0.98 -
d2k5ga1d.129.3.5     -            183 d2il5a1d.129.3.5.aln -            152   1.1e-39  131.4   0.0   1   1   1.6e-41   1.2e-39  131.2   0.0     3   151    17   164    15   165 0.97 -
d1x53a1d.129.3.5     -            132 d2il5a1d.129.3.5.aln -            152   2.4e-37  123.8   0.3   1   1   3.4e-39   2.7e-37  123.6   0.3     3   152     2   132     1   132 0.97 -
d2il5a1d.129.3.5     -            164 d2il5a1d.129.3.5.aln -            152   1.6e-11   39.9   0.1   1   1   2.3e-13   1.8e-11   39.7   0.1     6    96     8   100     3   146 0.89 -
#
# Program:         hmmsearch
# Version:         3.3.2 (Nov 2020)
# Pipeline mode:   SEARCH
# Query file:      /home/elise/Documents/M1-BIM/S2/TMEs/SBAS/tme08/models/d2il5a1d.129.3.5.aln.hmm
# Target file:     /home/elise/Documents/M1-BIM/S2/TMEs/SBAS/tme08/scop/scop/scopTestSeq.fasta
# Option settings: hmmsearch --domtblout /home/elise/Documents/M1-BIM/S2/TMEs/SBAS/tme08/searchResults/d2il5a1d.129.3.5.aln.out -E 1 /home/elise/Documents/M1-BIM/S2/TMEs/SBAS/tme08/models/d2il5a1d.129.3.5.aln.hmm /home/elise/Documents/M1-BIM/S2/TMEs/SBAS/tme08/scop/scop/scopTestSeq.fasta 
# Current dir:     /home/elise/Documents/M1-BIM/S2/TMEs/SBAS/tme08
# Date:            Tue Apr  1 17:31:00 2025
# [ok]
