#                                                                            --- full sequence --- -------------- this domain -------------   hmm coord   ali coord   env coord
# target name        accession   tlen query name           accession   qlen   E-value  score  bias   #  of  c-Evalue  i-Evalue  score  bias  from    to  from    to  from    to  acc description of target
#------------------- ---------- ----- -------------------- ---------- ----- --------- ------ ----- --- --- --------- --------- ------ ----- ----- ----- ----- ----- ----- ----- ---- ---------------------
d2uubq1b.40.4.5      -            100 d2ix0a2b.40.4.5.aln  -             92   1.6e-15   53.0   2.5   1   1   7.9e-17   1.9e-15   52.8   2.5     7    89     3    83     1    86 0.95 -
d1kl9a2b.40.4.5      -             86 d2ix0a2b.40.4.5.aln  -             92   1.1e-12   44.1   0.9   1   1   4.8e-14   1.1e-12   44.0   0.9     3    85     8    86     6    86 0.93 -
d1c9oa_b.40.4.5      -             66 d2ix0a2b.40.4.5.aln  -             92   1.2e-12   43.9   0.1   1   1   5.1e-14   1.2e-12   43.9   0.1    15    84     2    64     1    66 0.93 -
d2je6i1b.40.4.5      -             87 d2ix0a2b.40.4.5.aln  -             92   1.2e-12   43.8   0.7   1   1   5.8e-14   1.4e-12   43.7   0.7     3    90     2    86     1    87 0.93 -
d1luza_b.40.4.5      -             85 d2ix0a2b.40.4.5.aln  -             92   1.3e-12   43.8   0.4   1   1   5.8e-14   1.4e-12   43.7   0.4     4    89     4    84     1    85 0.95 -
d3bzka4b.40.4.5      -             94 d2ix0a2b.40.4.5.aln  -             92   7.2e-11   38.3   0.9   1   1   3.4e-12   8.2e-11   38.1   0.9     4    89    14    93    11    94 0.93 -
d2nn6h1b.40.4.5      -             95 d2ix0a2b.40.4.5.aln  -             92   7.9e-11   38.1   0.0   1   1   3.8e-12   9.1e-11   37.9   0.0     3    87     3    91     1    94 0.94 -
d2ja9a1b.40.4.5      -             90 d2ix0a2b.40.4.5.aln  -             92   5.5e-10   35.4   0.0   1   1   2.6e-11   6.3e-10   35.3   0.0     2    91     1    84     1    85 0.96 -
d2uubl1b.40.4.5      -            118 d2ix0a2b.40.4.5.aln  -             92   1.5e-09   34.0   1.1   1   1   8.4e-11     2e-09   33.7   0.9     2    90    19   104    18   106 0.89 -
d1jt8a_b.40.4.5      -            102 d2ix0a2b.40.4.5.aln  -             92   2.3e-09   33.5   0.4   1   1   1.1e-10   2.5e-09   33.3   0.4     2    90     3    90     2    92 0.94 -
d3i4oa_b.40.4.5      -             68 d2ix0a2b.40.4.5.aln  -             92   3.7e-09   32.8   0.2   1   1   1.8e-10   4.3e-09   32.6   0.2     8    72     4    66     2    68 0.96 -
d1go3e1b.40.4.5      -            106 d2ix0a2b.40.4.5.aln  -             92   1.6e-08   30.8   0.9   1   1   7.7e-10   1.8e-08   30.6   0.9    11    91    10    90     2    91 0.93 -
d2nn6i1b.40.4.5      -            125 d2ix0a2b.40.4.5.aln  -             92     4e-08   29.5   0.0   1   1     2e-09   4.8e-08   29.3   0.0     5    85     4    88     1   102 0.91 -
d1smxa_b.40.4.5      -             87 d2ix0a2b.40.4.5.aln  -             92   7.4e-08   28.7   0.0   1   1   3.2e-09   7.7e-08   28.6   0.0     6    88     3    85     1    87 0.94 -
d1wfqa_b.40.4.5      -             89 d2ix0a2b.40.4.5.aln  -             92   8.1e-08   28.6   0.0   1   1   3.5e-09   8.3e-08   28.5   0.0    19    90    17    87     2    89 0.85 -
d2asba1b.40.4.5      -             76 d2ix0a2b.40.4.5.aln  -             92   1.8e-07   27.5   0.3   1   1   7.9e-09   1.9e-07   27.4   0.3     7    84     3    75     1    76 0.95 -
d1e3pa2b.40.4.5      -             62 d2ix0a2b.40.4.5.aln  -             92   2.7e-07   26.9   0.2   1   1   1.2e-08   2.8e-07   26.8   0.2    14    76     1    61     1    62 0.95 -
d1rl2a2b.40.4.5      -             66 d2ix0a2b.40.4.5.aln  -             92   3.1e-07   26.7   0.2   1   1   1.3e-08   3.2e-07   26.7   0.2    29    91     5    65     1    66 0.90 -
d1y14b1b.40.4.5      -             91 d2ix0a2b.40.4.5.aln  -             92     4e-07   26.4   0.0   1   1   1.9e-08   4.5e-07   26.2   0.0     4    91     2    87     1    88 0.94 -
d1x6oa2b.40.4.5      -             79 d2ix0a2b.40.4.5.aln  -             92   5.5e-07   25.9   0.0   1   1   2.8e-08   6.7e-07   25.6   0.0     2    84     2    77     1    79 0.94 -
d2ix0a3b.40.4.5      -             87 d2ix0a2b.40.4.5.aln  -             92   6.3e-07   25.7   0.4   1   1   2.8e-08   6.8e-07   25.6   0.4     8    90     6    85     2    87 0.95 -
d2ix0a1b.40.4.5      -             90 d2ix0a2b.40.4.5.aln  -             92   1.1e-06   24.9   0.0   1   1   4.9e-08   1.2e-06   24.9   0.0     4    89     3    89     1    90 0.95 -
d1hh2p1b.40.4.5      -             72 d2ix0a2b.40.4.5.aln  -             92   2.9e-06   23.6   0.6   1   1   1.3e-07   3.2e-06   23.5   0.6    16    84     8    71     2    72 0.92 -
d1ne3a_b.40.4.5      -             68 d2ix0a2b.40.4.5.aln  -             92     5e-06   22.9   0.1   1   1   2.1e-07     5e-06   22.9   0.1     8    70     4    64     1    68 0.91 -
d1d7qa_b.40.4.5      -            143 d2ix0a2b.40.4.5.aln  -             92   1.2e-05   21.7   0.0   1   2     2e-06   4.8e-05   19.7   0.0     2    90    31   123    30   125 0.91 -
d1d7qa_b.40.4.5      -            143 d2ix0a2b.40.4.5.aln  -             92   1.2e-05   21.7   0.0   2   2      0.47        11    2.7   0.0    39    70   102   131    91   136 0.72 -
d1wi5a_b.40.4.5      -            119 d2ix0a2b.40.4.5.aln  -             92   2.4e-05   20.7   0.0   1   1   1.2e-06   2.9e-05   20.4   0.0     3    87     8    96     6   101 0.91 -
d1a62a2b.40.4.5      -             78 d2ix0a2b.40.4.5.aln  -             92   0.00015   18.2   0.0   1   1   6.4e-06   0.00015   18.2   0.0    25    90    12    75     2    77 0.91 -
d1bkba2b.40.4.5      -             65 d2ix0a2b.40.4.5.aln  -             92   0.00029   17.3   0.2   1   1   1.3e-05   0.00031   17.2   0.2    16    75     3    59     1    64 0.87 -
d2vnud3b.40.4.5      -            148 d2ix0a2b.40.4.5.aln  -             92   0.00037   16.9   0.0   1   1     2e-05   0.00048   16.6   0.0     3    88    42   131    40   135 0.92 -
d1jjga_b.40.4.5      -            102 d2ix0a2b.40.4.5.aln  -             92   0.00052   16.5   0.4   1   1   2.6e-05   0.00061   16.2   0.4     3    90     5    96     3    98 0.93 -
d2vnud2b.40.4.5      -             88 d2ix0a2b.40.4.5.aln  -             92   0.00085   15.8   0.5   1   1   3.8e-05   0.00092   15.7   0.5     3    86     3    85     1    88 0.78 -
d1ueba2b.40.4.5      -             63 d2ix0a2b.40.4.5.aln  -             92    0.0057   13.2   0.0   1   1   0.00024    0.0058   13.1   0.0    16    78     3    60     1    63 0.91 -
d2vnud1b.40.4.5      -             95 d2ix0a2b.40.4.5.aln  -             92    0.0066   13.0   0.0   1   1   0.00032    0.0077   12.7   0.0     1    90     1    94     1    95 0.93 -
#
# Program:         hmmsearch
# Version:         3.3.2 (Nov 2020)
# Pipeline mode:   SEARCH
# Query file:      /home/elise/Documents/M1-BIM/S2/TMEs/SBAS/tme08/models/d2ix0a2b.40.4.5.aln.hmm
# Target file:     /home/elise/Documents/M1-BIM/S2/TMEs/SBAS/tme08/scop/scop/scopTestSeq.fasta
# Option settings: hmmsearch --domtblout /home/elise/Documents/M1-BIM/S2/TMEs/SBAS/tme08/searchResults/d2ix0a2b.40.4.5.aln.out -E 1 /home/elise/Documents/M1-BIM/S2/TMEs/SBAS/tme08/models/d2ix0a2b.40.4.5.aln.hmm /home/elise/Documents/M1-BIM/S2/TMEs/SBAS/tme08/scop/scop/scopTestSeq.fasta 
# Current dir:     /home/elise/Documents/M1-BIM/S2/TMEs/SBAS/tme08
# Date:            Tue Apr  1 17:31:00 2025
# [ok]
