#                                                                            --- full sequence --- -------------- this domain -------------   hmm coord   ali coord   env coord
# target name        accession   tlen query name           accession   qlen   E-value  score  bias   #  of  c-Evalue  i-Evalue  score  bias  from    to  from    to  from    to  acc description of target
#------------------- ---------- ----- -------------------- ---------- ----- --------- ------ ----- --- --- --------- --------- ------ ----- ----- ----- ----- ----- ----- ----- ---- ---------------------
d2pq8a_d.108.1.1     -            271 d2jdca1d.108.1.1.aln -            177   5.1e-34  112.9   0.3   1   1   3.5e-35   6.3e-34  112.5   0.3     8   177     3   178     1   178 0.99 -
d2b5ga_d.108.1.1     -            168 d2jdca1d.108.1.1.aln -            177   8.9e-33  108.8   0.3   1   1   5.4e-34   9.8e-33  108.7   0.3     6   172     3   167     1   168 0.98 -
d1tiqa_d.108.1.1     -            173 d2jdca1d.108.1.1.aln -            177   4.3e-31  103.3   0.0   1   1   2.6e-32   4.7e-31  103.2   0.0     5   175     1   172     1   173 0.98 -
d1z4ea1d.108.1.1     -            150 d2jdca1d.108.1.1.aln -            177     1e-30  102.1   0.1   1   1   6.9e-32   1.2e-30  101.9   0.1     5   154     1   144     1   148 0.98 -
d2ae6a1d.108.1.1     -            161 d2jdca1d.108.1.1.aln -            177   1.7e-29   98.1   0.0   1   1   1.1e-30   1.9e-29   98.0   0.0    19   172     6   158     1   160 0.96 -
d1z4ra1d.108.1.1     -            162 d2jdca1d.108.1.1.aln -            177   2.6e-29   97.5   0.1   1   1   1.6e-30   2.9e-29   97.4   0.1     1   167     2   161     2   162 0.98 -
d1i12a_d.108.1.1     -            157 d2jdca1d.108.1.1.aln -            177   5.5e-29   96.5   0.0   1   1   3.3e-30   5.9e-29   96.4   0.0     5   156     4   153     1   157 0.97 -
d1qsma_d.108.1.1     -            150 d2jdca1d.108.1.1.aln -            177     6e-29   96.4   0.0   1   1   3.7e-30   6.6e-29   96.2   0.0     5   157     2   146     1   150 0.97 -
d1u6ma_d.108.1.1     -            189 d2jdca1d.108.1.1.aln -            177   7.2e-28   92.9   0.3   1   2       1.2        22    0.2   0.0     8    28     3    23     2    32 0.84 -
d1u6ma_d.108.1.1     -            189 d2jdca1d.108.1.1.aln -            177   7.2e-28   92.9   0.3   2   2   1.7e-28     3e-27   90.8   0.2    12   168    31   187    25   189 0.97 -
d2cy2a1d.108.1.1     -            174 d2jdca1d.108.1.1.aln -            177   2.2e-27   91.3   1.6   1   1   1.4e-28   2.6e-27   91.0   1.6     6   171     1   167     1   172 0.98 -
d1nsla_d.108.1.1     -            180 d2jdca1d.108.1.1.aln -            177   8.5e-26   86.1   0.2   1   1   5.5e-27   9.9e-26   85.9   0.2     4   175     9   177     2   179 0.92 -
d1ufha_d.108.1.1     -            155 d2jdca1d.108.1.1.aln -            177   1.5e-25   85.3   0.2   1   1   9.5e-27   1.7e-25   85.1   0.2    11   155     5   150     1   154 0.92 -
d1ghea_d.108.1.1     -            170 d2jdca1d.108.1.1.aln -            177   3.7e-25   84.1   0.0   1   1   2.2e-26   3.9e-25   84.0   0.0     9   175     4   169     1   170 0.93 -
d2euia1d.108.1.1     -            153 d2jdca1d.108.1.1.aln -            177   9.5e-25   82.7   0.1   1   1   6.4e-26   1.1e-24   82.4   0.1     6   163     1   149     1   152 0.96 -
d1y9wa1d.108.1.1     -            140 d2jdca1d.108.1.1.aln -            177   1.4e-24   82.1   1.3   1   1   8.5e-26   1.5e-24   82.0   1.3    24   170     4   139     1   140 0.95 -
d1cjwa_d.108.1.1     -            166 d2jdca1d.108.1.1.aln -            177   1.7e-24   81.9   0.0   1   1     1e-25   1.8e-24   81.8   0.0    13   169     9   164     1   166 0.96 -
d2gana1d.108.1.1     -            182 d2jdca1d.108.1.1.aln -            177   1.1e-23   79.3   0.6   1   1   6.6e-25   1.2e-23   79.1   0.6     6   166    19   179    14   182 0.96 -
d1vkca_d.108.1.1     -            149 d2jdca1d.108.1.1.aln -            177   1.1e-23   79.2   2.8   1   1   6.7e-25   1.2e-23   79.1   2.8    10   157     5   146     1   149 0.96 -
d1mk4a_d.108.1.1     -            157 d2jdca1d.108.1.1.aln -            177     2e-23   78.4   0.0   1   1   1.3e-24   2.3e-23   78.2   0.0     5   171     1   147     1   152 0.95 -
d2fiaa1d.108.1.1     -            157 d2jdca1d.108.1.1.aln -            177   2.3e-23   78.2   0.8   1   1   1.4e-24   2.5e-23   78.1   0.8     6   173     1   156     1   157 0.85 -
d2fl4a1d.108.1.1     -            146 d2jdca1d.108.1.1.aln -            177   4.4e-23   77.3   0.4   1   1   2.7e-24   4.8e-23   77.2   0.4    20   166     1   144     1   146 0.96 -
d1yx0a1d.108.1.1     -            151 d2jdca1d.108.1.1.aln -            177     9e-23   76.3   0.0   1   1   5.4e-24   9.6e-23   76.2   0.0    25   170     4   150     1   151 0.94 -
d2fcka1d.108.1.1     -            178 d2jdca1d.108.1.1.aln -            177   9.9e-23   76.1   0.0   1   1     6e-24   1.1e-22   76.0   0.0     2   175     3   178     2   178 0.95 -
d1wwza1d.108.1.1     -            157 d2jdca1d.108.1.1.aln -            177   1.7e-22   75.4   1.4   1   1   1.1e-23     2e-22   75.2   1.4     4   163     2   155     1   156 0.92 -
d1yk3a1d.108.1.1     -            198 d2jdca1d.108.1.1.aln -            177   1.6e-20   69.0   0.0   1   1     1e-21   1.8e-20   68.8   0.0     2   168    26   195    25   198 0.96 -
d1bo4a_d.108.1.1     -            137 d2jdca1d.108.1.1.aln -            177   3.7e-20   67.8   0.0   1   1   2.2e-21   3.9e-20   67.7   0.0    14   148     4   137     1   137 0.96 -
d2atra1d.108.1.1     -            137 d2jdca1d.108.1.1.aln -            177   1.2e-18   62.9   0.0   1   1   7.1e-20   1.3e-18   62.8   0.0    19   165     6   136     1   137 0.89 -
d1n71a_d.108.1.1     -            180 d2jdca1d.108.1.1.aln -            177   1.4e-18   62.7   0.0   1   1   8.7e-20   1.6e-18   62.5   0.0     3   175     4   178     2   180 0.97 -
d2fiwa1d.108.1.1     -            156 d2jdca1d.108.1.1.aln -            177     1e-17   59.9   0.0   1   1     6e-19   1.1e-17   59.8   0.0     9   163     3   146     1   156 0.92 -
d2g3aa1d.108.1.1     -            137 d2jdca1d.108.1.1.aln -            177     1e-17   59.8   0.0   1   1     6e-19   1.1e-17   59.8   0.0    21   166     3   132     1   137 0.89 -
d2p0wa_d.108.1.1     -            319 d2jdca1d.108.1.1.aln -            177     7e-17   57.1   0.2   1   2   8.3e-18   1.5e-16   56.1   0.1     2   176    32   226    31   227 0.98 -
d2p0wa_d.108.1.1     -            319 d2jdca1d.108.1.1.aln -            177     7e-17   57.1   0.2   2   2      0.86        15    0.8   0.0    99   119   221   241   219   249 0.81 -
d1xeba_d.108.1.1     -            149 d2jdca1d.108.1.1.aln -            177   8.7e-17   56.8   0.8   1   1   5.1e-18   9.1e-17   56.8   0.8    18   163     4   143     1   149 0.92 -
d1boba_d.108.1.1     -            315 d2jdca1d.108.1.1.aln -            177   2.6e-16   55.3   0.1   1   1     2e-17   3.6e-16   54.8   0.1     2   176    24   212    23   213 0.98 -
d1p0ha_d.108.1.1     -            308 d2jdca1d.108.1.1.aln -            177   4.6e-16   54.5   0.0   1   3   6.9e-11   1.2e-09   33.6   0.0    19   174    37   206    20   209 0.94 -
d1p0ha_d.108.1.1     -            308 d2jdca1d.108.1.1.aln -            177   4.6e-16   54.5   0.0   2   3   0.00043    0.0076   11.5   0.1    46   112   193   251   192   253 0.92 -
d1p0ha_d.108.1.1     -            308 d2jdca1d.108.1.1.aln -            177   4.6e-16   54.5   0.0   3   3    0.0009     0.016   10.4   0.0   126   151   275   299   268   305 0.88 -
d2aj6a1d.108.1.1     -            118 d2jdca1d.108.1.1.aln -            177   1.1e-15   53.3   0.0   1   1   6.6e-17   1.2e-15   53.1   0.0    10   129     2   116     1   118 0.95 -
d1y7ra1d.108.1.1     -            133 d2jdca1d.108.1.1.aln -            177   1.9e-15   52.5   0.0   1   1   1.1e-16     2e-15   52.4   0.0    24   161     6   131     1   132 0.84 -
d2fsra1d.108.1.1     -            164 d2jdca1d.108.1.1.aln -            177   2.7e-15   52.0   0.0   1   1   1.6e-16   2.9e-15   51.9   0.0     6   163     2   158     1   164 0.95 -
d1y9ka1d.108.1.1     -            152 d2jdca1d.108.1.1.aln -            177   2.8e-15   51.9   0.1   1   1     1e-15   1.8e-14   49.3   0.1    26   170     8   149     1   151 0.86 -
d1q2ya_d.108.1.1     -            140 d2jdca1d.108.1.1.aln -            177   3.7e-15   51.5   0.2   1   1   2.2e-16   3.9e-15   51.5   0.2    21   168     3   138     1   140 0.92 -
d1m4ia_d.108.1.1     -            181 d2jdca1d.108.1.1.aln -            177   3.9e-15   51.5   0.1   1   1   6.5e-16   1.2e-14   49.9   0.1     2   152     4   134     3   181 0.77 -
d1r57a_d.108.1.1     -            102 d2jdca1d.108.1.1.aln -            177   1.8e-13   46.1   0.1   1   1   1.1e-14   1.9e-13   45.9   0.1    80   157    24   101     6   102 0.88 -
d2jdca1d.108.1.1     -            145 d2jdca1d.108.1.1.aln -            177   9.3e-10   34.0   0.2   1   1   6.4e-11   1.1e-09   33.7   0.2    83   163    60   136    23   144 0.83 -
d1xmta_d.108.1.1     -             95 d2jdca1d.108.1.1.aln -            177     1e-09   33.9   0.0   1   1   6.8e-11   1.2e-09   33.6   0.0    79   134    20    75     1    93 0.87 -
d2d4pa1d.108.1.1     -            130 d2jdca1d.108.1.1.aln -            177   0.00045   15.5   0.0   1   1     3e-05   0.00054   15.2   0.0    28   154     8   120     1   130 0.86 -
#
# Program:         hmmsearch
# Version:         3.3.2 (Nov 2020)
# Pipeline mode:   SEARCH
# Query file:      /home/elise/Documents/M1-BIM/S2/TMEs/SBAS/tme08/models/d2jdca1d.108.1.1.aln.hmm
# Target file:     /home/elise/Documents/M1-BIM/S2/TMEs/SBAS/tme08/scop/scop/scopTestSeq.fasta
# Option settings: hmmsearch --domtblout /home/elise/Documents/M1-BIM/S2/TMEs/SBAS/tme08/searchResults/d2jdca1d.108.1.1.aln.out -E 1 /home/elise/Documents/M1-BIM/S2/TMEs/SBAS/tme08/models/d2jdca1d.108.1.1.aln.hmm /home/elise/Documents/M1-BIM/S2/TMEs/SBAS/tme08/scop/scop/scopTestSeq.fasta 
# Current dir:     /home/elise/Documents/M1-BIM/S2/TMEs/SBAS/tme08
# Date:            Tue Apr  1 17:31:00 2025
# [ok]
