#                                                                            --- full sequence --- -------------- this domain -------------   hmm coord   ali coord   env coord
# target name        accession   tlen query name           accession   qlen   E-value  score  bias   #  of  c-Evalue  i-Evalue  score  bias  from    to  from    to  from    to  acc description of target
#------------------- ---------- ----- -------------------- ---------- ----- --------- ------ ----- --- --- --------- --------- ------ ----- ----- ----- ----- ----- ----- ----- ---- ---------------------
d1jeta_c.94.1.1      -            517 d2nooa_c.94.1.1.aln  -            313   3.1e-47  157.0  10.2   1   1   1.3e-48   3.8e-47  156.7  10.2     2   313   126   517   125   517 0.98 -
d3vlva_c.94.1.1      -            490 d2nooa_c.94.1.1.aln  -            313     3e-40  134.1   6.8   1   1   1.3e-41   3.7e-40  133.8   6.8     1   313    15   413    15   413 0.98 -
d1ursa_c.94.1.1      -            367 d2nooa_c.94.1.1.aln  -            313   1.2e-37  125.6   8.7   1   1   4.7e-39   1.4e-37  125.4   8.7     5   312     3   358     1   359 0.98 -
d1nnfa_c.94.1.1      -            308 d2nooa_c.94.1.1.aln  -            313   2.6e-37  124.5   9.1   1   1   9.7e-39   2.8e-37  124.4   9.1     9   297     1   306     1   308 0.95 -
d1eu8a_c.94.1.1      -            407 d2nooa_c.94.1.1.aln  -            313   1.3e-35  119.0   6.0   1   1   4.9e-37   1.4e-35  118.8   6.0     2   311     5   393     4   395 0.98 -
d1q35a_c.94.1.1      -            318 d2nooa_c.94.1.1.aln  -            313   1.8e-35  118.5   2.5   1   1   7.8e-37   2.3e-35  118.2   2.5     9   302     3   315     1   317 0.97 -
d1uqwa_c.94.1.1      -            487 d2nooa_c.94.1.1.aln  -            313   2.2e-34  114.9   7.1   1   1   1.2e-35   3.5e-34  114.3   7.1     3   312    99   486    97   487 0.97 -
d1pb7a_c.94.1.1      -            289 d2nooa_c.94.1.1.aln  -            313     6e-29   97.2   0.0   1   1   2.3e-30   6.6e-29   97.0   0.0    20   286     3   287     1   289 0.98 -
d3thia_c.94.1.1      -            362 d2nooa_c.94.1.1.aln  -            313   5.5e-27   90.8   0.2   1   1   2.1e-28   6.2e-27   90.6   0.2     1   311     1   361     1   362 0.96 -
d1vr5a1c.94.1.1      -            535 d2nooa_c.94.1.1.aln  -            313   5.9e-25   84.1   9.8   1   1   3.1e-26   8.9e-25   83.5   9.8     3   312   104   518   102   519 0.99 -
d1r9la_c.94.1.1      -            309 d2nooa_c.94.1.1.aln  -            313   1.9e-24   82.4  10.2   1   1   7.4e-26   2.2e-24   82.3  10.2     9   311     2   303     1   305 0.98 -
d1ixha_c.94.1.1      -            321 d2nooa_c.94.1.1.aln  -            313   3.4e-23   78.3  11.5   1   1   1.3e-24   3.8e-23   78.2  11.5    17   309     3   319     1   321 0.95 -
d1xoca1c.94.1.1      -            504 d2nooa_c.94.1.1.aln  -            313   5.2e-21   71.2  14.7   1   1   3.1e-22   9.1e-21   70.4  14.7     2   312   101   501   100   502 0.96 -
d1sbpa_c.94.1.1      -            309 d2nooa_c.94.1.1.aln  -            313   3.9e-20   68.4   9.7   1   1   1.5e-21   4.3e-20   68.2   9.7     3   304     3   307     1   309 0.96 -
d2czla1c.94.1.1      -            270 d2nooa_c.94.1.1.aln  -            313   1.2e-19   66.7   0.0   1   1     5e-21   1.5e-19   66.5   0.0    26   302     9   266     4   270 0.97 -
d1al3a_c.94.1.1      -            237 d2nooa_c.94.1.1.aln  -            313   5.8e-18   61.2   0.0   1   1   2.2e-19   6.3e-18   61.1   0.0    25   299     1   235     1   237 0.96 -
d1sw5a_c.94.1.1      -            270 d2nooa_c.94.1.1.aln  -            313   1.2e-17   60.2   4.8   1   1   4.7e-19   1.4e-17   60.0   4.8    15   303     1   267     1   270 0.97 -
d1us5a_c.94.1.1      -            298 d2nooa_c.94.1.1.aln  -            313   2.8e-17   59.0   1.3   1   1   1.1e-18   3.1e-17   58.8   1.3     8   305     3   296     1   298 0.97 -
d2i6ea1c.94.1.1      -            272 d2nooa_c.94.1.1.aln  -            313   2.9e-16   55.7   0.0   1   1   1.1e-17   3.1e-16   55.6   0.0    12   287     5   263     1   271 0.94 -
d1xt8a1c.94.1.1      -            248 d2nooa_c.94.1.1.aln  -            313   6.7e-15   51.2   4.9   1   1   2.6e-16   7.7e-15   51.0   4.9    67   297    25   247     6   248 0.94 -
d2esna2c.94.1.1      -            212 d2nooa_c.94.1.1.aln  -            313   1.9e-12   43.2   0.0   1   1     7e-14     2e-12   43.1   0.0    26   286     3   210     1   212 0.95 -
d1twya_c.94.1.1      -            249 d2nooa_c.94.1.1.aln  -            313   3.6e-12   42.3   0.0   1   1   1.4e-13     4e-12   42.1   0.0    62   300    26   248     3   249 0.93 -
d2nxoa1c.94.1.1      -            277 d2nooa_c.94.1.1.aln  -            313   4.8e-12   41.9   0.0   1   1     2e-13   5.9e-12   41.6   0.0    14   298     2   271     1   276 0.95 -
d1ve4a1c.94.1.1      -            206 d2nooa_c.94.1.1.aln  -            313   3.5e-10   35.8   0.0   1   1   1.8e-11   5.1e-10   35.3   0.0    20   270     4   202     1   204 0.91 -
d1i6aa_c.94.1.1      -            212 d2nooa_c.94.1.1.aln  -            313   9.7e-10   34.4   0.0   1   1   3.8e-11   1.1e-09   34.2   0.0    52   273    10   208     4   212 0.91 -
d2ozza1c.94.1.1      -            228 d2nooa_c.94.1.1.aln  -            313   5.4e-09   31.9   0.0   1   1   2.1e-10   6.2e-09   31.7   0.0    35   283    17   221     1   227 0.90 -
d1ii5a_c.94.1.1      -            226 d2nooa_c.94.1.1.aln  -            313   2.4e-08   29.8   0.1   1   1   9.2e-10   2.7e-08   29.6   0.1   130   281    50   225     8   226 0.81 -
#
# Program:         hmmsearch
# Version:         3.3.2 (Nov 2020)
# Pipeline mode:   SEARCH
# Query file:      /home/elise/Documents/M1-BIM/S2/TMEs/SBAS/tme08/models/d2nooa_c.94.1.1.aln.hmm
# Target file:     /home/elise/Documents/M1-BIM/S2/TMEs/SBAS/tme08/scop/scop/scopTestSeq.fasta
# Option settings: hmmsearch --domtblout /home/elise/Documents/M1-BIM/S2/TMEs/SBAS/tme08/searchResults/d2nooa_c.94.1.1.aln.out -E 1 /home/elise/Documents/M1-BIM/S2/TMEs/SBAS/tme08/models/d2nooa_c.94.1.1.aln.hmm /home/elise/Documents/M1-BIM/S2/TMEs/SBAS/tme08/scop/scop/scopTestSeq.fasta 
# Current dir:     /home/elise/Documents/M1-BIM/S2/TMEs/SBAS/tme08
# Date:            Tue Apr  1 17:31:01 2025
# [ok]
