#                                                                            --- full sequence --- -------------- this domain -------------   hmm coord   ali coord   env coord
# target name        accession   tlen query name           accession   qlen   E-value  score  bias   #  of  c-Evalue  i-Evalue  score  bias  from    to  from    to  from    to  acc description of target
#------------------- ---------- ----- -------------------- ---------- ----- --------- ------ ----- --- --- --------- --------- ------ ----- ----- ----- ----- ----- ----- ----- ---- ---------------------
d2g7sa2a.121.1.1     -            116 d2np3a2a.121.1.1.aln -            121   2.3e-19   65.4   1.1   1   1   9.3e-21   2.5e-19   65.3   1.1     2   116     2   115     1   116 0.98 -
d2id6a2a.121.1.1     -            125 d2np3a2a.121.1.1.aln -            121   1.1e-18   63.2   0.0   1   1   4.4e-20   1.2e-18   63.1   0.0     2   119     2   120     1   122 0.97 -
d2d6ya2a.121.1.1     -            118 d2np3a2a.121.1.1.aln -            121   2.1e-18   62.3   0.9   1   1   8.4e-20   2.3e-18   62.2   0.9     5   119     2   116     1   118 0.98 -
d1z0xa2a.121.1.1     -            149 d2np3a2a.121.1.1.aln -            121   2.2e-18   62.3   0.0   1   1   1.2e-19   3.1e-18   61.8   0.0     2   121     2   135     1   135 0.99 -
d2hyja2a.121.1.1     -            118 d2np3a2a.121.1.1.aln -            121   1.7e-17   59.4   4.1   1   1   6.8e-19   1.8e-17   59.3   4.1     3   117     3   117     1   118 0.98 -
d1t33a2a.121.1.1     -            132 d2np3a2a.121.1.1.aln -            121   2.6e-17   58.8   0.1   1   1     1e-18   2.9e-17   58.7   0.1     1   120     1   120     1   121 0.98 -
d2oi8a2a.121.1.1     -            130 d2np3a2a.121.1.1.aln -            121   4.9e-17   57.9   1.2   1   1     2e-18   5.4e-17   57.8   1.2     6   119     2   117     1   119 0.97 -
d2g7la2a.121.1.1     -            144 d2np3a2a.121.1.1.aln -            121   8.3e-17   57.2   7.1   1   1   3.6e-18   9.7e-17   57.0   7.1     2   119     2   120     1   122 0.97 -
d1t56a2a.121.1.1     -            120 d2np3a2a.121.1.1.aln -            121   1.1e-16   56.9   1.7   1   1   4.2e-18   1.2e-16   56.7   1.7     2   118     3   119     2   120 0.98 -
d1ui5a2a.121.1.1     -            133 d2np3a2a.121.1.1.aln -            121   1.1e-16   56.9   0.2   1   1   4.4e-18   1.2e-16   56.7   0.2     2   119     2   122     1   124 0.98 -
d2i10a2a.121.1.1     -            116 d2np3a2a.121.1.1.aln -            121   1.1e-16   56.8   1.5   1   1   4.4e-18   1.2e-16   56.7   1.5     2   117     2   114     1   116 0.97 -
d2id3a2a.121.1.1     -            123 d2np3a2a.121.1.1.aln -            121     2e-16   56.0   6.2   1   1   7.9e-18   2.1e-16   55.9   6.2     4   120     4   120     1   121 0.96 -
d2fx0a2a.121.1.1     -            122 d2np3a2a.121.1.1.aln -            121   2.2e-16   55.9   0.0   1   1   8.8e-18   2.4e-16   55.7   0.0     1   120     1   120     1   121 0.98 -
d2np5a2a.121.1.1     -            118 d2np3a2a.121.1.1.aln -            121   2.6e-16   55.6   2.7   1   1     1e-17   2.8e-16   55.5   2.7     2   114     3   114     2   118 0.96 -
d2g7ga2a.121.1.1     -            132 d2np3a2a.121.1.1.aln -            121   9.4e-16   53.8   6.6   1   1   4.5e-17   1.2e-15   53.5   6.4     2   110     2   110     1   121 0.94 -
d2g3ba2a.121.1.1     -            116 d2np3a2a.121.1.1.aln -            121   1.3e-15   53.4   1.3   1   1     5e-17   1.3e-15   53.3   1.3     6   121     4   116     1   116 0.96 -
d2gfna2a.121.1.1     -            119 d2np3a2a.121.1.1.aln -            121   2.2e-15   52.7   6.1   1   1   8.7e-17   2.4e-15   52.5   6.1     3   117     3   117     1   119 0.98 -
d2fbqa2a.121.1.1     -            134 d2np3a2a.121.1.1.aln -            121   2.2e-15   52.7   0.1   1   1   8.9e-17   2.4e-15   52.5   0.1     2   120     5   127     4   128 0.98 -
d2gena2a.121.1.1     -            118 d2np3a2a.121.1.1.aln -            121   3.4e-15   52.1   5.4   1   1   1.3e-16   3.6e-15   51.9   5.4     2   118     2   117     1   118 0.97 -
d2iu5a2a.121.1.1     -            109 d2np3a2a.121.1.1.aln -            121   6.2e-15   51.2   0.0   1   1   2.4e-16   6.6e-15   51.1   0.0     9   117     2   106     1   109 0.96 -
d2fq4a2a.121.1.1     -            115 d2np3a2a.121.1.1.aln -            121   2.5e-14   49.3   0.0   1   1     1e-15   2.7e-14   49.1   0.0     5   117     2   114     1   115 0.98 -
d2hkua2a.121.1.1     -            121 d2np3a2a.121.1.1.aln -            121   4.2e-14   48.5   0.1   1   1   1.7e-15   4.6e-14   48.4   0.1     5   120     1   116     1   117 0.98 -
d1vi0a2a.121.1.1     -            117 d2np3a2a.121.1.1.aln -            121   5.2e-14   48.2   0.0   1   1   2.1e-15   5.7e-14   48.1   0.0     2   118     1   116     1   117 0.98 -
d1zk8a2a.121.1.1     -            105 d2np3a2a.121.1.1.aln -            121   1.6e-13   46.7   0.0   1   1   6.1e-15   1.7e-13   46.6   0.0     3   101     3   102     1   105 0.94 -
d1sgma2a.121.1.1     -            111 d2np3a2a.121.1.1.aln -            121   4.8e-13   45.1   0.0   1   1   1.9e-14   5.2e-13   45.0   0.0     2   116     2   111     1   111 0.98 -
d1rkta2a.121.1.1     -            123 d2np3a2a.121.1.1.aln -            121     1e-12   44.1   0.0   1   1   4.2e-14   1.1e-12   43.9   0.0     7   120     2   111     1   112 0.97 -
d3c07a2a.121.1.1     -            146 d2np3a2a.121.1.1.aln -            121   3.3e-12   42.4   1.8   1   1   1.7e-13   4.5e-12   42.0   1.8     2   113     1   113     1   135 0.88 -
d2o7ta2a.121.1.1     -            110 d2np3a2a.121.1.1.aln -            121   1.8e-11   40.1   0.0   1   1   7.8e-13   2.1e-11   39.9   0.0    12   120     4   110     2   110 0.98 -
d2fd5a2a.121.1.1     -            104 d2np3a2a.121.1.1.aln -            121   6.2e-10   35.2   1.4   1   1   2.4e-11   6.5e-10   35.1   1.4     8   107     5   100     1   104 0.92 -
#
# Program:         hmmsearch
# Version:         3.3.2 (Nov 2020)
# Pipeline mode:   SEARCH
# Query file:      /home/elise/Documents/M1-BIM/S2/TMEs/SBAS/tme08/models/d2np3a2a.121.1.1.aln.hmm
# Target file:     /home/elise/Documents/M1-BIM/S2/TMEs/SBAS/tme08/scop/scop/scopTestSeq.fasta
# Option settings: hmmsearch --domtblout /home/elise/Documents/M1-BIM/S2/TMEs/SBAS/tme08/searchResults/d2np3a2a.121.1.1.aln.out -E 1 /home/elise/Documents/M1-BIM/S2/TMEs/SBAS/tme08/models/d2np3a2a.121.1.1.aln.hmm /home/elise/Documents/M1-BIM/S2/TMEs/SBAS/tme08/scop/scop/scopTestSeq.fasta 
# Current dir:     /home/elise/Documents/M1-BIM/S2/TMEs/SBAS/tme08
# Date:            Tue Apr  1 17:31:01 2025
# [ok]
