#                                                                            --- full sequence --- -------------- this domain -------------   hmm coord   ali coord   env coord
# target name        accession   tlen query name           accession   qlen   E-value  score  bias   #  of  c-Evalue  i-Evalue  score  bias  from    to  from    to  from    to  acc description of target
#------------------- ---------- ----- -------------------- ---------- ----- --------- ------ ----- --- --- --------- --------- ------ ----- ----- ----- ----- ----- ----- ----- ---- ---------------------
d1pvma4d.37.1.1      -            142 d2nyca1d.37.1.1.aln  -            136   1.6e-38  127.4   0.6   1   1   4.2e-40   1.8e-38  127.3   0.6     2   135     1   131     1   132 0.98 -
d2yzia1d.37.1.1      -            132 d2nyca1d.37.1.1.aln  -            136   1.6e-35  117.7   1.0   1   1     4e-37   1.7e-35  117.6   1.0     2   135     3   131     2   132 0.97 -
d2yzqa2d.37.1.1      -            122 d2nyca1d.37.1.1.aln  -            136   3.7e-34  113.3   2.2   1   1   9.4e-36   4.1e-34  113.2   2.2     4   134     1   121     1   122 0.96 -
d1y5ha3d.37.1.1      -            123 d2nyca1d.37.1.1.aln  -            136   2.7e-33  110.5   0.1   1   1   6.6e-35   2.9e-33  110.4   0.1     6   129     3   122     1   123 0.96 -
d1vr9a3d.37.1.1      -            121 d2nyca1d.37.1.1.aln  -            136   8.1e-32  105.7   0.1   1   1     2e-33   8.9e-32  105.6   0.1     4   133     1   120     1   121 0.98 -
d3ddja1d.37.1.1      -            141 d2nyca1d.37.1.1.aln  -            136   1.2e-31  105.2   6.3   1   1   3.1e-33   1.3e-31  105.0   6.3     5   133     3   133     1   136 0.97 -
d2rc3a1d.37.1.1      -            127 d2nyca1d.37.1.1.aln  -            136   1.6e-31  104.8   1.5   1   1   3.8e-33   1.7e-31  104.7   1.5     3   129     4   125     2   127 0.94 -
d1o50a3d.37.1.1      -            145 d2nyca1d.37.1.1.aln  -            136   2.9e-31  103.9   2.0   1   1   7.4e-33   3.2e-31  103.8   2.0     1   134     1   144     1   145 0.98 -
d2yzqa1d.37.1.1      -            156 d2nyca1d.37.1.1.aln  -            136   4.2e-30  100.2   0.2   1   1   3.6e-30   1.6e-28   95.1   0.1     3   132     3   149     1   150 0.97 -
d1zfja4d.37.1.1      -            126 d2nyca1d.37.1.1.aln  -            136   6.1e-30   99.7   0.3   1   1   1.6e-31   6.8e-30   99.5   0.3     9   133     2   120     1   123 0.92 -
d3ddja2d.37.1.1      -            135 d2nyca1d.37.1.1.aln  -            136   8.7e-29   95.9   0.1   1   1   2.2e-30   9.7e-29   95.8   0.1     4   133     1   134     1   135 0.95 -
d1pbja3d.37.1.1      -            120 d2nyca1d.37.1.1.aln  -            136   1.3e-27   92.2   7.0   1   1   3.1e-29   1.4e-27   92.0   7.0     5   128     1   118     1   120 0.93 -
d2riha_d.37.1.1      -            131 d2nyca1d.37.1.1.aln  -            136   1.9e-27   91.6   0.6   1   1   4.7e-29   2.1e-27   91.5   0.6     7   134     4   127     1   129 0.91 -
d2nyca1d.37.1.1      -            140 d2nyca1d.37.1.1.aln  -            136   3.5e-26   87.5   0.6   1   1     1e-27   4.4e-26   87.2   0.6     8   129    13   137    10   139 0.98 -
d2ouxa2d.37.1.1      -            127 d2nyca1d.37.1.1.aln  -            136   4.5e-26   87.2   6.6   1   1   1.1e-27   4.8e-26   87.0   6.6     8   134     3   126     1   127 0.97 -
d2v8qe2d.37.1.1      -            159 d2nyca1d.37.1.1.aln  -            136   1.9e-24   81.9   0.0   1   1     8e-25   3.5e-23   77.8   0.0     2   134    13   158    12   159 0.94 -
d2j9la1d.37.1.1      -            169 d2nyca1d.37.1.1.aln  -            136   3.8e-24   80.9   0.4   1   1     1e-25   4.5e-24   80.7   0.4     3   135    20   161    18   162 0.98 -
d2d4za3d.37.1.1      -            161 d2nyca1d.37.1.1.aln  -            136   9.6e-22   73.1   0.0   1   1   2.9e-23   1.3e-21   72.7   0.0     1   135     8   156     8   157 0.96 -
#
# Program:         hmmsearch
# Version:         3.3.2 (Nov 2020)
# Pipeline mode:   SEARCH
# Query file:      /home/elise/Documents/M1-BIM/S2/TMEs/SBAS/tme08/models/d2nyca1d.37.1.1.aln.hmm
# Target file:     /home/elise/Documents/M1-BIM/S2/TMEs/SBAS/tme08/scop/scop/scopTestSeq.fasta
# Option settings: hmmsearch --domtblout /home/elise/Documents/M1-BIM/S2/TMEs/SBAS/tme08/searchResults/d2nyca1d.37.1.1.aln.out -E 1 /home/elise/Documents/M1-BIM/S2/TMEs/SBAS/tme08/models/d2nyca1d.37.1.1.aln.hmm /home/elise/Documents/M1-BIM/S2/TMEs/SBAS/tme08/scop/scop/scopTestSeq.fasta 
# Current dir:     /home/elise/Documents/M1-BIM/S2/TMEs/SBAS/tme08
# Date:            Tue Apr  1 17:31:01 2025
# [ok]
