#                                                                            --- full sequence --- -------------- this domain -------------   hmm coord   ali coord   env coord
# target name        accession   tlen query name           accession   qlen   E-value  score  bias   #  of  c-Evalue  i-Evalue  score  bias  from    to  from    to  from    to  acc description of target
#------------------- ---------- ----- -------------------- ---------- ----- --------- ------ ----- --- --- --------- --------- ------ ----- ----- ----- ----- ----- ----- ----- ---- ---------------------
d2nuja1d.38.1.1      -            159 d2oafa1d.38.1.1.aln  -            134   2.9e-42  138.9   0.0   1   1   7.2e-44   3.3e-42  138.7   0.0     2   133    22   153    21   154 0.98 -
d1njka_d.38.1.1      -            133 d2oafa1d.38.1.1.aln  -            134   3.3e-41  135.5   0.0   1   1   7.9e-43   3.7e-41  135.3   0.0     3   133     1   131     1   132 0.98 -
d3qy3a1d.38.1.1      -            130 d2oafa1d.38.1.1.aln  -            134   3.7e-41  135.3   0.0   1   1   8.6e-43     4e-41  135.2   0.0     2   130     2   129     1   130 0.98 -
d2oiwa1d.38.1.1      -            131 d2oafa1d.38.1.1.aln  -            134   3.8e-41  135.3   0.3   1   1   8.9e-43   4.1e-41  135.2   0.3     3   133     1   127     1   128 0.98 -
d2hx5a1d.38.1.1      -            144 d2oafa1d.38.1.1.aln  -            134   5.8e-40  131.5   0.0   1   1   1.4e-41   6.4e-40  131.3   0.0     2   133     5   143     4   144 0.98 -
d1s5ua_d.38.1.1      -            129 d2oafa1d.38.1.1.aln  -            134   2.6e-39  129.4   1.6   1   1   6.2e-41   2.9e-39  129.2   1.6     3   130     2   129     1   129 0.98 -
d2gf6a1d.38.1.1      -            134 d2oafa1d.38.1.1.aln  -            134   4.3e-39  128.6   0.0   1   1     1e-40   4.7e-39  128.5   0.0     2   131     4   132     3   134 0.98 -
d2gvha1d.38.1.1      -            135 d2oafa1d.38.1.1.aln  -            134     6e-38  125.0   0.0   1   1   1.4e-39   6.4e-38  124.9   0.0     4   131     3   133     1   135 0.97 -
d3bjka_d.38.1.1      -            140 d2oafa1d.38.1.1.aln  -            134   1.6e-37  123.6   0.0   1   1   3.7e-39   1.7e-37  123.5   0.0    10   132     5   133     1   135 0.97 -
d1lo7a_d.38.1.1      -            140 d2oafa1d.38.1.1.aln  -            134   3.3e-37  122.6   0.0   1   1   7.7e-39   3.6e-37  122.4   0.0     3   131     3   140     1   140 0.98 -
d1vpma_d.38.1.1      -            155 d2oafa1d.38.1.1.aln  -            134   5.8e-37  121.8   0.1   1   1   1.4e-38   6.5e-37  121.6   0.1     3   133     4   137     2   138 0.98 -
d2hlja1d.38.1.1      -            156 d2oafa1d.38.1.1.aln  -            134   1.1e-35  117.7   0.0   1   1   2.6e-37   1.2e-35  117.5   0.0     2   133     3   137     2   138 0.97 -
d2oafa1d.38.1.1      -            143 d2oafa1d.38.1.1.aln  -            134     1e-13   46.5   0.0   1   1   2.6e-15   1.2e-13   46.3   0.0     4   132     9   139     6   140 0.97 -
d1wlua_d.38.1.5      -            117 d2oafa1d.38.1.1.aln  -            134   2.4e-07   25.9   0.1   1   2      0.75        35   -0.5   0.0    33    62     1    31     1    34 0.76 -
d1wlua_d.38.1.5      -            117 d2oafa1d.38.1.1.aln  -            134   2.4e-07   25.9   0.1   2   2   1.4e-08   6.3e-07   24.5   0.1    53   102    61   107    27   116 0.79 -
d3f5oa_d.38.1.5      -            138 d2oafa1d.38.1.1.aln  -            134   4.8e-07   24.9   0.0   1   1   1.3e-08     6e-07   24.6   0.0    19    84    46   111    30   134 0.82 -
d1ixla_d.38.1.5      -            130 d2oafa1d.38.1.1.aln  -            134   0.00013   17.0   0.0   1   1   3.3e-06   0.00015   16.8   0.0    44   101    59   115    32   125 0.79 -
d2hboa1d.38.1.5      -            142 d2oafa1d.38.1.1.aln  -            134    0.0013   13.8   0.0   1   1   3.1e-05    0.0015   13.7   0.0    49   111    70   131    33   141 0.83 -
#
# Program:         hmmsearch
# Version:         3.3.2 (Nov 2020)
# Pipeline mode:   SEARCH
# Query file:      /home/elise/Documents/M1-BIM/S2/TMEs/SBAS/tme08/models/d2oafa1d.38.1.1.aln.hmm
# Target file:     /home/elise/Documents/M1-BIM/S2/TMEs/SBAS/tme08/scop/scop/scopTestSeq.fasta
# Option settings: hmmsearch --domtblout /home/elise/Documents/M1-BIM/S2/TMEs/SBAS/tme08/searchResults/d2oafa1d.38.1.1.aln.out -E 1 /home/elise/Documents/M1-BIM/S2/TMEs/SBAS/tme08/models/d2oafa1d.38.1.1.aln.hmm /home/elise/Documents/M1-BIM/S2/TMEs/SBAS/tme08/scop/scop/scopTestSeq.fasta 
# Current dir:     /home/elise/Documents/M1-BIM/S2/TMEs/SBAS/tme08
# Date:            Tue Apr  1 17:31:01 2025
# [ok]
