#                                                                            --- full sequence --- -------------- this domain -------------   hmm coord   ali coord   env coord
# target name        accession   tlen query name           accession   qlen   E-value  score  bias   #  of  c-Evalue  i-Evalue  score  bias  from    to  from    to  from    to  acc description of target
#------------------- ---------- ----- -------------------- ---------- ----- --------- ------ ----- --- --- --------- --------- ------ ----- ----- ----- ----- ----- ----- ----- ---- ---------------------
d2nuja1d.38.1.1      -            159 d2oiwa1d.38.1.1.aln  -            134   4.8e-42  138.2   0.0   1   1   1.2e-43   5.4e-42  138.0   0.0     2   133    22   153    21   154 0.98 -
d3qy3a1d.38.1.1      -            130 d2oiwa1d.38.1.1.aln  -            134   1.8e-41  136.4   0.1   1   1   4.1e-43   1.9e-41  136.3   0.1     2   130     2   129     1   130 0.98 -
d1njka_d.38.1.1      -            133 d2oiwa1d.38.1.1.aln  -            134   3.9e-41  135.2   0.0   1   1   9.3e-43   4.3e-41  135.1   0.0     3   133     1   131     1   132 0.98 -
d2gvha1d.38.1.1      -            135 d2oiwa1d.38.1.1.aln  -            134     1e-39  130.6   0.1   1   1   2.4e-41   1.1e-39  130.5   0.1     4   132     3   134     1   135 0.97 -
d1lo7a_d.38.1.1      -            140 d2oiwa1d.38.1.1.aln  -            134   1.2e-39  130.4   0.0   1   1   2.9e-41   1.4e-39  130.3   0.0     3   132     3   139     1   140 0.98 -
d2gf6a1d.38.1.1      -            134 d2oiwa1d.38.1.1.aln  -            134   1.5e-39  130.2   0.0   1   1   3.4e-41   1.6e-39  130.0   0.0     2   131     4   132     3   134 0.98 -
d2hx5a1d.38.1.1      -            144 d2oiwa1d.38.1.1.aln  -            134   1.5e-39  130.1   0.0   1   1   3.7e-41   1.7e-39  130.0   0.0     3   133     6   143     4   144 0.98 -
d1s5ua_d.38.1.1      -            129 d2oiwa1d.38.1.1.aln  -            134     2e-39  129.7   1.5   1   1   4.8e-41   2.2e-39  129.6   1.5     3   130     2   129     1   129 0.98 -
d2oafa1d.38.1.1      -            143 d2oiwa1d.38.1.1.aln  -            134   3.6e-39  128.9   0.0   1   1   8.6e-41     4e-39  128.8   0.0     2   133     7   140     6   141 0.98 -
d1vpma_d.38.1.1      -            155 d2oiwa1d.38.1.1.aln  -            134   1.8e-38  126.7   0.1   1   1   4.3e-40     2e-38  126.5   0.1     2   133     3   137     2   138 0.98 -
d3bjka_d.38.1.1      -            140 d2oiwa1d.38.1.1.aln  -            134     3e-38  125.9   0.0   1   1   6.9e-40   3.2e-38  125.8   0.0    10   132     5   133     1   135 0.97 -
d2hlja1d.38.1.1      -            156 d2oiwa1d.38.1.1.aln  -            134   2.1e-34  113.5   0.0   1   1   5.1e-36   2.4e-34  113.3   0.0     2   133     5   137     4   138 0.98 -
d2oiwa1d.38.1.1      -            131 d2oiwa1d.38.1.1.aln  -            134   1.6e-20   68.5   0.2   1   1   3.8e-22   1.7e-20   68.4   0.2     8   131     6   125     1   128 0.95 -
d1wlua_d.38.1.5      -            117 d2oiwa1d.38.1.1.aln  -            134   2.6e-08   29.0   0.2   1   2       1.7        79   -1.7   0.0    34    61     2    30     1    33 0.73 -
d1wlua_d.38.1.5      -            117 d2oiwa1d.38.1.1.aln  -            134   2.6e-08   29.0   0.2   2   2     1e-09   4.8e-08   28.2   0.2    53   107    61   114    20   117 0.81 -
d3f5oa_d.38.1.5      -            138 d2oiwa1d.38.1.1.aln  -            134   1.1e-07   27.0   0.0   1   1   2.9e-09   1.3e-07   26.7   0.0    19   104    46   130    32   135 0.85 -
d1ixla_d.38.1.5      -            130 d2oiwa1d.38.1.1.aln  -            134   4.9e-05   18.4   0.0   1   1   1.5e-06   6.8e-05   18.0   0.0    49   112    64   124    50   127 0.81 -
d2hboa1d.38.1.5      -            142 d2oiwa1d.38.1.1.aln  -            134   0.00034   15.7   0.0   1   1     1e-05   0.00047   15.2   0.0    48   110    69   130    30   140 0.76 -
#
# Program:         hmmsearch
# Version:         3.3.2 (Nov 2020)
# Pipeline mode:   SEARCH
# Query file:      /home/elise/Documents/M1-BIM/S2/TMEs/SBAS/tme08/models/d2oiwa1d.38.1.1.aln.hmm
# Target file:     /home/elise/Documents/M1-BIM/S2/TMEs/SBAS/tme08/scop/scop/scopTestSeq.fasta
# Option settings: hmmsearch --domtblout /home/elise/Documents/M1-BIM/S2/TMEs/SBAS/tme08/searchResults/d2oiwa1d.38.1.1.aln.out -E 1 /home/elise/Documents/M1-BIM/S2/TMEs/SBAS/tme08/models/d2oiwa1d.38.1.1.aln.hmm /home/elise/Documents/M1-BIM/S2/TMEs/SBAS/tme08/scop/scop/scopTestSeq.fasta 
# Current dir:     /home/elise/Documents/M1-BIM/S2/TMEs/SBAS/tme08
# Date:            Tue Apr  1 17:31:02 2025
# [ok]
