#                                                                            --- full sequence --- -------------- this domain -------------   hmm coord   ali coord   env coord
# target name        accession   tlen query name           accession   qlen   E-value  score  bias   #  of  c-Evalue  i-Evalue  score  bias  from    to  from    to  from    to  acc description of target
#------------------- ---------- ----- -------------------- ---------- ----- --------- ------ ----- --- --- --------- --------- ------ ----- ----- ----- ----- ----- ----- ----- ---- ---------------------
d2p74a_e.3.1.1       -            263 d2olua2e.3.1.1.aln   -            301   5.6e-94  310.2   2.8   1   1   1.3e-95   6.2e-94  310.0   2.8    30   298     2   262     1   263 0.99 -
d2hdsa_e.3.1.1       -            358 d2olua2e.3.1.1.aln   -            301   5.2e-80  264.3   1.3   1   1   1.3e-81   5.8e-80  264.2   1.3     1   300    20   358    20   358 0.98 -
d1alqa_e.3.1.1       -            263 d2olua2e.3.1.1.aln   -            301     3e-68  225.7   4.7   1   2     0.004      0.19    6.4   0.0   266   299     2    35     1    37 0.92 -
d1alqa_e.3.1.1       -            263 d2olua2e.3.1.1.aln   -            301     3e-68  225.7   4.7   2   2   1.3e-68   6.1e-67  221.4   3.6    23   261    32   263    29   263 0.98 -
d1qmea4e.3.1.1       -            357 d2olua2e.3.1.1.aln   -            301   1.9e-59  196.8   5.3   1   1   4.5e-61   2.1e-59  196.7   5.3     3   300     3   338     1   339 0.97 -
d2v2ff_e.3.1.1       -            384 d2olua2e.3.1.1.aln   -            301   2.7e-58  193.0  14.9   1   1   6.8e-60   3.2e-58  192.8  14.9     2   299    32   360    31   362 0.97 -
d1yqsa_e.3.1.1       -            345 d2olua2e.3.1.1.aln   -            301   1.3e-54  180.9   4.2   1   1   3.2e-56   1.5e-54  180.7   4.2     1   300    19   342    19   343 0.98 -
d1e25a_e.3.1.1       -            278 d2olua2e.3.1.1.aln   -            301   3.3e-54  179.6   0.1   1   1   7.9e-56   3.7e-54  179.4   0.1    33   299     4   275     1   277 0.97 -
d2drwa1e.3.1.1       -            362 d2olua2e.3.1.1.aln   -            301   3.4e-54  179.5   0.0   1   1   8.3e-56   3.8e-54  179.4   0.0     2   300    19   358    18   359 0.98 -
d1ei5a3e.3.1.1       -            333 d2olua2e.3.1.1.aln   -            301     4e-50  166.2   0.0   1   1   9.6e-52   4.5e-50  166.0   0.0     2   298    20   326    19   329 0.99 -
d1xa1a_e.3.1.1       -            246 d2olua2e.3.1.1.aln   -            301   4.3e-49  162.8   5.4   1   1     1e-50   4.8e-49  162.6   5.4    21   299     1   245     1   246 0.97 -
d1vqqa3e.3.1.1       -            341 d2olua2e.3.1.1.aln   -            301   3.6e-48  159.8   9.0   1   1   8.6e-50     4e-48  159.6   9.0     2   300     4   333     3   334 0.98 -
d1tvfa2e.3.1.1       -            301 d2olua2e.3.1.1.aln   -            301   1.1e-47  158.1  14.6   1   1   2.7e-49   1.3e-47  158.0  14.6     2   300     2   299     1   300 0.97 -
d1xp4a2e.3.1.1       -            269 d2olua2e.3.1.1.aln   -            301   1.1e-45  151.7   6.4   1   1   2.5e-47   1.2e-45  151.5   6.4    31   298     2   267     1   269 0.98 -
d2bg1a1e.3.1.1       -            453 d2olua2e.3.1.1.aln   -            301   1.2e-44  148.2   9.8   1   1   1.2e-45   5.7e-44  146.0   9.8     2   298    53   425    52   427 0.95 -
d2dcfa1e.3.1.1       -            388 d2olua2e.3.1.1.aln   -            301   1.9e-43  144.3   0.0   1   1   4.6e-45   2.1e-43  144.1   0.0     3   300    69   386    67   387 0.98 -
d1ci9a_e.3.1.1       -            377 d2olua2e.3.1.1.aln   -            301     3e-40  133.8   0.0   1   1   7.6e-42   3.5e-40  133.5   0.0     2   276    21   335    20   365 0.96 -
d1es5a_e.3.1.1       -            260 d2olua2e.3.1.1.aln   -            301   2.3e-36  121.0  11.1   1   1   5.4e-38   2.5e-36  120.9  11.1    30   299     2   260     1   260 0.97 -
#
# Program:         hmmsearch
# Version:         3.3.2 (Nov 2020)
# Pipeline mode:   SEARCH
# Query file:      /home/elise/Documents/M1-BIM/S2/TMEs/SBAS/tme08/models/d2olua2e.3.1.1.aln.hmm
# Target file:     /home/elise/Documents/M1-BIM/S2/TMEs/SBAS/tme08/scop/scop/scopTestSeq.fasta
# Option settings: hmmsearch --domtblout /home/elise/Documents/M1-BIM/S2/TMEs/SBAS/tme08/searchResults/d2olua2e.3.1.1.aln.out -E 1 /home/elise/Documents/M1-BIM/S2/TMEs/SBAS/tme08/models/d2olua2e.3.1.1.aln.hmm /home/elise/Documents/M1-BIM/S2/TMEs/SBAS/tme08/scop/scop/scopTestSeq.fasta 
# Current dir:     /home/elise/Documents/M1-BIM/S2/TMEs/SBAS/tme08
# Date:            Tue Apr  1 17:31:02 2025
# [ok]
