#                                                                            --- full sequence --- -------------- this domain -------------   hmm coord   ali coord   env coord
# target name        accession   tlen query name           accession   qlen   E-value  score  bias   #  of  c-Evalue  i-Evalue  score  bias  from    to  from    to  from    to  acc description of target
#------------------- ---------- ----- -------------------- ---------- ----- --------- ------ ----- --- --- --------- --------- ------ ----- ----- ----- ----- ----- ----- ----- ---- ---------------------
d1jeta_c.94.1.1      -            517 d2ozza1c.94.1.1.aln  -            337   3.4e-51  170.4  11.7   1   1   1.5e-52   4.4e-51  170.0  11.7     1   334   127   517   127   517 0.99 -
d3vlva_c.94.1.1      -            490 d2ozza1c.94.1.1.aln  -            337   4.9e-51  169.9   7.6   1   1   2.1e-52   6.2e-51  169.5   7.6     1   337     8   433     8   433 0.99 -
d1uqwa_c.94.1.1      -            487 d2ozza1c.94.1.1.aln  -            337   3.3e-38  127.9   9.5   1   2       3.2        93   -1.3   0.1    84   155    20    85     7    93 0.61 -
d1uqwa_c.94.1.1      -            487 d2ozza1c.94.1.1.aln  -            337   3.3e-38  127.9   9.5   2   2   1.1e-39   3.3e-38  127.9   9.5     2   336    95   477    94   478 0.99 -
d1nnfa_c.94.1.1      -            308 d2ozza1c.94.1.1.aln  -            337   1.6e-37  125.6   9.7   1   1   6.1e-39   1.8e-37  125.5   9.7    16   301     1   306     1   308 0.98 -
d1q35a_c.94.1.1      -            318 d2ozza1c.94.1.1.aln  -            337   8.7e-33  110.1   3.4   1   1   3.7e-34   1.1e-32  109.8   3.4    16   305     3   314     1   317 0.95 -
d1eu8a_c.94.1.1      -            407 d2ozza1c.94.1.1.aln  -            337   8.7e-32  106.8   7.2   1   1   3.5e-33     1e-31  106.6   7.2     6   336     3   407     1   407 0.98 -
d1pb7a_c.94.1.1      -            289 d2ozza1c.94.1.1.aln  -            337     5e-31  104.3   0.0   1   1   1.9e-32   5.6e-31  104.2   0.0    18   308     3   288     1   289 0.96 -
d2nooa_c.94.1.1      -            496 d2ozza1c.94.1.1.aln  -            337   1.3e-30  102.9   0.1   1   1   8.7e-32   2.5e-30  102.0   0.1     2   329    97   494    96   496 0.98 -
d1ursa_c.94.1.1      -            367 d2ozza1c.94.1.1.aln  -            337   5.8e-30  100.9   9.6   1   1   2.2e-31   6.4e-30  100.7   9.6    12   336     3   367     1   367 0.98 -
d1r9la_c.94.1.1      -            309 d2ozza1c.94.1.1.aln  -            337   7.3e-30  100.5  11.5   1   1   2.9e-31   8.4e-30  100.3  11.5    18   336     8   308     2   309 0.97 -
d1vr5a1c.94.1.1      -            535 d2ozza1c.94.1.1.aln  -            337   7.9e-30  100.4  11.6   1   1   4.4e-31   1.3e-29   99.7  11.6     2   336   121   509   120   510 0.99 -
d1ixha_c.94.1.1      -            321 d2ozza1c.94.1.1.aln  -            337   1.1e-27   93.4  13.3   1   1   4.4e-29   1.3e-27   93.2  13.3    14   330     2   319     1   320 0.89 -
d3thia_c.94.1.1      -            362 d2ozza1c.94.1.1.aln  -            337   1.8e-27   92.7   0.2   1   1   6.9e-29     2e-27   92.5   0.2     2   336     2   361     1   362 0.98 -
d1sbpa_c.94.1.1      -            309 d2ozza1c.94.1.1.aln  -            337   5.5e-26   87.8   9.7   1   1   2.1e-27   6.1e-26   87.7   9.7    16   318     5   307     1   309 0.98 -
d1xoca1c.94.1.1      -            504 d2ozza1c.94.1.1.aln  -            337   6.3e-26   87.6  16.5   1   1   2.9e-27   8.4e-26   87.2  16.5     2   337   104   497   103   497 0.98 -
d2czla1c.94.1.1      -            270 d2ozza1c.94.1.1.aln  -            337   5.8e-22   74.7   0.0   1   1   2.1e-23   6.1e-22   74.6   0.0    17   301     3   261     1   270 0.95 -
d1us5a_c.94.1.1      -            298 d2ozza1c.94.1.1.aln  -            337   1.5e-18   63.5   1.7   1   1   5.5e-20   1.6e-18   63.4   1.7    16   316     4   296     1   298 0.96 -
d2nxoa1c.94.1.1      -            277 d2ozza1c.94.1.1.aln  -            337     1e-16   57.5   0.0   1   1   3.8e-18   1.1e-16   57.4   0.0    17   300     4   271     1   277 0.94 -
d2i6ea1c.94.1.1      -            272 d2ozza1c.94.1.1.aln  -            337   5.7e-16   55.0   0.0   1   1   2.5e-17   7.4e-16   54.6   0.0    19   294     5   268     2   271 0.96 -
d1al3a_c.94.1.1      -            237 d2ozza1c.94.1.1.aln  -            337   8.8e-16   54.4   0.0   1   1   3.6e-17   1.1e-15   54.1   0.0    22   298     1   230     1   234 0.98 -
d1sw5a_c.94.1.1      -            270 d2ozza1c.94.1.1.aln  -            337   4.9e-14   48.7   6.4   1   1   1.8e-15   5.3e-14   48.6   6.4    17   309     5   268     1   270 0.95 -
d1twya_c.94.1.1      -            249 d2ozza1c.94.1.1.aln  -            337   1.6e-13   47.0   0.1   1   1   6.1e-15   1.8e-13   46.8   0.1    16   299     3   246     1   249 0.95 -
d1xt8a1c.94.1.1      -            248 d2ozza1c.94.1.1.aln  -            337   5.6e-13   45.2   6.4   1   1   2.2e-14   6.5e-13   45.0   6.4    49   303    20   245     5   248 0.92 -
d1atga_c.94.1.1      -            231 d2ozza1c.94.1.1.aln  -            337     2e-12   43.4   1.2   1   1   7.3e-14   2.1e-12   43.3   1.2    18   306     4   229     1   231 0.95 -
d2esna2c.94.1.1      -            212 d2ozza1c.94.1.1.aln  -            337   8.9e-10   34.7   0.0   1   1   3.7e-11   1.1e-09   34.5   0.0    20   300     2   207     1   211 0.93 -
d1i6aa_c.94.1.1      -            212 d2ozza1c.94.1.1.aln  -            337     4e-08   29.3   0.0   1   1   1.7e-09   5.1e-08   29.0   0.0    53   291    14   205     8   209 0.95 -
d1ve4a1c.94.1.1      -            206 d2ozza1c.94.1.1.aln  -            337   8.7e-08   28.2   0.0   1   1   3.6e-09   1.1e-07   27.9   0.0    76   273    48   201    21   204 0.88 -
#
# Program:         hmmsearch
# Version:         3.3.2 (Nov 2020)
# Pipeline mode:   SEARCH
# Query file:      /home/elise/Documents/M1-BIM/S2/TMEs/SBAS/tme08/models/d2ozza1c.94.1.1.aln.hmm
# Target file:     /home/elise/Documents/M1-BIM/S2/TMEs/SBAS/tme08/scop/scop/scopTestSeq.fasta
# Option settings: hmmsearch --domtblout /home/elise/Documents/M1-BIM/S2/TMEs/SBAS/tme08/searchResults/d2ozza1c.94.1.1.aln.out -E 1 /home/elise/Documents/M1-BIM/S2/TMEs/SBAS/tme08/models/d2ozza1c.94.1.1.aln.hmm /home/elise/Documents/M1-BIM/S2/TMEs/SBAS/tme08/scop/scop/scopTestSeq.fasta 
# Current dir:     /home/elise/Documents/M1-BIM/S2/TMEs/SBAS/tme08
# Date:            Tue Apr  1 17:31:02 2025
# [ok]
