#                                                                            --- full sequence --- -------------- this domain -------------   hmm coord   ali coord   env coord
# target name        accession   tlen query name           accession   qlen   E-value  score  bias   #  of  c-Evalue  i-Evalue  score  bias  from    to  from    to  from    to  acc description of target
#------------------- ---------- ----- -------------------- ---------- ----- --------- ------ ----- --- --- --------- --------- ------ ----- ----- ----- ----- ----- ----- ----- ---- ---------------------
d1z4ra1d.108.1.1     -            162 d2pq8a_d.108.1.1.aln -            179   1.3e-35  118.8   0.1   1   1   7.9e-37   1.4e-35  118.7   0.1    10   175     3   162     1   162 0.97 -
d1nsla_d.108.1.1     -            180 d2pq8a_d.108.1.1.aln -            179   6.7e-32  106.7   0.2   1   1   4.1e-33   7.4e-32  106.6   0.2     1   172     2   179     2   180 0.99 -
d1z4ea1d.108.1.1     -            150 d2pq8a_d.108.1.1.aln -            179   1.4e-30  102.5   0.1   1   1   8.3e-32   1.5e-30  102.4   0.1     9   151     1   146     1   150 0.97 -
d2ae6a1d.108.1.1     -            161 d2pq8a_d.108.1.1.aln -            179   1.9e-30  102.0   0.1   1   1   1.2e-31   2.1e-30  101.8   0.1     9   168     4   159     1   160 0.97 -
d1tiqa_d.108.1.1     -            173 d2pq8a_d.108.1.1.aln -            179   8.9e-30   99.8   0.1   1   1   5.4e-31   9.8e-30   99.7   0.1     1   170     1   172     1   173 0.98 -
d2b5ga_d.108.1.1     -            168 d2pq8a_d.108.1.1.aln -            179   2.5e-29   98.4   0.4   1   1   1.5e-30   2.7e-29   98.3   0.4    10   167     3   167     1   168 0.98 -
d1mk4a_d.108.1.1     -            157 d2pq8a_d.108.1.1.aln -            179   1.7e-27   92.4   0.0   1   1   1.1e-28   1.9e-27   92.3   0.0     9   156     1   137     1   156 0.94 -
d2fcka1d.108.1.1     -            178 d2pq8a_d.108.1.1.aln -            179     5e-27   90.9   0.1   1   1     3e-28   5.4e-27   90.8   0.1     3   167     5   175     3   178 0.96 -
d1qsma_d.108.1.1     -            150 d2pq8a_d.108.1.1.aln -            179   1.5e-26   89.4   0.0   1   1   8.6e-28   1.5e-26   89.3   0.0     9   145     2   139     1   150 0.95 -
d2fiaa1d.108.1.1     -            157 d2pq8a_d.108.1.1.aln -            179   2.9e-26   88.4   0.8   1   1   1.8e-27   3.2e-26   88.3   0.8    10   168     1   156     1   157 0.97 -
d1ufha_d.108.1.1     -            155 d2pq8a_d.108.1.1.aln -            179   1.3e-25   86.3   0.2   1   1   8.9e-27   1.6e-25   86.0   0.2     9   151     1   151     1   154 0.98 -
d1wwza1d.108.1.1     -            157 d2pq8a_d.108.1.1.aln -            179   6.1e-25   84.1   0.6   1   1     4e-26   7.1e-25   83.9   0.6     7   157     1   154     1   156 0.97 -
d1y9ka1d.108.1.1     -            152 d2pq8a_d.108.1.1.aln -            179   1.2e-24   83.1   0.0   1   1   7.3e-26   1.3e-24   83.0   0.0    72   178    40   150    12   151 0.88 -
d1vkca_d.108.1.1     -            149 d2pq8a_d.108.1.1.aln -            179   7.5e-24   80.6   1.7   1   1   4.9e-25   8.8e-24   80.3   1.7    17   150    11   144     2   148 0.93 -
d2euia1d.108.1.1     -            153 d2pq8a_d.108.1.1.aln -            179   1.3e-23   79.7   0.1   1   1   8.5e-25   1.5e-23   79.6   0.1    10   154     1   145     1   152 0.97 -
d1u6ma_d.108.1.1     -            189 d2pq8a_d.108.1.1.aln -            179   1.7e-23   79.4   0.1   1   1   1.4e-24   2.6e-23   78.8   0.1     3   162    10   186     8   188 0.96 -
d2gana1d.108.1.1     -            182 d2pq8a_d.108.1.1.aln -            179   3.1e-23   78.5   0.2   1   1     2e-24   3.5e-23   78.4   0.2     2   162     4   180     3   182 0.94 -
d1y9wa1d.108.1.1     -            140 d2pq8a_d.108.1.1.aln -            179   3.8e-23   78.3   1.3   1   1   2.3e-24   4.1e-23   78.1   1.3    10   164     1   138     1   140 0.96 -
d2jdca1d.108.1.1     -            145 d2pq8a_d.108.1.1.aln -            179     4e-23   78.2   0.2   1   1   2.4e-24   4.4e-23   78.1   0.2    10   165     1   143     1   145 0.97 -
d1i12a_d.108.1.1     -            157 d2pq8a_d.108.1.1.aln -            179   4.5e-22   74.8   0.0   1   1   3.1e-23   5.6e-22   74.5   0.0     9   145     4   147     1   156 0.96 -
d2cy2a1d.108.1.1     -            174 d2pq8a_d.108.1.1.aln -            179   8.6e-22   73.9   1.4   1   1   5.3e-23   9.5e-22   73.7   1.4    11   172     2   174     1   174 0.97 -
d1ghea_d.108.1.1     -            170 d2pq8a_d.108.1.1.aln -            179     1e-21   73.6   0.0   1   1   5.9e-23   1.1e-21   73.6   0.0    10   153     5   152     1   170 0.90 -
d1n71a_d.108.1.1     -            180 d2pq8a_d.108.1.1.aln -            179   3.7e-21   71.8   0.0   1   1   2.4e-22   4.4e-21   71.6   0.0    24   177    11   166     2   168 0.95 -
d1m4ia_d.108.1.1     -            181 d2pq8a_d.108.1.1.aln -            179   3.8e-21   71.7   0.0   1   1   2.4e-22   4.3e-21   71.6   0.0     5   179     1   176     1   176 0.96 -
d1cjwa_d.108.1.1     -            166 d2pq8a_d.108.1.1.aln -            179   1.4e-20   69.9   0.0   1   1   8.5e-22   1.5e-20   69.8   0.0     8   159     4   162     1   166 0.95 -
d2aj6a1d.108.1.1     -            118 d2pq8a_d.108.1.1.aln -            179   1.9e-20   69.5   0.0   1   1   1.1e-21     2e-20   69.4   0.0     9   124     1   116     1   118 0.98 -
d2fl4a1d.108.1.1     -            146 d2pq8a_d.108.1.1.aln -            179   5.9e-20   67.9   0.3   1   1   3.9e-21     7e-20   67.6   0.3     9   161     2   144     1   145 0.97 -
d1yx0a1d.108.1.1     -            151 d2pq8a_d.108.1.1.aln -            179   1.3e-19   66.8   0.0   1   1   8.1e-21   1.5e-19   66.6   0.0    10   165     1   150     1   151 0.93 -
d1bo4a_d.108.1.1     -            137 d2pq8a_d.108.1.1.aln -            179   3.6e-19   65.3   0.1   1   1   2.2e-20   3.9e-19   65.2   0.1    10   143     3   137     1   137 0.98 -
d2fsra1d.108.1.1     -            164 d2pq8a_d.108.1.1.aln -            179   2.3e-18   62.7   0.0   1   1   1.4e-19   2.5e-18   62.6   0.0     1   162     1   162     1   164 0.97 -
d2g3aa1d.108.1.1     -            137 d2pq8a_d.108.1.1.aln -            179   4.2e-18   61.8   0.0   1   1   2.8e-19     5e-18   61.6   0.0    10   148     1   119     1   122 0.96 -
d1yk3a1d.108.1.1     -            198 d2pq8a_d.108.1.1.aln -            179   6.2e-18   61.3   0.1   1   1   3.9e-19     7e-18   61.1   0.1     1   174    12   197    12   198 0.98 -
d1xeba_d.108.1.1     -            149 d2pq8a_d.108.1.1.aln -            179   7.1e-18   61.1   0.8   1   1   4.6e-19   8.2e-18   60.9   0.8    17   160     8   148     3   149 0.94 -
d2fiwa1d.108.1.1     -            156 d2pq8a_d.108.1.1.aln -            179   8.2e-18   60.9   0.0   1   1   5.3e-19   9.4e-18   60.7   0.0     8   161     2   151     1   155 0.89 -
d2atra1d.108.1.1     -            137 d2pq8a_d.108.1.1.aln -            179   2.1e-17   59.6   0.0   1   1   1.3e-18   2.4e-17   59.4   0.0     9   160     1   136     1   137 0.97 -
d1y7ra1d.108.1.1     -            133 d2pq8a_d.108.1.1.aln -            179   2.2e-17   59.5   0.0   1   1   1.3e-18   2.4e-17   59.4   0.0    11   158     2   133     1   133 0.96 -
d2p0wa_d.108.1.1     -            319 d2pq8a_d.108.1.1.aln -            179   4.1e-17   58.6   0.3   1   2   7.8e-16   1.4e-14   50.4   0.3     1   179    15   219    15   219 0.98 -
d2p0wa_d.108.1.1     -            319 d2pq8a_d.108.1.1.aln -            179   4.1e-17   58.6   0.3   2   2     0.037      0.66    5.9   0.0    95   117   222   244   220   249 0.82 -
d2pq8a_d.108.1.1     -            271 d2pq8a_d.108.1.1.aln -            179   2.5e-16   56.1   0.5   1   1   1.7e-17   3.1e-16   55.8   0.5    14   179     5   173     1   173 0.96 -
d1q2ya_d.108.1.1     -            140 d2pq8a_d.108.1.1.aln -            179   5.6e-16   54.9   0.3   1   1   3.7e-17   6.7e-16   54.7   0.3    16   164     8   139     5   140 0.95 -
d1p0ha_d.108.1.1     -            308 d2pq8a_d.108.1.1.aln -            179   1.3e-12   44.0   0.1   1   3   3.2e-10   5.8e-09   32.1   0.0     1   177    15   214    15   216 0.98 -
d1p0ha_d.108.1.1     -            308 d2pq8a_d.108.1.1.aln -            179   1.3e-12   44.0   0.1   2   3      0.18       3.2    3.7   0.0    83   105   227   249   218   251 0.82 -
d1p0ha_d.108.1.1     -            308 d2pq8a_d.108.1.1.aln -            179   1.3e-12   44.0   0.1   3   3       1.2        21    1.1   0.0   124   145   277   298   274   306 0.84 -
d1boba_d.108.1.1     -            315 d2pq8a_d.108.1.1.aln -            179   4.6e-12   42.2   0.0   1   2   7.3e-12   1.3e-10   37.5   0.1     1   179     5   215     5   215 0.99 -
d1boba_d.108.1.1     -            315 d2pq8a_d.108.1.1.aln -            179   4.6e-12   42.2   0.0   2   2      0.38       6.8    2.6   0.0    96   113   219   236   218   252 0.93 -
d1r57a_d.108.1.1     -            102 d2pq8a_d.108.1.1.aln -            179   7.6e-12   41.5   0.1   1   1   4.9e-13   8.9e-12   41.3   0.1    79   147    28    93     2   102 0.79 -
d1xmta_d.108.1.1     -             95 d2pq8a_d.108.1.1.aln -            179   1.9e-09   33.7   0.0   1   1   1.3e-10   2.3e-09   33.4   0.0    74   131    20    77     3    82 0.88 -
d2d4pa1d.108.1.1     -            130 d2pq8a_d.108.1.1.aln -            179   3.7e-08   29.5   0.2   1   1   4.3e-09   7.6e-08   28.5   0.2    10   150     1   121     1   130 0.86 -
#
# Program:         hmmsearch
# Version:         3.3.2 (Nov 2020)
# Pipeline mode:   SEARCH
# Query file:      /home/elise/Documents/M1-BIM/S2/TMEs/SBAS/tme08/models/d2pq8a_d.108.1.1.aln.hmm
# Target file:     /home/elise/Documents/M1-BIM/S2/TMEs/SBAS/tme08/scop/scop/scopTestSeq.fasta
# Option settings: hmmsearch --domtblout /home/elise/Documents/M1-BIM/S2/TMEs/SBAS/tme08/searchResults/d2pq8a_d.108.1.1.aln.out -E 1 /home/elise/Documents/M1-BIM/S2/TMEs/SBAS/tme08/models/d2pq8a_d.108.1.1.aln.hmm /home/elise/Documents/M1-BIM/S2/TMEs/SBAS/tme08/scop/scop/scopTestSeq.fasta 
# Current dir:     /home/elise/Documents/M1-BIM/S2/TMEs/SBAS/tme08
# Date:            Tue Apr  1 17:31:02 2025
# [ok]
