#                                                                            --- full sequence --- -------------- this domain -------------   hmm coord   ali coord   env coord
# target name        accession   tlen query name           accession   qlen   E-value  score  bias   #  of  c-Evalue  i-Evalue  score  bias  from    to  from    to  from    to  acc description of target
#------------------- ---------- ----- -------------------- ---------- ----- --------- ------ ----- --- --- --------- --------- ------ ----- ----- ----- ----- ----- ----- ----- ---- ---------------------
d3bzka4b.40.4.5      -             94 d2r7da1b.40.4.5.aln  -             92   6.9e-13   44.4   0.8   1   1   3.5e-14   7.6e-13   44.3   0.8     4    89    14    93    11    94 0.93 -
d2je6i1b.40.4.5      -             87 d2r7da1b.40.4.5.aln  -             92   1.2e-12   43.6   0.4   1   1   6.4e-14   1.4e-12   43.5   0.4     2    90     1    86     1    87 0.94 -
d2uubq1b.40.4.5      -            100 d2r7da1b.40.4.5.aln  -             92   2.3e-12   42.7   2.8   1   1   1.3e-13   2.7e-12   42.5   2.8     6    91     2    86     1    87 0.96 -
d1kl9a2b.40.4.5      -             86 d2r7da1b.40.4.5.aln  -             92   2.7e-12   42.5   0.7   1   1   1.4e-13     3e-12   42.4   0.7     3    85     8    86     6    86 0.96 -
d1luza_b.40.4.5      -             85 d2r7da1b.40.4.5.aln  -             92     2e-11   39.8   0.3   1   1     1e-12   2.1e-11   39.7   0.3     3    90     3    85     1    85 0.97 -
d1y14b1b.40.4.5      -             91 d2r7da1b.40.4.5.aln  -             92   3.7e-11   38.9   0.0   1   1   1.9e-12   4.1e-11   38.8   0.0     6    91     1    84     1    85 0.97 -
d1go3e1b.40.4.5      -            106 d2r7da1b.40.4.5.aln  -             92   7.3e-11   38.0   0.9   1   1     4e-12   8.6e-11   37.7   0.9     6    92     1    91     1    91 0.89 -
d1wfqa_b.40.4.5      -             89 d2r7da1b.40.4.5.aln  -             92   4.3e-10   35.5   0.0   1   1   2.2e-11   4.7e-10   35.4   0.0    12    91     9    88     4    89 0.92 -
d2ja9a1b.40.4.5      -             90 d2r7da1b.40.4.5.aln  -             92   4.5e-10   35.5   0.0   1   1   2.3e-11     5e-10   35.3   0.0     2    90     1    83     1    85 0.97 -
d2nn6h1b.40.4.5      -             95 d2r7da1b.40.4.5.aln  -             92   4.5e-10   35.5   0.0   1   1   2.3e-11   4.9e-10   35.3   0.0     2    83     2    87     1    94 0.94 -
d2uubl1b.40.4.5      -            118 d2r7da1b.40.4.5.aln  -             92   4.8e-10   35.4   1.6   1   1   3.3e-11     7e-10   34.8   1.6     3    91    26   111    24   112 0.96 -
d1rl2a2b.40.4.5      -             66 d2r7da1b.40.4.5.aln  -             92   3.4e-09   32.7   0.1   1   1   1.7e-10   3.7e-09   32.5   0.1    27    90     3    65     1    65 0.92 -
d1c9oa_b.40.4.5      -             66 d2r7da1b.40.4.5.aln  -             92   7.1e-09   31.6   0.1   1   1   3.5e-10   7.5e-09   31.6   0.1     9    79     2    65     1    66 0.93 -
d3i4oa_b.40.4.5      -             68 d2r7da1b.40.4.5.aln  -             92   1.4e-08   30.7   0.2   1   1   6.7e-10   1.4e-08   30.7   0.2     8    73     4    68     1    68 0.95 -
d2ix0a1b.40.4.5      -             90 d2r7da1b.40.4.5.aln  -             92   1.6e-08   30.5   0.0   1   1     8e-10   1.7e-08   30.4   0.0     4    89     3    89     1    90 0.96 -
d1wi5a_b.40.4.5      -            119 d2r7da1b.40.4.5.aln  -             92   4.4e-08   29.1   0.0   1   1   2.8e-09   5.9e-08   28.7   0.0     6    86    19    95    14    96 0.88 -
d1jt8a_b.40.4.5      -            102 d2r7da1b.40.4.5.aln  -             92   6.7e-08   28.6   0.6   1   1   3.5e-09   7.5e-08   28.4   0.6     2    90     3    96     2    98 0.96 -
d2nn6i1b.40.4.5      -            125 d2r7da1b.40.4.5.aln  -             92   6.5e-07   25.4   0.0   1   1   3.6e-08   7.6e-07   25.2   0.0     5    91     4    95     1    96 0.96 -
d1e3pa2b.40.4.5      -             62 d2r7da1b.40.4.5.aln  -             92   7.5e-07   25.2   0.2   1   1   3.7e-08   7.9e-07   25.1   0.2    14    75     1    60     1    62 0.93 -
d1d7qa_b.40.4.5      -            143 d2r7da1b.40.4.5.aln  -             92   1.2e-06   24.5   0.0   1   1   1.1e-07   2.3e-06   23.7   0.0     2    91    31   124    30   125 0.96 -
d2vnud3b.40.4.5      -            148 d2r7da1b.40.4.5.aln  -             92   1.3e-06   24.5   0.0   1   1   8.3e-08   1.8e-06   24.0   0.0     3    91    44   137    42   138 0.93 -
d1hh2p1b.40.4.5      -             72 d2r7da1b.40.4.5.aln  -             92   1.3e-06   24.4   0.5   1   1   6.8e-08   1.5e-06   24.3   0.5    17    84     5    71     2    72 0.93 -
d1smxa_b.40.4.5      -             87 d2r7da1b.40.4.5.aln  -             92   3.3e-06   23.2   0.0   1   1   1.8e-07   3.8e-06   23.0   0.0     7    84     2    81     1    86 0.93 -
d1x6oa2b.40.4.5      -             79 d2r7da1b.40.4.5.aln  -             92   3.8e-06   23.0   0.0   1   1     2e-07   4.2e-06   22.8   0.0     2    84     2    77     1    79 0.95 -
d2asba1b.40.4.5      -             76 d2r7da1b.40.4.5.aln  -             92   6.6e-06   22.2   0.3   1   1   3.8e-07   8.2e-06   21.9   0.3    11    85     2    76     1    76 0.95 -
d2ix0a3b.40.4.5      -             87 d2r7da1b.40.4.5.aln  -             92   6.8e-06   22.2   0.2   1   1   3.4e-07   7.2e-06   22.1   0.2     9    91     4    86     1    87 0.95 -
d1khia2b.40.4.5      -             71 d2r7da1b.40.4.5.aln  -             92     9e-06   21.8   0.1   1   1   4.5e-07   9.7e-06   21.7   0.1     3    73     1    70     1    71 0.93 -
d2vnud2b.40.4.5      -             88 d2r7da1b.40.4.5.aln  -             92   6.8e-05   19.0   0.6   1   1   3.4e-06   7.3e-05   18.9   0.6     2    86     2    86     1    88 0.96 -
d1jjga_b.40.4.5      -            102 d2r7da1b.40.4.5.aln  -             92   0.00013   18.1   0.3   1   1   7.5e-06   0.00016   17.8   0.3     4    90     5    96     3    98 0.90 -
d1ne3a_b.40.4.5      -             68 d2r7da1b.40.4.5.aln  -             92    0.0003   17.0   0.1   1   1   1.5e-05   0.00032   16.8   0.1    12    71     8    66     3    68 0.91 -
d1bkba2b.40.4.5      -             65 d2r7da1b.40.4.5.aln  -             92   0.00044   16.4   0.2   1   1   2.2e-05   0.00046   16.4   0.2     9    68     2    58     1    65 0.86 -
d1u0la1b.40.4.5      -             66 d2r7da1b.40.4.5.aln  -             92   0.00046   16.4   0.4   1   1   2.5e-05   0.00053   16.2   0.4    12    72     3    63     2    66 0.92 -
d1t9ha1b.40.4.5      -             67 d2r7da1b.40.4.5.aln  -             92   0.00063   15.9   0.2   1   1   3.2e-05   0.00067   15.8   0.2    11    74     2    65     1    67 0.91 -
d2vnud1b.40.4.5      -             95 d2r7da1b.40.4.5.aln  -             92   0.00067   15.9   0.0   1   1   3.4e-05   0.00072   15.8   0.0     2    90     1    94     1    95 0.94 -
d1a62a2b.40.4.5      -             78 d2r7da1b.40.4.5.aln  -             92    0.0016   14.6   0.0   1   1   8.1e-05    0.0017   14.5   0.0    10    85     1    76     1    78 0.94 -
d1ueba2b.40.4.5      -             63 d2r7da1b.40.4.5.aln  -             92    0.0017   14.6   0.0   1   1     8e-05    0.0017   14.6   0.0    10    70     3    58     1    63 0.84 -
d2ix0a2b.40.4.5      -             79 d2r7da1b.40.4.5.aln  -             92     0.003   13.8   0.0   1   1   0.00014     0.003   13.8   0.0    18    83    10    75     1    79 0.84 -
#
# Program:         hmmsearch
# Version:         3.3.2 (Nov 2020)
# Pipeline mode:   SEARCH
# Query file:      /home/elise/Documents/M1-BIM/S2/TMEs/SBAS/tme08/models/d2r7da1b.40.4.5.aln.hmm
# Target file:     /home/elise/Documents/M1-BIM/S2/TMEs/SBAS/tme08/scop/scop/scopTestSeq.fasta
# Option settings: hmmsearch --domtblout /home/elise/Documents/M1-BIM/S2/TMEs/SBAS/tme08/searchResults/d2r7da1b.40.4.5.aln.out -E 1 /home/elise/Documents/M1-BIM/S2/TMEs/SBAS/tme08/models/d2r7da1b.40.4.5.aln.hmm /home/elise/Documents/M1-BIM/S2/TMEs/SBAS/tme08/scop/scop/scopTestSeq.fasta 
# Current dir:     /home/elise/Documents/M1-BIM/S2/TMEs/SBAS/tme08
# Date:            Tue Apr  1 17:31:03 2025
# [ok]
