#                                                                            --- full sequence --- -------------- this domain -------------   hmm coord   ali coord   env coord
# target name        accession   tlen query name           accession   qlen   E-value  score  bias   #  of  c-Evalue  i-Evalue  score  bias  from    to  from    to  from    to  acc description of target
#------------------- ---------- ----- -------------------- ---------- ----- --------- ------ ----- --- --- --------- --------- ------ ----- ----- ----- ----- ----- ----- ----- ---- ---------------------
d1pvma4d.37.1.1      -            142 d2rc3a1d.37.1.1.aln  -            130   1.1e-33  111.6   0.9   1   1   2.9e-35   1.3e-33  111.4   0.9     2   127     1   128     1   131 0.97 -
d2yzia1d.37.1.1      -            132 d2rc3a1d.37.1.1.aln  -            130   2.5e-32  107.2   1.2   1   1   6.3e-34   2.8e-32  107.1   1.2     3   129     4   130     2   131 0.97 -
d1y5ha3d.37.1.1      -            123 d2rc3a1d.37.1.1.aln  -            130   3.5e-32  106.7   0.1   1   1   8.7e-34   3.8e-32  106.6   0.1     5   124     2   122     1   123 0.98 -
d2yzqa2d.37.1.1      -            122 d2rc3a1d.37.1.1.aln  -            130     6e-32  106.0   2.1   1   1   1.6e-33   7.1e-32  105.7   2.1     4   129     1   121     1   122 0.97 -
d1pbja3d.37.1.1      -            120 d2rc3a1d.37.1.1.aln  -            130   1.5e-31  104.7   7.1   1   1   3.7e-33   1.6e-31  104.6   7.1     5   124     1   119     1   120 0.96 -
d2nyca1d.37.1.1      -            140 d2rc3a1d.37.1.1.aln  -            130     2e-31  104.3   0.4   1   1   5.1e-33   2.2e-31  104.1   0.4     2   124    15   137    14   140 0.98 -
d1vr9a3d.37.1.1      -            121 d2rc3a1d.37.1.1.aln  -            130   8.9e-31  102.2   0.1   1   1   2.3e-32   9.9e-31  102.0   0.1     4   128     1   120     1   121 0.98 -
d3ddja1d.37.1.1      -            141 d2rc3a1d.37.1.1.aln  -            130   1.8e-30  101.2   6.4   1   1   4.4e-32   1.9e-30  101.1   6.4     5   127     3   132     1   135 0.98 -
d1o50a3d.37.1.1      -            145 d2rc3a1d.37.1.1.aln  -            130   3.3e-29   97.1   2.2   1   1   8.3e-31   3.6e-29   97.0   2.2     1   129     1   144     1   145 0.97 -
d3ddja2d.37.1.1      -            135 d2rc3a1d.37.1.1.aln  -            130   1.1e-28   95.4   0.1   1   1   2.8e-30   1.2e-28   95.2   0.1     4   127     1   133     1   135 0.98 -
d2yzqa1d.37.1.1      -            156 d2rc3a1d.37.1.1.aln  -            130   6.7e-28   92.9   0.3   1   2   4.4e-09   1.9e-07   26.7   0.0    80   122    16    58     3    59 0.90 -
d2yzqa1d.37.1.1      -            156 d2rc3a1d.37.1.1.aln  -            130   6.7e-28   92.9   0.3   2   2   1.4e-21   6.1e-20   67.1   0.4    40   125    56   156    54   156 0.97 -
d2ouxa2d.37.1.1      -            127 d2rc3a1d.37.1.1.aln  -            130   5.8e-27   89.8   7.3   1   1   1.4e-28   6.3e-27   89.7   7.3     5   128     2   125     1   127 0.98 -
d2riha_d.37.1.1      -            131 d2rc3a1d.37.1.1.aln  -            130   2.5e-25   84.6   0.6   1   1   6.3e-27   2.8e-25   84.4   0.6     5   128     2   126     1   128 0.95 -
d2v8qe2d.37.1.1      -            159 d2rc3a1d.37.1.1.aln  -            130   9.7e-25   82.7   0.0   1   2   4.4e-18   1.9e-16   55.8   0.0     1    91    16   104    16   107 0.96 -
d2v8qe2d.37.1.1      -            159 d2rc3a1d.37.1.1.aln  -            130   9.7e-25   82.7   0.0   2   2   5.7e-09   2.5e-07   26.4   0.0    76   129   104   158   101   159 0.92 -
d1zfja4d.37.1.1      -            126 d2rc3a1d.37.1.1.aln  -            130   1.3e-24   82.3   0.7   1   1   5.7e-26   2.5e-24   81.3   0.7     6   127     3   119     1   122 0.93 -
d2j9la1d.37.1.1      -            169 d2rc3a1d.37.1.1.aln  -            130   3.7e-23   77.6   0.3   1   1   9.7e-25   4.2e-23   77.3   0.3     2   129    19   160    18   161 0.98 -
d2d4za3d.37.1.1      -            161 d2rc3a1d.37.1.1.aln  -            130     4e-22   74.2   0.0   1   2     2e-23   8.9e-22   73.1   0.0     2   129     9   144     8   145 0.97 -
d2d4za3d.37.1.1      -            161 d2rc3a1d.37.1.1.aln  -            130     4e-22   74.2   0.0   2   2      0.72        31    0.1   0.0   107   124   142   159   140   160 0.79 -
d2rc3a1d.37.1.1      -            127 d2rc3a1d.37.1.1.aln  -            130   9.9e-17   56.8   1.0   1   1   4.4e-17   1.9e-15   52.6   1.0    12   122    13   123    13   126 0.90 -
#
# Program:         hmmsearch
# Version:         3.3.2 (Nov 2020)
# Pipeline mode:   SEARCH
# Query file:      /home/elise/Documents/M1-BIM/S2/TMEs/SBAS/tme08/models/d2rc3a1d.37.1.1.aln.hmm
# Target file:     /home/elise/Documents/M1-BIM/S2/TMEs/SBAS/tme08/scop/scop/scopTestSeq.fasta
# Option settings: hmmsearch --domtblout /home/elise/Documents/M1-BIM/S2/TMEs/SBAS/tme08/searchResults/d2rc3a1d.37.1.1.aln.out -E 1 /home/elise/Documents/M1-BIM/S2/TMEs/SBAS/tme08/models/d2rc3a1d.37.1.1.aln.hmm /home/elise/Documents/M1-BIM/S2/TMEs/SBAS/tme08/scop/scop/scopTestSeq.fasta 
# Current dir:     /home/elise/Documents/M1-BIM/S2/TMEs/SBAS/tme08
# Date:            Tue Apr  1 17:31:03 2025
# [ok]
