#                                                                            --- full sequence --- -------------- this domain -------------   hmm coord   ali coord   env coord
# target name        accession   tlen query name           accession   qlen   E-value  score  bias   #  of  c-Evalue  i-Evalue  score  bias  from    to  from    to  from    to  acc description of target
#------------------- ---------- ----- -------------------- ---------- ----- --------- ------ ----- --- --- --------- --------- ------ ----- ----- ----- ----- ----- ----- ----- ---- ---------------------
d1exra_a.39.1.5      -            146 d2sasa_a.39.1.5.aln  -            181   9.8e-59  193.4  13.6   1   1   2.9e-60   1.9e-58  192.4  13.6    36   178     1   144     1   146 0.95 -
d1omra_a.39.1.5      -            201 d2sasa_a.39.1.5.aln  -            181     2e-54  179.4   3.4   1   1   3.5e-56   2.3e-54  179.2   3.4     1   179    20   193    20   195 0.98 -
d1jbaa_a.39.1.5      -            189 d2sasa_a.39.1.5.aln  -            181   9.6e-50  164.1   0.9   1   1   1.6e-51   1.1e-49  163.9   0.9     3   175    18   187    16   189 0.97 -
d1qv0a_a.39.1.5      -            189 d2sasa_a.39.1.5.aln  -            181   3.5e-42  139.5   0.1   1   2    0.0015     0.098    7.7   0.1    84   103    17    36     7    38 0.58 -
d1qv0a_a.39.1.5      -            189 d2sasa_a.39.1.5.aln  -            181   3.5e-42  139.5   0.1   2   2   2.4e-43   1.6e-41  137.3   0.0     1   180    27   188    27   189 0.97 -
d2zfda1a.39.1.5      -            183 d2sasa_a.39.1.5.aln  -            181   3.1e-37  123.3   5.1   1   1   5.3e-39   3.5e-37  123.2   5.1     3   177    13   177    11   181 0.96 -
d2scpa_a.39.1.5      -            174 d2sasa_a.39.1.5.aln  -            181   8.8e-33  108.8   3.9   1   1   1.5e-34   9.6e-33  108.7   3.9     5   179     2   172     1   174 0.98 -
d1xo5a_a.39.1.5      -            180 d2sasa_a.39.1.5.aln  -            181   5.1e-30   99.8   0.0   1   1   8.6e-32   5.7e-30   99.7   0.0     5   174    18   179    14   180 0.97 -
d1nyaa_a.39.1.5      -            176 d2sasa_a.39.1.5.aln  -            181     4e-28   93.6   1.2   1   1   6.7e-30   4.4e-28   93.5   1.2     2   173     2   174     1   176 0.98 -
d1jfka_a.39.1.5      -            134 d2sasa_a.39.1.5.aln  -            181     2e-27   91.4  13.1   1   2     5e-25   3.3e-23   77.6   5.0    45   163     1   103     1   105 0.95 -
d1jfka_a.39.1.5      -            134 d2sasa_a.39.1.5.aln  -            181     2e-27   91.4  13.1   2   2   7.1e-09   4.7e-07   25.0   1.1    49   106    80   132    76   133 0.83 -
d1s6ja_a.39.1.5      -             87 d2sasa_a.39.1.5.aln  -            181   1.5e-26   88.5   2.7   1   1   2.4e-28   1.6e-26   88.5   2.7    26   108     5    86     1    87 0.95 -
d1j7qa_a.39.1.5      -             86 d2sasa_a.39.1.5.aln  -            181   4.5e-14   47.9   0.1   1   1   7.3e-16   4.8e-14   47.8   0.1    34    97     4    62     1    86 0.81 -
d1ctaa_a.39.1.5      -             34 d2sasa_a.39.1.5.aln  -            181     4e-12   41.5   0.1   1   1   6.4e-14   4.2e-12   41.5   0.1    41    74     1    34     1    34 0.97 -
#
# Program:         hmmsearch
# Version:         3.3.2 (Nov 2020)
# Pipeline mode:   SEARCH
# Query file:      /home/elise/Documents/M1-BIM/S2/TMEs/SBAS/tme08/models/d2sasa_a.39.1.5.aln.hmm
# Target file:     /home/elise/Documents/M1-BIM/S2/TMEs/SBAS/tme08/scop/scop/scopTestSeq.fasta
# Option settings: hmmsearch --domtblout /home/elise/Documents/M1-BIM/S2/TMEs/SBAS/tme08/searchResults/d2sasa_a.39.1.5.aln.out -E 1 /home/elise/Documents/M1-BIM/S2/TMEs/SBAS/tme08/models/d2sasa_a.39.1.5.aln.hmm /home/elise/Documents/M1-BIM/S2/TMEs/SBAS/tme08/scop/scop/scopTestSeq.fasta 
# Current dir:     /home/elise/Documents/M1-BIM/S2/TMEs/SBAS/tme08
# Date:            Tue Apr  1 17:31:03 2025
# [ok]
