#                                                                            --- full sequence --- -------------- this domain -------------   hmm coord   ali coord   env coord
# target name        accession   tlen query name           accession   qlen   E-value  score  bias   #  of  c-Evalue  i-Evalue  score  bias  from    to  from    to  from    to  acc description of target
#------------------- ---------- ----- -------------------- ---------- ----- --------- ------ ----- --- --- --------- --------- ------ ----- ----- ----- ----- ----- ----- ----- ---- ---------------------
d2p74a_e.3.1.1       -            263 d2v2ff_e.3.1.1.aln   -            288   7.4e-94  309.7   3.1   1   1   1.9e-95   8.2e-94  309.5   3.1     9   284     1   262     1   263 0.99 -
d1alqa_e.3.1.1       -            263 d2v2ff_e.3.1.1.aln   -            288   6.8e-71  234.3   3.5   1   2   0.00078     0.034    8.8   0.0   252   285     2    35     1    38 0.93 -
d1alqa_e.3.1.1       -            263 d2v2ff_e.3.1.1.aln   -            288   6.8e-71  234.3   3.5   2   2   6.7e-70     3e-68  225.6   3.2     4   247    33   263    31   263 0.98 -
d2hdsa_e.3.1.1       -            358 d2v2ff_e.3.1.1.aln   -            288   6.3e-70  231.1   1.2   1   1   1.6e-71   7.2e-70  230.9   1.2     1   287    40   337    40   338 0.99 -
d1qmea4e.3.1.1       -            357 d2v2ff_e.3.1.1.aln   -            288   1.1e-57  190.9   4.9   1   1   3.2e-59   1.4e-57  190.6   4.9     2   286    22   356    21   357 0.99 -
d1e25a_e.3.1.1       -            278 d2v2ff_e.3.1.1.aln   -            288   2.4e-55  183.3   0.1   1   1   5.9e-57   2.6e-55  183.2   0.1    11   287     2   273     1   274 0.97 -
d1tvfa2e.3.1.1       -            301 d2v2ff_e.3.1.1.aln   -            288   1.1e-50  168.0  14.4   1   1   2.7e-52   1.2e-50  167.9  14.4     2   286     8   299     7   301 0.97 -
d2drwa1e.3.1.1       -            362 d2v2ff_e.3.1.1.aln   -            288   4.3e-48  159.5   0.0   1   1   1.1e-49   4.9e-48  159.3   0.0     1   287    38   344    38   345 0.99 -
d1xa1a_e.3.1.1       -            246 d2v2ff_e.3.1.1.aln   -            288   4.7e-47  156.0   5.5   1   1   1.2e-48   5.1e-47  155.9   5.5     2   257     2   235     1   246 0.92 -
d1xp4a2e.3.1.1       -            269 d2v2ff_e.3.1.1.aln   -            288   5.6e-46  152.5   5.3   1   1   1.4e-47   6.2e-46  152.4   5.3    24   285     2   268     1   269 0.98 -
d1vqqa3e.3.1.1       -            341 d2v2ff_e.3.1.1.aln   -            288   3.3e-45  150.0   7.1   1   1   8.6e-47   3.8e-45  149.8   7.1     1   288    19   336    19   336 0.96 -
d1ei5a3e.3.1.1       -            333 d2v2ff_e.3.1.1.aln   -            288   7.3e-45  148.9   0.0   1   1   1.9e-46   8.3e-45  148.7   0.0     1   285    39   318    39   321 0.98 -
d1es5a_e.3.1.1       -            260 d2v2ff_e.3.1.1.aln   -            288     7e-44  145.6  12.7   1   1   1.8e-45   7.7e-44  145.5  12.7    23   281     2   260     1   260 0.98 -
d1yqsa_e.3.1.1       -            345 d2v2ff_e.3.1.1.aln   -            288     1e-43  145.1   5.1   1   1   2.6e-45   1.1e-43  144.9   5.1     2   288    40   333    39   333 0.98 -
d2olua2e.3.1.1       -            400 d2v2ff_e.3.1.1.aln   -            288   4.9e-41  136.3  10.8   1   1   1.3e-42   5.7e-41  136.1  10.8     2   287    37   361    36   362 0.98 -
d1ci9a_e.3.1.1       -            377 d2v2ff_e.3.1.1.aln   -            288   9.1e-38  125.6   0.0   1   1   2.4e-39     1e-37  125.4   0.0     1   287    40   362    40   363 0.98 -
d2dcfa1e.3.1.1       -            388 d2v2ff_e.3.1.1.aln   -            288   3.7e-37  123.6   0.0   1   1   9.6e-39   4.2e-37  123.4   0.0     4   288    53   370    50   370 0.98 -
d2bg1a1e.3.1.1       -            453 d2v2ff_e.3.1.1.aln   -            288   6.7e-35  116.2  11.9   1   2   1.5e-36   6.7e-35  116.2  11.9     3   281    56   408    54   415 0.97 -
d2bg1a1e.3.1.1       -            453 d2v2ff_e.3.1.1.aln   -            288   6.7e-35  116.2  11.9   2   2      0.59        26   -0.6   0.1   206   232   417   452   412   453 0.83 -
d2v2ff_e.3.1.1       -            384 d2v2ff_e.3.1.1.aln   -            288   1.1e-22   76.0  14.3   1   1   3.1e-24   1.3e-22   75.8  14.3     2   286    31   359    30   361 0.95 -
#
# Program:         hmmsearch
# Version:         3.3.2 (Nov 2020)
# Pipeline mode:   SEARCH
# Query file:      /home/elise/Documents/M1-BIM/S2/TMEs/SBAS/tme08/models/d2v2ff_e.3.1.1.aln.hmm
# Target file:     /home/elise/Documents/M1-BIM/S2/TMEs/SBAS/tme08/scop/scop/scopTestSeq.fasta
# Option settings: hmmsearch --domtblout /home/elise/Documents/M1-BIM/S2/TMEs/SBAS/tme08/searchResults/d2v2ff_e.3.1.1.aln.out -E 1 /home/elise/Documents/M1-BIM/S2/TMEs/SBAS/tme08/models/d2v2ff_e.3.1.1.aln.hmm /home/elise/Documents/M1-BIM/S2/TMEs/SBAS/tme08/scop/scop/scopTestSeq.fasta 
# Current dir:     /home/elise/Documents/M1-BIM/S2/TMEs/SBAS/tme08
# Date:            Tue Apr  1 17:31:03 2025
# [ok]
