#                                                                            --- full sequence --- -------------- this domain -------------   hmm coord   ali coord   env coord
# target name        accession   tlen query name           accession   qlen   E-value  score  bias   #  of  c-Evalue  i-Evalue  score  bias  from    to  from    to  from    to  acc description of target
#------------------- ---------- ----- -------------------- ---------- ----- --------- ------ ----- --- --- --------- --------- ------ ----- ----- ----- ----- ----- ----- ----- ---- ---------------------
d1kl9a2b.40.4.5      -             86 d2vnud3b.40.4.5.aln  -             94   1.2e-13   46.8   0.8   1   1   5.7e-15   1.3e-13   46.7   0.8     2    87     5    86     4    86 0.95 -
d3bzka4b.40.4.5      -             94 d2vnud3b.40.4.5.aln  -             94   1.2e-12   43.6   1.0   1   1   5.6e-14   1.3e-12   43.5   1.0     4    91    12    93     9    94 0.93 -
d2je6i1b.40.4.5      -             87 d2vnud3b.40.4.5.aln  -             94   3.1e-12   42.3   0.6   1   1   1.4e-13   3.4e-12   42.2   0.6     5    92     2    86     1    87 0.93 -
d2uubq1b.40.4.5      -            100 d2vnud3b.40.4.5.aln  -             94     9e-12   40.8   1.8   1   1   4.6e-13   1.1e-11   40.6   1.8    13    93     2    82     1    83 0.96 -
d1c9oa_b.40.4.5      -             66 d2vnud3b.40.4.5.aln  -             94   3.1e-11   39.1   0.1   1   1   1.4e-12   3.3e-11   39.1   0.1    16    87     1    65     1    66 0.95 -
d1jt8a_b.40.4.5      -            102 d2vnud3b.40.4.5.aln  -             94   4.1e-11   38.8   0.3   1   1     2e-12   4.6e-11   38.6   0.3     7    93     2    91     1    92 0.96 -
d1luza_b.40.4.5      -             85 d2vnud3b.40.4.5.aln  -             94   1.1e-10   37.4   0.5   1   1     5e-12   1.2e-10   37.3   0.5    12    91     5    84     1    85 0.95 -
d2uubl1b.40.4.5      -            118 d2vnud3b.40.4.5.aln  -             94   3.4e-10   35.8   1.6   1   1   1.9e-11   4.3e-10   35.5   1.6     1    93    16   105    16   106 0.85 -
d2ja9a1b.40.4.5      -             90 d2vnud3b.40.4.5.aln  -             94   1.9e-09   33.5   0.0   1   1     1e-10   2.3e-09   33.2   0.0     4    93     1    84     1    85 0.93 -
d1wi5a_b.40.4.5      -            119 d2vnud3b.40.4.5.aln  -             94   3.9e-09   32.5   0.0   1   1   1.9e-10   4.3e-09   32.3   0.0     4    89    11    96     8   101 0.87 -
d2nn6h1b.40.4.5      -             95 d2vnud3b.40.4.5.aln  -             94   7.6e-09   31.5   0.0   1   1   3.6e-10   8.4e-09   31.4   0.0     4    91     2    93     1    95 0.95 -
d1y14b1b.40.4.5      -             91 d2vnud3b.40.4.5.aln  -             94   1.7e-08   30.4   0.0   1   1   8.1e-10   1.9e-08   30.3   0.0     2    93     1    90     1    91 0.94 -
d1wfqa_b.40.4.5      -             89 d2vnud3b.40.4.5.aln  -             94   2.4e-08   30.0   0.0   1   1   1.1e-09   2.5e-08   29.9   0.0     7    93     3    88     1    89 0.91 -
d1go3e1b.40.4.5      -            106 d2vnud3b.40.4.5.aln  -             94   6.3e-08   28.6   1.1   1   1   3.4e-09   7.9e-08   28.3   1.1     7    93     4    90     1    91 0.90 -
d2nn6i1b.40.4.5      -            125 d2vnud3b.40.4.5.aln  -             94   7.5e-08   28.4   0.0   1   1   3.7e-09   8.7e-08   28.2   0.0     7    88     4    89     1    95 0.90 -
d3i4oa_b.40.4.5      -             68 d2vnud3b.40.4.5.aln  -             94   1.3e-07   27.6   0.3   1   1   5.8e-09   1.4e-07   27.6   0.3    18    85     3    67     1    68 0.94 -
d2ix0a3b.40.4.5      -             87 d2vnud3b.40.4.5.aln  -             94   1.7e-07   27.2   0.2   1   1   8.1e-09   1.9e-07   27.1   0.2     1    87     2    87     2    87 0.96 -
d1d7qa_b.40.4.5      -            143 d2vnud3b.40.4.5.aln  -             94   2.4e-07   26.8   0.1   1   2   2.6e-08     6e-07   25.5   0.0     1    92    14   114    14   116 0.87 -
d1d7qa_b.40.4.5      -            143 d2vnud3b.40.4.5.aln  -             94   2.4e-07   26.8   0.1   2   2       3.6        85   -0.4   0.0    56    71   115   130    98   134 0.75 -
d1x6oa2b.40.4.5      -             79 d2vnud3b.40.4.5.aln  -             94   8.2e-07   25.1   0.0   1   1   4.1e-08   9.6e-07   24.9   0.0     3    86     1    77     1    79 0.93 -
d1e3pa2b.40.4.5      -             62 d2vnud3b.40.4.5.aln  -             94     1e-06   24.8   0.2   1   1   4.6e-08   1.1e-06   24.7   0.2    17    78     2    61     1    62 0.94 -
d1rl2a2b.40.4.5      -             66 d2vnud3b.40.4.5.aln  -             94   1.2e-06   24.5   0.1   1   1     6e-08   1.4e-06   24.4   0.1    26    89     3    64     1    65 0.93 -
d1smxa_b.40.4.5      -             87 d2vnud3b.40.4.5.aln  -             94   1.7e-06   24.1   0.0   1   1   7.6e-08   1.8e-06   24.0   0.0     8    88     3    83     1    87 0.90 -
d1a62a2b.40.4.5      -             78 d2vnud3b.40.4.5.aln  -             94   7.3e-06   22.0   0.0   1   1   3.2e-07   7.4e-06   22.0   0.0    25    90    10    73     1    76 0.90 -
d2ix0a1b.40.4.5      -             90 d2vnud3b.40.4.5.aln  -             94     1e-05   21.6   0.0   1   1   4.8e-07   1.1e-05   21.5   0.0     2    90     2    89     1    90 0.97 -
d2vnud2b.40.4.5      -             88 d2vnud3b.40.4.5.aln  -             94   3.5e-05   19.9   0.5   1   1   1.6e-06   3.7e-05   19.8   0.5     4    89     2    86     1    88 0.95 -
d1hh2p1b.40.4.5      -             72 d2vnud3b.40.4.5.aln  -             94   4.4e-05   19.6   0.4   1   1     2e-06   4.6e-05   19.5   0.4    30    86    16    71     3    72 0.87 -
d2ix0a2b.40.4.5      -             79 d2vnud3b.40.4.5.aln  -             94   6.1e-05   19.1   0.0   1   1   2.7e-06   6.3e-05   19.1   0.0    28    82    18    72     2    78 0.86 -
d1t9ha1b.40.4.5      -             67 d2vnud3b.40.4.5.aln  -             94   0.00016   17.8   0.2   1   1   6.8e-06   0.00016   17.8   0.2    20    78     3    59     1    67 0.84 -
d1jjga_b.40.4.5      -            102 d2vnud3b.40.4.5.aln  -             94   0.00022   17.3   0.3   1   1   1.1e-05   0.00025   17.2   0.3     1    92     1    96     1    98 0.94 -
d1khia2b.40.4.5      -             71 d2vnud3b.40.4.5.aln  -             94   0.00027   17.1   0.1   1   1   1.2e-05   0.00027   17.1   0.1    22    87     9    69     1    71 0.92 -
d2vnud1b.40.4.5      -             95 d2vnud3b.40.4.5.aln  -             94   0.00027   17.1   0.0   1   1   1.3e-05   0.00029   17.0   0.0     1    92     1    94     1    95 0.97 -
d1bkba2b.40.4.5      -             65 d2vnud3b.40.4.5.aln  -             94   0.00036   16.7   0.3   1   1   1.6e-05   0.00037   16.6   0.3    18    76     3    58     1    65 0.86 -
d2asba1b.40.4.5      -             76 d2vnud3b.40.4.5.aln  -             94    0.0011   15.1   0.3   1   1   5.4e-05    0.0012   15.0   0.3    17    85     8    74     2    76 0.87 -
d1ueba2b.40.4.5      -             63 d2vnud3b.40.4.5.aln  -             94    0.0021   14.2   0.0   1   1   9.2e-05    0.0021   14.2   0.0    17    80     2    60     1    63 0.89 -
#
# Program:         hmmsearch
# Version:         3.3.2 (Nov 2020)
# Pipeline mode:   SEARCH
# Query file:      /home/elise/Documents/M1-BIM/S2/TMEs/SBAS/tme08/models/d2vnud3b.40.4.5.aln.hmm
# Target file:     /home/elise/Documents/M1-BIM/S2/TMEs/SBAS/tme08/scop/scop/scopTestSeq.fasta
# Option settings: hmmsearch --domtblout /home/elise/Documents/M1-BIM/S2/TMEs/SBAS/tme08/searchResults/d2vnud3b.40.4.5.aln.out -E 1 /home/elise/Documents/M1-BIM/S2/TMEs/SBAS/tme08/models/d2vnud3b.40.4.5.aln.hmm /home/elise/Documents/M1-BIM/S2/TMEs/SBAS/tme08/scop/scop/scopTestSeq.fasta 
# Current dir:     /home/elise/Documents/M1-BIM/S2/TMEs/SBAS/tme08
# Date:            Tue Apr  1 17:31:03 2025
# [ok]
