#                                                                            --- full sequence --- -------------- this domain -------------   hmm coord   ali coord   env coord
# target name        accession   tlen query name           accession   qlen   E-value  score  bias   #  of  c-Evalue  i-Evalue  score  bias  from    to  from    to  from    to  acc description of target
#------------------- ---------- ----- -------------------- ---------- ----- --------- ------ ----- --- --- --------- --------- ------ ----- ----- ----- ----- ----- ----- ----- ---- ---------------------
d2iida1c.3.1.2       -            371 d2voua1c.3.1.2.aln   -            357   8.1e-96  317.1   0.0   1   1   2.8e-97   9.1e-96  317.0   0.0     2   334    28   368    27   371 0.99 -
d1n4wa1c.3.1.2       -            368 d2voua1c.3.1.2.aln   -            357   1.4e-93  309.8   0.4   1   1   4.8e-95   1.6e-93  309.6   0.4     2   355    16   367    15   368 0.99 -
d2dw4a2c.3.1.2       -            450 d2voua1c.3.1.2.aln   -            357   1.7e-87  289.7   0.2   1   3     1e-11   3.4e-10   35.5   0.3     7    47     8    48     5    51 0.96 -
d2dw4a2c.3.1.2       -            450 d2voua1c.3.1.2.aln   -            357   1.7e-87  289.7   0.2   2   3   5.4e-80   1.8e-78  260.1   0.0     9   357    39   411    37   411 0.99 -
d2dw4a2c.3.1.2       -            450 d2voua1c.3.1.2.aln   -            357   1.7e-87  289.7   0.2   3   3         1        34   -0.7   0.0   298   329   411   442   410   446 0.90 -
d2f5va1c.3.1.2       -            380 d2voua1c.3.1.2.aln   -            357   3.7e-87  288.6   0.0   1   1   1.3e-88   4.2e-87  288.5   0.0     1   356     1   376     1   377 0.99 -
d1kdga1c.3.1.2       -            361 d2voua1c.3.1.2.aln   -            357   1.2e-85  283.6   0.0   1   1   4.1e-87   1.4e-85  283.5   0.0     3   356     1   360     1   361 0.99 -
d1b5qa1c.3.1.2       -            348 d2voua1c.3.1.2.aln   -            357   1.2e-81  270.5   0.1   1   1   4.1e-83   1.3e-81  270.3   0.1     5   340     1   348     1   348 1.00 -
d2gmha1c.3.1.2       -            381 d2voua1c.3.1.2.aln   -            357   7.3e-80  264.6   0.0   1   1   2.5e-81   8.2e-80  264.5   0.0     3   357    31   380    29   380 0.99 -
d1seza1c.3.1.2       -            374 d2voua1c.3.1.2.aln   -            357   1.5e-78  260.3   0.0   1   1     5e-80   1.6e-78  260.2   0.0     5   356     2   366     1   367 0.99 -
d1pn0a1c.3.1.2       -            361 d2voua1c.3.1.2.aln   -            357   7.3e-75  248.2   0.0   1   1   2.5e-76   8.1e-75  248.0   0.0     2   355     5   361     4   361 0.99 -
d1ju2a1c.3.1.2       -            352 d2voua1c.3.1.2.aln   -            357   1.3e-73  244.1   0.3   1   1   4.4e-75   1.5e-73  243.9   0.3     3   355    26   349    24   351 0.97 -
d2ivda1c.3.1.2       -            348 d2voua1c.3.1.2.aln   -            357   2.7e-66  220.0   1.2   1   1   9.3e-68   3.1e-66  219.8   1.2     5   356     1   346     1   347 0.99 -
d1pj5a2c.3.1.2       -            306 d2voua1c.3.1.2.aln   -            357   3.4e-58  193.3   0.1   1   1   1.2e-59   3.8e-58  193.2   0.1     5   348     2   306     1   306 0.99 -
d1k0ia1c.3.1.2       -            293 d2voua1c.3.1.2.aln   -            357   2.9e-57  190.3   0.1   1   1   9.8e-59   3.2e-57  190.1   0.1     4   347     2   292     1   293 0.99 -
d2gf3a1c.3.1.2       -            282 d2voua1c.3.1.2.aln   -            357     5e-57  189.5   0.0   1   1   1.8e-58   5.8e-57  189.3   0.0     2   344     1   281     1   282 0.99 -
d1ryia1c.3.1.2       -            277 d2voua1c.3.1.2.aln   -            357   1.3e-56  188.2   0.0   1   1   4.4e-58   1.4e-56  188.0   0.0     1   337     1   275     1   277 0.99 -
d3c96a1c.3.1.2       -            289 d2voua1c.3.1.2.aln   -            357   6.5e-52  172.7   1.0   1   1   2.2e-53   7.2e-52  172.6   1.0     4   340     1   286     1   289 0.98 -
d2voua1c.3.1.2       -            266 d2voua1c.3.1.2.aln   -            357   6.3e-06   21.4   0.1   1   2   6.6e-07   2.2e-05   19.7   0.0     3    36     3    36     2    39 0.93 -
d2voua1c.3.1.2       -            266 d2voua1c.3.1.2.aln   -            357   6.3e-06   21.4   0.1   2   2       1.4        47   -1.2   0.0    85   118   197   230   188   255 0.66 -
d1nhpa2c.3.1.5       -            123 d2voua1c.3.1.2.aln   -            357     1e-05   20.7   0.1   1   1   3.6e-07   1.2e-05   20.5   0.1     6    39    32    65    30   114 0.87 -
d1v59a2c.3.1.5       -            122 d2voua1c.3.1.2.aln   -            357   2.5e-05   19.5   0.1   1   1     1e-06   3.4e-05   19.0   0.1     3    34    22    53    21    70 0.95 -
d1w4xa1c.3.1.5       -            299 d2voua1c.3.1.2.aln   -            357   4.7e-05   18.6   0.1   1   1   2.6e-06   8.5e-05   17.7   0.1     6    42     9    45     6    50 0.92 -
d2gv8a1c.3.1.5       -            336 d2voua1c.3.1.2.aln   -            357   7.7e-05   17.9   0.0   1   1   3.4e-06   0.00011   17.3   0.0     7    64     7    74     6    94 0.78 -
d1v59a1c.3.1.5       -            234 d2voua1c.3.1.2.aln   -            357   0.00017   16.7   0.9   1   2   5.3e-06   0.00017   16.7   0.9     6    41     7    42     6    43 0.96 -
d1v59a1c.3.1.5       -            234 d2voua1c.3.1.2.aln   -            357   0.00017   16.7   0.9   2   2       5.2   1.7e+02   -3.0   0.0   152   198    72   120    66   125 0.51 -
d1xhca2c.3.1.5       -            122 d2voua1c.3.1.2.aln   -            357   0.00052   15.1   0.9   1   1   2.3e-05   0.00074   14.6   0.9     7    36    35    64    34    66 0.92 -
d1fl2a1c.3.1.5       -            185 d2voua1c.3.1.2.aln   -            357    0.0068   11.4   2.0   1   1   0.00037     0.012   10.6   1.8     4    28     1    25     1    35 0.87 -
#
# Program:         hmmsearch
# Version:         3.3.2 (Nov 2020)
# Pipeline mode:   SEARCH
# Query file:      /home/elise/Documents/M1-BIM/S2/TMEs/SBAS/tme08/models/d2voua1c.3.1.2.aln.hmm
# Target file:     /home/elise/Documents/M1-BIM/S2/TMEs/SBAS/tme08/scop/scop/scopTestSeq.fasta
# Option settings: hmmsearch --domtblout /home/elise/Documents/M1-BIM/S2/TMEs/SBAS/tme08/searchResults/d2voua1c.3.1.2.aln.out -E 1 /home/elise/Documents/M1-BIM/S2/TMEs/SBAS/tme08/models/d2voua1c.3.1.2.aln.hmm /home/elise/Documents/M1-BIM/S2/TMEs/SBAS/tme08/scop/scop/scopTestSeq.fasta 
# Current dir:     /home/elise/Documents/M1-BIM/S2/TMEs/SBAS/tme08
# Date:            Tue Apr  1 17:31:03 2025
# [ok]
