#                                                                            --- full sequence --- -------------- this domain -------------   hmm coord   ali coord   env coord
# target name        accession   tlen query name           accession   qlen   E-value  score  bias   #  of  c-Evalue  i-Evalue  score  bias  from    to  from    to  from    to  acc description of target
#------------------- ---------- ----- -------------------- ---------- ----- --------- ------ ----- --- --- --------- --------- ------ ----- ----- ----- ----- ----- ----- ----- ---- ---------------------
d1rfea_b.45.1.1      -            160 d2vpaa_b.45.1.1.aln  -            162   5.6e-40  132.0   0.0   1   1   1.2e-41   6.1e-40  131.9   0.0     3   161     7   158     5   159 0.98 -
d2htia1b.45.1.1      -            156 d2vpaa_b.45.1.1.aln  -            162   1.2e-39  131.0   0.0   1   1   2.4e-41   1.3e-39  130.9   0.0     4   160     2   155     1   156 0.98 -
d2fg9a1b.45.1.1      -            157 d2vpaa_b.45.1.1.aln  -            162   1.7e-38  127.2   0.0   1   1   3.5e-40   1.8e-38  127.1   0.0     2   154     2   156     1   157 0.98 -
d2arza1b.45.1.1      -            238 d2vpaa_b.45.1.1.aln  -            162   9.5e-37  121.5   0.0   1   1   2.3e-38   1.2e-36  121.2   0.0     5   161     3   164     1   165 0.98 -
d1xhna1b.45.1.1      -            170 d2vpaa_b.45.1.1.aln  -            162     5e-36  119.2   0.0   1   1   1.1e-37   5.5e-36  119.0   0.0     2   161     3   169     2   170 0.98 -
d2hq7a1b.45.1.1      -            141 d2vpaa_b.45.1.1.aln  -            162   2.8e-35  116.7   0.0   1   1   5.8e-37   3.1e-35  116.6   0.0     4   157     3   139     1   141 0.97 -
d1w9aa_b.45.1.1      -            142 d2vpaa_b.45.1.1.aln  -            162   3.6e-35  116.4   0.0   1   1   7.4e-37   3.9e-35  116.3   0.0     6   152     1   141     1   142 0.98 -
d2i02a1b.45.1.1      -            143 d2vpaa_b.45.1.1.aln  -            162   2.8e-34  113.5   0.0   1   1   5.9e-36   3.1e-34  113.3   0.0     2   158     2   142     1   143 0.98 -
d2hq9a1b.45.1.1      -            148 d2vpaa_b.45.1.1.aln  -            162   3.1e-34  113.3   0.0   1   1   6.4e-36   3.4e-34  113.2   0.0     2   149     3   145     2   148 0.97 -
d2vpaa_b.45.1.1      -            215 d2vpaa_b.45.1.1.aln  -            162   8.6e-33  108.6   0.0   1   1   1.9e-34     1e-32  108.4   0.0     1   162    38   206    38   206 0.99 -
d2fhqa1b.45.1.1      -            135 d2vpaa_b.45.1.1.aln  -            162   9.8e-32  105.2   0.0   1   1     2e-33   1.1e-31  105.1   0.0     4   155     2   134     1   135 0.98 -
d2fura1b.45.1.1      -            193 d2vpaa_b.45.1.1.aln  -            162   1.8e-31  104.4   0.0   1   1   3.9e-33     2e-31  104.2   0.0     5   162     2   162     1   162 0.98 -
d1vl7a_b.45.1.1      -            135 d2vpaa_b.45.1.1.aln  -            162   1.1e-27   92.0   0.0   1   1   2.3e-29   1.2e-27   91.9   0.0    12   153     3   133     1   135 0.96 -
d2asfa1b.45.1.1      -            125 d2vpaa_b.45.1.1.aln  -            162   2.3e-23   78.0   0.0   1   1   5.2e-25   2.8e-23   77.7   0.0     8   150     2   122     1   124 0.97 -
d3a6ra_b.45.1.1      -            122 d2vpaa_b.45.1.1.aln  -            162   5.8e-17   57.2   0.0   1   1   1.2e-18   6.2e-17   57.1   0.0     7   108     3   103     1   122 0.94 -
#
# Program:         hmmsearch
# Version:         3.3.2 (Nov 2020)
# Pipeline mode:   SEARCH
# Query file:      /home/elise/Documents/M1-BIM/S2/TMEs/SBAS/tme08/models/d2vpaa_b.45.1.1.aln.hmm
# Target file:     /home/elise/Documents/M1-BIM/S2/TMEs/SBAS/tme08/scop/scop/scopTestSeq.fasta
# Option settings: hmmsearch --domtblout /home/elise/Documents/M1-BIM/S2/TMEs/SBAS/tme08/searchResults/d2vpaa_b.45.1.1.aln.out -E 1 /home/elise/Documents/M1-BIM/S2/TMEs/SBAS/tme08/models/d2vpaa_b.45.1.1.aln.hmm /home/elise/Documents/M1-BIM/S2/TMEs/SBAS/tme08/scop/scop/scopTestSeq.fasta 
# Current dir:     /home/elise/Documents/M1-BIM/S2/TMEs/SBAS/tme08
# Date:            Tue Apr  1 17:31:03 2025
# [ok]
