#                                                                            --- full sequence --- -------------- this domain -------------   hmm coord   ali coord   env coord
# target name        accession   tlen query name           accession   qlen   E-value  score  bias   #  of  c-Evalue  i-Evalue  score  bias  from    to  from    to  from    to  acc description of target
#------------------- ---------- ----- -------------------- ---------- ----- --------- ------ ----- --- --- --------- --------- ------ ----- ----- ----- ----- ----- ----- ----- ---- ---------------------
d1i1wa_c.1.8.3       -            303 d2vzsa5c.1.8.3.aln   -            343   5.5e-90  297.8   7.2   1   1   1.9e-91   6.7e-90  297.5   7.2    10   342    10   302     2   303 0.95 -
d1hjua_c.1.8.3       -            332 d2vzsa5c.1.8.3.aln   -            343   1.6e-61  204.2  18.1   1   1   4.9e-63   1.8e-61  204.1  18.1     9   342     3   331     1   332 0.98 -
d1qw9a2c.1.8.3       -            367 d2vzsa5c.1.8.3.aln   -            343   3.7e-48  160.3   2.4   1   1   1.1e-49   4.1e-48  160.1   2.4     2   341     6   363     5   365 0.99 -
d1w91a2c.1.8.3       -            347 d2vzsa5c.1.8.3.aln   -            343   4.7e-45  150.0   0.1   1   1   1.5e-46   5.3e-45  149.9   0.1     3   341    15   343    13   345 0.96 -
d2je8a5c.1.8.3       -            348 d2vzsa5c.1.8.3.aln   -            343   1.1e-44  148.8   8.0   1   1   3.3e-46   1.2e-44  148.7   8.0     4   340     8   346     5   348 0.98 -
d1rh9a1c.1.8.3       -            370 d2vzsa5c.1.8.3.aln   -            343   7.7e-44  146.1   7.3   1   1   2.4e-45   8.4e-44  145.9   7.3     2   339     9   362     8   366 0.98 -
d1ecea_c.1.8.3       -            358 d2vzsa5c.1.8.3.aln   -            343   1.4e-42  141.9  17.8   1   1   4.3e-44   1.6e-42  141.8  17.8     3   339    15   356    13   358 0.97 -
d1vjza_c.1.8.3       -            325 d2vzsa5c.1.8.3.aln   -            343   1.9e-41  138.2   0.3   1   1   5.8e-43   2.1e-41  138.1   0.3    13   342     8   323     1   324 0.96 -
d7a3ha_c.1.8.3       -            300 d2vzsa5c.1.8.3.aln   -            343   2.2e-41  138.0  14.6   1   1   7.9e-43   2.8e-41  137.6  14.6    11   327    14   295    12   299 0.96 -
d3n9ka_c.1.8.3       -            394 d2vzsa5c.1.8.3.aln   -            343   1.3e-40  135.4  22.9   1   1   4.7e-42   1.7e-40  135.1  22.9     4   342    39   391    36   392 0.97 -
d1qnra_c.1.8.3       -            344 d2vzsa5c.1.8.3.aln   -            343   3.3e-40  134.1  23.5   1   1     1e-41   3.6e-40  134.0  23.5     4   341     8   343     5   344 0.98 -
d1ceoa_c.1.8.3       -            340 d2vzsa5c.1.8.3.aln   -            343   4.1e-40  133.8   1.0   1   1   1.3e-41   4.6e-40  133.6   1.0     2   342     5   339     4   340 0.97 -
d1edga_c.1.8.3       -            380 d2vzsa5c.1.8.3.aln   -            343   1.2e-39  132.2  19.8   1   1   3.8e-41   1.4e-39  132.1  19.8     2   340    20   374    19   377 0.98 -
d2nt0a2c.1.8.3       -            354 d2vzsa5c.1.8.3.aln   -            343   4.2e-39  130.5   0.1   1   1   1.3e-40   4.7e-39  130.3   0.1     3   341     3   347     1   349 0.98 -
d1jz8a5c.1.8.3       -            292 d2vzsa5c.1.8.3.aln   -            343   2.4e-38  128.0   0.3   1   1   7.5e-40   2.7e-38  127.8   0.3     7   341     2   291     1   292 0.97 -
d1bqca_c.1.8.3       -            302 d2vzsa5c.1.8.3.aln   -            343   1.3e-37  125.6  11.7   1   1   3.8e-39   1.4e-37  125.5  11.7     4   339     2   298     1   302 0.96 -
d1odza_c.1.8.3       -            381 d2vzsa5c.1.8.3.aln   -            343   2.5e-35  118.0  14.0   1   1   9.4e-37   3.4e-35  117.6  14.0     2   340    12   370    11   372 0.98 -
d1uuqa_c.1.8.3       -            410 d2vzsa5c.1.8.3.aln   -            343   1.8e-34  115.3  17.6   1   1   5.6e-36     2e-34  115.1  17.6     4   342    18   406    15   407 0.96 -
d1ur4a_c.1.8.3       -            387 d2vzsa5c.1.8.3.aln   -            343   1.2e-31  105.9  14.4   1   1   3.8e-33   1.4e-31  105.8  14.4     4   339     9   380     6   384 0.97 -
d1h1na_c.1.8.3       -            305 d2vzsa5c.1.8.3.aln   -            343   1.1e-30  102.8  15.3   1   1   3.5e-32   1.3e-30  102.6  15.3     4   341     2   301     1   303 0.96 -
d2v3ga_c.1.8.3       -            273 d2vzsa5c.1.8.3.aln   -            343   6.1e-21   70.8  23.4   1   1   1.9e-22   6.7e-21   70.6  23.4     8   307     3   262     1   273 0.90 -
d1nofa2c.1.8.3       -            277 d2vzsa5c.1.8.3.aln   -            343   1.6e-19   66.1   4.3   1   1     6e-21   2.1e-19   65.7   4.3    11   339     2   276     1   277 0.97 -
#
# Program:         hmmsearch
# Version:         3.3.2 (Nov 2020)
# Pipeline mode:   SEARCH
# Query file:      /home/elise/Documents/M1-BIM/S2/TMEs/SBAS/tme08/models/d2vzsa5c.1.8.3.aln.hmm
# Target file:     /home/elise/Documents/M1-BIM/S2/TMEs/SBAS/tme08/scop/scop/scopTestSeq.fasta
# Option settings: hmmsearch --domtblout /home/elise/Documents/M1-BIM/S2/TMEs/SBAS/tme08/searchResults/d2vzsa5c.1.8.3.aln.out -E 1 /home/elise/Documents/M1-BIM/S2/TMEs/SBAS/tme08/models/d2vzsa5c.1.8.3.aln.hmm /home/elise/Documents/M1-BIM/S2/TMEs/SBAS/tme08/scop/scop/scopTestSeq.fasta 
# Current dir:     /home/elise/Documents/M1-BIM/S2/TMEs/SBAS/tme08
# Date:            Tue Apr  1 17:31:04 2025
# [ok]
