#                                                                            --- full sequence --- -------------- this domain -------------   hmm coord   ali coord   env coord
# target name        accession   tlen query name           accession   qlen   E-value  score  bias   #  of  c-Evalue  i-Evalue  score  bias  from    to  from    to  from    to  acc description of target
#------------------- ---------- ----- -------------------- ---------- ----- --------- ------ ----- --- --- --------- --------- ------ ----- ----- ----- ----- ----- ----- ----- ---- ---------------------
d3fzqa_c.108.1.0     -            271 d2w43a_c.108.1.0.aln -            251   8.3e-65  214.1   3.0   1   1   9.4e-67   9.2e-65  214.0   3.0     3   249     2   267     1   269 0.99 -
d2x4da_c.108.1.0     -            270 d2w43a_c.108.1.0.aln -            251   6.2e-63  208.0   0.0   1   1     7e-65   6.9e-63  207.9   0.0     3   251    12   268    10   268 0.99 -
d3dnpa_c.108.1.0     -            275 d2w43a_c.108.1.0.aln -            251   8.7e-63  207.5   0.7   1   1   9.9e-65   9.7e-63  207.4   0.7     4   250     2   268     1   269 0.99 -
d2hx1a_c.108.1.0     -            284 d2w43a_c.108.1.0.aln -            251   6.7e-61  201.3   0.3   1   1   7.6e-63   7.5e-61  201.2   0.3     2   249    13   283    12   284 0.99 -
d3qnma_c.108.1.0     -            231 d2w43a_c.108.1.0.aln -            251   2.3e-57  189.7   0.0   1   1   2.6e-59   2.6e-57  189.6   0.0     2   249     2   231     1   231 0.99 -
d2hoqa_c.108.1.0     -            237 d2w43a_c.108.1.0.aln -            251   3.2e-55  182.7   0.1   1   1   3.7e-57   3.6e-55  182.6   0.1     2   248     1   224     1   227 0.98 -
d2hi0a_c.108.1.0     -            240 d2w43a_c.108.1.0.aln -            251   3.5e-55  182.6   0.0   1   1     4e-57   3.9e-55  182.5   0.0     1   249     2   238     2   240 0.99 -
d2w43a_c.108.1.0     -            201 d2w43a_c.108.1.0.aln -            251   2.2e-11   39.1   0.4   1   2    0.0021      0.21    6.5   0.1     6    26     4    24     2    28 0.90 -
d2w43a_c.108.1.0     -            201 d2w43a_c.108.1.0.aln -            251   2.2e-11   39.1   0.4   2   2   6.5e-11   6.4e-09   31.0   0.0   130   249    93   198    37   199 0.88 -
#
# Program:         hmmsearch
# Version:         3.3.2 (Nov 2020)
# Pipeline mode:   SEARCH
# Query file:      /home/elise/Documents/M1-BIM/S2/TMEs/SBAS/tme08/models/d2w43a_c.108.1.0.aln.hmm
# Target file:     /home/elise/Documents/M1-BIM/S2/TMEs/SBAS/tme08/scop/scop/scopTestSeq.fasta
# Option settings: hmmsearch --domtblout /home/elise/Documents/M1-BIM/S2/TMEs/SBAS/tme08/searchResults/d2w43a_c.108.1.0.aln.out -E 1 /home/elise/Documents/M1-BIM/S2/TMEs/SBAS/tme08/models/d2w43a_c.108.1.0.aln.hmm /home/elise/Documents/M1-BIM/S2/TMEs/SBAS/tme08/scop/scop/scopTestSeq.fasta 
# Current dir:     /home/elise/Documents/M1-BIM/S2/TMEs/SBAS/tme08
# Date:            Tue Apr  1 17:31:04 2025
# [ok]
