#                                                                            --- full sequence --- -------------- this domain -------------   hmm coord   ali coord   env coord
# target name        accession   tlen query name           accession   qlen   E-value  score  bias   #  of  c-Evalue  i-Evalue  score  bias  from    to  from    to  from    to  acc description of target
#------------------- ---------- ----- -------------------- ---------- ----- --------- ------ ----- --- --- --------- --------- ------ ----- ----- ----- ----- ----- ----- ----- ---- ---------------------
d3bjaa_a.4.5.0       -            139 d2xiga_a.4.5.0.aln   -            132   1.2e-44  147.1   0.6   1   1   2.6e-46   1.3e-44  147.0   0.6     2   132     6   136     5   136 0.99 -
d3jw4a_a.4.5.0       -            137 d2xiga_a.4.5.0.aln   -            132   1.3e-42  140.5   0.2   1   1   2.9e-44   1.4e-42  140.4   0.2     2   132     3   135     2   135 0.99 -
d3k69a_a.4.5.0       -            155 d2xiga_a.4.5.0.aln   -            132   1.2e-38  127.6   0.0   1   1   2.8e-40   1.4e-38  127.5   0.0     1   132     7   149     7   149 0.99 -
d3qu3a_a.4.5.0       -            122 d2xiga_a.4.5.0.aln   -            132   1.4e-37  124.2   0.0   1   1   3.1e-39   1.5e-37  124.1   0.0     2   120     4   121     3   122 0.98 -
d3f8ba_a.4.5.0       -            105 d2xiga_a.4.5.0.aln   -            132   2.9e-33  110.2   0.3   1   1   6.5e-35   3.2e-33  110.1   0.3    13   118     2   105     1   105 0.98 -
d3df8a_a.4.5.0       -            109 d2xiga_a.4.5.0.aln   -            132   3.8e-27   90.4   0.0   1   1   8.5e-29   4.2e-27   90.3   0.0    11   120     1   109     1   109 0.99 -
d2etha1a.4.5.28      -            140 d2xiga_a.4.5.0.aln   -            132   1.9e-07   26.7   0.0   1   1   5.4e-09   2.7e-07   26.2   0.0    44   119    48   122    45   127 0.96 -
d2a61a1a.4.5.28      -            139 d2xiga_a.4.5.0.aln   -            132   4.2e-06   22.4   0.0   1   1     9e-08   4.4e-06   22.3   0.0    50   121    52   122    17   132 0.89 -
d1s3ja_a.4.5.28      -            143 d2xiga_a.4.5.0.aln   -            132   2.6e-05   19.8   0.1   1   1   6.6e-07   3.2e-05   19.5   0.1    33   127    40   133    11   138 0.82 -
d1lj9a_a.4.5.28      -            144 d2xiga_a.4.5.0.aln   -            132   0.00017   17.2   0.6   1   1   6.3e-06   0.00031   16.3   0.6    33    94    34    94    12   132 0.82 -
d2fbha1a.4.5.28      -            137 d2xiga_a.4.5.0.aln   -            132   0.00022   16.8   0.0   1   1   4.8e-06   0.00024   16.7   0.0    16   107    15   107     4   127 0.77 -
d1jgsa_a.4.5.28      -            138 d2xiga_a.4.5.0.aln   -            132   0.00028   16.5   0.0   1   1   6.1e-06    0.0003   16.3   0.0    48   129    54   135    14   137 0.90 -
d2fbia1a.4.5.28      -            136 d2xiga_a.4.5.0.aln   -            132   0.00035   16.1   0.0   1   1   1.1e-05   0.00052   15.6   0.0    40    90    42    91    32   133 0.81 -
d2hr3a1a.4.5.28      -            145 d2xiga_a.4.5.0.aln   -            132   0.00038   16.0   0.0   1   1   1.2e-05   0.00058   15.4   0.0    46    95    53   101    44   132 0.87 -
d1ub9a_a.4.5.28      -            100 d2xiga_a.4.5.0.aln   -            132   0.00096   14.7   0.0   1   1   2.2e-05    0.0011   14.6   0.0    46   102    34    89    15    96 0.88 -
d3broa1a.4.5.28      -            135 d2xiga_a.4.5.0.aln   -            132     0.001   14.6   1.9   1   1     3e-05    0.0015   14.1   1.9    19   122    26   120    11   131 0.74 -
#
# Program:         hmmsearch
# Version:         3.3.2 (Nov 2020)
# Pipeline mode:   SEARCH
# Query file:      /home/elise/Documents/M1-BIM/S2/TMEs/SBAS/tme08/models/d2xiga_a.4.5.0.aln.hmm
# Target file:     /home/elise/Documents/M1-BIM/S2/TMEs/SBAS/tme08/scop/scop/scopTestSeq.fasta
# Option settings: hmmsearch --domtblout /home/elise/Documents/M1-BIM/S2/TMEs/SBAS/tme08/searchResults/d2xiga_a.4.5.0.aln.out -E 1 /home/elise/Documents/M1-BIM/S2/TMEs/SBAS/tme08/models/d2xiga_a.4.5.0.aln.hmm /home/elise/Documents/M1-BIM/S2/TMEs/SBAS/tme08/scop/scop/scopTestSeq.fasta 
# Current dir:     /home/elise/Documents/M1-BIM/S2/TMEs/SBAS/tme08
# Date:            Tue Apr  1 17:31:04 2025
# [ok]
