#                                                                            --- full sequence --- -------------- this domain -------------   hmm coord   ali coord   env coord
# target name        accession   tlen query name           accession   qlen   E-value  score  bias   #  of  c-Evalue  i-Evalue  score  bias  from    to  from    to  from    to  acc description of target
#------------------- ---------- ----- -------------------- ---------- ----- --------- ------ ----- --- --- --------- --------- ------ ----- ----- ----- ----- ----- ----- ----- ---- ---------------------
d1qdda_d.169.1.1     -            144 d2ziba_d.169.1.1.aln -            130   3.5e-40  133.0   2.6   1   1   6.5e-42     4e-40  132.8   2.6     2   128    13   143    12   144 0.98 -
d3l9jc_d.169.1.1     -            134 d2ziba_d.169.1.1.aln -            130   7.2e-31  102.9   1.9   1   1   1.4e-32   8.6e-31  102.6   1.9    10   128    10   133     5   134 0.95 -
d1qo3c_d.169.1.1     -            133 d2ziba_d.169.1.1.aln -            130   3.5e-30  100.6   4.7   1   1     7e-32   4.2e-30  100.4   4.7     5   129    16   132    13   133 0.93 -
d1wmza_d.169.1.1     -            140 d2ziba_d.169.1.1.aln -            130   3.9e-30  100.5   6.8   1   1   7.4e-32   4.5e-30  100.3   6.8     2   129     2   139     1   140 0.92 -
d2ziba_d.169.1.1     -            130 d2ziba_d.169.1.1.aln -            130   1.8e-29   98.4   2.9   1   1   3.6e-31   2.2e-29   98.1   2.9     3   128     7   128     5   129 0.94 -
d1gz2a_d.169.1.1     -            139 d2ziba_d.169.1.1.aln -            130     2e-28   94.9   0.0   1   1   3.9e-30   2.4e-28   94.7   0.0     3   128     2   138     1   139 0.95 -
d1pwba1d.169.1.1     -            121 d2ziba_d.169.1.1.aln -            130   1.5e-27   92.1   0.0   1   1   2.7e-29   1.6e-27   92.0   0.0     7   127     3   121     1   121 0.95 -
d1g1ta1d.169.1.1     -            118 d2ziba_d.169.1.1.aln -            130     5e-26   87.2   5.6   1   1     9e-28   5.5e-26   87.1   5.6    14   125     2   117     1   118 0.95 -
d3hupa_d.169.1.1     -            121 d2ziba_d.169.1.1.aln -            130   2.4e-25   85.0  11.0   1   1   4.4e-27   2.7e-25   84.8  11.0     2   128     6   119     5   121 0.86 -
d1h8ua_d.169.1.1     -            115 d2ziba_d.169.1.1.aln -            130   1.2e-24   82.7   1.6   1   1   2.2e-26   1.3e-24   82.6   1.6    15   126     2   114     1   115 0.96 -
d1byfa_d.169.1.1     -            123 d2ziba_d.169.1.1.aln -            130   7.3e-20   67.3   0.0   1   1   1.4e-21   8.7e-20   67.0   0.0    17   129     6   122     2   123 0.87 -
d1wk1a_d.169.1.1     -            150 d2ziba_d.169.1.1.aln -            130   6.2e-18   61.0   0.0   1   1   1.6e-19   9.8e-18   60.4   0.0     9   128     5   130     2   132 0.85 -
d1kg0c_d.169.1.1     -            136 d2ziba_d.169.1.1.aln -            130   2.1e-15   52.8   7.1   1   1   4.2e-17   2.5e-15   52.6   7.1     4   128    20   134     8   136 0.92 -
#
# Program:         hmmsearch
# Version:         3.3.2 (Nov 2020)
# Pipeline mode:   SEARCH
# Query file:      /home/elise/Documents/M1-BIM/S2/TMEs/SBAS/tme08/models/d2ziba_d.169.1.1.aln.hmm
# Target file:     /home/elise/Documents/M1-BIM/S2/TMEs/SBAS/tme08/scop/scop/scopTestSeq.fasta
# Option settings: hmmsearch --domtblout /home/elise/Documents/M1-BIM/S2/TMEs/SBAS/tme08/searchResults/d2ziba_d.169.1.1.aln.out -E 1 /home/elise/Documents/M1-BIM/S2/TMEs/SBAS/tme08/models/d2ziba_d.169.1.1.aln.hmm /home/elise/Documents/M1-BIM/S2/TMEs/SBAS/tme08/scop/scop/scopTestSeq.fasta 
# Current dir:     /home/elise/Documents/M1-BIM/S2/TMEs/SBAS/tme08
# Date:            Tue Apr  1 17:31:04 2025
# [ok]
