#                                                                            --- full sequence --- -------------- this domain -------------   hmm coord   ali coord   env coord
# target name        accession   tlen query name           accession   qlen   E-value  score  bias   #  of  c-Evalue  i-Evalue  score  bias  from    to  from    to  from    to  acc description of target
#------------------- ---------- ----- -------------------- ---------- ----- --------- ------ ----- --- --- --------- --------- ------ ----- ----- ----- ----- ----- ----- ----- ---- ---------------------
d2nuja1d.38.1.1      -            159 d3bjka_d.38.1.1.aln  -            134   1.2e-42  140.3   0.0   1   1   2.8e-44   1.3e-42  140.1   0.0     2   132    22   152    21   154 0.98 -
d3qy3a1d.38.1.1      -            130 d3bjka_d.38.1.1.aln  -            134   1.1e-41  137.1   0.1   1   1   2.6e-43   1.2e-41  137.0   0.1     2   130     2   129     1   130 0.96 -
d2oiwa1d.38.1.1      -            131 d3bjka_d.38.1.1.aln  -            134   1.2e-41  136.9   0.3   1   1   2.9e-43   1.4e-41  136.8   0.3     3   133     1   127     1   128 0.98 -
d1njka_d.38.1.1      -            133 d3bjka_d.38.1.1.aln  -            134   4.7e-41  135.1   0.0   1   1   1.1e-42   5.1e-41  134.9   0.0     3   133     1   131     1   132 0.99 -
d2hx5a1d.38.1.1      -            144 d3bjka_d.38.1.1.aln  -            134   6.8e-41  134.5   0.0   1   1   1.6e-42   7.5e-41  134.4   0.0     3   132     6   142     4   144 0.98 -
d1s5ua_d.38.1.1      -            129 d3bjka_d.38.1.1.aln  -            134   1.9e-40  133.1   1.9   1   1   4.4e-42     2e-40  133.0   1.9     3   130     2   129     1   129 0.99 -
d2oafa1d.38.1.1      -            143 d3bjka_d.38.1.1.aln  -            134   8.8e-40  130.9   0.0   1   1   2.1e-41   9.7e-40  130.8   0.0     2   133     7   140     6   141 0.98 -
d2gf6a1d.38.1.1      -            134 d3bjka_d.38.1.1.aln  -            134   1.4e-39  130.3   0.0   1   1   3.2e-41   1.5e-39  130.2   0.0     2   131     4   132     3   134 0.98 -
d2gvha1d.38.1.1      -            135 d3bjka_d.38.1.1.aln  -            134   2.1e-39  129.7   0.1   1   1   4.8e-41   2.3e-39  129.6   0.1     4   132     3   134     1   135 0.98 -
d1lo7a_d.38.1.1      -            140 d3bjka_d.38.1.1.aln  -            134   1.1e-38  127.3   0.0   1   1   2.7e-40   1.2e-38  127.2   0.0     3   131     3   139     1   140 0.98 -
d1vpma_d.38.1.1      -            155 d3bjka_d.38.1.1.aln  -            134   7.6e-36  118.2   0.1   1   1   1.8e-37   8.5e-36  118.0   0.1     2   133     3   137     2   138 0.98 -
d2hlja1d.38.1.1      -            156 d3bjka_d.38.1.1.aln  -            134   2.2e-33  110.2   0.1   1   1   5.5e-35   2.5e-33  110.0   0.1     2   133     5   139     4   140 0.98 -
d3bjka_d.38.1.1      -            140 d3bjka_d.38.1.1.aln  -            134   2.6e-16   55.0   0.0   1   1   6.8e-18   3.2e-16   54.7   0.0    19   132    14   132     9   134 0.90 -
d1wlua_d.38.1.5      -            117 d3bjka_d.38.1.1.aln  -            134   1.6e-07   26.5   0.1   1   1   5.2e-09   2.4e-07   25.9   0.1    52   105    60   112    21   116 0.80 -
d3f5oa_d.38.1.5      -            138 d3bjka_d.38.1.1.aln  -            134   1.7e-07   26.5   0.0   1   1   4.8e-09   2.2e-07   26.1   0.0    19   107    46   133    36   135 0.87 -
d1ixla_d.38.1.5      -            130 d3bjka_d.38.1.1.aln  -            134   0.00012   17.2   0.0   1   1   3.4e-06   0.00016   16.8   0.0    44   111    59   123    42   127 0.81 -
d2hboa1d.38.1.5      -            142 d3bjka_d.38.1.1.aln  -            134   0.00041   15.5   0.0   1   1   1.6e-05   0.00073   14.7   0.0    10   108    38   128    30   138 0.74 -
#
# Program:         hmmsearch
# Version:         3.3.2 (Nov 2020)
# Pipeline mode:   SEARCH
# Query file:      /home/elise/Documents/M1-BIM/S2/TMEs/SBAS/tme08/models/d3bjka_d.38.1.1.aln.hmm
# Target file:     /home/elise/Documents/M1-BIM/S2/TMEs/SBAS/tme08/scop/scop/scopTestSeq.fasta
# Option settings: hmmsearch --domtblout /home/elise/Documents/M1-BIM/S2/TMEs/SBAS/tme08/searchResults/d3bjka_d.38.1.1.aln.out -E 1 /home/elise/Documents/M1-BIM/S2/TMEs/SBAS/tme08/models/d3bjka_d.38.1.1.aln.hmm /home/elise/Documents/M1-BIM/S2/TMEs/SBAS/tme08/scop/scop/scopTestSeq.fasta 
# Current dir:     /home/elise/Documents/M1-BIM/S2/TMEs/SBAS/tme08
# Date:            Tue Apr  1 17:31:04 2025
# [ok]
