#                                                                            --- full sequence --- -------------- this domain -------------   hmm coord   ali coord   env coord
# target name        accession   tlen query name           accession   qlen   E-value  score  bias   #  of  c-Evalue  i-Evalue  score  bias  from    to  from    to  from    to  acc description of target
#------------------- ---------- ----- -------------------- ---------- ----- --------- ------ ----- --- --- --------- --------- ------ ----- ----- ----- ----- ----- ----- ----- ---- ---------------------
d3bpza_b.82.3.2      -            194 d3bpza_b.82.3.2.aln  -            139   1.2e-46  153.3   0.0   1   2       1.9   1.3e+02   -2.3   0.0     7    28    15    36    11    42 0.70 -
d3bpza_b.82.3.2      -            194 d3bpza_b.82.3.2.aln  -            139   1.2e-46  153.3   0.0   2   2   3.9e-48   2.6e-46  152.2   0.0     3   134    67   193    63   194 0.97 -
d1cx4a2b.82.3.2      -            147 d3bpza_b.82.3.2.aln  -            139   1.3e-42  140.2   0.1   1   1   2.2e-44   1.4e-42  140.1   0.1     4   137     2   141     1   143 0.97 -
d1vp6a_b.82.3.2      -            133 d3bpza_b.82.3.2.aln  -            139   2.1e-41  136.3   0.0   1   1   3.7e-43   2.4e-41  136.1   0.0     2   132     9   132     6   133 0.98 -
d1cx4a1b.82.3.2      -            136 d3bpza_b.82.3.2.aln  -            139   7.6e-40  131.3   0.0   1   1   1.3e-41   8.7e-40  131.1   0.0     3   125    15   136    11   136 0.97 -
d1zyba2b.82.3.2      -            147 d3bpza_b.82.3.2.aln  -            139   2.1e-39  129.8   0.0   1   1   3.6e-41   2.3e-39  129.7   0.0     3   138     5   143     1   144 0.95 -
d3e5ua2b.82.3.2      -            139 d3bpza_b.82.3.2.aln  -            139   3.2e-38  126.0   0.0   1   1   5.5e-40   3.6e-38  125.8   0.0     4   139     1   136     1   136 0.98 -
d2gaua2b.82.3.2      -            142 d3bpza_b.82.3.2.aln  -            139   4.5e-37  122.3   0.0   1   1   7.4e-39   4.9e-37  122.2   0.0     6   138     3   135     1   136 0.94 -
d1o7fa3b.82.3.2      -            124 d3bpza_b.82.3.2.aln  -            139   6.9e-35  115.2   0.0   1   1   1.2e-36   7.6e-35  115.1   0.0     3   119    10   123     6   124 0.97 -
d1o7fa2b.82.3.2      -            155 d3bpza_b.82.3.2.aln  -            139   6.9e-35  115.2   0.0   1   1   1.2e-36   8.1e-35  115.0   0.0     7   133    28   154     3   155 0.90 -
d1o5la1b.82.3.2      -            129 d3bpza_b.82.3.2.aln  -            139   1.2e-33  111.1   0.0   1   1   2.1e-35   1.4e-33  111.0   0.0    19   139     2   123     1   123 0.98 -
d1wgpa_b.82.3.2      -            137 d3bpza_b.82.3.2.aln  -            139   2.8e-33  110.0   0.0   1   1   4.7e-35   3.1e-33  109.8   0.0     3   129     5   134     2   137 0.96 -
d2zcwa2b.82.3.2      -            112 d3bpza_b.82.3.2.aln  -            139   2.2e-27   90.9   0.0   1   1   3.6e-29   2.3e-27   90.8   0.0    29   137     2   111     1   112 0.96 -
#
# Program:         hmmsearch
# Version:         3.3.2 (Nov 2020)
# Pipeline mode:   SEARCH
# Query file:      /home/elise/Documents/M1-BIM/S2/TMEs/SBAS/tme08/models/d3bpza_b.82.3.2.aln.hmm
# Target file:     /home/elise/Documents/M1-BIM/S2/TMEs/SBAS/tme08/scop/scop/scopTestSeq.fasta
# Option settings: hmmsearch --domtblout /home/elise/Documents/M1-BIM/S2/TMEs/SBAS/tme08/searchResults/d3bpza_b.82.3.2.aln.out -E 1 /home/elise/Documents/M1-BIM/S2/TMEs/SBAS/tme08/models/d3bpza_b.82.3.2.aln.hmm /home/elise/Documents/M1-BIM/S2/TMEs/SBAS/tme08/scop/scop/scopTestSeq.fasta 
# Current dir:     /home/elise/Documents/M1-BIM/S2/TMEs/SBAS/tme08
# Date:            Tue Apr  1 17:31:05 2025
# [ok]
