#                                                                            --- full sequence --- -------------- this domain -------------   hmm coord   ali coord   env coord
# target name        accession   tlen query name           accession   qlen   E-value  score  bias   #  of  c-Evalue  i-Evalue  score  bias  from    to  from    to  from    to  acc description of target
#------------------- ---------- ----- -------------------- ---------- ----- --------- ------ ----- --- --- --------- --------- ------ ----- ----- ----- ----- ----- ----- ----- ---- ---------------------
d2v1ma_c.47.1.0      -            163 d3c7ma_c.47.1.0.aln  -            135   5.8e-28   92.8   0.1   1   1   1.3e-29   6.9e-28   92.6   0.1     5   131     2   163     1   163 0.99 -
d2i4aa_c.47.1.1      -            107 d3c7ma_c.47.1.0.aln  -            135     3e-22   74.4   0.1   1   1   6.4e-24   3.4e-22   74.2   0.1    12   106     3    96     1   103 0.95 -
d3gnja_c.47.1.0      -            111 d3c7ma_c.47.1.0.aln  -            135   5.2e-21   70.3   0.3   1   1   1.1e-22   5.6e-21   70.2   0.3     9   118     2   110     1   111 0.97 -
d3h93a_c.47.1.0      -            192 d3c7ma_c.47.1.0.aln  -            135   1.9e-20   68.5   0.1   1   1     5e-22   2.6e-20   68.1   0.1     6   133     2   191     1   192 0.98 -
d2hzfa_c.47.1.0      -            110 d3c7ma_c.47.1.0.aln  -            135   4.3e-19   64.2   0.0   1   1   9.3e-21   4.9e-19   64.0   0.0    15   120     2   104     1   109 0.97 -
d3h79a_c.47.1.0      -            115 d3c7ma_c.47.1.0.aln  -            135   7.8e-18   60.1   0.0   1   1   1.6e-19   8.5e-18   59.9   0.0    10   123     2   113     1   115 0.96 -
d2xhfa_c.47.1.0      -            156 d3c7ma_c.47.1.0.aln  -            135   3.5e-17   57.9   0.0   1   1   7.8e-19   4.1e-17   57.7   0.0     4   133     8   150     5   152 0.97 -
d3feua_c.47.1.0      -            183 d3c7ma_c.47.1.0.aln  -            135   4.3e-16   54.4   0.0   1   1     1e-17   5.3e-16   54.1   0.0    11   134     2   179     1   180 0.98 -
d2wcia_c.47.1.0      -            113 d3c7ma_c.47.1.0.aln  -            135   1.3e-15   52.8   0.0   1   1   2.8e-17   1.5e-15   52.7   0.0    16   126     2   113     1   113 0.98 -
d3c7ma_c.47.1.0      -            195 d3c7ma_c.47.1.0.aln  -            135   3.9e-15   51.3   1.1   1   1   9.3e-17   4.9e-15   51.0   1.1    15   134     3   184     1   185 0.97 -
d3fz4a_c.47.1.0      -            119 d3c7ma_c.47.1.0.aln  -            135   1.1e-14   49.9   0.0   1   1   2.3e-16   1.2e-14   49.7   0.0     2   118     3   118     2   119 0.98 -
d1r26a_c.47.1.1      -            113 d3c7ma_c.47.1.0.aln  -            135   6.3e-13   44.2   0.0   1   1   1.4e-14   7.6e-13   43.9   0.0    33   105    30   100     6   103 0.93 -
d3qmxa_c.47.1.0      -             99 d3c7ma_c.47.1.0.aln  -            135   6.7e-13   44.1   0.0   1   1   1.4e-14   7.2e-13   44.0   0.0    18   119     3    98     1    99 0.97 -
d1sena_c.47.1.1      -            135 d3c7ma_c.47.1.0.aln  -            135   0.00047   15.5   0.1   1   1   1.2e-05   0.00062   15.1   0.1    31    75    27    70    13   112 0.79 -
d2fwha_c.47.1.1      -            117 d3c7ma_c.47.1.0.aln  -            135    0.0028   12.9   0.1   1   2   0.00012    0.0061   11.8   0.1    17    45    10    38     3    42 0.81 -
d2fwha_c.47.1.1      -            117 d3c7ma_c.47.1.0.aln  -            135    0.0028   12.9   0.1   2   2       2.6   1.4e+02   -2.3   0.0    82    92    80    91    79   105 0.64 -
#
# Program:         hmmsearch
# Version:         3.3.2 (Nov 2020)
# Pipeline mode:   SEARCH
# Query file:      /home/elise/Documents/M1-BIM/S2/TMEs/SBAS/tme08/models/d3c7ma_c.47.1.0.aln.hmm
# Target file:     /home/elise/Documents/M1-BIM/S2/TMEs/SBAS/tme08/scop/scop/scopTestSeq.fasta
# Option settings: hmmsearch --domtblout /home/elise/Documents/M1-BIM/S2/TMEs/SBAS/tme08/searchResults/d3c7ma_c.47.1.0.aln.out -E 1 /home/elise/Documents/M1-BIM/S2/TMEs/SBAS/tme08/models/d3c7ma_c.47.1.0.aln.hmm /home/elise/Documents/M1-BIM/S2/TMEs/SBAS/tme08/scop/scop/scopTestSeq.fasta 
# Current dir:     /home/elise/Documents/M1-BIM/S2/TMEs/SBAS/tme08
# Date:            Tue Apr  1 17:31:05 2025
# [ok]
