#                                                                            --- full sequence --- -------------- this domain -------------   hmm coord   ali coord   env coord
# target name        accession   tlen query name           accession   qlen   E-value  score  bias   #  of  c-Evalue  i-Evalue  score  bias  from    to  from    to  from    to  acc description of target
#------------------- ---------- ----- -------------------- ---------- ----- --------- ------ ----- --- --- --------- --------- ------ ----- ----- ----- ----- ----- ----- ----- ---- ---------------------
d3tqla_c.94.1.0      -            227 d3delb_c.94.1.0.aln  -            290   3.1e-70  232.1   1.0   1   1   4.9e-72   3.5e-70  232.0   1.0    39   270     1   227     1   227 0.99 -
d3r6ua_c.94.1.0      -            272 d3delb_c.94.1.0.aln  -            290   7.5e-67  221.0   4.1   1   1   1.2e-68   8.4e-67  220.9   4.1     6   271     1   272     1   272 0.99 -
d3kzga_c.94.1.0      -            228 d3delb_c.94.1.0.aln  -            290   6.9e-64  211.3   0.1   1   1   1.1e-65   7.6e-64  211.2   0.1    41   270     3   228     1   228 0.98 -
d2q88a_c.94.1.0      -            257 d3delb_c.94.1.0.aln  -            290     5e-62  205.2   0.0   1   1   7.7e-64   5.5e-62  205.1   0.0    30   288     2   257     1   257 0.99 -
d3h7ma_c.94.1.0      -            228 d3delb_c.94.1.0.aln  -            290   3.6e-60  199.1   0.0   1   1   5.8e-62   4.2e-60  198.9   0.0    37   271     2   224     1   227 0.99 -
d3i6va_c.94.1.0      -            218 d3delb_c.94.1.0.aln  -            290   1.9e-58  193.5   0.1   1   1   2.9e-60   2.1e-58  193.3   0.1    41   275     1   216     1   218 0.99 -
d3delb_c.94.1.0      -            232 d3delb_c.94.1.0.aln  -            290   8.7e-40  132.2   0.0   1   1   1.5e-41   1.1e-39  131.9   0.0    42   271     3   222     1   226 0.96 -
d1jeta_c.94.1.1      -            517 d3delb_c.94.1.0.aln  -            290   1.7e-15   52.5   0.5   1   2   5.4e-17   3.9e-15   51.3   0.2     2   282    61   429    60   437 0.92 -
d1jeta_c.94.1.1      -            517 d3delb_c.94.1.0.aln  -            290   1.7e-15   52.5   0.5   2   2      0.57        41   -1.3   0.0    78   113   438   474   426   490 0.78 -
d1xt8a1c.94.1.1      -            248 d3delb_c.94.1.0.aln  -            290   5.9e-14   47.4   5.4   1   1   1.1e-15   7.5e-14   47.1   5.4    49   251    20   212     6   244 0.87 -
d1pb7a_c.94.1.1      -            289 d3delb_c.94.1.0.aln  -            290   6.8e-08   27.5   0.0   1   1   1.6e-09   1.1e-07   26.8   0.0    63   150    61   163    60   183 0.91 -
d1ii5a_c.94.1.1      -            226 d3delb_c.94.1.0.aln  -            290   9.6e-06   20.5   0.0   1   1   6.9e-07   4.9e-05   18.1   0.0    50   271    13   226     9   226 0.82 -
#
# Program:         hmmsearch
# Version:         3.3.2 (Nov 2020)
# Pipeline mode:   SEARCH
# Query file:      /home/elise/Documents/M1-BIM/S2/TMEs/SBAS/tme08/models/d3delb_c.94.1.0.aln.hmm
# Target file:     /home/elise/Documents/M1-BIM/S2/TMEs/SBAS/tme08/scop/scop/scopTestSeq.fasta
# Option settings: hmmsearch --domtblout /home/elise/Documents/M1-BIM/S2/TMEs/SBAS/tme08/searchResults/d3delb_c.94.1.0.aln.out -E 1 /home/elise/Documents/M1-BIM/S2/TMEs/SBAS/tme08/models/d3delb_c.94.1.0.aln.hmm /home/elise/Documents/M1-BIM/S2/TMEs/SBAS/tme08/scop/scop/scopTestSeq.fasta 
# Current dir:     /home/elise/Documents/M1-BIM/S2/TMEs/SBAS/tme08
# Date:            Tue Apr  1 17:31:05 2025
# [ok]
