#                                                                            --- full sequence --- -------------- this domain -------------   hmm coord   ali coord   env coord
# target name        accession   tlen query name           accession   qlen   E-value  score  bias   #  of  c-Evalue  i-Evalue  score  bias  from    to  from    to  from    to  acc description of target
#------------------- ---------- ----- -------------------- ---------- ----- --------- ------ ----- --- --- --------- --------- ------ ----- ----- ----- ----- ----- ----- ----- ---- ---------------------
d3bjaa_a.4.5.0       -            139 d3df8a_a.4.5.0.aln   -            135   7.5e-46  151.2   0.9   1   1   2.1e-47   8.2e-46  151.0   0.9     3   135     7   138     5   138 0.99 -
d2xiga_a.4.5.0       -            148 d3df8a_a.4.5.0.aln   -            135   1.3e-45  150.4   4.0   1   1   3.5e-47   1.4e-45  150.3   4.0     1   135     1   146     1   146 0.99 -
d3jw4a_a.4.5.0       -            137 d3df8a_a.4.5.0.aln   -            135   3.9e-45  148.9   0.1   1   1   1.1e-46   4.3e-45  148.7   0.1     2   135     3   137     2   137 0.99 -
d3k69a_a.4.5.0       -            155 d3df8a_a.4.5.0.aln   -            135   1.5e-38  127.5   0.0   1   1   4.3e-40   1.7e-38  127.4   0.0     2   135     7   151     6   151 0.99 -
d3qu3a_a.4.5.0       -            122 d3df8a_a.4.5.0.aln   -            135   5.1e-32  106.4   0.0   1   1   1.4e-33   5.6e-32  106.3   0.0     2   130     4   122     3   122 0.99 -
d3f8ba_a.4.5.0       -            105 d3df8a_a.4.5.0.aln   -            135   7.7e-32  105.8   0.2   1   1   2.1e-33   8.5e-32  105.7   0.2     4   119     2   105     1   105 0.98 -
d3broa1a.4.5.28      -            135 d3df8a_a.4.5.0.aln   -            135     1e-10   37.4   2.6   1   1   2.9e-12   1.1e-10   37.3   2.6    24   131    24   132     6   135 0.94 -
d2fbha1a.4.5.28      -            137 d3df8a_a.4.5.0.aln   -            135     2e-08   30.0   0.0   1   1   6.1e-10   2.4e-08   29.7   0.0     8   122     7   121     4   132 0.90 -
d2fbia1a.4.5.28      -            136 d3df8a_a.4.5.0.aln   -            135   2.2e-08   29.9   0.2   1   1   7.3e-10   2.9e-08   29.5   0.2    24   130    25   130    21   134 0.95 -
d2etha1a.4.5.28      -            140 d3df8a_a.4.5.0.aln   -            135   3.5e-08   29.2   0.0   1   1   9.7e-10   3.8e-08   29.1   0.0    21   125    24   127     8   136 0.84 -
d2a61a1a.4.5.28      -            139 d3df8a_a.4.5.0.aln   -            135   4.8e-07   25.5   0.0   1   1   1.7e-08   6.6e-07   25.1   0.0    57   127    58   127    54   133 0.93 -
d3echa_a.4.5.28      -            142 d3df8a_a.4.5.0.aln   -            135     2e-06   23.6   0.0   1   1   5.7e-08   2.2e-06   23.4   0.0     9   132    15   139    10   142 0.85 -
d1jgsa_a.4.5.28      -            138 d3df8a_a.4.5.0.aln   -            135   2.6e-06   23.2   0.0   1   1   8.1e-08   3.2e-06   22.9   0.0    43   130    45   135    11   137 0.84 -
d1lj9a_a.4.5.28      -            144 d3df8a_a.4.5.0.aln   -            135     1e-05   21.2   0.6   1   1   4.1e-07   1.6e-05   20.6   0.6    36    96    31    95    12   133 0.75 -
d1s3ja_a.4.5.28      -            143 d3df8a_a.4.5.0.aln   -            135   5.5e-05   18.9   0.1   1   1   1.6e-06   6.4e-05   18.7   0.1    12    85    18    90    11   136 0.79 -
d2hr3a1a.4.5.28      -            145 d3df8a_a.4.5.0.aln   -            135    0.0001   18.0   0.0   1   1   3.1e-06   0.00012   17.8   0.0     7    91    12    96     7   128 0.86 -
d1ub9a_a.4.5.28      -            100 d3df8a_a.4.5.0.aln   -            135   0.00025   16.8   0.0   1   1   8.2e-06   0.00032   16.4   0.0    48   104    35    90    31    98 0.90 -
d3ctaa1a.4.5.28      -             85 d3df8a_a.4.5.0.aln   -            135   0.00039   16.1   0.2   1   1   1.1e-05   0.00044   15.9   0.2    43    78    18    56     1    70 0.78 -
d2fbka1a.4.5.28      -            172 d3df8a_a.4.5.0.aln   -            135   0.00065   15.4   0.0   1   1   2.3e-05   0.00092   14.9   0.0    57   131    93   166    84   169 0.89 -
d2o7ta1a.4.1.9       -             78 d3df8a_a.4.5.0.aln   -            135    0.0047   12.6   0.1   1   2      0.71        28    0.4   0.1    84    94     7    17     2    18 0.82 -
d2o7ta1a.4.1.9       -             78 d3df8a_a.4.5.0.aln   -            135    0.0047   12.6   0.1   2   2   0.00049     0.019   10.6   0.1    36    64    19    48     8    53 0.83 -
#
# Program:         hmmsearch
# Version:         3.3.2 (Nov 2020)
# Pipeline mode:   SEARCH
# Query file:      /home/elise/Documents/M1-BIM/S2/TMEs/SBAS/tme08/models/d3df8a_a.4.5.0.aln.hmm
# Target file:     /home/elise/Documents/M1-BIM/S2/TMEs/SBAS/tme08/scop/scop/scopTestSeq.fasta
# Option settings: hmmsearch --domtblout /home/elise/Documents/M1-BIM/S2/TMEs/SBAS/tme08/searchResults/d3df8a_a.4.5.0.aln.out -E 1 /home/elise/Documents/M1-BIM/S2/TMEs/SBAS/tme08/models/d3df8a_a.4.5.0.aln.hmm /home/elise/Documents/M1-BIM/S2/TMEs/SBAS/tme08/scop/scop/scopTestSeq.fasta 
# Current dir:     /home/elise/Documents/M1-BIM/S2/TMEs/SBAS/tme08
# Date:            Tue Apr  1 17:31:05 2025
# [ok]
