#                                                                            --- full sequence --- -------------- this domain -------------   hmm coord   ali coord   env coord
# target name        accession   tlen query name           accession   qlen   E-value  score  bias   #  of  c-Evalue  i-Evalue  score  bias  from    to  from    to  from    to  acc description of target
#------------------- ---------- ----- -------------------- ---------- ----- --------- ------ ----- --- --- --------- --------- ------ ----- ----- ----- ----- ----- ----- ----- ---- ---------------------
d2fbia1a.4.5.28      -            136 d3echa_a.4.5.28.aln  -            140   1.1e-42  140.6   0.3   1   1     3e-44   1.2e-42  140.5   0.3     6   138     3   134     1   136 0.98 -
d2etha1a.4.5.28      -            140 d3echa_a.4.5.28.aln  -            140   8.1e-42  137.8   0.1   1   1   2.2e-43   8.8e-42  137.7   0.1     3   139     2   137     1   138 0.98 -
d2fxaa1a.4.5.28      -            162 d3echa_a.4.5.28.aln  -            140   3.9e-41  135.6   0.0   1   1   1.1e-42   4.4e-41  135.5   0.0     3   139    11   146     9   147 0.98 -
d2a61a1a.4.5.28      -            139 d3echa_a.4.5.28.aln  -            140     1e-40  134.2   0.0   1   1   2.9e-42   1.2e-40  134.1   0.0     4   140     1   136     1   136 0.98 -
d1s3ja_a.4.5.28      -            143 d3echa_a.4.5.28.aln  -            140   3.3e-39  129.4   3.8   1   1   9.2e-41   3.6e-39  129.2   3.8     3   139     5   140     3   141 0.98 -
d1lj9a_a.4.5.28      -            144 d3echa_a.4.5.28.aln  -            140   4.9e-39  128.8   1.4   1   1   1.4e-40   5.4e-39  128.7   1.4     6   139     2   134     1   135 0.98 -
d1jgsa_a.4.5.28      -            138 d3echa_a.4.5.28.aln  -            140   5.8e-39  128.6   0.0   1   1   1.6e-40   6.3e-39  128.5   0.0     2   136     3   136     2   138 0.97 -
d2fbha1a.4.5.28      -            137 d3echa_a.4.5.28.aln  -            140     1e-38  127.8   0.1   1   1   2.9e-40   1.1e-38  127.6   0.1     7   140     2   135     1   135 0.97 -
d3broa1a.4.5.28      -            135 d3echa_a.4.5.28.aln  -            140     2e-38  126.8   7.3   1   1   5.6e-40   2.2e-38  126.7   7.3     6   137     2   134     1   135 0.99 -
d1p4xa1a.4.5.28      -            125 d3echa_a.4.5.28.aln  -            140   9.1e-36  118.2   3.7   1   1   2.5e-37   9.9e-36  118.1   3.7     2   123     3   125     2   125 0.98 -
d1p4xa2a.4.5.28      -            125 d3echa_a.4.5.28.aln  -            140   3.9e-35  116.2   4.4   1   1   1.1e-36   4.2e-35  116.1   4.4     2   121     2   122     1   125 0.96 -
d2hr3a1a.4.5.28      -            145 d3echa_a.4.5.28.aln  -            140   4.9e-35  115.9   0.0   1   1   1.4e-36   5.4e-35  115.7   0.0     2   139     3   140     2   141 0.98 -
d2fbka1a.4.5.28      -            172 d3echa_a.4.5.28.aln  -            140   5.8e-35  115.6   0.0   1   1   1.7e-36   6.8e-35  115.4   0.0     5   139    34   170    30   171 0.97 -
d1hsja1a.4.5.28      -            115 d3echa_a.4.5.28.aln  -            140   3.7e-33  109.8   5.8   1   1     1e-34     4e-33  109.7   5.8     2   114     1   114     1   115 0.98 -
d3bjaa_a.4.5.0       -            139 d3echa_a.4.5.28.aln  -            140     3e-24   80.9   0.3   1   1   8.2e-26   3.2e-24   80.8   0.3    16   138    16   137     2   139 0.92 -
d1ub9a_a.4.5.28      -            100 d3echa_a.4.5.28.aln  -            140   1.2e-23   79.0   0.0   1   1   3.3e-25   1.3e-23   78.9   0.0    18   116     1    98     1   100 0.97 -
d3jw4a_a.4.5.0       -            137 d3echa_a.4.5.28.aln  -            140   2.4e-21   71.5   0.1   1   1   6.4e-23   2.5e-21   71.4   0.1    10   136     7   134     1   137 0.96 -
d3ctaa1a.4.5.28      -             85 d3echa_a.4.5.28.aln  -            140   3.1e-16   54.9   0.5   1   1   1.6e-17   6.4e-16   53.9   0.5    49   113    21    83     1    84 0.87 -
d3echa_a.4.5.28      -            142 d3echa_a.4.5.28.aln  -            140   9.8e-16   53.3   0.0   1   1   3.2e-17   1.3e-15   53.0   0.0    12   136    14   139     6   141 0.89 -
d3df8a_a.4.5.0       -            109 d3echa_a.4.5.28.aln  -            140    0.0051   12.1   0.0   1   1    0.0002     0.008   11.5   0.0    40   108    33    99    14   106 0.79 -
#
# Program:         hmmsearch
# Version:         3.3.2 (Nov 2020)
# Pipeline mode:   SEARCH
# Query file:      /home/elise/Documents/M1-BIM/S2/TMEs/SBAS/tme08/models/d3echa_a.4.5.28.aln.hmm
# Target file:     /home/elise/Documents/M1-BIM/S2/TMEs/SBAS/tme08/scop/scop/scopTestSeq.fasta
# Option settings: hmmsearch --domtblout /home/elise/Documents/M1-BIM/S2/TMEs/SBAS/tme08/searchResults/d3echa_a.4.5.28.aln.out -E 1 /home/elise/Documents/M1-BIM/S2/TMEs/SBAS/tme08/models/d3echa_a.4.5.28.aln.hmm /home/elise/Documents/M1-BIM/S2/TMEs/SBAS/tme08/scop/scop/scopTestSeq.fasta 
# Current dir:     /home/elise/Documents/M1-BIM/S2/TMEs/SBAS/tme08
# Date:            Tue Apr  1 17:31:05 2025
# [ok]
