#                                                                            --- full sequence --- -------------- this domain -------------   hmm coord   ali coord   env coord
# target name        accession   tlen query name           accession   qlen   E-value  score  bias   #  of  c-Evalue  i-Evalue  score  bias  from    to  from    to  from    to  acc description of target
#------------------- ---------- ----- -------------------- ---------- ----- --------- ------ ----- --- --- --------- --------- ------ ----- ----- ----- ----- ----- ----- ----- ---- ---------------------
d3i4fa_c.2.1.0       -            250 d3ehea_c.2.1.0.aln   -            262   3.1e-70  232.0   0.7   1   1     6e-72   3.4e-70  231.8   0.7     6   259     3   246     1   249 0.97 -
d3f1la_c.2.1.0       -            245 d3ehea_c.2.1.0.aln   -            262   7.6e-70  230.7   0.0   1   1   1.5e-71   8.5e-70  230.5   0.0     2   258     9   245     8   245 0.97 -
d3l77a_c.2.1.0       -            235 d3ehea_c.2.1.0.aln   -            262   3.4e-57  189.2   0.0   1   1   7.2e-59   4.1e-57  189.0   0.0     5   246     2   218     1   230 0.93 -
d2r6ja_c.2.1.0       -            310 d3ehea_c.2.1.0.aln   -            262   3.9e-35  116.9   0.0   1   1   8.2e-37   4.6e-35  116.7   0.0     4   253     2   298     1   306 0.95 -
d3ehea_c.2.1.0       -            303 d3ehea_c.2.1.0.aln   -            262   1.7e-09   32.9   0.1   1   1   2.4e-10   1.3e-08   29.9   0.1     8   151     2   167     1   190 0.75 -
d1o89a2c.2.1.1       -            177 d3ehea_c.2.1.0.aln   -            262   2.7e-07   25.7   0.1   1   1   6.2e-09   3.5e-07   25.3   0.1     5    40    32    67    29   107 0.82 -
d1luaa1c.2.1.7       -            191 d3ehea_c.2.1.0.aln   -            262   1.1e-06   23.6   5.0   1   1   2.7e-08   1.5e-06   23.2   5.0     2    76    20    91    19   102 0.87 -
d1jaya_c.2.1.6       -            212 d3ehea_c.2.1.0.aln   -            262   1.5e-05   20.0   0.6   1   1   3.9e-07   2.2e-05   19.4   0.6    11    61     6    51     1    91 0.74 -
d1gpja2c.2.1.7       -            159 d3ehea_c.2.1.0.aln   -            262   1.7e-05   19.8   3.6   1   1   9.8e-07   5.5e-05   18.1   3.6     2    80    21   137    20   139 0.84 -
d1nhpa2c.3.1.5       -            123 d3ehea_c.2.1.0.aln   -            262   4.1e-05   18.5   0.1   1   1   8.6e-07   4.9e-05   18.3   0.1    13    43    37    67    30   121 0.72 -
d1vpda2c.2.1.6       -            161 d3ehea_c.2.1.0.aln   -            262    0.0002   16.3   0.0   1   1   5.4e-06    0.0003   15.7   0.0    16    65    10    59     7    62 0.94 -
d1f0ya2c.2.1.6       -            192 d3ehea_c.2.1.0.aln   -            262    0.0016   13.3   1.0   1   1   4.3e-05    0.0024   12.7   1.0    10    70     9    62     3   109 0.64 -
d1xhca2c.3.1.5       -            122 d3ehea_c.2.1.0.aln   -            262    0.0018   13.1   1.2   1   2   9.4e-05    0.0053   11.6   0.8     9    37    36    63    31    75 0.85 -
d1xhca2c.3.1.5       -            122 d3ehea_c.2.1.0.aln   -            262    0.0018   13.1   1.2   2   2      0.35        20   -0.1   0.0    68   103    71   104    65   109 0.81 -
d3d2la_c.66.1.0      -            238 d3ehea_c.2.1.0.aln   -            262    0.0021   12.9   0.0   1   1   5.2e-05    0.0029   12.4   0.0    16    68    36    86    33   117 0.86 -
#
# Program:         hmmsearch
# Version:         3.3.2 (Nov 2020)
# Pipeline mode:   SEARCH
# Query file:      /home/elise/Documents/M1-BIM/S2/TMEs/SBAS/tme08/models/d3ehea_c.2.1.0.aln.hmm
# Target file:     /home/elise/Documents/M1-BIM/S2/TMEs/SBAS/tme08/scop/scop/scopTestSeq.fasta
# Option settings: hmmsearch --domtblout /home/elise/Documents/M1-BIM/S2/TMEs/SBAS/tme08/searchResults/d3ehea_c.2.1.0.aln.out -E 1 /home/elise/Documents/M1-BIM/S2/TMEs/SBAS/tme08/models/d3ehea_c.2.1.0.aln.hmm /home/elise/Documents/M1-BIM/S2/TMEs/SBAS/tme08/scop/scop/scopTestSeq.fasta 
# Current dir:     /home/elise/Documents/M1-BIM/S2/TMEs/SBAS/tme08
# Date:            Tue Apr  1 17:31:06 2025
# [ok]
