#                                                                            --- full sequence --- -------------- this domain -------------   hmm coord   ali coord   env coord
# target name        accession   tlen query name           accession   qlen   E-value  score  bias   #  of  c-Evalue  i-Evalue  score  bias  from    to  from    to  from    to  acc description of target
#------------------- ---------- ----- -------------------- ---------- ----- --------- ------ ----- --- --- --------- --------- ------ ----- ----- ----- ----- ----- ----- ----- ---- ---------------------
d1gdea_c.67.1.1      -            388 d3fvsa_c.67.1.1.aln  -            389  2.2e-126  417.2   0.1   1   1    5e-128  2.4e-126  417.0   0.1     2   388     3   384     2   385 0.99 -
d1bw0a_c.67.1.1      -            412 d3fvsa_c.67.1.1.aln  -            389  9.2e-103  339.4   0.0   1   1  2.1e-104    1e-102  339.2   0.0     2   388     4   409     3   410 0.98 -
d2gb3a1c.67.1.1      -            389 d3fvsa_c.67.1.1.aln  -            389  6.4e-102  336.6   0.0   1   1  1.4e-103  7.1e-102  336.5   0.0     2   388     2   386     1   387 0.98 -
d2hoxa_c.67.1.1      -            425 d3fvsa_c.67.1.1.aln  -            389   7.6e-88  290.3   0.0   1   1   1.7e-89   8.5e-88  290.1   0.0     1   387     2   424     2   425 0.99 -
d1lc5a_c.67.1.1      -            355 d3fvsa_c.67.1.1.aln  -            389   5.6e-79  261.1   0.0   1   1   1.3e-80   6.2e-79  260.9   0.0     9   386     3   355     1   355 0.97 -
d1fg7a_c.67.1.1      -            354 d3fvsa_c.67.1.1.aln  -            389     4e-77  255.0   0.0   1   1     9e-79   4.4e-77  254.8   0.0     4   385     3   354     1   354 0.98 -
d1svva_c.67.1.1      -            340 d3fvsa_c.67.1.1.aln  -            389   4.6e-72  238.3   0.0   1   1   1.1e-73   5.5e-72  238.1   0.0    46   388    14   339     4   340 0.97 -
d1m6sa_c.67.1.1      -            343 d3fvsa_c.67.1.1.aln  -            389   2.1e-69  229.5   0.0   1   1   5.2e-71   2.6e-69  229.3   0.0    44   388    11   341     5   342 0.98 -
d1v72a1c.67.1.1      -            345 d3fvsa_c.67.1.1.aln  -            389   1.1e-64  214.0   0.0   1   1   2.7e-66   1.3e-64  213.8   0.0    45   386    16   342     4   345 0.97 -
d3fvsa_c.67.1.1      -            419 d3fvsa_c.67.1.1.aln  -            389   3.1e-58  192.8   0.0   1   1   1.2e-59   5.9e-58  191.9   0.0    23   384    20   414    17   418 0.88 -
d3piua_c.67.1.4      -            416 d3fvsa_c.67.1.1.aln  -            389   5.1e-34  113.1   0.0   1   1   1.3e-35   6.4e-34  112.7   0.0    68   386    70   412    66   415 0.90 -
d3ftba_c.67.1.0      -            334 d3fvsa_c.67.1.1.aln  -            389   5.3e-28   93.3   0.0   1   1   1.3e-29   6.2e-28   93.0   0.0    64   336    31   279    24   330 0.83 -
d2c81a_c.67.1.0      -            409 d3fvsa_c.67.1.1.aln  -            389   8.5e-05   16.9   0.3   1   1   7.1e-06   0.00035   14.8   0.3    97   209    56   158    28   161 0.80 -
d1o69a_c.67.1.4      -            374 d3fvsa_c.67.1.1.aln  -            389    0.0014   12.9   0.1   1   2   0.00091     0.045    7.9   0.3    86   209    31   146    20   147 0.81 -
d1o69a_c.67.1.4      -            374 d3fvsa_c.67.1.1.aln  -            389    0.0014   12.9   0.1   2   2      0.12       5.9    0.9   0.0   138   197   313   369   303   372 0.90 -
d2bhua3c.1.8.1       -            420 d3fvsa_c.67.1.1.aln  -            389    0.0018   12.5   0.0   1   1   5.3e-05    0.0026   12.0   0.0   187   225    82   120    80   133 0.86 -
d2epja_c.67.1.0      -            426 d3fvsa_c.67.1.1.aln  -            389    0.0033   11.6   0.0   1   1   9.6e-05    0.0047   11.1   0.0    94   220   107   248    59   337 0.71 -
#
# Program:         hmmsearch
# Version:         3.3.2 (Nov 2020)
# Pipeline mode:   SEARCH
# Query file:      /home/elise/Documents/M1-BIM/S2/TMEs/SBAS/tme08/models/d3fvsa_c.67.1.1.aln.hmm
# Target file:     /home/elise/Documents/M1-BIM/S2/TMEs/SBAS/tme08/scop/scop/scopTestSeq.fasta
# Option settings: hmmsearch --domtblout /home/elise/Documents/M1-BIM/S2/TMEs/SBAS/tme08/searchResults/d3fvsa_c.67.1.1.aln.out -E 1 /home/elise/Documents/M1-BIM/S2/TMEs/SBAS/tme08/models/d3fvsa_c.67.1.1.aln.hmm /home/elise/Documents/M1-BIM/S2/TMEs/SBAS/tme08/scop/scop/scopTestSeq.fasta 
# Current dir:     /home/elise/Documents/M1-BIM/S2/TMEs/SBAS/tme08
# Date:            Tue Apr  1 17:31:06 2025
# [ok]
