#                                                                            --- full sequence --- -------------- this domain -------------   hmm coord   ali coord   env coord
# target name        accession   tlen query name           accession   qlen   E-value  score  bias   #  of  c-Evalue  i-Evalue  score  bias  from    to  from    to  from    to  acc description of target
#------------------- ---------- ----- -------------------- ---------- ----- --------- ------ ----- --- --- --------- --------- ------ ----- ----- ----- ----- ----- ----- ----- ---- ---------------------
d2v1ma_c.47.1.0      -            163 d3fz4a_c.47.1.0.aln  -            145     6e-31  102.8   0.1   1   1   1.2e-32     7e-31  102.6   0.1     4   143     2   163     1   163 0.99 -
d3h93a_c.47.1.0      -            192 d3fz4a_c.47.1.0.aln  -            145   3.6e-24   80.8   0.2   1   1   7.6e-26   4.3e-24   80.6   0.2     5   145     2   166     1   166 0.96 -
d3c7ma_c.47.1.0      -            195 d3fz4a_c.47.1.0.aln  -            145   3.3e-23   77.7   2.0   1   1   7.2e-25     4e-23   77.4   2.0     9   144     1   157     1   158 0.98 -
d3gnja_c.47.1.0      -            111 d3fz4a_c.47.1.0.aln  -            145   2.1e-22   75.1   0.4   1   1   4.2e-24   2.4e-22   74.9   0.4     9   120     3   108     1   110 0.96 -
d2xhfa_c.47.1.0      -            156 d3fz4a_c.47.1.0.aln  -            145   2.5e-21   71.6   0.0   1   1   5.2e-23   2.9e-21   71.4   0.0     4   143     8   156     5   156 0.97 -
d3feua_c.47.1.0      -            183 d3fz4a_c.47.1.0.aln  -            145   7.9e-21   70.0   0.0   1   1   1.6e-22   9.2e-21   69.7   0.0    11   145     3   164     1   164 0.92 -
d2i4aa_c.47.1.1      -            107 d3fz4a_c.47.1.0.aln  -            145   1.4e-19   65.9   0.0   1   1   2.8e-21   1.6e-19   65.7   0.0    13   107     5    93     3   105 0.88 -
d2wcia_c.47.1.0      -            113 d3fz4a_c.47.1.0.aln  -            145   5.4e-18   60.8   0.0   1   1     1e-19   5.8e-18   60.7   0.0    18   130     4   113     1   113 0.96 -
d2hzfa_c.47.1.0      -            110 d3fz4a_c.47.1.0.aln  -            145   4.5e-17   57.8   0.0   1   1   9.3e-19   5.3e-17   57.6   0.0    16   122     2   107     1   109 0.95 -
d3h79a_c.47.1.0      -            115 d3fz4a_c.47.1.0.aln  -            145   1.5e-16   56.1   0.0   1   1   2.8e-18   1.6e-16   56.0   0.0     9   107     2    98     1   114 0.88 -
d3qmxa_c.47.1.0      -             99 d3fz4a_c.47.1.0.aln  -            145   1.5e-13   46.3   0.0   1   1   2.9e-15   1.6e-13   46.2   0.0    16   118     2    98     1    99 0.95 -
d1r26a_c.47.1.1      -            113 d3fz4a_c.47.1.0.aln  -            145     2e-10   36.2   0.0   1   1   3.9e-12   2.2e-10   36.1   0.0    31   109    29   100     7   110 0.90 -
d2fwha_c.47.1.1      -            117 d3fz4a_c.47.1.0.aln  -            145   1.2e-06   24.0   0.2   1   1   3.2e-08   1.8e-06   23.4   0.2    13    96     7    93     3   104 0.74 -
d1sena_c.47.1.1      -            135 d3fz4a_c.47.1.0.aln  -            145   5.4e-06   21.9   0.0   1   1   1.2e-07   6.9e-06   21.5   0.0    27    96    24    93    16   120 0.85 -
#
# Program:         hmmsearch
# Version:         3.3.2 (Nov 2020)
# Pipeline mode:   SEARCH
# Query file:      /home/elise/Documents/M1-BIM/S2/TMEs/SBAS/tme08/models/d3fz4a_c.47.1.0.aln.hmm
# Target file:     /home/elise/Documents/M1-BIM/S2/TMEs/SBAS/tme08/scop/scop/scopTestSeq.fasta
# Option settings: hmmsearch --domtblout /home/elise/Documents/M1-BIM/S2/TMEs/SBAS/tme08/searchResults/d3fz4a_c.47.1.0.aln.out -E 1 /home/elise/Documents/M1-BIM/S2/TMEs/SBAS/tme08/models/d3fz4a_c.47.1.0.aln.hmm /home/elise/Documents/M1-BIM/S2/TMEs/SBAS/tme08/scop/scop/scopTestSeq.fasta 
# Current dir:     /home/elise/Documents/M1-BIM/S2/TMEs/SBAS/tme08
# Date:            Tue Apr  1 17:31:06 2025
# [ok]
