#                                                                            --- full sequence --- -------------- this domain -------------   hmm coord   ali coord   env coord
# target name        accession   tlen query name           accession   qlen   E-value  score  bias   #  of  c-Evalue  i-Evalue  score  bias  from    to  from    to  from    to  acc description of target
#------------------- ---------- ----- -------------------- ---------- ----- --------- ------ ----- --- --- --------- --------- ------ ----- ----- ----- ----- ----- ----- ----- ---- ---------------------
d2v1ma_c.47.1.0      -            163 d3gnja_c.47.1.0.aln  -            154   9.8e-39  128.1   0.1   1   1   1.9e-40   1.1e-38  128.0   0.1     1   147     5   163     5   163 0.99 -
d3c7ma_c.47.1.0      -            195 d3gnja_c.47.1.0.aln  -            154   5.3e-29   96.5   4.2   1   1   1.1e-30   6.2e-29   96.3   4.2     1   154    30   187    30   187 0.99 -
d3h93a_c.47.1.0      -            192 d3gnja_c.47.1.0.aln  -            154   5.4e-27   90.0   0.2   1   1   1.2e-28   6.5e-27   89.7   0.2     1   150    38   192    38   192 0.99 -
d3feua_c.47.1.0      -            183 d3gnja_c.47.1.0.aln  -            154   2.3e-25   84.7   0.0   1   1   4.9e-27   2.8e-25   84.4   0.0     1   146    33   183    33   183 0.99 -
d2i4aa_c.47.1.1      -            107 d3gnja_c.47.1.0.aln  -            154   1.7e-21   72.1   0.0   1   1   3.3e-23   1.9e-21   72.0   0.0    35   136     5    99     1   104 0.94 -
d2xhfa_c.47.1.0      -            156 d3gnja_c.47.1.0.aln  -            154   4.8e-21   70.7   0.0   1   1   9.4e-23   5.3e-21   70.5   0.0     2   154     2   156     1   156 0.98 -
d3fz4a_c.47.1.0      -            119 d3gnja_c.47.1.0.aln  -            154   1.7e-16   55.9   0.0   1   1   3.2e-18   1.8e-16   55.8   0.0    23   141     2   118     1   119 0.98 -
d2hzfa_c.47.1.0      -            110 d3gnja_c.47.1.0.aln  -            154   6.6e-16   54.0   0.0   1   1   1.3e-17   7.2e-16   53.8   0.0    34   143     1   105     1   109 0.96 -
d3h79a_c.47.1.0      -            115 d3gnja_c.47.1.0.aln  -            154   1.8e-15   52.5   0.0   1   1   3.8e-17   2.1e-15   52.3   0.0    31   145     2   111     1   114 0.96 -
d3qmxa_c.47.1.0      -             99 d3gnja_c.47.1.0.aln  -            154   3.5e-15   51.6   0.0   1   1   6.6e-17   3.7e-15   51.5   0.0    40   141     4    98     1    99 0.94 -
d2wcia_c.47.1.0      -            113 d3gnja_c.47.1.0.aln  -            154   7.3e-15   50.6   0.0   1   1   1.4e-16   7.6e-15   50.5   0.0    35   151     3   111     1   113 0.93 -
d1r26a_c.47.1.1      -            113 d3gnja_c.47.1.0.aln  -            154   1.8e-11   39.5   0.0   1   1   3.7e-13   2.1e-11   39.4   0.0    44   132    21   100     8   112 0.88 -
d2fwha_c.47.1.1      -            117 d3gnja_c.47.1.0.aln  -            154   3.4e-05   19.2   0.2   1   1   8.6e-07   4.8e-05   18.7   0.2    33    74     5    46     2    70 0.88 -
d1sena_c.47.1.1      -            135 d3gnja_c.47.1.0.aln  -            154   0.00013   17.3   0.0   1   1   3.3e-06   0.00019   16.8   0.0    31    76     7    50     1    74 0.74 -
#
# Program:         hmmsearch
# Version:         3.3.2 (Nov 2020)
# Pipeline mode:   SEARCH
# Query file:      /home/elise/Documents/M1-BIM/S2/TMEs/SBAS/tme08/models/d3gnja_c.47.1.0.aln.hmm
# Target file:     /home/elise/Documents/M1-BIM/S2/TMEs/SBAS/tme08/scop/scop/scopTestSeq.fasta
# Option settings: hmmsearch --domtblout /home/elise/Documents/M1-BIM/S2/TMEs/SBAS/tme08/searchResults/d3gnja_c.47.1.0.aln.out -E 1 /home/elise/Documents/M1-BIM/S2/TMEs/SBAS/tme08/models/d3gnja_c.47.1.0.aln.hmm /home/elise/Documents/M1-BIM/S2/TMEs/SBAS/tme08/scop/scop/scopTestSeq.fasta 
# Current dir:     /home/elise/Documents/M1-BIM/S2/TMEs/SBAS/tme08
# Date:            Tue Apr  1 17:31:06 2025
# [ok]
