#                                                                            --- full sequence --- -------------- this domain -------------   hmm coord   ali coord   env coord
# target name        accession   tlen query name           accession   qlen   E-value  score  bias   #  of  c-Evalue  i-Evalue  score  bias  from    to  from    to  from    to  acc description of target
#------------------- ---------- ----- -------------------- ---------- ----- --------- ------ ----- --- --- --------- --------- ------ ----- ----- ----- ----- ----- ----- ----- ---- ---------------------
d2v1ma_c.47.1.0      -            163 d3h79a_c.47.1.0.aln  -            149   1.7e-31  104.6   0.1   1   1   3.2e-33   1.9e-31  104.5   0.1     1   142    11   163    11   163 0.98 -
d3c7ma_c.47.1.0      -            195 d3h79a_c.47.1.0.aln  -            149   6.8e-28   93.0   4.4   1   1   1.7e-29     1e-27   92.4   4.4     1   149    33   187    33   187 0.99 -
d3feua_c.47.1.0      -            183 d3h79a_c.47.1.0.aln  -            149   5.9e-24   80.2   0.0   1   1   1.3e-25     8e-24   79.7   0.0     2   141    37   183    36   183 0.99 -
d3h93a_c.47.1.0      -            192 d3h79a_c.47.1.0.aln  -            149   6.9e-24   80.0   0.3   1   2       2.8   1.7e+02   -2.4   0.2    44    61    23    40    19    40 0.82 -
d3h93a_c.47.1.0      -            192 d3h79a_c.47.1.0.aln  -            149   6.9e-24   80.0   0.3   2   2   1.1e-25   6.9e-24   80.0   0.3     1   148    41   192    41   192 0.99 -
d2i4aa_c.47.1.1      -            107 d3h79a_c.47.1.0.aln  -            149   1.1e-22   76.1   0.0   1   1   2.1e-24   1.3e-22   75.8   0.0    32   130     6    98     3   101 0.94 -
d3gnja_c.47.1.0      -            111 d3h79a_c.47.1.0.aln  -            149   2.8e-21   71.5   0.3   1   1   4.9e-23     3e-21   71.4   0.3    28   141     4   111     1   111 0.97 -
d2xhfa_c.47.1.0      -            156 d3h79a_c.47.1.0.aln  -            149   2.3e-17   58.8   0.0   1   1   4.3e-19   2.6e-17   58.6   0.0    14   148     1   143     1   144 0.99 -
d3qmxa_c.47.1.0      -             99 d3h79a_c.47.1.0.aln  -            149   6.4e-16   54.1   0.0   1   1   1.1e-17   6.9e-16   54.0   0.0    34   136     2    98     1    99 0.96 -
d2wcia_c.47.1.0      -            113 d3h79a_c.47.1.0.aln  -            149   1.2e-15   53.2   0.0   1   1   2.2e-17   1.3e-15   53.0   0.0    32   147     1   112     1   113 0.97 -
d2hzfa_c.47.1.0      -            110 d3h79a_c.47.1.0.aln  -            149   2.3e-15   52.3   0.0   1   1   4.5e-17   2.8e-15   52.0   0.0    30   137     1   104     1   107 0.97 -
d3fz4a_c.47.1.0      -            119 d3h79a_c.47.1.0.aln  -            149   2.1e-14   49.1   0.0   1   1   3.8e-16   2.3e-14   49.0   0.0    19   136     2   118     1   119 0.97 -
d1r26a_c.47.1.1      -            113 d3h79a_c.47.1.0.aln  -            149   1.4e-10   36.7   0.0   1   1   2.5e-12   1.5e-10   36.7   0.0    48   127    28   100     4   112 0.87 -
d2fwha_c.47.1.1      -            117 d3h79a_c.47.1.0.aln  -            149    0.0041   12.5   0.1   1   1   0.00013    0.0076   11.7   0.1    30    66     6    41     2    47 0.79 -
#
# Program:         hmmsearch
# Version:         3.3.2 (Nov 2020)
# Pipeline mode:   SEARCH
# Query file:      /home/elise/Documents/M1-BIM/S2/TMEs/SBAS/tme08/models/d3h79a_c.47.1.0.aln.hmm
# Target file:     /home/elise/Documents/M1-BIM/S2/TMEs/SBAS/tme08/scop/scop/scopTestSeq.fasta
# Option settings: hmmsearch --domtblout /home/elise/Documents/M1-BIM/S2/TMEs/SBAS/tme08/searchResults/d3h79a_c.47.1.0.aln.out -E 1 /home/elise/Documents/M1-BIM/S2/TMEs/SBAS/tme08/models/d3h79a_c.47.1.0.aln.hmm /home/elise/Documents/M1-BIM/S2/TMEs/SBAS/tme08/scop/scop/scopTestSeq.fasta 
# Current dir:     /home/elise/Documents/M1-BIM/S2/TMEs/SBAS/tme08
# Date:            Tue Apr  1 17:31:06 2025
# [ok]
