#                                                                            --- full sequence --- -------------- this domain -------------   hmm coord   ali coord   env coord
# target name        accession   tlen query name           accession   qlen   E-value  score  bias   #  of  c-Evalue  i-Evalue  score  bias  from    to  from    to  from    to  acc description of target
#------------------- ---------- ----- -------------------- ---------- ----- --------- ------ ----- --- --- --------- --------- ------ ----- ----- ----- ----- ----- ----- ----- ---- ---------------------
d2hbja2c.55.3.5      -            292 d3hl8a_c.55.3.5.aln  -            274   4.4e-68  225.1   1.1   1   1   8.7e-70   4.9e-68  224.9   1.1     2   274     2   291     1   291 0.99 -
d1s5ja1c.55.3.5      -            410 d3hl8a_c.55.3.5.aln  -            274   1.2e-66  220.4   2.2   1   1   2.5e-68   1.4e-66  220.2   2.2     1   274    10   410    10   410 1.00 -
d1q8ia1c.55.3.5      -            388 d3hl8a_c.55.3.5.aln  -            274   1.1e-64  213.9   0.0   1   1   2.3e-66   1.3e-64  213.7   0.0     2   272     4   388     3   388 0.99 -
d3mxma_c.55.3.5      -            229 d3hl8a_c.55.3.5.aln  -            274     2e-51  170.4   0.0   1   1     4e-53   2.2e-51  170.3   0.0    59   261     2   229     1   229 0.99 -
d1x9ma1c.55.3.5      -            204 d3hl8a_c.55.3.5.aln  -            274   5.8e-43  142.7   0.2   1   1   1.1e-44   6.4e-43  142.6   0.2    60   273     1   203     1   204 0.99 -
d1yt3a3c.55.3.5      -            193 d3hl8a_c.55.3.5.aln  -            274   3.8e-41  136.7   0.0   1   1   7.5e-43   4.2e-41  136.6   0.0    56   258     1   193     1   193 0.99 -
d1kfsa1c.55.3.5      -            195 d3hl8a_c.55.3.5.aln  -            274   6.8e-38  126.1   0.4   1   1   1.3e-39   7.5e-38  125.9   0.4    60   254     1   194     1   195 0.99 -
d1w0ha_c.55.3.5      -            200 d3hl8a_c.55.3.5.aln  -            274   8.2e-38  125.8   0.0   1   1   1.6e-39   9.1e-38  125.7   0.0    59   254     1   199     1   200 0.98 -
d1vk0a_c.55.3.5      -            206 d3hl8a_c.55.3.5.aln  -            274     2e-36  121.2   0.0   1   1   3.9e-38   2.2e-36  121.1   0.0    65   266     3   205     1   206 0.99 -
d2f96a1c.55.3.5      -            202 d3hl8a_c.55.3.5.aln  -            274   7.9e-36  119.3   0.0   1   1   1.5e-37   8.7e-36  119.1   0.0    54   259     1   201     1   202 0.99 -
d2guia_c.55.3.5      -            176 d3hl8a_c.55.3.5.aln  -            274   4.6e-34  113.5   0.0   1   1   8.9e-36     5e-34  113.4   0.0    64   249     2   174     1   176 0.98 -
d2py5a1c.55.3.5      -            183 d3hl8a_c.55.3.5.aln  -            274     1e-32  109.1   0.1   1   1     2e-34   1.1e-32  108.9   0.1    64   255     2   183     1   183 0.98 -
d2igia_c.55.3.5      -            180 d3hl8a_c.55.3.5.aln  -            274   1.2e-30  102.3   0.2   1   1   2.4e-32   1.3e-30  102.1   0.2    62   245     3   180     1   180 0.91 -
d1wlja_c.55.3.5      -            173 d3hl8a_c.55.3.5.aln  -            274   2.6e-29   97.9   0.0   1   1   5.1e-31   2.9e-29   97.8   0.0    66   254     2   173     1   173 0.98 -
#
# Program:         hmmsearch
# Version:         3.3.2 (Nov 2020)
# Pipeline mode:   SEARCH
# Query file:      /home/elise/Documents/M1-BIM/S2/TMEs/SBAS/tme08/models/d3hl8a_c.55.3.5.aln.hmm
# Target file:     /home/elise/Documents/M1-BIM/S2/TMEs/SBAS/tme08/scop/scop/scopTestSeq.fasta
# Option settings: hmmsearch --domtblout /home/elise/Documents/M1-BIM/S2/TMEs/SBAS/tme08/searchResults/d3hl8a_c.55.3.5.aln.out -E 1 /home/elise/Documents/M1-BIM/S2/TMEs/SBAS/tme08/models/d3hl8a_c.55.3.5.aln.hmm /home/elise/Documents/M1-BIM/S2/TMEs/SBAS/tme08/scop/scop/scopTestSeq.fasta 
# Current dir:     /home/elise/Documents/M1-BIM/S2/TMEs/SBAS/tme08
# Date:            Tue Apr  1 17:31:06 2025
# [ok]
