#                                                                            --- full sequence --- -------------- this domain -------------   hmm coord   ali coord   env coord
# target name        accession   tlen query name           accession   qlen   E-value  score  bias   #  of  c-Evalue  i-Evalue  score  bias  from    to  from    to  from    to  acc description of target
#------------------- ---------- ----- -------------------- ---------- ----- --------- ------ ----- --- --- --------- --------- ------ ----- ----- ----- ----- ----- ----- ----- ---- ---------------------
d1qdda_d.169.1.1     -            144 d3hupa_d.169.1.1.aln -            130   2.7e-41  136.5   2.9   1   1     5e-43     3e-41  136.3   2.9     2   128    13   143    12   144 0.98 -
d2ziba_d.169.1.1     -            130 d3hupa_d.169.1.1.aln -            130   3.2e-33  110.4   2.9   1   1   5.7e-35   3.5e-33  110.3   2.9     3   128     7   128     5   130 0.97 -
d1qo3c_d.169.1.1     -            133 d3hupa_d.169.1.1.aln -            130   1.9e-31  104.7   4.6   1   1   3.7e-33   2.2e-31  104.4   4.6     5   129    16   132    13   133 0.95 -
d3l9jc_d.169.1.1     -            134 d3hupa_d.169.1.1.aln -            130   1.2e-30  102.1   1.8   1   1   2.3e-32   1.4e-30  101.9   1.8    10   128    10   133     4   134 0.94 -
d1gz2a_d.169.1.1     -            139 d3hupa_d.169.1.1.aln -            130   2.3e-30  101.1   0.0   1   1   4.4e-32   2.7e-30  100.9   0.0     3   128     2   138     1   139 0.96 -
d1wmza_d.169.1.1     -            140 d3hupa_d.169.1.1.aln -            130   7.7e-30   99.4   7.0   1   1   1.7e-31     1e-29   99.1   7.0     2   128     2   138     1   140 0.90 -
d1pwba1d.169.1.1     -            121 d3hupa_d.169.1.1.aln -            130   1.9e-27   91.7   0.0   1   1   3.4e-29     2e-27   91.6   0.0     7   127     3   121     1   121 0.95 -
d1g1ta1d.169.1.1     -            118 d3hupa_d.169.1.1.aln -            130   2.9e-26   87.9   5.6   1   1   5.2e-28   3.2e-26   87.8   5.6    14   125     2   117     1   118 0.95 -
d1h8ua_d.169.1.1     -            115 d3hupa_d.169.1.1.aln -            130   1.4e-24   82.4   1.6   1   1   2.5e-26   1.5e-24   82.3   1.6    15   126     2   114     1   115 0.95 -
d3hupa_d.169.1.1     -            121 d3hupa_d.169.1.1.aln -            130   3.1e-22   74.9  10.8   1   1   5.6e-24   3.4e-22   74.7  10.8     2   128     6   119     5   121 0.91 -
d1byfa_d.169.1.1     -            123 d3hupa_d.169.1.1.aln -            130   1.6e-19   66.1   0.0   1   1   3.1e-21   1.9e-19   65.8   0.0    17   129     6   122     2   123 0.91 -
d1wk1a_d.169.1.1     -            150 d3hupa_d.169.1.1.aln -            130   7.6e-18   60.6   0.0   1   1   1.7e-19     1e-17   60.2   0.0     9   128     5   130     2   132 0.85 -
d1kg0c_d.169.1.1     -            136 d3hupa_d.169.1.1.aln -            130   1.1e-15   53.6   6.6   1   1   2.3e-17   1.4e-15   53.3   6.6     4   128    20   134    10   136 0.89 -
#
# Program:         hmmsearch
# Version:         3.3.2 (Nov 2020)
# Pipeline mode:   SEARCH
# Query file:      /home/elise/Documents/M1-BIM/S2/TMEs/SBAS/tme08/models/d3hupa_d.169.1.1.aln.hmm
# Target file:     /home/elise/Documents/M1-BIM/S2/TMEs/SBAS/tme08/scop/scop/scopTestSeq.fasta
# Option settings: hmmsearch --domtblout /home/elise/Documents/M1-BIM/S2/TMEs/SBAS/tme08/searchResults/d3hupa_d.169.1.1.aln.out -E 1 /home/elise/Documents/M1-BIM/S2/TMEs/SBAS/tme08/models/d3hupa_d.169.1.1.aln.hmm /home/elise/Documents/M1-BIM/S2/TMEs/SBAS/tme08/scop/scop/scopTestSeq.fasta 
# Current dir:     /home/elise/Documents/M1-BIM/S2/TMEs/SBAS/tme08
# Date:            Tue Apr  1 17:31:06 2025
# [ok]
