#                                                                            --- full sequence --- -------------- this domain -------------   hmm coord   ali coord   env coord
# target name        accession   tlen query name           accession   qlen   E-value  score  bias   #  of  c-Evalue  i-Evalue  score  bias  from    to  from    to  from    to  acc description of target
#------------------- ---------- ----- -------------------- ---------- ----- --------- ------ ----- --- --- --------- --------- ------ ----- ----- ----- ----- ----- ----- ----- ---- ---------------------
d3bjaa_a.4.5.0       -            139 d3k69a_a.4.5.0.aln   -            128   1.5e-45  149.7   0.7   1   1   3.7e-47   1.6e-45  149.5   0.7     1   128    11   138    11   138 0.99 -
d2xiga_a.4.5.0       -            148 d3k69a_a.4.5.0.aln   -            128   4.2e-45  148.2   4.4   1   1   1.1e-46   4.8e-45  148.0   4.4     2   128    12   138    11   138 0.99 -
d3jw4a_a.4.5.0       -            137 d3k69a_a.4.5.0.aln   -            128   3.8e-43  141.8   0.7   1   1   9.7e-45   4.3e-43  141.7   0.7     1   128     8   137     8   137 0.99 -
d3qu3a_a.4.5.0       -            122 d3k69a_a.4.5.0.aln   -            128   3.5e-37  122.6   0.0   1   1   8.8e-39   3.9e-37  122.4   0.0     3   123     1   122     1   122 0.99 -
d3f8ba_a.4.5.0       -            105 d3k69a_a.4.5.0.aln   -            128   1.1e-33  111.2   0.3   1   1   2.8e-35   1.2e-33  111.1   0.3    10   123     2   105     1   105 0.98 -
d3df8a_a.4.5.0       -            109 d3k69a_a.4.5.0.aln   -            128   8.4e-26   85.8   0.0   1   1   2.1e-27   9.2e-26   85.7   0.0     2   119     2   109     1   109 0.98 -
d3broa1a.4.5.28      -            135 d3k69a_a.4.5.0.aln   -            128   4.6e-10   34.9   4.4   1   1   1.3e-11   5.5e-10   34.6   4.4     8   125    14   133    11   135 0.93 -
d2etha1a.4.5.28      -            140 d3k69a_a.4.5.0.aln   -            128     2e-09   32.8   0.0   1   1   6.7e-11   2.9e-09   32.3   0.0    37   112    48   121    42   128 0.91 -
d2fbia1a.4.5.28      -            136 d3k69a_a.4.5.0.aln   -            128   4.5e-09   31.7   0.4   1   1   1.4e-10   5.9e-09   31.3   0.4    15   113    22   120    20   134 0.86 -
d1jgsa_a.4.5.28      -            138 d3k69a_a.4.5.0.aln   -            128   1.8e-08   29.7   0.0   1   1     5e-10   2.2e-08   29.5   0.0    12   123    23   135    10   137 0.81 -
d1lj9a_a.4.5.28      -            144 d3k69a_a.4.5.0.aln   -            128   9.5e-08   27.4   1.4   1   1   2.9e-09   1.3e-07   27.0   1.4    13    89    16    95     4   134 0.77 -
d2hr3a1a.4.5.28      -            145 d3k69a_a.4.5.0.aln   -            128   1.7e-06   23.4   0.0   1   1     5e-08   2.2e-06   23.0   0.0    31    89    46   101    16   106 0.80 -
d2fbka1a.4.5.28      -            172 d3k69a_a.4.5.0.aln   -            128   3.3e-06   22.4   0.0   1   1   1.1e-07   4.7e-06   21.9   0.0    49   120    91   162    82   168 0.84 -
d2fbha1a.4.5.28      -            137 d3k69a_a.4.5.0.aln   -            128   1.3e-05   20.6   0.0   1   1   3.7e-07   1.6e-05   20.2   0.0    39    88    45    94    15   135 0.91 -
d1s3ja_a.4.5.28      -            143 d3k69a_a.4.5.0.aln   -            128   3.6e-05   19.1   0.1   1   1   1.8e-06   7.8e-05   18.0   0.1    32    87    44    99    13   108 0.79 -
d2a61a1a.4.5.28      -            139 d3k69a_a.4.5.0.aln   -            128     7e-05   18.1   0.0   1   1   2.6e-06   0.00011   17.5   0.0    51   117    58   124    48   132 0.84 -
d3ctaa1a.4.5.28      -             85 d3k69a_a.4.5.0.aln   -            128   0.00026   16.3   0.2   1   1     7e-06   0.00031   16.1   0.2    38    74    22    58     4    74 0.87 -
d3echa_a.4.5.28      -            142 d3k69a_a.4.5.0.aln   -            128    0.0029   12.9   0.0   1   1   8.9e-05    0.0039   12.5   0.0    41   117    55   131    42   137 0.89 -
#
# Program:         hmmsearch
# Version:         3.3.2 (Nov 2020)
# Pipeline mode:   SEARCH
# Query file:      /home/elise/Documents/M1-BIM/S2/TMEs/SBAS/tme08/models/d3k69a_a.4.5.0.aln.hmm
# Target file:     /home/elise/Documents/M1-BIM/S2/TMEs/SBAS/tme08/scop/scop/scopTestSeq.fasta
# Option settings: hmmsearch --domtblout /home/elise/Documents/M1-BIM/S2/TMEs/SBAS/tme08/searchResults/d3k69a_a.4.5.0.aln.out -E 1 /home/elise/Documents/M1-BIM/S2/TMEs/SBAS/tme08/models/d3k69a_a.4.5.0.aln.hmm /home/elise/Documents/M1-BIM/S2/TMEs/SBAS/tme08/scop/scop/scopTestSeq.fasta 
# Current dir:     /home/elise/Documents/M1-BIM/S2/TMEs/SBAS/tme08
# Date:            Tue Apr  1 17:31:07 2025
# [ok]
