#                                                                            --- full sequence --- -------------- this domain -------------   hmm coord   ali coord   env coord
# target name        accession   tlen query name           accession   qlen   E-value  score  bias   #  of  c-Evalue  i-Evalue  score  bias  from    to  from    to  from    to  acc description of target
#------------------- ---------- ----- -------------------- ---------- ----- --------- ------ ----- --- --- --------- --------- ------ ----- ----- ----- ----- ----- ----- ----- ---- ---------------------
d3kffa_b.60.1.1      -            152 d3kffa_b.60.1.1.aln  -            167   9.6e-48  157.9   0.5   1   1     2e-49     1e-47  157.8   0.5    14   165     2   149     1   151 0.98 -
d1kt7a_b.60.1.1      -            175 d3kffa_b.60.1.1.aln  -            167   1.2e-46  154.3   0.1   1   1   2.5e-48   1.3e-46  154.2   0.1     1   164     3   174     3   175 0.99 -
d3s26a_b.60.1.1      -            176 d3kffa_b.60.1.1.aln  -            167   1.8e-46  153.7   0.1   1   1   3.8e-48     2e-46  153.6   0.1     4   166     8   174     5   175 0.97 -
d3saoa_b.60.1.1      -            155 d3kffa_b.60.1.1.aln  -            167   4.7e-44  145.9   0.1   1   1     1e-45   5.2e-44  145.7   0.1    16   166     1   148     1   149 0.98 -
d1kxoa_b.60.1.1      -            171 d3kffa_b.60.1.1.aln  -            167   4.8e-44  145.9   0.7   1   1     1e-45   5.3e-44  145.7   0.7     1   165     5   171     5   171 0.98 -
d1dzka_b.60.1.1      -            148 d3kffa_b.60.1.1.aln  -            167   2.6e-39  130.4   0.3   1   1   5.4e-41   2.8e-39  130.3   0.3    17   165     2   147     1   148 0.99 -
d1epba_b.60.1.1      -            160 d3kffa_b.60.1.1.aln  -            167     5e-35  116.5   0.1   1   1     1e-36   5.5e-35  116.4   0.1    10   166     1   154     1   155 0.97 -
d1lf7a_b.60.1.1      -            171 d3kffa_b.60.1.1.aln  -            167   4.6e-34  113.4   0.0   1   1   9.7e-36   5.1e-34  113.2   0.0     2   165     2   160     1   162 0.97 -
d1x8qa_b.60.1.1      -            184 d3kffa_b.60.1.1.aln  -            167   6.9e-32  106.3   5.8   1   1   1.6e-33   8.3e-32  106.0   5.8     1   163     2   178     2   181 0.97 -
d1i4ua_b.60.1.1      -            181 d3kffa_b.60.1.1.aln  -            167   8.2e-30   99.5   0.5   1   1   1.8e-31   9.6e-30   99.3   0.5     1   166     9   175     9   176 0.93 -
d1qfta_b.60.1.1      -            175 d3kffa_b.60.1.1.aln  -            167   8.4e-30   99.5   6.6   1   1   1.7e-31   8.8e-30   99.4   6.6     8   158    15   173     3   175 0.95 -
d1xkia_b.60.1.1      -            139 d3kffa_b.60.1.1.aln  -            167   2.1e-29   98.2   0.0   1   1   4.4e-31   2.3e-29   98.1   0.0    18   160     2   138     1   139 0.98 -
d1qwda_b.60.1.1      -            167 d3kffa_b.60.1.1.aln  -            167   3.1e-28   94.4   0.0   1   1   6.6e-30   3.5e-28   94.2   0.0     4   160    11   166     8   167 0.92 -
d2joza1b.60.1.1      -            126 d3kffa_b.60.1.1.aln  -            167   3.8e-14   48.6   0.0   1   2     3e-10   1.6e-08   30.3   0.0     4    65     3    63     1    68 0.93 -
d2joza1b.60.1.1      -            126 d3kffa_b.60.1.1.aln  -            167   3.8e-14   48.6   0.0   2   2   9.1e-07   4.8e-05   19.0   0.0    94   162    62   124    61   126 0.93 -
d2etha1a.4.5.28      -            140 d3kffa_b.60.1.1.aln  -            167    0.0031   13.1   0.1   1   1     7e-05    0.0037   12.8   0.1    79   147    48   113    15   129 0.77 -
#
# Program:         hmmsearch
# Version:         3.3.2 (Nov 2020)
# Pipeline mode:   SEARCH
# Query file:      /home/elise/Documents/M1-BIM/S2/TMEs/SBAS/tme08/models/d3kffa_b.60.1.1.aln.hmm
# Target file:     /home/elise/Documents/M1-BIM/S2/TMEs/SBAS/tme08/scop/scop/scopTestSeq.fasta
# Option settings: hmmsearch --domtblout /home/elise/Documents/M1-BIM/S2/TMEs/SBAS/tme08/searchResults/d3kffa_b.60.1.1.aln.out -E 1 /home/elise/Documents/M1-BIM/S2/TMEs/SBAS/tme08/models/d3kffa_b.60.1.1.aln.hmm /home/elise/Documents/M1-BIM/S2/TMEs/SBAS/tme08/scop/scop/scopTestSeq.fasta 
# Current dir:     /home/elise/Documents/M1-BIM/S2/TMEs/SBAS/tme08
# Date:            Tue Apr  1 17:31:07 2025
# [ok]
