#                                                                            --- full sequence --- -------------- this domain -------------   hmm coord   ali coord   env coord
# target name        accession   tlen query name           accession   qlen   E-value  score  bias   #  of  c-Evalue  i-Evalue  score  bias  from    to  from    to  from    to  acc description of target
#------------------- ---------- ----- -------------------- ---------- ----- --------- ------ ----- --- --- --------- --------- ------ ----- ----- ----- ----- ----- ----- ----- ---- ---------------------
d3tqla_c.94.1.0      -            227 d3kzga_c.94.1.0.aln  -            301   3.3e-73  242.0   0.6   1   1   5.1e-75   3.7e-73  241.9   0.6    27   257     2   227     1   227 0.99 -
d3r6ua_c.94.1.0      -            272 d3kzga_c.94.1.0.aln  -            301   4.4e-72  238.4   3.4   1   1   6.8e-74   4.9e-72  238.2   3.4    12   283     1   272     1   272 1.00 -
d3delb_c.94.1.0      -            232 d3kzga_c.94.1.0.aln  -            301   1.8e-69  229.8   0.0   1   1   2.8e-71     2e-69  229.6   0.0    28   267     2   231     1   232 0.99 -
d3i6va_c.94.1.0      -            218 d3kzga_c.94.1.0.aln  -            301   1.4e-61  203.8   0.0   1   1   2.4e-63   1.7e-61  203.5   0.0    28   262     1   216     1   217 0.98 -
d2q88a_c.94.1.0      -            257 d3kzga_c.94.1.0.aln  -            301   2.3e-61  203.1   0.0   1   1   3.6e-63   2.6e-61  203.0   0.0    17   274     2   256     1   257 0.99 -
d3h7ma_c.94.1.0      -            228 d3kzga_c.94.1.0.aln  -            301   1.8e-60  200.2   0.0   1   1   3.1e-62   2.2e-60  199.9   0.0    24   260     2   226     1   227 0.98 -
d3kzga_c.94.1.0      -            228 d3kzga_c.94.1.0.aln  -            301   6.1e-27   90.1   0.1   1   1     1e-28   7.2e-27   89.9   0.1    30   257     5   228     3   228 0.89 -
d1xt8a1c.94.1.1      -            248 d3kzga_c.94.1.0.aln  -            301   2.2e-19   65.3   3.4   1   1   5.1e-21   3.6e-19   64.6   3.4    27   211    11   194     8   231 0.80 -
d1jeta_c.94.1.1      -            517 d3kzga_c.94.1.0.aln  -            301   1.2e-14   49.8   2.7   1   1     4e-16   2.9e-14   48.5   2.7     2   289    74   449    73   454 0.91 -
d1ii5a_c.94.1.1      -            226 d3kzga_c.94.1.0.aln  -            301   4.2e-14   48.0   0.0   1   1   7.3e-16   5.3e-14   47.6   0.0    46   258    21   226     6   226 0.90 -
d1pb7a_c.94.1.1      -            289 d3kzga_c.94.1.0.aln  -            301   1.2e-06   23.4   0.0   1   2   4.3e-08   3.1e-06   22.1   0.0    51   122    62   150    60   160 0.95 -
d1pb7a_c.94.1.1      -            289 d3kzga_c.94.1.0.aln  -            301   1.2e-06   23.4   0.0   2   2         1        73   -2.1   0.0   202   259   227   284   196   286 0.65 -
#
# Program:         hmmsearch
# Version:         3.3.2 (Nov 2020)
# Pipeline mode:   SEARCH
# Query file:      /home/elise/Documents/M1-BIM/S2/TMEs/SBAS/tme08/models/d3kzga_c.94.1.0.aln.hmm
# Target file:     /home/elise/Documents/M1-BIM/S2/TMEs/SBAS/tme08/scop/scop/scopTestSeq.fasta
# Option settings: hmmsearch --domtblout /home/elise/Documents/M1-BIM/S2/TMEs/SBAS/tme08/searchResults/d3kzga_c.94.1.0.aln.out -E 1 /home/elise/Documents/M1-BIM/S2/TMEs/SBAS/tme08/models/d3kzga_c.94.1.0.aln.hmm /home/elise/Documents/M1-BIM/S2/TMEs/SBAS/tme08/scop/scop/scopTestSeq.fasta 
# Current dir:     /home/elise/Documents/M1-BIM/S2/TMEs/SBAS/tme08
# Date:            Tue Apr  1 17:31:07 2025
# [ok]
