#                                                                            --- full sequence --- -------------- this domain -------------   hmm coord   ali coord   env coord
# target name        accession   tlen query name           accession   qlen   E-value  score  bias   #  of  c-Evalue  i-Evalue  score  bias  from    to  from    to  from    to  acc description of target
#------------------- ---------- ----- -------------------- ---------- ----- --------- ------ ----- --- --- --------- --------- ------ ----- ----- ----- ----- ----- ----- ----- ---- ---------------------
d1q33a_d.113.1.1     -            292 d3o69a_d.113.1.1.aln -            181   5.9e-48  158.2   0.0   1   1   1.5e-49   7.8e-48  157.8   0.0     1   181    90   292    90   292 0.99 -
d1g0sa_d.113.1.1     -            209 d3o69a_d.113.1.1.aln -            181   7.9e-46  151.3   1.7   1   1   1.7e-47     9e-46  151.1   1.7     2   181    31   209    30   209 0.99 -
d1vhza_d.113.1.1     -            186 d3o69a_d.113.1.1.aln -            181   1.4e-45  150.5   0.1   1   1   2.9e-47   1.5e-45  150.3   0.1     2   175    15   186    14   186 0.98 -
d1ktga_d.113.1.1     -            137 d3o69a_d.113.1.1.aln -            181     6e-45  148.4   0.2   1   1   1.4e-46   7.2e-45  148.1   0.2    29   169     3   135     1   136 0.97 -
d1nqza_d.113.1.1     -            187 d3o69a_d.113.1.1.aln -            181   1.4e-43  143.9   0.2   1   1     3e-45   1.6e-43  143.8   0.2     1   181     1   185     1   185 0.99 -
d1sjya_d.113.1.1     -            158 d3o69a_d.113.1.1.aln -            181   8.8e-43  141.3   0.3   1   1   1.8e-44   9.7e-43  141.2   0.3    20   180     1   158     1   158 0.98 -
d2fvva1d.113.1.1     -            135 d3o69a_d.113.1.1.aln -            181   7.2e-42  138.4   1.0   1   1   1.5e-43   7.8e-42  138.2   1.0    25   163     2   133     1   135 0.97 -
d2b06a1d.113.1.1     -            155 d3o69a_d.113.1.1.aln -            181   1.6e-41  137.2   0.0   1   1   3.3e-43   1.7e-41  137.1   0.0    27   177     2   154     1   155 0.98 -
d2azwa1d.113.1.1     -            147 d3o69a_d.113.1.1.aln -            181   2.6e-41  136.5   0.8   1   1   5.4e-43   2.9e-41  136.4   0.8    23   167     2   145     1   147 0.98 -
d1v8ya_d.113.1.1     -            158 d3o69a_d.113.1.1.aln -            181   4.3e-41  135.8   1.9   1   1   8.9e-43   4.7e-41  135.7   1.9    12   172     1   155     1   158 0.98 -
d1jkna_d.113.1.1     -            165 d3o69a_d.113.1.1.aln -            181   3.3e-40  133.0   0.0   1   1   6.8e-42   3.6e-40  132.8   0.0    27   171     4   165     1   165 0.98 -
d3zr0a_d.113.1.1     -            154 d3o69a_d.113.1.1.aln -            181   3.5e-39  129.6   0.0   1   1   7.3e-41   3.8e-39  129.5   0.0    29   180     3   153     1   154 0.97 -
d2b0va1d.113.1.1     -            146 d3o69a_d.113.1.1.aln -            181   9.7e-37  121.7   0.0   1   1     2e-38     1e-36  121.5   0.0    31   180     5   144     1   145 0.93 -
d3a6sa_d.113.1.1     -            129 d3o69a_d.113.1.1.aln -            181   3.6e-36  119.8   1.2   1   1   7.3e-38   3.9e-36  119.7   1.2    28   166     4   128     1   129 0.95 -
d1k2ea_d.113.1.1     -            152 d3o69a_d.113.1.1.aln -            181   2.9e-33  110.3   0.1   1   1   5.8e-35     3e-33  110.3   0.1    52   180    14   148     1   149 0.95 -
#
# Program:         hmmsearch
# Version:         3.3.2 (Nov 2020)
# Pipeline mode:   SEARCH
# Query file:      /home/elise/Documents/M1-BIM/S2/TMEs/SBAS/tme08/models/d3o69a_d.113.1.1.aln.hmm
# Target file:     /home/elise/Documents/M1-BIM/S2/TMEs/SBAS/tme08/scop/scop/scopTestSeq.fasta
# Option settings: hmmsearch --domtblout /home/elise/Documents/M1-BIM/S2/TMEs/SBAS/tme08/searchResults/d3o69a_d.113.1.1.aln.out -E 1 /home/elise/Documents/M1-BIM/S2/TMEs/SBAS/tme08/models/d3o69a_d.113.1.1.aln.hmm /home/elise/Documents/M1-BIM/S2/TMEs/SBAS/tme08/scop/scop/scopTestSeq.fasta 
# Current dir:     /home/elise/Documents/M1-BIM/S2/TMEs/SBAS/tme08
# Date:            Tue Apr  1 17:31:07 2025
# [ok]
