#                                                                            --- full sequence --- -------------- this domain -------------   hmm coord   ali coord   env coord
# target name        accession   tlen query name           accession   qlen   E-value  score  bias   #  of  c-Evalue  i-Evalue  score  bias  from    to  from    to  from    to  acc description of target
#------------------- ---------- ----- -------------------- ---------- ----- --------- ------ ----- --- --- --------- --------- ------ ----- ----- ----- ----- ----- ----- ----- ---- ---------------------
d3jw4a_a.4.5.0       -            137 d3qu3a_a.4.5.0.aln   -            137   1.1e-48  160.5   0.4   1   1   2.7e-50   1.3e-48  160.4   0.4     1   136     2   137     2   137 0.99 -
d3bjaa_a.4.5.0       -            139 d3qu3a_a.4.5.0.aln   -            137   5.6e-46  151.8   1.3   1   1   1.3e-47   6.2e-46  151.6   1.3     1   137     5   139     5   139 0.99 -
d2xiga_a.4.5.0       -            148 d3qu3a_a.4.5.0.aln   -            137     1e-45  150.9   4.2   1   1   2.5e-47   1.1e-45  150.8   4.2     1   137     3   144     3   144 0.99 -
d3k69a_a.4.5.0       -            155 d3qu3a_a.4.5.0.aln   -            137   1.3e-42  140.9   0.0   1   1   3.1e-44   1.4e-42  140.7   0.0     2   137     9   149     8   149 0.99 -
d3f8ba_a.4.5.0       -            105 d3qu3a_a.4.5.0.aln   -            137   5.4e-32  106.5   0.3   1   1   1.3e-33     6e-32  106.3   0.3    16   123     2   105     1   105 0.99 -
d3df8a_a.4.5.0       -            109 d3qu3a_a.4.5.0.aln   -            137     3e-28   94.3   0.1   1   1   7.1e-30   3.3e-28   94.2   0.1    19   130     1   109     1   109 0.99 -
d3broa1a.4.5.28      -            135 d3qu3a_a.4.5.0.aln   -            137   6.3e-10   35.0   5.5   1   1   1.6e-11   7.3e-10   34.8   5.5    10   132    10   132     4   135 0.95 -
d1lj9a_a.4.5.28      -            144 d3qu3a_a.4.5.0.aln   -            137   1.2e-06   24.4   0.5   1   1   4.3e-08     2e-06   23.7   0.5    45    98    43    96    38   132 0.88 -
d2fbha1a.4.5.28      -            137 d3qu3a_a.4.5.0.aln   -            137     3e-06   23.1   0.0   1   1   7.4e-08   3.4e-06   22.9   0.0    40   128    38   126    10   134 0.86 -
d2etha1a.4.5.28      -            140 d3qu3a_a.4.5.0.aln   -            137   6.2e-06   22.1   0.0   1   1   1.8e-07   8.3e-06   21.7   0.0    48   125    49   123    40   134 0.88 -
d1jgsa_a.4.5.28      -            138 d3qu3a_a.4.5.0.aln   -            137   0.00025   16.9   0.0   1   1   7.5e-06   0.00035   16.4   0.0     7   131    12   135     8   137 0.82 -
d2hr3a1a.4.5.28      -            145 d3qu3a_a.4.5.0.aln   -            137   0.00055   15.8   0.0   1   1   1.7e-05   0.00078   15.3   0.0    44    96    48   100     6   102 0.82 -
d3echa_a.4.5.28      -            142 d3qu3a_a.4.5.0.aln   -            137   0.00055   15.8   0.0   1   1   1.3e-05   0.00062   15.6   0.0    39   130    47   136    20   140 0.89 -
d2fbia1a.4.5.28      -            136 d3qu3a_a.4.5.0.aln   -            137    0.0011   14.9   0.2   1   1   6.4e-05     0.003   13.4   0.2    22   125    23   121    20   134 0.72 -
d2a61a1a.4.5.28      -            139 d3qu3a_a.4.5.0.aln   -            137    0.0012   14.7   0.0   1   1   4.5e-05    0.0021   13.9   0.0    14   129    15   125     8   132 0.79 -
d1s3ja_a.4.5.28      -            143 d3qu3a_a.4.5.0.aln   -            137    0.0012   14.6   0.1   1   1   3.9e-05    0.0018   14.1   0.1    15    85    21    89    15   135 0.85 -
d2fbka1a.4.5.28      -            172 d3qu3a_a.4.5.0.aln   -            137    0.0028   13.5   0.0   1   1   7.9e-05    0.0037   13.1   0.0    55   102    89   136    78   162 0.85 -
#
# Program:         hmmsearch
# Version:         3.3.2 (Nov 2020)
# Pipeline mode:   SEARCH
# Query file:      /home/elise/Documents/M1-BIM/S2/TMEs/SBAS/tme08/models/d3qu3a_a.4.5.0.aln.hmm
# Target file:     /home/elise/Documents/M1-BIM/S2/TMEs/SBAS/tme08/scop/scop/scopTestSeq.fasta
# Option settings: hmmsearch --domtblout /home/elise/Documents/M1-BIM/S2/TMEs/SBAS/tme08/searchResults/d3qu3a_a.4.5.0.aln.out -E 1 /home/elise/Documents/M1-BIM/S2/TMEs/SBAS/tme08/models/d3qu3a_a.4.5.0.aln.hmm /home/elise/Documents/M1-BIM/S2/TMEs/SBAS/tme08/scop/scop/scopTestSeq.fasta 
# Current dir:     /home/elise/Documents/M1-BIM/S2/TMEs/SBAS/tme08
# Date:            Tue Apr  1 17:31:07 2025
# [ok]
