#                                                                            --- full sequence --- -------------- this domain -------------   hmm coord   ali coord   env coord
# target name        accession   tlen query name           accession   qlen   E-value  score  bias   #  of  c-Evalue  i-Evalue  score  bias  from    to  from    to  from    to  acc description of target
#------------------- ---------- ----- -------------------- ---------- ----- --------- ------ ----- --- --- --------- --------- ------ ----- ----- ----- ----- ----- ----- ----- ---- ---------------------
d1g41a_c.37.1.20     -            443 d1a5ta2c.37.1.20.aln -            305   2.4e-77  255.5   5.8   1   2     7e-30   2.2e-28   94.7   0.1     1   113     4   118     4   151 0.93 -
d1g41a_c.37.1.20     -            443 d1a5ta2c.37.1.20.aln -            305   2.4e-77  255.5   5.8   2   2     2e-50   6.4e-49  162.1   2.7    90   305   216   437   204   437 0.95 -
d1iqpa2c.37.1.20     -            231 d1a5ta2c.37.1.20.aln -            305     4e-65  215.3   0.8   1   1   1.5e-66   4.6e-65  215.1   0.8     3   238     4   228     2   230 0.97 -
d1lv7a_c.37.1.20     -            256 d1a5ta2c.37.1.20.aln -            305   1.7e-62  206.7   0.1   1   1     6e-64   1.9e-62  206.5   0.1     9   254     6   255     1   256 0.97 -
d1r6bx3c.37.1.20     -            315 d1a5ta2c.37.1.20.aln -            305   2.9e-61  202.6   0.1   1   1     1e-62   3.3e-61  202.5   0.1     2   305     1   315     1   315 0.99 -
d1svma_c.37.1.20     -            362 d1a5ta2c.37.1.20.aln -            305   1.6e-57  190.4   0.0   1   1   5.6e-59   1.8e-57  190.2   0.0     3   305     1   362     1   362 0.99 -
d1um8a_c.37.1.20     -            364 d1a5ta2c.37.1.20.aln -            305   5.7e-54  178.7   3.2   1   1   2.2e-55   6.9e-54  178.4   3.2     1   303     7   364     7   364 0.99 -
d1sxja2c.37.1.20     -            253 d1a5ta2c.37.1.20.aln -            305   2.7e-51  169.9   0.0   1   1   9.5e-53     3e-51  169.8   0.0    10   245     1   251     1   253 0.99 -
d1g8pa_c.37.1.20     -            333 d1a5ta2c.37.1.20.aln -            305   4.6e-51  169.1   0.9   1   2   0.00062      0.02    9.5   0.1    48    70    29    51    12    52 0.85 -
d1g8pa_c.37.1.20     -            333 d1a5ta2c.37.1.20.aln -            305   4.6e-51  169.1   0.9   2   2   1.3e-49     4e-48  159.5   0.1    45   305    51   326    49   326 0.99 -
d2a5yb3c.37.1.20     -            277 d1a5ta2c.37.1.20.aln -            305   1.3e-48  161.1   0.0   1   1   4.7e-50   1.5e-48  160.9   0.0     4   284     2   276     1   277 0.99 -
d1u0ja_c.37.1.20     -            267 d1a5ta2c.37.1.20.aln -            305   4.5e-47  156.0   0.0   1   1   1.7e-48   5.3e-47  155.8   0.0     6   268     2   265     1   266 0.99 -
d1njfa_c.37.1.20     -            239 d1a5ta2c.37.1.20.aln -            305   1.5e-46  154.3   0.0   1   1   5.4e-48   1.7e-46  154.2   0.0    12   239     1   235     1   238 0.97 -
d1fnna2c.37.1.20     -            276 d1a5ta2c.37.1.20.aln -            305   4.4e-46  152.8   0.0   1   1   1.6e-47   4.9e-46  152.6   0.0     6   264     2   275     1   276 0.99 -
d1in4a2c.37.1.20     -            238 d1a5ta2c.37.1.20.aln -            305   1.3e-44  148.0   1.9   1   1   4.7e-46   1.5e-44  147.8   1.9    16   250     2   236     1   237 0.98 -
d1w5sa2c.37.1.20     -            287 d1a5ta2c.37.1.20.aln -            305   1.3e-42  141.4   0.2   1   1   4.7e-44   1.5e-42  141.2   0.2     5   280     1   286     1   287 0.99 -
d1d2na_c.37.1.20     -            246 d1a5ta2c.37.1.20.aln -            305   3.7e-42  139.9   0.1   1   1   1.4e-43   4.3e-42  139.7   0.1     5   250     2   244     1   245 0.98 -
d2fnaa2c.37.1.20     -            283 d1a5ta2c.37.1.20.aln -            305   9.8e-41  135.2   2.8   1   1   3.4e-42   1.1e-40  135.1   2.8    13   286     2   282     1   283 0.99 -
d2p65a_c.37.1.20     -            185 d1a5ta2c.37.1.20.aln -            305   1.1e-40  135.1   0.8   1   1   3.9e-42   1.2e-40  134.9   0.8     4   195     1   184     1   185 0.98 -
d1ny5a2c.37.1.20     -            247 d1a5ta2c.37.1.20.aln -            305   8.9e-36  118.9   1.4   1   1   3.5e-37   1.1e-35  118.6   1.4    22   263     3   246     1   246 0.98 -
d1tuea_c.37.1.20     -            205 d1a5ta2c.37.1.20.aln -            305   1.5e-30  101.7   0.0   1   1   6.4e-32     2e-30  101.4   0.0     8   241     2   204     1   205 0.98 -
d1l8qa2c.37.1.20     -            213 d1a5ta2c.37.1.20.aln -            305   3.3e-28   94.1   2.5   1   1   1.1e-29   3.6e-28   94.0   2.5    13   241     3   212     1   213 0.98 -
d2gnoa2c.37.1.20     -            198 d1a5ta2c.37.1.20.aln -            305   5.7e-25   83.5   0.4   1   1     2e-26   6.2e-25   83.3   0.4    27   234     1   196     1   198 0.97 -
d1jqlb_c.37.1.20     -            140 d1a5ta2c.37.1.20.aln -            305   1.9e-24   81.7   0.0   1   1   6.7e-26   2.1e-24   81.6   0.0    14   169     1   139     1   140 0.98 -
d1qzma_c.37.1.20     -             94 d1a5ta2c.37.1.20.aln -            305   4.4e-08   28.0   0.2   1   1   1.5e-09   4.7e-08   27.9   0.2    16   110     2    93     1    94 0.97 -
d1y63a_c.37.1.1      -            174 d1a5ta2c.37.1.20.aln -            305   9.9e-06   20.3   0.8   1   2   5.7e-07   1.8e-05   19.4   0.1    49    82     7    40     4    45 0.86 -
d1y63a_c.37.1.1      -            174 d1a5ta2c.37.1.20.aln -            305   9.9e-06   20.3   0.8   2   2       1.4        45   -1.6   0.1   233   233   141   141   113   173 0.46 -
d1a5ta2c.37.1.20     -            207 d1a5ta2c.37.1.20.aln -            305    0.0018   12.9   0.0   1   1   8.5e-05    0.0027   12.3   0.0   128   178   120   167    80   185 0.86 -
#
# Program:         hmmsearch
# Version:         3.3.2 (Nov 2020)
# Pipeline mode:   SEARCH
# Query file:      /home/elise/Documents/M1-BIM/S2/TMEs/SBAS/tme08/models/d1a5ta2c.37.1.20.aln.hmm
# Target file:     /home/elise/Documents/M1-BIM/S2/TMEs/SBAS/tme08/scop/scop/scopTestSeq.fasta
# Option settings: hmmsearch --domtblout /home/elise/Documents/M1-BIM/S2/TMEs/SBAS/tme08/searchResults/d1a5ta2c.37.1.20.aln.out -E 1 /home/elise/Documents/M1-BIM/S2/TMEs/SBAS/tme08/models/d1a5ta2c.37.1.20.aln.hmm /home/elise/Documents/M1-BIM/S2/TMEs/SBAS/tme08/scop/scop/scopTestSeq.fasta 
# Current dir:     /home/elise/Documents/M1-BIM/S2/TMEs/SBAS/tme08
# Date:            Tue Apr  1 17:30:24 2025
# [ok]
