#                                                                            --- full sequence --- -------------- this domain -------------   hmm coord   ali coord   env coord
# target name        accession   tlen query name           accession   qlen   E-value  score  bias   #  of  c-Evalue  i-Evalue  score  bias  from    to  from    to  from    to  acc description of target
#------------------- ---------- ----- -------------------- ---------- ----- --------- ------ ----- --- --- --------- --------- ------ ----- ----- ----- ----- ----- ----- ----- ---- ---------------------
d1i1wa_c.1.8.3       -            303 d1bqca_c.1.8.3.aln   -            337   7.8e-92  303.5   7.2   1   1   2.4e-93   8.6e-92  303.3   7.2     2   335     6   302     5   303 0.97 -
d1hjua_c.1.8.3       -            332 d1bqca_c.1.8.3.aln   -            337   3.3e-55  183.1  18.6   1   1   9.9e-57   3.5e-55  183.0  18.6     6   323     3   321     1   332 0.98 -
d1qw9a2c.1.8.3       -            367 d1bqca_c.1.8.3.aln   -            337   5.5e-49  162.6   2.7   1   1   1.7e-50   6.1e-49  162.5   2.7     3   336     3   365     1   366 0.99 -
d7a3ha_c.1.8.3       -            300 d1bqca_c.1.8.3.aln   -            337   2.4e-43  144.1  14.3   1   1   7.7e-45   2.7e-43  143.9  14.3    23   325    11   295     7   300 0.95 -
d1ceoa_c.1.8.3       -            340 d1bqca_c.1.8.3.aln   -            337   3.2e-42  140.4   0.7   1   1   9.7e-44   3.5e-42  140.3   0.7    10   334    10   338     1   340 0.97 -
d1qnra_c.1.8.3       -            344 d1bqca_c.1.8.3.aln   -            337   3.5e-40  133.7  24.3   1   1   1.1e-41   3.9e-40  133.6  24.3     2   334     9   343     8   344 0.99 -
d1jz8a5c.1.8.3       -            292 d1bqca_c.1.8.3.aln   -            337   1.9e-39  131.3   0.6   1   1   5.7e-41   2.1e-39  131.2   0.6    19   334     2   291     1   292 0.98 -
d1edga_c.1.8.3       -            380 d1bqca_c.1.8.3.aln   -            337   2.5e-38  127.6  18.3   1   1   7.6e-40   2.7e-38  127.5  18.3     9   337    11   374     3   374 0.98 -
d1w91a2c.1.8.3       -            347 d1bqca_c.1.8.3.aln   -            337   5.8e-38  126.4   0.2   1   1   1.8e-39   6.4e-38  126.3   0.2     5   334     5   343     1   346 0.98 -
d1rh9a1c.1.8.3       -            370 d1bqca_c.1.8.3.aln   -            337   9.2e-38  125.7   7.2   1   1   3.1e-39   1.1e-37  125.5   7.2     2   331     8   363     7   368 0.96 -
d2je8a5c.1.8.3       -            348 d1bqca_c.1.8.3.aln   -            337   8.9e-37  122.5   7.3   1   1   2.7e-38   9.8e-37  122.4   7.3    12   335     4   343     1   345 0.97 -
d2nt0a2c.1.8.3       -            354 d1bqca_c.1.8.3.aln   -            337   2.5e-36  121.0   0.2   1   1   7.9e-38   2.8e-36  120.9   0.2     1   335     6   348     6   350 0.98 -
d1vjza_c.1.8.3       -            325 d1bqca_c.1.8.3.aln   -            337   5.9e-36  119.8   0.4   1   1   1.8e-37   6.4e-36  119.7   0.4    11   332     3   320     1   325 0.95 -
d3n9ka_c.1.8.3       -            394 d1bqca_c.1.8.3.aln   -            337   2.8e-35  117.6  22.8   1   1   9.1e-37   3.3e-35  117.4  22.8     1   336    16   392    16   393 0.97 -
d1ur4a_c.1.8.3       -            387 d1bqca_c.1.8.3.aln   -            337   9.2e-35  115.9  14.9   1   1   2.9e-36     1e-34  115.7  14.9     4   334    12   382     9   385 0.99 -
d2vzsa5c.1.8.3       -            339 d1bqca_c.1.8.3.aln   -            337   3.2e-32  107.5   3.6   1   1   9.8e-34   3.5e-32  107.4   3.6     2   334     4   338     3   339 0.99 -
d1ecea_c.1.8.3       -            358 d1bqca_c.1.8.3.aln   -            337   9.4e-32  106.0  20.0   1   1     3e-33   1.1e-31  105.8  20.0     3   313     3   328     1   351 0.94 -
d1uuqa_c.1.8.3       -            410 d1bqca_c.1.8.3.aln   -            337   2.8e-31  104.4  17.7   1   1   8.9e-33   3.2e-31  104.2  17.7     2   334     8   408     7   410 0.98 -
d1h1na_c.1.8.3       -            305 d1bqca_c.1.8.3.aln   -            337   3.4e-28   94.3  14.9   1   1   1.1e-29   3.8e-28   94.1  14.9     8   336     2   303     1   304 0.98 -
d1odza_c.1.8.3       -            381 d1bqca_c.1.8.3.aln   -            337   3.8e-26   87.6  17.8   1   1   1.5e-27   5.5e-26   87.0  17.8     3   334     8   373     6   376 0.97 -
d2v3ga_c.1.8.3       -            273 d1bqca_c.1.8.3.aln   -            337   3.7e-25   84.3  22.7   1   1   1.1e-26   3.9e-25   84.2  22.7    30   300     5   258     1   273 0.92 -
d1nofa2c.1.8.3       -            277 d1bqca_c.1.8.3.aln   -            337   8.4e-24   79.9   4.2   1   1   3.4e-25   1.2e-23   79.3   4.2    19   331     2   275     1   276 0.96 -
#
# Program:         hmmsearch
# Version:         3.3.2 (Nov 2020)
# Pipeline mode:   SEARCH
# Query file:      /home/elise/Documents/M1-BIM/S2/TMEs/SBAS/tme08/models/d1bqca_c.1.8.3.aln.hmm
# Target file:     /home/elise/Documents/M1-BIM/S2/TMEs/SBAS/tme08/scop/scop/scopTestSeq.fasta
# Option settings: hmmsearch --domtblout /home/elise/Documents/M1-BIM/S2/TMEs/SBAS/tme08/searchResults/d1bqca_c.1.8.3.aln.out -E 1 /home/elise/Documents/M1-BIM/S2/TMEs/SBAS/tme08/models/d1bqca_c.1.8.3.aln.hmm /home/elise/Documents/M1-BIM/S2/TMEs/SBAS/tme08/scop/scop/scopTestSeq.fasta 
# Current dir:     /home/elise/Documents/M1-BIM/S2/TMEs/SBAS/tme08
# Date:            Tue Apr  1 17:30:25 2025
# [ok]
