#                                                                            --- full sequence --- -------------- this domain -------------   hmm coord   ali coord   env coord
# target name        accession   tlen query name           accession   qlen   E-value  score  bias   #  of  c-Evalue  i-Evalue  score  bias  from    to  from    to  from    to  acc description of target
#------------------- ---------- ----- -------------------- ---------- ----- --------- ------ ----- --- --- --------- --------- ------ ----- ----- ----- ----- ----- ----- ----- ---- ---------------------
d1p1ja1c.2.1.3       -            411 d1cf2o1c.2.1.3.aln   -            266   7.3e-62  204.9   0.0   1   1     3e-63   9.2e-62  204.5   0.0     1   266    14   374    14   374 1.00 -
d3cina1c.2.1.3       -            276 d1cf2o1c.2.1.3.aln   -            266   3.4e-54  179.7   0.4   1   1   1.2e-55   3.8e-54  179.6   0.4     1   266     1   276     1   276 0.99 -
d2g82a1c.2.1.3       -            169 d1cf2o1c.2.1.3.aln   -            266   1.6e-52  174.3   1.2   1   1   5.7e-54   1.7e-52  174.1   1.2    46   217     1   166     1   169 0.98 -
d2nvwa1c.2.1.3       -            238 d1cf2o1c.2.1.3.aln   -            266   9.3e-43  142.2   0.0   1   1   3.4e-44     1e-42  142.1   0.0    29   259     1   238     1   238 0.99 -
d1h6da1c.2.1.3       -            222 d1cf2o1c.2.1.3.aln   -            266   2.2e-38  127.9   0.0   1   1   8.3e-40   2.5e-38  127.7   0.0    12   262     1   222     1   222 0.99 -
d1gr0a1c.2.1.3       -            244 d1cf2o1c.2.1.3.aln   -            266   3.5e-31  104.3   3.8   1   1   1.4e-32   4.2e-31  104.0   3.8    42   258     2   244     1   244 0.95 -
d1qkia1c.2.1.3       -            204 d1cf2o1c.2.1.3.aln   -            266   1.2e-27   92.7   0.0   1   1   4.3e-29   1.3e-27   92.6   0.0    28   224     1   203     1   204 0.98 -
d1ydwa1c.2.1.3       -            185 d1cf2o1c.2.1.3.aln   -            266   2.3e-26   88.5   0.0   1   1   8.8e-28   2.7e-26   88.3   0.0    44   225     1   182     1   184 0.99 -
d1vkna1c.2.1.3       -            177 d1cf2o1c.2.1.3.aln   -            266   1.5e-25   85.8   0.0   1   1   5.4e-27   1.6e-25   85.7   0.0    44   230     1   176     1   177 0.96 -
d1tlta1c.2.1.3       -            165 d1cf2o1c.2.1.3.aln   -            266   6.7e-25   83.7   0.0   1   1   2.7e-26   8.1e-25   83.4   0.0    44   217     1   163     1   164 0.98 -
d1zh8a1c.2.1.3       -            182 d1cf2o1c.2.1.3.aln   -            266   3.1e-24   81.5   0.0   1   1   1.1e-25   3.3e-24   81.4   0.0    43   220     2   178     1   182 0.96 -
d1q0qa2c.2.1.3       -            152 d1cf2o1c.2.1.3.aln   -            266     3e-23   78.3   0.0   1   1   1.1e-24   3.3e-23   78.2   0.0    44   212     1   151     1   152 0.98 -
d1lc0a1c.2.1.3       -            173 d1cf2o1c.2.1.3.aln   -            266   6.2e-23   77.2   0.0   1   1   2.3e-24     7e-23   77.1   0.0    39   215     1   171     1   172 0.97 -
d1xeaa1c.2.1.3       -            168 d1cf2o1c.2.1.3.aln   -            266   6.2e-23   77.2   0.0   1   1   2.2e-24   6.7e-23   77.1   0.0    45   216     2   166     1   168 0.98 -
d1t4ba1c.2.1.3       -            147 d1cf2o1c.2.1.3.aln   -            266   2.7e-22   75.2   0.0   1   1   9.8e-24     3e-22   75.0   0.0    44   216     1   145     1   147 0.98 -
d1h9aa1c.2.1.3       -            196 d1cf2o1c.2.1.3.aln   -            266   1.5e-21   72.7   0.1   1   1   5.9e-23   1.8e-21   72.5   0.1    45   227     3   194     1   195 0.97 -
d1e5qa1c.2.1.3       -            183 d1cf2o1c.2.1.3.aln   -            266   5.3e-21   70.9   0.3   1   1   1.9e-22   5.8e-21   70.8   0.3    46   226     3   181     1   183 0.98 -
d1f06a1c.2.1.3       -            171 d1cf2o1c.2.1.3.aln   -            266   1.6e-19   66.1   0.1   1   1   5.6e-21   1.7e-19   66.0   0.1    45   215     3   168     1   171 0.98 -
d1cf2o1c.2.1.3       -            172 d1cf2o1c.2.1.3.aln   -            266   1.9e-18   62.5   1.0   1   1   7.1e-20   2.2e-18   62.4   1.0    46   181     2   143     1   162 0.96 -
d1ebfa1c.2.1.3       -            169 d1cf2o1c.2.1.3.aln   -            266   2.1e-18   62.4   0.5   1   1   7.7e-20   2.3e-18   62.2   0.5    43   215     2   168     1   169 0.98 -
d1drua1c.2.1.3       -            161 d1cf2o1c.2.1.3.aln   -            266   3.9e-15   51.7   0.9   1   1   1.4e-16   4.4e-15   51.5   0.9    45   221     3   160     1   161 0.94 -
d1nvmb1c.2.1.3       -            158 d1cf2o1c.2.1.3.aln   -            266   5.5e-15   51.2   0.2   1   1   2.1e-16   6.2e-15   51.0   0.2    42   209     1   151     1   157 0.90 -
d1yl7a1c.2.1.3       -            136 d1cf2o1c.2.1.3.aln   -            266   4.6e-10   35.1   0.1   1   1   1.8e-11   5.3e-10   34.8   0.1    46   179     1   112     1   126 0.95 -
d1j5pa4c.2.1.3       -            133 d1cf2o1c.2.1.3.aln   -            266   5.1e-07   25.1   0.0   1   1   1.8e-08   5.4e-07   25.0   0.0    45   177     2   109     1   132 0.83 -
d1vm6a3c.2.1.3       -            129 d1cf2o1c.2.1.3.aln   -            266   2.9e-06   22.6   0.1   1   1   8.8e-07   2.7e-05   19.4   0.1    46   162     2    93     1   116 0.83 -
d2r6ja_c.2.1.0       -            310 d1cf2o1c.2.1.3.aln   -            266    0.0025   13.0   0.0   1   1   0.00012    0.0038   12.4   0.0    43   139     2    94     1   106 0.79 -
#
# Program:         hmmsearch
# Version:         3.3.2 (Nov 2020)
# Pipeline mode:   SEARCH
# Query file:      /home/elise/Documents/M1-BIM/S2/TMEs/SBAS/tme08/models/d1cf2o1c.2.1.3.aln.hmm
# Target file:     /home/elise/Documents/M1-BIM/S2/TMEs/SBAS/tme08/scop/scop/scopTestSeq.fasta
# Option settings: hmmsearch --domtblout /home/elise/Documents/M1-BIM/S2/TMEs/SBAS/tme08/searchResults/d1cf2o1c.2.1.3.aln.out -E 1 /home/elise/Documents/M1-BIM/S2/TMEs/SBAS/tme08/models/d1cf2o1c.2.1.3.aln.hmm /home/elise/Documents/M1-BIM/S2/TMEs/SBAS/tme08/scop/scop/scopTestSeq.fasta 
# Current dir:     /home/elise/Documents/M1-BIM/S2/TMEs/SBAS/tme08
# Date:            Tue Apr  1 17:30:26 2025
# [ok]
