#                                                                            --- full sequence --- -------------- this domain -------------   hmm coord   ali coord   env coord
# target name        accession   tlen query name           accession   qlen   E-value  score  bias   #  of  c-Evalue  i-Evalue  score  bias  from    to  from    to  from    to  acc description of target
#------------------- ---------- ----- -------------------- ---------- ----- --------- ------ ----- --- --- --------- --------- ------ ----- ----- ----- ----- ----- ----- ----- ---- ---------------------
d1jbea_c.23.1.1      -            128 d1dbwa_c.23.1.1.aln  -            124     5e-42  138.1   0.0   1   1   1.2e-43   5.5e-42  138.0   0.0     2   122     4   126     3   128 0.97 -
d1kgsa2c.23.1.1      -            122 d1dbwa_c.23.1.1.aln  -            124     5e-41  134.9   0.1   1   1   1.2e-42   5.5e-41  134.8   0.1     3   123     2   121     1   122 0.98 -
d1mb3a_c.23.1.1      -            123 d1dbwa_c.23.1.1.aln  -            124   1.9e-36  120.1   0.1   1   1   4.5e-38   2.1e-36  120.0   0.1     3   122     2   122     1   123 0.98 -
d1dz3a_c.23.1.1      -            123 d1dbwa_c.23.1.1.aln  -            124   4.8e-35  115.6   0.0   1   1   1.1e-36   5.2e-35  115.5   0.0     3   120     2   121     1   123 0.97 -
d1s8na_c.23.1.1      -            190 d1dbwa_c.23.1.1.aln  -            124   4.4e-34  112.5   0.2   1   1   1.5e-35   6.8e-34  111.9   0.2     3   123     4   123     2   124 0.91 -
d2r25b_c.23.1.1      -            133 d1dbwa_c.23.1.1.aln  -            124   2.1e-33  110.3   0.0   1   1     5e-35   2.3e-33  110.2   0.0     2   122     2   128     1   130 0.92 -
d1k66a_c.23.1.1      -            149 d1dbwa_c.23.1.1.aln  -            124     1e-32  108.1   0.0   1   1   2.5e-34   1.1e-32  107.9   0.0     4   122     8   139     5   141 0.97 -
d2v0na2c.23.1.1      -            153 d1dbwa_c.23.1.1.aln  -            124   1.1e-29   98.3   0.1   1   1   2.9e-31   1.3e-29   98.0   0.1     4   123    15   133    13   134 0.98 -
d1dbwa_c.23.1.1      -            123 d1dbwa_c.23.1.1.aln  -            124   9.5e-28   92.0   0.1   1   1   2.5e-29   1.1e-27   91.8   0.1     4   121     5   121     2   122 0.97 -
d3cfya_c.23.1.0      -            130 d1dbwa_c.23.1.1.aln  -            124   2.4e-26   87.5   0.1   1   1   5.7e-28   2.7e-26   87.4   0.1     3   122     3   121     1   123 0.97 -
d3heba_c.23.1.0      -            142 d1dbwa_c.23.1.1.aln  -            124   1.4e-25   85.0   0.0   1   1     4e-27   1.8e-25   84.6   0.0     4   118     2   128     1   131 0.95 -
d2b4aa1c.23.1.1      -            118 d1dbwa_c.23.1.1.aln  -            124   7.8e-24   79.4   0.0   1   1   1.8e-25   8.4e-24   79.3   0.0     2   118     2   115     1   118 0.95 -
d3khta_c.23.1.0      -            132 d1dbwa_c.23.1.1.aln  -            124   1.1e-23   78.9   0.0   1   1   2.7e-25   1.2e-23   78.7   0.0     3   107     2   109     1   126 0.92 -
d3eqza_c.23.1.0      -            124 d1dbwa_c.23.1.1.aln  -            124   2.3e-16   55.3   0.0   1   1   6.8e-18   3.2e-16   54.8   0.0     4   115     3   117     2   124 0.73 -
d2plna_c.23.1.0      -            118 d1dbwa_c.23.1.1.aln  -            124   3.2e-15   51.6   0.1   1   1     8e-17   3.7e-15   51.4   0.1     2   118     4   116     3   118 0.94 -
d3ktoa_c.23.1.0      -            122 d1dbwa_c.23.1.1.aln  -            124   7.6e-13   43.9   0.2   1   1   1.9e-14   8.6e-13   43.7   0.2     5   120     3   119     1   122 0.91 -
d1q0qa2c.2.1.3       -            152 d1dbwa_c.23.1.1.aln  -            124    0.0024   13.2   0.5   1   2      0.63        29   -0.0   0.0    61    92    14    44    13    53 0.72 -
d1q0qa2c.2.1.3       -            152 d1dbwa_c.23.1.1.aln  -            124    0.0024   13.2   0.5   2   2   0.00023     0.011   11.1   0.2     7    50    55    97    49   102 0.82 -
#
# Program:         hmmsearch
# Version:         3.3.2 (Nov 2020)
# Pipeline mode:   SEARCH
# Query file:      /home/elise/Documents/M1-BIM/S2/TMEs/SBAS/tme08/models/d1dbwa_c.23.1.1.aln.hmm
# Target file:     /home/elise/Documents/M1-BIM/S2/TMEs/SBAS/tme08/scop/scop/scopTestSeq.fasta
# Option settings: hmmsearch --domtblout /home/elise/Documents/M1-BIM/S2/TMEs/SBAS/tme08/searchResults/d1dbwa_c.23.1.1.aln.out -E 1 /home/elise/Documents/M1-BIM/S2/TMEs/SBAS/tme08/models/d1dbwa_c.23.1.1.aln.hmm /home/elise/Documents/M1-BIM/S2/TMEs/SBAS/tme08/scop/scop/scopTestSeq.fasta 
# Current dir:     /home/elise/Documents/M1-BIM/S2/TMEs/SBAS/tme08
# Date:            Tue Apr  1 17:30:26 2025
# [ok]
