#                                                                            --- full sequence --- -------------- this domain -------------   hmm coord   ali coord   env coord
# target name        accession   tlen query name           accession   qlen   E-value  score  bias   #  of  c-Evalue  i-Evalue  score  bias  from    to  from    to  from    to  acc description of target
#------------------- ---------- ----- -------------------- ---------- ----- --------- ------ ----- --- --- --------- --------- ------ ----- ----- ----- ----- ----- ----- ----- ---- ---------------------
d1jbea_c.23.1.1      -            128 d1dz3a_c.23.1.1.aln  -            125     5e-42  138.2   0.0   1   1   1.2e-43   5.5e-42  138.1   0.0     2   123     4   126     3   128 0.97 -
d1kgsa2c.23.1.1      -            122 d1dz3a_c.23.1.1.aln  -            125   4.7e-41  135.0   0.1   1   1   1.1e-42   5.2e-41  134.9   0.1     3   124     2   121     1   122 0.98 -
d1dbwa_c.23.1.1      -            123 d1dz3a_c.23.1.1.aln  -            125   8.9e-36  118.0   0.2   1   1   2.1e-37   9.7e-36  117.9   0.2     2   122     3   121     2   123 0.97 -
d1mb3a_c.23.1.1      -            123 d1dz3a_c.23.1.1.aln  -            125     9e-36  118.0   0.1   1   1   2.1e-37   9.9e-36  117.9   0.1     3   123     2   122     1   123 0.96 -
d1s8na_c.23.1.1      -            190 d1dz3a_c.23.1.1.aln  -            125   1.2e-34  114.4   0.3   1   1   4.1e-36   1.9e-34  113.7   0.3     2   124     3   123     2   124 0.95 -
d2r25b_c.23.1.1      -            133 d1dz3a_c.23.1.1.aln  -            125   1.5e-33  110.8   0.0   1   1   3.5e-35   1.6e-33  110.7   0.0     3   123     3   128     1   130 0.93 -
d1k66a_c.23.1.1      -            149 d1dz3a_c.23.1.1.aln  -            125   4.2e-33  109.4   0.0   1   1     1e-34   4.7e-33  109.2   0.0     4   123     8   139     5   141 0.98 -
d2v0na2c.23.1.1      -            153 d1dz3a_c.23.1.1.aln  -            125   5.1e-27   89.7   0.1   1   1   1.4e-28   6.6e-27   89.4   0.1     4   124    15   133     7   134 0.82 -
d3cfya_c.23.1.0      -            130 d1dz3a_c.23.1.1.aln  -            125   3.9e-26   86.9   0.1   1   1   9.9e-28   4.6e-26   86.6   0.1     3   123     3   121     2   123 0.96 -
d1dz3a_c.23.1.1      -            123 d1dz3a_c.23.1.1.aln  -            125   3.9e-26   86.8   0.0   1   1   9.1e-28   4.2e-26   86.7   0.0     3   119     2   119     1   123 0.91 -
d3heba_c.23.1.0      -            142 d1dz3a_c.23.1.1.aln  -            125   8.2e-26   85.8   0.0   1   1   2.2e-27     1e-25   85.5   0.0     4   118     2   127     1   131 0.93 -
d2b4aa1c.23.1.1      -            118 d1dz3a_c.23.1.1.aln  -            125   4.9e-25   83.3   0.0   1   1   1.1e-26   5.2e-25   83.2   0.0     2   119     2   115     1   118 0.97 -
d3khta_c.23.1.0      -            132 d1dz3a_c.23.1.1.aln  -            125   2.9e-23   77.6   0.0   1   1   7.2e-25   3.3e-23   77.4   0.0     3   109     2   110     1   126 0.92 -
d3eqza_c.23.1.0      -            124 d1dz3a_c.23.1.1.aln  -            125   2.5e-16   55.1   0.0   1   1   7.7e-18   3.6e-16   54.7   0.0     4   120     3   121     2   124 0.73 -
d2plna_c.23.1.0      -            118 d1dz3a_c.23.1.1.aln  -            125     5e-14   47.7   0.1   1   1   1.3e-15     6e-14   47.5   0.1     3   119     5   116     3   118 0.92 -
d3ktoa_c.23.1.0      -            122 d1dz3a_c.23.1.1.aln  -            125     3e-13   45.2   0.2   1   1   7.5e-15   3.5e-13   45.0   0.2     5   121     3   119     1   122 0.89 -
d1q0qa2c.2.1.3       -            152 d1dz3a_c.23.1.1.aln  -            125    0.0017   13.7   0.1   1   2      0.74        34   -0.2   0.0    62    93    14    44    14    50 0.71 -
d1q0qa2c.2.1.3       -            152 d1dz3a_c.23.1.1.aln  -            125    0.0017   13.7   0.1   2   2   0.00019    0.0089   11.4   0.1     8    47    55    94    51   105 0.83 -
#
# Program:         hmmsearch
# Version:         3.3.2 (Nov 2020)
# Pipeline mode:   SEARCH
# Query file:      /home/elise/Documents/M1-BIM/S2/TMEs/SBAS/tme08/models/d1dz3a_c.23.1.1.aln.hmm
# Target file:     /home/elise/Documents/M1-BIM/S2/TMEs/SBAS/tme08/scop/scop/scopTestSeq.fasta
# Option settings: hmmsearch --domtblout /home/elise/Documents/M1-BIM/S2/TMEs/SBAS/tme08/searchResults/d1dz3a_c.23.1.1.aln.out -E 1 /home/elise/Documents/M1-BIM/S2/TMEs/SBAS/tme08/models/d1dz3a_c.23.1.1.aln.hmm /home/elise/Documents/M1-BIM/S2/TMEs/SBAS/tme08/scop/scop/scopTestSeq.fasta 
# Current dir:     /home/elise/Documents/M1-BIM/S2/TMEs/SBAS/tme08
# Date:            Tue Apr  1 17:30:27 2025
# [ok]
