#                                                                            --- full sequence --- -------------- this domain -------------   hmm coord   ali coord   env coord
# target name        accession   tlen query name           accession   qlen   E-value  score  bias   #  of  c-Evalue  i-Evalue  score  bias  from    to  from    to  from    to  acc description of target
#------------------- ---------- ----- -------------------- ---------- ----- --------- ------ ----- --- --- --------- --------- ------ ----- ----- ----- ----- ----- ----- ----- ---- ---------------------
d1p1ja1c.2.1.3       -            411 d1ebfa1c.2.1.3.aln   -            241     5e-55  182.4   0.0   1   1   1.9e-56   5.9e-55  182.2   0.0     1   241    42   379    42   379 1.00 -
d2g82a1c.2.1.3       -            169 d1ebfa1c.2.1.3.aln   -            241   8.9e-48  158.7   1.1   1   1   3.1e-49   9.8e-48  158.5   1.1    17   191     1   169     1   169 0.96 -
d1h6da1c.2.1.3       -            222 d1ebfa1c.2.1.3.aln   -            241   2.4e-43  144.1   0.0   1   1   8.6e-45   2.7e-43  144.0   0.0     2   192    19   221    18   222 0.99 -
d3cina1c.2.1.3       -            276 d1ebfa1c.2.1.3.aln   -            241   1.5e-40  135.0   0.4   1   1   5.3e-42   1.7e-40  134.8   0.4    15   241     1   276     1   276 0.99 -
d1gr0a1c.2.1.3       -            244 d1ebfa1c.2.1.3.aln   -            241   3.8e-36  120.6   3.8   1   1   1.3e-37   4.3e-36  120.4   3.8    16   234     2   244     1   244 0.98 -
d1ydwa1c.2.1.3       -            185 d1ebfa1c.2.1.3.aln   -            241   2.1e-28   95.3   0.0   1   1   7.5e-30   2.4e-28   95.1   0.0    17   187     2   182     1   184 0.94 -
d1cf2o1c.2.1.3       -            172 d1ebfa1c.2.1.3.aln   -            241   2.3e-26   88.5   1.6   1   1   8.1e-28   2.6e-26   88.4   1.6    16   187     1   171     1   172 0.97 -
d1zh8a1c.2.1.3       -            182 d1ebfa1c.2.1.3.aln   -            241   2.4e-26   88.5   0.0   1   1   8.6e-28   2.7e-26   88.3   0.0    15   184     2   172     1   181 0.95 -
d1tlta1c.2.1.3       -            165 d1ebfa1c.2.1.3.aln   -            241   2.3e-25   85.3   0.0   1   1   8.9e-27   2.8e-25   85.0   0.0    16   187     1   162     1   164 0.96 -
d1t4ba1c.2.1.3       -            147 d1ebfa1c.2.1.3.aln   -            241   6.6e-24   80.5   0.0   1   1   2.5e-25   7.9e-24   80.2   0.0    16   185     1   145     1   146 0.98 -
d1f06a1c.2.1.3       -            171 d1ebfa1c.2.1.3.aln   -            241   2.3e-23   78.8   0.1   1   1   7.9e-25   2.5e-23   78.6   0.1    14   190     1   170     1   171 0.98 -
d1h9aa1c.2.1.3       -            196 d1ebfa1c.2.1.3.aln   -            241   3.4e-23   78.2   0.1   1   1   1.3e-24   4.1e-23   77.9   0.1    11   196     1   194     1   195 0.99 -
d2nvwa1c.2.1.3       -            238 d1ebfa1c.2.1.3.aln   -            241     5e-23   77.6   0.0   1   1   1.8e-24   5.7e-23   77.4   0.0     1   190     1   237     1   238 0.99 -
d1xeaa1c.2.1.3       -            168 d1ebfa1c.2.1.3.aln   -            241   1.8e-22   75.8   0.0   1   1   6.1e-24   1.9e-22   75.7   0.0    17   186     2   165     1   168 0.96 -
d1vkna1c.2.1.3       -            177 d1ebfa1c.2.1.3.aln   -            241   1.4e-21   72.9   0.0   1   1   4.8e-23   1.5e-21   72.8   0.0    16   199     1   176     1   177 0.96 -
d1q0qa2c.2.1.3       -            152 d1ebfa1c.2.1.3.aln   -            241   1.4e-21   72.9   0.0   1   1   4.9e-23   1.5e-21   72.8   0.0    16   185     1   151     1   152 0.98 -
d1qkia1c.2.1.3       -            204 d1ebfa1c.2.1.3.aln   -            241   3.7e-21   71.5   0.0   1   1   1.3e-22   4.1e-21   71.4   0.0    18   193     7   203     1   204 0.97 -
d1drua1c.2.1.3       -            161 d1ebfa1c.2.1.3.aln   -            241   9.6e-21   70.2   0.5   1   1   3.5e-22   1.1e-20   70.0   0.5    16   173     2   145     1   160 0.92 -
d1e5qa1c.2.1.3       -            183 d1ebfa1c.2.1.3.aln   -            241   3.3e-20   68.4   0.5   1   1   1.2e-21   3.7e-20   68.3   0.5    16   196     2   182     1   183 0.98 -
d1lc0a1c.2.1.3       -            173 d1ebfa1c.2.1.3.aln   -            241   3.1e-19   65.2   0.0   1   1   1.1e-20   3.4e-19   65.1   0.0    10   191     1   173     1   173 0.98 -
d1nvmb1c.2.1.3       -            158 d1ebfa1c.2.1.3.aln   -            241   2.4e-17   59.0   0.2   1   1   8.3e-19   2.6e-17   58.9   0.2    13   182     1   151     1   158 0.89 -
d1yl7a1c.2.1.3       -            136 d1ebfa1c.2.1.3.aln   -            241   1.6e-09   33.5   0.0   1   1   5.7e-11   1.8e-09   33.2   0.0    18   183     1   132     1   135 0.92 -
d1j5pa4c.2.1.3       -            133 d1ebfa1c.2.1.3.aln   -            241   2.3e-08   29.6   0.0   1   1     8e-10   2.5e-08   29.5   0.0    15   185     1   130     1   133 0.92 -
d1vm6a3c.2.1.3       -            129 d1ebfa1c.2.1.3.aln   -            241   3.5e-08   29.0   0.2   1   2   0.00025    0.0078   11.5   0.1    17    59     1    38     1    39 0.86 -
d1vm6a3c.2.1.3       -            129 d1ebfa1c.2.1.3.aln   -            241   3.5e-08   29.0   0.2   2   2   1.1e-06   3.5e-05   19.2   0.0    76   174    28   117    23   122 0.85 -
d1gpja2c.2.1.7       -            159 d1ebfa1c.2.1.3.aln   -            241    0.0012   14.2   0.2   1   1   4.2e-05    0.0013   14.0   0.2    11    79    19    91    14   144 0.64 -
#
# Program:         hmmsearch
# Version:         3.3.2 (Nov 2020)
# Pipeline mode:   SEARCH
# Query file:      /home/elise/Documents/M1-BIM/S2/TMEs/SBAS/tme08/models/d1ebfa1c.2.1.3.aln.hmm
# Target file:     /home/elise/Documents/M1-BIM/S2/TMEs/SBAS/tme08/scop/scop/scopTestSeq.fasta
# Option settings: hmmsearch --domtblout /home/elise/Documents/M1-BIM/S2/TMEs/SBAS/tme08/searchResults/d1ebfa1c.2.1.3.aln.out -E 1 /home/elise/Documents/M1-BIM/S2/TMEs/SBAS/tme08/models/d1ebfa1c.2.1.3.aln.hmm /home/elise/Documents/M1-BIM/S2/TMEs/SBAS/tme08/scop/scop/scopTestSeq.fasta 
# Current dir:     /home/elise/Documents/M1-BIM/S2/TMEs/SBAS/tme08
# Date:            Tue Apr  1 17:30:27 2025
# [ok]
