#                                                                            --- full sequence --- -------------- this domain -------------   hmm coord   ali coord   env coord
# target name        accession   tlen query name           accession   qlen   E-value  score  bias   #  of  c-Evalue  i-Evalue  score  bias  from    to  from    to  from    to  acc description of target
#------------------- ---------- ----- -------------------- ---------- ----- --------- ------ ----- --- --- --------- --------- ------ ----- ----- ----- ----- ----- ----- ----- ---- ---------------------
d1tc1a_c.61.1.1      -            184 d1ecfa1c.61.1.1.aln  -            206   4.3e-59  194.9   0.7   1   1   8.3e-61   4.7e-59  194.8   0.7    17   205     2   183     1   184 0.98 -
d1fsga_c.61.1.1      -            233 d1ecfa1c.61.1.1.aln  -            206     1e-52  174.1   0.0   1   1   2.1e-54   1.2e-52  173.9   0.0     3   205    29   225    27   226 0.97 -
d1a3ca_c.61.1.1      -            178 d1ecfa1c.61.1.1.aln  -            206   1.6e-46  153.8   3.0   1   1   3.2e-48   1.8e-46  153.7   3.0    20   202     2   176     1   178 0.97 -
d1qb7a_c.61.1.1      -            236 d1ecfa1c.61.1.1.aln  -            206   4.2e-46  152.5   0.0   1   1   8.3e-48   4.7e-46  152.3   0.0     2   204    20   218    19   220 0.97 -
d1dqna_c.61.1.1      -            230 d1ecfa1c.61.1.1.aln  -            206   3.6e-41  136.4   0.0   1   1   7.6e-43   4.3e-41  136.1   0.0     1   205     1   203     1   204 0.98 -
d1xtta1c.61.1.1      -            215 d1ecfa1c.61.1.1.aln  -            206   3.7e-40  133.1   3.3   1   1   7.3e-42   4.1e-40  132.9   3.3     3   206     2   212     1   212 0.99 -
d1p4aa2c.61.1.1      -            202 d1ecfa1c.61.1.1.aln  -            206   1.6e-35  118.0   0.0   1   1     3e-37   1.7e-35  117.9   0.0     2   199     3   201     2   202 0.96 -
d1y0ba1c.61.1.1      -            191 d1ecfa1c.61.1.1.aln  -            206   3.3e-32  107.1   0.2   1   1   6.4e-34   3.6e-32  107.0   0.2     4   193     2   188     1   191 0.96 -
d1wd5a_c.61.1.1      -            208 d1ecfa1c.61.1.1.aln  -            206   4.7e-32  106.6   3.6   1   1   9.1e-34   5.2e-32  106.5   3.6     6   205     3   204     1   205 0.98 -
d1vdma1c.61.1.1      -            153 d1ecfa1c.61.1.1.aln  -            206   2.2e-30  101.1   1.0   1   1   4.4e-32   2.5e-30  101.0   1.0    19   192     1   151     1   153 0.95 -
d2aeea1c.61.1.1      -            208 d1ecfa1c.61.1.1.aln  -            206   5.1e-29   96.7   0.0   1   1     1e-30   5.6e-29   96.6   0.0     4   204     5   199     2   201 0.96 -
d1vcha1c.61.1.1      -            174 d1ecfa1c.61.1.1.aln  -            206   6.5e-28   93.1   0.5   1   1   1.2e-29   6.9e-28   93.0   0.5    11   174     7   172     1   174 0.95 -
d1nula_c.61.1.1      -            150 d1ecfa1c.61.1.1.aln  -            206   2.7e-24   81.3   0.0   1   1   5.8e-26   3.3e-24   81.0   0.0    21   186     2   144     1   149 0.89 -
d1ecfa1c.61.1.1      -            243 d1ecfa1c.61.1.1.aln  -            206   5.4e-06   21.5   0.0   1   1   1.4e-07   8.1e-06   20.9   0.0   113   160   101   147    51   161 0.73 -
#
# Program:         hmmsearch
# Version:         3.3.2 (Nov 2020)
# Pipeline mode:   SEARCH
# Query file:      /home/elise/Documents/M1-BIM/S2/TMEs/SBAS/tme08/models/d1ecfa1c.61.1.1.aln.hmm
# Target file:     /home/elise/Documents/M1-BIM/S2/TMEs/SBAS/tme08/scop/scop/scopTestSeq.fasta
# Option settings: hmmsearch --domtblout /home/elise/Documents/M1-BIM/S2/TMEs/SBAS/tme08/searchResults/d1ecfa1c.61.1.1.aln.out -E 1 /home/elise/Documents/M1-BIM/S2/TMEs/SBAS/tme08/models/d1ecfa1c.61.1.1.aln.hmm /home/elise/Documents/M1-BIM/S2/TMEs/SBAS/tme08/scop/scop/scopTestSeq.fasta 
# Current dir:     /home/elise/Documents/M1-BIM/S2/TMEs/SBAS/tme08
# Date:            Tue Apr  1 17:30:27 2025
# [ok]
