#                                                                            --- full sequence --- -------------- this domain -------------   hmm coord   ali coord   env coord
# target name        accession   tlen query name           accession   qlen   E-value  score  bias   #  of  c-Evalue  i-Evalue  score  bias  from    to  from    to  from    to  acc description of target
#------------------- ---------- ----- -------------------- ---------- ----- --------- ------ ----- --- --- --------- --------- ------ ----- ----- ----- ----- ----- ----- ----- ---- ---------------------
d2c4ja1a.45.1.1      -            133 d1eema1a.45.1.1.aln  -            137   1.9e-41  136.7   0.1   1   1   3.2e-43   2.1e-41  136.6   0.1     1   137     1   130     1   130 0.99 -
d1k3ya1a.45.1.1      -            142 d1eema1a.45.1.1.aln  -            137   5.6e-38  125.5   0.0   1   1   9.4e-40   6.1e-38  125.3   0.0     1   134     1   132     1   135 0.98 -
d1tu7a1a.45.1.1      -            131 d1eema1a.45.1.1.aln  -            137   1.2e-34  114.7   0.1   1   1     2e-36   1.3e-34  114.6   0.1     3   136     1   131     1   131 0.97 -
d1okta1a.45.1.1      -            126 d1eema1a.45.1.1.aln  -            137   2.4e-31  104.0   0.1   1   1     4e-33   2.6e-31  103.9   0.1     2   125     1   123     1   126 0.98 -
d1tw9a1a.45.1.1      -            129 d1eema1a.45.1.1.aln  -            137   2.8e-28   94.1   0.0   1   1   4.7e-30   3.1e-28   93.9   0.0     2   128     1   129     1   129 0.98 -
d2cvda1a.45.1.1      -            124 d1eema1a.45.1.1.aln  -            137     5e-27   90.0   0.1   1   1   8.4e-29   5.5e-27   89.9   0.1     1   127     2   123     2   124 0.96 -
d1nhya1a.45.1.1      -            144 d1eema1a.45.1.1.aln  -            137   3.2e-22   74.5   0.1   1   1   5.4e-24   3.6e-22   74.3   0.1     3   132    12   142    10   144 0.95 -
d1gnwa1a.45.1.1      -            126 d1eema1a.45.1.1.aln  -            137   3.9e-21   70.9   0.2   1   1   6.5e-23   4.3e-21   70.8   0.2    12   119    19   125    10   126 0.94 -
d1k0ma1a.45.1.1      -            149 d1eema1a.45.1.1.aln  -            137   1.2e-16   56.4   0.1   1   1   2.2e-18   1.4e-16   56.1   0.1     7   136    10   144     4   145 0.91 -
d1z9ha1a.45.1.1      -            161 d1eema1a.45.1.1.aln  -            137   2.2e-16   55.5   0.3   1   1   6.9e-18   4.5e-16   54.5   0.2     3   136    10   146     8   147 0.97 -
d2fnoa1a.45.1.1      -            149 d1eema1a.45.1.1.aln  -            137   3.6e-16   54.8   0.0   1   1   6.1e-18     4e-16   54.7   0.0     2   134     1   138     1   141 0.96 -
d1eema1a.45.1.1      -            139 d1eema1a.45.1.1.aln  -            137   2.6e-09   32.7   0.1   1   1   5.4e-11   3.6e-09   32.2   0.1    39   123    34   117     1   122 0.86 -
#
# Program:         hmmsearch
# Version:         3.3.2 (Nov 2020)
# Pipeline mode:   SEARCH
# Query file:      /home/elise/Documents/M1-BIM/S2/TMEs/SBAS/tme08/models/d1eema1a.45.1.1.aln.hmm
# Target file:     /home/elise/Documents/M1-BIM/S2/TMEs/SBAS/tme08/scop/scop/scopTestSeq.fasta
# Option settings: hmmsearch --domtblout /home/elise/Documents/M1-BIM/S2/TMEs/SBAS/tme08/searchResults/d1eema1a.45.1.1.aln.out -E 1 /home/elise/Documents/M1-BIM/S2/TMEs/SBAS/tme08/models/d1eema1a.45.1.1.aln.hmm /home/elise/Documents/M1-BIM/S2/TMEs/SBAS/tme08/scop/scop/scopTestSeq.fasta 
# Current dir:     /home/elise/Documents/M1-BIM/S2/TMEs/SBAS/tme08
# Date:            Tue Apr  1 17:30:28 2025
# [ok]
