#                                                                            --- full sequence --- -------------- this domain -------------   hmm coord   ali coord   env coord
# target name        accession   tlen query name           accession   qlen   E-value  score  bias   #  of  c-Evalue  i-Evalue  score  bias  from    to  from    to  from    to  acc description of target
#------------------- ---------- ----- -------------------- ---------- ----- --------- ------ ----- --- --- --------- --------- ------ ----- ----- ----- ----- ----- ----- ----- ---- ---------------------
d1j0ha1b.1.18.2      -            123 d1f1sa2b.1.18.2.aln  -            105   5.3e-32  105.9   0.0   1   1   1.4e-33     6e-32  105.7   0.0     2   105    13   116    12   116 0.99 -
d1ji1a1b.1.18.2      -            122 d1f1sa2b.1.18.2.aln  -            105   6.5e-22   73.4   3.3   1   1   1.7e-23   7.4e-22   73.2   3.3     3   104    20   121    18   122 0.98 -
d2fhfa1b.1.18.2      -            115 d1f1sa2b.1.18.2.aln  -            105     2e-19   65.4   2.8   1   1     5e-21   2.2e-19   65.3   2.8     2   104     2   105     1   106 0.98 -
d3bmva1b.1.18.2      -             83 d1f1sa2b.1.18.2.aln  -            105   3.6e-19   64.6   1.5   1   1   8.8e-21   3.9e-19   64.5   1.5    10    94     3    81     1    83 0.96 -
d1clca2b.1.18.2      -            100 d1f1sa2b.1.18.2.aln  -            105   8.1e-19   63.5   0.1   1   1     2e-20   8.7e-19   63.4   0.1     6   104     2    99     1   100 0.97 -
d1edqa1b.1.18.2      -            109 d1f1sa2b.1.18.2.aln  -            105   8.7e-19   63.4   2.3   1   1   2.2e-20   9.5e-19   63.3   2.3     1    98     8   107     8   109 0.97 -
d1m7xa1b.1.18.2      -            110 d1f1sa2b.1.18.2.aln  -            105   5.4e-18   60.8   0.0   1   1   1.3e-19   5.8e-18   60.7   0.0     2   104     4   102     3   103 0.97 -
d1txka1b.1.18.2      -            115 d1f1sa2b.1.18.2.aln  -            105   2.1e-17   59.0   1.1   1   1   5.6e-19   2.4e-17   58.7   1.1     2   103     4   104     3   106 0.97 -
d2fhfa2b.1.18.2      -            125 d1f1sa2b.1.18.2.aln  -            105   2.3e-17   58.8   0.1   1   1   6.3e-19   2.8e-17   58.6   0.1     2   103     7   109     6   111 0.97 -
d1k3ia1b.1.18.2      -            102 d1f1sa2b.1.18.2.aln  -            105     1e-16   56.8   0.9   1   1   2.4e-18   1.1e-16   56.7   0.9     7    95     3   100     1   102 0.96 -
d1ut9a2b.1.18.2      -             98 d1f1sa2b.1.18.2.aln  -            105   1.6e-16   56.1   0.2   1   1   3.9e-18   1.7e-16   56.0   0.2     5    98     3    98     1    98 0.98 -
d1h3ga1b.1.18.2      -             93 d1f1sa2b.1.18.2.aln  -            105   6.4e-16   54.2   0.0   1   1   1.6e-17   6.8e-16   54.1   0.0     6    97     2    92     1    93 0.96 -
d1bf2a1b.1.18.2      -            162 d1f1sa2b.1.18.2.aln  -            105   8.1e-16   53.8   4.0   1   1   2.6e-17   1.1e-15   53.4   4.0     4   104    33   142    30   143 0.97 -
d1w8oa1b.1.18.2      -            103 d1f1sa2b.1.18.2.aln  -            105   9.8e-16   53.6   2.3   1   1   2.4e-17     1e-15   53.5   2.3     3    99     2   100     1   103 0.96 -
d1qbaa1b.1.18.2      -            105 d1f1sa2b.1.18.2.aln  -            105   2.1e-15   52.5   0.0   1   1   5.1e-17   2.2e-15   52.4   0.0     5   103     3   101     1   103 0.96 -
d2bhua1b.1.18.2      -             97 d1f1sa2b.1.18.2.aln  -            105   5.3e-15   51.2   0.3   1   1   1.3e-16   5.8e-15   51.1   0.3     5   103     2    96     1    97 0.98 -
d2bvya1b.1.18.2      -             94 d1f1sa2b.1.18.2.aln  -            105   5.8e-11   38.2  11.4   1   1   1.4e-12   6.2e-11   38.1  11.4     5    94     4    93     1    94 0.96 -
d1ulva2b.1.18.2      -             89 d1f1sa2b.1.18.2.aln  -            105   2.9e-08   29.6   7.0   1   1   6.9e-10     3e-08   29.5   7.0     6    95     1    86     1    89 0.95 -
#
# Program:         hmmsearch
# Version:         3.3.2 (Nov 2020)
# Pipeline mode:   SEARCH
# Query file:      /home/elise/Documents/M1-BIM/S2/TMEs/SBAS/tme08/models/d1f1sa2b.1.18.2.aln.hmm
# Target file:     /home/elise/Documents/M1-BIM/S2/TMEs/SBAS/tme08/scop/scop/scopTestSeq.fasta
# Option settings: hmmsearch --domtblout /home/elise/Documents/M1-BIM/S2/TMEs/SBAS/tme08/searchResults/d1f1sa2b.1.18.2.aln.out -E 1 /home/elise/Documents/M1-BIM/S2/TMEs/SBAS/tme08/models/d1f1sa2b.1.18.2.aln.hmm /home/elise/Documents/M1-BIM/S2/TMEs/SBAS/tme08/scop/scop/scopTestSeq.fasta 
# Current dir:     /home/elise/Documents/M1-BIM/S2/TMEs/SBAS/tme08
# Date:            Tue Apr  1 17:30:28 2025
# [ok]
