#                                                                            --- full sequence --- -------------- this domain -------------   hmm coord   ali coord   env coord
# target name        accession   tlen query name           accession   qlen   E-value  score  bias   #  of  c-Evalue  i-Evalue  score  bias  from    to  from    to  from    to  acc description of target
#------------------- ---------- ----- -------------------- ---------- ----- --------- ------ ----- --- --- --------- --------- ------ ----- ----- ----- ----- ----- ----- ----- ---- ---------------------
d1v59a1c.3.1.5       -            234 d1fl2a1c.3.1.5.aln   -            177   1.6e-44  147.4   2.4   1   1   7.6e-46   2.4e-44  146.9   2.4     5   175     4   233     2   234 0.97 -
d1mo9a1c.3.1.5       -            262 d1fl2a1c.3.1.5.aln   -            177   7.6e-37  122.4   0.0   1   1   2.9e-38     9e-37  122.2   0.0     2   176    38   262    37   262 0.98 -
d1m6ia1c.3.1.5       -            214 d1fl2a1c.3.1.5.aln   -            177   9.7e-34  112.3   0.0   1   1   3.4e-35   1.1e-33  112.2   0.0     4   176     2   214     1   214 0.99 -
d1nhpa1c.3.1.5       -            199 d1fl2a1c.3.1.5.aln   -            177   6.1e-29   96.7   0.0   1   1   2.1e-30   6.8e-29   96.6   0.0     8   176     2   199     1   199 0.99 -
d1xdia1c.3.1.5       -            234 d1fl2a1c.3.1.5.aln   -            177   2.7e-28   94.6   0.3   1   1     4e-29   1.3e-27   92.4   0.3     8   172     3   229     1   233 0.95 -
d1fl2a1c.3.1.5       -            185 d1fl2a1c.3.1.5.aln   -            177   5.1e-26   87.2   2.1   1   1     2e-27   6.3e-26   86.9   2.1     6   175     1   182     1   183 0.96 -
d1v59a2c.3.1.5       -            122 d1fl2a1c.3.1.5.aln   -            177   9.3e-24   79.8   0.3   1   1   3.1e-25   9.7e-24   79.8   0.3    12   157     5   113     1   122 0.91 -
d1w4xa1c.3.1.5       -            299 d1fl2a1c.3.1.5.aln   -            177   1.3e-23   79.3   0.0   1   1   5.7e-25   1.8e-23   78.9   0.0     2   176     3   272     2   273 0.97 -
d1aoga2c.3.1.5       -            117 d1fl2a1c.3.1.5.aln   -            177   2.5e-23   78.4   0.0   1   1   8.9e-25   2.8e-23   78.3   0.0    11   166     1   117     1   117 0.97 -
d1mo9a2c.3.1.5       -            121 d1fl2a1c.3.1.5.aln   -            177   1.3e-19   66.3   0.3   1   1   4.7e-21   1.5e-19   66.1   0.3    15   165     6   119     2   121 0.95 -
d1onfa2c.3.1.5       -            117 d1fl2a1c.3.1.5.aln   -            177   1.3e-17   59.8   0.0   1   1   4.6e-19   1.5e-17   59.7   0.0     9   165     2   116     1   117 0.95 -
d1w4xa2c.3.1.5       -            235 d1fl2a1c.3.1.5.aln   -            177   1.4e-17   59.7   0.0   1   1   4.9e-19   1.6e-17   59.5   0.0     3   167     9   234     7   235 0.96 -
d1h6va2c.3.1.5       -            122 d1fl2a1c.3.1.5.aln   -            177   4.9e-17   57.9   0.0   1   1   1.9e-18   5.9e-17   57.7   0.0    14   167     4   122     2   122 0.98 -
d1nhpa2c.3.1.5       -            123 d1fl2a1c.3.1.5.aln   -            177   4.2e-15   51.6   2.2   1   1   1.4e-16   4.4e-15   51.6   2.2     6   166     6   123     1   123 0.88 -
d2gv8a1c.3.1.5       -            336 d1fl2a1c.3.1.5.aln   -            177   1.5e-14   49.9   0.0   1   1   5.4e-16   1.7e-14   49.6   0.0     4   176     2   312     1   313 0.99 -
d1fcda2c.3.1.5       -            141 d1fl2a1c.3.1.5.aln   -            177   2.1e-14   49.3   0.0   1   1   7.3e-16   2.3e-14   49.2   0.0     3   170     5   139     3   141 0.97 -
d1m6ia2c.3.1.5       -            137 d1fl2a1c.3.1.5.aln   -            177   9.4e-14   47.2   0.1   1   1   3.3e-15     1e-13   47.1   0.1     3   168    10   137     8   137 0.96 -
d1vdca2c.3.1.5       -            130 d1fl2a1c.3.1.5.aln   -            177   1.2e-13   46.9   0.1   1   1   4.3e-15   1.4e-13   46.7   0.1     9   165    14   129     7   130 0.92 -
d1fl2a2c.3.1.5       -            126 d1fl2a1c.3.1.5.aln   -            177   3.7e-12   42.0   0.4   1   1   1.3e-13   4.2e-12   41.9   0.4     2   168     5   126     4   126 0.92 -
d1xhca2c.3.1.5       -            122 d1fl2a1c.3.1.5.aln   -            177   5.4e-07   25.2   0.2   1   1   4.7e-08   1.5e-06   23.8   0.2     6   168     2   121     1   122 0.86 -
d1kdga1c.3.1.2       -            361 d1fl2a1c.3.1.5.aln   -            177     3e-05   19.5   0.3   1   1   1.8e-06   5.7e-05   18.6   0.3     7    39     3    42     1    56 0.84 -
d2gmha1c.3.1.2       -            381 d1fl2a1c.3.1.5.aln   -            177   5.5e-05   18.7   0.0   1   2   0.00011    0.0035   12.8   0.1     5    30    31    56    29    59 0.88 -
d2gmha1c.3.1.2       -            381 d1fl2a1c.3.1.5.aln   -            177   5.5e-05   18.7   0.0   2   2      0.11       3.3    3.1   0.0   151   176   256   288   239   289 0.81 -
d2gf3a1c.3.1.2       -            282 d1fl2a1c.3.1.5.aln   -            177   0.00011   17.7   0.1   1   1     5e-06   0.00016   17.2   0.1     5    35     2    32     1   190 0.95 -
d2iida1c.3.1.2       -            371 d1fl2a1c.3.1.5.aln   -            177    0.0016   14.0   2.8   1   2   0.00067     0.021   10.3   0.2     9    38    33    62    27    78 0.83 -
d2iida1c.3.1.2       -            371 d1fl2a1c.3.1.5.aln   -            177    0.0016   14.0   2.8   2   2     0.089       2.8    3.3   0.1   121   166   251   291   246   292 0.84 -
d1ryia1c.3.1.2       -            277 d1fl2a1c.3.1.5.aln   -            177     0.002   13.6   0.1   1   1   0.00013    0.0041   12.6   0.1     5    40     3    40     2    64 0.91 -
#
# Program:         hmmsearch
# Version:         3.3.2 (Nov 2020)
# Pipeline mode:   SEARCH
# Query file:      /home/elise/Documents/M1-BIM/S2/TMEs/SBAS/tme08/models/d1fl2a1c.3.1.5.aln.hmm
# Target file:     /home/elise/Documents/M1-BIM/S2/TMEs/SBAS/tme08/scop/scop/scopTestSeq.fasta
# Option settings: hmmsearch --domtblout /home/elise/Documents/M1-BIM/S2/TMEs/SBAS/tme08/searchResults/d1fl2a1c.3.1.5.aln.out -E 1 /home/elise/Documents/M1-BIM/S2/TMEs/SBAS/tme08/models/d1fl2a1c.3.1.5.aln.hmm /home/elise/Documents/M1-BIM/S2/TMEs/SBAS/tme08/scop/scop/scopTestSeq.fasta 
# Current dir:     /home/elise/Documents/M1-BIM/S2/TMEs/SBAS/tme08
# Date:            Tue Apr  1 17:30:29 2025
# [ok]
