#                                                                            --- full sequence --- -------------- this domain -------------   hmm coord   ali coord   env coord
# target name        accession   tlen query name           accession   qlen   E-value  score  bias   #  of  c-Evalue  i-Evalue  score  bias  from    to  from    to  from    to  acc description of target
#------------------- ---------- ----- -------------------- ---------- ----- --------- ------ ----- --- --- --------- --------- ------ ----- ----- ----- ----- ----- ----- ----- ---- ---------------------
d1qdda_d.169.1.1     -            144 d1g1ta1d.169.1.1.aln -            129   5.1e-40  132.3   3.8   1   1   9.3e-42   5.7e-40  132.1   3.8     1   127    13   143    13   144 0.98 -
d2ziba_d.169.1.1     -            130 d1g1ta1d.169.1.1.aln -            129   1.6e-32  108.1   3.4   1   1   2.8e-34   1.7e-32  108.0   3.4     2   127     7   128     6   130 0.92 -
d1wmza_d.169.1.1     -            140 d1g1ta1d.169.1.1.aln -            129   4.2e-31  103.5   7.7   1   1   7.9e-33   4.8e-31  103.3   7.7     1   127     2   138     2   140 0.93 -
d1qo3c_d.169.1.1     -            133 d1g1ta1d.169.1.1.aln -            129   5.7e-30   99.8   5.4   1   1   1.1e-31   6.8e-30   99.5   5.4     4   128    16   132    14   133 0.93 -
d3l9jc_d.169.1.1     -            134 d1g1ta1d.169.1.1.aln -            129   6.4e-29   96.4   2.6   1   1   1.2e-30   7.5e-29   96.2   2.6     9   127    10   133     5   134 0.94 -
d1gz2a_d.169.1.1     -            139 d1g1ta1d.169.1.1.aln -            129   1.6e-28   95.1   0.0   1   1     3e-30   1.8e-28   94.9   0.0     2   127     2   138     1   139 0.92 -
d1pwba1d.169.1.1     -            121 d1g1ta1d.169.1.1.aln -            129   7.9e-27   89.6   0.0   1   1   1.4e-28   8.6e-27   89.5   0.0     5   126     2   121     1   121 0.95 -
d3hupa_d.169.1.1     -            121 d1g1ta1d.169.1.1.aln -            129   2.8e-24   81.4  11.3   1   1   5.1e-26   3.1e-24   81.3  11.3     1   127     6   119     6   121 0.87 -
d1h8ua_d.169.1.1     -            115 d1g1ta1d.169.1.1.aln -            129   4.5e-23   77.5   2.1   1   1     8e-25   4.9e-23   77.4   2.1    14   125     2   114     1   115 0.94 -
d1g1ta1d.169.1.1     -            118 d1g1ta1d.169.1.1.aln -            129   1.9e-20   69.0   4.3   1   1   3.8e-22   2.3e-20   68.7   4.3    14   124     3   117     2   118 0.83 -
d1byfa_d.169.1.1     -            123 d1g1ta1d.169.1.1.aln -            129   2.5e-20   68.6   0.0   1   1   4.9e-22     3e-20   68.4   0.0    15   128     5   122     2   123 0.86 -
d1wk1a_d.169.1.1     -            150 d1g1ta1d.169.1.1.aln -            129   1.5e-17   59.6   0.0   1   1   3.3e-19     2e-17   59.2   0.0    10   127     7   130     2   132 0.87 -
d1kg0c_d.169.1.1     -            136 d1g1ta1d.169.1.1.aln -            129   4.2e-16   54.9   4.6   1   1   8.9e-18   5.4e-16   54.6   4.6     4   127    21   134    16   136 0.86 -
#
# Program:         hmmsearch
# Version:         3.3.2 (Nov 2020)
# Pipeline mode:   SEARCH
# Query file:      /home/elise/Documents/M1-BIM/S2/TMEs/SBAS/tme08/models/d1g1ta1d.169.1.1.aln.hmm
# Target file:     /home/elise/Documents/M1-BIM/S2/TMEs/SBAS/tme08/scop/scop/scopTestSeq.fasta
# Option settings: hmmsearch --domtblout /home/elise/Documents/M1-BIM/S2/TMEs/SBAS/tme08/searchResults/d1g1ta1d.169.1.1.aln.out -E 1 /home/elise/Documents/M1-BIM/S2/TMEs/SBAS/tme08/models/d1g1ta1d.169.1.1.aln.hmm /home/elise/Documents/M1-BIM/S2/TMEs/SBAS/tme08/scop/scop/scopTestSeq.fasta 
# Current dir:     /home/elise/Documents/M1-BIM/S2/TMEs/SBAS/tme08
# Date:            Tue Apr  1 17:30:29 2025
# [ok]
