#                                                                            --- full sequence --- -------------- this domain -------------   hmm coord   ali coord   env coord
# target name        accession   tlen query name           accession   qlen   E-value  score  bias   #  of  c-Evalue  i-Evalue  score  bias  from    to  from    to  from    to  acc description of target
#------------------- ---------- ----- -------------------- ---------- ----- --------- ------ ----- --- --- --------- --------- ------ ----- ----- ----- ----- ----- ----- ----- ---- ---------------------
d3bmva3b.71.1.1      -             89 d1g5aa1b.71.1.1.aln  -             87   2.2e-22   74.6   5.0   1   1   6.7e-24   2.4e-22   74.4   5.0     1    86     1    86     1    87 0.99 -
d1e43a1b.71.1.1      -             90 d1g5aa1b.71.1.1.aln  -             87   2.2e-20   68.2   1.9   1   1   6.6e-22   2.4e-20   68.1   1.9     1    86     4    89     4    90 0.98 -
d2guya1b.71.1.1      -             95 d1g5aa1b.71.1.1.aln  -             87   1.5e-19   65.5   0.5   1   1   4.5e-21   1.6e-19   65.4   0.5     5    86     4    85     1    86 0.96 -
d1uasa1b.71.1.1      -             89 d1g5aa1b.71.1.1.aln  -             87   6.6e-16   53.9   0.6   1   1     2e-17   7.1e-16   53.8   0.6     2    87     2    87     1    87 0.96 -
d1ji1a2b.71.1.1      -             83 d1g5aa1b.71.1.1.aln  -             87     2e-14   49.2   2.7   1   1   5.8e-16   2.1e-14   49.1   2.7     3    81     2    80     1    83 0.95 -
d1m7xa2b.71.1.1      -            106 d1g5aa1b.71.1.1.aln  -             87   9.9e-14   47.0   0.0   1   1   3.1e-15   1.1e-13   46.8   0.0     2    85     4    87     3    89 0.97 -
d1ea9c2b.71.1.1      -             80 d1g5aa1b.71.1.1.aln  -             87     3e-13   45.4   0.0   1   1     9e-15   3.2e-13   45.3   0.0     3    80     2    79     1    80 0.96 -
d1szna1b.71.1.1      -            103 d1g5aa1b.71.1.1.aln  -             87     3e-12   42.2   0.2   1   1   9.8e-14   3.5e-12   42.0   0.2     3    85    14    96    12    98 0.96 -
d1h3ga2b.71.1.1      -             83 d1g5aa1b.71.1.1.aln  -             87   4.2e-12   41.8   0.0   1   1   1.3e-13   4.7e-12   41.6   0.0     5    78     2    75     1    82 0.94 -
d1bf2a2b.71.1.1      -            113 d1g5aa1b.71.1.1.aln  -             87   7.7e-12   40.9   6.8   1   1   2.6e-13   9.3e-12   40.7   6.8     2    86    19   103    18   104 0.97 -
d1j0ha2b.71.1.1      -             83 d1g5aa1b.71.1.1.aln  -             87   2.8e-10   35.9   0.0   1   1   8.1e-12   2.9e-10   35.9   0.0     5    77     5    74     1    81 0.93 -
d2fhfa4b.71.1.1      -            118 d1g5aa1b.71.1.1.aln  -             87   7.4e-10   34.6   0.0   1   1   2.5e-11   9.1e-10   34.3   0.0     1    85    18   102    18   104 0.96 -
d1wzaa1b.71.1.1      -             79 d1g5aa1b.71.1.1.aln  -             87   1.4e-09   33.8   0.1   1   1   3.9e-11   1.4e-09   33.7   0.1     5    78     3    76     1    79 0.94 -
d1mxga1b.71.1.1      -             74 d1g5aa1b.71.1.1.aln  -             87   1.4e-09   33.7   1.9   1   1   4.2e-11   1.5e-09   33.6   1.9     4    74     4    74     1    74 0.96 -
d1ua7a1b.71.1.1      -             78 d1g5aa1b.71.1.1.aln  -             87   8.3e-09   31.3   0.4   1   1   2.6e-10   9.3e-09   31.1   0.4     6    74     7    75     3    78 0.94 -
d1r7aa1b.71.1.1      -             70 d1g5aa1b.71.1.1.aln  -             87   1.5e-08   30.4   0.1   1   1   4.3e-10   1.6e-08   30.4   0.1     2    64     4    66     3    70 0.93 -
d2bhua2b.71.1.1      -             72 d1g5aa1b.71.1.1.aln  -             87   2.7e-06   23.3   0.0   1   1   7.8e-08   2.8e-06   23.2   0.0     4    71     2    69     1    72 0.94 -
d1gjwa1b.71.1.1      -             64 d1g5aa1b.71.1.1.aln  -             87     4e-06   22.7   0.0   1   1   1.2e-07   4.4e-06   22.6   0.0    11    66     8    63     3    64 0.93 -
d1ht6a1b.71.1.1      -             57 d1g5aa1b.71.1.1.aln  -             87   7.6e-06   21.8   0.1   1   1   2.3e-07   8.2e-06   21.7   0.1    15    66     5    56     2    57 0.92 -
d1lwha1b.71.1.1      -             50 d1g5aa1b.71.1.1.aln  -             87   3.7e-05   19.6   0.0   1   1   1.1e-06     4e-05   19.5   0.0     5    49     3    47     1    49 0.90 -
d1gcya1b.71.1.1      -             61 d1g5aa1b.71.1.1.aln  -             87   0.00016   17.6   0.7   1   1   4.7e-06   0.00017   17.5   0.7    11    70     3    61     1    61 0.95 -
d1kwga1b.71.1.1      -             54 d1g5aa1b.71.1.1.aln  -             87    0.0036   13.3   0.0   1   1   0.00011    0.0038   13.2   0.0    13    59     7    53     2    54 0.92 -
#
# Program:         hmmsearch
# Version:         3.3.2 (Nov 2020)
# Pipeline mode:   SEARCH
# Query file:      /home/elise/Documents/M1-BIM/S2/TMEs/SBAS/tme08/models/d1g5aa1b.71.1.1.aln.hmm
# Target file:     /home/elise/Documents/M1-BIM/S2/TMEs/SBAS/tme08/scop/scop/scopTestSeq.fasta
# Option settings: hmmsearch --domtblout /home/elise/Documents/M1-BIM/S2/TMEs/SBAS/tme08/searchResults/d1g5aa1b.71.1.1.aln.out -E 1 /home/elise/Documents/M1-BIM/S2/TMEs/SBAS/tme08/models/d1g5aa1b.71.1.1.aln.hmm /home/elise/Documents/M1-BIM/S2/TMEs/SBAS/tme08/scop/scop/scopTestSeq.fasta 
# Current dir:     /home/elise/Documents/M1-BIM/S2/TMEs/SBAS/tme08
# Date:            Tue Apr  1 17:30:29 2025
# [ok]
