#                                                                            --- full sequence --- -------------- this domain -------------   hmm coord   ali coord   env coord
# target name        accession   tlen query name           accession   qlen   E-value  score  bias   #  of  c-Evalue  i-Evalue  score  bias  from    to  from    to  from    to  acc description of target
#------------------- ---------- ----- -------------------- ---------- ----- --------- ------ ----- --- --- --------- --------- ------ ----- ----- ----- ----- ----- ----- ----- ---- ---------------------
d1g41a_c.37.1.20     -            443 d1g8pa_c.37.1.20.aln -            292   1.8e-75  249.1   1.1   1   1   1.4e-76   4.5e-75  247.8   1.1     1   292     2   437     2   437 1.00 -
d1lv7a_c.37.1.20     -            256 d1g8pa_c.37.1.20.aln -            292   8.2e-70  230.5   0.0   1   1   2.7e-71     9e-70  230.4   0.0     2   261     2   255     1   256 0.99 -
d1iqpa2c.37.1.20     -            231 d1g8pa_c.37.1.20.aln -            292     4e-64  211.9   0.8   1   1   1.3e-65   4.4e-64  211.7   0.8     5   247     4   229     1   231 0.98 -
d1r6bx3c.37.1.20     -            315 d1g8pa_c.37.1.20.aln -            292   1.2e-56  187.3   0.1   1   1   4.1e-58   1.3e-56  187.2   0.1     4   292     1   315     1   315 0.99 -
d1svma_c.37.1.20     -            362 d1g8pa_c.37.1.20.aln -            292   1.8e-52  173.6   0.0   1   1   6.6e-54   2.2e-52  173.3   0.0     1   292     1   362     1   362 0.99 -
d2a5yb3c.37.1.20     -            277 d1g8pa_c.37.1.20.aln -            292   5.8e-51  168.7   0.0   1   1     2e-52   6.4e-51  168.5   0.0     5   276     1   276     1   277 0.99 -
d1njfa_c.37.1.20     -            239 d1g8pa_c.37.1.20.aln -            292   7.5e-50  165.0   0.0   1   1   2.6e-51   8.7e-50  164.8   0.0    15   247     2   236     1   238 0.98 -
d1sxja2c.37.1.20     -            253 d1g8pa_c.37.1.20.aln -            292   1.2e-49  164.4   0.0   1   1     4e-51   1.3e-49  164.2   0.0     1   254     4   252     4   253 0.99 -
d1u0ja_c.37.1.20     -            267 d1g8pa_c.37.1.20.aln -            292   5.9e-48  158.8   0.0   1   1   2.2e-49   7.1e-48  158.5   0.0     6   274     2   265     1   266 0.99 -
d1um8a_c.37.1.20     -            364 d1g8pa_c.37.1.20.aln -            292   4.5e-46  152.6   3.1   1   1   1.6e-47   5.2e-46  152.4   3.1     2   290     6   364     5   364 0.99 -
d1fnna2c.37.1.20     -            276 d1g8pa_c.37.1.20.aln -            292   2.9e-45  149.9   0.0   1   1   9.9e-47   3.2e-45  149.8   0.0     8   268     2   275     1   276 0.99 -
d1in4a2c.37.1.20     -            238 d1g8pa_c.37.1.20.aln -            292   3.5e-44  146.4   1.8   1   1   1.2e-45   3.9e-44  146.3   1.8    20   259     4   237     1   238 0.93 -
d1d2na_c.37.1.20     -            246 d1g8pa_c.37.1.20.aln -            292   3.7e-44  146.3   0.1   1   1   1.2e-45   4.1e-44  146.2   0.1     6   255     1   241     1   246 0.98 -
d1w5sa2c.37.1.20     -            287 d1g8pa_c.37.1.20.aln -            292   2.7e-42  140.2   0.1   1   1     9e-44     3e-42  140.1   0.1     8   276     2   286     1   287 0.99 -
d2fnaa2c.37.1.20     -            283 d1g8pa_c.37.1.20.aln -            292   5.5e-42  139.2   3.5   1   1   1.9e-43   6.1e-42  139.0   3.5     5   279     2   282     1   283 0.99 -
d2p65a_c.37.1.20     -            185 d1g8pa_c.37.1.20.aln -            292   4.3e-39  129.7   0.4   1   1   1.4e-40   4.7e-39  129.6   0.4     6   182     1   184     1   185 0.99 -
d1ny5a2c.37.1.20     -            247 d1g8pa_c.37.1.20.aln -            292   2.6e-36  120.6   1.3   1   1   8.7e-38   2.8e-36  120.4   1.3    21   266     3   247     1   247 0.98 -
d1a5ta2c.37.1.20     -            207 d1g8pa_c.37.1.20.aln -            292   1.2e-35  118.3   0.0   1   1   4.6e-37   1.5e-35  118.1   0.0    14   218     2   200     1   206 0.92 -
d1tuea_c.37.1.20     -            205 d1g8pa_c.37.1.20.aln -            292     4e-32  106.8   0.0   1   1   1.3e-33   4.4e-32  106.7   0.0    15   237     4   204     1   205 0.98 -
d2gnoa2c.37.1.20     -            198 d1g8pa_c.37.1.20.aln -            292   9.3e-29   95.8   0.2   1   1   3.1e-30     1e-28   95.6   0.2    30   243     2   196     1   198 0.98 -
d1l8qa2c.37.1.20     -            213 d1g8pa_c.37.1.20.aln -            292   3.6e-28   93.9   1.9   1   1   1.2e-29   3.9e-28   93.7   1.9    14   236     2   211     1   213 0.98 -
d1jqlb_c.37.1.20     -            140 d1g8pa_c.37.1.20.aln -            292   3.5e-25   84.0   0.0   1   1   1.2e-26   3.8e-25   83.9   0.0    26   188     1   140     1   140 0.99 -
d1qzma_c.37.1.20     -             94 d1g8pa_c.37.1.20.aln -            292   5.8e-11   37.4   0.3   1   1   1.9e-12   6.1e-11   37.3   0.3    15   106     2    94     1    94 0.96 -
d1y63a_c.37.1.1      -            174 d1g8pa_c.37.1.20.aln -            292   1.8e-05   19.3   0.1   1   1   8.6e-07   2.8e-05   18.7   0.1    48    82     7    41     4    46 0.89 -
#
# Program:         hmmsearch
# Version:         3.3.2 (Nov 2020)
# Pipeline mode:   SEARCH
# Query file:      /home/elise/Documents/M1-BIM/S2/TMEs/SBAS/tme08/models/d1g8pa_c.37.1.20.aln.hmm
# Target file:     /home/elise/Documents/M1-BIM/S2/TMEs/SBAS/tme08/scop/scop/scopTestSeq.fasta
# Option settings: hmmsearch --domtblout /home/elise/Documents/M1-BIM/S2/TMEs/SBAS/tme08/searchResults/d1g8pa_c.37.1.20.aln.out -E 1 /home/elise/Documents/M1-BIM/S2/TMEs/SBAS/tme08/models/d1g8pa_c.37.1.20.aln.hmm /home/elise/Documents/M1-BIM/S2/TMEs/SBAS/tme08/scop/scop/scopTestSeq.fasta 
# Current dir:     /home/elise/Documents/M1-BIM/S2/TMEs/SBAS/tme08
# Date:            Tue Apr  1 17:30:29 2025
# [ok]
