#                                                                            --- full sequence --- -------------- this domain -------------   hmm coord   ali coord   env coord
# target name        accession   tlen query name           accession   qlen   E-value  score  bias   #  of  c-Evalue  i-Evalue  score  bias  from    to  from    to  from    to  acc description of target
#------------------- ---------- ----- -------------------- ---------- ----- --------- ------ ----- --- --- --------- --------- ------ ----- ----- ----- ----- ----- ----- ----- ---- ---------------------
d1qdda_d.169.1.1     -            144 d1gz2a_d.169.1.1.aln -            129   8.1e-40  131.8   2.8   1   1   1.5e-41   9.1e-40  131.6   2.8     2   127    13   143    12   144 0.98 -
d2ziba_d.169.1.1     -            130 d1gz2a_d.169.1.1.aln -            129   5.1e-33  109.8   2.7   1   1   9.2e-35   5.6e-33  109.6   2.7     3   127     7   128     5   130 0.94 -
d1qo3c_d.169.1.1     -            133 d1gz2a_d.169.1.1.aln -            129   1.9e-30  101.5   4.9   1   1   3.6e-32   2.2e-30  101.2   4.9     5   128    16   132    13   133 0.94 -
d3l9jc_d.169.1.1     -            134 d1gz2a_d.169.1.1.aln -            129   1.9e-30  101.4   1.7   1   1   3.7e-32   2.2e-30  101.2   1.7    10   127    10   133     4   134 0.94 -
d1wmza_d.169.1.1     -            140 d1gz2a_d.169.1.1.aln -            129   6.5e-30   99.7   6.8   1   1   1.2e-31   7.4e-30   99.5   6.8     2   127     2   138     1   140 0.89 -
d1pwba1d.169.1.1     -            121 d1gz2a_d.169.1.1.aln -            129   1.5e-27   92.1   0.0   1   1   2.7e-29   1.6e-27   92.0   0.0     7   126     3   121     1   121 0.96 -
d1g1ta1d.169.1.1     -            118 d1gz2a_d.169.1.1.aln -            129   8.3e-26   86.5   5.8   1   1   1.5e-27   9.1e-26   86.3   5.8    14   124     2   117     1   118 0.94 -
d3hupa_d.169.1.1     -            121 d1gz2a_d.169.1.1.aln -            129   2.3e-25   85.0  10.9   1   1   4.1e-27   2.5e-25   84.9  10.9     2   127     6   119     5   121 0.86 -
d1h8ua_d.169.1.1     -            115 d1gz2a_d.169.1.1.aln -            129   1.9e-23   78.8   1.3   1   1   3.4e-25     2e-23   78.7   1.3    15   125     2   114     1   115 0.96 -
d1gz2a_d.169.1.1     -            139 d1gz2a_d.169.1.1.aln -            129   3.4e-23   78.0   0.0   1   1   6.8e-25   4.1e-23   77.7   0.0     3   126     2   137     1   139 0.94 -
d1byfa_d.169.1.1     -            123 d1gz2a_d.169.1.1.aln -            129   3.9e-20   68.1   0.0   1   1   7.7e-22   4.7e-20   67.9   0.0    17   128     6   122     2   123 0.91 -
d1wk1a_d.169.1.1     -            150 d1gz2a_d.169.1.1.aln -            129   1.2e-17   60.1   0.0   1   1   2.9e-19   1.8e-17   59.5   0.0    11   127     7   130     2   132 0.86 -
d1kg0c_d.169.1.1     -            136 d1gz2a_d.169.1.1.aln -            129   6.5e-15   51.2   7.1   1   1   1.3e-16   7.8e-15   51.0   7.1     4   127    20   134     8   136 0.86 -
#
# Program:         hmmsearch
# Version:         3.3.2 (Nov 2020)
# Pipeline mode:   SEARCH
# Query file:      /home/elise/Documents/M1-BIM/S2/TMEs/SBAS/tme08/models/d1gz2a_d.169.1.1.aln.hmm
# Target file:     /home/elise/Documents/M1-BIM/S2/TMEs/SBAS/tme08/scop/scop/scopTestSeq.fasta
# Option settings: hmmsearch --domtblout /home/elise/Documents/M1-BIM/S2/TMEs/SBAS/tme08/searchResults/d1gz2a_d.169.1.1.aln.out -E 1 /home/elise/Documents/M1-BIM/S2/TMEs/SBAS/tme08/models/d1gz2a_d.169.1.1.aln.hmm /home/elise/Documents/M1-BIM/S2/TMEs/SBAS/tme08/scop/scop/scopTestSeq.fasta 
# Current dir:     /home/elise/Documents/M1-BIM/S2/TMEs/SBAS/tme08
# Date:            Tue Apr  1 17:30:30 2025
# [ok]
