#                                                                            --- full sequence --- -------------- this domain -------------   hmm coord   ali coord   env coord
# target name        accession   tlen query name           accession   qlen   E-value  score  bias   #  of  c-Evalue  i-Evalue  score  bias  from    to  from    to  from    to  acc description of target
#------------------- ---------- ----- -------------------- ---------- ----- --------- ------ ----- --- --- --------- --------- ------ ----- ----- ----- ----- ----- ----- ----- ---- ---------------------
d3bmva3b.71.1.1      -             89 d1h3ga2b.71.1.1.aln  -             87   3.3e-22   74.1   5.4   1   1     1e-23   3.7e-22   74.0   5.4     1    86     1    86     1    87 0.99 -
d1e43a1b.71.1.1      -             90 d1h3ga2b.71.1.1.aln  -             87   3.2e-20   67.8   2.0   1   1   9.7e-22   3.5e-20   67.7   2.0     1    86     4    89     4    90 0.98 -
d2guya1b.71.1.1      -             95 d1h3ga2b.71.1.1.aln  -             87     1e-19   66.2   0.5   1   1   3.1e-21   1.1e-19   66.1   0.5     4    86     3    85     1    86 0.96 -
d1uasa1b.71.1.1      -             89 d1h3ga2b.71.1.1.aln  -             87   5.2e-16   54.3   0.7   1   1   1.6e-17   5.6e-16   54.2   0.7     2    87     2    87     1    87 0.97 -
d1ji1a2b.71.1.1      -             83 d1h3ga2b.71.1.1.aln  -             87   2.1e-14   49.2   2.8   1   1   6.2e-16   2.2e-14   49.1   2.8     3    81     2    80     1    83 0.95 -
d1m7xa2b.71.1.1      -            106 d1h3ga2b.71.1.1.aln  -             87   9.6e-14   47.1   0.0   1   1     3e-15   1.1e-13   46.9   0.0     2    85     4    87     3    89 0.97 -
d1ea9c2b.71.1.1      -             80 d1h3ga2b.71.1.1.aln  -             87   2.1e-13   46.0   0.0   1   1   6.3e-15   2.3e-13   45.9   0.0     3    80     2    79     1    80 0.96 -
d1szna1b.71.1.1      -            103 d1h3ga2b.71.1.1.aln  -             87   1.4e-12   43.4   0.2   1   1   4.5e-14   1.6e-12   43.2   0.2     3    85    14    96    12    98 0.96 -
d1bf2a2b.71.1.1      -            113 d1h3ga2b.71.1.1.aln  -             87     8e-12   41.0   7.3   1   1   2.7e-13   9.6e-12   40.7   7.3     2    86    19   103    18   104 0.97 -
d1g5aa1b.71.1.1      -             74 d1h3ga2b.71.1.1.aln  -             87     3e-10   35.9   0.0   1   1   9.1e-12   3.3e-10   35.8   0.0     7    79     2    74     1    74 0.96 -
d2fhfa4b.71.1.1      -            118 d1h3ga2b.71.1.1.aln  -             87   5.3e-10   35.2   0.0   1   1   1.8e-11   6.6e-10   34.9   0.0     2    85    19   102    18   104 0.96 -
d1j0ha2b.71.1.1      -             83 d1h3ga2b.71.1.1.aln  -             87   6.3e-10   34.9   0.0   1   1   1.8e-11   6.5e-10   34.9   0.0     5    83     5    77     1    81 0.93 -
d1wzaa1b.71.1.1      -             79 d1h3ga2b.71.1.1.aln  -             87   1.6e-09   33.7   0.1   1   1   4.5e-11   1.6e-09   33.6   0.1     5    77     3    75     1    79 0.94 -
d1mxga1b.71.1.1      -             74 d1h3ga2b.71.1.1.aln  -             87   1.7e-09   33.6   1.8   1   1     5e-11   1.8e-09   33.5   1.8     4    74     4    74     1    74 0.96 -
d1r7aa1b.71.1.1      -             70 d1h3ga2b.71.1.1.aln  -             87   7.1e-09   31.6   0.1   1   1     2e-10   7.3e-09   31.5   0.1     2    65     4    67     3    70 0.93 -
d1ua7a1b.71.1.1      -             78 d1h3ga2b.71.1.1.aln  -             87   2.3e-08   29.9   0.5   1   1   7.2e-10   2.6e-08   29.8   0.5     7    74     8    75     3    78 0.94 -
d2bhua2b.71.1.1      -             72 d1h3ga2b.71.1.1.aln  -             87   2.6e-06   23.4   0.0   1   1   7.6e-08   2.7e-06   23.3   0.0     4    72     2    70     1    72 0.94 -
d1ht6a1b.71.1.1      -             57 d1h3ga2b.71.1.1.aln  -             87   8.7e-06   21.7   0.1   1   1   2.6e-07   9.2e-06   21.6   0.1    16    66     6    56     2    57 0.92 -
d1gjwa1b.71.1.1      -             64 d1h3ga2b.71.1.1.aln  -             87     9e-06   21.7   0.0   1   1   2.8e-07     1e-05   21.5   0.0    11    66     8    63     3    64 0.93 -
d1lwha1b.71.1.1      -             50 d1h3ga2b.71.1.1.aln  -             87     5e-05   19.3   0.0   1   1   1.5e-06   5.3e-05   19.2   0.0     5    49     3    47     1    49 0.89 -
d1gcya1b.71.1.1      -             61 d1h3ga2b.71.1.1.aln  -             87   0.00014   17.9   0.7   1   1     4e-06   0.00014   17.8   0.7    11    70     3    61     1    61 0.95 -
d1kwga1b.71.1.1      -             54 d1h3ga2b.71.1.1.aln  -             87    0.0034   13.5   0.0   1   1    0.0001    0.0036   13.4   0.0    13    59     7    53     3    54 0.91 -
#
# Program:         hmmsearch
# Version:         3.3.2 (Nov 2020)
# Pipeline mode:   SEARCH
# Query file:      /home/elise/Documents/M1-BIM/S2/TMEs/SBAS/tme08/models/d1h3ga2b.71.1.1.aln.hmm
# Target file:     /home/elise/Documents/M1-BIM/S2/TMEs/SBAS/tme08/scop/scop/scopTestSeq.fasta
# Option settings: hmmsearch --domtblout /home/elise/Documents/M1-BIM/S2/TMEs/SBAS/tme08/searchResults/d1h3ga2b.71.1.1.aln.out -E 1 /home/elise/Documents/M1-BIM/S2/TMEs/SBAS/tme08/models/d1h3ga2b.71.1.1.aln.hmm /home/elise/Documents/M1-BIM/S2/TMEs/SBAS/tme08/scop/scop/scopTestSeq.fasta 
# Current dir:     /home/elise/Documents/M1-BIM/S2/TMEs/SBAS/tme08
# Date:            Tue Apr  1 17:30:30 2025
# [ok]
