#                                                                            --- full sequence --- -------------- this domain -------------   hmm coord   ali coord   env coord
# target name        accession   tlen query name           accession   qlen   E-value  score  bias   #  of  c-Evalue  i-Evalue  score  bias  from    to  from    to  from    to  acc description of target
#------------------- ---------- ----- -------------------- ---------- ----- --------- ------ ----- --- --- --------- --------- ------ ----- ----- ----- ----- ----- ----- ----- ---- ---------------------
d1p1ja1c.2.1.3       -            411 d1h6da1c.2.1.3.aln   -            264   4.2e-60  198.9   0.0   1   1   1.8e-61   5.4e-60  198.5   0.0     1   264    52   410    52   410 0.99 -
d2g82a1c.2.1.3       -            169 d1h6da1c.2.1.3.aln   -            264   6.7e-54  178.6   1.1   1   1   2.4e-55   7.4e-54  178.4   1.1     8   177     1   166     1   169 0.98 -
d3cina1c.2.1.3       -            276 d1h6da1c.2.1.3.aln   -            264   5.6e-51  169.0   0.3   1   1   2.1e-52   6.4e-51  168.8   0.3     6   264     1   276     1   276 0.98 -
d2nvwa1c.2.1.3       -            238 d1h6da1c.2.1.3.aln   -            264   3.7e-37  123.7   0.0   1   1   1.4e-38   4.1e-37  123.5   0.0     1   217    10   238    10   238 0.99 -
d1gr0a1c.2.1.3       -            244 d1h6da1c.2.1.3.aln   -            264   7.7e-35  116.1   4.1   1   1   2.8e-36   8.6e-35  115.9   4.1     7   226     2   244     1   244 0.99 -
d1cf2o1c.2.1.3       -            172 d1h6da1c.2.1.3.aln   -            264     3e-32  107.6   1.2   1   1   1.1e-33   3.3e-32  107.5   1.2     7   175     1   171     1   172 0.98 -
d1ydwa1c.2.1.3       -            185 d1h6da1c.2.1.3.aln   -            264   6.3e-29   96.7   0.0   1   1   2.5e-30   7.5e-29   96.4   0.0     8   189     2   183     1   184 0.99 -
d1h6da1c.2.1.3       -            222 d1h6da1c.2.1.3.aln   -            264   3.8e-28   94.1   0.1   1   1   1.5e-29   4.4e-28   93.9   0.1     7   193    33   221    29   222 0.98 -
d1vkna1c.2.1.3       -            177 d1h6da1c.2.1.3.aln   -            264   1.1e-23   79.4   0.0   1   1   4.2e-25   1.3e-23   79.3   0.0     6   192     1   176     1   177 0.93 -
d1e5qa1c.2.1.3       -            183 d1h6da1c.2.1.3.aln   -            264   1.4e-23   79.2   0.3   1   1   4.9e-25   1.5e-23   79.1   0.3     8   189     3   182     1   183 0.98 -
d1qkia1c.2.1.3       -            204 d1h6da1c.2.1.3.aln   -            264     4e-23   77.7   0.0   1   1   1.4e-24   4.4e-23   77.5   0.0     4   191     2   204     1   204 0.97 -
d1h9aa1c.2.1.3       -            196 d1h6da1c.2.1.3.aln   -            264   6.6e-23   77.0   0.1   1   1   2.4e-24   7.2e-23   76.8   0.1     7   194     3   195     1   196 0.99 -
d1tlta1c.2.1.3       -            165 d1h6da1c.2.1.3.aln   -            264   7.1e-23   76.9   0.0   1   1   2.6e-24   7.8e-23   76.7   0.0     7   177     1   164     1   165 0.95 -
d1zh8a1c.2.1.3       -            182 d1h6da1c.2.1.3.aln   -            264   2.5e-22   75.0   0.0   1   1   9.1e-24   2.8e-22   74.9   0.0     6   186     2   181     1   182 0.95 -
d1lc0a1c.2.1.3       -            173 d1h6da1c.2.1.3.aln   -            264   3.6e-22   74.6   0.0   1   1   1.4e-23   4.2e-22   74.3   0.0     1   178     1   171     1   172 0.99 -
d1f06a1c.2.1.3       -            171 d1h6da1c.2.1.3.aln   -            264   1.4e-21   72.6   0.1   1   1   5.1e-23   1.6e-21   72.5   0.1     6   175     2   169     1   171 0.98 -
d1q0qa2c.2.1.3       -            152 d1h6da1c.2.1.3.aln   -            264   3.2e-21   71.4   0.0   1   1   1.2e-22   3.5e-21   71.3   0.0     6   178     1   151     1   152 0.93 -
d1xeaa1c.2.1.3       -            168 d1h6da1c.2.1.3.aln   -            264   1.8e-20   69.0   0.0   1   1   6.6e-22     2e-20   68.8   0.0     8   176     2   166     1   168 0.97 -
d1t4ba1c.2.1.3       -            147 d1h6da1c.2.1.3.aln   -            264   6.7e-20   67.1   0.0   1   1   2.5e-21   7.6e-20   66.9   0.0     6   179     1   146     1   147 0.97 -
d1nvmb1c.2.1.3       -            158 d1h6da1c.2.1.3.aln   -            264     8e-17   57.0   0.4   1   1   2.9e-18   8.8e-17   56.9   0.4     4   177     1   156     1   158 0.90 -
d1ebfa1c.2.1.3       -            169 d1h6da1c.2.1.3.aln   -            264   8.9e-16   53.6   0.4   1   1   3.2e-17   9.7e-16   53.5   0.4     5   175     2   168     1   169 0.98 -
d1drua1c.2.1.3       -            161 d1h6da1c.2.1.3.aln   -            264   8.8e-13   43.8   0.6   1   1   3.2e-14   9.7e-13   43.6   0.6     7   140     3   134     1   160 0.89 -
d1yl7a1c.2.1.3       -            136 d1h6da1c.2.1.3.aln   -            264   1.8e-10   36.2   0.0   1   1   7.3e-12   2.2e-10   35.9   0.0     8   154     1   114     1   135 0.88 -
d1j5pa4c.2.1.3       -            133 d1h6da1c.2.1.3.aln   -            264   7.9e-10   34.1   0.0   1   1   3.1e-11   9.5e-10   33.8   0.0     7   140     2   118     1   127 0.95 -
d1vm6a3c.2.1.3       -            129 d1h6da1c.2.1.3.aln   -            264   4.2e-05   18.6   0.3   1   1   7.5e-06   0.00023   16.2   0.3    58   163    29   114     1   122 0.74 -
d1o89a2c.2.1.1       -            177 d1h6da1c.2.1.3.aln   -            264    0.0056   11.6   0.1   1   1   0.00028    0.0084   11.1   0.1    13    62    39    84    35    91 0.83 -
#
# Program:         hmmsearch
# Version:         3.3.2 (Nov 2020)
# Pipeline mode:   SEARCH
# Query file:      /home/elise/Documents/M1-BIM/S2/TMEs/SBAS/tme08/models/d1h6da1c.2.1.3.aln.hmm
# Target file:     /home/elise/Documents/M1-BIM/S2/TMEs/SBAS/tme08/scop/scop/scopTestSeq.fasta
# Option settings: hmmsearch --domtblout /home/elise/Documents/M1-BIM/S2/TMEs/SBAS/tme08/searchResults/d1h6da1c.2.1.3.aln.out -E 1 /home/elise/Documents/M1-BIM/S2/TMEs/SBAS/tme08/models/d1h6da1c.2.1.3.aln.hmm /home/elise/Documents/M1-BIM/S2/TMEs/SBAS/tme08/scop/scop/scopTestSeq.fasta 
# Current dir:     /home/elise/Documents/M1-BIM/S2/TMEs/SBAS/tme08
# Date:            Tue Apr  1 17:30:31 2025
# [ok]
