#                                                                            --- full sequence --- -------------- this domain -------------   hmm coord   ali coord   env coord
# target name        accession   tlen query name           accession   qlen   E-value  score  bias   #  of  c-Evalue  i-Evalue  score  bias  from    to  from    to  from    to  acc description of target
#------------------- ---------- ----- -------------------- ---------- ----- --------- ------ ----- --- --- --------- --------- ------ ----- ----- ----- ----- ----- ----- ----- ---- ---------------------
d1qdda_d.169.1.1     -            144 d1h8ua_d.169.1.1.aln -            129   7.7e-39  128.5   2.9   1   1   1.4e-40   8.6e-39  128.4   2.9     1   127    13   143    13   144 0.97 -
d2ziba_d.169.1.1     -            130 d1h8ua_d.169.1.1.aln -            129   1.4e-32  108.3   2.8   1   1   2.5e-34   1.5e-32  108.2   2.8     2   127     7   128     6   130 0.96 -
d1qo3c_d.169.1.1     -            133 d1h8ua_d.169.1.1.aln -            129   7.9e-32  105.8   4.6   1   1   1.6e-33   9.5e-32  105.6   4.6     4   128    16   132    14   133 0.96 -
d1wmza_d.169.1.1     -            140 d1h8ua_d.169.1.1.aln -            129   1.6e-29   98.4   6.3   1   1   2.9e-31   1.8e-29   98.2   6.3     1   127     2   138     2   140 0.96 -
d1gz2a_d.169.1.1     -            139 d1h8ua_d.169.1.1.aln -            129     1e-28   95.8   0.0   1   1   1.9e-30   1.2e-28   95.6   0.0     2   127     2   138     1   139 0.96 -
d3l9jc_d.169.1.1     -            134 d1h8ua_d.169.1.1.aln -            129   1.6e-28   95.1   1.8   1   1   3.1e-30   1.9e-28   94.9   1.8     9   127    10   133     5   134 0.88 -
d3hupa_d.169.1.1     -            121 d1h8ua_d.169.1.1.aln -            129   8.7e-28   92.8  10.7   1   1   1.6e-29   9.6e-28   92.6  10.7     2   127     7   119     6   121 0.92 -
d1pwba1d.169.1.1     -            121 d1h8ua_d.169.1.1.aln -            129   2.8e-25   84.7   0.0   1   1     5e-27   3.1e-25   84.5   0.0     6   126     3   121     1   121 0.93 -
d1g1ta1d.169.1.1     -            118 d1h8ua_d.169.1.1.aln -            129   6.2e-25   83.6   5.8   1   1   1.1e-26   6.8e-25   83.4   5.8    13   124     2   117     1   118 0.89 -
d1wk1a_d.169.1.1     -            150 d1h8ua_d.169.1.1.aln -            129   2.9e-18   62.0   0.0   1   1     6e-20   3.6e-18   61.7   0.0    10   127     7   130     2   132 0.90 -
d1byfa_d.169.1.1     -            123 d1h8ua_d.169.1.1.aln -            129   5.9e-18   61.0   0.0   1   1   1.2e-19   7.1e-18   60.7   0.0    16   128     6   122     2   123 0.88 -
d1h8ua_d.169.1.1     -            115 d1h8ua_d.169.1.1.aln -            129   5.7e-15   51.3   0.8   1   1     1e-16   6.1e-15   51.2   0.8    14   125     2   114     1   115 0.94 -
d1kg0c_d.169.1.1     -            136 d1h8ua_d.169.1.1.aln -            129   7.9e-15   50.9   6.5   1   1   1.6e-16   9.7e-15   50.6   6.5     4   127    21   134     7   136 0.88 -
#
# Program:         hmmsearch
# Version:         3.3.2 (Nov 2020)
# Pipeline mode:   SEARCH
# Query file:      /home/elise/Documents/M1-BIM/S2/TMEs/SBAS/tme08/models/d1h8ua_d.169.1.1.aln.hmm
# Target file:     /home/elise/Documents/M1-BIM/S2/TMEs/SBAS/tme08/scop/scop/scopTestSeq.fasta
# Option settings: hmmsearch --domtblout /home/elise/Documents/M1-BIM/S2/TMEs/SBAS/tme08/searchResults/d1h8ua_d.169.1.1.aln.out -E 1 /home/elise/Documents/M1-BIM/S2/TMEs/SBAS/tme08/models/d1h8ua_d.169.1.1.aln.hmm /home/elise/Documents/M1-BIM/S2/TMEs/SBAS/tme08/scop/scop/scopTestSeq.fasta 
# Current dir:     /home/elise/Documents/M1-BIM/S2/TMEs/SBAS/tme08
# Date:            Tue Apr  1 17:30:31 2025
# [ok]
