#                                                                            --- full sequence --- -------------- this domain -------------   hmm coord   ali coord   env coord
# target name        accession   tlen query name           accession   qlen   E-value  score  bias   #  of  c-Evalue  i-Evalue  score  bias  from    to  from    to  from    to  acc description of target
#------------------- ---------- ----- -------------------- ---------- ----- --------- ------ ----- --- --- --------- --------- ------ ----- ----- ----- ----- ----- ----- ----- ---- ---------------------
d1vpda2c.2.1.6       -            161 d1i36a2c.2.1.6.aln   -            179   6.2e-42  138.7   2.8   1   1   1.5e-43   6.8e-42  138.5   2.8     1   169     1   161     1   161 0.99 -
d2f1ka2c.2.1.6       -            165 d1i36a2c.2.1.6.aln   -            179   8.8e-40  131.6   0.0   1   1   2.1e-41   9.7e-40  131.5   0.0     1   178     1   164     1   165 0.98 -
d1txga2c.2.1.6       -            180 d1i36a2c.2.1.6.aln   -            179   3.8e-38  126.3   0.0   1   1     9e-40   4.2e-38  126.2   0.0     1   178     1   178     1   179 0.99 -
d1evya2c.2.1.6       -            189 d1i36a2c.2.1.6.aln   -            179     4e-38  126.2   0.0   1   1   9.6e-40   4.5e-38  126.1   0.0     2   177     9   188     8   189 0.99 -
d1bg6a2c.2.1.6       -            184 d1i36a2c.2.1.6.aln   -            179   5.9e-38  125.7   0.5   1   1   1.4e-39   6.4e-38  125.6   0.5     1   175     2   181     2   184 0.98 -
d1mv8a2c.2.1.6       -            202 d1i36a2c.2.1.6.aln   -            179   3.1e-37  123.3   0.0   1   1   7.5e-39   3.5e-37  123.2   0.0     1   177     1   189     1   191 0.98 -
d1ks9a2c.2.1.6       -            167 d1i36a2c.2.1.6.aln   -            179   1.4e-35  118.0   0.0   1   1   3.3e-37   1.5e-35  117.8   0.0     1   175     1   167     1   167 0.99 -
d1f0ya2c.2.1.6       -            192 d1i36a2c.2.1.6.aln   -            179   2.9e-34  113.7   1.6   1   1   7.7e-36   3.6e-34  113.4   1.6     4   178    13   185    11   186 0.99 -
d1lj8a4c.2.1.6       -            286 d1i36a2c.2.1.6.aln   -            179   8.4e-34  112.2   0.0   1   1   2.2e-35     1e-33  111.9   0.0     2   178    57   244    56   245 0.99 -
d1jaya_c.2.1.6       -            212 d1i36a2c.2.1.6.aln   -            179   2.1e-33  110.9   0.2   1   1   5.4e-35   2.5e-33  110.6   0.2     4   179     5   204     2   204 0.99 -
d1dlja2c.2.1.6       -            196 d1i36a2c.2.1.6.aln   -            179   2.3e-33  110.7   0.0   1   1   5.6e-35   2.6e-33  110.6   0.0     1   177     1   184     1   186 0.99 -
d2pv7a2c.2.1.6       -            152 d1i36a2c.2.1.6.aln   -            179   3.4e-31  103.7   0.0   1   1   7.8e-33   3.6e-31  103.6   0.0     4   167     3   150     1   152 0.97 -
d2ahra2c.2.1.6       -            152 d1i36a2c.2.1.6.aln   -            179   4.8e-30   99.9   0.0   1   1   1.1e-31   5.2e-30   99.8   0.0     1   167     1   150     1   152 0.98 -
d1yqga2c.2.1.6       -            152 d1i36a2c.2.1.6.aln   -            179   3.3e-27   90.7   0.2   1   1   7.9e-29   3.7e-27   90.5   0.2     1   167     1   151     1   152 0.99 -
d2i76a2c.2.1.6       -            153 d1i36a2c.2.1.6.aln   -            179   4.5e-27   90.3   0.0   1   1     1e-28   4.8e-27   90.1   0.0     4   170     3   151     1   153 0.98 -
d1gpja2c.2.1.7       -            159 d1i36a2c.2.1.6.aln   -            179    0.0041   12.2   0.5   1   2   0.00016    0.0076   11.3   0.4     1    50    25    75    25   133 0.78 -
d1gpja2c.2.1.7       -            159 d1i36a2c.2.1.6.aln   -            179    0.0041   12.2   0.5   2   2       1.2        56   -1.3   0.0   104   135   103   131    91   152 0.67 -
d1xhca2c.3.1.5       -            122 d1i36a2c.2.1.6.aln   -            179    0.0048   12.0   0.6   1   1   0.00019    0.0089   11.1   0.6     5    29    37    61    34    65 0.89 -
#
# Program:         hmmsearch
# Version:         3.3.2 (Nov 2020)
# Pipeline mode:   SEARCH
# Query file:      /home/elise/Documents/M1-BIM/S2/TMEs/SBAS/tme08/models/d1i36a2c.2.1.6.aln.hmm
# Target file:     /home/elise/Documents/M1-BIM/S2/TMEs/SBAS/tme08/scop/scop/scopTestSeq.fasta
# Option settings: hmmsearch --domtblout /home/elise/Documents/M1-BIM/S2/TMEs/SBAS/tme08/searchResults/d1i36a2c.2.1.6.aln.out -E 1 /home/elise/Documents/M1-BIM/S2/TMEs/SBAS/tme08/models/d1i36a2c.2.1.6.aln.hmm /home/elise/Documents/M1-BIM/S2/TMEs/SBAS/tme08/scop/scop/scopTestSeq.fasta 
# Current dir:     /home/elise/Documents/M1-BIM/S2/TMEs/SBAS/tme08
# Date:            Tue Apr  1 17:30:31 2025
# [ok]
