#                                                                            --- full sequence --- -------------- this domain -------------   hmm coord   ali coord   env coord
# target name        accession   tlen query name           accession   qlen   E-value  score  bias   #  of  c-Evalue  i-Evalue  score  bias  from    to  from    to  from    to  acc description of target
#------------------- ---------- ----- -------------------- ---------- ----- --------- ------ ----- --- --- --------- --------- ------ ----- ----- ----- ----- ----- ----- ----- ---- ---------------------
d1e29a_a.3.1.1       -            135 d1i8oa_a.3.1.1.aln   -            121   4.8e-27   90.1   0.0   1   1   5.3e-29   5.3e-27   90.0   0.0     2   120     2   130     1   131 0.97 -
d1i8oa_a.3.1.1       -            114 d1i8oa_a.3.1.1.aln   -            121   3.3e-22   74.5   0.9   1   1   3.8e-24   3.7e-22   74.3   0.9    24   117     1   114     1   114 0.96 -
d1h32b_a.3.1.1       -            138 d1i8oa_a.3.1.1.aln   -            121     3e-20   68.1   0.0   1   1   3.4e-22   3.4e-20   68.0   0.0     2   118     3   138     2   138 0.97 -
d1gu2a_a.3.1.1       -            124 d1i8oa_a.3.1.1.aln   -            121   4.4e-19   64.4   0.4   1   1     5e-21   4.9e-19   64.2   0.4     2   116     4   123     3   124 0.96 -
d1dw0a_a.3.1.1       -            112 d1i8oa_a.3.1.1.aln   -            121   3.7e-16   54.9   0.1   1   1   4.2e-18   4.1e-16   54.8   0.1     6   112     2   112     1   112 0.92 -
d1c52a_a.3.1.1       -            131 d1i8oa_a.3.1.1.aln   -            121   1.7e-15   52.8   0.8   1   1   4.4e-16   4.4e-14   48.3   0.8    27   120     2   126     1   127 0.90 -
d1wvec_a.3.1.1       -             75 d1i8oa_a.3.1.1.aln   -            121   2.2e-13   46.0   0.0   1   1   3.5e-15   3.5e-13   45.3   0.0    25   114     2    74     1    75 0.92 -
d1c75a_a.3.1.1       -             71 d1i8oa_a.3.1.1.aln   -            121   4.1e-11   38.7   0.5   1   1   5.2e-13   5.1e-11   38.4   0.5    28   110     2    68     1    70 0.93 -
#
# Program:         hmmsearch
# Version:         3.3.2 (Nov 2020)
# Pipeline mode:   SEARCH
# Query file:      /home/elise/Documents/M1-BIM/S2/TMEs/SBAS/tme08/models/d1i8oa_a.3.1.1.aln.hmm
# Target file:     /home/elise/Documents/M1-BIM/S2/TMEs/SBAS/tme08/scop/scop/scopTestSeq.fasta
# Option settings: hmmsearch --domtblout /home/elise/Documents/M1-BIM/S2/TMEs/SBAS/tme08/searchResults/d1i8oa_a.3.1.1.aln.out -E 1 /home/elise/Documents/M1-BIM/S2/TMEs/SBAS/tme08/models/d1i8oa_a.3.1.1.aln.hmm /home/elise/Documents/M1-BIM/S2/TMEs/SBAS/tme08/scop/scop/scopTestSeq.fasta 
# Current dir:     /home/elise/Documents/M1-BIM/S2/TMEs/SBAS/tme08
# Date:            Tue Apr  1 17:30:32 2025
# [ok]
