#                                                                            --- full sequence --- -------------- this domain -------------   hmm coord   ali coord   env coord
# target name        accession   tlen query name           accession   qlen   E-value  score  bias   #  of  c-Evalue  i-Evalue  score  bias  from    to  from    to  from    to  acc description of target
#------------------- ---------- ----- -------------------- ---------- ----- --------- ------ ----- --- --- --------- --------- ------ ----- ----- ----- ----- ----- ----- ----- ---- ---------------------
d1jeta_c.94.1.1      -            517 d1ii5a_c.94.1.1.aln  -            325   5.4e-46  153.1  10.6   1   1   2.1e-47   6.7e-46  152.8  10.6     2   317   126   517   125   517 0.99 -
d3vlva_c.94.1.1      -            490 d1ii5a_c.94.1.1.aln  -            325   2.8e-45  150.8   8.0   1   1   1.1e-46   3.3e-45  150.6   8.0     1   325    15   421    15   421 1.00 -
d1nnfa_c.94.1.1      -            308 d1ii5a_c.94.1.1.aln  -            325   8.8e-43  142.6   9.7   1   1   3.1e-44   9.9e-43  142.5   9.7    10   301     2   306     1   308 0.97 -
d1ursa_c.94.1.1      -            367 d1ii5a_c.94.1.1.aln  -            325   3.1e-40  134.3  10.4   1   1   1.1e-41   3.5e-40  134.1  10.4     6   325     4   367     1   367 0.95 -
d1eu8a_c.94.1.1      -            407 d1ii5a_c.94.1.1.aln  -            325   1.2e-37  125.9   7.7   1   1   4.2e-39   1.3e-37  125.7   7.7     2   325     5   403     4   403 0.99 -
d1q35a_c.94.1.1      -            318 d1ii5a_c.94.1.1.aln  -            325   6.1e-35  117.0   2.8   1   1   2.1e-36   6.8e-35  116.8   2.8     9   306     3   315     1   318 0.98 -
d1uqwa_c.94.1.1      -            487 d1ii5a_c.94.1.1.aln  -            325   4.9e-30  100.9   8.3   1   2         6   1.9e+02   -2.5   0.0   244   263    64    87    11    95 0.48 -
d1uqwa_c.94.1.1      -            487 d1ii5a_c.94.1.1.aln  -            325   4.9e-30  100.9   8.3   2   2   1.6e-31   4.9e-30  100.9   8.3     1   324    97   486    97   487 0.99 -
d2nooa_c.94.1.1      -            496 d1ii5a_c.94.1.1.aln  -            325   5.6e-29   97.5   0.2   1   1   2.4e-30   7.6e-29   97.0   0.2     2   324   105   495   104   496 0.94 -
d1vr5a1c.94.1.1      -            535 d1ii5a_c.94.1.1.aln  -            325   1.9e-28   95.7  10.9   1   2       3.4   1.1e+02   -1.7   0.1   100   138    24    61    15   101 0.68 -
d1vr5a1c.94.1.1      -            535 d1ii5a_c.94.1.1.aln  -            325   1.9e-28   95.7  10.9   2   2     6e-30   1.9e-28   95.7  10.9     1   325   118   519   118   519 0.99 -
d1xoca1c.94.1.1      -            504 d1ii5a_c.94.1.1.aln  -            325     4e-28   94.7  19.7   1   2      0.49        15    1.1   0.1   122   182    54   114    40   120 0.81 -
d1xoca1c.94.1.1      -            504 d1ii5a_c.94.1.1.aln  -            325     4e-28   94.7  19.7   2   2   1.3e-29     4e-28   94.7  19.7     2   324   120   501   119   502 0.95 -
d1pb7a_c.94.1.1      -            289 d1ii5a_c.94.1.1.aln  -            325   2.3e-27   92.2   0.0   1   1   8.1e-29   2.6e-27   92.0   0.0    20   290     3   287     1   289 0.98 -
d1ixha_c.94.1.1      -            321 d1ii5a_c.94.1.1.aln  -            325   7.9e-27   90.4  12.3   1   1   2.8e-28   8.8e-27   90.3  12.3    17   315     3   321     1   321 0.96 -
d3thia_c.94.1.1      -            362 d1ii5a_c.94.1.1.aln  -            325     7e-26   87.3   0.3   1   1   2.5e-27   7.9e-26   87.2   0.3     1   314     2   360     2   362 0.95 -
d1sbpa_c.94.1.1      -            309 d1ii5a_c.94.1.1.aln  -            325   4.2e-22   75.0   9.8   1   1   1.5e-23   4.6e-22   74.8   9.8     8   315     4   307     1   309 0.97 -
d1r9la_c.94.1.1      -            309 d1ii5a_c.94.1.1.aln  -            325   3.1e-21   72.1  11.5   1   1   1.1e-22   3.4e-21   72.0  11.5    10   317     4   308     1   309 0.97 -
d2czla1c.94.1.1      -            270 d1ii5a_c.94.1.1.aln  -            325   1.9e-20   69.5   0.0   1   1   7.7e-22   2.4e-20   69.2   0.0    24   303     7   263     2   269 0.97 -
d2nxoa1c.94.1.1      -            277 d1ii5a_c.94.1.1.aln  -            325   4.3e-19   65.1   0.0   1   1   1.5e-20   4.7e-19   65.0   0.0     9   302     3   275     1   277 0.98 -
d1us5a_c.94.1.1      -            298 d1ii5a_c.94.1.1.aln  -            325     6e-17   58.1   1.2   1   1   2.1e-18   6.5e-17   58.0   1.2     8   310     3   294     1   298 0.97 -
d1al3a_c.94.1.1      -            237 d1ii5a_c.94.1.1.aln  -            325   1.4e-16   56.9   0.0   1   1   4.8e-18   1.5e-16   56.8   0.0    26   304     2   236     1   237 0.95 -
d1sw5a_c.94.1.1      -            270 d1ii5a_c.94.1.1.aln  -            325   7.8e-16   54.4   4.6   1   1   2.9e-17   9.3e-16   54.2   4.6    17   296     3   259     1   268 0.97 -
d2i6ea1c.94.1.1      -            272 d1ii5a_c.94.1.1.aln  -            325   1.3e-15   53.8   0.0   1   1   4.4e-17   1.4e-15   53.6   0.0     9   293     2   269     1   271 0.97 -
d1xt8a1c.94.1.1      -            248 d1ii5a_c.94.1.1.aln  -            325   9.7e-15   50.9   5.8   1   1   3.7e-16   1.2e-14   50.6   5.8    19   300    10   246     5   248 0.94 -
d1ve4a1c.94.1.1      -            206 d1ii5a_c.94.1.1.aln  -            325   2.3e-10   36.6   0.0   1   1   9.1e-12   2.9e-10   36.2   0.0    24   273     8   201     1   203 0.90 -
d2ozza1c.94.1.1      -            228 d1ii5a_c.94.1.1.aln  -            325     4e-10   35.7   0.0   1   1   1.5e-11   4.7e-10   35.5   0.0    57   290    13   227     3   228 0.94 -
d1atga_c.94.1.1      -            231 d1ii5a_c.94.1.1.aln  -            325   4.6e-08   29.0   1.6   1   1   1.5e-09   4.8e-08   28.9   1.6    68   303    20   230     1   231 0.89 -
#
# Program:         hmmsearch
# Version:         3.3.2 (Nov 2020)
# Pipeline mode:   SEARCH
# Query file:      /home/elise/Documents/M1-BIM/S2/TMEs/SBAS/tme08/models/d1ii5a_c.94.1.1.aln.hmm
# Target file:     /home/elise/Documents/M1-BIM/S2/TMEs/SBAS/tme08/scop/scop/scopTestSeq.fasta
# Option settings: hmmsearch --domtblout /home/elise/Documents/M1-BIM/S2/TMEs/SBAS/tme08/searchResults/d1ii5a_c.94.1.1.aln.out -E 1 /home/elise/Documents/M1-BIM/S2/TMEs/SBAS/tme08/models/d1ii5a_c.94.1.1.aln.hmm /home/elise/Documents/M1-BIM/S2/TMEs/SBAS/tme08/scop/scop/scopTestSeq.fasta 
# Current dir:     /home/elise/Documents/M1-BIM/S2/TMEs/SBAS/tme08
# Date:            Tue Apr  1 17:30:32 2025
# [ok]
