#                                                                            --- full sequence --- -------------- this domain -------------   hmm coord   ali coord   env coord
# target name        accession   tlen query name           accession   qlen   E-value  score  bias   #  of  c-Evalue  i-Evalue  score  bias  from    to  from    to  from    to  acc description of target
#------------------- ---------- ----- -------------------- ---------- ----- --------- ------ ----- --- --- --------- --------- ------ ----- ----- ----- ----- ----- ----- ----- ---- ---------------------
d1g41a_c.37.1.20     -            443 d1in4a2c.37.1.20.aln -            298     1e-74  246.6   4.0   1   1     5e-76   1.6e-74  246.0   4.0     2   298     1   443     1   443 1.00 -
d1lv7a_c.37.1.20     -            256 d1in4a2c.37.1.20.aln -            298   1.3e-68  226.6   0.1   1   1   4.5e-70   1.4e-68  226.5   0.1     5   260     2   255     1   256 0.98 -
d1iqpa2c.37.1.20     -            231 d1in4a2c.37.1.20.aln -            298   1.9e-64  213.0   0.7   1   1     7e-66   2.2e-64  212.7   0.7     8   244     4   228     1   230 0.98 -
d1r6bx3c.37.1.20     -            315 d1in4a2c.37.1.20.aln -            298   3.4e-58  192.4   0.1   1   1   1.2e-59   3.8e-58  192.2   0.1     1   298     8   315     8   315 0.99 -
d1svma_c.37.1.20     -            362 d1in4a2c.37.1.20.aln -            298   3.6e-56  185.8   0.0   1   1   2.1e-57   6.7e-56  184.9   0.0     4   298     1   349     1   349 1.00 -
d1sxja2c.37.1.20     -            253 d1in4a2c.37.1.20.aln -            298   1.2e-54  180.8   0.0   1   1   4.1e-56   1.3e-54  180.7   0.0     2   252     1   252     1   253 0.99 -
d1njfa_c.37.1.20     -            239 d1in4a2c.37.1.20.aln -            298   2.7e-52  173.1   0.0   1   1     1e-53   3.2e-52  172.8   0.0    19   240     3   230     1   237 0.97 -
d1um8a_c.37.1.20     -            364 d1in4a2c.37.1.20.aln -            298   4.1e-52  172.4   0.1   1   1   5.5e-53   1.7e-51  170.4   0.1     1   290     3   364     3   364 0.99 -
d1g8pa_c.37.1.20     -            333 d1in4a2c.37.1.20.aln -            298   5.2e-49  162.3   0.1   1   1   1.8e-50   5.8e-49  162.1   0.1     1   298     2   313     2   313 0.99 -
d2a5yb3c.37.1.20     -            277 d1in4a2c.37.1.20.aln -            298   5.2e-46  152.4   0.0   1   1   1.8e-47   5.8e-46  152.3   0.0     8   275     1   276     1   277 0.98 -
d1fnna2c.37.1.20     -            276 d1in4a2c.37.1.20.aln -            298   2.6e-45  150.1   0.0   1   1   9.8e-47   3.1e-45  149.9   0.0     8   269     2   274     1   275 0.99 -
d1d2na_c.37.1.20     -            246 d1in4a2c.37.1.20.aln -            298   1.7e-44  147.4   0.0   1   1   6.6e-46   2.1e-44  147.2   0.0    11   256     3   244     1   245 0.98 -
d1u0ja_c.37.1.20     -            267 d1in4a2c.37.1.20.aln -            298   2.3e-44  147.0   0.0   1   1   7.9e-46   2.5e-44  146.9   0.0     7   274     1   266     1   267 0.99 -
d2fnaa2c.37.1.20     -            283 d1in4a2c.37.1.20.aln -            298   7.7e-40  132.1   2.7   1   1   2.7e-41   8.6e-40  132.0   2.7     8   277     1   282     1   283 0.98 -
d1w5sa2c.37.1.20     -            287 d1in4a2c.37.1.20.aln -            298   1.2e-39  131.5   0.1   1   1   4.4e-41   1.4e-39  131.3   0.1     9   276     3   286     1   287 0.99 -
d1ny5a2c.37.1.20     -            247 d1in4a2c.37.1.20.aln -            298   2.6e-39  130.4   0.9   1   1   8.9e-41   2.8e-39  130.3   0.9    22   264     2   246     1   247 0.97 -
d2p65a_c.37.1.20     -            185 d1in4a2c.37.1.20.aln -            298   1.5e-37  124.6   0.4   1   1   5.2e-39   1.6e-37  124.5   0.4     8   191     1   185     1   185 0.98 -
d1tuea_c.37.1.20     -            205 d1in4a2c.37.1.20.aln -            298   4.3e-32  106.7   0.0   1   1   1.5e-33   4.7e-32  106.6   0.0    18   237     3   203     1   205 0.98 -
d1l8qa2c.37.1.20     -            213 d1in4a2c.37.1.20.aln -            298   2.2e-28   94.5   1.6   1   1   7.5e-30   2.4e-28   94.4   1.6    13   234     2   210     1   213 0.97 -
d2gnoa2c.37.1.20     -            198 d1in4a2c.37.1.20.aln -            298   2.2e-28   94.5   0.2   1   1   7.5e-30   2.4e-28   94.4   0.2    33   242     3   196     1   198 0.96 -
d1a5ta2c.37.1.20     -            207 d1in4a2c.37.1.20.aln -            298   6.7e-27   89.7   0.0   1   1   2.3e-28   7.3e-27   89.5   0.0    19   238     3   204     1   207 0.94 -
d1jqlb_c.37.1.20     -            140 d1in4a2c.37.1.20.aln -            298   7.4e-24   79.7   0.0   1   1   2.5e-25     8e-24   79.6   0.0    29   186     2   139     1   140 0.98 -
d1in4a2c.37.1.20     -            238 d1in4a2c.37.1.20.aln -            298   7.1e-13   43.6   0.4   1   2   2.7e-10   8.4e-09   30.2   0.0    23    76     4    62     1    81 0.88 -
d1in4a2c.37.1.20     -            238 d1in4a2c.37.1.20.aln -            298   7.1e-13   43.6   0.4   2   2   0.00012    0.0037   11.7   0.0   122   177    84   151    75   190 0.75 -
d1qzma_c.37.1.20     -             94 d1in4a2c.37.1.20.aln -            298   2.4e-08   28.7   0.3   1   1   8.4e-10   2.6e-08   28.6   0.3    17   106     2    90     1    93 0.97 -
d1y63a_c.37.1.1      -            174 d1in4a2c.37.1.20.aln -            298   4.7e-05   17.9   0.3   1   2   3.9e-06   0.00012   16.6   0.1    51    77     7    33     5    43 0.89 -
d1y63a_c.37.1.1      -            174 d1in4a2c.37.1.20.aln -            298   4.7e-05   17.9   0.3   2   2       1.1        34   -1.3   0.0   107   138   115   158   107   164 0.64 -
#
# Program:         hmmsearch
# Version:         3.3.2 (Nov 2020)
# Pipeline mode:   SEARCH
# Query file:      /home/elise/Documents/M1-BIM/S2/TMEs/SBAS/tme08/models/d1in4a2c.37.1.20.aln.hmm
# Target file:     /home/elise/Documents/M1-BIM/S2/TMEs/SBAS/tme08/scop/scop/scopTestSeq.fasta
# Option settings: hmmsearch --domtblout /home/elise/Documents/M1-BIM/S2/TMEs/SBAS/tme08/searchResults/d1in4a2c.37.1.20.aln.out -E 1 /home/elise/Documents/M1-BIM/S2/TMEs/SBAS/tme08/models/d1in4a2c.37.1.20.aln.hmm /home/elise/Documents/M1-BIM/S2/TMEs/SBAS/tme08/scop/scop/scopTestSeq.fasta 
# Current dir:     /home/elise/Documents/M1-BIM/S2/TMEs/SBAS/tme08
# Date:            Tue Apr  1 17:30:32 2025
# [ok]
