#                                                                            --- full sequence --- -------------- this domain -------------   hmm coord   ali coord   env coord
# target name        accession   tlen query name           accession   qlen   E-value  score  bias   #  of  c-Evalue  i-Evalue  score  bias  from    to  from    to  from    to  acc description of target
#------------------- ---------- ----- -------------------- ---------- ----- --------- ------ ----- --- --- --------- --------- ------ ----- ----- ----- ----- ----- ----- ----- ---- ---------------------
d1p1ja1c.2.1.3       -            411 d1j5pa4c.2.1.3.aln   -            242   1.3e-56  187.4   0.0   1   1   5.7e-58   1.9e-56  186.9   0.0     1   242    35   369    35   369 0.99 -
d2g82a1c.2.1.3       -            169 d1j5pa4c.2.1.3.aln   -            242   3.3e-51  169.7   1.1   1   1   1.1e-52   3.6e-51  169.6   1.1    24   195     1   168     1   169 0.98 -
d3cina1c.2.1.3       -            276 d1j5pa4c.2.1.3.aln   -            242   2.7e-50  166.8   0.3   1   1   9.1e-52     3e-50  166.6   0.3     1   242     1   276     1   276 0.99 -
d1h6da1c.2.1.3       -            222 d1j5pa4c.2.1.3.aln   -            242   1.6e-39  131.5   0.0   1   1   5.4e-41   1.8e-39  131.3   0.0     2   197    13   221    11   222 0.98 -
d1gr0a1c.2.1.3       -            244 d1j5pa4c.2.1.3.aln   -            242   3.5e-32  107.4   3.7   1   1   1.2e-33   3.9e-32  107.3   3.7    20   234     2   244     1   244 0.99 -
d1cf2o1c.2.1.3       -            172 d1j5pa4c.2.1.3.aln   -            242   9.9e-32  106.0   1.2   1   1   3.3e-33   1.1e-31  105.8   1.2    23   191     1   171     1   172 0.98 -
d1vkna1c.2.1.3       -            177 d1j5pa4c.2.1.3.aln   -            242   5.5e-27   90.4   0.0   1   1   1.9e-28   6.1e-27   90.3   0.0    22   206     1   176     1   177 0.95 -
d1qkia1c.2.1.3       -            204 d1j5pa4c.2.1.3.aln   -            242   2.2e-23   78.6   0.0   1   1   7.2e-25   2.4e-23   78.5   0.0    20   209     2   203     1   204 0.95 -
d1tlta1c.2.1.3       -            165 d1j5pa4c.2.1.3.aln   -            242   9.6e-23   76.6   0.0   1   1   3.2e-24   1.1e-22   76.4   0.0    22   194     1   164     1   165 0.99 -
d2nvwa1c.2.1.3       -            238 d1j5pa4c.2.1.3.aln   -            242   1.6e-22   75.8   0.0   1   1   5.7e-24   1.9e-22   75.6   0.0     7   201     1   238     1   238 0.97 -
d1q0qa2c.2.1.3       -            152 d1j5pa4c.2.1.3.aln   -            242     2e-22   75.5   0.0   1   1   6.7e-24   2.2e-22   75.4   0.0    22   190     1   147     1   152 0.93 -
d1h9aa1c.2.1.3       -            196 d1j5pa4c.2.1.3.aln   -            242   4.2e-22   74.4   0.2   1   1   1.4e-23   4.6e-22   74.3   0.2    23   207     3   195     1   196 0.99 -
d1f06a1c.2.1.3       -            171 d1j5pa4c.2.1.3.aln   -            242   7.4e-22   73.6   0.1   1   1   2.4e-23   7.9e-22   73.5   0.1    23   190     3   167     1   171 0.97 -
d1zh8a1c.2.1.3       -            182 d1j5pa4c.2.1.3.aln   -            242     1e-21   73.2   0.0   1   1   3.6e-23   1.2e-21   73.0   0.0    21   187     2   175     1   180 0.98 -
d1t4ba1c.2.1.3       -            147 d1j5pa4c.2.1.3.aln   -            242   2.6e-21   71.8   0.0   1   1   8.9e-23   2.9e-21   71.7   0.0    22   192     1   145     1   147 0.95 -
d1e5qa1c.2.1.3       -            183 d1j5pa4c.2.1.3.aln   -            242   3.4e-21   71.5   0.4   1   1   1.1e-22   3.7e-21   71.3   0.4    23   203     2   182     1   183 0.98 -
d1ydwa1c.2.1.3       -            185 d1j5pa4c.2.1.3.aln   -            242   4.2e-21   71.2   0.0   1   1   1.4e-22   4.6e-21   71.0   0.0    22   193     1   183     1   185 0.98 -
d1ebfa1c.2.1.3       -            169 d1j5pa4c.2.1.3.aln   -            242     8e-20   67.0   0.3   1   1   2.7e-21   8.8e-20   66.8   0.3    21   192     2   169     1   169 0.98 -
d1xeaa1c.2.1.3       -            168 d1j5pa4c.2.1.3.aln   -            242     2e-19   65.7   0.0   1   1     7e-21   2.3e-19   65.5   0.0    23   192     2   163     1   167 0.96 -
d1lc0a1c.2.1.3       -            173 d1j5pa4c.2.1.3.aln   -            242   7.4e-18   60.6   0.0   1   1   2.4e-19     8e-18   60.4   0.0    25   200     2   172     1   173 0.96 -
d1nvmb1c.2.1.3       -            158 d1j5pa4c.2.1.3.aln   -            242   2.3e-17   59.0   0.2   1   1   8.2e-19   2.7e-17   58.7   0.2    21   189     2   155     1   157 0.93 -
d1drua1c.2.1.3       -            161 d1j5pa4c.2.1.3.aln   -            242   2.5e-13   45.7   0.6   1   1     8e-15   2.6e-13   45.6   0.6    22   187     2   148     1   161 0.84 -
d1yl7a1c.2.1.3       -            136 d1j5pa4c.2.1.3.aln   -            242   8.8e-08   27.5   0.0   1   1   4.9e-09   1.6e-07   26.7   0.0    24   194     1   135     1   136 0.90 -
d1vm6a3c.2.1.3       -            129 d1j5pa4c.2.1.3.aln   -            242   3.5e-06   22.3   0.1   1   2     0.025      0.82    4.7   0.1    23    47     1    25     1    34 0.75 -
d1vm6a3c.2.1.3       -            129 d1j5pa4c.2.1.3.aln   -            242   3.5e-06   22.3   0.1   2   2   6.8e-06   0.00022   16.4   0.0    83   141    31    91    21   104 0.85 -
#
# Program:         hmmsearch
# Version:         3.3.2 (Nov 2020)
# Pipeline mode:   SEARCH
# Query file:      /home/elise/Documents/M1-BIM/S2/TMEs/SBAS/tme08/models/d1j5pa4c.2.1.3.aln.hmm
# Target file:     /home/elise/Documents/M1-BIM/S2/TMEs/SBAS/tme08/scop/scop/scopTestSeq.fasta
# Option settings: hmmsearch --domtblout /home/elise/Documents/M1-BIM/S2/TMEs/SBAS/tme08/searchResults/d1j5pa4c.2.1.3.aln.out -E 1 /home/elise/Documents/M1-BIM/S2/TMEs/SBAS/tme08/models/d1j5pa4c.2.1.3.aln.hmm /home/elise/Documents/M1-BIM/S2/TMEs/SBAS/tme08/scop/scop/scopTestSeq.fasta 
# Current dir:     /home/elise/Documents/M1-BIM/S2/TMEs/SBAS/tme08
# Date:            Tue Apr  1 17:30:32 2025
# [ok]
