#                                                                            --- full sequence --- -------------- this domain -------------   hmm coord   ali coord   env coord
# target name        accession   tlen query name           accession   qlen   E-value  score  bias   #  of  c-Evalue  i-Evalue  score  bias  from    to  from    to  from    to  acc description of target
#------------------- ---------- ----- -------------------- ---------- ----- --------- ------ ----- --- --- --------- --------- ------ ----- ----- ----- ----- ----- ----- ----- ---- ---------------------
d1exra_a.39.1.5      -            146 d1jbaa_a.39.1.5.aln  -            170   1.5e-55  183.2  11.4   1   1   1.5e-56   8.9e-55  180.7  11.4     6   150     1   144     1   146 0.88 -
d1omra_a.39.1.5      -            201 d1jbaa_a.39.1.5.aln  -            170   6.4e-52  171.4   1.9   1   1   1.2e-53   7.5e-52  171.1   1.9     2   169    13   178    12   179 0.99 -
d1qv0a_a.39.1.5      -            189 d1jbaa_a.39.1.5.aln  -            170   1.6e-37  124.6   0.2   1   1     3e-39   1.8e-37  124.3   0.2     1   170    19   173    19   173 0.99 -
d2sasa_a.39.1.5      -            185 d1jbaa_a.39.1.5.aln  -            170   3.2e-34  113.8   8.1   1   2   1.8e-05    0.0011   14.4   2.6     9    42     3    37     2    42 0.93 -
d2sasa_a.39.1.5      -            185 d1jbaa_a.39.1.5.aln  -            170   3.2e-34  113.8   8.1   2   2   1.3e-34   7.7e-33  109.3   0.3     2   170    15   185    14   185 0.98 -
d2zfda1a.39.1.5      -            183 d1jbaa_a.39.1.5.aln  -            170   6.7e-34  112.7   3.7   1   1   1.3e-35   7.6e-34  112.5   3.7     4   170     7   165     4   165 0.96 -
d2scpa_a.39.1.5      -            174 d1jbaa_a.39.1.5.aln  -            170     2e-28   94.9   4.9   1   1   3.7e-30   2.2e-28   94.8   4.9    10   169     2   157     1   158 0.98 -
d1nyaa_a.39.1.5      -            176 d1jbaa_a.39.1.5.aln  -            170   3.7e-27   90.8   1.8   1   1   6.7e-29   4.1e-27   90.6   1.8    12   170     5   166     1   166 0.98 -
d1jfka_a.39.1.5      -            134 d1jbaa_a.39.1.5.aln  -            170   1.8e-26   88.5   7.8   1   1   4.7e-28   2.8e-26   87.9   7.8    18   166     4   133     1   134 0.93 -
d1jbaa_a.39.1.5      -            189 d1jbaa_a.39.1.5.aln  -            170   1.4e-25   85.6   0.9   1   1   3.9e-27   2.4e-25   84.9   0.9    13   169    20   176    14   177 0.92 -
d1xo5a_a.39.1.5      -            180 d1jbaa_a.39.1.5.aln  -            170   8.6e-25   83.1   0.0   1   1   1.6e-26     1e-24   82.9   0.0     2   170     2   170     1   170 0.91 -
d1s6ja_a.39.1.5      -             87 d1jbaa_a.39.1.5.aln  -            170   4.4e-21   71.0   2.7   1   1   8.2e-23     5e-21   70.8   2.7     4    78    13    86    10    87 0.96 -
d1j7qa_a.39.1.5      -             86 d1jbaa_a.39.1.5.aln  -            170   4.5e-13   45.0   0.5   1   1   1.2e-14   7.1e-13   44.3   0.5     6    65     6    65     2    86 0.81 -
d1ctaa_a.39.1.5      -             34 d1jbaa_a.39.1.5.aln  -            170     1e-10   37.2   0.1   1   1   1.8e-12   1.1e-10   37.2   0.1    12    44     2    34     1    34 0.96 -
#
# Program:         hmmsearch
# Version:         3.3.2 (Nov 2020)
# Pipeline mode:   SEARCH
# Query file:      /home/elise/Documents/M1-BIM/S2/TMEs/SBAS/tme08/models/d1jbaa_a.39.1.5.aln.hmm
# Target file:     /home/elise/Documents/M1-BIM/S2/TMEs/SBAS/tme08/scop/scop/scopTestSeq.fasta
# Option settings: hmmsearch --domtblout /home/elise/Documents/M1-BIM/S2/TMEs/SBAS/tme08/searchResults/d1jbaa_a.39.1.5.aln.out -E 1 /home/elise/Documents/M1-BIM/S2/TMEs/SBAS/tme08/models/d1jbaa_a.39.1.5.aln.hmm /home/elise/Documents/M1-BIM/S2/TMEs/SBAS/tme08/scop/scop/scopTestSeq.fasta 
# Current dir:     /home/elise/Documents/M1-BIM/S2/TMEs/SBAS/tme08
# Date:            Tue Apr  1 17:30:33 2025
# [ok]
