#                                                                            --- full sequence --- -------------- this domain -------------   hmm coord   ali coord   env coord
# target name        accession   tlen query name           accession   qlen   E-value  score  bias   #  of  c-Evalue  i-Evalue  score  bias  from    to  from    to  from    to  acc description of target
#------------------- ---------- ----- -------------------- ---------- ----- --------- ------ ----- --- --- --------- --------- ------ ----- ----- ----- ----- ----- ----- ----- ---- ---------------------
d1j0ha1b.1.18.2      -            123 d1ji1a1b.1.18.2.aln  -            102   9.9e-27   89.2   0.0   1   1   2.4e-28   1.1e-26   89.1   0.0     1   101    13   111    13   112 0.98 -
d1m7xa1b.1.18.2      -            110 d1ji1a1b.1.18.2.aln  -            102   6.7e-20   67.3   0.0   1   1   1.6e-21   7.3e-20   67.2   0.0     3   101    10   108     8   109 0.97 -
d3bmva1b.1.18.2      -             83 d1ji1a1b.1.18.2.aln  -            102   8.3e-20   67.0   1.4   1   1   1.9e-21   8.9e-20   66.9   1.4     8    96     2    82     1    83 0.96 -
d2fhfa1b.1.18.2      -            115 d1ji1a1b.1.18.2.aln  -            102   3.4e-18   61.8   1.6   1   1   8.1e-20   3.8e-18   61.7   1.6     2   101     6   111     5   112 0.97 -
d2fhfa2b.1.18.2      -            125 d1ji1a1b.1.18.2.aln  -            102   2.8e-17   58.9   0.4   1   1   6.9e-19   3.2e-17   58.7   0.4     1   101    15   124    15   125 0.98 -
d1edqa1b.1.18.2      -            109 d1ji1a1b.1.18.2.aln  -            102   1.1e-16   57.0   3.0   1   1   2.7e-18   1.2e-16   56.8   3.0     1   100     9   108     9   109 0.97 -
d1w8oa1b.1.18.2      -            103 d1ji1a1b.1.18.2.aln  -            102   1.2e-16   56.8   2.6   1   1   2.8e-18   1.3e-16   56.8   2.6     2   100     2   101     1   103 0.97 -
d1ut9a2b.1.18.2      -             98 d1ji1a1b.1.18.2.aln  -            102   1.3e-16   56.8   0.2   1   1     3e-18   1.4e-16   56.7   0.2     5    99     3    97     1    98 0.97 -
d1k3ia1b.1.18.2      -            102 d1ji1a1b.1.18.2.aln  -            102   4.5e-15   51.8   1.0   1   1     1e-16   4.8e-15   51.7   1.0     7    97     4   101     1   102 0.96 -
d1clca2b.1.18.2      -            100 d1ji1a1b.1.18.2.aln  -            102   1.4e-14   50.3   0.1   1   1   3.1e-16   1.5e-14   50.2   0.1     3   100     2    99     1   100 0.97 -
d1h3ga1b.1.18.2      -             93 d1ji1a1b.1.18.2.aln  -            102   1.5e-14   50.1   0.0   1   1   3.4e-16   1.6e-14   50.1   0.0     5    97     2    91     1    93 0.95 -
d1txka1b.1.18.2      -            115 d1ji1a1b.1.18.2.aln  -            102   3.5e-14   48.9   0.8   1   1   8.4e-16   3.9e-14   48.8   0.8     4   100    14   113    11   115 0.96 -
d2bhua1b.1.18.2      -             97 d1ji1a1b.1.18.2.aln  -            102   8.7e-14   47.7   0.2   1   1     2e-15   9.3e-14   47.6   0.2     4    99     2    95     1    97 0.97 -
d1bf2a1b.1.18.2      -            162 d1ji1a1b.1.18.2.aln  -            102   2.2e-13   46.4   3.9   1   1   7.3e-15   3.4e-13   45.8   3.9     1   101    25   139    25   140 0.98 -
d1qbaa1b.1.18.2      -            105 d1ji1a1b.1.18.2.aln  -            102   2.9e-13   46.0   0.0   1   1   6.8e-15   3.2e-13   45.9   0.0     3   101     2    99     1   100 0.97 -
d2bvya1b.1.18.2      -             94 d1ji1a1b.1.18.2.aln  -            102   2.6e-12   42.9  11.7   1   1   6.1e-14   2.8e-12   42.8  11.7     2    96     2    94     1    94 0.96 -
d1f1sa2b.1.18.2      -             78 d1ji1a1b.1.18.2.aln  -            102   6.8e-12   41.6   0.3   1   1   1.6e-13   7.4e-12   41.5   0.3     9    89     1    78     1    78 0.97 -
#
# Program:         hmmsearch
# Version:         3.3.2 (Nov 2020)
# Pipeline mode:   SEARCH
# Query file:      /home/elise/Documents/M1-BIM/S2/TMEs/SBAS/tme08/models/d1ji1a1b.1.18.2.aln.hmm
# Target file:     /home/elise/Documents/M1-BIM/S2/TMEs/SBAS/tme08/scop/scop/scopTestSeq.fasta
# Option settings: hmmsearch --domtblout /home/elise/Documents/M1-BIM/S2/TMEs/SBAS/tme08/searchResults/d1ji1a1b.1.18.2.aln.out -E 1 /home/elise/Documents/M1-BIM/S2/TMEs/SBAS/tme08/models/d1ji1a1b.1.18.2.aln.hmm /home/elise/Documents/M1-BIM/S2/TMEs/SBAS/tme08/scop/scop/scopTestSeq.fasta 
# Current dir:     /home/elise/Documents/M1-BIM/S2/TMEs/SBAS/tme08
# Date:            Tue Apr  1 17:30:33 2025
# [ok]
