#                                                                            --- full sequence --- -------------- this domain -------------   hmm coord   ali coord   env coord
# target name        accession   tlen query name           accession   qlen   E-value  score  bias   #  of  c-Evalue  i-Evalue  score  bias  from    to  from    to  from    to  acc description of target
#------------------- ---------- ----- -------------------- ---------- ----- --------- ------ ----- --- --- --------- --------- ------ ----- ----- ----- ----- ----- ----- ----- ---- ---------------------
d2jhfa2c.2.1.1       -            176 d1jqba2c.2.1.1.aln   -            176   6.2e-65  213.8   2.1   1   1   1.2e-66   6.8e-65  213.7   2.1     2   175     2   176     1   176 0.99 -
d1qora2c.2.1.1       -            179 d1jqba2c.2.1.1.aln   -            176   9.3e-47  154.6   0.1   1   1   1.8e-48     1e-46  154.5   0.1     3   173     3   173     1   176 0.97 -
d1h2ba2c.2.1.1       -            172 d1jqba2c.2.1.1.aln   -            176   9.2e-45  148.1   2.2   1   1   1.8e-46     1e-44  148.0   2.2     2   171     6   171     5   172 0.94 -
d1vj0a2c.2.1.1       -            182 d1jqba2c.2.1.1.aln   -            176     3e-44  146.4   0.0   1   1   5.7e-46   3.2e-44  146.3   0.0     4   174     4   177     1   179 0.97 -
d2dm6a2c.2.1.1       -            182 d1jqba2c.2.1.1.aln   -            176   7.9e-43  141.8   0.3   1   1   1.6e-44     9e-43  141.6   0.3     2   175     5   174     4   175 0.96 -
d1yb5a2c.2.1.1       -            174 d1jqba2c.2.1.1.aln   -            176   9.5e-43  141.5   1.5   1   1   1.8e-44     1e-42  141.4   1.5     3   176     3   174     1   174 0.96 -
d1pl8a2c.2.1.1       -            171 d1jqba2c.2.1.1.aln   -            176   1.9e-42  140.6   6.0   1   1   3.7e-44   2.1e-42  140.4   6.0     5   174     4   168     1   170 0.95 -
d1pqwa_c.2.1.1       -            183 d1jqba2c.2.1.1.aln   -            176   1.1e-41  138.1   0.4   1   1   2.2e-43   1.2e-41  137.9   0.4     5   174     2   171     1   173 0.98 -
d1piwa2c.2.1.1       -            168 d1jqba2c.2.1.1.aln   -            176   3.2e-40  133.3   0.0   1   1   6.2e-42   3.5e-40  133.2   0.0     3   174     4   168     2   168 0.98 -
d1gu7a2c.2.1.1       -            189 d1jqba2c.2.1.1.aln   -            176     2e-38  127.5   0.0   1   1     4e-40   2.2e-38  127.3   0.0     2   176     3   184     2   184 0.97 -
d1o89a2c.2.1.1       -            177 d1jqba2c.2.1.1.aln   -            176     9e-38  125.3   2.0   1   1   1.8e-39     1e-37  125.2   2.0     2   174     7   169     6   171 0.96 -
d1jqba2c.2.1.1       -            174 d1jqba2c.2.1.1.aln   -            176   2.4e-35  117.4   4.9   1   1   4.8e-37   2.7e-35  117.3   4.9     3   157     2   156     1   172 0.94 -
d1kola2c.2.1.1       -            195 d1jqba2c.2.1.1.aln   -            176   6.9e-35  115.9   2.8   1   1   1.4e-36   7.6e-35  115.8   2.8     7   174     4   175     1   177 0.97 -
d1c1da1c.2.1.7       -            201 d1jqba2c.2.1.1.aln   -            176   3.6e-05   19.1   6.6   1   1   9.2e-07   5.2e-05   18.6   6.6    22    81    21    78     3   117 0.86 -
#
# Program:         hmmsearch
# Version:         3.3.2 (Nov 2020)
# Pipeline mode:   SEARCH
# Query file:      /home/elise/Documents/M1-BIM/S2/TMEs/SBAS/tme08/models/d1jqba2c.2.1.1.aln.hmm
# Target file:     /home/elise/Documents/M1-BIM/S2/TMEs/SBAS/tme08/scop/scop/scopTestSeq.fasta
# Option settings: hmmsearch --domtblout /home/elise/Documents/M1-BIM/S2/TMEs/SBAS/tme08/searchResults/d1jqba2c.2.1.1.aln.out -E 1 /home/elise/Documents/M1-BIM/S2/TMEs/SBAS/tme08/models/d1jqba2c.2.1.1.aln.hmm /home/elise/Documents/M1-BIM/S2/TMEs/SBAS/tme08/scop/scop/scopTestSeq.fasta 
# Current dir:     /home/elise/Documents/M1-BIM/S2/TMEs/SBAS/tme08
# Date:            Tue Apr  1 17:30:33 2025
# [ok]
