#                                                                            --- full sequence --- -------------- this domain -------------   hmm coord   ali coord   env coord
# target name        accession   tlen query name           accession   qlen   E-value  score  bias   #  of  c-Evalue  i-Evalue  score  bias  from    to  from    to  from    to  acc description of target
#------------------- ---------- ----- -------------------- ---------- ----- --------- ------ ----- --- --- --------- --------- ------ ----- ----- ----- ----- ----- ----- ----- ---- ---------------------
d1zina1c.37.1.1      -            183 d1kjwa2c.37.1.1.aln  -            202   6.1e-56  184.9   0.2   1   1   2.2e-57   7.4e-56  184.6   0.2     4   200     1   180     1   181 0.99 -
d1p5zb_c.37.1.1      -            241 d1kjwa2c.37.1.1.aln  -            202   5.9e-44  145.7   0.0   1   1   1.9e-45   6.7e-44  145.6   0.0     4   201     3   220     1   221 0.99 -
d1qf9a_c.37.1.1      -            194 d1kjwa2c.37.1.1.aln  -            202   1.5e-41  137.9   0.0   1   1   4.7e-43   1.6e-41  137.8   0.0     2   201     5   192     4   193 0.97 -
d1khta_c.37.1.1      -            190 d1kjwa2c.37.1.1.aln  -            202   5.3e-39  129.6   0.1   1   1   1.7e-40   5.9e-39  129.4   0.1     3   200     1   188     1   190 0.98 -
d1t0hb_c.37.1.1      -            219 d1kjwa2c.37.1.1.aln  -            202   8.1e-32  106.1   0.0   1   1   2.9e-33   9.8e-32  105.8   0.0     2   187    19   210    18   213 0.97 -
d1vhta_c.37.1.1      -            208 d1kjwa2c.37.1.1.aln  -            202   2.7e-31  104.4   0.3   1   1   8.6e-33     3e-31  104.3   0.3     4   200     4   200     1   202 0.98 -
d1e2ka_c.37.1.1      -            329 d1kjwa2c.37.1.1.aln  -            202     4e-30  100.6   0.0   1   2   0.00022    0.0075   11.5   0.0     5    25     6    26     4    29 0.91 -
d1e2ka_c.37.1.1      -            329 d1kjwa2c.37.1.1.aln  -            202     4e-30  100.6   0.0   2   2   1.5e-27   5.2e-26   87.1   0.0     4   201    32   287    29   288 0.98 -
d1gsia_c.37.1.1      -            208 d1kjwa2c.37.1.1.aln  -            202   8.3e-28   93.0   0.0   1   1   2.9e-29     1e-27   92.7   0.0     4   197     1   196     1   200 0.98 -
d1deka_c.37.1.1      -            241 d1kjwa2c.37.1.1.aln  -            202   2.1e-27   91.7   0.0   1   1   7.5e-29   2.6e-27   91.4   0.0     3   198     1   214     1   218 0.98 -
d1y63a_c.37.1.1      -            174 d1kjwa2c.37.1.1.aln  -            202   2.6e-26   88.1   0.7   1   1   8.9e-28   3.1e-26   87.9   0.7     1   196     3   172     3   174 0.95 -
d1lw7a2c.37.1.1      -            192 d1kjwa2c.37.1.1.aln  -            202   9.5e-25   83.0   0.0   1   1     3e-26     1e-24   82.9   0.0     3   197     7   188     5   192 0.97 -
d3kb2a_c.37.1.1      -            171 d1kjwa2c.37.1.1.aln  -            202   6.5e-24   80.3   0.0   1   1   2.1e-25   7.2e-24   80.2   0.0     5   182     2   171     1   171 0.99 -
d2grja_c.37.1.1      -            179 d1kjwa2c.37.1.1.aln  -            202   5.2e-22   74.1   1.1   1   1   1.7e-23   5.8e-22   73.9   1.1     1   199     1   176     1   179 0.94 -
d1kgda_c.37.1.1      -            178 d1kjwa2c.37.1.1.aln  -            202   8.3e-22   73.4   0.1   1   1   2.7e-23   9.2e-22   73.3   0.1     1   198     1   178     1   178 0.98 -
d1yj5a2c.37.1.1      -            172 d1kjwa2c.37.1.1.aln  -            202   2.8e-21   71.7   0.0   1   1   8.9e-23   3.1e-21   71.6   0.0     2   172    13   171    12   172 0.95 -
d1ly1a_c.37.1.1      -            152 d1kjwa2c.37.1.1.aln  -            202   2.6e-19   65.3   0.0   1   1   8.9e-21   3.1e-19   65.0   0.0     2   167     1   147     1   151 0.97 -
d3akea_c.37.1.0      -            208 d1kjwa2c.37.1.1.aln  -            202     2e-10   36.3   0.6   1   2   3.8e-09   1.3e-07   27.1   0.0     5    41     4    40     1    45 0.95 -
d3akea_c.37.1.0      -            208 d1kjwa2c.37.1.1.aln  -            202     2e-10   36.3   0.6   2   2    0.0031      0.11    7.8   0.1    98   163    95   164    77   190 0.73 -
d2qora_c.37.1.0      -            196 d1kjwa2c.37.1.1.aln  -            202   1.3e-07   27.1   0.1   1   1   2.4e-08   8.3e-07   24.5   0.1     4    60     5    68     2   189 0.64 -
d1kjwa2c.37.1.1      -            199 d1kjwa2c.37.1.1.aln  -            202   7.1e-05   18.1   0.1   1   1   2.7e-06   9.3e-05   17.8   0.1    51   121    66   133    39   186 0.83 -
d1um8a_c.37.1.20     -            364 d1kjwa2c.37.1.1.aln  -            202   0.00015   17.0   0.1   1   2   1.5e-05    0.0005   15.4   0.0     5    31    70    96    67   131 0.87 -
d1um8a_c.37.1.20     -            364 d1kjwa2c.37.1.1.aln  -            202   0.00015   17.0   0.1   2   2       2.1        71   -1.4   0.0    68    68   245   245   190   312 0.57 -
d1in4a2c.37.1.20     -            238 d1kjwa2c.37.1.1.aln  -            202   0.00023   16.5   0.0   1   1   1.2e-05   0.00042   15.6   0.0     6    35    38    67    37   110 0.90 -
d2jaqa_c.37.1.0      -            201 d1kjwa2c.37.1.1.aln  -            202    0.0005   15.4   1.1   1   1   2.8e-05   0.00097   14.4   1.1     4    30     1    27     1   163 0.78 -
d1d2na_c.37.1.20     -            246 d1kjwa2c.37.1.1.aln  -            202    0.0015   13.8   0.0   1   2       7.9   2.7e+02   -3.4   0.0   127   146    14    35     9    39 0.58 -
d1d2na_c.37.1.20     -            246 d1kjwa2c.37.1.1.aln  -            202    0.0015   13.8   0.0   2   2   0.00019    0.0067   11.7   0.0     6    32    43    69    42    71 0.94 -
#
# Program:         hmmsearch
# Version:         3.3.2 (Nov 2020)
# Pipeline mode:   SEARCH
# Query file:      /home/elise/Documents/M1-BIM/S2/TMEs/SBAS/tme08/models/d1kjwa2c.37.1.1.aln.hmm
# Target file:     /home/elise/Documents/M1-BIM/S2/TMEs/SBAS/tme08/scop/scop/scopTestSeq.fasta
# Option settings: hmmsearch --domtblout /home/elise/Documents/M1-BIM/S2/TMEs/SBAS/tme08/searchResults/d1kjwa2c.37.1.1.aln.out -E 1 /home/elise/Documents/M1-BIM/S2/TMEs/SBAS/tme08/models/d1kjwa2c.37.1.1.aln.hmm /home/elise/Documents/M1-BIM/S2/TMEs/SBAS/tme08/scop/scop/scopTestSeq.fasta 
# Current dir:     /home/elise/Documents/M1-BIM/S2/TMEs/SBAS/tme08
# Date:            Tue Apr  1 17:30:34 2025
# [ok]
