#                                                                            --- full sequence --- -------------- this domain -------------   hmm coord   ali coord   env coord
# target name        accession   tlen query name           accession   qlen   E-value  score  bias   #  of  c-Evalue  i-Evalue  score  bias  from    to  from    to  from    to  acc description of target
#------------------- ---------- ----- -------------------- ---------- ----- --------- ------ ----- --- --- --------- --------- ------ ----- ----- ----- ----- ----- ----- ----- ---- ---------------------
d3bzka4b.40.4.5      -             94 d1kl9a2b.40.4.5.aln  -             93   9.5e-13   43.7   1.1   1   1   4.5e-14     1e-12   43.6   1.1    10    91    16    93     7    94 0.92 -
d1c9oa_b.40.4.5      -             66 d1kl9a2b.40.4.5.aln  -             93   3.2e-12   42.0   0.1   1   1   1.5e-13   3.4e-12   41.9   0.1    14    87     3    65     1    66 0.96 -
d2uubl1b.40.4.5      -            118 d1kl9a2b.40.4.5.aln  -             93   3.4e-12   41.9   1.4   1   1   2.2e-13     5e-12   41.4   1.4     1    93    21   113    21   113 0.97 -
d2je6i1b.40.4.5      -             87 d1kl9a2b.40.4.5.aln  -             93     1e-11   40.5   0.8   1   1   4.7e-13   1.1e-11   40.4   0.8     7    91     2    85     1    87 0.96 -
d2uubq1b.40.4.5      -            100 d1kl9a2b.40.4.5.aln  -             93   1.8e-10   36.5   2.3   1   1     9e-12     2e-10   36.3   2.3     6    88     3    83     1    88 0.92 -
d1d7qa_b.40.4.5      -            143 d1kl9a2b.40.4.5.aln  -             93   8.9e-10   34.3   0.0   1   1   7.1e-11   1.6e-09   33.5   0.0     3    87    28   112    26   118 0.91 -
d1luza_b.40.4.5      -             85 d1kl9a2b.40.4.5.aln  -             93   1.4e-09   33.6   0.8   1   1   7.3e-11   1.6e-09   33.4   0.8    21    91    14    84     3    85 0.93 -
d1go3e1b.40.4.5      -            106 d1kl9a2b.40.4.5.aln  -             93   7.4e-09   31.4   0.7   1   1   4.1e-10   9.2e-09   31.1   0.7     2    90     2    90     1    92 0.94 -
d1e3pa2b.40.4.5      -             62 d1kl9a2b.40.4.5.aln  -             93     4e-08   29.1   0.1   1   1   1.8e-09   4.2e-08   29.0   0.1    18    77     1    60     1    62 0.94 -
d1x6oa2b.40.4.5      -             79 d1kl9a2b.40.4.5.aln  -             93   4.1e-08   29.0   0.0   1   1     2e-09   4.5e-08   28.9   0.0    16    85     7    76     2    79 0.92 -
d1wi5a_b.40.4.5      -            119 d1kl9a2b.40.4.5.aln  -             93   4.1e-08   29.0   0.0   1   1   2.2e-09     5e-08   28.7   0.0    20    89    27    96    17   100 0.90 -
d3i4oa_b.40.4.5      -             68 d1kl9a2b.40.4.5.aln  -             93   4.7e-08   28.8   0.2   1   1   2.2e-09   4.9e-08   28.8   0.2     6    71     3    66     1    68 0.94 -
d2vnud2b.40.4.5      -             88 d1kl9a2b.40.4.5.aln  -             93   8.6e-08   28.0   0.6   1   1     4e-09     9e-08   27.9   0.6     6    89     2    85     1    88 0.95 -
d1rl2a2b.40.4.5      -             66 d1kl9a2b.40.4.5.aln  -             93     1e-07   27.8   0.1   1   1   4.8e-09   1.1e-07   27.7   0.1    32    90     9    65     1    65 0.91 -
d2ja9a1b.40.4.5      -             90 d1kl9a2b.40.4.5.aln  -             93   1.5e-07   27.2   0.0   1   1   7.6e-09   1.7e-07   27.0   0.0     6    89     1    80     1    84 0.93 -
d1jt8a_b.40.4.5      -            102 d1kl9a2b.40.4.5.aln  -             93   1.8e-07   27.0   0.5   1   1   9.3e-09   2.1e-07   26.8   0.5     1    80    15    94    15   100 0.96 -
d1y14b1b.40.4.5      -             91 d1kl9a2b.40.4.5.aln  -             93   1.9e-07   26.9   0.0   1   1   9.2e-09   2.1e-07   26.8   0.0     3    92     2    89     1    90 0.95 -
d1jjga_b.40.4.5      -            102 d1kl9a2b.40.4.5.aln  -             93   2.8e-07   26.4   0.4   1   1   1.4e-08   3.1e-07   26.3   0.4     4    91    11    98     8   100 0.93 -
d2ix0a1b.40.4.5      -             90 d1kl9a2b.40.4.5.aln  -             93   3.6e-07   26.0   0.0   1   1   1.7e-08   3.8e-07   26.0   0.0     4    89     4    89     1    90 0.95 -
d1wfqa_b.40.4.5      -             89 d1kl9a2b.40.4.5.aln  -             93   3.8e-07   26.0   0.0   1   1   1.7e-08   3.9e-07   25.9   0.0    31    92    26    87     5    88 0.83 -
d2nn6h1b.40.4.5      -             95 d1kl9a2b.40.4.5.aln  -             93     9e-07   24.8   0.0   1   1   4.6e-08     1e-06   24.6   0.0     7    92     3    88     1    89 0.92 -
d1ne3a_b.40.4.5      -             68 d1kl9a2b.40.4.5.aln  -             93   1.3e-06   24.3   0.1   1   1     7e-08   1.6e-06   24.0   0.1    10    70     7    65     3    67 0.91 -
d1u0la1b.40.4.5      -             66 d1kl9a2b.40.4.5.aln  -             93   2.9e-06   23.2   0.3   1   1   1.4e-07   3.1e-06   23.1   0.3     8    74     3    65     1    66 0.93 -
d2ix0a3b.40.4.5      -             87 d1kl9a2b.40.4.5.aln  -             93   3.2e-06   23.0   0.2   1   1   1.5e-07   3.3e-06   23.0   0.2     4    86     4    86     1    87 0.93 -
d1smxa_b.40.4.5      -             87 d1kl9a2b.40.4.5.aln  -             93   6.1e-06   22.1   0.0   1   1   2.8e-07   6.3e-06   22.1   0.0     8    87     3    82     1    87 0.90 -
d2vnud3b.40.4.5      -            148 d1kl9a2b.40.4.5.aln  -             93     7e-06   21.9   0.0   1   1   4.3e-07   9.8e-06   21.5   0.0     3    93    30   120    28   120 0.97 -
d2nn6i1b.40.4.5      -            125 d1kl9a2b.40.4.5.aln  -             93   1.1e-05   21.3   0.0   1   1   5.9e-07   1.3e-05   21.1   0.0     2    91    14   103    13   105 0.95 -
d2vnud1b.40.4.5      -             95 d1kl9a2b.40.4.5.aln  -             93   7.5e-05   18.7   0.0   1   1   3.6e-06     8e-05   18.6   0.0     4    90     9    95     6    95 0.96 -
d1hh2p1b.40.4.5      -             72 d1kl9a2b.40.4.5.aln  -             93   0.00013   17.9   0.5   1   1   6.1e-06   0.00014   17.9   0.5    23    85    11    70     2    72 0.84 -
d1khia2b.40.4.5      -             71 d1kl9a2b.40.4.5.aln  -             93   0.00013   17.9   0.1   1   1   5.9e-06   0.00013   17.9   0.1    17    80     2    65     1    71 0.90 -
d1ueba2b.40.4.5      -             63 d1kl9a2b.40.4.5.aln  -             93   0.00059   15.9   0.0   1   1   2.7e-05    0.0006   15.8   0.0    12    71     2    61     1    63 0.93 -
d2ix0a2b.40.4.5      -             79 d1kl9a2b.40.4.5.aln  -             93   0.00091   15.3   0.0   1   1   4.3e-05   0.00096   15.2   0.0    25    87    15    77     6    79 0.86 -
d1kl9a2b.40.4.5      -             86 d1kl9a2b.40.4.5.aln  -             93    0.0015   14.5   0.7   1   1   8.4e-05    0.0019   14.2   0.7    10    85    11    84    10    86 0.95 -
d2asba1b.40.4.5      -             76 d1kl9a2b.40.4.5.aln  -             93    0.0022   14.0   0.1   1   1   0.00012    0.0027   13.8   0.1    12    79     4    71     2    75 0.93 -
d1bkba2b.40.4.5      -             65 d1kl9a2b.40.4.5.aln  -             93    0.0035   13.4   0.3   1   1   0.00016    0.0037   13.3   0.3    13    76     2    64     1    65 0.93 -
#
# Program:         hmmsearch
# Version:         3.3.2 (Nov 2020)
# Pipeline mode:   SEARCH
# Query file:      /home/elise/Documents/M1-BIM/S2/TMEs/SBAS/tme08/models/d1kl9a2b.40.4.5.aln.hmm
# Target file:     /home/elise/Documents/M1-BIM/S2/TMEs/SBAS/tme08/scop/scop/scopTestSeq.fasta
# Option settings: hmmsearch --domtblout /home/elise/Documents/M1-BIM/S2/TMEs/SBAS/tme08/searchResults/d1kl9a2b.40.4.5.aln.out -E 1 /home/elise/Documents/M1-BIM/S2/TMEs/SBAS/tme08/models/d1kl9a2b.40.4.5.aln.hmm /home/elise/Documents/M1-BIM/S2/TMEs/SBAS/tme08/scop/scop/scopTestSeq.fasta 
# Current dir:     /home/elise/Documents/M1-BIM/S2/TMEs/SBAS/tme08
# Date:            Tue Apr  1 17:30:34 2025
# [ok]
