#                                                                            --- full sequence --- -------------- this domain -------------   hmm coord   ali coord   env coord
# target name        accession   tlen query name           accession   qlen   E-value  score  bias   #  of  c-Evalue  i-Evalue  score  bias  from    to  from    to  from    to  acc description of target
#------------------- ---------- ----- -------------------- ---------- ----- --------- ------ ----- --- --- --------- --------- ------ ----- ----- ----- ----- ----- ----- ----- ---- ---------------------
d2jhfa1b.35.1.2      -            199 d1kola1b.35.1.2.aln  -            175   3.7e-68  224.3   0.1   1   1   5.8e-70   4.1e-68  224.2   0.1     2   173     5   198     4   199 0.94 -
d1piwa1b.35.1.2      -            193 d1kola1b.35.1.2.aln  -            175   2.2e-52  173.0   1.0   1   1   3.4e-54   2.4e-52  172.8   1.0     3   174     6   185     4   186 0.94 -
d1pl8a1b.35.1.2      -            186 d1kola1b.35.1.2.aln  -            175   3.8e-52  172.2   0.0   1   1   6.7e-54   4.8e-52  171.9   0.0     9   172    10   177     3   179 0.94 -
d1h2ba1b.35.1.2      -            172 d1kola1b.35.1.2.aln  -            175   4.8e-51  168.6   0.0   1   1   7.3e-53   5.3e-51  168.5   0.0     7   174     1   171     1   172 0.94 -
d1jqba1b.35.1.2      -            178 d1kola1b.35.1.2.aln  -            175   4.9e-49  162.1   0.0   1   1   7.7e-51   5.5e-49  161.9   0.0     9   174     3   176     1   177 0.94 -
d1f8fa1b.35.1.2      -            195 d1kola1b.35.1.2.aln  -            175   5.6e-49  161.9   0.1   1   1   9.8e-51   7.1e-49  161.6   0.1     5   174     3   194     1   195 0.93 -
d1yb5a1b.35.1.2      -            151 d1kola1b.35.1.2.aln  -            175   3.1e-36  120.4   0.1   1   1   7.4e-38   5.3e-36  119.6   0.1     4   174     3   149     1   150 0.89 -
d1gu7a1b.35.1.2      -            176 d1kola1b.35.1.2.aln  -            175   1.1e-32  108.8   0.0   1   1   1.7e-34   1.2e-32  108.7   0.0     3   174     4   175     2   176 0.98 -
d1o89a1b.35.1.2      -            147 d1kola1b.35.1.2.aln  -            175   1.3e-31  105.3   0.0   1   1     2e-33   1.5e-31  105.2   0.0     5   174     2   146     1   147 0.96 -
d2dm6a1b.35.1.2      -            148 d1kola1b.35.1.2.aln  -            175   2.2e-29   98.1   0.0   1   1   6.1e-31   4.4e-29   97.1   0.0     3   174     7   147     5   148 0.92 -
d1kola1b.35.1.2      -            202 d1kola1b.35.1.2.aln  -            175   2.1e-23   78.6   0.6   1   1   3.7e-25   2.7e-23   78.3   0.6    28   140    30   156     3   187 0.82 -
#
# Program:         hmmsearch
# Version:         3.3.2 (Nov 2020)
# Pipeline mode:   SEARCH
# Query file:      /home/elise/Documents/M1-BIM/S2/TMEs/SBAS/tme08/models/d1kola1b.35.1.2.aln.hmm
# Target file:     /home/elise/Documents/M1-BIM/S2/TMEs/SBAS/tme08/scop/scop/scopTestSeq.fasta
# Option settings: hmmsearch --domtblout /home/elise/Documents/M1-BIM/S2/TMEs/SBAS/tme08/searchResults/d1kola1b.35.1.2.aln.out -E 1 /home/elise/Documents/M1-BIM/S2/TMEs/SBAS/tme08/models/d1kola1b.35.1.2.aln.hmm /home/elise/Documents/M1-BIM/S2/TMEs/SBAS/tme08/scop/scop/scopTestSeq.fasta 
# Current dir:     /home/elise/Documents/M1-BIM/S2/TMEs/SBAS/tme08
# Date:            Tue Apr  1 17:30:34 2025
# [ok]
