#                                                                            --- full sequence --- -------------- this domain -------------   hmm coord   ali coord   env coord
# target name        accession   tlen query name           accession   qlen   E-value  score  bias   #  of  c-Evalue  i-Evalue  score  bias  from    to  from    to  from    to  acc description of target
#------------------- ---------- ----- -------------------- ---------- ----- --------- ------ ----- --- --- --------- --------- ------ ----- ----- ----- ----- ----- ----- ----- ---- ---------------------
d3bmva4c.1.8.1       -            406 d1kwga2c.1.8.1.aln   -            414  1.6e-109  362.4  18.9   1   1  4.3e-111  1.8e-109  362.3  18.9     9   414    12   406     4   406 0.97 -
d1e43a2c.1.8.1       -            393 d1kwga2c.1.8.1.aln   -            414   4.4e-95  314.9  18.5   1   1   1.2e-96   4.9e-95  314.7  18.5    11   408     2   393     1   393 0.97 -
d2guya2c.1.8.1       -            381 d1kwga2c.1.8.1.aln   -            414   3.6e-92  305.3  11.2   1   1   9.7e-94     4e-92  305.1  11.2     5   408     2   371     1   377 0.97 -
d1wzaa2c.1.8.1       -            409 d1kwga2c.1.8.1.aln   -            414   1.6e-89  296.6  20.3   1   1   4.2e-91   1.8e-89  296.4  20.3     9   413     2   408     1   409 0.96 -
d1uoka2c.1.8.1       -            479 d1kwga2c.1.8.1.aln   -            414   1.7e-88  293.2  21.5   1   1   4.7e-90     2e-88  293.0  21.5     5   413     2   478     1   479 0.97 -
d1ji1a3c.1.8.1       -            432 d1kwga2c.1.8.1.aln   -            414   1.7e-84  280.0  27.0   1   1   4.7e-86   1.9e-84  279.8  27.0     3   413     2   430     1   431 0.98 -
d1h3ga3c.1.8.1       -            422 d1kwga2c.1.8.1.aln   -            414   1.4e-83  277.0  13.0   1   1     4e-85   1.6e-83  276.7  13.0     4   414     4   421     2   421 0.96 -
d1ht6a2c.1.8.1       -            347 d1kwga2c.1.8.1.aln   -            414   2.6e-72  239.9  10.8   1   1     7e-74   2.9e-72  239.7  10.8    12   409     2   346     1   347 0.96 -
d1wdpa_c.1.8.1       -            493 d1kwga2c.1.8.1.aln   -            414   9.7e-68  224.8   1.7   1   1   2.8e-69   1.1e-67  224.6   1.7     6   382     4   405     2   489 0.94 -
d1bf2a3c.1.8.1       -            475 d1kwga2c.1.8.1.aln   -            414   1.9e-67  223.9  18.3   1   1   5.1e-69   2.1e-67  223.7  18.3     4   413     9   471     6   472 0.98 -
d1g5aa2c.1.8.1       -            554 d1kwga2c.1.8.1.aln   -            414   1.3e-66  221.1   7.8   1   1   3.4e-68   1.4e-66  220.9   7.8    10   413    10   552     1   553 0.91 -
d1x1na1c.1.8.1       -            523 d1kwga2c.1.8.1.aln   -            414     1e-65  218.2   0.3   1   1     3e-67   1.3e-65  217.8   0.3     2   408    31   516    30   521 0.97 -
d2bhua3c.1.8.1       -            420 d1kwga2c.1.8.1.aln   -            414   5.5e-64  212.4   0.3   1   1   3.5e-65   1.5e-63  211.0   0.3     3   414     8   419     6   419 0.96 -
d1m7xa3c.1.8.1       -            396 d1kwga2c.1.8.1.aln   -            414   1.5e-56  188.0  22.8   1   1     4e-58   1.7e-56  187.8  22.8     3   413     8   391     6   392 0.97 -
d1ua7a2c.1.8.1       -            344 d1kwga2c.1.8.1.aln   -            414   2.1e-54  180.9  13.4   1   1   6.3e-56   2.6e-54  180.6  13.4     9   409     3   340     1   343 0.92 -
d2fhfa5c.1.8.1       -            563 d1kwga2c.1.8.1.aln   -            414     6e-50  166.2   2.8   1   1   3.4e-51   1.4e-49  165.0   2.8     2   412    12   560    11   562 0.98 -
d1gjwa2c.1.8.1       -            572 d1kwga2c.1.8.1.aln   -            414   1.1e-49  165.4   0.0   1   1   2.8e-51   1.2e-49  165.2   0.0     4   412    12   569     9   571 0.97 -
d1vema2c.1.8.1       -            417 d1kwga2c.1.8.1.aln   -            414   1.8e-45  151.5  10.4   1   1   4.7e-47   1.9e-45  151.3  10.4     4   412     3   414     1   416 0.98 -
d1r7aa2c.1.8.1       -            434 d1kwga2c.1.8.1.aln   -            414   3.6e-44  147.2   0.2   1   1   9.7e-46     4e-44  147.0   0.2     2   412     2   433     1   434 0.99 -
#
# Program:         hmmsearch
# Version:         3.3.2 (Nov 2020)
# Pipeline mode:   SEARCH
# Query file:      /home/elise/Documents/M1-BIM/S2/TMEs/SBAS/tme08/models/d1kwga2c.1.8.1.aln.hmm
# Target file:     /home/elise/Documents/M1-BIM/S2/TMEs/SBAS/tme08/scop/scop/scopTestSeq.fasta
# Option settings: hmmsearch --domtblout /home/elise/Documents/M1-BIM/S2/TMEs/SBAS/tme08/searchResults/d1kwga2c.1.8.1.aln.out -E 1 /home/elise/Documents/M1-BIM/S2/TMEs/SBAS/tme08/models/d1kwga2c.1.8.1.aln.hmm /home/elise/Documents/M1-BIM/S2/TMEs/SBAS/tme08/scop/scop/scopTestSeq.fasta 
# Current dir:     /home/elise/Documents/M1-BIM/S2/TMEs/SBAS/tme08
# Date:            Tue Apr  1 17:30:35 2025
# [ok]
