#                                                                            --- full sequence --- -------------- this domain -------------   hmm coord   ali coord   env coord
# target name        accession   tlen query name           accession   qlen   E-value  score  bias   #  of  c-Evalue  i-Evalue  score  bias  from    to  from    to  from    to  acc description of target
#------------------- ---------- ----- -------------------- ---------- ----- --------- ------ ----- --- --- --------- --------- ------ ----- ----- ----- ----- ----- ----- ----- ---- ---------------------
d1euza1c.2.1.7       -            239 d1luaa1c.2.1.7.aln   -            231   4.3e-83  273.8   3.9   1   1   1.2e-84   4.8e-83  273.6   3.9     1   231     1   238     1   238 0.99 -
d3mw9a1c.2.1.7       -            293 d1luaa1c.2.1.7.aln   -            231   1.3e-68  226.4   0.1   1   1   3.8e-69   1.5e-67  222.9   0.1     5   230     1   291     1   292 0.98 -
d1o0sa1c.2.1.7       -            308 d1luaa1c.2.1.7.aln   -            231   3.8e-66  218.4   0.6   1   1   1.1e-67   4.3e-66  218.2   0.6     1   231     1   287     1   287 0.99 -
d1bgva1c.2.1.7       -            255 d1luaa1c.2.1.7.aln   -            231   5.8e-62  204.6   2.9   1   1   1.6e-63   6.5e-62  204.5   2.9     1   231     5   255     5   255 0.99 -
d1c1da1c.2.1.7       -            201 d1luaa1c.2.1.7.aln   -            231   4.2e-49  162.6   2.2   1   1   1.2e-50   4.6e-49  162.4   2.2     8   213     2   200     1   201 0.97 -
d1vl6a1c.2.1.7       -            222 d1luaa1c.2.1.7.aln   -            231   1.3e-46  154.4   0.4   1   1   3.6e-48   1.4e-46  154.3   0.4     1   230     2   221     2   222 0.98 -
d1nyta1c.2.1.7       -            170 d1luaa1c.2.1.7.aln   -            231     9e-33  109.1   0.0   1   1   2.5e-34     1e-32  109.0   0.0     5   213     1   168     1   170 0.96 -
d1edza1c.2.1.7       -            171 d1luaa1c.2.1.7.aln   -            231   2.1e-32  107.9   0.0   1   1   5.9e-34   2.3e-32  107.8   0.0    40   210     1   170     1   171 0.96 -
d1npya1c.2.1.7       -            167 d1luaa1c.2.1.7.aln   -            231   1.1e-28   95.8   2.5   1   1     3e-30   1.2e-28   95.7   2.5     5   214     1   166     1   167 0.98 -
d1gpja2c.2.1.7       -            159 d1luaa1c.2.1.7.aln   -            231     1e-21   72.9   2.3   1   1     9e-23   3.6e-21   71.2   2.3     2   206     2   157     1   159 0.97 -
d1vj0a2c.2.1.1       -            182 d1luaa1c.2.1.7.aln   -            231   1.4e-05   20.2   0.0   1   1   4.4e-07   1.7e-05   19.9   0.0    21   101    25   111     9   132 0.79 -
d1luaa1c.2.1.7       -            191 d1luaa1c.2.1.7.aln   -            231   8.4e-05   17.6   2.5   1   1   2.9e-06   0.00011   17.2   2.5    22    93    13    80     2   120 0.82 -
d1h2ba2c.2.1.1       -            172 d1luaa1c.2.1.7.aln   -            231   0.00052   15.0   0.9   1   1   1.8e-05   0.00069   14.6   0.9    12    86    16    89    13   114 0.83 -
d1cf2o1c.2.1.3       -            172 d1luaa1c.2.1.7.aln   -            231   0.00083   14.4   0.8   1   1   3.3e-05    0.0013   13.7   0.8    34    69     2    59     1   114 0.70 -
d1pl8a2c.2.1.1       -            171 d1luaa1c.2.1.7.aln   -            231    0.0023   12.9   0.3   1   1   6.6e-05    0.0026   12.7   0.3    26    83    20    77     8   130 0.85 -
d1jaya_c.2.1.6       -            212 d1luaa1c.2.1.7.aln   -            231    0.0024   12.9   0.5   1   1   0.00012    0.0047   11.9   0.5    40    96     8    63     3    70 0.89 -
d1kola2c.2.1.1       -            195 d1luaa1c.2.1.7.aln   -            231    0.0026   12.7   0.2   1   1   8.5e-05    0.0034   12.4   0.2    34    68    27    60    17   108 0.76 -
d1f06a1c.2.1.3       -            171 d1luaa1c.2.1.7.aln   -            231    0.0027   12.7   0.0   1   1   8.7e-05    0.0034   12.3   0.0    36    66     6    36     3   125 0.87 -
d2jhfa2c.2.1.1       -            176 d1luaa1c.2.1.7.aln   -            231    0.0027   12.7   0.3   1   1   7.6e-05     0.003   12.5   0.3    30    83    26    79    10   127 0.79 -
d2gf3a1c.3.1.2       -            282 d1luaa1c.2.1.7.aln   -            231    0.0053   11.7   0.1   1   1   0.00031     0.012   10.5   0.1    35    64     5    34     1   125 0.59 -
#
# Program:         hmmsearch
# Version:         3.3.2 (Nov 2020)
# Pipeline mode:   SEARCH
# Query file:      /home/elise/Documents/M1-BIM/S2/TMEs/SBAS/tme08/models/d1luaa1c.2.1.7.aln.hmm
# Target file:     /home/elise/Documents/M1-BIM/S2/TMEs/SBAS/tme08/scop/scop/scopTestSeq.fasta
# Option settings: hmmsearch --domtblout /home/elise/Documents/M1-BIM/S2/TMEs/SBAS/tme08/searchResults/d1luaa1c.2.1.7.aln.out -E 1 /home/elise/Documents/M1-BIM/S2/TMEs/SBAS/tme08/models/d1luaa1c.2.1.7.aln.hmm /home/elise/Documents/M1-BIM/S2/TMEs/SBAS/tme08/scop/scop/scopTestSeq.fasta 
# Current dir:     /home/elise/Documents/M1-BIM/S2/TMEs/SBAS/tme08
# Date:            Tue Apr  1 17:30:35 2025
# [ok]
