#                                                                            --- full sequence --- -------------- this domain -------------   hmm coord   ali coord   env coord
# target name        accession   tlen query name           accession   qlen   E-value  score  bias   #  of  c-Evalue  i-Evalue  score  bias  from    to  from    to  from    to  acc description of target
#------------------- ---------- ----- -------------------- ---------- ----- --------- ------ ----- --- --- --------- --------- ------ ----- ----- ----- ----- ----- ----- ----- ---- ---------------------
d1j0ha1b.1.18.2      -            123 d1m7xa1b.1.18.2.aln  -            111   7.2e-34  111.9   0.0   1   1   1.8e-35   8.1e-34  111.7   0.0     1   111     5   113     5   113 0.99 -
d1ji1a1b.1.18.2      -            122 d1m7xa1b.1.18.2.aln  -            111   2.2e-24   81.4   3.1   1   1   5.6e-26   2.5e-24   81.2   3.1     2   111    12   119    11   119 0.99 -
d3bmva1b.1.18.2      -             83 d1m7xa1b.1.18.2.aln  -            111   2.1e-20   68.6   2.1   1   1     5e-22   2.2e-20   68.5   2.1    16   103     2    81     1    83 0.95 -
d2fhfa2b.1.18.2      -            125 d1m7xa1b.1.18.2.aln  -            111   2.3e-19   65.2   0.5   1   1   5.8e-21   2.5e-19   65.1   0.5     2   110     8   124     7   125 0.98 -
d1txka1b.1.18.2      -            115 d1m7xa1b.1.18.2.aln  -            111   8.5e-19   63.4   1.6   1   1   2.1e-20   9.3e-19   63.3   1.6     1   110     3   114     3   115 0.98 -
d1edqa1b.1.18.2      -            109 d1m7xa1b.1.18.2.aln  -            111   3.1e-18   61.6   4.2   1   1   7.6e-20   3.3e-18   61.5   4.2     1   108     1   108     1   109 0.98 -
d2fhfa1b.1.18.2      -            115 d1m7xa1b.1.18.2.aln  -            111   6.9e-18   60.5   2.3   1   1   1.7e-19   7.4e-18   60.3   2.3     1   107     1   114     1   115 0.98 -
d1w8oa1b.1.18.2      -            103 d1m7xa1b.1.18.2.aln  -            111     1e-17   59.9   2.5   1   1   2.4e-19   1.1e-17   59.8   2.5    10   109     2   101     1   103 0.97 -
d1bf2a1b.1.18.2      -            162 d1m7xa1b.1.18.2.aln  -            111   6.1e-17   57.4   6.6   1   1   1.8e-18   7.9e-17   57.0   6.6     1   110    38   154    38   155 0.98 -
d1clca2b.1.18.2      -            100 d1m7xa1b.1.18.2.aln  -            111   6.5e-17   57.3   0.2   1   1   1.6e-18   6.9e-17   57.2   0.2     9   105     3    99     1   100 0.96 -
d1ut9a2b.1.18.2      -             98 d1m7xa1b.1.18.2.aln  -            111   8.3e-17   57.0   0.2   1   1     2e-18   8.8e-17   56.9   0.2    12   105     3    97     1    98 0.97 -
d2bhua1b.1.18.2      -             97 d1m7xa1b.1.18.2.aln  -            111   6.6e-16   54.1   0.1   1   1   1.6e-17   7.1e-16   54.0   0.1     9   101     1    94     1    97 0.97 -
d1k3ia1b.1.18.2      -            102 d1m7xa1b.1.18.2.aln  -            111     2e-15   52.5   1.5   1   1     5e-17   2.2e-15   52.4   1.5    14   106     3   102     1   102 0.97 -
d1qbaa1b.1.18.2      -            105 d1m7xa1b.1.18.2.aln  -            111   2.5e-15   52.2   0.0   1   1   6.2e-17   2.7e-15   52.1   0.0     4   107     2   105     1   105 0.98 -
d1h3ga1b.1.18.2      -             93 d1m7xa1b.1.18.2.aln  -            111   6.5e-15   50.9   0.0   1   1   1.6e-16     7e-15   50.8   0.0    10   106     2    92     1    93 0.97 -
d2bvya1b.1.18.2      -             94 d1m7xa1b.1.18.2.aln  -            111   1.5e-12   43.3  11.5   1   1   3.7e-14   1.6e-12   43.2  11.5    12   103     4    93     1    94 0.97 -
d1f1sa2b.1.18.2      -             78 d1m7xa1b.1.18.2.aln  -            111   2.6e-11   39.3   0.5   1   1   6.4e-13   2.8e-11   39.2   0.5    17    97     1    77     1    78 0.95 -
d1ulva2b.1.18.2      -             89 d1m7xa1b.1.18.2.aln  -            111   7.8e-08   28.1   7.8   1   1   1.9e-09   8.4e-08   28.0   7.8    14   106     2    88     1    89 0.96 -
#
# Program:         hmmsearch
# Version:         3.3.2 (Nov 2020)
# Pipeline mode:   SEARCH
# Query file:      /home/elise/Documents/M1-BIM/S2/TMEs/SBAS/tme08/models/d1m7xa1b.1.18.2.aln.hmm
# Target file:     /home/elise/Documents/M1-BIM/S2/TMEs/SBAS/tme08/scop/scop/scopTestSeq.fasta
# Option settings: hmmsearch --domtblout /home/elise/Documents/M1-BIM/S2/TMEs/SBAS/tme08/searchResults/d1m7xa1b.1.18.2.aln.out -E 1 /home/elise/Documents/M1-BIM/S2/TMEs/SBAS/tme08/models/d1m7xa1b.1.18.2.aln.hmm /home/elise/Documents/M1-BIM/S2/TMEs/SBAS/tme08/scop/scop/scopTestSeq.fasta 
# Current dir:     /home/elise/Documents/M1-BIM/S2/TMEs/SBAS/tme08
# Date:            Tue Apr  1 17:30:36 2025
# [ok]
