#                                                                            --- full sequence --- -------------- this domain -------------   hmm coord   ali coord   env coord
# target name        accession   tlen query name           accession   qlen   E-value  score  bias   #  of  c-Evalue  i-Evalue  score  bias  from    to  from    to  from    to  acc description of target
#------------------- ---------- ----- -------------------- ---------- ----- --------- ------ ----- --- --- --------- --------- ------ ----- ----- ----- ----- ----- ----- ----- ---- ---------------------
d1z4ea1d.108.1.1     -            150 d1mk4a_d.108.1.1.aln -            174   1.8e-33  111.4   0.1   1   1   1.1e-34     2e-33  111.3   0.1     6   153     1   147     1   150 0.98 -
d2pq8a_d.108.1.1     -            271 d1mk4a_d.108.1.1.aln -            174   3.8e-33  110.4   0.4   1   1   2.7e-34   4.8e-33  110.1   0.4     9   174     3   181     1   181 0.98 -
d2b5ga_d.108.1.1     -            168 d1mk4a_d.108.1.1.aln -            174   2.7e-32  107.7   0.4   1   1   1.6e-33   2.9e-32  107.5   0.4     7   168     3   167     1   168 0.98 -
d1tiqa_d.108.1.1     -            173 d1mk4a_d.108.1.1.aln -            174   1.1e-31  105.6   0.1   1   1     9e-33   1.6e-31  105.1   0.1     7   171     2   172     1   173 0.97 -
d1nsla_d.108.1.1     -            180 d1mk4a_d.108.1.1.aln -            174   1.7e-31  105.0   0.3   1   1   1.1e-32   1.9e-31  104.9   0.3     1   174     5   180     5   180 0.99 -
d1qsma_d.108.1.1     -            150 d1mk4a_d.108.1.1.aln -            174   2.6e-31  104.5   0.0   1   1   1.6e-32   2.9e-31  104.3   0.0     6   153     2   146     1   150 0.97 -
d2ae6a1d.108.1.1     -            161 d1mk4a_d.108.1.1.aln -            174     6e-31  103.3   0.1   1   1   3.8e-32   6.8e-31  103.1   0.1     4   168     2   158     1   160 0.97 -
d1i12a_d.108.1.1     -            157 d1mk4a_d.108.1.1.aln -            174   3.4e-30  100.8   0.0   1   1   2.3e-31     4e-30  100.6   0.0     8   153     6   154     2   157 0.97 -
d2euia1d.108.1.1     -            153 d1mk4a_d.108.1.1.aln -            174   1.5e-28   95.5   0.1   1   1     9e-30   1.6e-28   95.4   0.1     7   157     1   147     1   153 0.96 -
d1wwza1d.108.1.1     -            157 d1mk4a_d.108.1.1.aln -            174   2.7e-28   94.6   1.0   1   1   1.8e-29   3.3e-28   94.4   1.0     4   159     1   155     1   156 0.97 -
d1ufha_d.108.1.1     -            155 d1mk4a_d.108.1.1.aln -            174   2.4e-27   91.5   0.3   1   1   1.5e-28   2.7e-27   91.4   0.3     6   153     1   152     1   155 0.98 -
d2fiaa1d.108.1.1     -            157 d1mk4a_d.108.1.1.aln -            174   9.7e-27   89.6   0.5   1   1   5.9e-28   1.1e-26   89.4   0.5     7   169     1   156     1   157 0.98 -
d1vkca_d.108.1.1     -            149 d1mk4a_d.108.1.1.aln -            174   1.5e-26   89.0   2.3   1   1   9.1e-28   1.6e-26   88.8   2.3     6   150     3   143     1   148 0.95 -
d1y9wa1d.108.1.1     -            140 d1mk4a_d.108.1.1.aln -            174   3.3e-26   87.8   1.1   1   1     2e-27   3.6e-26   87.7   1.1    13   166     2   139     1   140 0.96 -
d1y9ka1d.108.1.1     -            152 d1mk4a_d.108.1.1.aln -            174   1.1e-25   86.2   0.0   1   1   7.7e-27   1.4e-25   85.8   0.0    12   173     5   144     2   144 0.97 -
d2cy2a1d.108.1.1     -            174 d1mk4a_d.108.1.1.aln -            174   5.7e-25   83.8   2.4   1   1   3.5e-26   6.2e-25   83.7   2.4     7   174     1   174     1   174 0.97 -
d1ghea_d.108.1.1     -            170 d1mk4a_d.108.1.1.aln -            174   1.1e-24   82.8   0.1   1   1   6.9e-26   1.2e-24   82.7   0.1     8   169     2   167     1   170 0.97 -
d1z4ra1d.108.1.1     -            162 d1mk4a_d.108.1.1.aln -            174     2e-24   82.1   0.1   1   1   1.2e-25   2.2e-24   81.9   0.1     2   161     2   161     1   162 0.97 -
d1u6ma_d.108.1.1     -            189 d1mk4a_d.108.1.1.aln -            174   1.4e-23   79.3   0.2   1   2       2.9        52   -0.7   0.0     9    26     3    20     2    26 0.84 -
d1u6ma_d.108.1.1     -            189 d1mk4a_d.108.1.1.aln -            174   1.4e-23   79.3   0.2   2   2   1.7e-24   3.1e-23   78.2   0.2     3   163    20   186    18   189 0.93 -
d2gana1d.108.1.1     -            182 d1mk4a_d.108.1.1.aln -            174   3.4e-23   78.0   0.4   1   1     2e-24   3.7e-23   77.9   0.4     8   163    20   180    13   182 0.96 -
d2fcka1d.108.1.1     -            178 d1mk4a_d.108.1.1.aln -            174     1e-22   76.5   0.1   1   1   6.3e-24   1.1e-22   76.3   0.1     1   170     1   177     1   178 0.98 -
d2fl4a1d.108.1.1     -            146 d1mk4a_d.108.1.1.aln -            174   1.7e-22   75.7   0.3   1   1   1.1e-23   1.9e-22   75.6   0.3     5   163     1   145     1   146 0.97 -
d1cjwa_d.108.1.1     -            166 d1mk4a_d.108.1.1.aln -            174   8.2e-22   73.5   0.0   1   1   5.4e-23   9.7e-22   73.3   0.0     9   165     8   164     7   166 0.97 -
d1n71a_d.108.1.1     -            180 d1mk4a_d.108.1.1.aln -            174   1.3e-21   72.9   0.0   1   1   7.9e-23   1.4e-21   72.8   0.0     1   172     1   179     1   180 0.98 -
d1yx0a1d.108.1.1     -            151 d1mk4a_d.108.1.1.aln -            174   1.6e-21   72.6   0.0   1   1   9.4e-23   1.7e-21   72.5   0.0    18   166    12   150     1   151 0.90 -
d2jdca1d.108.1.1     -            145 d1mk4a_d.108.1.1.aln -            174   1.9e-21   72.3   0.2   1   1   1.2e-22   2.1e-21   72.2   0.2     8   167     2   144     1   145 0.97 -
d1bo4a_d.108.1.1     -            137 d1mk4a_d.108.1.1.aln -            174   2.9e-21   71.8   0.1   1   1   1.9e-22   3.3e-21   71.5   0.1     7   144     3   137     2   137 0.96 -
d2g3aa1d.108.1.1     -            137 d1mk4a_d.108.1.1.aln -            174   5.5e-21   70.8   0.0   1   1   3.2e-22   5.7e-21   70.8   0.0    11   162     5   132     1   137 0.91 -
d2atra1d.108.1.1     -            137 d1mk4a_d.108.1.1.aln -            174   1.6e-20   69.3   0.0   1   1   9.9e-22   1.8e-20   69.2   0.0     6   161     1   136     1   137 0.94 -
d2fiwa1d.108.1.1     -            156 d1mk4a_d.108.1.1.aln -            174   6.3e-20   67.4   0.0   1   1   4.1e-21   7.3e-20   67.2   0.0     6   163     3   148     1   155 0.92 -
d1m4ia_d.108.1.1     -            181 d1mk4a_d.108.1.1.aln -            174   1.3e-19   66.4   0.2   1   1   1.7e-20   3.1e-19   65.2   0.7     5   147     1   133     1   135 0.95 -
d1xeba_d.108.1.1     -            149 d1mk4a_d.108.1.1.aln -            174   3.7e-19   64.9   1.3   1   1   2.5e-20   4.4e-19   64.6   1.3    19   158    13   142     3   148 0.93 -
d1y7ra1d.108.1.1     -            133 d1mk4a_d.108.1.1.aln -            174   5.2e-18   61.2   0.0   1   1   3.1e-19   5.5e-18   61.1   0.0    11   158     5   132     1   133 0.93 -
d2p0wa_d.108.1.1     -            319 d1mk4a_d.108.1.1.aln -            174   5.8e-18   61.0   1.3   1   2   4.2e-17   7.5e-16   54.1   0.1     2   167    31   221    30   224 0.97 -
d2p0wa_d.108.1.1     -            319 d1mk4a_d.108.1.1.aln -            174   5.8e-18   61.0   1.3   2   2     0.012      0.22    7.0   0.0    95   117   220   242   216   249 0.84 -
d2fsra1d.108.1.1     -            164 d1mk4a_d.108.1.1.aln -            174   1.3e-17   59.9   0.0   1   1   7.6e-19   1.4e-17   59.8   0.0     9   164     4   163     1   164 0.96 -
d1q2ya_d.108.1.1     -            140 d1mk4a_d.108.1.1.aln -            174   1.4e-17   59.7   0.3   1   1     1e-18   1.8e-17   59.4   0.3    13   165     8   139     4   139 0.96 -
d1boba_d.108.1.1     -            315 d1mk4a_d.108.1.1.aln -            174   8.4e-17   57.2   0.1   1   1     7e-18   1.2e-16   56.7   0.1     2   172    23   212    22   214 0.98 -
d1yk3a1d.108.1.1     -            198 d1mk4a_d.108.1.1.aln -            174   1.2e-16   56.7   0.1   1   1   8.3e-18   1.5e-16   56.4   0.1     3   165    13   196    11   198 0.97 -
d2aj6a1d.108.1.1     -            118 d1mk4a_d.108.1.1.aln -            174     5e-16   54.7   0.0   1   1     3e-17   5.4e-16   54.6   0.0     6   126     1   116     1   118 0.97 -
d1p0ha_d.108.1.1     -            308 d1mk4a_d.108.1.1.aln -            174   5.9e-15   51.2   0.0   1   3   6.8e-11   1.2e-09   33.9   0.0     3   173    20   209    18   210 0.97 -
d1p0ha_d.108.1.1     -            308 d1mk4a_d.108.1.1.aln -            174   5.9e-15   51.2   0.0   2   3     0.064       1.1    4.7   0.1    77   108   219   250   209   252 0.73 -
d1p0ha_d.108.1.1     -            308 d1mk4a_d.108.1.1.aln -            174   5.9e-15   51.2   0.0   3   3    0.0026     0.047    9.2   0.0   126   150   278   302   269   307 0.80 -
d1r57a_d.108.1.1     -            102 d1mk4a_d.108.1.1.aln -            174   4.2e-13   45.2   0.1   1   1   2.5e-14   4.6e-13   45.1   0.1    88   158    35   101     3   102 0.92 -
d1xmta_d.108.1.1     -             95 d1mk4a_d.108.1.1.aln -            174   2.5e-11   39.4   0.0   1   1   1.9e-12   3.5e-11   38.9   0.0    77   131    21    75     2    95 0.83 -
d2d4pa1d.108.1.1     -            130 d1mk4a_d.108.1.1.aln -            174   7.1e-08   28.2   0.2   1   1   1.3e-08   2.3e-07   26.5   0.2     7   146     1   116     1   128 0.93 -
d1mk4a_d.108.1.1     -            157 d1mk4a_d.108.1.1.aln -            174   3.3e-06   22.7   0.0   1   1   2.7e-07   4.9e-06   22.2   0.0    71   145    44   125     8   128 0.83 -
#
# Program:         hmmsearch
# Version:         3.3.2 (Nov 2020)
# Pipeline mode:   SEARCH
# Query file:      /home/elise/Documents/M1-BIM/S2/TMEs/SBAS/tme08/models/d1mk4a_d.108.1.1.aln.hmm
# Target file:     /home/elise/Documents/M1-BIM/S2/TMEs/SBAS/tme08/scop/scop/scopTestSeq.fasta
# Option settings: hmmsearch --domtblout /home/elise/Documents/M1-BIM/S2/TMEs/SBAS/tme08/searchResults/d1mk4a_d.108.1.1.aln.out -E 1 /home/elise/Documents/M1-BIM/S2/TMEs/SBAS/tme08/models/d1mk4a_d.108.1.1.aln.hmm /home/elise/Documents/M1-BIM/S2/TMEs/SBAS/tme08/scop/scop/scopTestSeq.fasta 
# Current dir:     /home/elise/Documents/M1-BIM/S2/TMEs/SBAS/tme08
# Date:            Tue Apr  1 17:30:36 2025
# [ok]
