#                                                                            --- full sequence --- -------------- this domain -------------   hmm coord   ali coord   env coord
# target name        accession   tlen query name           accession   qlen   E-value  score  bias   #  of  c-Evalue  i-Evalue  score  bias  from    to  from    to  from    to  acc description of target
#------------------- ---------- ----- -------------------- ---------- ----- --------- ------ ----- --- --- --------- --------- ------ ----- ----- ----- ----- ----- ----- ----- ---- ---------------------
d1vpda2c.2.1.6       -            161 d1mv8a2c.2.1.6.aln   -            174   2.2e-43  143.9   2.6   1   1   6.4e-45   2.4e-43  143.8   2.6     2   169     1   161     1   161 0.99 -
d2f1ka2c.2.1.6       -            165 d1mv8a2c.2.1.6.aln   -            174   3.4e-38  127.0   0.0   1   1     1e-39   3.8e-38  126.8   0.0     2   171     1   165     1   165 0.98 -
d1evya2c.2.1.6       -            189 d1mv8a2c.2.1.6.aln   -            174   1.3e-36  121.9   0.0   1   1   3.8e-38   1.4e-36  121.7   0.0     2   169     8   188     7   189 0.98 -
d1bg6a2c.2.1.6       -            184 d1mv8a2c.2.1.6.aln   -            174   2.4e-36  121.0   0.4   1   1   6.9e-38   2.6e-36  120.9   0.4     2   173     2   183     1   184 0.98 -
d1f0ya2c.2.1.6       -            192 d1mv8a2c.2.1.6.aln   -            174   1.3e-35  118.6   2.0   1   1   3.8e-37   1.4e-35  118.5   2.0     2   170     5   179     4   183 0.98 -
d1ks9a2c.2.1.6       -            167 d1mv8a2c.2.1.6.aln   -            174   3.7e-34  113.9   0.0   1   1   1.1e-35   4.1e-34  113.7   0.0     2   168     1   166     1   167 0.97 -
d1jaya_c.2.1.6       -            212 d1mv8a2c.2.1.6.aln   -            174   9.5e-33  109.3   0.3   1   1   2.9e-34   1.1e-32  109.1   0.3     3   171     3   191     1   194 0.97 -
d1txga2c.2.1.6       -            180 d1mv8a2c.2.1.6.aln   -            174   2.2e-32  108.1   0.0   1   1   6.5e-34   2.4e-32  107.9   0.0     2   173     1   176     1   177 0.98 -
d1dlja2c.2.1.6       -            196 d1mv8a2c.2.1.6.aln   -            174   2.2e-30  101.6   0.0   1   1   6.4e-32   2.4e-30  101.4   0.0     2   172     1   188     1   190 0.96 -
d1lj8a4c.2.1.6       -            286 d1mv8a2c.2.1.6.aln   -            174   2.8e-30  101.2   0.0   1   1   9.3e-32   3.5e-30  100.9   0.0     2   174    56   264    55   264 0.99 -
d1yqga2c.2.1.6       -            152 d1mv8a2c.2.1.6.aln   -            174     1e-29   99.4   0.2   1   1     3e-31   1.1e-29   99.3   0.2     2   170     1   150     1   152 0.97 -
d2pv7a2c.2.1.6       -            152 d1mv8a2c.2.1.6.aln   -            174   5.2e-29   97.1   0.0   1   1   1.6e-30     6e-29   96.9   0.0     5   168     3   152     1   152 0.97 -
d2ahra2c.2.1.6       -            152 d1mv8a2c.2.1.6.aln   -            174   2.6e-24   81.8   0.0   1   1   7.8e-26   2.9e-24   81.6   0.0     2   169     1   152     1   152 0.97 -
d1i36a2c.2.1.6       -            152 d1mv8a2c.2.1.6.aln   -            174   6.6e-24   80.5   0.2   1   1   1.9e-25   7.2e-24   80.3   0.2     3   170     2   152     1   152 0.98 -
d2i76a2c.2.1.6       -            153 d1mv8a2c.2.1.6.aln   -            174   1.1e-23   79.8   0.0   1   1   3.1e-25   1.2e-23   79.7   0.0     5   170     3   151     1   153 0.97 -
d1gpja2c.2.1.7       -            159 d1mv8a2c.2.1.6.aln   -            174     5e-08   28.8   0.2   1   1   1.7e-09   6.6e-08   28.4   0.2     2    88    25   109    25   147 0.87 -
d1mv8a2c.2.1.6       -            202 d1mv8a2c.2.1.6.aln   -            174   3.4e-07   26.0   0.0   1   1   1.3e-08   4.7e-07   25.6   0.0     2    88     1   100     1   130 0.68 -
d1c1da1c.2.1.7       -            201 d1mv8a2c.2.1.6.aln   -            174   0.00015   17.5   0.6   1   2     8e-06    0.0003   16.5   0.3     2    64    28    83    27    88 0.87 -
d1c1da1c.2.1.7       -            201 d1mv8a2c.2.1.6.aln   -            174   0.00015   17.5   0.6   2   2       5.8   2.2e+02   -2.6   0.0   121   150   159   188   148   193 0.66 -
d2ivda1c.3.1.2       -            348 d1mv8a2c.2.1.6.aln   -            174   0.00034   16.3   2.6   1   3   4.5e-05    0.0017   14.0   0.3     2    31     1    31     1    34 0.91 -
d2ivda1c.3.1.2       -            348 d1mv8a2c.2.1.6.aln   -            174   0.00034   16.3   2.6   2   3      0.58        22    0.6   0.1     7    28    35    57    33    79 0.74 -
d2ivda1c.3.1.2       -            348 d1mv8a2c.2.1.6.aln   -            174   0.00034   16.3   2.6   3   3       2.3        86   -1.3   0.0   120   145   226   250   221   273 0.82 -
d2r6ja_c.2.1.0       -            310 d1mv8a2c.2.1.6.aln   -            174   0.00043   16.0   0.0   1   1   1.8e-05   0.00066   15.4   0.0     6   117     9   137     4   141 0.78 -
d1xhca2c.3.1.5       -            122 d1mv8a2c.2.1.6.aln   -            174    0.0055   12.4   1.6   1   2   0.00047     0.018   10.7   0.9     6    27    37    58    34    64 0.89 -
d1xhca2c.3.1.5       -            122 d1mv8a2c.2.1.6.aln   -            174    0.0055   12.4   1.6   2   2      0.82        31    0.2   0.0     6    44    67   106    62   113 0.79 -
#
# Program:         hmmsearch
# Version:         3.3.2 (Nov 2020)
# Pipeline mode:   SEARCH
# Query file:      /home/elise/Documents/M1-BIM/S2/TMEs/SBAS/tme08/models/d1mv8a2c.2.1.6.aln.hmm
# Target file:     /home/elise/Documents/M1-BIM/S2/TMEs/SBAS/tme08/scop/scop/scopTestSeq.fasta
# Option settings: hmmsearch --domtblout /home/elise/Documents/M1-BIM/S2/TMEs/SBAS/tme08/searchResults/d1mv8a2c.2.1.6.aln.out -E 1 /home/elise/Documents/M1-BIM/S2/TMEs/SBAS/tme08/models/d1mv8a2c.2.1.6.aln.hmm /home/elise/Documents/M1-BIM/S2/TMEs/SBAS/tme08/scop/scop/scopTestSeq.fasta 
# Current dir:     /home/elise/Documents/M1-BIM/S2/TMEs/SBAS/tme08
# Date:            Tue Apr  1 17:30:36 2025
# [ok]
