#                                                                            --- full sequence --- -------------- this domain -------------   hmm coord   ali coord   env coord
# target name        accession   tlen query name           accession   qlen   E-value  score  bias   #  of  c-Evalue  i-Evalue  score  bias  from    to  from    to  from    to  acc description of target
#------------------- ---------- ----- -------------------- ---------- ----- --------- ------ ----- --- --- --------- --------- ------ ----- ----- ----- ----- ----- ----- ----- ---- ---------------------
d3bmva3b.71.1.1      -             89 d1mxga1b.71.1.1.aln  -             89   5.1e-23   76.6   4.9   1   1   1.5e-24   5.5e-23   76.5   4.9     1    86     1    86     1    89 0.98 -
d1e43a1b.71.1.1      -             90 d1mxga1b.71.1.1.aln  -             89   5.2e-21   70.2   1.5   1   1   1.6e-22   5.6e-21   70.1   1.5     1    86     4    89     4    90 0.98 -
d2guya1b.71.1.1      -             95 d1mxga1b.71.1.1.aln  -             89   9.5e-21   69.4   0.3   1   1   2.9e-22     1e-20   69.3   0.3     3    88     2    87     1    88 0.97 -
d1uasa1b.71.1.1      -             89 d1mxga1b.71.1.1.aln  -             89   6.2e-16   54.0   0.7   1   1   1.8e-17   6.5e-16   53.9   0.7     2    87     2    87     1    89 0.97 -
d1ji1a2b.71.1.1      -             83 d1mxga1b.71.1.1.aln  -             89   2.1e-15   52.3   2.9   1   1     6e-17   2.2e-15   52.3   2.9     4    81     3    80     1    83 0.95 -
d1ea9c2b.71.1.1      -             80 d1mxga1b.71.1.1.aln  -             89   6.4e-14   47.6   0.0   1   1   1.9e-15   6.8e-14   47.5   0.0     2    80     1    79     1    80 0.97 -
d1m7xa2b.71.1.1      -            106 d1mxga1b.71.1.1.aln  -             89   2.6e-13   45.6   0.0   1   1   8.5e-15   3.1e-13   45.4   0.0     9    88    13    92     6    93 0.94 -
d1szna1b.71.1.1      -            103 d1mxga1b.71.1.1.aln  -             89   6.2e-13   44.4   0.1   1   1     2e-14   7.2e-13   44.2   0.1     4    89    15   100    12   100 0.97 -
d1bf2a2b.71.1.1      -            113 d1mxga1b.71.1.1.aln  -             89   9.3e-13   43.9   6.1   1   1   3.1e-14   1.1e-12   43.6   6.1     3    88     6    91     4    92 0.97 -
d1h3ga2b.71.1.1      -             83 d1mxga1b.71.1.1.aln  -             89   1.4e-12   43.3   0.0   1   1   4.5e-14   1.6e-12   43.1   0.0     5    78     2    75     1    82 0.93 -
d1j0ha2b.71.1.1      -             83 d1mxga1b.71.1.1.aln  -             89   1.2e-10   37.1   0.0   1   1   3.5e-12   1.2e-10   37.1   0.0     5    89     5    83     1    83 0.95 -
d1g5aa1b.71.1.1      -             74 d1mxga1b.71.1.1.aln  -             89   1.8e-10   36.6   0.0   1   1   5.3e-12   1.9e-10   36.5   0.0     7    78     2    73     1    74 0.95 -
d1ua7a1b.71.1.1      -             78 d1mxga1b.71.1.1.aln  -             89   1.3e-09   33.8   0.7   1   1   4.2e-11   1.5e-09   33.6   0.7     7    74     8    75     4    78 0.95 -
d2fhfa4b.71.1.1      -            118 d1mxga1b.71.1.1.aln  -             89   1.4e-09   33.8   0.0   1   1   4.6e-11   1.7e-09   33.5   0.0     2    86    19   103    18   106 0.96 -
d1wzaa1b.71.1.1      -             79 d1mxga1b.71.1.1.aln  -             89   2.3e-09   33.0   0.1   1   1   6.6e-11   2.4e-09   33.0   0.1     5    78     3    76     1    79 0.94 -
d1r7aa1b.71.1.1      -             70 d1mxga1b.71.1.1.aln  -             89   7.1e-09   31.5   0.1   1   1     2e-10   7.2e-09   31.4   0.1     2    63     4    65     3    70 0.93 -
d1gjwa1b.71.1.1      -             64 d1mxga1b.71.1.1.aln  -             89   9.4e-07   24.7   0.0   1   1   2.7e-08   9.6e-07   24.7   0.0     3    62     2    61     1    64 0.93 -
d2bhua2b.71.1.1      -             72 d1mxga1b.71.1.1.aln  -             89     1e-05   21.4   0.0   1   1     3e-07   1.1e-05   21.3   0.0     3    71     1    69     1    72 0.96 -
d1lwha1b.71.1.1      -             50 d1mxga1b.71.1.1.aln  -             89   3.8e-05   19.6   0.0   1   1   1.1e-06   3.8e-05   19.6   0.0     4    49     2    47     1    50 0.90 -
d1ht6a1b.71.1.1      -             57 d1mxga1b.71.1.1.aln  -             89   7.7e-05   18.6   0.0   1   1   2.2e-06   7.9e-05   18.5   0.0     4    54     6    56     3    57 0.94 -
d1gcya1b.71.1.1      -             61 d1mxga1b.71.1.1.aln  -             89   0.00024   17.0   0.6   1   1     7e-06   0.00025   16.9   0.6    11    69     3    60     1    61 0.94 -
d1kwga1b.71.1.1      -             54 d1mxga1b.71.1.1.aln  -             89    0.0051   12.8   0.0   1   1   0.00015    0.0055   12.7   0.0    13    59     7    53     2    54 0.92 -
#
# Program:         hmmsearch
# Version:         3.3.2 (Nov 2020)
# Pipeline mode:   SEARCH
# Query file:      /home/elise/Documents/M1-BIM/S2/TMEs/SBAS/tme08/models/d1mxga1b.71.1.1.aln.hmm
# Target file:     /home/elise/Documents/M1-BIM/S2/TMEs/SBAS/tme08/scop/scop/scopTestSeq.fasta
# Option settings: hmmsearch --domtblout /home/elise/Documents/M1-BIM/S2/TMEs/SBAS/tme08/searchResults/d1mxga1b.71.1.1.aln.out -E 1 /home/elise/Documents/M1-BIM/S2/TMEs/SBAS/tme08/models/d1mxga1b.71.1.1.aln.hmm /home/elise/Documents/M1-BIM/S2/TMEs/SBAS/tme08/scop/scop/scopTestSeq.fasta 
# Current dir:     /home/elise/Documents/M1-BIM/S2/TMEs/SBAS/tme08
# Date:            Tue Apr  1 17:30:36 2025
# [ok]
