#                                                                            --- full sequence --- -------------- this domain -------------   hmm coord   ali coord   env coord
# target name        accession   tlen query name           accession   qlen   E-value  score  bias   #  of  c-Evalue  i-Evalue  score  bias  from    to  from    to  from    to  acc description of target
#------------------- ---------- ----- -------------------- ---------- ----- --------- ------ ----- --- --- --------- --------- ------ ----- ----- ----- ----- ----- ----- ----- ---- ---------------------
d2iida1c.3.1.2       -            371 d1n4wa1c.3.1.2.aln   -            355   2.6e-90  299.0   0.0   1   1   9.3e-92   2.9e-90  298.8   0.0     1   336    27   368    27   371 0.98 -
d2f5va1c.3.1.2       -            380 d1n4wa1c.3.1.2.aln   -            355   1.2e-88  293.5   0.0   1   1   4.4e-90   1.4e-88  293.3   0.0     1   355     1   378     1   378 0.98 -
d1kdga1c.3.1.2       -            361 d1n4wa1c.3.1.2.aln   -            355   4.7e-84  278.4   0.0   1   1   1.7e-85   5.3e-84  278.2   0.0     3   352     1   359     1   361 0.98 -
d2dw4a2c.3.1.2       -            450 d1n4wa1c.3.1.2.aln   -            355   2.7e-83  275.9   0.0   1   1   1.1e-84   3.5e-83  275.5   0.0     1   355     2   403     2   403 0.98 -
d1b5qa1c.3.1.2       -            348 d1n4wa1c.3.1.2.aln   -            355   1.1e-81  270.7   0.1   1   1   3.8e-83   1.2e-81  270.5   0.1     5   342     1   348     1   348 0.98 -
d1pn0a1c.3.1.2       -            361 d1n4wa1c.3.1.2.aln   -            355   6.4e-77  254.9   0.0   1   1   2.3e-78   7.2e-77  254.8   0.0     2   354     5   355     4   356 0.99 -
d2gmha1c.3.1.2       -            381 d1n4wa1c.3.1.2.aln   -            355   7.5e-76  251.4   0.0   1   1   2.7e-77   8.5e-76  251.2   0.0     3   355    31   379    29   379 0.99 -
d1seza1c.3.1.2       -            374 d1n4wa1c.3.1.2.aln   -            355   5.7e-74  245.2   0.0   1   1     2e-75   6.4e-74  245.1   0.0     5   353     2   366     1   368 0.99 -
d1ju2a1c.3.1.2       -            352 d1n4wa1c.3.1.2.aln   -            355   2.4e-67  223.5   0.1   1   1   8.5e-69   2.7e-67  223.3   0.1     3   354    25   351    23   352 0.97 -
d2ivda1c.3.1.2       -            348 d1n4wa1c.3.1.2.aln   -            355   3.5e-61  203.2   2.1   1   1   1.2e-62   3.9e-61  203.0   2.1     5   353     1   346     1   348 0.99 -
d1k0ia1c.3.1.2       -            293 d1n4wa1c.3.1.2.aln   -            355   8.7e-61  201.9   0.1   1   1   3.1e-62   9.7e-61  201.7   0.1     4   341     2   292     1   293 0.99 -
d1pj5a2c.3.1.2       -            306 d1n4wa1c.3.1.2.aln   -            355   1.2e-58  194.8   0.1   1   1   4.4e-60   1.4e-58  194.6   0.1     4   350     1   306     1   306 0.99 -
d3c96a1c.3.1.2       -            289 d1n4wa1c.3.1.2.aln   -            355   2.2e-58  194.0   1.2   1   1   7.8e-60   2.5e-58  193.8   1.2     4   343     1   288     1   289 0.99 -
d2gf3a1c.3.1.2       -            282 d1n4wa1c.3.1.2.aln   -            355   7.7e-55  182.3   0.0   1   1   2.7e-56   8.6e-55  182.2   0.0     2   342     1   282     1   282 0.99 -
d1ryia1c.3.1.2       -            277 d1n4wa1c.3.1.2.aln   -            355   1.7e-51  171.3   0.0   1   1   6.6e-53   2.1e-51  171.0   0.0     1   352     1   276     1   277 0.99 -
d2voua1c.3.1.2       -            266 d1n4wa1c.3.1.2.aln   -            355   8.2e-48  159.2   0.2   1   1   2.9e-49   9.2e-48  159.0   0.2     2   341     2   264     1   266 0.98 -
d1n4wa1c.3.1.2       -            368 d1n4wa1c.3.1.2.aln   -            355     1e-35  119.4   0.6   1   1   3.8e-37   1.2e-35  119.2   0.6     5   347     3   362     1   367 0.95 -
d1w4xa1c.3.1.5       -            299 d1n4wa1c.3.1.2.aln   -            355     6e-07   24.8   0.2   1   2   6.4e-08     2e-06   23.0   0.0     4    90     7    99     5   123 0.76 -
d1w4xa1c.3.1.5       -            299 d1n4wa1c.3.1.2.aln   -            355     6e-07   24.8   0.2   2   2       2.9        91   -2.1   0.0   106   139   212   246   206   251 0.82 -
d2gv8a1c.3.1.5       -            336 d1n4wa1c.3.1.2.aln   -            355   5.2e-05   18.4   0.0   1   1   2.5e-06   7.8e-05   17.8   0.0     7    42     7    43     5    45 0.84 -
d1xhca2c.3.1.5       -            122 d1n4wa1c.3.1.2.aln   -            355   5.8e-05   18.2   0.6   1   1   2.3e-06   7.3e-05   17.9   0.6     3    35    31    63    29    70 0.89 -
d1nhpa2c.3.1.5       -            123 d1n4wa1c.3.1.2.aln   -            355   0.00018   16.7   1.2   1   2   7.1e-06   0.00022   16.3   0.3     6    34    32    60    31    67 0.91 -
d1nhpa2c.3.1.5       -            123 d1n4wa1c.3.1.2.aln   -            355   0.00018   16.7   1.2   2   2       2.5        80   -1.9   0.0   177   216    76   115    70   121 0.58 -
d1fl2a2c.3.1.5       -            126 d1n4wa1c.3.1.2.aln   -            355   0.00039   15.5   1.0   1   2   6.6e-05    0.0021   13.1   0.2     5    39    31    64    29    69 0.89 -
d1fl2a2c.3.1.5       -            126 d1n4wa1c.3.1.2.aln   -            355   0.00039   15.5   1.0   2   2      0.34        11    0.9   0.0    30    54    98   122    94   125 0.88 -
d1gpja2c.2.1.7       -            159 d1n4wa1c.3.1.2.aln   -            355   0.00081   14.5   0.2   1   1   4.7e-05    0.0015   13.6   0.2     6    33    26    53    23    61 0.88 -
d1v59a1c.3.1.5       -            234 d1n4wa1c.3.1.2.aln   -            355    0.0012   13.9   2.2   1   2   8.7e-05    0.0027   12.7   2.2     6    37     7    38     3    55 0.86 -
d1v59a1c.3.1.5       -            234 d1n4wa1c.3.1.2.aln   -            355    0.0012   13.9   2.2   2   2       2.7        84   -2.0   0.0   253   309    49   107    40   117 0.78 -
d1fl2a1c.3.1.5       -            185 d1n4wa1c.3.1.2.aln   -            355    0.0044   12.1   4.0   1   1   0.00021    0.0065   11.5   4.0     5    20     2    17     1    19 0.95 -
#
# Program:         hmmsearch
# Version:         3.3.2 (Nov 2020)
# Pipeline mode:   SEARCH
# Query file:      /home/elise/Documents/M1-BIM/S2/TMEs/SBAS/tme08/models/d1n4wa1c.3.1.2.aln.hmm
# Target file:     /home/elise/Documents/M1-BIM/S2/TMEs/SBAS/tme08/scop/scop/scopTestSeq.fasta
# Option settings: hmmsearch --domtblout /home/elise/Documents/M1-BIM/S2/TMEs/SBAS/tme08/searchResults/d1n4wa1c.3.1.2.aln.out -E 1 /home/elise/Documents/M1-BIM/S2/TMEs/SBAS/tme08/models/d1n4wa1c.3.1.2.aln.hmm /home/elise/Documents/M1-BIM/S2/TMEs/SBAS/tme08/scop/scop/scopTestSeq.fasta 
# Current dir:     /home/elise/Documents/M1-BIM/S2/TMEs/SBAS/tme08
# Date:            Tue Apr  1 17:30:36 2025
# [ok]
