#                                                                            --- full sequence --- -------------- this domain -------------   hmm coord   ali coord   env coord
# target name        accession   tlen query name           accession   qlen   E-value  score  bias   #  of  c-Evalue  i-Evalue  score  bias  from    to  from    to  from    to  acc description of target
#------------------- ---------- ----- -------------------- ---------- ----- --------- ------ ----- --- --- --------- --------- ------ ----- ----- ----- ----- ----- ----- ----- ---- ---------------------
d1v59a1c.3.1.5       -            234 d1nhpa2c.3.1.5.aln   -            193   8.9e-52  171.1   2.3   1   1   3.6e-53     1e-51  170.9   2.3     4   192     3   234     1   234 0.98 -
d1mo9a1c.3.1.5       -            262 d1nhpa2c.3.1.5.aln   -            193     2e-40  134.1   0.0   1   1   1.4e-41     4e-40  133.1   0.0     2   192    38   262    37   262 0.99 -
d1m6ia1c.3.1.5       -            214 d1nhpa2c.3.1.5.aln   -            193   1.2e-39  131.5   0.0   1   1   4.7e-41   1.3e-39  131.4   0.0     4   192     2   214     1   214 0.99 -
d1xdia1c.3.1.5       -            234 d1nhpa2c.3.1.5.aln   -            193   1.6e-37  124.6   0.7   1   1   7.9e-39   2.2e-37  124.1   0.7     8   187     3   228     1   232 0.97 -
d1fl2a1c.3.1.5       -            185 d1nhpa2c.3.1.5.aln   -            193   5.7e-37  122.8   2.6   1   1   2.2e-38   6.3e-37  122.7   2.6     7   192     2   181     1   182 0.98 -
d1nhpa1c.3.1.5       -            199 d1nhpa2c.3.1.5.aln   -            193   1.2e-32  108.8   0.0   1   1   4.5e-34   1.3e-32  108.6   0.0     8   191     2   198     1   199 0.98 -
d1w4xa1c.3.1.5       -            299 d1nhpa2c.3.1.5.aln   -            193   3.4e-30  100.7   0.0   1   1   1.4e-31   3.9e-30  100.5   0.0     1   192     2   295     2   296 0.99 -
d2gv8a1c.3.1.5       -            336 d1nhpa2c.3.1.5.aln   -            193   4.4e-23   77.5   0.0   1   1   2.1e-24     6e-23   77.1   0.0     2   192    13   292     6   293 0.99 -
d1w4xa2c.3.1.5       -            235 d1nhpa2c.3.1.5.aln   -            193   1.4e-22   75.9   0.0   1   1   5.4e-24   1.5e-22   75.7   0.0     3   191     5   230     3   232 0.96 -
d1v59a2c.3.1.5       -            122 d1nhpa2c.3.1.5.aln   -            193   7.1e-21   70.3   0.2   1   1   2.6e-22   7.4e-21   70.2   0.2    12   132     5   116     1   122 0.92 -
d1aoga2c.3.1.5       -            117 d1nhpa2c.3.1.5.aln   -            193   7.2e-20   67.0   0.0   1   1   2.7e-21   7.5e-20   66.9   0.0    11   120     1   106     1   117 0.93 -
d1m6ia2c.3.1.5       -            137 d1nhpa2c.3.1.5.aln   -            193   5.5e-18   60.9   0.1   1   1   2.2e-19   6.1e-18   60.7   0.1     3   159    10   136     8   137 0.92 -
d1h6va2c.3.1.5       -            122 d1nhpa2c.3.1.5.aln   -            193   3.2e-16   55.1   0.0   1   1   1.3e-17   3.8e-16   54.9   0.0    15   159     5   122     2   122 0.90 -
d1mo9a2c.3.1.5       -            121 d1nhpa2c.3.1.5.aln   -            193   1.2e-15   53.3   0.2   1   1   4.3e-17   1.2e-15   53.2   0.2    13   156     5   118     1   121 0.88 -
d1xhca2c.3.1.5       -            122 d1nhpa2c.3.1.5.aln   -            193   3.6e-15   51.7   0.0   1   1   1.5e-16   4.1e-15   51.5   0.0     3   118     5   114     3   119 0.89 -
d1vdca2c.3.1.5       -            130 d1nhpa2c.3.1.5.aln   -            193   2.1e-14   49.2   0.0   1   1   9.1e-16   2.6e-14   48.9   0.0    11   121    15   118     8   128 0.92 -
d1onfa2c.3.1.5       -            117 d1nhpa2c.3.1.5.aln   -            193   2.4e-13   45.8   0.0   1   1     9e-15   2.5e-13   45.7   0.0    12   158     4   117     1   117 0.90 -
d1fcda2c.3.1.5       -            141 d1nhpa2c.3.1.5.aln   -            193   1.5e-12   43.1   0.0   1   1   5.8e-14   1.6e-12   43.0   0.0     9   164     5   139     1   141 0.94 -
d1nhpa2c.3.1.5       -            123 d1nhpa2c.3.1.5.aln   -            193     1e-10   37.2   1.5   1   1   8.6e-12   2.4e-10   35.9   1.5    33   149    33   114    27   123 0.86 -
d1fl2a2c.3.1.5       -            126 d1nhpa2c.3.1.5.aln   -            193   7.5e-09   31.1   0.1   1   1   2.7e-10   7.5e-09   31.1   0.1     7   119     9   110     3   126 0.78 -
d2gmha1c.3.1.2       -            381 d1nhpa2c.3.1.5.aln   -            193   1.5e-05   20.3   0.0   1   2   0.00015    0.0042   12.3   0.1     5    29    31    55    29    59 0.88 -
d2gmha1c.3.1.2       -            381 d1nhpa2c.3.1.5.aln   -            193   1.5e-05   20.3   0.0   2   2     0.018      0.52    5.5   0.0   167   192   263   288   237   289 0.86 -
d2gv8a2c.3.1.5       -            107 d1nhpa2c.3.1.5.aln   -            193     3e-05   19.3   0.0   1   1   1.1e-06     3e-05   19.3   0.0    42   119    28   105     1   107 0.86 -
d2gf3a1c.3.1.2       -            282 d1nhpa2c.3.1.5.aln   -            193   9.3e-05   17.7   0.2   1   2   2.1e-05   0.00059   15.1   0.1     5    36     2    33     1   114 0.86 -
d2gf3a1c.3.1.2       -            282 d1nhpa2c.3.1.5.aln   -            193   9.3e-05   17.7   0.2   2   2      0.79        22    0.2   0.0    88   124   162   203   158   237 0.66 -
d2iida1c.3.1.2       -            371 d1nhpa2c.3.1.5.aln   -            193   0.00024   16.4   0.3   1   2   0.00014    0.0041   12.4   0.1    25    71    25    67    18    77 0.86 -
d2iida1c.3.1.2       -            371 d1nhpa2c.3.1.5.aln   -            193   0.00024   16.4   0.3   2   2      0.26       7.2    1.8   0.0    70   123   229   280   204   322 0.78 -
d1ryia1c.3.1.2       -            277 d1nhpa2c.3.1.5.aln   -            193    0.0008   14.7   0.0   1   1   4.7e-05    0.0013   13.9   0.0     5    39     3    40     2    71 0.80 -
d1kdga1c.3.1.2       -            361 d1nhpa2c.3.1.5.aln   -            193    0.0011   14.3   1.4   1   1   4.6e-05    0.0013   14.0   0.6     6    42     2    38     1    47 0.86 -
d2f5va1c.3.1.2       -            380 d1nhpa2c.3.1.5.aln   -            193    0.0014   13.8   0.2   1   1   9.9e-05    0.0028   12.9   0.2     6    38     4    36     2    45 0.89 -
d1kola2c.2.1.1       -            195 d1nhpa2c.3.1.5.aln   -            193    0.0093   11.2   2.9   1   2   0.00025     0.007   11.6   1.3     6    35    26    55    22    75 0.84 -
d1kola2c.2.1.1       -            195 d1nhpa2c.3.1.5.aln   -            193    0.0093   11.2   2.9   2   2       4.1   1.2e+02   -2.2   0.0    51    73   115   137    86   154 0.59 -
#
# Program:         hmmsearch
# Version:         3.3.2 (Nov 2020)
# Pipeline mode:   SEARCH
# Query file:      /home/elise/Documents/M1-BIM/S2/TMEs/SBAS/tme08/models/d1nhpa2c.3.1.5.aln.hmm
# Target file:     /home/elise/Documents/M1-BIM/S2/TMEs/SBAS/tme08/scop/scop/scopTestSeq.fasta
# Option settings: hmmsearch --domtblout /home/elise/Documents/M1-BIM/S2/TMEs/SBAS/tme08/searchResults/d1nhpa2c.3.1.5.aln.out -E 1 /home/elise/Documents/M1-BIM/S2/TMEs/SBAS/tme08/models/d1nhpa2c.3.1.5.aln.hmm /home/elise/Documents/M1-BIM/S2/TMEs/SBAS/tme08/scop/scop/scopTestSeq.fasta 
# Current dir:     /home/elise/Documents/M1-BIM/S2/TMEs/SBAS/tme08
# Date:            Tue Apr  1 17:30:37 2025
# [ok]
