#                                                                            --- full sequence --- -------------- this domain -------------   hmm coord   ali coord   env coord
# target name        accession   tlen query name           accession   qlen   E-value  score  bias   #  of  c-Evalue  i-Evalue  score  bias  from    to  from    to  from    to  acc description of target
#------------------- ---------- ----- -------------------- ---------- ----- --------- ------ ----- --- --- --------- --------- ------ ----- ----- ----- ----- ----- ----- ----- ---- ---------------------
d1jeta_c.94.1.1      -            517 d1nnfa_c.94.1.1.aln  -            309   9.1e-48  158.9   9.8   1   1   4.4e-49   1.2e-47  158.6   9.8     2   308   132   517   131   517 0.99 -
d3vlva_c.94.1.1      -            490 d1nnfa_c.94.1.1.aln  -            309   9.1e-42  139.3   6.8   1   1   4.2e-43   1.1e-41  139.0   6.8     1   309     9   421     9   421 0.99 -
d1ursa_c.94.1.1      -            367 d1nnfa_c.94.1.1.aln  -            309   1.2e-36  122.5   8.7   1   1   5.1e-38   1.3e-36  122.4   8.7     6   308     3   366     1   367 0.98 -
d1q35a_c.94.1.1      -            318 d1nnfa_c.94.1.1.aln  -            309   8.2e-35  116.6   2.2   1   1   3.4e-36   9.1e-35  116.4   2.2     7   291     2   316     1   318 0.98 -
d1eu8a_c.94.1.1      -            407 d1nnfa_c.94.1.1.aln  -            309   9.9e-34  113.0   5.8   1   1   4.2e-35   1.1e-33  112.8   5.8     2   308     2   402     1   403 0.99 -
d1uqwa_c.94.1.1      -            487 d1nnfa_c.94.1.1.aln  -            309   3.6e-31  104.6   7.5   1   1   1.7e-32   4.6e-31  104.3   7.5     1   303   105   485   105   487 0.98 -
d1pb7a_c.94.1.1      -            289 d1nnfa_c.94.1.1.aln  -            309   5.6e-29   97.5   0.0   1   1   2.4e-30   6.2e-29   97.3   0.0    14   282     3   288     1   289 0.98 -
d3thia_c.94.1.1      -            362 d1nnfa_c.94.1.1.aln  -            309   6.6e-29   97.2   0.3   1   1   2.8e-30   7.4e-29   97.1   0.3     4   308     2   359     1   360 0.98 -
d1xoca1c.94.1.1      -            504 d1nnfa_c.94.1.1.aln  -            309     9e-29   96.8  11.5   1   1   4.4e-30   1.2e-28   96.4  11.5    41   306   148   503   101   504 0.91 -
d1vr5a1c.94.1.1      -            535 d1nnfa_c.94.1.1.aln  -            309   9.7e-28   93.4   9.7   1   1   5.5e-29   1.4e-27   92.9   9.7     2   308    97   522    96   523 0.97 -
d1r9la_c.94.1.1      -            309 d1nnfa_c.94.1.1.aln  -            309     8e-27   90.4  10.4   1   1   3.4e-28   8.9e-27   90.3  10.4     3   294     2   309     1   309 0.99 -
d2nooa_c.94.1.1      -            496 d1nnfa_c.94.1.1.aln  -            309   1.8e-26   89.2   0.3   1   1   8.4e-28   2.2e-26   89.0   0.3     2   304   101   495   100   496 0.99 -
d2czla1c.94.1.1      -            270 d1nnfa_c.94.1.1.aln  -            309   5.7e-25   84.4   0.0   1   1   2.5e-26   6.6e-25   84.1   0.0    21   297    10   266     5   269 0.97 -
d1sbpa_c.94.1.1      -            309 d1nnfa_c.94.1.1.aln  -            309   4.7e-19   65.0   8.9   1   1     2e-20   5.1e-19   64.9   8.9     8   292     5   307     1   309 0.93 -
d1ixha_c.94.1.1      -            321 d1nnfa_c.94.1.1.aln  -            309   1.1e-18   63.8  12.0   1   1   4.7e-20   1.2e-18   63.6  12.0    12   305     4   320     1   321 0.91 -
d1us5a_c.94.1.1      -            298 d1nnfa_c.94.1.1.aln  -            309   4.5e-17   58.5   1.6   1   1   1.9e-18     5e-17   58.4   1.6     7   307     3   296     1   298 0.96 -
d1nnfa_c.94.1.1      -            308 d1nnfa_c.94.1.1.aln  -            309   9.1e-17   57.5   5.1   1   1     4e-18   1.1e-16   57.3   5.1     9   244     2   262     1   305 0.93 -
d1sw5a_c.94.1.1      -            270 d1nnfa_c.94.1.1.aln  -            309   3.5e-15   52.3   4.9   1   1   1.5e-16   3.9e-15   52.2   4.9     7   300     3   269     1   270 0.92 -
d2i6ea1c.94.1.1      -            272 d1nnfa_c.94.1.1.aln  -            309   4.5e-15   52.0   0.0   1   1     2e-16   5.3e-15   51.8   0.0    12   285     3   266     1   271 0.97 -
d2nxoa1c.94.1.1      -            277 d1nnfa_c.94.1.1.aln  -            309   4.8e-15   51.9   0.0   1   1   2.2e-16   5.7e-15   51.6   0.0    11   293     3   271     1   276 0.96 -
d1al3a_c.94.1.1      -            237 d1nnfa_c.94.1.1.aln  -            309   9.6e-15   50.9   0.0   1   1     4e-16   1.1e-14   50.8   0.0    20   294     2   235     1   237 0.93 -
d1twya_c.94.1.1      -            249 d1nnfa_c.94.1.1.aln  -            309   1.3e-13   47.2   0.1   1   1   5.7e-15   1.5e-13   47.0   0.1    17   276     8   242     3   249 0.88 -
d1xt8a1c.94.1.1      -            248 d1nnfa_c.94.1.1.aln  -            309   5.5e-13   45.2   4.9   1   1   2.4e-14   6.4e-13   44.9   4.9    27   290    18   245     2   247 0.87 -
d1ii5a_c.94.1.1      -            226 d1nnfa_c.94.1.1.aln  -            309   6.3e-11   38.4   0.1   1   1   2.7e-12   7.2e-11   38.2   0.1    62   275    22   224     7   226 0.95 -
d2esna2c.94.1.1      -            212 d1nnfa_c.94.1.1.aln  -            309     1e-09   34.5   0.0   1   1   4.4e-11   1.2e-09   34.3   0.0     9   273     2   206     1   211 0.95 -
d2ozza1c.94.1.1      -            228 d1nnfa_c.94.1.1.aln  -            309   1.3e-09   34.1   0.0   1   1   5.2e-11   1.4e-09   34.1   0.0    10   270     6   217     1   228 0.93 -
d1ve4a1c.94.1.1      -            206 d1nnfa_c.94.1.1.aln  -            309   2.5e-09   33.2   0.0   1   1   1.2e-10   3.2e-09   32.8   0.0    21   264    11   201     2   204 0.89 -
d2qmwa1c.94.1.1      -            184 d1nnfa_c.94.1.1.aln  -            309   4.9e-08   29.0   0.1   1   1   2.1e-09   5.5e-08   28.8   0.1   126   282    37   182    21   184 0.86 -
d1i6aa_c.94.1.1      -            212 d1nnfa_c.94.1.1.aln  -            309   3.3e-07   26.3   0.0   1   1   1.5e-08   3.8e-07   26.0   0.0    67   281    14   208     7   212 0.94 -
d1ixca2c.94.1.1      -            205 d1nnfa_c.94.1.1.aln  -            309   2.7e-06   23.3   0.0   1   1   1.2e-07   3.1e-06   23.1   0.0    69   277    15   201     3   205 0.93 -
#
# Program:         hmmsearch
# Version:         3.3.2 (Nov 2020)
# Pipeline mode:   SEARCH
# Query file:      /home/elise/Documents/M1-BIM/S2/TMEs/SBAS/tme08/models/d1nnfa_c.94.1.1.aln.hmm
# Target file:     /home/elise/Documents/M1-BIM/S2/TMEs/SBAS/tme08/scop/scop/scopTestSeq.fasta
# Option settings: hmmsearch --domtblout /home/elise/Documents/M1-BIM/S2/TMEs/SBAS/tme08/searchResults/d1nnfa_c.94.1.1.aln.out -E 1 /home/elise/Documents/M1-BIM/S2/TMEs/SBAS/tme08/models/d1nnfa_c.94.1.1.aln.hmm /home/elise/Documents/M1-BIM/S2/TMEs/SBAS/tme08/scop/scop/scopTestSeq.fasta 
# Current dir:     /home/elise/Documents/M1-BIM/S2/TMEs/SBAS/tme08
# Date:            Tue Apr  1 17:30:37 2025
# [ok]
