#                                                                            --- full sequence --- -------------- this domain -------------   hmm coord   ali coord   env coord
# target name        accession   tlen query name           accession   qlen   E-value  score  bias   #  of  c-Evalue  i-Evalue  score  bias  from    to  from    to  from    to  acc description of target
#------------------- ---------- ----- -------------------- ---------- ----- --------- ------ ----- --- --- --------- --------- ------ ----- ----- ----- ----- ----- ----- ----- ---- ---------------------
d1euza1c.2.1.7       -            239 d1npya1c.2.1.7.aln   -            231   2.8e-84  277.7   4.2   1   1   7.2e-86   3.2e-84  277.5   4.2     1   231     1   238     1   238 0.99 -
d3mw9a1c.2.1.7       -            293 d1npya1c.2.1.7.aln   -            231   9.4e-69  226.9   0.0   1   1     3e-69   1.3e-67  223.1   0.0     5   230     1   291     1   292 0.98 -
d1o0sa1c.2.1.7       -            308 d1npya1c.2.1.7.aln   -            231   7.6e-64  210.8   0.5   1   1     2e-65   8.9e-64  210.6   0.5     1   231     1   287     1   287 0.99 -
d1bgva1c.2.1.7       -            255 d1npya1c.2.1.7.aln   -            231   3.6e-62  205.3   3.1   1   1   9.1e-64     4e-62  205.2   3.1     1   231     5   255     5   255 0.99 -
d1c1da1c.2.1.7       -            201 d1npya1c.2.1.7.aln   -            231     1e-49  164.6   3.6   1   1   2.6e-51   1.1e-49  164.4   3.6     8   212     2   199     1   201 0.98 -
d1vl6a1c.2.1.7       -            222 d1npya1c.2.1.7.aln   -            231   3.5e-47  156.3   0.4   1   1   8.9e-49   3.9e-47  156.1   0.4     1   230     2   221     2   222 0.98 -
d1luaa1c.2.1.7       -            191 d1npya1c.2.1.7.aln   -            231   2.6e-32  107.6   7.7   1   1   6.6e-34   2.9e-32  107.5   7.7     3   216     1   191     1   191 0.98 -
d1nyta1c.2.1.7       -            170 d1npya1c.2.1.7.aln   -            231     3e-32  107.4   0.0   1   1   7.5e-34   3.3e-32  107.3   0.0     5   213     1   168     1   170 0.97 -
d1edza1c.2.1.7       -            171 d1npya1c.2.1.7.aln   -            231   1.2e-30  102.2   0.0   1   1     3e-32   1.3e-30  102.1   0.0    40   210     1   170     1   171 0.96 -
d1gpja2c.2.1.7       -            159 d1npya1c.2.1.7.aln   -            231   2.7e-21   71.6   3.2   1   1   3.9e-22   1.7e-20   69.0   3.2     2   206     2   157     1   159 0.97 -
d1vj0a2c.2.1.1       -            182 d1npya1c.2.1.7.aln   -            231   1.5e-05   20.1   0.0   1   1   4.4e-07   1.9e-05   19.7   0.0    30    86    26    87     9   122 0.79 -
d1kola2c.2.1.1       -            195 d1npya1c.2.1.7.aln   -            231   2.7e-05   19.2   1.2   1   1   7.5e-07   3.3e-05   19.0   1.2    34   128    27   123    16   159 0.75 -
d1cf2o1c.2.1.3       -            172 d1npya1c.2.1.7.aln   -            231   4.9e-05   18.4   0.9   1   1   1.5e-06   6.7e-05   17.9   0.9    34    85     2    75     1   146 0.81 -
d1pl8a2c.2.1.1       -            171 d1npya1c.2.1.7.aln   -            231   0.00018   16.6   0.6   1   1   4.9e-06   0.00022   16.3   0.6    24    83    18    77     7   130 0.83 -
d2jhfa2c.2.1.1       -            176 d1npya1c.2.1.7.aln   -            231    0.0012   13.9   0.5   1   1   3.1e-05    0.0013   13.7   0.5    17    86    22    91    10   127 0.75 -
d1jaya_c.2.1.6       -            212 d1npya1c.2.1.7.aln   -            231    0.0029   12.6   1.2   1   2   0.00012    0.0051   11.8   0.7    40   101     8    67     3    72 0.82 -
d1jaya_c.2.1.6       -            212 d1npya1c.2.1.7.aln   -            231    0.0029   12.6   1.2   2   2       2.3     1e+02   -2.3   0.0   209   214   113   118    74   140 0.56 -
d1f06a1c.2.1.3       -            171 d1npya1c.2.1.7.aln   -            231    0.0048   11.9   0.0   1   1   0.00019    0.0083   11.1   0.0    36    63     6    33     3    65 0.89 -
d2gf3a1c.3.1.2       -            282 d1npya1c.2.1.7.aln   -            231    0.0059   11.6   0.3   1   1   0.00032     0.014   10.4   0.3    35    63     5    33     2   125 0.67 -
#
# Program:         hmmsearch
# Version:         3.3.2 (Nov 2020)
# Pipeline mode:   SEARCH
# Query file:      /home/elise/Documents/M1-BIM/S2/TMEs/SBAS/tme08/models/d1npya1c.2.1.7.aln.hmm
# Target file:     /home/elise/Documents/M1-BIM/S2/TMEs/SBAS/tme08/scop/scop/scopTestSeq.fasta
# Option settings: hmmsearch --domtblout /home/elise/Documents/M1-BIM/S2/TMEs/SBAS/tme08/searchResults/d1npya1c.2.1.7.aln.out -E 1 /home/elise/Documents/M1-BIM/S2/TMEs/SBAS/tme08/models/d1npya1c.2.1.7.aln.hmm /home/elise/Documents/M1-BIM/S2/TMEs/SBAS/tme08/scop/scop/scopTestSeq.fasta 
# Current dir:     /home/elise/Documents/M1-BIM/S2/TMEs/SBAS/tme08
# Date:            Tue Apr  1 17:30:37 2025
# [ok]
