#                                                                            --- full sequence --- -------------- this domain -------------   hmm coord   ali coord   env coord
# target name        accession   tlen query name           accession   qlen   E-value  score  bias   #  of  c-Evalue  i-Evalue  score  bias  from    to  from    to  from    to  acc description of target
#------------------- ---------- ----- -------------------- ---------- ----- --------- ------ ----- --- --- --------- --------- ------ ----- ----- ----- ----- ----- ----- ----- ---- ---------------------
d2nyca1d.37.1.1      -            140 d1o50a3d.37.1.1.aln  -            139   1.8e-39  130.6   0.3   1   1     5e-41   2.2e-39  130.4   0.3     6   132    11   137     7   140 0.98 -
d1pvma4d.37.1.1      -            142 d1o50a3d.37.1.1.aln  -            139   3.3e-36  120.1   0.7   1   1   8.3e-38   3.6e-36  120.0   0.7     2   138     1   131     1   132 0.96 -
d2yzia1d.37.1.1      -            132 d1o50a3d.37.1.1.aln  -            139   2.8e-33  110.6   1.0   1   1   6.9e-35     3e-33  110.5   1.0     2   138     3   131     2   132 0.96 -
d1y5ha3d.37.1.1      -            123 d1o50a3d.37.1.1.aln  -            139   9.6e-33  108.9   0.1   1   1   2.4e-34     1e-32  108.8   0.1     6   132     3   122     1   123 0.97 -
d2yzqa2d.37.1.1      -            122 d1o50a3d.37.1.1.aln  -            139   1.1e-31  105.5   2.2   1   1   4.2e-33   1.9e-31  104.7   2.2     4   136     1   120     1   122 0.93 -
d3ddja1d.37.1.1      -            141 d1o50a3d.37.1.1.aln  -            139     7e-31  102.8   7.0   1   1   1.7e-32   7.6e-31  102.7   7.0     4   136     2   133     1   136 0.97 -
d3ddja2d.37.1.1      -            135 d1o50a3d.37.1.1.aln  -            139   7.6e-30   99.5   0.1   1   1   1.9e-31   8.4e-30   99.3   0.1     4   136     1   134     1   135 0.95 -
d2yzqa1d.37.1.1      -            156 d1o50a3d.37.1.1.aln  -            139   8.2e-30   99.4   0.2   1   2   2.1e-22     9e-21   70.1   0.0     3    92     3    95     1   103 0.91 -
d2yzqa1d.37.1.1      -            156 d1o50a3d.37.1.1.aln  -            139   8.2e-30   99.4   0.2   2   2   1.2e-09   5.1e-08   28.8   0.1     4    58    99   153    96   156 0.92 -
d1pbja3d.37.1.1      -            120 d1o50a3d.37.1.1.aln  -            139   1.6e-29   98.4   6.6   1   1     4e-31   1.7e-29   98.3   6.6     5   131     1   118     1   120 0.97 -
d1vr9a3d.37.1.1      -            121 d1o50a3d.37.1.1.aln  -            139   8.5e-29   96.1   0.1   1   1   2.4e-30     1e-28   95.8   0.1     4   136     1   120     1   121 0.97 -
d2rc3a1d.37.1.1      -            127 d1o50a3d.37.1.1.aln  -            139     2e-28   94.9   1.9   1   1   5.1e-30   2.2e-28   94.7   1.9     3   133     4   126     2   127 0.91 -
d1zfja4d.37.1.1      -            126 d1o50a3d.37.1.1.aln  -            139   3.5e-28   94.1   0.2   1   1   8.7e-30   3.8e-28   94.0   0.2     9   136     2   120     1   123 0.94 -
d2v8qe2d.37.1.1      -            159 d1o50a3d.37.1.1.aln  -            139   2.6e-27   91.3   0.0   1   1   8.1e-29   3.6e-27   90.8   0.0     2   137    13   158    12   159 0.96 -
d2ouxa2d.37.1.1      -            127 d1o50a3d.37.1.1.aln  -            139   4.9e-27   90.4   6.9   1   1   1.2e-28   5.3e-27   90.3   6.9    14   137     3   126     1   127 0.98 -
d2j9la1d.37.1.1      -            169 d1o50a3d.37.1.1.aln  -            139   2.3e-26   88.2   0.4   1   1   6.1e-28   2.7e-26   88.0   0.4     3   139    20   162    18   162 0.98 -
d2riha_d.37.1.1      -            131 d1o50a3d.37.1.1.aln  -            139   5.2e-26   87.0   0.5   1   1   1.3e-27   5.8e-26   86.9   0.5     6   137     3   127     1   129 0.91 -
d2d4za3d.37.1.1      -            161 d1o50a3d.37.1.1.aln  -            139     5e-22   74.1   0.0   1   1   1.3e-23   5.7e-22   74.0   0.0     1   138     8   156     8   157 0.94 -
d1o50a3d.37.1.1      -            145 d1o50a3d.37.1.1.aln  -            139   1.2e-10   37.3   4.2   1   1   9.9e-11   4.3e-09   32.2   4.2    13   121    13   128     8   137 0.92 -
#
# Program:         hmmsearch
# Version:         3.3.2 (Nov 2020)
# Pipeline mode:   SEARCH
# Query file:      /home/elise/Documents/M1-BIM/S2/TMEs/SBAS/tme08/models/d1o50a3d.37.1.1.aln.hmm
# Target file:     /home/elise/Documents/M1-BIM/S2/TMEs/SBAS/tme08/scop/scop/scopTestSeq.fasta
# Option settings: hmmsearch --domtblout /home/elise/Documents/M1-BIM/S2/TMEs/SBAS/tme08/searchResults/d1o50a3d.37.1.1.aln.out -E 1 /home/elise/Documents/M1-BIM/S2/TMEs/SBAS/tme08/models/d1o50a3d.37.1.1.aln.hmm /home/elise/Documents/M1-BIM/S2/TMEs/SBAS/tme08/scop/scop/scopTestSeq.fasta 
# Current dir:     /home/elise/Documents/M1-BIM/S2/TMEs/SBAS/tme08
# Date:            Tue Apr  1 17:30:38 2025
# [ok]
