#                                                                            --- full sequence --- -------------- this domain -------------   hmm coord   ali coord   env coord
# target name        accession   tlen query name           accession   qlen   E-value  score  bias   #  of  c-Evalue  i-Evalue  score  bias  from    to  from    to  from    to  acc description of target
#------------------- ---------- ----- -------------------- ---------- ----- --------- ------ ----- --- --- --------- --------- ------ ----- ----- ----- ----- ----- ----- ----- ---- ---------------------
d3bpza_b.82.3.2      -            194 d1o7fa3b.82.3.2.aln  -            139   3.8e-49  161.3   0.1   1   2       4.7   3.1e+02   -3.6   0.0     6    25    14    33    11    37 0.72 -
d3bpza_b.82.3.2      -            194 d1o7fa3b.82.3.2.aln  -            139   3.8e-49  161.3   0.1   2   2     1e-50   6.7e-49  160.5   0.0     3   134    67   193    63   194 0.97 -
d1cx4a2b.82.3.2      -            147 d1o7fa3b.82.3.2.aln  -            139   2.7e-42  139.1   0.1   1   1   4.6e-44     3e-42  139.0   0.1     4   138     2   142     1   143 0.97 -
d1vp6a_b.82.3.2      -            133 d1o7fa3b.82.3.2.aln  -            139     2e-41  136.3   0.0   1   1   3.6e-43   2.4e-41  136.1   0.0     2   132     9   132     7   133 0.97 -
d3e5ua2b.82.3.2      -            139 d1o7fa3b.82.3.2.aln  -            139   1.1e-40  133.9   0.0   1   1   1.9e-42   1.2e-40  133.8   0.0     4   139     1   137     1   137 0.99 -
d1zyba2b.82.3.2      -            147 d1o7fa3b.82.3.2.aln  -            139     6e-40  131.5   0.0   1   1   9.9e-42   6.5e-40  131.4   0.0     3   138     5   143     1   144 0.97 -
d1cx4a1b.82.3.2      -            136 d1o7fa3b.82.3.2.aln  -            139   1.6e-39  130.2   0.0   1   1   2.8e-41   1.9e-39  129.9   0.0     3   125    15   136    11   136 0.97 -
d1o7fa2b.82.3.2      -            155 d1o7fa3b.82.3.2.aln  -            139   2.5e-39  129.5   0.0   1   1   4.5e-41     3e-39  129.3   0.0     3   133    23   154    19   155 0.96 -
d2gaua2b.82.3.2      -            142 d1o7fa3b.82.3.2.aln  -            139   4.7e-39  128.6   0.0   1   1   7.9e-41   5.2e-39  128.5   0.0     7   138     4   135     1   136 0.97 -
d1wgpa_b.82.3.2      -            137 d1o7fa3b.82.3.2.aln  -            139   1.6e-34  113.9   0.0   1   1   2.8e-36   1.8e-34  113.8   0.0     3   129     5   133     2   137 0.96 -
d1o5la1b.82.3.2      -            129 d1o7fa3b.82.3.2.aln  -            139   5.4e-34  112.3   0.0   1   1   9.1e-36     6e-34  112.1   0.0    19   138     2   122     1   123 0.98 -
d2zcwa2b.82.3.2      -            112 d1o7fa3b.82.3.2.aln  -            139   1.6e-28   94.5   0.0   1   1   2.6e-30   1.7e-28   94.4   0.0    29   137     2   111     1   112 0.98 -
d1o7fa3b.82.3.2      -            124 d1o7fa3b.82.3.2.aln  -            139   2.8e-18   61.3   0.0   1   1     5e-20   3.3e-18   61.1   0.0     8   116    14   120     9   123 0.85 -
#
# Program:         hmmsearch
# Version:         3.3.2 (Nov 2020)
# Pipeline mode:   SEARCH
# Query file:      /home/elise/Documents/M1-BIM/S2/TMEs/SBAS/tme08/models/d1o7fa3b.82.3.2.aln.hmm
# Target file:     /home/elise/Documents/M1-BIM/S2/TMEs/SBAS/tme08/scop/scop/scopTestSeq.fasta
# Option settings: hmmsearch --domtblout /home/elise/Documents/M1-BIM/S2/TMEs/SBAS/tme08/searchResults/d1o7fa3b.82.3.2.aln.out -E 1 /home/elise/Documents/M1-BIM/S2/TMEs/SBAS/tme08/models/d1o7fa3b.82.3.2.aln.hmm /home/elise/Documents/M1-BIM/S2/TMEs/SBAS/tme08/scop/scop/scopTestSeq.fasta 
# Current dir:     /home/elise/Documents/M1-BIM/S2/TMEs/SBAS/tme08
# Date:            Tue Apr  1 17:30:38 2025
# [ok]
