#                                                                            --- full sequence --- -------------- this domain -------------   hmm coord   ali coord   env coord
# target name        accession   tlen query name           accession   qlen   E-value  score  bias   #  of  c-Evalue  i-Evalue  score  bias  from    to  from    to  from    to  acc description of target
#------------------- ---------- ----- -------------------- ---------- ----- --------- ------ ----- --- --- --------- --------- ------ ----- ----- ----- ----- ----- ----- ----- ---- ---------------------
d2g82a1c.2.1.3       -            169 d1p1ja1c.2.1.3.aln   -            232   2.8e-53  176.5   0.9   1   1   1.1e-54   3.4e-53  176.2   0.9    17   187     1   165     1   168 0.98 -
d2nvwa1c.2.1.3       -            238 d1p1ja1c.2.1.3.aln   -            232   1.6e-42  141.3   0.0   1   1     6e-44   1.8e-42  141.1   0.0     1   227     1   238     1   238 1.00 -
d1h6da1c.2.1.3       -            222 d1p1ja1c.2.1.3.aln   -            232   9.7e-39  128.9   0.0   1   1   3.6e-40   1.1e-38  128.7   0.0     2   197    19   222    18   222 0.93 -
d3cina1c.2.1.3       -            276 d1p1ja1c.2.1.3.aln   -            232   5.2e-37  123.3   0.3   1   1     2e-38     6e-37  123.0   0.3    15   232     1   268     1   268 0.99 -
d1gr0a1c.2.1.3       -            244 d1p1ja1c.2.1.3.aln   -            232   4.4e-34  113.7   3.6   1   1   1.6e-35   4.9e-34  113.5   3.6    16   231     2   243     1   244 0.99 -
d1cf2o1c.2.1.3       -            172 d1p1ja1c.2.1.3.aln   -            232   5.1e-31  103.6   1.2   1   1   1.9e-32   5.6e-31  103.5   1.2    16   185     1   170     1   172 0.97 -
d1qkia1c.2.1.3       -            204 d1p1ja1c.2.1.3.aln   -            232   4.7e-29   97.2   0.0   1   1   1.7e-30   5.2e-29   97.1   0.0     1   191     6   203     6   204 0.99 -
d1xeaa1c.2.1.3       -            168 d1p1ja1c.2.1.3.aln   -            232     3e-27   91.3   0.0   1   1   1.1e-28   3.2e-27   91.2   0.0    17   184     2   162     1   168 0.94 -
d1vkna1c.2.1.3       -            177 d1p1ja1c.2.1.3.aln   -            232     2e-26   88.6   0.0   1   1   7.6e-28   2.3e-26   88.4   0.0    16   204     1   177     1   177 0.97 -
d1ydwa1c.2.1.3       -            185 d1p1ja1c.2.1.3.aln   -            232   3.1e-26   88.0   0.0   1   1   1.2e-27   3.7e-26   87.7   0.0    17   190     2   182     1   184 0.98 -
d1q0qa2c.2.1.3       -            152 d1p1ja1c.2.1.3.aln   -            232   1.3e-24   82.7   0.0   1   1   4.7e-26   1.4e-24   82.6   0.0    21   189     6   151     1   152 0.97 -
d1f06a1c.2.1.3       -            171 d1p1ja1c.2.1.3.aln   -            232   1.5e-24   82.5   0.1   1   1   5.2e-26   1.6e-24   82.4   0.1    14   186     1   169     1   171 0.98 -
d1h9aa1c.2.1.3       -            196 d1p1ja1c.2.1.3.aln   -            232   8.3e-24   80.0   0.1   1   1     3e-25   9.1e-24   79.9   0.1    11   195     1   195     1   196 0.99 -
d1zh8a1c.2.1.3       -            182 d1p1ja1c.2.1.3.aln   -            232   1.8e-23   79.0   0.0   1   1   6.6e-25     2e-23   78.8   0.0    15   185     2   178     1   181 0.97 -
d1t4ba1c.2.1.3       -            147 d1p1ja1c.2.1.3.aln   -            232   6.4e-23   77.1   0.0   1   1   2.4e-24   7.2e-23   77.0   0.0    16   189     1   145     1   147 0.98 -
d1tlta1c.2.1.3       -            165 d1p1ja1c.2.1.3.aln   -            232   1.4e-22   76.1   0.0   1   1     5e-24   1.5e-22   75.9   0.0    16   189     1   164     1   165 0.98 -
d1e5qa1c.2.1.3       -            183 d1p1ja1c.2.1.3.aln   -            232   8.8e-21   70.1   0.2   1   1   3.4e-22     1e-20   69.9   0.2    17   199     3   181     1   182 0.97 -
d1lc0a1c.2.1.3       -            173 d1p1ja1c.2.1.3.aln   -            232   8.3e-20   67.0   0.0   1   1   3.3e-21   9.9e-20   66.7   0.0    10   190     1   171     1   172 0.95 -
d1drua1c.2.1.3       -            161 d1p1ja1c.2.1.3.aln   -            232   1.7e-18   62.6   0.5   1   1   6.2e-20   1.9e-18   62.5   0.5    16   189     2   158     1   161 0.96 -
d1ebfa1c.2.1.3       -            169 d1p1ja1c.2.1.3.aln   -            232   2.5e-17   58.9   0.4   1   1   9.1e-19   2.8e-17   58.7   0.4    13   190     1   168     1   169 0.97 -
d1nvmb1c.2.1.3       -            158 d1p1ja1c.2.1.3.aln   -            232   1.7e-16   56.2   0.3   1   1     6e-18   1.8e-16   56.0   0.3    13   188     1   156     1   158 0.96 -
d1yl7a1c.2.1.3       -            136 d1p1ja1c.2.1.3.aln   -            232   8.6e-11   37.4   0.0   1   1   3.3e-12   9.9e-11   37.3   0.0    18   152     1   129     1   133 0.97 -
d1vm6a3c.2.1.3       -            129 d1p1ja1c.2.1.3.aln   -            232   1.3e-10   36.9   0.2   1   2   0.00035     0.011   11.0   0.1    17    47     1    28     1    39 0.71 -
d1vm6a3c.2.1.3       -            129 d1p1ja1c.2.1.3.aln   -            232   1.3e-10   36.9   0.2   2   2   1.2e-08   3.6e-07   25.6   0.0    82   174    35   114    23   128 0.82 -
d1j5pa4c.2.1.3       -            133 d1p1ja1c.2.1.3.aln   -            232   1.7e-08   29.9   0.3   1   1   2.1e-09   6.4e-08   28.1   0.3    15   151     1   110     1   133 0.87 -
d1p1ja1c.2.1.3       -            411 d1p1ja1c.2.1.3.aln   -            232    0.0058   11.8   0.0   1   1   0.00047     0.014   10.6   0.0    12    46    53    86    45   207 0.84 -
d1gpja2c.2.1.7       -            159 d1p1ja1c.2.1.3.aln   -            232    0.0059   11.8   0.8   1   1   0.00028    0.0086   11.3   0.8    14   112    22   107    19   111 0.76 -
#
# Program:         hmmsearch
# Version:         3.3.2 (Nov 2020)
# Pipeline mode:   SEARCH
# Query file:      /home/elise/Documents/M1-BIM/S2/TMEs/SBAS/tme08/models/d1p1ja1c.2.1.3.aln.hmm
# Target file:     /home/elise/Documents/M1-BIM/S2/TMEs/SBAS/tme08/scop/scop/scopTestSeq.fasta
# Option settings: hmmsearch --domtblout /home/elise/Documents/M1-BIM/S2/TMEs/SBAS/tme08/searchResults/d1p1ja1c.2.1.3.aln.out -E 1 /home/elise/Documents/M1-BIM/S2/TMEs/SBAS/tme08/models/d1p1ja1c.2.1.3.aln.hmm /home/elise/Documents/M1-BIM/S2/TMEs/SBAS/tme08/scop/scop/scopTestSeq.fasta 
# Current dir:     /home/elise/Documents/M1-BIM/S2/TMEs/SBAS/tme08
# Date:            Tue Apr  1 17:30:39 2025
# [ok]
