#                                                                            --- full sequence --- -------------- this domain -------------   hmm coord   ali coord   env coord
# target name        accession   tlen query name           accession   qlen   E-value  score  bias   #  of  c-Evalue  i-Evalue  score  bias  from    to  from    to  from    to  acc description of target
#------------------- ---------- ----- -------------------- ---------- ----- --------- ------ ----- --- --- --------- --------- ------ ----- ----- ----- ----- ----- ----- ----- ---- ---------------------
d2fbia1a.4.5.28      -            136 d1p4xa1a.4.5.28.aln  -            140   5.3e-43  141.6   0.5   1   1   1.4e-44   5.7e-43  141.5   0.5     7   138     3   134     1   136 0.97 -
d2fxaa1a.4.5.28      -            162 d1p4xa1a.4.5.28.aln  -            140   7.3e-42  137.9   0.0   1   1     2e-43   8.2e-42  137.8   0.0     3   139    10   146     8   147 0.98 -
d2etha1a.4.5.28      -            140 d1p4xa1a.4.5.28.aln  -            140   3.6e-41  135.7   0.0   1   1   9.6e-43     4e-41  135.5   0.0     3   139     1   137     1   138 0.98 -
d2a61a1a.4.5.28      -            139 d1p4xa1a.4.5.28.aln  -            140   4.7e-41  135.3   0.0   1   1   1.3e-42   5.2e-41  135.2   0.0     5   139     1   135     1   136 0.98 -
d1jgsa_a.4.5.28      -            138 d1p4xa1a.4.5.28.aln  -            140   1.3e-40  133.9   0.0   1   1   3.3e-42   1.4e-40  133.8   0.0     2   136     2   136     1   138 0.98 -
d1s3ja_a.4.5.28      -            143 d1p4xa1a.4.5.28.aln  -            140   1.7e-40  133.5   4.0   1   1   4.5e-42   1.9e-40  133.4   4.0     3   139     4   140     2   141 0.98 -
d1lj9a_a.4.5.28      -            144 d1p4xa1a.4.5.28.aln  -            140   1.5e-39  130.4   1.2   1   1     4e-41   1.7e-39  130.3   1.2     7   139     2   134     1   135 0.98 -
d2fbha1a.4.5.28      -            137 d1p4xa1a.4.5.28.aln  -            140   6.8e-39  128.3   0.2   1   1   1.8e-40   7.4e-39  128.2   0.2     8   140     2   135     1   135 0.98 -
d3echa_a.4.5.28      -            142 d1p4xa1a.4.5.28.aln  -            140   1.9e-38  126.9   0.1   1   1     5e-40   2.1e-38  126.8   0.1     2   138     5   141     4   142 0.98 -
d3broa1a.4.5.28      -            135 d1p4xa1a.4.5.28.aln  -            140   1.6e-37  123.8   6.6   1   1   4.3e-39   1.8e-37  123.7   6.6     7   137     2   134     1   135 0.99 -
d2hr3a1a.4.5.28      -            145 d1p4xa1a.4.5.28.aln  -            140   9.1e-36  118.2   0.0   1   1   2.4e-37     1e-35  118.0   0.0     1   139     1   140     1   141 0.98 -
d2fbka1a.4.5.28      -            172 d1p4xa1a.4.5.28.aln  -            140   1.8e-35  117.2   0.0   1   1   5.2e-37   2.2e-35  117.0   0.0     4   139    32   170    29   171 0.97 -
d1p4xa2a.4.5.28      -            125 d1p4xa1a.4.5.28.aln  -            140   1.8e-33  110.7   4.1   1   1   4.8e-35     2e-33  110.6   4.1     2   122     2   123     1   125 0.96 -
d1hsja1a.4.5.28      -            115 d1p4xa1a.4.5.28.aln  -            140   8.7e-32  105.3   4.1   1   1   2.3e-33   9.4e-32  105.2   4.1     4   114     2   114     1   115 0.96 -
d3bjaa_a.4.5.0       -            139 d1p4xa1a.4.5.28.aln  -            140   1.4e-25   85.1   0.2   1   1   3.9e-27   1.6e-25   85.0   0.2    19   139    18   138     3   139 0.95 -
d1ub9a_a.4.5.28      -            100 d1p4xa1a.4.5.28.aln  -            140   1.4e-23   78.7   0.0   1   1   3.5e-25   1.5e-23   78.6   0.0    19   116     1    98     1   100 0.97 -
d3jw4a_a.4.5.0       -            137 d1p4xa1a.4.5.28.aln  -            140   1.3e-22   75.5   0.1   1   1   3.3e-24   1.4e-22   75.5   0.1    11   134     7   132     1   137 0.95 -
d1p4xa1a.4.5.28      -            125 d1p4xa1a.4.5.28.aln  -            140   1.2e-17   59.4   1.8   1   1   3.2e-19   1.3e-17   59.3   1.8    17   117    17   119     5   125 0.93 -
d3ctaa1a.4.5.28      -             85 d1p4xa1a.4.5.28.aln  -            140   1.1e-16   56.3   0.3   1   1   3.2e-18   1.3e-16   56.1   0.3    25   113     2    83     1    84 0.89 -
#
# Program:         hmmsearch
# Version:         3.3.2 (Nov 2020)
# Pipeline mode:   SEARCH
# Query file:      /home/elise/Documents/M1-BIM/S2/TMEs/SBAS/tme08/models/d1p4xa1a.4.5.28.aln.hmm
# Target file:     /home/elise/Documents/M1-BIM/S2/TMEs/SBAS/tme08/scop/scop/scopTestSeq.fasta
# Option settings: hmmsearch --domtblout /home/elise/Documents/M1-BIM/S2/TMEs/SBAS/tme08/searchResults/d1p4xa1a.4.5.28.aln.out -E 1 /home/elise/Documents/M1-BIM/S2/TMEs/SBAS/tme08/models/d1p4xa1a.4.5.28.aln.hmm /home/elise/Documents/M1-BIM/S2/TMEs/SBAS/tme08/scop/scop/scopTestSeq.fasta 
# Current dir:     /home/elise/Documents/M1-BIM/S2/TMEs/SBAS/tme08
# Date:            Tue Apr  1 17:30:39 2025
# [ok]
