#                                                                            --- full sequence --- -------------- this domain -------------   hmm coord   ali coord   env coord
# target name        accession   tlen query name           accession   qlen   E-value  score  bias   #  of  c-Evalue  i-Evalue  score  bias  from    to  from    to  from    to  acc description of target
#------------------- ---------- ----- -------------------- ---------- ----- --------- ------ ----- --- --- --------- --------- ------ ----- ----- ----- ----- ----- ----- ----- ---- ---------------------
d2jhfa2c.2.1.1       -            176 d1piwa2c.2.1.1.aln   -            177   9.6e-63  206.4   1.6   1   1     2e-64   1.1e-62  206.3   1.6     2   177     2   176     1   176 0.99 -
d1jqba2c.2.1.1       -            174 d1piwa2c.2.1.1.aln   -            177   1.9e-47  156.6   4.3   1   1   3.9e-49   2.1e-47  156.5   4.3     2   175     2   171     1   173 0.97 -
d1vj0a2c.2.1.1       -            182 d1piwa2c.2.1.1.aln   -            177   4.1e-47  155.5   0.0   1   1   8.6e-49   4.5e-47  155.4   0.0     3   175     3   175     1   177 0.97 -
d1h2ba2c.2.1.1       -            172 d1piwa2c.2.1.1.aln   -            177   2.1e-43  143.4   1.7   1   1   4.4e-45   2.3e-43  143.3   1.7     2   173     5   171     4   172 0.96 -
d1o89a2c.2.1.1       -            177 d1piwa2c.2.1.1.aln   -            177   5.4e-43  142.1   1.2   1   1   1.1e-44   5.9e-43  142.0   1.2     2   174     6   171     5   174 0.96 -
d1pl8a2c.2.1.1       -            171 d1piwa2c.2.1.1.aln   -            177   9.4e-43  141.3   5.4   1   1   1.9e-44     1e-42  141.2   5.4     4   173     3   168     1   171 0.95 -
d1qora2c.2.1.1       -            179 d1piwa2c.2.1.1.aln   -            177     2e-42  140.2   0.2   1   1   4.1e-44   2.2e-42  140.1   0.2     2   174     2   176     1   179 0.97 -
d1yb5a2c.2.1.1       -            174 d1piwa2c.2.1.1.aln   -            177   4.1e-42  139.2   2.0   1   1   8.6e-44   4.5e-42  139.1   2.0     2   175     2   171     1   173 0.93 -
d2dm6a2c.2.1.1       -            182 d1piwa2c.2.1.1.aln   -            177   1.7e-41  137.2   0.2   1   1   3.5e-43   1.9e-41  137.1   0.2     2   177     4   178     3   178 0.95 -
d1gu7a2c.2.1.1       -            189 d1piwa2c.2.1.1.aln   -            177   5.1e-40  132.4   0.0   1   1   1.1e-41   5.6e-40  132.2   0.0     2   175     2   181     1   183 0.96 -
d1pqwa_c.2.1.1       -            183 d1piwa2c.2.1.1.aln   -            177   9.3e-38  125.0   0.4   1   1     2e-39     1e-37  124.9   0.4     4   176     1   175     1   176 0.94 -
d1kola2c.2.1.1       -            195 d1piwa2c.2.1.1.aln   -            177   7.5e-36  118.8   2.8   1   1   1.6e-37   8.4e-36  118.7   2.8     4   175     2   177     1   179 0.97 -
d1piwa2c.2.1.1       -            168 d1piwa2c.2.1.1.aln   -            177   7.4e-21   70.0   0.0   1   1   1.7e-22   8.7e-21   69.7   0.0     4   173     4   165     1   168 0.87 -
d1k0ia1c.3.1.2       -            293 d1piwa2c.2.1.1.aln   -            177   0.00024   16.2   0.0   1   2   0.00027     0.014   10.4   0.0    29    57     2    30     1    37 0.93 -
d1k0ia1c.3.1.2       -            293 d1piwa2c.2.1.1.aln   -            177   0.00024   16.2   0.0   2   2     0.038         2    3.4   0.0    51    88    92   132    88   193 0.82 -
d1c1da1c.2.1.7       -            201 d1piwa2c.2.1.1.aln   -            177   0.00032   15.8   5.4   1   2     6e-06   0.00032   15.8   5.4    29    77    27    74     4    83 0.88 -
d1c1da1c.2.1.7       -            201 d1piwa2c.2.1.1.aln   -            177   0.00032   15.8   5.4   2   2      0.27        14    0.7   0.1   100   132   118   150    94   168 0.72 -
#
# Program:         hmmsearch
# Version:         3.3.2 (Nov 2020)
# Pipeline mode:   SEARCH
# Query file:      /home/elise/Documents/M1-BIM/S2/TMEs/SBAS/tme08/models/d1piwa2c.2.1.1.aln.hmm
# Target file:     /home/elise/Documents/M1-BIM/S2/TMEs/SBAS/tme08/scop/scop/scopTestSeq.fasta
# Option settings: hmmsearch --domtblout /home/elise/Documents/M1-BIM/S2/TMEs/SBAS/tme08/searchResults/d1piwa2c.2.1.1.aln.out -E 1 /home/elise/Documents/M1-BIM/S2/TMEs/SBAS/tme08/models/d1piwa2c.2.1.1.aln.hmm /home/elise/Documents/M1-BIM/S2/TMEs/SBAS/tme08/scop/scop/scopTestSeq.fasta 
# Current dir:     /home/elise/Documents/M1-BIM/S2/TMEs/SBAS/tme08
# Date:            Tue Apr  1 17:30:39 2025
# [ok]
