#                                                                            --- full sequence --- -------------- this domain -------------   hmm coord   ali coord   env coord
# target name        accession   tlen query name           accession   qlen   E-value  score  bias   #  of  c-Evalue  i-Evalue  score  bias  from    to  from    to  from    to  acc description of target
#------------------- ---------- ----- -------------------- ---------- ----- --------- ------ ----- --- --- --------- --------- ------ ----- ----- ----- ----- ----- ----- ----- ---- ---------------------
d2jhfa2c.2.1.1       -            176 d1pl8a2c.2.1.1.aln   -            178   1.5e-65  215.8   2.0   1   1     3e-67   1.7e-65  215.7   2.0     2   177     2   176     1   176 0.99 -
d1vj0a2c.2.1.1       -            182 d1pl8a2c.2.1.1.aln   -            178   5.6e-48  158.6   0.0   1   1   1.1e-49   6.2e-48  158.4   0.0     2   177     2   177     1   178 0.98 -
d1jqba2c.2.1.1       -            174 d1pl8a2c.2.1.1.aln   -            178   2.7e-46  153.1   4.3   1   1   5.2e-48   2.9e-46  153.0   4.3     2   176     2   172     1   174 0.97 -
d1qora2c.2.1.1       -            179 d1pl8a2c.2.1.1.aln   -            178   4.8e-45  149.0   0.1   1   1   9.4e-47   5.3e-45  148.9   0.1     2   176     2   173     1   175 0.98 -
d2dm6a2c.2.1.1       -            182 d1pl8a2c.2.1.1.aln   -            178   3.7e-44  146.1   0.2   1   1   7.3e-46   4.1e-44  146.0   0.2     3   177     4   175     2   176 0.94 -
d1gu7a2c.2.1.1       -            189 d1pl8a2c.2.1.1.aln   -            178   3.8e-43  142.8   0.0   1   1   7.5e-45   4.2e-43  142.7   0.0     2   177     2   184     1   185 0.98 -
d1yb5a2c.2.1.1       -            174 d1pl8a2c.2.1.1.aln   -            178   1.8e-42  140.7   1.3   1   1   3.4e-44   1.9e-42  140.5   1.3     2   175     2   171     1   174 0.97 -
d1h2ba2c.2.1.1       -            172 d1pl8a2c.2.1.1.aln   -            178   5.1e-41  135.9   1.8   1   1     1e-42   5.7e-41  135.8   1.8     2   173     5   171     4   172 0.94 -
d1o89a2c.2.1.1       -            177 d1pl8a2c.2.1.1.aln   -            178   4.2e-40  132.9   1.4   1   1   8.2e-42   4.6e-40  132.8   1.4     2   176     5   170     4   172 0.96 -
d1piwa2c.2.1.1       -            168 d1pl8a2c.2.1.1.aln   -            178   1.3e-39  131.3   0.0   1   1   2.6e-41   1.5e-39  131.2   0.0     2   175     2   167     1   168 0.96 -
d1pqwa_c.2.1.1       -            183 d1pl8a2c.2.1.1.aln   -            178   4.4e-39  129.6   0.3   1   1   8.8e-41   4.9e-39  129.4   0.3     4   177     1   171     1   172 0.96 -
d1kola2c.2.1.1       -            195 d1pl8a2c.2.1.1.aln   -            178   7.9e-39  128.8   2.7   1   1   1.6e-40   8.9e-39  128.6   2.7     5   175     3   184     1   187 0.95 -
d1pl8a2c.2.1.1       -            171 d1pl8a2c.2.1.1.aln   -            178   2.3e-25   84.9   4.7   1   1   5.2e-27   2.9e-25   84.6   4.7     6   154     5   150     2   160 0.80 -
d1c1da1c.2.1.7       -            201 d1pl8a2c.2.1.1.aln   -            178      0.07    8.4  12.2   1   2   0.00029     0.016   10.5   8.4    29    77    21    74     2    79 0.79 -
d1c1da1c.2.1.7       -            201 d1pl8a2c.2.1.1.aln   -            178      0.07    8.4  12.2   2   2      0.84        47   -0.8   0.2    20    69    76   122    72   129 0.73 -
#
# Program:         hmmsearch
# Version:         3.3.2 (Nov 2020)
# Pipeline mode:   SEARCH
# Query file:      /home/elise/Documents/M1-BIM/S2/TMEs/SBAS/tme08/models/d1pl8a2c.2.1.1.aln.hmm
# Target file:     /home/elise/Documents/M1-BIM/S2/TMEs/SBAS/tme08/scop/scop/scopTestSeq.fasta
# Option settings: hmmsearch --domtblout /home/elise/Documents/M1-BIM/S2/TMEs/SBAS/tme08/searchResults/d1pl8a2c.2.1.1.aln.out -E 1 /home/elise/Documents/M1-BIM/S2/TMEs/SBAS/tme08/models/d1pl8a2c.2.1.1.aln.hmm /home/elise/Documents/M1-BIM/S2/TMEs/SBAS/tme08/scop/scop/scopTestSeq.fasta 
# Current dir:     /home/elise/Documents/M1-BIM/S2/TMEs/SBAS/tme08
# Date:            Tue Apr  1 17:30:39 2025
# [ok]
