#                                                                            --- full sequence --- -------------- this domain -------------   hmm coord   ali coord   env coord
# target name        accession   tlen query name           accession   qlen   E-value  score  bias   #  of  c-Evalue  i-Evalue  score  bias  from    to  from    to  from    to  acc description of target
#------------------- ---------- ----- -------------------- ---------- ----- --------- ------ ----- --- --- --------- --------- ------ ----- ----- ----- ----- ----- ----- ----- ---- ---------------------
d1tc1a_c.61.1.1      -            184 d1qb7a_c.61.1.1.aln  -            202     1e-55  184.2   1.3   1   1     2e-57   1.1e-55  184.1   1.3     6   201     1   184     1   184 0.99 -
d1fsga_c.61.1.1      -            233 d1qb7a_c.61.1.1.aln  -            202     2e-50  167.0   0.0   1   1   4.2e-52   2.4e-50  166.7   0.0     1   201    37   226    37   227 0.99 -
d1a3ca_c.61.1.1      -            178 d1qb7a_c.61.1.1.aln  -            202   4.7e-42  139.6   3.1   1   1   9.1e-44   5.1e-42  139.5   3.1    14   195     3   176     1   178 0.97 -
d1xtta1c.61.1.1      -            215 d1qb7a_c.61.1.1.aln  -            202   3.6e-39  130.2   3.8   1   1   7.2e-41   4.1e-39  130.1   3.8     2   202    10   213     9   213 0.98 -
d1ecfa1c.61.1.1      -            243 d1qb7a_c.61.1.1.aln  -            202   2.5e-35  117.7   0.3   1   1   6.4e-37   3.6e-35  117.2   0.3     2   192    49   239    48   243 0.97 -
d1p4aa2c.61.1.1      -            202 d1qb7a_c.61.1.1.aln  -            202   9.9e-35  115.7   0.0   1   1   1.9e-36   1.1e-34  115.6   0.0     1   200     1   193     1   195 0.98 -
d1dqna_c.61.1.1      -            230 d1qb7a_c.61.1.1.aln  -            202   7.7e-33  109.6   0.0   1   1   1.5e-34   8.7e-33  109.4   0.0     2   199    24   229    23   230 0.98 -
d1wd5a_c.61.1.1      -            208 d1qb7a_c.61.1.1.aln  -            202   1.7e-32  108.5   5.2   1   1   3.2e-34   1.8e-32  108.3   5.2     2   202     6   206     5   206 0.98 -
d2aeea1c.61.1.1      -            208 d1qb7a_c.61.1.1.aln  -            202   6.6e-32  106.5   0.0   1   1   1.3e-33   7.2e-32  106.4   0.0     4   200     5   199     2   201 0.97 -
d1y0ba1c.61.1.1      -            191 d1qb7a_c.61.1.1.aln  -            202   3.7e-28   94.3   0.1   1   1   7.1e-30     4e-28   94.2   0.1     5   200     1   188     1   190 0.97 -
d1qb7a_c.61.1.1      -            236 d1qb7a_c.61.1.1.aln  -            202   6.2e-28   93.5   0.0   1   1   1.3e-29   7.5e-28   93.3   0.0     8   166    16   175    13   210 0.90 -
d1vdma1c.61.1.1      -            153 d1qb7a_c.61.1.1.aln  -            202   3.8e-27   91.0   1.1   1   1   8.2e-29   4.6e-27   90.7   1.1     9   197     1   152     1   153 0.98 -
d1nula_c.61.1.1      -            150 d1qb7a_c.61.1.1.aln  -            202   3.1e-24   81.5   0.0   1   1   6.5e-26   3.7e-24   81.2   0.0    10   182     1   145     1   148 0.98 -
d1vcha1c.61.1.1      -            174 d1qb7a_c.61.1.1.aln  -            202   8.8e-22   73.5   0.7   1   1   1.7e-23   9.5e-22   73.3   0.7    13   195     4   174     1   174 0.94 -
#
# Program:         hmmsearch
# Version:         3.3.2 (Nov 2020)
# Pipeline mode:   SEARCH
# Query file:      /home/elise/Documents/M1-BIM/S2/TMEs/SBAS/tme08/models/d1qb7a_c.61.1.1.aln.hmm
# Target file:     /home/elise/Documents/M1-BIM/S2/TMEs/SBAS/tme08/scop/scop/scopTestSeq.fasta
# Option settings: hmmsearch --domtblout /home/elise/Documents/M1-BIM/S2/TMEs/SBAS/tme08/searchResults/d1qb7a_c.61.1.1.aln.out -E 1 /home/elise/Documents/M1-BIM/S2/TMEs/SBAS/tme08/models/d1qb7a_c.61.1.1.aln.hmm /home/elise/Documents/M1-BIM/S2/TMEs/SBAS/tme08/scop/scop/scopTestSeq.fasta 
# Current dir:     /home/elise/Documents/M1-BIM/S2/TMEs/SBAS/tme08
# Date:            Tue Apr  1 17:30:40 2025
# [ok]
