#                                                                            --- full sequence --- -------------- this domain -------------   hmm coord   ali coord   env coord
# target name        accession   tlen query name           accession   qlen   E-value  score  bias   #  of  c-Evalue  i-Evalue  score  bias  from    to  from    to  from    to  acc description of target
#------------------- ---------- ----- -------------------- ---------- ----- --------- ------ ----- --- --- --------- --------- ------ ----- ----- ----- ----- ----- ----- ----- ---- ---------------------
d1j0ha1b.1.18.2      -            123 d1qbaa1b.1.18.2.aln  -            110   1.6e-33  111.2   0.0   1   1     4e-35   1.7e-33  111.1   0.0     1   110     5   113     5   113 0.99 -
d1ji1a1b.1.18.2      -            122 d1qbaa1b.1.18.2.aln  -            110   2.6e-23   78.3   3.1   1   1   6.7e-25     3e-23   78.1   3.1     2   110    12   119    11   119 0.98 -
d2fhfa1b.1.18.2      -            115 d1qbaa1b.1.18.2.aln  -            110   8.5e-22   73.4   2.8   1   1   2.1e-23   9.3e-22   73.3   2.8     1   108     3   111     3   113 0.97 -
d1m7xa1b.1.18.2      -            110 d1qbaa1b.1.18.2.aln  -            110   1.8e-20   69.1   0.0   1   1   4.5e-22     2e-20   69.0   0.0     2   109     2   109     1   110 0.98 -
d3bmva1b.1.18.2      -             83 d1qbaa1b.1.18.2.aln  -            110   4.5e-20   67.9   2.0   1   1   1.1e-21   4.8e-20   67.8   2.0    16   102     2    81     1    83 0.97 -
d1edqa1b.1.18.2      -            109 d1qbaa1b.1.18.2.aln  -            110   9.5e-20   66.8   2.9   1   1   2.4e-21     1e-19   66.7   2.9     1   108     1   109     1   109 0.95 -
d2fhfa2b.1.18.2      -            125 d1qbaa1b.1.18.2.aln  -            110     1e-19   66.7   0.3   1   1   2.6e-21   1.2e-19   66.6   0.3     2   109     8   119     7   120 0.98 -
d1txka1b.1.18.2      -            115 d1qbaa1b.1.18.2.aln  -            110   1.3e-18   63.2   1.4   1   1   3.2e-20   1.4e-18   63.1   1.4     1   108     3   114     3   115 0.98 -
d1w8oa1b.1.18.2      -            103 d1qbaa1b.1.18.2.aln  -            110   5.2e-17   58.0   2.1   1   1   1.3e-18   5.5e-17   57.9   2.1    10   106     2   100     1   103 0.96 -
d1bf2a1b.1.18.2      -            162 d1qbaa1b.1.18.2.aln  -            110   1.2e-16   56.9   5.4   1   1   3.9e-18   1.7e-16   56.3   5.4     1   110     9   127     9   127 0.99 -
d1ut9a2b.1.18.2      -             98 d1qbaa1b.1.18.2.aln  -            110   3.4e-16   55.4   0.2   1   1   8.4e-18   3.7e-16   55.3   0.2    11   104     2    97     1    98 0.97 -
d1clca2b.1.18.2      -            100 d1qbaa1b.1.18.2.aln  -            110   1.3e-15   53.6   0.3   1   1   3.1e-17   1.3e-15   53.5   0.3    15   108     2    96     1    98 0.94 -
d1h3ga1b.1.18.2      -             93 d1qbaa1b.1.18.2.aln  -            110   9.1e-14   47.6   0.0   1   1   2.2e-15   9.7e-14   47.5   0.0    13   106     2    93     1    93 0.96 -
d1k3ia1b.1.18.2      -            102 d1qbaa1b.1.18.2.aln  -            110   1.8e-13   46.6   1.5   1   1   4.4e-15   1.9e-13   46.5   1.5    15   105     4   102     1   102 0.97 -
d2bvya1b.1.18.2      -             94 d1qbaa1b.1.18.2.aln  -            110   4.7e-13   45.3  10.6   1   1   1.1e-14     5e-13   45.2  10.6    12   103     4    94     1    94 0.97 -
d2bhua1b.1.18.2      -             97 d1qbaa1b.1.18.2.aln  -            110   1.7e-12   43.5   0.1   1   1   4.1e-14   1.8e-12   43.4   0.1    12   106     2    95     1    97 0.98 -
d1f1sa2b.1.18.2      -             78 d1qbaa1b.1.18.2.aln  -            110   5.8e-12   41.8   0.4   1   1   1.4e-13   6.2e-12   41.7   0.4    17    96     1    78     1    78 0.96 -
d1ulva2b.1.18.2      -             89 d1qbaa1b.1.18.2.aln  -            110   8.1e-08   28.4   7.3   1   1     2e-09   8.8e-08   28.3   7.3    13   101     1    88     1    89 0.97 -
#
# Program:         hmmsearch
# Version:         3.3.2 (Nov 2020)
# Pipeline mode:   SEARCH
# Query file:      /home/elise/Documents/M1-BIM/S2/TMEs/SBAS/tme08/models/d1qbaa1b.1.18.2.aln.hmm
# Target file:     /home/elise/Documents/M1-BIM/S2/TMEs/SBAS/tme08/scop/scop/scopTestSeq.fasta
# Option settings: hmmsearch --domtblout /home/elise/Documents/M1-BIM/S2/TMEs/SBAS/tme08/searchResults/d1qbaa1b.1.18.2.aln.out -E 1 /home/elise/Documents/M1-BIM/S2/TMEs/SBAS/tme08/models/d1qbaa1b.1.18.2.aln.hmm /home/elise/Documents/M1-BIM/S2/TMEs/SBAS/tme08/scop/scop/scopTestSeq.fasta 
# Current dir:     /home/elise/Documents/M1-BIM/S2/TMEs/SBAS/tme08
# Date:            Tue Apr  1 17:30:40 2025
# [ok]
