#                                                                            --- full sequence --- -------------- this domain -------------   hmm coord   ali coord   env coord
# target name        accession   tlen query name           accession   qlen   E-value  score  bias   #  of  c-Evalue  i-Evalue  score  bias  from    to  from    to  from    to  acc description of target
#------------------- ---------- ----- -------------------- ---------- ----- --------- ------ ----- --- --- --------- --------- ------ ----- ----- ----- ----- ----- ----- ----- ---- ---------------------
d2p74a_e.3.1.1       -            263 d1qmea4e.3.1.1.aln   -            298   4.2e-92  304.2   3.1   1   1   1.1e-93   4.7e-92  304.1   3.1    26   296     2   263     1   263 0.99 -
d2hdsa_e.3.1.1       -            358 d1qmea4e.3.1.1.aln   -            298   1.1e-79  263.4   1.9   1   1   2.9e-81   1.3e-79  263.3   1.9     1   297    24   358    24   358 1.00 -
d1alqa_e.3.1.1       -            263 d1qmea4e.3.1.1.aln   -            298   4.1e-70  232.0   5.0   1   2    0.0092       0.4    5.5   0.0   263   296     2    35     1    36 0.93 -
d1alqa_e.3.1.1       -            263 d1qmea4e.3.1.1.aln   -            298   4.1e-70  232.0   5.0   2   2   1.4e-70   5.9e-69  228.2   4.4    17   258    30   263    28   263 0.99 -
d2v2ff_e.3.1.1       -            384 d1qmea4e.3.1.1.aln   -            298   4.1e-55  182.8  14.6   1   1   1.1e-56     5e-55  182.5  14.6     2   297    36   361    35   362 0.98 -
d1qmea4e.3.1.1       -            357 d1qmea4e.3.1.1.aln   -            298   7.4e-54  178.7   4.6   1   1   2.1e-55   9.2e-54  178.4   4.6     2   294     6   336     5   339 0.99 -
d1e25a_e.3.1.1       -            278 d1qmea4e.3.1.1.aln   -            298   2.6e-52  173.6   0.1   1   1   6.5e-54   2.8e-52  173.5   0.1    29   297     4   276     1   277 0.97 -
d1yqsa_e.3.1.1       -            345 d1qmea4e.3.1.1.aln   -            298   1.3e-51  171.3   5.8   1   1   3.4e-53   1.5e-51  171.1   5.8     1   296    23   333    23   335 0.97 -
d2drwa1e.3.1.1       -            362 d1qmea4e.3.1.1.aln   -            298   2.1e-50  167.4   0.0   1   1   5.4e-52   2.4e-50  167.2   0.0     3   297    24   347    22   348 0.97 -
d2olua2e.3.1.1       -            400 d1qmea4e.3.1.1.aln   -            298   6.6e-48  159.1  11.4   1   1   1.8e-49   7.9e-48  158.9  11.4     2   297    39   372    38   373 0.98 -
d1xa1a_e.3.1.1       -            246 d1qmea4e.3.1.1.aln   -            298   4.4e-47  156.4   5.3   1   1   1.1e-48   4.8e-47  156.3   5.3    18   296     2   245     1   246 0.94 -
d1tvfa2e.3.1.1       -            301 d1qmea4e.3.1.1.aln   -            298   5.2e-47  156.2  14.5   1   1   1.3e-48   5.7e-47  156.1  14.5     1   296     1   298     1   300 0.98 -
d1ei5a3e.3.1.1       -            333 d1qmea4e.3.1.1.aln   -            298   1.5e-46  154.7   0.0   1   1   3.8e-48   1.6e-46  154.6   0.0     1   296    23   326    23   328 0.98 -
d2bg1a1e.3.1.1       -            453 d1qmea4e.3.1.1.aln   -            298   1.1e-44  148.6   7.4   1   1   5.9e-46   2.6e-44  147.3   7.4     2   297    57   424    56   425 0.98 -
d1vqqa3e.3.1.1       -            341 d1qmea4e.3.1.1.aln   -            298     1e-43  145.4   8.0   1   1   2.6e-45   1.2e-43  145.2   8.0     1   296     7   320     7   322 0.95 -
d1xp4a2e.3.1.1       -            269 d1qmea4e.3.1.1.aln   -            298   1.4e-43  144.9   5.4   1   1   3.5e-45   1.6e-43  144.8   5.4    32   295     3   267     1   269 0.98 -
d1ci9a_e.3.1.1       -            377 d1qmea4e.3.1.1.aln   -            298   1.5e-42  141.5   0.0   1   1     4e-44   1.8e-42  141.3   0.0     2   297    25   349    24   350 0.98 -
d2dcfa1e.3.1.1       -            388 d1qmea4e.3.1.1.aln   -            298   2.3e-38  127.8   0.0   1   1   5.8e-40   2.5e-38  127.7   0.0     2   297    25   360    24   361 0.97 -
d1es5a_e.3.1.1       -            260 d1qmea4e.3.1.1.aln   -            298   1.8e-34  115.0  12.2   1   1   7.2e-36   3.1e-34  114.2  12.2    40   296     3   260     1   260 0.90 -
#
# Program:         hmmsearch
# Version:         3.3.2 (Nov 2020)
# Pipeline mode:   SEARCH
# Query file:      /home/elise/Documents/M1-BIM/S2/TMEs/SBAS/tme08/models/d1qmea4e.3.1.1.aln.hmm
# Target file:     /home/elise/Documents/M1-BIM/S2/TMEs/SBAS/tme08/scop/scop/scopTestSeq.fasta
# Option settings: hmmsearch --domtblout /home/elise/Documents/M1-BIM/S2/TMEs/SBAS/tme08/searchResults/d1qmea4e.3.1.1.aln.out -E 1 /home/elise/Documents/M1-BIM/S2/TMEs/SBAS/tme08/models/d1qmea4e.3.1.1.aln.hmm /home/elise/Documents/M1-BIM/S2/TMEs/SBAS/tme08/scop/scop/scopTestSeq.fasta 
# Current dir:     /home/elise/Documents/M1-BIM/S2/TMEs/SBAS/tme08
# Date:            Tue Apr  1 17:30:40 2025
# [ok]
