#                                                                            --- full sequence --- -------------- this domain -------------   hmm coord   ali coord   env coord
# target name        accession   tlen query name           accession   qlen   E-value  score  bias   #  of  c-Evalue  i-Evalue  score  bias  from    to  from    to  from    to  acc description of target
#------------------- ---------- ----- -------------------- ---------- ----- --------- ------ ----- --- --- --------- --------- ------ ----- ----- ----- ----- ----- ----- ----- ---- ---------------------
d2jhfa2c.2.1.1       -            176 d1qora2c.2.1.1.aln   -            177   6.3e-63  207.1   1.9   1   1   1.4e-64   6.9e-63  207.0   1.9     2   177     2   176     1   176 0.99 -
d1jqba2c.2.1.1       -            174 d1qora2c.2.1.1.aln   -            177   6.1e-48  158.3   5.0   1   1   1.4e-49   6.7e-48  158.2   5.0     2   175     2   171     1   173 0.97 -
d1vj0a2c.2.1.1       -            182 d1qora2c.2.1.1.aln   -            177   1.1e-47  157.5   0.0   1   1   2.4e-49   1.2e-47  157.4   0.0     3   175     3   175     1   177 0.96 -
d1h2ba2c.2.1.1       -            172 d1qora2c.2.1.1.aln   -            177   9.5e-45  147.9   1.9   1   1   2.1e-46     1e-44  147.8   1.9     2   173     5   171     4   172 0.96 -
d1pl8a2c.2.1.1       -            171 d1qora2c.2.1.1.aln   -            177   2.5e-43  143.3   5.7   1   1   5.5e-45   2.7e-43  143.1   5.7     4   174     3   169     1   171 0.95 -
d1o89a2c.2.1.1       -            177 d1qora2c.2.1.1.aln   -            177   4.5e-42  139.2   1.1   1   1     1e-43     5e-42  139.0   1.1     2   174     6   171     5   174 0.96 -
d1yb5a2c.2.1.1       -            174 d1qora2c.2.1.1.aln   -            177   5.9e-41  135.5   2.1   1   1   1.3e-42   6.5e-41  135.4   2.1     2   175     2   171     1   173 0.95 -
d2dm6a2c.2.1.1       -            182 d1qora2c.2.1.1.aln   -            177   9.3e-41  134.9   0.2   1   1   2.1e-42     1e-40  134.7   0.2     2   177     4   178     3   178 0.96 -
d1piwa2c.2.1.1       -            168 d1qora2c.2.1.1.aln   -            177   4.6e-40  132.6   0.0   1   1     1e-41   5.1e-40  132.5   0.0     2   176     2   168     1   168 0.98 -
d1gu7a2c.2.1.1       -            189 d1qora2c.2.1.1.aln   -            177     6e-39  129.0   0.0   1   1   1.3e-40   6.6e-39  128.9   0.0     2   177     2   184     1   184 0.96 -
d1pqwa_c.2.1.1       -            183 d1qora2c.2.1.1.aln   -            177   1.4e-36  121.3   0.4   1   1   3.2e-38   1.6e-36  121.1   0.4     4   175     1   174     1   176 0.89 -
d1kola2c.2.1.1       -            195 d1qora2c.2.1.1.aln   -            177   6.3e-36  119.2   2.7   1   1   1.4e-37     7e-36  119.0   2.7     4   175     2   177     1   179 0.97 -
d1qora2c.2.1.1       -            179 d1qora2c.2.1.1.aln   -            177   8.9e-23   76.3   0.1   1   1   2.2e-24   1.1e-22   76.1   0.1     2   134     2   131     1   151 0.92 -
d1k0ia1c.3.1.2       -            293 d1qora2c.2.1.1.aln   -            177    0.0002   16.5   0.1   1   2   0.00026     0.013   10.7   0.0    30    58     3    31     1    59 0.92 -
d1k0ia1c.3.1.2       -            293 d1qora2c.2.1.1.aln   -            177    0.0002   16.5   0.1   2   2     0.033       1.7    3.8   0.0    50    85    91   129    88   199 0.78 -
d1c1da1c.2.1.7       -            201 d1qora2c.2.1.1.aln   -            177   0.00023   16.4   8.0   1   1   3.6e-05    0.0018   13.5   8.0    29    77    27    74     6   154 0.91 -
d1euza1c.2.1.7       -            239 d1qora2c.2.1.1.aln   -            177    0.0018   13.4   0.9   1   2    0.0032      0.16    7.1   0.2    12    62    15    65     8    84 0.84 -
d1euza1c.2.1.7       -            239 d1qora2c.2.1.1.aln   -            177    0.0018   13.4   0.9   2   2     0.016      0.79    4.8   0.0    71   129   114   171    95   176 0.86 -
#
# Program:         hmmsearch
# Version:         3.3.2 (Nov 2020)
# Pipeline mode:   SEARCH
# Query file:      /home/elise/Documents/M1-BIM/S2/TMEs/SBAS/tme08/models/d1qora2c.2.1.1.aln.hmm
# Target file:     /home/elise/Documents/M1-BIM/S2/TMEs/SBAS/tme08/scop/scop/scopTestSeq.fasta
# Option settings: hmmsearch --domtblout /home/elise/Documents/M1-BIM/S2/TMEs/SBAS/tme08/searchResults/d1qora2c.2.1.1.aln.out -E 1 /home/elise/Documents/M1-BIM/S2/TMEs/SBAS/tme08/models/d1qora2c.2.1.1.aln.hmm /home/elise/Documents/M1-BIM/S2/TMEs/SBAS/tme08/scop/scop/scopTestSeq.fasta 
# Current dir:     /home/elise/Documents/M1-BIM/S2/TMEs/SBAS/tme08
# Date:            Tue Apr  1 17:30:40 2025
# [ok]
