#                                                                            --- full sequence --- -------------- this domain -------------   hmm coord   ali coord   env coord
# target name        accession   tlen query name           accession   qlen   E-value  score  bias   #  of  c-Evalue  i-Evalue  score  bias  from    to  from    to  from    to  acc description of target
#------------------- ---------- ----- -------------------- ---------- ----- --------- ------ ----- --- --- --------- --------- ------ ----- ----- ----- ----- ----- ----- ----- ---- ---------------------
d1exra_a.39.1.5      -            146 d1qv0a_a.39.1.5.aln  -            175   7.8e-63  206.8  11.6   1   1   1.4e-64   8.7e-63  206.7  11.6    10   155     1   144     1   146 0.97 -
d1omra_a.39.1.5      -            201 d1qv0a_a.39.1.5.aln  -            175   2.3e-51  169.5   2.6   1   1   4.6e-53   2.8e-51  169.2   2.6     2   174     8   174     7   175 0.98 -
d1jbaa_a.39.1.5      -            189 d1qv0a_a.39.1.5.aln  -            175   3.1e-42  139.7   1.7   1   1     6e-44   3.6e-42  139.5   1.7     3   174     5   172     3   173 0.94 -
d1qv0a_a.39.1.5      -            189 d1qv0a_a.39.1.5.aln  -            175   1.6e-41  137.4   0.1   1   1   2.9e-43   1.8e-41  137.3   0.1     6   172     2   186     1   189 0.98 -
d2zfda1a.39.1.5      -            183 d1qv0a_a.39.1.5.aln  -            175   1.3e-34  114.9   3.9   1   1   2.4e-36   1.5e-34  114.7   3.9     7   174     6   172     1   173 0.96 -
d2sasa_a.39.1.5      -            185 d1qv0a_a.39.1.5.aln  -            175   9.3e-31  102.4   0.7   1   1   2.1e-32   1.2e-30  102.0   0.7     2   172    11   184     7   185 0.98 -
d1xo5a_a.39.1.5      -            180 d1qv0a_a.39.1.5.aln  -            175   1.6e-28   95.1   0.0   1   1   2.9e-30   1.8e-28   94.9   0.0     3   173     3   175     1   177 0.97 -
d2scpa_a.39.1.5      -            174 d1qv0a_a.39.1.5.aln  -            175   1.7e-27   91.7   4.5   1   1   3.2e-29   1.9e-27   91.6   4.5     3   171     2   172     1   174 0.98 -
d1jfka_a.39.1.5      -            134 d1qv0a_a.39.1.5.aln  -            175   4.1e-25   84.0  14.4   1   2   1.2e-23   7.3e-22   73.4   6.1    58   172     2   115     1   116 0.97 -
d1jfka_a.39.1.5      -            134 d1qv0a_a.39.1.5.aln  -            175   4.1e-25   84.0  14.4   2   2   7.7e-08   4.7e-06   21.9   1.1    23    81    80   132    76   133 0.89 -
d1nyaa_a.39.1.5      -            176 d1qv0a_a.39.1.5.aln  -            175   1.5e-24   82.2   1.7   1   1   3.2e-26     2e-24   81.8   1.7     2   165    12   174     7   176 0.97 -
d1s6ja_a.39.1.5      -             87 d1qv0a_a.39.1.5.aln  -            175   5.5e-24   80.3   4.0   1   1   9.7e-26   5.9e-24   80.2   4.0     2    83     7    86     6    87 0.96 -
d1j7qa_a.39.1.5      -             86 d1qv0a_a.39.1.5.aln  -            175   4.8e-14   48.0   0.1   1   1   8.1e-16   4.9e-14   47.9   0.1     8    69     4    63     1    85 0.86 -
d1ctaa_a.39.1.5      -             34 d1qv0a_a.39.1.5.aln  -            175   1.1e-10   37.0   0.2   1   1   1.9e-12   1.2e-10   36.9   0.2    91   123     2    34     1    34 0.70 -
#
# Program:         hmmsearch
# Version:         3.3.2 (Nov 2020)
# Pipeline mode:   SEARCH
# Query file:      /home/elise/Documents/M1-BIM/S2/TMEs/SBAS/tme08/models/d1qv0a_a.39.1.5.aln.hmm
# Target file:     /home/elise/Documents/M1-BIM/S2/TMEs/SBAS/tme08/scop/scop/scopTestSeq.fasta
# Option settings: hmmsearch --domtblout /home/elise/Documents/M1-BIM/S2/TMEs/SBAS/tme08/searchResults/d1qv0a_a.39.1.5.aln.out -E 1 /home/elise/Documents/M1-BIM/S2/TMEs/SBAS/tme08/models/d1qv0a_a.39.1.5.aln.hmm /home/elise/Documents/M1-BIM/S2/TMEs/SBAS/tme08/scop/scop/scopTestSeq.fasta 
# Current dir:     /home/elise/Documents/M1-BIM/S2/TMEs/SBAS/tme08
# Date:            Tue Apr  1 17:30:41 2025
# [ok]
