#                                                                            --- full sequence --- -------------- this domain -------------   hmm coord   ali coord   env coord
# target name        accession   tlen query name           accession   qlen   E-value  score  bias   #  of  c-Evalue  i-Evalue  score  bias  from    to  from    to  from    to  acc description of target
#------------------- ---------- ----- -------------------- ---------- ----- --------- ------ ----- --- --- --------- --------- ------ ----- ----- ----- ----- ----- ----- ----- ---- ---------------------
d1g41a_c.37.1.20     -            443 d1r6bx3c.37.1.20.aln -            313   2.4e-85  281.6   8.6   1   1   9.7e-86     3e-84  278.0   8.6     1   313     2   443     2   443 1.00 -
d1lv7a_c.37.1.20     -            256 d1r6bx3c.37.1.20.aln -            313     2e-67  222.8   0.1   1   1   6.9e-69   2.2e-67  222.6   0.1     2   255     2   254     1   256 0.99 -
d1svma_c.37.1.20     -            362 d1r6bx3c.37.1.20.aln -            313   2.8e-64  212.4   0.0   1   1   9.9e-66   3.1e-64  212.3   0.0     1   313     1   347     1   347 1.00 -
d1iqpa2c.37.1.20     -            231 d1r6bx3c.37.1.20.aln -            313   1.6e-63  209.9   0.7   1   1   6.1e-65   1.9e-63  209.7   0.7     4   240     3   228     1   230 0.98 -
d1g8pa_c.37.1.20     -            333 d1r6bx3c.37.1.20.aln -            313   5.8e-55  181.8   2.4   1   1   7.5e-56   2.4e-54  179.8   2.4     6   313     1   332     1   332 0.99 -
d1njfa_c.37.1.20     -            239 d1r6bx3c.37.1.20.aln -            313   8.1e-54  178.1   0.0   1   1   2.8e-55   8.8e-54  177.9   0.0    16   236     3   230     1   238 0.97 -
d1sxja2c.37.1.20     -            253 d1r6bx3c.37.1.20.aln -            313   9.1e-53  174.6   0.0   1   1   3.3e-54   1.1e-52  174.4   0.0     1   246     4   250     4   252 0.98 -
d1um8a_c.37.1.20     -            364 d1r6bx3c.37.1.20.aln -            313   1.1e-52  174.3   0.6   1   1     1e-53   3.2e-52  172.8   0.6     2   305     6   364     5   364 0.99 -
d2a5yb3c.37.1.20     -            277 d1r6bx3c.37.1.20.aln -            313   1.8e-50  167.1   0.0   1   1   6.3e-52     2e-50  166.9   0.0     6   271     2   276     1   277 0.99 -
d1u0ja_c.37.1.20     -            267 d1r6bx3c.37.1.20.aln -            313   2.2e-45  150.3   0.0   1   1   8.4e-47   2.6e-45  150.1   0.0     8   276     2   265     1   266 0.99 -
d1fnna2c.37.1.20     -            276 d1r6bx3c.37.1.20.aln -            313   6.3e-44  145.6   0.0   1   1   2.4e-45   7.6e-44  145.3   0.0     8   265     2   274     1   275 0.99 -
d2p65a_c.37.1.20     -            185 d1r6bx3c.37.1.20.aln -            313   1.1e-40  135.0   0.7   1   1   3.7e-42   1.2e-40  134.8   0.7     6   197     1   184     1   185 0.98 -
d1w5sa2c.37.1.20     -            287 d1r6bx3c.37.1.20.aln -            313   2.5e-40  133.8   0.2   1   1   8.6e-42   2.7e-40  133.6   0.2     8   269     2   286     1   287 0.99 -
d1d2na_c.37.1.20     -            246 d1r6bx3c.37.1.20.aln -            313   2.5e-40  133.7   0.1   1   1   8.8e-42   2.8e-40  133.6   0.1     6   249     1   244     1   246 0.98 -
d1in4a2c.37.1.20     -            238 d1r6bx3c.37.1.20.aln -            313   5.1e-40  132.7   1.5   1   1   1.8e-41   5.6e-40  132.6   1.5    16   252     5   236     1   238 0.96 -
d2fnaa2c.37.1.20     -            283 d1r6bx3c.37.1.20.aln -            313   4.8e-36  119.7   3.0   1   1   1.7e-37   5.3e-36  119.5   3.0     5   270     2   282     1   283 0.99 -
d1ny5a2c.37.1.20     -            247 d1r6bx3c.37.1.20.aln -            313   9.9e-32  105.5   1.4   1   1   3.5e-33   1.1e-31  105.4   1.4    10   258     2   246     1   247 0.98 -
d1tuea_c.37.1.20     -            205 d1r6bx3c.37.1.20.aln -            313   3.4e-31  103.7   0.0   1   1   1.3e-32     4e-31  103.5   0.0    15   243     4   204     1   205 0.98 -
d2gnoa2c.37.1.20     -            198 d1r6bx3c.37.1.20.aln -            313     4e-28   93.7   0.6   1   1   1.5e-29   4.7e-28   93.4   0.6    19   238     1   196     1   198 0.98 -
d1a5ta2c.37.1.20     -            207 d1r6bx3c.37.1.20.aln -            313   9.1e-28   92.5   0.0   1   1   3.2e-29     1e-27   92.3   0.0    13   238     1   204     1   206 0.97 -
d1l8qa2c.37.1.20     -            213 d1r6bx3c.37.1.20.aln -            313   2.7e-26   87.6   2.2   1   1   9.6e-28     3e-26   87.5   2.2    14   244     2   213     1   213 0.97 -
d1jqlb_c.37.1.20     -            140 d1r6bx3c.37.1.20.aln -            313     6e-23   76.6   0.0   1   1     2e-24   6.4e-23   76.5   0.0    26   181     1   134     1   140 0.96 -
d1r6bx3c.37.1.20     -            315 d1r6bx3c.37.1.20.aln -            313   6.3e-11   37.2   0.1   1   2   1.8e-11   5.7e-10   34.0   0.0    29   150    26   150     4   212 0.86 -
d1r6bx3c.37.1.20     -            315 d1r6bx3c.37.1.20.aln -            313   6.3e-11   37.2   0.1   2   2      0.22         7    0.9   0.0   252   278   255   281   235   283 0.84 -
d1qzma_c.37.1.20     -             94 d1r6bx3c.37.1.20.aln -            313   1.2e-09   33.0   0.2   1   1   3.8e-11   1.2e-09   32.9   0.2    15   103     2    91     1    94 0.95 -
d1y63a_c.37.1.1      -            174 d1r6bx3c.37.1.20.aln -            313   9.9e-06   20.1   2.1   1   2   1.4e-05   0.00046   14.6   0.0    48    81     7    40     7    55 0.88 -
d1y63a_c.37.1.1      -            174 d1r6bx3c.37.1.20.aln -            313   9.9e-06   20.1   2.1   2   2     0.018      0.58    4.4   1.3   207   262   112   168   105   173 0.72 -
#
# Program:         hmmsearch
# Version:         3.3.2 (Nov 2020)
# Pipeline mode:   SEARCH
# Query file:      /home/elise/Documents/M1-BIM/S2/TMEs/SBAS/tme08/models/d1r6bx3c.37.1.20.aln.hmm
# Target file:     /home/elise/Documents/M1-BIM/S2/TMEs/SBAS/tme08/scop/scop/scopTestSeq.fasta
# Option settings: hmmsearch --domtblout /home/elise/Documents/M1-BIM/S2/TMEs/SBAS/tme08/searchResults/d1r6bx3c.37.1.20.aln.out -E 1 /home/elise/Documents/M1-BIM/S2/TMEs/SBAS/tme08/models/d1r6bx3c.37.1.20.aln.hmm /home/elise/Documents/M1-BIM/S2/TMEs/SBAS/tme08/scop/scop/scopTestSeq.fasta 
# Current dir:     /home/elise/Documents/M1-BIM/S2/TMEs/SBAS/tme08
# Date:            Tue Apr  1 17:30:41 2025
# [ok]
