#                                                                            --- full sequence --- -------------- this domain -------------   hmm coord   ali coord   env coord
# target name        accession   tlen query name           accession   qlen   E-value  score  bias   #  of  c-Evalue  i-Evalue  score  bias  from    to  from    to  from    to  acc description of target
#------------------- ---------- ----- -------------------- ---------- ----- --------- ------ ----- --- --- --------- --------- ------ ----- ----- ----- ----- ----- ----- ----- ---- ---------------------
d1jeta_c.94.1.1      -            517 d1r9la_c.94.1.1.aln  -            315   3.8e-49  163.5  10.6   1   1   1.5e-50   4.6e-49  163.2  10.6     2   314   126   515   125   516 0.99 -
d3vlva_c.94.1.1      -            490 d1r9la_c.94.1.1.aln  -            315   1.4e-42  142.0   6.8   1   1   5.5e-44   1.7e-42  141.7   6.8     1   315    15   412    15   412 0.99 -
d1nnfa_c.94.1.1      -            308 d1r9la_c.94.1.1.aln  -            315   7.5e-41  136.4   9.3   1   1   2.6e-42   8.3e-41  136.2   9.3     9   300     1   306     1   308 0.97 -
d1ursa_c.94.1.1      -            367 d1r9la_c.94.1.1.aln  -            315   1.6e-39  132.0   8.3   1   1   5.8e-41   1.8e-39  131.8   8.3     5   315     4   356     1   356 0.98 -
d1q35a_c.94.1.1      -            318 d1r9la_c.94.1.1.aln  -            315   1.1e-35  119.5   2.8   1   1   3.8e-37   1.2e-35  119.3   2.8     9   307     3   317     1   318 0.98 -
d1eu8a_c.94.1.1      -            407 d1r9la_c.94.1.1.aln  -            315   1.2e-34  116.0   6.1   1   1   4.4e-36   1.4e-34  115.9   6.1     2   314     5   391     4   392 0.99 -
d1pb7a_c.94.1.1      -            289 d1r9la_c.94.1.1.aln  -            315   2.6e-29   98.6   0.0   1   1   9.2e-31   2.9e-29   98.5   0.0    19   290     2   288     1   289 0.98 -
d3thia_c.94.1.1      -            362 d1r9la_c.94.1.1.aln  -            315   2.3e-27   92.3   0.3   1   1     8e-29   2.5e-27   92.1   0.3     1   312     2   359     2   362 0.98 -
d1uqwa_c.94.1.1      -            487 d1r9la_c.94.1.1.aln  -            315   1.9e-26   89.3   7.3   1   1   8.3e-28   2.6e-26   88.8   7.3     1   310    97   484    97   487 0.97 -
d2nooa_c.94.1.1      -            496 d1r9la_c.94.1.1.aln  -            315   1.8e-25   86.1   0.4   1   1   7.6e-27   2.4e-25   85.7   0.4     3   312    98   495    96   496 0.98 -
d1vr5a1c.94.1.1      -            535 d1r9la_c.94.1.1.aln  -            315   4.5e-24   81.5  11.4   1   2       3.7   1.2e+02   -1.6   0.1     6    32    41    67    24    88 0.73 -
d1vr5a1c.94.1.1      -            535 d1r9la_c.94.1.1.aln  -            315   4.5e-24   81.5  11.4   2   2   1.4e-25   4.5e-24   81.5  11.4     2   315   119   521   118   521 0.99 -
d1ixha_c.94.1.1      -            321 d1r9la_c.94.1.1.aln  -            315   1.6e-22   76.4  11.5   1   1   5.7e-24   1.8e-22   76.3  11.5    18   313     4   320     1   321 0.95 -
d1sbpa_c.94.1.1      -            309 d1r9la_c.94.1.1.aln  -            315   2.1e-22   76.1  10.2   1   1   7.2e-24   2.3e-22   75.9  10.2     8   314     4   306     1   307 0.98 -
d1xoca1c.94.1.1      -            504 d1r9la_c.94.1.1.aln  -            315   2.9e-21   72.3  15.4   1   1   1.3e-22     4e-21   71.9  15.4     2   314   120   503   119   504 0.91 -
d2czla1c.94.1.1      -            270 d1r9la_c.94.1.1.aln  -            315   2.8e-18   62.6   0.0   1   1     1e-19   3.2e-18   62.4   0.0    25   303     8   264     2   270 0.97 -
d2i6ea1c.94.1.1      -            272 d1r9la_c.94.1.1.aln  -            315   4.4e-17   58.6   0.0   1   1   1.6e-18   4.9e-17   58.5   0.0     9   294     2   269     1   272 0.98 -
d1al3a_c.94.1.1      -            237 d1r9la_c.94.1.1.aln  -            315   8.9e-17   57.6   0.0   1   1   3.1e-18   9.7e-17   57.5   0.0    27   301     3   234     1   237 0.96 -
d2nxoa1c.94.1.1      -            277 d1r9la_c.94.1.1.aln  -            315   1.4e-15   53.7   0.0   1   1   4.8e-17   1.5e-15   53.6   0.0     9   299     3   271     1   277 0.97 -
d1xt8a1c.94.1.1      -            248 d1r9la_c.94.1.1.aln  -            315   8.2e-15   51.2   4.4   1   1     3e-16   9.5e-15   51.0   4.4    66   300    25   247     8   248 0.93 -
d1us5a_c.94.1.1      -            298 d1r9la_c.94.1.1.aln  -            315   4.9e-14   48.7   1.1   1   1   1.9e-15     6e-14   48.4   1.1     7   310     2   295     1   297 0.97 -
d1twya_c.94.1.1      -            249 d1r9la_c.94.1.1.aln  -            315   2.9e-12   42.9   0.0   1   1   9.5e-14     3e-12   42.8   0.0    29   300    14   245     1   249 0.92 -
d1i6aa_c.94.1.1      -            212 d1r9la_c.94.1.1.aln  -            315   3.1e-11   39.5   0.0   1   1   1.2e-12   3.6e-11   39.3   0.0    52   276    10   211     4   212 0.94 -
d2ozza1c.94.1.1      -            228 d1r9la_c.94.1.1.aln  -            315   6.1e-11   38.6   0.0   1   1   2.4e-12   7.5e-11   38.3   0.0    32   290    14   225     2   227 0.94 -
d1ve4a1c.94.1.1      -            206 d1r9la_c.94.1.1.aln  -            315   5.8e-10   35.4   0.1   1   1   3.4e-11   1.1e-09   34.5   0.1    21   272     5   201     1   203 0.88 -
d1ii5a_c.94.1.1      -            226 d1r9la_c.94.1.1.aln  -            315   4.1e-07   26.0   0.1   1   1   1.4e-08   4.4e-07   26.0   0.1    49   284     6   225     1   226 0.84 -
#
# Program:         hmmsearch
# Version:         3.3.2 (Nov 2020)
# Pipeline mode:   SEARCH
# Query file:      /home/elise/Documents/M1-BIM/S2/TMEs/SBAS/tme08/models/d1r9la_c.94.1.1.aln.hmm
# Target file:     /home/elise/Documents/M1-BIM/S2/TMEs/SBAS/tme08/scop/scop/scopTestSeq.fasta
# Option settings: hmmsearch --domtblout /home/elise/Documents/M1-BIM/S2/TMEs/SBAS/tme08/searchResults/d1r9la_c.94.1.1.aln.out -E 1 /home/elise/Documents/M1-BIM/S2/TMEs/SBAS/tme08/models/d1r9la_c.94.1.1.aln.hmm /home/elise/Documents/M1-BIM/S2/TMEs/SBAS/tme08/scop/scop/scopTestSeq.fasta 
# Current dir:     /home/elise/Documents/M1-BIM/S2/TMEs/SBAS/tme08
# Date:            Tue Apr  1 17:30:41 2025
# [ok]
