#                                                                            --- full sequence --- -------------- this domain -------------   hmm coord   ali coord   env coord
# target name        accession   tlen query name           accession   qlen   E-value  score  bias   #  of  c-Evalue  i-Evalue  score  bias  from    to  from    to  from    to  acc description of target
#------------------- ---------- ----- -------------------- ---------- ----- --------- ------ ----- --- --- --------- --------- ------ ----- ----- ----- ----- ----- ----- ----- ---- ---------------------
d1i1wa_c.1.8.3       -            303 d1rh9a1c.1.8.3.aln   -            344   2.6e-89  295.4   6.9   1   1   8.7e-91   3.1e-89  295.2   6.9    10   343    10   302     2   303 0.96 -
d1hjua_c.1.8.3       -            332 d1rh9a1c.1.8.3.aln   -            344   1.3e-60  201.1  18.3   1   1     4e-62   1.5e-60  200.9  18.3     9   342     3   330     1   332 0.98 -
d1qw9a2c.1.8.3       -            367 d1rh9a1c.1.8.3.aln   -            344   2.9e-49  163.8   2.6   1   1     9e-51   3.2e-49  163.6   2.6     2   342     6   363     5   365 0.99 -
d2je8a5c.1.8.3       -            348 d1rh9a1c.1.8.3.aln   -            344   5.5e-46  153.0   8.3   1   1   1.7e-47   6.1e-46  152.8   8.3     6   341    10   346     5   348 0.98 -
d1w91a2c.1.8.3       -            347 d1rh9a1c.1.8.3.aln   -            344   4.2e-45  150.1   0.2   1   1   1.3e-46   4.6e-45  149.9   0.2     3   342    15   343    13   345 0.95 -
d3n9ka_c.1.8.3       -            394 d1rh9a1c.1.8.3.aln   -            344   4.4e-43  143.4  22.0   1   1   1.5e-44   5.5e-43  143.1  22.0     4   343    39   391    37   392 0.98 -
d7a3ha_c.1.8.3       -            300 d1rh9a1c.1.8.3.aln   -            344     7e-43  142.8  15.1   1   1   2.4e-44   8.7e-43  142.5  15.1    10   328    13   295    12   299 0.96 -
d1ecea_c.1.8.3       -            358 d1rh9a1c.1.8.3.aln   -            344   1.7e-42  141.5  18.0   1   1   5.1e-44   1.8e-42  141.4  18.0     3   340    15   356    13   358 0.97 -
d1ceoa_c.1.8.3       -            340 d1rh9a1c.1.8.3.aln   -            344     2e-41  137.9   0.9   1   1   6.3e-43   2.3e-41  137.8   0.9     2   342     5   338     4   340 0.97 -
d1vjza_c.1.8.3       -            325 d1rh9a1c.1.8.3.aln   -            344   3.9e-40  133.7   0.2   1   1   1.2e-41   4.3e-40  133.6   0.2     7   341     2   321     1   324 0.96 -
d2vzsa5c.1.8.3       -            339 d1rh9a1c.1.8.3.aln   -            344   5.8e-40  133.2   3.6   1   1   1.8e-41   6.4e-40  133.0   3.6     4   342     4   338     1   339 0.98 -
d1bqca_c.1.8.3       -            302 d1rh9a1c.1.8.3.aln   -            344   5.8e-40  133.2  12.0   1   1   1.8e-41   6.4e-40  133.0  12.0     3   342     1   300     1   302 0.96 -
d1jz8a5c.1.8.3       -            292 d1rh9a1c.1.8.3.aln   -            344   1.7e-39  131.6   0.4   1   1   5.4e-41   1.9e-39  131.5   0.4     7   342     2   291     1   292 0.96 -
d1qnra_c.1.8.3       -            344 d1rh9a1c.1.8.3.aln   -            344   2.8e-38  127.6  23.4   1   1   8.7e-40   3.1e-38  127.5  23.4     4   342     8   343     5   344 0.98 -
d1edga_c.1.8.3       -            380 d1rh9a1c.1.8.3.aln   -            344   1.6e-37  125.1  19.2   1   1     5e-39   1.8e-37  125.0  19.2     3   342    14   375    12   377 0.98 -
d2nt0a2c.1.8.3       -            354 d1rh9a1c.1.8.3.aln   -            344   2.3e-37  124.6   0.1   1   1     7e-39   2.5e-37  124.5   0.1     2   342     2   347     1   349 0.98 -
d1odza_c.1.8.3       -            381 d1rh9a1c.1.8.3.aln   -            344   1.1e-34  115.8  14.1   1   1   3.7e-36   1.3e-34  115.6  14.1     2   341    12   370    11   373 0.98 -
d1ur4a_c.1.8.3       -            387 d1rh9a1c.1.8.3.aln   -            344   4.6e-31  103.9  14.7   1   1   1.4e-32   5.2e-31  103.7  14.7     4   340     9   380     6   384 0.98 -
d1h1na_c.1.8.3       -            305 d1rh9a1c.1.8.3.aln   -            344     5e-30  100.5  15.4   1   1   1.6e-31   5.6e-30  100.4  15.4     3   342     1   301     1   303 0.97 -
d1uuqa_c.1.8.3       -            410 d1rh9a1c.1.8.3.aln   -            344   5.2e-29   97.2  18.0   1   1   1.7e-30     6e-29   97.0  18.0     4   342    18   408    15   410 0.97 -
d1nofa2c.1.8.3       -            277 d1rh9a1c.1.8.3.aln   -            344   1.4e-19   66.2   3.8   1   1   4.3e-21   1.6e-19   66.0   3.8     6   340     1   276     1   277 0.97 -
d2v3ga_c.1.8.3       -            273 d1rh9a1c.1.8.3.aln   -            344     7e-19   63.9  23.4   1   1   2.2e-20   7.8e-19   63.7  23.4     8   339     3   270     1   273 0.92 -
#
# Program:         hmmsearch
# Version:         3.3.2 (Nov 2020)
# Pipeline mode:   SEARCH
# Query file:      /home/elise/Documents/M1-BIM/S2/TMEs/SBAS/tme08/models/d1rh9a1c.1.8.3.aln.hmm
# Target file:     /home/elise/Documents/M1-BIM/S2/TMEs/SBAS/tme08/scop/scop/scopTestSeq.fasta
# Option settings: hmmsearch --domtblout /home/elise/Documents/M1-BIM/S2/TMEs/SBAS/tme08/searchResults/d1rh9a1c.1.8.3.aln.out -E 1 /home/elise/Documents/M1-BIM/S2/TMEs/SBAS/tme08/models/d1rh9a1c.1.8.3.aln.hmm /home/elise/Documents/M1-BIM/S2/TMEs/SBAS/tme08/scop/scop/scopTestSeq.fasta 
# Current dir:     /home/elise/Documents/M1-BIM/S2/TMEs/SBAS/tme08
# Date:            Tue Apr  1 17:30:41 2025
# [ok]
