#                                                                            --- full sequence --- -------------- this domain -------------   hmm coord   ali coord   env coord
# target name        accession   tlen query name           accession   qlen   E-value  score  bias   #  of  c-Evalue  i-Evalue  score  bias  from    to  from    to  from    to  acc description of target
#------------------- ---------- ----- -------------------- ---------- ----- --------- ------ ----- --- --- --------- --------- ------ ----- ----- ----- ----- ----- ----- ----- ---- ---------------------
d1ui5a2a.121.1.1     -            133 d1rkta2a.121.1.1.aln -            119   1.4e-17   59.4   0.3   1   1     6e-19   1.6e-17   59.2   0.3     3   118     3   119     1   120 0.97 -
d2fx0a2a.121.1.1     -            122 d1rkta2a.121.1.1.aln -            119   1.4e-17   59.3   0.0   1   1   5.7e-19   1.6e-17   59.2   0.0     3   117     4   120     2   122 0.97 -
d2gena2a.121.1.1     -            118 d1rkta2a.121.1.1.aln -            119   2.4e-17   58.6   5.8   1   1   9.6e-19   2.6e-17   58.5   5.8     3   118     2   117     1   118 0.98 -
d1z0xa2a.121.1.1     -            149 d1rkta2a.121.1.1.aln -            119   7.3e-17   57.1   0.0   1   1   3.9e-18   1.1e-16   56.6   0.0     2   118     1   130     1   131 0.98 -
d2hyja2a.121.1.1     -            118 d1rkta2a.121.1.1.aln -            119   3.3e-16   55.0   4.3   1   1   1.3e-17   3.6e-16   54.9   4.3     5   118     3   116     1   117 0.98 -
d1t56a2a.121.1.1     -            120 d1rkta2a.121.1.1.aln -            119   3.7e-16   54.8   2.0   1   1   1.5e-17     4e-16   54.7   2.0     2   117     4   118     3   120 0.97 -
d2d6ya2a.121.1.1     -            118 d1rkta2a.121.1.1.aln -            119   7.3e-16   53.9   1.2   1   1   2.9e-17     8e-16   53.8   1.2     2   114     4   117     3   118 0.97 -
d1t33a2a.121.1.1     -            132 d1rkta2a.121.1.1.aln -            119     1e-15   53.4   0.2   1   1   4.1e-17   1.1e-15   53.3   0.2     2   117     5   124     4   126 0.98 -
d2g3ba2a.121.1.1     -            116 d1rkta2a.121.1.1.aln -            119   1.8e-15   52.6   1.6   1   1   7.2e-17     2e-15   52.5   1.6     6   117     2   115     1   116 0.98 -
d2g7ga2a.121.1.1     -            132 d1rkta2a.121.1.1.aln -            119   1.9e-15   52.5   7.6   1   2   7.5e-17     2e-15   52.5   6.7     3   107     2   105     1   115 0.96 -
d2g7ga2a.121.1.1     -            132 d1rkta2a.121.1.1.aln -            119   1.9e-15   52.5   7.6   2   2      0.19       5.2    3.1   0.1    30    61    98   129    97   130 0.88 -
d1vi0a2a.121.1.1     -            117 d1rkta2a.121.1.1.aln -            119   4.4e-15   51.4   0.0   1   1   1.7e-16   4.7e-15   51.3   0.0     3   114     4   116     2   117 0.97 -
d2id3a2a.121.1.1     -            123 d1rkta2a.121.1.1.aln -            119   6.2e-15   50.9   6.2   1   1   2.4e-16   6.6e-15   50.8   6.2     2   116     4   119     3   122 0.92 -
d2np3a2a.121.1.1     -            112 d1rkta2a.121.1.1.aln -            119   1.4e-14   49.8   5.2   1   1   5.4e-16   1.5e-14   49.7   5.2     2   110     3   110     2   112 0.97 -
d1sgma2a.121.1.1     -            111 d1rkta2a.121.1.1.aln -            119   1.7e-14   49.5   0.0   1   1   7.2e-16     2e-14   49.3   0.0     4   110     6   111     4   111 0.96 -
d3c07a2a.121.1.1     -            146 d1rkta2a.121.1.1.aln -            119   1.7e-14   49.5   1.2   1   1   8.4e-16   2.3e-14   49.1   1.2     4   118     3   123     1   124 0.97 -
d2g7sa2a.121.1.1     -            116 d1rkta2a.121.1.1.aln -            119     2e-14   49.3   2.2   1   1   7.8e-16   2.1e-14   49.2   2.2     3   117     4   115     2   116 0.96 -
d2id6a2a.121.1.1     -            125 d1rkta2a.121.1.1.aln -            119   2.3e-14   49.1   0.0   1   1   9.2e-16   2.5e-14   49.0   0.0     3   118     4   118     2   119 0.97 -
d2iu5a2a.121.1.1     -            109 d1rkta2a.121.1.1.aln -            119   2.7e-14   48.9   0.0   1   1   1.1e-15   2.9e-14   48.8   0.0     9   115     3   107     1   109 0.97 -
d2oi8a2a.121.1.1     -            130 d1rkta2a.121.1.1.aln -            119   3.5e-14   48.5   1.7   1   1   1.4e-15   3.9e-14   48.4   1.7     2   117     2   119     1   121 0.97 -
d2fq4a2a.121.1.1     -            115 d1rkta2a.121.1.1.aln -            119   4.1e-14   48.3   0.0   1   1   1.8e-15   4.8e-14   48.1   0.0     3   110     2   109     1   114 0.96 -
d2fbqa2a.121.1.1     -            134 d1rkta2a.121.1.1.aln -            119   6.9e-14   47.6   0.2   1   1   2.9e-15   7.9e-14   47.4   0.2     5   118     4   117     1   118 0.97 -
d2i10a2a.121.1.1     -            116 d1rkta2a.121.1.1.aln -            119     2e-13   46.1   2.2   1   1   7.9e-15   2.2e-13   46.0   2.2     5   117     3   114     1   116 0.95 -
d2fd5a2a.121.1.1     -            104 d1rkta2a.121.1.1.aln -            119     4e-13   45.1   2.2   1   1   1.6e-14   4.3e-13   45.0   2.2     3   107     2   102     1   104 0.96 -
d2gfna2a.121.1.1     -            119 d1rkta2a.121.1.1.aln -            119   6.8e-13   44.4   6.1   1   1   2.7e-14   7.4e-13   44.3   6.1     2   116     2   114     1   117 0.97 -
d2g7la2a.121.1.1     -            144 d1rkta2a.121.1.1.aln -            119   9.3e-13   43.9   7.9   1   1   4.2e-14   1.1e-12   43.7   7.9     3   118     2   125     1   126 0.98 -
d1zk8a2a.121.1.1     -            105 d1rkta2a.121.1.1.aln -            119   1.9e-12   43.0   0.0   1   1   7.2e-14     2e-12   42.9   0.0     3   104     2   100     1   105 0.93 -
d2np5a2a.121.1.1     -            118 d1rkta2a.121.1.1.aln -            119     3e-12   42.3   3.3   1   1   1.2e-13   3.3e-12   42.2   3.3     2   115     3   117     2   118 0.98 -
d2hkua2a.121.1.1     -            121 d1rkta2a.121.1.1.aln -            119   3.2e-12   42.2   0.1   1   1   1.3e-13   3.4e-12   42.1   0.1     4   118     4   118     1   119 0.97 -
d2o7ta2a.121.1.1     -            110 d1rkta2a.121.1.1.aln -            119   3.3e-10   35.8   0.0   1   1   1.3e-11   3.6e-10   35.7   0.0     2   109     2   109     1   110 0.97 -
#
# Program:         hmmsearch
# Version:         3.3.2 (Nov 2020)
# Pipeline mode:   SEARCH
# Query file:      /home/elise/Documents/M1-BIM/S2/TMEs/SBAS/tme08/models/d1rkta2a.121.1.1.aln.hmm
# Target file:     /home/elise/Documents/M1-BIM/S2/TMEs/SBAS/tme08/scop/scop/scopTestSeq.fasta
# Option settings: hmmsearch --domtblout /home/elise/Documents/M1-BIM/S2/TMEs/SBAS/tme08/searchResults/d1rkta2a.121.1.1.aln.out -E 1 /home/elise/Documents/M1-BIM/S2/TMEs/SBAS/tme08/models/d1rkta2a.121.1.1.aln.hmm /home/elise/Documents/M1-BIM/S2/TMEs/SBAS/tme08/scop/scop/scopTestSeq.fasta 
# Current dir:     /home/elise/Documents/M1-BIM/S2/TMEs/SBAS/tme08
# Date:            Tue Apr  1 17:30:42 2025
# [ok]
