#                                                                            --- full sequence --- -------------- this domain -------------   hmm coord   ali coord   env coord
# target name        accession   tlen query name           accession   qlen   E-value  score  bias   #  of  c-Evalue  i-Evalue  score  bias  from    to  from    to  from    to  acc description of target
#------------------- ---------- ----- -------------------- ---------- ----- --------- ------ ----- --- --- --------- --------- ------ ----- ----- ----- ----- ----- ----- ----- ---- ---------------------
d1luza_b.40.4.5      -             85 d1rl2a2b.40.4.5.aln  -             89   7.2e-14   47.5   0.3   1   1   3.3e-15   7.6e-14   47.5   0.3     4    86     4    84     1    85 0.95 -
d1c9oa_b.40.4.5      -             66 d1rl2a2b.40.4.5.aln  -             89   4.5e-13   45.0   0.1   1   1     2e-14   4.7e-13   44.9   0.1    12    82     2    65     1    66 0.94 -
d2ja9a1b.40.4.5      -             90 d1rl2a2b.40.4.5.aln  -             89   6.9e-13   44.4   0.0   1   1   3.2e-14   7.5e-13   44.3   0.0     2    88     1    84     1    85 0.96 -
d3bzka4b.40.4.5      -             94 d1rl2a2b.40.4.5.aln  -             89   7.2e-13   44.4   0.8   1   1   3.4e-14   7.9e-13   44.2   0.8     2    84    12    91    11    94 0.92 -
d1kl9a2b.40.4.5      -             86 d1rl2a2b.40.4.5.aln  -             89   6.4e-12   41.4   0.5   1   1     3e-13     7e-12   41.2   0.5     2    82     7    86     6    86 0.96 -
d2je6i1b.40.4.5      -             87 d1rl2a2b.40.4.5.aln  -             89   2.7e-11   39.3   0.5   1   1   1.3e-12     3e-11   39.2   0.5     2    86     1    85     1    87 0.90 -
d2uubq1b.40.4.5      -            100 d1rl2a2b.40.4.5.aln  -             89   4.1e-11   38.8   1.9   1   1   2.2e-12     5e-11   38.5   1.9    10    86     3    78     1    81 0.95 -
d2nn6i1b.40.4.5      -            125 d1rl2a2b.40.4.5.aln  -             89   1.3e-09   34.0   0.0   1   1   7.3e-11   1.7e-09   33.7   0.0     5    83     4    89     1    95 0.81 -
d2nn6h1b.40.4.5      -             95 d1rl2a2b.40.4.5.aln  -             89   1.4e-09   34.0   0.0   1   1   6.4e-11   1.5e-09   33.8   0.0     3    85     3    92     1    95 0.93 -
d1go3e1b.40.4.5      -            106 d1rl2a2b.40.4.5.aln  -             89   4.3e-09   32.4   0.8   1   1   2.1e-10     5e-09   32.2   0.8     6    86     1    88     1    91 0.91 -
d3i4oa_b.40.4.5      -             68 d1rl2a2b.40.4.5.aln  -             89   2.4e-08   30.0   0.2   1   1   1.2e-09   2.7e-08   29.9   0.2    11    75     4    67     2    68 0.95 -
d1wfqa_b.40.4.5      -             89 d1rl2a2b.40.4.5.aln  -             89   4.1e-08   29.3   0.0   1   1   1.9e-09   4.5e-08   29.1   0.0    11    87     8    87     3    89 0.86 -
d2uubl1b.40.4.5      -            118 d1rl2a2b.40.4.5.aln  -             89   5.3e-08   28.9   0.6   1   1   3.4e-09   7.9e-08   28.4   0.6     4    88    24   105    21   106 0.89 -
d1e3pa2b.40.4.5      -             62 d1rl2a2b.40.4.5.aln  -             89     1e-07   28.0   0.2   1   1   4.5e-09   1.1e-07   28.0   0.2    14    72     1    60     1    62 0.96 -
d1wi5a_b.40.4.5      -            119 d1rl2a2b.40.4.5.aln  -             89   1.4e-07   27.5   0.0   1   1   8.2e-09   1.9e-07   27.1   0.0     4    80    17    92    14   100 0.89 -
d1smxa_b.40.4.5      -             87 d1rl2a2b.40.4.5.aln  -             89   4.6e-07   25.9   0.0   1   1   2.3e-08   5.3e-07   25.7   0.0    11    85     3    85     1    87 0.94 -
d1x6oa2b.40.4.5      -             79 d1rl2a2b.40.4.5.aln  -             89   5.9e-07   25.6   0.0   1   1   2.7e-08   6.3e-07   25.5   0.0     2    81     2    77     1    79 0.95 -
d1jt8a_b.40.4.5      -            102 d1rl2a2b.40.4.5.aln  -             89   7.3e-07   25.3   0.6   1   1     4e-08   9.2e-07   25.0   0.6     2    86     8   100     7   102 0.96 -
d1d7qa_b.40.4.5      -            143 d1rl2a2b.40.4.5.aln  -             89   8.2e-07   25.1   0.1   1   2   1.1e-07   2.6e-06   23.5   0.0     4    87    21   111    18   113 0.91 -
d1d7qa_b.40.4.5      -            143 d1rl2a2b.40.4.5.aln  -             89   8.2e-07   25.1   0.1   2   2         5   1.2e+02   -0.8   0.0    53    69   117   133   111   138 0.72 -
d2ix0a1b.40.4.5      -             90 d1rl2a2b.40.4.5.aln  -             89   1.3e-06   24.5   0.0   1   1     6e-08   1.4e-06   24.4   0.0     4    86     3    89     1    90 0.96 -
d2ix0a3b.40.4.5      -             87 d1rl2a2b.40.4.5.aln  -             89   4.8e-06   22.7   0.2   1   1   2.3e-07   5.3e-06   22.5   0.2    12    87     7    85     2    87 0.94 -
d2asba1b.40.4.5      -             76 d1rl2a2b.40.4.5.aln  -             89   5.8e-06   22.4   0.3   1   1   2.7e-07   6.2e-06   22.3   0.3     7    82     3    76     1    76 0.77 -
d1y14b1b.40.4.5      -             91 d1rl2a2b.40.4.5.aln  -             89   1.3e-05   21.3   0.0   1   1   6.5e-07   1.5e-05   21.1   0.0     4    89     2    88     1    88 0.92 -
d1a62a2b.40.4.5      -             78 d1rl2a2b.40.4.5.aln  -             89   1.9e-05   20.8   0.0   1   1   8.5e-07     2e-05   20.7   0.0    10    87     1    75     1    77 0.92 -
d2vnud2b.40.4.5      -             88 d1rl2a2b.40.4.5.aln  -             89   1.9e-05   20.8   0.7   1   1   9.6e-07   2.2e-05   20.6   0.7     1    82     1    84     1    87 0.89 -
d1jjga_b.40.4.5      -            102 d1rl2a2b.40.4.5.aln  -             89     2e-05   20.7   0.2   1   1   9.9e-07   2.3e-05   20.5   0.2     2    86     8   100     7   102 0.96 -
d1hh2p1b.40.4.5      -             72 d1rl2a2b.40.4.5.aln  -             89   2.7e-05   20.3   0.6   1   1   1.2e-06   2.8e-05   20.2   0.6    11    77     6    67     1    72 0.78 -
d2ix0a2b.40.4.5      -             79 d1rl2a2b.40.4.5.aln  -             89     4e-05   19.8   0.0   1   1   1.9e-06   4.4e-05   19.6   0.0     9    82     6    77     1    78 0.84 -
d1khia2b.40.4.5      -             71 d1rl2a2b.40.4.5.aln  -             89   4.4e-05   19.7   0.1   1   1     2e-06   4.7e-05   19.5   0.1    19    82     8    69     1    70 0.92 -
d1t9ha1b.40.4.5      -             67 d1rl2a2b.40.4.5.aln  -             89   5.1e-05   19.4   0.1   1   1   2.2e-06   5.2e-05   19.4   0.1    13    77     3    63     1    67 0.89 -
d1ne3a_b.40.4.5      -             68 d1rl2a2b.40.4.5.aln  -             89     6e-05   19.2   0.1   1   1   2.6e-06     6e-05   19.2   0.1     9    70     2    62     1    68 0.83 -
d1bkba2b.40.4.5      -             65 d1rl2a2b.40.4.5.aln  -             89   0.00021   17.5   0.3   1   1     1e-05   0.00023   17.4   0.3    12    73     2    60     1    64 0.86 -
d1u0la1b.40.4.5      -             66 d1rl2a2b.40.4.5.aln  -             89   0.00021   17.5   0.3   1   1     1e-05   0.00023   17.3   0.3    13    78     4    63     2    66 0.83 -
d1ueba2b.40.4.5      -             63 d1rl2a2b.40.4.5.aln  -             89    0.0059   12.9   0.0   1   1   0.00026     0.006   12.9   0.0    12    77     2    62     1    63 0.85 -
#
# Program:         hmmsearch
# Version:         3.3.2 (Nov 2020)
# Pipeline mode:   SEARCH
# Query file:      /home/elise/Documents/M1-BIM/S2/TMEs/SBAS/tme08/models/d1rl2a2b.40.4.5.aln.hmm
# Target file:     /home/elise/Documents/M1-BIM/S2/TMEs/SBAS/tme08/scop/scop/scopTestSeq.fasta
# Option settings: hmmsearch --domtblout /home/elise/Documents/M1-BIM/S2/TMEs/SBAS/tme08/searchResults/d1rl2a2b.40.4.5.aln.out -E 1 /home/elise/Documents/M1-BIM/S2/TMEs/SBAS/tme08/models/d1rl2a2b.40.4.5.aln.hmm /home/elise/Documents/M1-BIM/S2/TMEs/SBAS/tme08/scop/scop/scopTestSeq.fasta 
# Current dir:     /home/elise/Documents/M1-BIM/S2/TMEs/SBAS/tme08
# Date:            Tue Apr  1 17:30:42 2025
# [ok]
