#                                                                            --- full sequence --- -------------- this domain -------------   hmm coord   ali coord   env coord
# target name        accession   tlen query name           accession   qlen   E-value  score  bias   #  of  c-Evalue  i-Evalue  score  bias  from    to  from    to  from    to  acc description of target
#------------------- ---------- ----- -------------------- ---------- ----- --------- ------ ----- --- --- --------- --------- ------ ----- ----- ----- ----- ----- ----- ----- ---- ---------------------
d1jeta_c.94.1.1      -            517 d1sbpa_c.94.1.1.aln  -            350   6.3e-63  208.7  12.7   1   1   3.1e-64   7.8e-63  208.4  12.7     1   350   109   500   109   500 0.99 -
d3vlva_c.94.1.1      -            490 d1sbpa_c.94.1.1.aln  -            350   2.8e-54  180.4  11.8   1   1   1.4e-55   3.5e-54  180.0  11.8     2   350   102   490   101   490 0.99 -
d1q35a_c.94.1.1      -            318 d1sbpa_c.94.1.1.aln  -            350   7.3e-45  149.5   3.1   1   1   3.2e-46   8.1e-45  149.4   3.1     9   332     3   315     1   318 0.97 -
d1nnfa_c.94.1.1      -            308 d1sbpa_c.94.1.1.aln  -            350   7.7e-45  149.4  10.8   1   1   3.4e-46   8.6e-45  149.3  10.8    10   328     2   307     1   308 0.99 -
d1ursa_c.94.1.1      -            367 d1sbpa_c.94.1.1.aln  -            350   8.6e-41  136.2  12.3   1   1   3.8e-42   9.6e-41  136.0  12.3     5   349     1   363     1   364 0.99 -
d1eu8a_c.94.1.1      -            407 d1sbpa_c.94.1.1.aln  -            350   1.2e-39  132.5   8.6   1   1   5.1e-41   1.3e-39  132.3   8.6     2   349     8   395     7   396 0.99 -
d1xoca1c.94.1.1      -            504 d1sbpa_c.94.1.1.aln  -            350   3.1e-39  131.1  17.7   1   1   1.5e-40   3.9e-39  130.7  17.7     2   348   116   483   115   485 0.98 -
d1vr5a1c.94.1.1      -            535 d1sbpa_c.94.1.1.aln  -            350   5.7e-38  126.9  11.8   1   1   3.1e-39   7.8e-38  126.5  11.8     3   349   115   504   113   505 0.99 -
d1uqwa_c.94.1.1      -            487 d1sbpa_c.94.1.1.aln  -            350   9.8e-37  122.9  11.6   1   1   4.8e-38   1.2e-36  122.6  11.6     5   350   111   477   107   477 0.98 -
d3thia_c.94.1.1      -            362 d1sbpa_c.94.1.1.aln  -            350   2.7e-35  118.2   0.7   1   1   1.2e-36     3e-35  118.0   0.7     6   350     2   357     1   357 0.99 -
d2nooa_c.94.1.1      -            496 d1sbpa_c.94.1.1.aln  -            350   7.4e-35  116.8   0.2   1   1   3.6e-36   9.2e-35  116.4   0.2     3   348   107   476   105   478 0.99 -
d1pb7a_c.94.1.1      -            289 d1sbpa_c.94.1.1.aln  -            350   9.4e-32  106.6   0.0   1   1   4.1e-33     1e-31  106.4   0.0    51   329     3   287     1   289 0.96 -
d1r9la_c.94.1.1      -            309 d1sbpa_c.94.1.1.aln  -            350   1.2e-30  103.0  11.2   1   1   5.2e-32   1.3e-30  102.8  11.2     3   330     5   308     3   309 0.98 -
d1ixha_c.94.1.1      -            321 d1sbpa_c.94.1.1.aln  -            350   2.2e-27   92.3  14.4   1   1   1.1e-28   2.9e-27   91.9  14.4     2   349     6   319     5   320 0.95 -
d2czla1c.94.1.1      -            270 d1sbpa_c.94.1.1.aln  -            350   2.2e-21   72.6   0.0   1   1     1e-22   2.6e-21   72.4   0.0    52   334     8   267     4   270 0.98 -
d2nxoa1c.94.1.1      -            277 d1sbpa_c.94.1.1.aln  -            350   6.5e-16   54.7   0.0   1   1   2.8e-17   7.2e-16   54.6   0.0    23   324     3   274     1   277 0.98 -
d1us5a_c.94.1.1      -            298 d1sbpa_c.94.1.1.aln  -            350   7.6e-16   54.5   1.9   1   1   3.2e-17   8.2e-16   54.4   1.9     5   328     2   291     1   298 0.96 -
d1al3a_c.94.1.1      -            237 d1sbpa_c.94.1.1.aln  -            350   8.2e-16   54.4   0.0   1   1   3.5e-17   8.8e-16   54.3   0.0    61   329    10   234     1   237 0.95 -
d1xt8a1c.94.1.1      -            248 d1sbpa_c.94.1.1.aln  -            350   4.6e-15   51.9   5.1   1   1   2.1e-16   5.3e-15   51.7   5.1    50   315     4   242     1   247 0.90 -
d1twya_c.94.1.1      -            249 d1sbpa_c.94.1.1.aln  -            350     2e-14   49.8   0.1   1   1   9.1e-16   2.3e-14   49.6   0.1    65   319    19   244     8   249 0.96 -
d2esna2c.94.1.1      -            212 d1sbpa_c.94.1.1.aln  -            350     1e-13   47.5   0.0   1   1   4.7e-15   1.2e-13   47.3   0.0   105   307     4   205     1   211 0.94 -
d2i6ea1c.94.1.1      -            272 d1sbpa_c.94.1.1.aln  -            350   4.7e-13   45.4   0.0   1   1     2e-14     5e-13   45.2   0.0    27   324     3   268     1   272 0.96 -
d1sw5a_c.94.1.1      -            270 d1sbpa_c.94.1.1.aln  -            350   9.2e-12   41.1   4.8   1   1   4.2e-13   1.1e-11   40.9   4.8    33   329     7   268     2   270 0.93 -
d1atga_c.94.1.1      -            231 d1sbpa_c.94.1.1.aln  -            350   9.4e-11   37.8   2.9   1   2     0.064       1.6    4.3   0.0    23    76    16    69    13    78 0.88 -
d1atga_c.94.1.1      -            231 d1sbpa_c.94.1.1.aln  -            350   9.4e-11   37.8   2.9   2   2   8.2e-11   2.1e-09   33.4   1.1   173   324    77   228    70   231 0.95 -
d2ozza1c.94.1.1      -            228 d1sbpa_c.94.1.1.aln  -            350   9.5e-10   34.5   0.0   1   1   4.2e-11   1.1e-09   34.4   0.0   102   322    11   227     3   228 0.94 -
d2qmwa1c.94.1.1      -            184 d1sbpa_c.94.1.1.aln  -            350   9.7e-09   31.2   0.0   1   1   4.1e-10     1e-08   31.1   0.0   137   313     2   179     1   183 0.94 -
d1ixca2c.94.1.1      -            205 d1sbpa_c.94.1.1.aln  -            350   2.3e-07   26.7   0.0   1   1   9.8e-09   2.5e-07   26.6   0.0   103   309     4   203     1   205 0.94 -
d3tqla_c.94.1.0      -            227 d1sbpa_c.94.1.1.aln  -            350   1.1e-06   24.4   0.5   1   1   5.4e-08   1.4e-06   24.2   0.5   110   318    27   221    11   227 0.84 -
d1ve4a1c.94.1.1      -            206 d1sbpa_c.94.1.1.aln  -            350   1.2e-06   24.4   0.0   1   1   9.4e-08   2.4e-06   23.4   0.0    58   282    14   184     2   202 0.80 -
d1i6aa_c.94.1.1      -            212 d1sbpa_c.94.1.1.aln  -            350   1.9e-06   23.7   0.0   1   1   8.2e-08   2.1e-06   23.6   0.0   110   302    20   208    14   212 0.88 -
d3i6va_c.94.1.0      -            218 d1sbpa_c.94.1.1.aln  -            350   0.00042   16.0   0.0   1   1     3e-05   0.00076   15.2   0.0   110   184    25    98    17   120 0.83 -
#
# Program:         hmmsearch
# Version:         3.3.2 (Nov 2020)
# Pipeline mode:   SEARCH
# Query file:      /home/elise/Documents/M1-BIM/S2/TMEs/SBAS/tme08/models/d1sbpa_c.94.1.1.aln.hmm
# Target file:     /home/elise/Documents/M1-BIM/S2/TMEs/SBAS/tme08/scop/scop/scopTestSeq.fasta
# Option settings: hmmsearch --domtblout /home/elise/Documents/M1-BIM/S2/TMEs/SBAS/tme08/searchResults/d1sbpa_c.94.1.1.aln.out -E 1 /home/elise/Documents/M1-BIM/S2/TMEs/SBAS/tme08/models/d1sbpa_c.94.1.1.aln.hmm /home/elise/Documents/M1-BIM/S2/TMEs/SBAS/tme08/scop/scop/scopTestSeq.fasta 
# Current dir:     /home/elise/Documents/M1-BIM/S2/TMEs/SBAS/tme08
# Date:            Tue Apr  1 17:30:42 2025
# [ok]
