#                                                                            --- full sequence --- -------------- this domain -------------   hmm coord   ali coord   env coord
# target name        accession   tlen query name           accession   qlen   E-value  score  bias   #  of  c-Evalue  i-Evalue  score  bias  from    to  from    to  from    to  acc description of target
#------------------- ---------- ----- -------------------- ---------- ----- --------- ------ ----- --- --- --------- --------- ------ ----- ----- ----- ----- ----- ----- ----- ---- ---------------------
d1n4wa1c.3.1.2       -            368 d1seza1c.3.1.2.aln   -            352   1.7e-94  312.3   0.4   1   1   5.8e-96   1.9e-94  312.2   0.4     3   351    17   367    15   368 0.99 -
d2iida1c.3.1.2       -            371 d1seza1c.3.1.2.aln   -            352   1.8e-92  305.7   0.0   1   1   6.2e-94     2e-92  305.5   0.0     2   332    28   370    27   371 0.99 -
d2f5va1c.3.1.2       -            380 d1seza1c.3.1.2.aln   -            352   6.7e-88  290.7   0.0   1   1   2.3e-89   7.4e-88  290.5   0.0     1   351     1   375     1   376 0.99 -
d1kdga1c.3.1.2       -            361 d1seza1c.3.1.2.aln   -            352   2.5e-87  288.7   0.0   1   1   8.6e-89   2.8e-87  288.6   0.0     3   351     1   359     1   360 0.99 -
d2dw4a2c.3.1.2       -            450 d1seza1c.3.1.2.aln   -            352   4.8e-86  284.6   0.3   1   3   5.8e-11   1.9e-09   32.6   0.3     7    47     8    48     4    49 0.96 -
d2dw4a2c.3.1.2       -            450 d1seza1c.3.1.2.aln   -            352   4.8e-86  284.6   0.3   2   3   1.9e-79   6.2e-78  257.9   0.0     9   352    39   410    38   410 0.99 -
d2dw4a2c.3.1.2       -            450 d1seza1c.3.1.2.aln   -            352   4.8e-86  284.6   0.3   3   3       1.5        50   -1.7   0.0   296   325   413   442   411   446 0.90 -
d2gmha1c.3.1.2       -            381 d1seza1c.3.1.2.aln   -            352   1.2e-80  266.8   0.0   1   1     4e-82   1.3e-80  266.7   0.0     3   352    31   379    29   379 0.99 -
d1pn0a1c.3.1.2       -            361 d1seza1c.3.1.2.aln   -            352   1.6e-80  266.4   0.0   1   1   5.3e-82   1.7e-80  266.3   0.0     2   351     5   361     4   361 0.99 -
d1b5qa1c.3.1.2       -            348 d1seza1c.3.1.2.aln   -            352   1.3e-79  263.4   0.2   1   1   4.3e-81   1.4e-79  263.3   0.2     5   336     1   348     1   348 0.99 -
d1ju2a1c.3.1.2       -            352 d1seza1c.3.1.2.aln   -            352   1.7e-76  253.1   0.4   1   1   5.9e-78     2e-76  252.9   0.4     3   350    26   348    24   350 0.97 -
d2ivda1c.3.1.2       -            348 d1seza1c.3.1.2.aln   -            352   2.9e-67  222.8   1.4   1   1     1e-68   3.3e-67  222.6   1.4     5   351     1   343     1   344 0.99 -
d1k0ia1c.3.1.2       -            293 d1seza1c.3.1.2.aln   -            352   5.2e-60  198.9   0.1   1   1   1.8e-61   5.8e-60  198.8   0.1     4   342     2   292     1   293 0.99 -
d1pj5a2c.3.1.2       -            306 d1seza1c.3.1.2.aln   -            352   2.8e-59  196.5   0.2   1   1   9.4e-61   3.1e-59  196.4   0.2     5   344     2   306     1   306 0.99 -
d3c96a1c.3.1.2       -            289 d1seza1c.3.1.2.aln   -            352   3.7e-56  186.2   1.5   1   1   1.3e-57   4.1e-56  186.1   1.5     4   337     1   287     1   289 0.99 -
d2gf3a1c.3.1.2       -            282 d1seza1c.3.1.2.aln   -            352   1.6e-55  184.2   0.0   1   1   5.5e-57   1.8e-55  184.0   0.0     2   341     1   282     1   282 0.99 -
d1ryia1c.3.1.2       -            277 d1seza1c.3.1.2.aln   -            352     4e-55  182.8   0.0   1   1   1.4e-56   4.5e-55  182.7   0.0     1   333     1   275     1   277 0.98 -
d2voua1c.3.1.2       -            266 d1seza1c.3.1.2.aln   -            352   9.7e-50  165.1   0.6   1   1   3.5e-51   1.2e-49  164.9   0.6     2   333     2   264     1   266 0.98 -
d1seza1c.3.1.2       -            374 d1seza1c.3.1.2.aln   -            352   8.7e-08   27.2   0.3   1   1   4.2e-09   1.4e-07   26.5   0.3     5    56     2    53     1    67 0.85 -
d1nhpa2c.3.1.5       -            123 d1seza1c.3.1.2.aln   -            352   8.3e-06   20.6   0.3   1   1     4e-07   1.3e-05   20.0   0.3     6    41    32    67    29    68 0.93 -
d1v59a2c.3.1.5       -            122 d1seza1c.3.1.2.aln   -            352   2.2e-05   19.3   0.0   1   1   6.8e-07   2.2e-05   19.2   0.0     4    36    23    55    21   112 0.85 -
d1w4xa1c.3.1.5       -            299 d1seza1c.3.1.2.aln   -            352   3.8e-05   18.5   0.1   1   1     2e-06   6.6e-05   17.7   0.1     5    42     8    45     5    50 0.91 -
d1xhca2c.3.1.5       -            122 d1seza1c.3.1.2.aln   -            352   0.00024   15.8   0.5   1   1     1e-05   0.00034   15.4   0.5     7    37    35    65    34    70 0.92 -
d2gv8a1c.3.1.5       -            336 d1seza1c.3.1.2.aln   -            352   0.00042   15.0   0.0   1   1   1.9e-05   0.00062   14.5   0.0     7    59     7    64     5    89 0.77 -
d1v59a1c.3.1.5       -            234 d1seza1c.3.1.2.aln   -            352    0.0013   13.4   0.7   1   1     7e-05    0.0023   12.6   0.7     6    41     7    42     6    43 0.92 -
d1fl2a1c.3.1.5       -            185 d1seza1c.3.1.2.aln   -            352    0.0053   11.4   1.0   1   1   0.00022    0.0073   11.0   1.0     5    28     2    25     1    35 0.87 -
#
# Program:         hmmsearch
# Version:         3.3.2 (Nov 2020)
# Pipeline mode:   SEARCH
# Query file:      /home/elise/Documents/M1-BIM/S2/TMEs/SBAS/tme08/models/d1seza1c.3.1.2.aln.hmm
# Target file:     /home/elise/Documents/M1-BIM/S2/TMEs/SBAS/tme08/scop/scop/scopTestSeq.fasta
# Option settings: hmmsearch --domtblout /home/elise/Documents/M1-BIM/S2/TMEs/SBAS/tme08/searchResults/d1seza1c.3.1.2.aln.out -E 1 /home/elise/Documents/M1-BIM/S2/TMEs/SBAS/tme08/models/d1seza1c.3.1.2.aln.hmm /home/elise/Documents/M1-BIM/S2/TMEs/SBAS/tme08/scop/scop/scopTestSeq.fasta 
# Current dir:     /home/elise/Documents/M1-BIM/S2/TMEs/SBAS/tme08
# Date:            Tue Apr  1 17:30:42 2025
# [ok]
