#                                                                            --- full sequence --- -------------- this domain -------------   hmm coord   ali coord   env coord
# target name        accession   tlen query name           accession   qlen   E-value  score  bias   #  of  c-Evalue  i-Evalue  score  bias  from    to  from    to  from    to  acc description of target
#------------------- ---------- ----- -------------------- ---------- ----- --------- ------ ----- --- --- --------- --------- ------ ----- ----- ----- ----- ----- ----- ----- ---- ---------------------
d1p1ja1c.2.1.3       -            411 d1t4ba1c.2.1.3.aln   -            251   1.5e-56  187.3   0.0   1   1   6.6e-58   1.9e-56  187.0   0.0     1   251    10   347    10   347 1.00 -
d2g82a1c.2.1.3       -            169 d1t4ba1c.2.1.3.aln   -            251   2.8e-52  173.4   1.0   1   1     1e-53     3e-52  173.2   1.0    50   224     1   166     1   169 0.98 -
d1h6da1c.2.1.3       -            222 d1t4ba1c.2.1.3.aln   -            251   5.8e-47  155.9   0.1   1   1   2.2e-48   6.4e-47  155.8   0.1    16   231     1   221     1   222 0.99 -
d3cina1c.2.1.3       -            276 d1t4ba1c.2.1.3.aln   -            251   8.7e-44  145.5   0.1   1   1   3.4e-45   9.8e-44  145.4   0.1     1   243     1   276     1   276 1.00 -
d1gr0a1c.2.1.3       -            244 d1t4ba1c.2.1.3.aln   -            251     1e-40  135.4   3.4   1   1   3.9e-42   1.2e-40  135.3   3.4     1   236     3   244     3   244 0.99 -
d2nvwa1c.2.1.3       -            238 d1t4ba1c.2.1.3.aln   -            251   1.7e-35  118.3   0.0   1   1   6.6e-37   1.9e-35  118.2   0.0    33   251     1   234     1   234 0.99 -
d1cf2o1c.2.1.3       -            172 d1t4ba1c.2.1.3.aln   -            251   1.7e-31  105.3   1.6   1   1   6.3e-33   1.8e-31  105.1   1.6    49   222     1   171     1   172 0.98 -
d1qkia1c.2.1.3       -            204 d1t4ba1c.2.1.3.aln   -            251   2.7e-29   98.1   0.0   1   1     1e-30     3e-29   97.9   0.0    29   229     1   204     1   204 0.99 -
d1q0qa2c.2.1.3       -            152 d1t4ba1c.2.1.3.aln   -            251   4.8e-26   87.4   0.0   1   1   1.8e-27   5.3e-26   87.3   0.0    48   226     1   152     1   152 0.97 -
d1ydwa1c.2.1.3       -            185 d1t4ba1c.2.1.3.aln   -            251   1.4e-24   82.6   0.0   1   1   5.3e-26   1.6e-24   82.4   0.0    48   227     1   183     1   185 0.96 -
d1vkna1c.2.1.3       -            177 d1t4ba1c.2.1.3.aln   -            251   1.1e-23   79.6   0.0   1   1   4.5e-25   1.3e-23   79.4   0.0    48   234     1   176     1   176 0.98 -
d1zh8a1c.2.1.3       -            182 d1t4ba1c.2.1.3.aln   -            251   1.4e-22   76.1   0.0   1   1   5.6e-24   1.6e-22   75.8   0.0    47   219     2   176     1   180 0.96 -
d1h9aa1c.2.1.3       -            196 d1t4ba1c.2.1.3.aln   -            251   1.4e-22   76.1   0.1   1   1   5.5e-24   1.6e-22   75.9   0.1    44   231     1   194     1   195 0.98 -
d1tlta1c.2.1.3       -            165 d1t4ba1c.2.1.3.aln   -            251   1.6e-21   72.6   0.0   1   1   6.1e-23   1.8e-21   72.4   0.0    48   225     1   164     1   165 0.98 -
d1f06a1c.2.1.3       -            171 d1t4ba1c.2.1.3.aln   -            251   3.7e-21   71.4   0.1   1   1   1.4e-22   4.2e-21   71.2   0.1    48   222     2   168     1   170 0.97 -
d1xeaa1c.2.1.3       -            168 d1t4ba1c.2.1.3.aln   -            251   4.9e-21   71.0   0.0   1   1   1.8e-22   5.2e-21   70.9   0.0    49   222     2   164     1   168 0.96 -
d1ebfa1c.2.1.3       -            169 d1t4ba1c.2.1.3.aln   -            251   5.4e-20   67.6   0.4   1   1     2e-21   5.9e-20   67.4   0.4    46   220     1   166     1   169 0.98 -
d1e5qa1c.2.1.3       -            183 d1t4ba1c.2.1.3.aln   -            251   2.8e-18   61.9   0.4   1   1   1.1e-19   3.1e-18   61.8   0.4    49   229     2   183     1   183 0.98 -
d1lc0a1c.2.1.3       -            173 d1t4ba1c.2.1.3.aln   -            251   9.9e-16   53.6   0.0   1   1   3.8e-17   1.1e-15   53.5   0.0    55   224     6   170     1   172 0.91 -
d1nvmb1c.2.1.3       -            158 d1t4ba1c.2.1.3.aln   -            251   2.5e-15   52.3   0.3   1   1   9.3e-17   2.7e-15   52.2   0.3    47   221     2   156     1   158 0.97 -
d1drua1c.2.1.3       -            161 d1t4ba1c.2.1.3.aln   -            251   1.1e-12   43.6   0.6   1   1   4.2e-14   1.2e-12   43.5   0.6    48   233     2   160     1   161 0.92 -
d1t4ba1c.2.1.3       -            147 d1t4ba1c.2.1.3.aln   -            251   8.9e-12   40.7   0.0   1   1   3.7e-13   1.1e-11   40.4   0.0    50   214     3   139     1   145 0.87 -
d1j5pa4c.2.1.3       -            133 d1t4ba1c.2.1.3.aln   -            251   1.1e-09   33.8   0.0   1   1   4.4e-11   1.3e-09   33.6   0.0    49   186     2   120     1   131 0.96 -
d1yl7a1c.2.1.3       -            136 d1t4ba1c.2.1.3.aln   -            251   2.6e-09   32.6   0.1   1   1     1e-10   2.9e-09   32.4   0.1    50   185     1   119     1   133 0.93 -
d1vm6a3c.2.1.3       -            129 d1t4ba1c.2.1.3.aln   -            251     1e-05   20.8   0.3   1   1   5.1e-06   0.00015   17.0   0.3    94   183    17   102     1   124 0.78 -
d1jaya_c.2.1.6       -            212 d1t4ba1c.2.1.3.aln   -            251    0.0011   14.2   0.2   1   1   5.3e-05    0.0015   13.7   0.2    49   138     1    82     1   146 0.83 -
d2pv7a2c.2.1.6       -            152 d1t4ba1c.2.1.3.aln   -            251    0.0082   11.3   0.0   1   1   0.00037     0.011   10.9   0.0    49    75    10    40     5    80 0.80 -
#
# Program:         hmmsearch
# Version:         3.3.2 (Nov 2020)
# Pipeline mode:   SEARCH
# Query file:      /home/elise/Documents/M1-BIM/S2/TMEs/SBAS/tme08/models/d1t4ba1c.2.1.3.aln.hmm
# Target file:     /home/elise/Documents/M1-BIM/S2/TMEs/SBAS/tme08/scop/scop/scopTestSeq.fasta
# Option settings: hmmsearch --domtblout /home/elise/Documents/M1-BIM/S2/TMEs/SBAS/tme08/searchResults/d1t4ba1c.2.1.3.aln.out -E 1 /home/elise/Documents/M1-BIM/S2/TMEs/SBAS/tme08/models/d1t4ba1c.2.1.3.aln.hmm /home/elise/Documents/M1-BIM/S2/TMEs/SBAS/tme08/scop/scop/scopTestSeq.fasta 
# Current dir:     /home/elise/Documents/M1-BIM/S2/TMEs/SBAS/tme08
# Date:            Tue Apr  1 17:30:43 2025
# [ok]
