#                                                                            --- full sequence --- -------------- this domain -------------   hmm coord   ali coord   env coord
# target name        accession   tlen query name           accession   qlen   E-value  score  bias   #  of  c-Evalue  i-Evalue  score  bias  from    to  from    to  from    to  acc description of target
#------------------- ---------- ----- -------------------- ---------- ----- --------- ------ ----- --- --- --------- --------- ------ ----- ----- ----- ----- ----- ----- ----- ---- ---------------------
d2c4ja1a.45.1.1      -            133 d1tu7a1a.45.1.1.aln  -            138     3e-42  139.4   0.1   1   1   5.1e-44   3.3e-42  139.3   0.1     1   137     1   128     1   129 0.98 -
d1k3ya1a.45.1.1      -            142 d1tu7a1a.45.1.1.aln  -            138   2.8e-38  126.6   0.0   1   1   4.7e-40   3.1e-38  126.4   0.0     1   135     1   131     1   134 0.98 -
d1okta1a.45.1.1      -            126 d1tu7a1a.45.1.1.aln  -            138   3.6e-29   97.1   0.1   1   1     6e-31     4e-29   97.0   0.1     2   127     1   123     1   126 0.96 -
d2cvda1a.45.1.1      -            124 d1tu7a1a.45.1.1.aln  -            138     5e-29   96.6   0.1   1   1   8.4e-31   5.5e-29   96.5   0.1     1   129     2   123     2   124 0.94 -
d1tw9a1a.45.1.1      -            129 d1tu7a1a.45.1.1.aln  -            138   2.3e-27   91.2   0.0   1   1   3.9e-29   2.5e-27   91.1   0.0     2   130     1   129     1   129 0.98 -
d1gnwa1a.45.1.1      -            126 d1tu7a1a.45.1.1.aln  -            138   2.9e-25   84.4   0.2   1   1   5.1e-27   3.4e-25   84.2   0.2     5   121    10   125     7   126 0.96 -
d1eema1a.45.1.1      -            139 d1tu7a1a.45.1.1.aln  -            138   6.8e-25   83.2   0.1   1   1   1.2e-26   7.6e-25   83.1   0.1     2   136     1   128     1   130 0.97 -
d1nhya1a.45.1.1      -            144 d1tu7a1a.45.1.1.aln  -            138     1e-23   79.4   0.1   1   1   1.7e-25   1.1e-23   79.3   0.1     1   134     8   142     8   144 0.95 -
d1tu7a1a.45.1.1      -            131 d1tu7a1a.45.1.1.aln  -            138   2.2e-23   78.3   0.0   1   1   3.8e-25   2.5e-23   78.2   0.0     3   138     1   131     1   131 0.96 -
d1k0ma1a.45.1.1      -            149 d1tu7a1a.45.1.1.aln  -            138   3.3e-17   58.4   0.0   1   1   5.8e-19   3.8e-17   58.1   0.0     3   138     8   144     6   144 0.97 -
d2fnoa1a.45.1.1      -            149 d1tu7a1a.45.1.1.aln  -            138   1.3e-16   56.4   0.0   1   1   2.1e-18   1.4e-16   56.3   0.0     2   135     1   137     1   140 0.97 -
d1z9ha1a.45.1.1      -            161 d1tu7a1a.45.1.1.aln  -            138   5.4e-16   54.4   0.5   1   1   6.2e-17   4.1e-15   51.6   0.3     5   137    10   145     6   146 0.96 -
#
# Program:         hmmsearch
# Version:         3.3.2 (Nov 2020)
# Pipeline mode:   SEARCH
# Query file:      /home/elise/Documents/M1-BIM/S2/TMEs/SBAS/tme08/models/d1tu7a1a.45.1.1.aln.hmm
# Target file:     /home/elise/Documents/M1-BIM/S2/TMEs/SBAS/tme08/scop/scop/scopTestSeq.fasta
# Option settings: hmmsearch --domtblout /home/elise/Documents/M1-BIM/S2/TMEs/SBAS/tme08/searchResults/d1tu7a1a.45.1.1.aln.out -E 1 /home/elise/Documents/M1-BIM/S2/TMEs/SBAS/tme08/models/d1tu7a1a.45.1.1.aln.hmm /home/elise/Documents/M1-BIM/S2/TMEs/SBAS/tme08/scop/scop/scopTestSeq.fasta 
# Current dir:     /home/elise/Documents/M1-BIM/S2/TMEs/SBAS/tme08
# Date:            Tue Apr  1 17:30:44 2025
# [ok]
