#                                                                            --- full sequence --- -------------- this domain -------------   hmm coord   ali coord   env coord
# target name        accession   tlen query name           accession   qlen   E-value  score  bias   #  of  c-Evalue  i-Evalue  score  bias  from    to  from    to  from    to  acc description of target
#------------------- ---------- ----- -------------------- ---------- ----- --------- ------ ----- --- --- --------- --------- ------ ----- ----- ----- ----- ----- ----- ----- ---- ---------------------
d2p74a_e.3.1.1       -            263 d1tvfa2e.3.1.1.aln   -            283   3.4e-91  301.3   3.4   1   1   8.1e-93   3.8e-91  301.2   3.4    10   280     2   262     1   263 0.99 -
d2hdsa_e.3.1.1       -            358 d1tvfa2e.3.1.1.aln   -            283   3.7e-73  242.1   1.5   1   1   9.6e-75   4.4e-73  241.9   1.5     1   282    40   358    40   358 0.99 -
d1alqa_e.3.1.1       -            263 d1tvfa2e.3.1.1.aln   -            283   9.1e-69  227.7   3.2   1   2     0.036       1.7    3.7   0.0   247   281     2    35     1    37 0.91 -
d1alqa_e.3.1.1       -            263 d1tvfa2e.3.1.1.aln   -            283   9.1e-69  227.7   3.2   2   2   9.3e-70   4.3e-68  225.5   2.2     3   242    32   263    30   263 0.99 -
d1qmea4e.3.1.1       -            357 d1tvfa2e.3.1.1.aln   -            283     2e-54  180.6   4.1   1   1     5e-56   2.3e-54  180.5   4.1     2   282    22   338    21   339 0.96 -
d1e25a_e.3.1.1       -            278 d1tvfa2e.3.1.1.aln   -            283   3.2e-53  176.7   0.0   1   1   7.6e-55   3.5e-53  176.6   0.0    12   281     3   275     1   277 0.95 -
d2v2ff_e.3.1.1       -            384 d1tvfa2e.3.1.1.aln   -            283   7.3e-52  172.3  12.7   1   1     2e-53   9.3e-52  171.9  12.7     1   282    51   361    51   362 0.98 -
d1xa1a_e.3.1.1       -            246 d1tvfa2e.3.1.1.aln   -            283   9.3e-50  165.4   4.4   1   1   2.2e-51     1e-49  165.2   4.4     2   281     2   245     1   246 0.94 -
d2drwa1e.3.1.1       -            362 d1tvfa2e.3.1.1.aln   -            283   8.9e-49  162.1   0.0   1   1   2.2e-50     1e-48  161.9   0.0     2   282    39   358    38   359 0.98 -
d1yqsa_e.3.1.1       -            345 d1tvfa2e.3.1.1.aln   -            283   1.1e-46  155.3   3.9   1   1   2.7e-48   1.3e-46  155.1   3.9     1   282    39   342    39   343 0.99 -
d1ei5a3e.3.1.1       -            333 d1tvfa2e.3.1.1.aln   -            283   1.9e-45  151.2   0.0   1   1   4.6e-47   2.2e-45  151.0   0.0     1   282    39   327    39   328 0.98 -
d2olua2e.3.1.1       -            400 d1tvfa2e.3.1.1.aln   -            283   5.7e-44  146.4   7.7   1   1   1.5e-45   7.2e-44  146.0   7.7     3   277    56   372    54   378 0.95 -
d1vqqa3e.3.1.1       -            341 d1tvfa2e.3.1.1.aln   -            283   1.3e-40  135.4   4.9   1   1   3.1e-42   1.5e-40  135.2   4.9     3   282    25   334    23   335 0.94 -
d1xp4a2e.3.1.1       -            269 d1tvfa2e.3.1.1.aln   -            283     1e-39  132.4   5.1   1   1   2.4e-41   1.1e-39  132.3   5.1    16   280     3   267     1   269 0.97 -
d2bg1a1e.3.1.1       -            453 d1tvfa2e.3.1.1.aln   -            283   7.8e-39  129.5   9.2   1   2       2.4   1.1e+02   -2.2   0.0   163   214    40    66     9    70 0.54 -
d2bg1a1e.3.1.1       -            453 d1tvfa2e.3.1.1.aln   -            283   7.8e-39  129.5   9.2   2   2   1.7e-40   7.8e-39  129.5   9.2     1   279    72   427    72   431 0.96 -
d2dcfa1e.3.1.1       -            388 d1tvfa2e.3.1.1.aln   -            283   6.2e-38  126.6   0.0   1   1   1.5e-39     7e-38  126.4   0.0     4   278    58   380    55   385 0.97 -
d1es5a_e.3.1.1       -            260 d1tvfa2e.3.1.1.aln   -            283     6e-35  116.8  12.0   1   1   2.2e-36     1e-34  116.0  12.0    24   281     3   260     1   260 0.88 -
d1ci9a_e.3.1.1       -            377 d1tvfa2e.3.1.1.aln   -            283   2.6e-33  111.4   0.0   1   1   6.3e-35   2.9e-33  111.2   0.0     1   281    40   369    40   371 0.97 -
#
# Program:         hmmsearch
# Version:         3.3.2 (Nov 2020)
# Pipeline mode:   SEARCH
# Query file:      /home/elise/Documents/M1-BIM/S2/TMEs/SBAS/tme08/models/d1tvfa2e.3.1.1.aln.hmm
# Target file:     /home/elise/Documents/M1-BIM/S2/TMEs/SBAS/tme08/scop/scop/scopTestSeq.fasta
# Option settings: hmmsearch --domtblout /home/elise/Documents/M1-BIM/S2/TMEs/SBAS/tme08/searchResults/d1tvfa2e.3.1.1.aln.out -E 1 /home/elise/Documents/M1-BIM/S2/TMEs/SBAS/tme08/models/d1tvfa2e.3.1.1.aln.hmm /home/elise/Documents/M1-BIM/S2/TMEs/SBAS/tme08/scop/scop/scopTestSeq.fasta 
# Current dir:     /home/elise/Documents/M1-BIM/S2/TMEs/SBAS/tme08
# Date:            Tue Apr  1 17:30:44 2025
# [ok]
