#                                                                            --- full sequence --- -------------- this domain -------------   hmm coord   ali coord   env coord
# target name        accession   tlen query name           accession   qlen   E-value  score  bias   #  of  c-Evalue  i-Evalue  score  bias  from    to  from    to  from    to  acc description of target
#------------------- ---------- ----- -------------------- ---------- ----- --------- ------ ----- --- --- --------- --------- ------ ----- ----- ----- ----- ----- ----- ----- ---- ---------------------
d1jeta_c.94.1.1      -            517 d1twya_c.94.1.1.aln  -            330   2.2e-59  197.1  13.5   1   1   3.8e-60   1.1e-58  194.8  13.5     2   330    80   505    79   505 1.00 -
d3vlva_c.94.1.1      -            490 d1twya_c.94.1.1.aln  -            330   1.3e-42  142.2   9.6   1   2       5.4   1.6e+02   -2.2   0.0   146   171    22    47    21    89 0.75 -
d3vlva_c.94.1.1      -            490 d1twya_c.94.1.1.aln  -            330   1.3e-42  142.2   9.6   2   2   4.4e-44   1.3e-42  142.2   9.6     2   329   106   484   105   485 0.99 -
d1q35a_c.94.1.1      -            318 d1twya_c.94.1.1.aln  -            330   1.3e-38  129.1   3.6   1   1   4.8e-40   1.4e-38  129.0   3.6    20   312     2   316     1   318 0.98 -
d1nnfa_c.94.1.1      -            308 d1twya_c.94.1.1.aln  -            330   3.8e-36  121.0  10.8   1   1   1.4e-37   4.2e-36  120.9  10.8    21   303     1   303     1   308 0.97 -
d1uqwa_c.94.1.1      -            487 d1twya_c.94.1.1.aln  -            330   1.8e-33  112.2  11.2   1   1   8.5e-35   2.5e-33  111.8  11.2     1   328    70   476    70   478 0.96 -
d1pb7a_c.94.1.1      -            289 d1twya_c.94.1.1.aln  -            330   6.5e-33  110.4   0.0   1   1   2.5e-34   7.2e-33  110.3   0.0    46   315     2   288     1   289 0.97 -
d1eu8a_c.94.1.1      -            407 d1twya_c.94.1.1.aln  -            330   1.2e-32  109.5   7.8   1   1   4.7e-34   1.4e-32  109.4   7.8     2   330     4   395     3   395 0.98 -
d1ursa_c.94.1.1      -            367 d1twya_c.94.1.1.aln  -            330   2.1e-32  108.8   8.9   1   1   7.9e-34   2.3e-32  108.6   8.9    17   330     3   359     1   359 0.99 -
d1xoca1c.94.1.1      -            504 d1twya_c.94.1.1.aln  -            330     5e-32  107.5  16.3   1   1   2.1e-33   6.2e-32  107.2  16.3     1   330    73   493    73   493 0.98 -
d1vr5a1c.94.1.1      -            535 d1twya_c.94.1.1.aln  -            330   5.4e-30  100.9  11.5   1   1   2.3e-31   6.7e-30  100.6  11.5     1   329    72   509    72   510 0.99 -
d1ixha_c.94.1.1      -            321 d1twya_c.94.1.1.aln  -            330   3.8e-29   98.1  14.3   1   1   1.4e-30   4.2e-29   97.9  14.3     1   321     1   321     1   321 0.95 -
d3thia_c.94.1.1      -            362 d1twya_c.94.1.1.aln  -            330   1.4e-28   96.2   0.5   1   1   5.3e-30   1.6e-28   96.1   0.5     2   324     5   361     4   362 0.99 -
d1sbpa_c.94.1.1      -            309 d1twya_c.94.1.1.aln  -            330   1.9e-26   89.2  10.2   1   1   7.4e-28   2.2e-26   89.1  10.2    14   327     2   308     1   309 0.97 -
d1r9la_c.94.1.1      -            309 d1twya_c.94.1.1.aln  -            330   2.8e-26   88.7  10.8   1   1   1.1e-27   3.1e-26   88.6  10.8    25   328     3   309     1   309 0.98 -
d2nooa_c.94.1.1      -            496 d1twya_c.94.1.1.aln  -            330   2.1e-24   82.6   0.7   1   1   8.7e-26   2.5e-24   82.3   0.7     1   328    67   485    67   487 0.95 -
d2czla1c.94.1.1      -            270 d1twya_c.94.1.1.aln  -            330     6e-20   68.0   0.0   1   1   2.4e-21   6.9e-20   67.8   0.0    50   302     7   256     1   266 0.95 -
d1us5a_c.94.1.1      -            298 d1twya_c.94.1.1.aln  -            330   1.6e-19   66.6   1.4   1   1   5.9e-21   1.7e-19   66.4   1.4    19   323     1   297     1   298 0.98 -
d1al3a_c.94.1.1      -            237 d1twya_c.94.1.1.aln  -            330   3.5e-17   58.9   0.0   1   1   1.3e-18   3.8e-17   58.8   0.0    51   306     1   232     1   237 0.97 -
d2i6ea1c.94.1.1      -            272 d1twya_c.94.1.1.aln  -            330   7.8e-16   54.5   0.0   1   1   3.5e-17     1e-15   54.1   0.0    51   323    10   270     3   271 0.95 -
d1xt8a1c.94.1.1      -            248 d1twya_c.94.1.1.aln  -            330   8.4e-15   51.1   4.3   1   1   3.1e-16     9e-15   51.0   4.3    47   269     6   210     2   248 0.87 -
d2ozza1c.94.1.1      -            228 d1twya_c.94.1.1.aln  -            330   3.8e-14   48.9   0.0   1   1   1.5e-15   4.3e-14   48.8   0.0    45   298     2   226     1   227 0.94 -
d1sw5a_c.94.1.1      -            270 d1twya_c.94.1.1.aln  -            330   5.1e-13   45.3   6.2   1   1   1.9e-14   5.6e-13   45.1   6.2    32   315     3   269     1   270 0.96 -
d1ve4a1c.94.1.1      -            206 d1twya_c.94.1.1.aln  -            330   8.5e-12   41.3   0.0   1   1   3.2e-13   9.4e-12   41.1   0.0    49   279     6   201     1   204 0.91 -
d1atga_c.94.1.1      -            231 d1twya_c.94.1.1.aln  -            330   9.7e-12   41.1   1.2   1   1   3.7e-13   1.1e-11   40.9   1.2    73   292    23   227     3   231 0.92 -
d2nxoa1c.94.1.1      -            277 d1twya_c.94.1.1.aln  -            330   1.2e-11   40.7   0.0   1   1   4.5e-13   1.3e-11   40.6   0.0    49   318     9   277     1   277 0.95 -
d2esna2c.94.1.1      -            212 d1twya_c.94.1.1.aln  -            330   1.4e-08   30.7   0.0   1   1   5.4e-10   1.6e-08   30.5   0.0    80   290     9   208     2   211 0.91 -
d1ixca2c.94.1.1      -            205 d1twya_c.94.1.1.aln  -            330   2.6e-08   29.9   0.0   1   1     1e-09     3e-08   29.7   0.0    94   299    17   203     7   205 0.93 -
#
# Program:         hmmsearch
# Version:         3.3.2 (Nov 2020)
# Pipeline mode:   SEARCH
# Query file:      /home/elise/Documents/M1-BIM/S2/TMEs/SBAS/tme08/models/d1twya_c.94.1.1.aln.hmm
# Target file:     /home/elise/Documents/M1-BIM/S2/TMEs/SBAS/tme08/scop/scop/scopTestSeq.fasta
# Option settings: hmmsearch --domtblout /home/elise/Documents/M1-BIM/S2/TMEs/SBAS/tme08/searchResults/d1twya_c.94.1.1.aln.out -E 1 /home/elise/Documents/M1-BIM/S2/TMEs/SBAS/tme08/models/d1twya_c.94.1.1.aln.hmm /home/elise/Documents/M1-BIM/S2/TMEs/SBAS/tme08/scop/scop/scopTestSeq.fasta 
# Current dir:     /home/elise/Documents/M1-BIM/S2/TMEs/SBAS/tme08
# Date:            Tue Apr  1 17:30:44 2025
# [ok]
