#                                                                            --- full sequence --- -------------- this domain -------------   hmm coord   ali coord   env coord
# target name        accession   tlen query name           accession   qlen   E-value  score  bias   #  of  c-Evalue  i-Evalue  score  bias  from    to  from    to  from    to  acc description of target
#------------------- ---------- ----- -------------------- ---------- ----- --------- ------ ----- --- --- --------- --------- ------ ----- ----- ----- ----- ----- ----- ----- ---- ---------------------
d1vpda2c.2.1.6       -            161 d1txga2c.2.1.6.aln   -            174   1.8e-44  147.4   2.9   1   1   5.2e-46     2e-44  147.2   2.9     2   169     1   161     1   161 0.99 -
d2f1ka2c.2.1.6       -            165 d1txga2c.2.1.6.aln   -            174   4.6e-39  129.7   0.0   1   1   1.4e-40   5.1e-39  129.6   0.0     2   171     1   165     1   165 0.98 -
d1bg6a2c.2.1.6       -            184 d1txga2c.2.1.6.aln   -            174   4.3e-36  120.1   0.6   1   1   1.3e-37   4.8e-36  119.9   0.6     2   173     2   183     1   184 0.98 -
d1f0ya2c.2.1.6       -            192 d1txga2c.2.1.6.aln   -            174   1.7e-35  118.2   1.9   1   1     5e-37   1.9e-35  118.0   1.9     2   171     5   180     4   183 0.98 -
d1evya2c.2.1.6       -            189 d1txga2c.2.1.6.aln   -            174   1.6e-34  115.0   0.0   1   1   4.7e-36   1.8e-34  114.8   0.0     2   169     8   188     7   189 0.98 -
d1ks9a2c.2.1.6       -            167 d1txga2c.2.1.6.aln   -            174   7.8e-34  112.7   0.0   1   1   2.3e-35   8.6e-34  112.6   0.0     2   168     1   166     1   167 0.97 -
d1mv8a2c.2.1.6       -            202 d1txga2c.2.1.6.aln   -            174   7.8e-33  109.5   0.0   1   1   2.3e-34   8.7e-33  109.3   0.0     2   173     1   192     1   193 0.98 -
d1dlja2c.2.1.6       -            196 d1txga2c.2.1.6.aln   -            174   2.2e-32  108.0   0.0   1   1   6.5e-34   2.4e-32  107.9   0.0     2   172     1   184     1   186 0.99 -
d1jaya_c.2.1.6       -            212 d1txga2c.2.1.6.aln   -            174   1.5e-31  105.3   0.3   1   1   4.8e-33   1.8e-31  105.0   0.3     3   172     3   192     1   194 0.95 -
d1yqga2c.2.1.6       -            152 d1txga2c.2.1.6.aln   -            174   2.3e-30  101.5   0.2   1   1   6.6e-32   2.5e-30  101.3   0.2     2   171     1   151     1   152 0.97 -
d1lj8a4c.2.1.6       -            286 d1txga2c.2.1.6.aln   -            174   8.5e-30   99.6   0.0   1   1   2.8e-31     1e-29   99.3   0.0     4   174    49   247    46   247 0.98 -
d2pv7a2c.2.1.6       -            152 d1txga2c.2.1.6.aln   -            174   1.4e-29   98.9   0.0   1   1   4.1e-31   1.5e-29   98.8   0.0     5   167     3   151     1   152 0.98 -
d2ahra2c.2.1.6       -            152 d1txga2c.2.1.6.aln   -            174   5.3e-27   90.5   0.0   1   1   1.6e-28   5.8e-27   90.3   0.0     2   169     1   152     1   152 0.99 -
d1i36a2c.2.1.6       -            152 d1txga2c.2.1.6.aln   -            174   7.2e-26   86.8   0.3   1   1   2.1e-27   7.9e-26   86.7   0.3     3   170     2   152     1   152 0.98 -
d2i76a2c.2.1.6       -            153 d1txga2c.2.1.6.aln   -            174   5.2e-25   84.0   0.0   1   1   1.5e-26   5.7e-25   83.9   0.0     4   170     2   151     1   153 0.98 -
d1gpja2c.2.1.7       -            159 d1txga2c.2.1.6.aln   -            174     8e-10   34.5   0.2   1   1   2.8e-11     1e-09   34.2   0.2     2    89    25   110    25   152 0.88 -
d1txga2c.2.1.6       -            180 d1txga2c.2.1.6.aln   -            174     7e-05   18.5   0.0   1   2   2.5e-05   0.00094   14.8   0.0     4    69     3    77     1    87 0.84 -
d1txga2c.2.1.6       -            180 d1txga2c.2.1.6.aln   -            174     7e-05   18.5   0.0   2   2       0.3        11    1.5   0.0    12    42   136   167   132   176 0.86 -
d1c1da1c.2.1.7       -            201 d1txga2c.2.1.6.aln   -            174   0.00058   15.5   1.6   1   2   2.6e-05   0.00098   14.7   0.4     3    64    29    83    27    88 0.88 -
d1c1da1c.2.1.7       -            201 d1txga2c.2.1.6.aln   -            174   0.00058   15.5   1.6   2   2       2.9   1.1e+02   -1.7   0.0   125   166    92   138    90   141 0.64 -
d2r6ja_c.2.1.0       -            310 d1txga2c.2.1.6.aln   -            174   0.00078   15.0   0.0   1   1   3.1e-05    0.0012   14.5   0.0     6    89     9    97     5   140 0.75 -
d1cf2o1c.2.1.3       -            172 d1txga2c.2.1.6.aln   -            174    0.0011   14.6   0.9   1   3      0.51        19    0.8   0.0     1    24     1    24     1    36 0.78 -
d1cf2o1c.2.1.3       -            172 d1txga2c.2.1.6.aln   -            174    0.0011   14.6   0.9   2   3   0.00029     0.011   11.3   0.0    34    72    55    87    44   112 0.89 -
d1cf2o1c.2.1.3       -            172 d1txga2c.2.1.6.aln   -            174    0.0011   14.6   0.9   3   3         2        77   -1.2   0.0    26    47   137   158   125   169 0.71 -
d2ivda1c.3.1.2       -            348 d1txga2c.2.1.6.aln   -            174    0.0029   13.2   2.8   1   2   0.00025    0.0094   11.5   1.7     2    27     1    27     1    74 0.84 -
d2ivda1c.3.1.2       -            348 d1txga2c.2.1.6.aln   -            174    0.0029   13.2   2.8   2   2       5.4     2e+02   -2.6   0.0   123   144   229   250   223   277 0.69 -
#
# Program:         hmmsearch
# Version:         3.3.2 (Nov 2020)
# Pipeline mode:   SEARCH
# Query file:      /home/elise/Documents/M1-BIM/S2/TMEs/SBAS/tme08/models/d1txga2c.2.1.6.aln.hmm
# Target file:     /home/elise/Documents/M1-BIM/S2/TMEs/SBAS/tme08/scop/scop/scopTestSeq.fasta
# Option settings: hmmsearch --domtblout /home/elise/Documents/M1-BIM/S2/TMEs/SBAS/tme08/searchResults/d1txga2c.2.1.6.aln.out -E 1 /home/elise/Documents/M1-BIM/S2/TMEs/SBAS/tme08/models/d1txga2c.2.1.6.aln.hmm /home/elise/Documents/M1-BIM/S2/TMEs/SBAS/tme08/scop/scop/scopTestSeq.fasta 
# Current dir:     /home/elise/Documents/M1-BIM/S2/TMEs/SBAS/tme08
# Date:            Tue Apr  1 17:30:44 2025
# [ok]
