#                                                                            --- full sequence --- -------------- this domain -------------   hmm coord   ali coord   env coord
# target name        accession   tlen query name           accession   qlen   E-value  score  bias   #  of  c-Evalue  i-Evalue  score  bias  from    to  from    to  from    to  acc description of target
#------------------- ---------- ----- -------------------- ---------- ----- --------- ------ ----- --- --- --------- --------- ------ ----- ----- ----- ----- ----- ----- ----- ---- ---------------------
d1i1wa_c.1.8.3       -            303 d1ur4a_c.1.8.3.aln   -            344   4.3e-88  291.4   6.6   1   1   1.3e-89   4.8e-88  291.3   6.6     3   341     6   302     4   303 0.97 -
d1hjua_c.1.8.3       -            332 d1ur4a_c.1.8.3.aln   -            344   2.8e-55  183.5  19.2   1   1   8.6e-57   3.1e-55  183.4  19.2     5   344     2   332     1   332 0.99 -
d1qw9a2c.1.8.3       -            367 d1ur4a_c.1.8.3.aln   -            344   2.6e-51  170.5   1.9   1   1   8.1e-53   2.9e-51  170.3   1.9     3   344     3   359     1   359 0.99 -
d2je8a5c.1.8.3       -            348 d1ur4a_c.1.8.3.aln   -            344   4.3e-43  143.5   7.6   1   1   1.3e-44   4.8e-43  143.3   7.6     2   340     5   346     4   348 0.98 -
d1ceoa_c.1.8.3       -            340 d1ur4a_c.1.8.3.aln   -            344   1.1e-42  142.1   1.0   1   1   3.9e-44   1.4e-42  141.8   1.0     5   315     5   303     1   336 0.91 -
d3n9ka_c.1.8.3       -            394 d1ur4a_c.1.8.3.aln   -            344   3.6e-42  140.4  23.2   1   1   1.1e-43   4.1e-42  140.3  23.2     2   343     7   381     6   382 0.98 -
d1jz8a5c.1.8.3       -            292 d1ur4a_c.1.8.3.aln   -            344   4.7e-41  136.8   0.8   1   1   1.5e-42   5.3e-41  136.6   0.8     7   338     2   291     1   292 0.95 -
d2vzsa5c.1.8.3       -            339 d1ur4a_c.1.8.3.aln   -            344   9.7e-41  135.7   3.7   1   1     3e-42   1.1e-40  135.6   3.7     5   339     4   337     1   339 0.98 -
d1w91a2c.1.8.3       -            347 d1ur4a_c.1.8.3.aln   -            344   1.5e-40  135.1   0.0   1   1   4.8e-42   1.7e-40  134.9   0.0     2   344    10   339     9   339 0.98 -
d1edga_c.1.8.3       -            380 d1ur4a_c.1.8.3.aln   -            344   3.2e-40  134.0  19.4   1   1   9.9e-42   3.5e-40  133.9  19.4     3   344    13   376    11   376 0.97 -
d1rh9a1c.1.8.3       -            370 d1ur4a_c.1.8.3.aln   -            344   8.6e-39  129.3   9.6   1   1   2.9e-40     1e-38  129.1   9.6     2   339     6   357     5   360 0.98 -
d1vjza_c.1.8.3       -            325 d1ur4a_c.1.8.3.aln   -            344   1.2e-38  128.8   1.8   1   1   4.2e-40   1.5e-38  128.5   1.8    42   340    20   313     4   316 0.97 -
d1ecea_c.1.8.3       -            358 d1ur4a_c.1.8.3.aln   -            344   2.1e-38  128.0  18.6   1   1   6.6e-40   2.4e-38  127.9  18.6     2   341     8   351     7   354 0.99 -
d1qnra_c.1.8.3       -            344 d1ur4a_c.1.8.3.aln   -            344   5.2e-38  126.8  23.6   1   1   1.6e-39   5.7e-38  126.6  23.6     6   343     4   339     1   340 0.98 -
d2nt0a2c.1.8.3       -            354 d1ur4a_c.1.8.3.aln   -            344   6.2e-37  123.2   0.2   1   1   1.9e-38   6.9e-37  123.1   0.2     2   343     6   349     5   350 0.98 -
d1uuqa_c.1.8.3       -            410 d1ur4a_c.1.8.3.aln   -            344   1.2e-36  122.3  17.1   1   1   4.6e-38   1.7e-36  121.8  17.1     2   344     6   404     5   404 0.97 -
d7a3ha_c.1.8.3       -            300 d1ur4a_c.1.8.3.aln   -            344   1.3e-34  115.6  14.4   1   1   4.2e-36   1.5e-34  115.4  14.4    15   338    16   299     7   300 0.93 -
d1bqca_c.1.8.3       -            302 d1ur4a_c.1.8.3.aln   -            344   4.1e-34  113.9  12.0   1   1   1.3e-35   4.5e-34  113.8  12.0     5   335     2   296     1   302 0.95 -
d1h1na_c.1.8.3       -            305 d1ur4a_c.1.8.3.aln   -            344   2.3e-31  104.9  16.4   1   1   7.5e-33   2.7e-31  104.7  16.4     6   326     3   291     1   304 0.95 -
d1odza_c.1.8.3       -            381 d1ur4a_c.1.8.3.aln   -            344   7.2e-30  100.0  14.3   1   1   2.6e-31   9.4e-30   99.6  14.3     7   342    12   372     8   374 0.98 -
d1nofa2c.1.8.3       -            277 d1ur4a_c.1.8.3.aln   -            344     4e-25   84.4   4.9   1   1   1.4e-26   4.9e-25   84.1   4.9    47   338    25   276     6   277 0.95 -
d2v3ga_c.1.8.3       -            273 d1ur4a_c.1.8.3.aln   -            344   5.8e-23   77.3  23.7   1   1     2e-24   7.2e-23   77.0  23.7     5   303     3   255     1   269 0.97 -
#
# Program:         hmmsearch
# Version:         3.3.2 (Nov 2020)
# Pipeline mode:   SEARCH
# Query file:      /home/elise/Documents/M1-BIM/S2/TMEs/SBAS/tme08/models/d1ur4a_c.1.8.3.aln.hmm
# Target file:     /home/elise/Documents/M1-BIM/S2/TMEs/SBAS/tme08/scop/scop/scopTestSeq.fasta
# Option settings: hmmsearch --domtblout /home/elise/Documents/M1-BIM/S2/TMEs/SBAS/tme08/searchResults/d1ur4a_c.1.8.3.aln.out -E 1 /home/elise/Documents/M1-BIM/S2/TMEs/SBAS/tme08/models/d1ur4a_c.1.8.3.aln.hmm /home/elise/Documents/M1-BIM/S2/TMEs/SBAS/tme08/scop/scop/scopTestSeq.fasta 
# Current dir:     /home/elise/Documents/M1-BIM/S2/TMEs/SBAS/tme08
# Date:            Tue Apr  1 17:30:45 2025
# [ok]
