#                                                                            --- full sequence --- -------------- this domain -------------   hmm coord   ali coord   env coord
# target name        accession   tlen query name           accession   qlen   E-value  score  bias   #  of  c-Evalue  i-Evalue  score  bias  from    to  from    to  from    to  acc description of target
#------------------- ---------- ----- -------------------- ---------- ----- --------- ------ ----- --- --- --------- --------- ------ ----- ----- ----- ----- ----- ----- ----- ---- ---------------------
d1jeta_c.94.1.1      -            517 d1us5a_c.94.1.1.aln  -            335   1.6e-62  207.2  11.9   1   1   8.4e-64   2.4e-62  206.6  11.9     2   335   134   516   133   516 0.99 -
d3vlva_c.94.1.1      -            490 d1us5a_c.94.1.1.aln  -            335   3.4e-45  150.4   9.1   1   1   1.7e-46   4.9e-45  149.9   9.1     9   335     2   484     1   484 0.99 -
d1xoca1c.94.1.1      -            504 d1us5a_c.94.1.1.aln  -            335   2.3e-39  131.3  19.1   1   2         1        30   -0.1   0.0   199   242    60   103    26   108 0.73 -
d1xoca1c.94.1.1      -            504 d1us5a_c.94.1.1.aln  -            335   2.3e-39  131.3  19.1   2   2   1.2e-40   3.6e-39  130.7  17.5     1   335   109   504   109   504 0.95 -
d2nooa_c.94.1.1      -            496 d1us5a_c.94.1.1.aln  -            335   2.3e-38  128.0   0.4   1   1     1e-39     3e-38  127.7   0.4     2   332   103   495   102   496 0.94 -
d1nnfa_c.94.1.1      -            308 d1us5a_c.94.1.1.aln  -            335   6.9e-38  126.5  10.3   1   1   2.6e-39   7.7e-38  126.3  10.3    14   297     2   307     1   308 0.98 -
d1ursa_c.94.1.1      -            367 d1us5a_c.94.1.1.aln  -            335   9.4e-38  126.0  10.5   1   1   3.6e-39   1.1e-37  125.9  10.5     9   333     3   367     1   367 0.96 -
d1uqwa_c.94.1.1      -            487 d1us5a_c.94.1.1.aln  -            335   6.5e-37  123.3   9.3   1   1   3.1e-38   9.1e-37  122.8   9.3     2   331   101   485   100   487 0.98 -
d1q35a_c.94.1.1      -            318 d1us5a_c.94.1.1.aln  -            335   1.6e-34  115.5   2.8   1   1     6e-36   1.8e-34  115.3   2.8    12   300     2   314     1   318 0.96 -
d1pb7a_c.94.1.1      -            289 d1us5a_c.94.1.1.aln  -            335   4.2e-31  104.2   0.0   1   1   1.7e-32   4.9e-31  104.0   0.0    11   310     2   288     1   289 0.97 -
d3thia_c.94.1.1      -            362 d1us5a_c.94.1.1.aln  -            335   1.3e-30  102.7   0.5   1   1   4.9e-32   1.4e-30  102.5   0.5     9   334     2   356     1   357 0.95 -
d1vr5a1c.94.1.1      -            535 d1us5a_c.94.1.1.aln  -            335   2.5e-30  101.7  12.8   1   1   1.1e-31   3.1e-30  101.4  12.8     2   335   127   521   126   521 0.96 -
d1ixha_c.94.1.1      -            321 d1us5a_c.94.1.1.aln  -            335     3e-30  101.4  12.0   1   1   1.2e-31   3.6e-30  101.2  12.0     8   332     2   319     1   320 0.92 -
d1r9la_c.94.1.1      -            309 d1us5a_c.94.1.1.aln  -            335   1.4e-29   99.2   9.8   1   1   5.8e-31   1.7e-29   99.0   9.8     9   297     5   300     1   306 0.98 -
d1sbpa_c.94.1.1      -            309 d1us5a_c.94.1.1.aln  -            335   3.3e-28   94.8   9.2   1   1   1.3e-29   3.7e-28   94.6   9.2     2   303     2   306     1   308 0.98 -
d1eu8a_c.94.1.1      -            407 d1us5a_c.94.1.1.aln  -            335   6.4e-27   90.5   7.9   1   1   2.5e-28   7.3e-27   90.3   7.9     4   334     3   407     1   407 0.92 -
d2czla1c.94.1.1      -            270 d1us5a_c.94.1.1.aln  -            335   1.7e-22   76.1   0.0   1   1   6.9e-24     2e-22   75.8   0.0    17   266     6   260     3   268 0.96 -
d2nxoa1c.94.1.1      -            277 d1us5a_c.94.1.1.aln  -            335   2.5e-22   75.5   0.0   1   1     1e-23     3e-22   75.2   0.0    13   288     4   273     1   276 0.97 -
d1xt8a1c.94.1.1      -            248 d1us5a_c.94.1.1.aln  -            335   3.5e-20   68.4   4.2   1   1   1.4e-21   4.1e-20   68.2   4.2    62   305    25   245     7   248 0.95 -
d2i6ea1c.94.1.1      -            272 d1us5a_c.94.1.1.aln  -            335   9.1e-19   63.8   0.0   1   1   3.4e-20   9.9e-19   63.7   0.0    17   297     4   269     1   272 0.95 -
d1al3a_c.94.1.1      -            237 d1us5a_c.94.1.1.aln  -            335   1.1e-16   57.0   0.0   1   1     4e-18   1.2e-16   56.9   0.0    20   270     2   236     1   237 0.96 -
d1twya_c.94.1.1      -            249 d1us5a_c.94.1.1.aln  -            335   1.1e-16   57.0   0.1   1   1   4.6e-18   1.3e-16   56.7   0.1     9   287     2   246     1   248 0.98 -
d1sw5a_c.94.1.1      -            270 d1us5a_c.94.1.1.aln  -            335   3.5e-15   52.1   5.9   1   1   1.3e-16   3.8e-15   52.0   5.9    13   303     1   266     1   270 0.98 -
d2ozza1c.94.1.1      -            228 d1us5a_c.94.1.1.aln  -            335     1e-12   44.0   0.0   1   1   3.7e-14   1.1e-12   43.9   0.0    52   289     3   226     1   228 0.94 -
d1ii5a_c.94.1.1      -            226 d1us5a_c.94.1.1.aln  -            335   3.2e-12   42.4   0.1   1   1   1.2e-13   3.6e-12   42.2   0.1    51   304     3   225     1   226 0.96 -
d1i6aa_c.94.1.1      -            212 d1us5a_c.94.1.1.aln  -            335   2.7e-09   32.8   0.0   1   1   1.1e-10   3.2e-09   32.5   0.0    53   291    17   210    12   212 0.94 -
d1ve4a1c.94.1.1      -            206 d1us5a_c.94.1.1.aln  -            335   6.5e-06   21.7   0.0   1   1   2.9e-07   8.3e-06   21.4   0.0    90   261    44   181     2   203 0.73 -
d1ixca2c.94.1.1      -            205 d1us5a_c.94.1.1.aln  -            335    0.0023   13.4   0.0   1   1   7.7e-05    0.0023   13.4   0.0   135   290    76   201    18   205 0.79 -
#
# Program:         hmmsearch
# Version:         3.3.2 (Nov 2020)
# Pipeline mode:   SEARCH
# Query file:      /home/elise/Documents/M1-BIM/S2/TMEs/SBAS/tme08/models/d1us5a_c.94.1.1.aln.hmm
# Target file:     /home/elise/Documents/M1-BIM/S2/TMEs/SBAS/tme08/scop/scop/scopTestSeq.fasta
# Option settings: hmmsearch --domtblout /home/elise/Documents/M1-BIM/S2/TMEs/SBAS/tme08/searchResults/d1us5a_c.94.1.1.aln.out -E 1 /home/elise/Documents/M1-BIM/S2/TMEs/SBAS/tme08/models/d1us5a_c.94.1.1.aln.hmm /home/elise/Documents/M1-BIM/S2/TMEs/SBAS/tme08/scop/scop/scopTestSeq.fasta 
# Current dir:     /home/elise/Documents/M1-BIM/S2/TMEs/SBAS/tme08
# Date:            Tue Apr  1 17:30:45 2025
# [ok]
