#                                                                            --- full sequence --- -------------- this domain -------------   hmm coord   ali coord   env coord
# target name        accession   tlen query name           accession   qlen   E-value  score  bias   #  of  c-Evalue  i-Evalue  score  bias  from    to  from    to  from    to  acc description of target
#------------------- ---------- ----- -------------------- ---------- ----- --------- ------ ----- --- --- --------- --------- ------ ----- ----- ----- ----- ----- ----- ----- ---- ---------------------
d1v59a1c.3.1.5       -            234 d1v59a2c.3.1.5.aln   -            172   1.9e-46  154.1   2.0   1   1   8.6e-48   2.3e-46  153.8   2.0     4   171     4   234     2   234 0.97 -
d1mo9a1c.3.1.5       -            262 d1v59a2c.3.1.5.aln   -            172   3.5e-34  114.1   0.0   1   1   1.8e-35   4.8e-34  113.7   0.0     2   171    39   262    38   262 0.97 -
d1fl2a1c.3.1.5       -            185 d1v59a2c.3.1.5.aln   -            172   5.2e-34  113.6   2.0   1   1   2.1e-35   5.7e-34  113.5   2.0     6   171     2   181     1   182 0.98 -
d1m6ia1c.3.1.5       -            214 d1v59a2c.3.1.5.aln   -            172   1.2e-31  105.9   0.0   1   1   5.1e-33   1.4e-31  105.7   0.0     3   171     2   214     1   214 0.98 -
d1xdia1c.3.1.5       -            234 d1v59a2c.3.1.5.aln   -            172   3.1e-31  104.5   0.7   1   1   1.3e-32   3.7e-31  104.3   0.7     7   166     3   228     1   233 0.98 -
d1nhpa1c.3.1.5       -            199 d1v59a2c.3.1.5.aln   -            172   8.3e-27   90.1   0.0   1   1   3.5e-28   9.5e-27   90.0   0.0     7   170     2   198     1   199 0.95 -
d1w4xa1c.3.1.5       -            299 d1v59a2c.3.1.5.aln   -            172   2.6e-21   72.2   0.0   1   1   1.1e-22   3.1e-21   72.0   0.0     1   170     3   297     3   299 0.99 -
d2gv8a1c.3.1.5       -            336 d1v59a2c.3.1.5.aln   -            172     2e-18   62.8   0.0   1   1   9.2e-20   2.5e-18   62.5   0.0     3   171     2   292     1   293 0.99 -
d1aoga2c.3.1.5       -            117 d1v59a2c.3.1.5.aln   -            172   5.8e-17   58.1   0.0   1   1   2.4e-18   6.5e-17   57.9   0.0    10   141     2   113     1   116 0.91 -
d1nhpa2c.3.1.5       -            123 d1v59a2c.3.1.5.aln   -            172   8.2e-17   57.6   1.2   1   1   3.1e-18   8.4e-17   57.6   1.2     5   136     5   122     1   123 0.86 -
d1w4xa2c.3.1.5       -            235 d1v59a2c.3.1.5.aln   -            172   3.1e-16   55.7   0.0   1   1   1.3e-17   3.4e-16   55.6   0.0     2   166     6   230     5   235 0.97 -
d1mo9a2c.3.1.5       -            121 d1v59a2c.3.1.5.aln   -            172   1.7e-14   50.1   0.3   1   1   7.3e-16     2e-14   49.9   0.3    12   143     5   120     2   121 0.97 -
d1h6va2c.3.1.5       -            122 d1v59a2c.3.1.5.aln   -            172   2.1e-13   46.5   0.0   1   1   8.4e-15   2.3e-13   46.4   0.0    11   137     3   113     1   121 0.89 -
d1xhca2c.3.1.5       -            122 d1v59a2c.3.1.5.aln   -            172   1.9e-12   43.4   0.1   1   1   7.2e-14     2e-12   43.4   0.1     6   139     9   121     4   122 0.78 -
d1v59a2c.3.1.5       -            122 d1v59a2c.3.1.5.aln   -            172   2.8e-12   42.9   0.2   1   1   1.2e-13   3.2e-12   42.7   0.2    15   141    10   121     5   122 0.83 -
d1fcda2c.3.1.5       -            141 d1v59a2c.3.1.5.aln   -            172     3e-12   42.7   0.0   1   1   1.2e-13   3.2e-12   42.7   0.0     3   139     6   138     4   141 0.95 -
d1m6ia2c.3.1.5       -            137 d1v59a2c.3.1.5.aln   -            172   8.9e-12   41.2   0.1   1   1   3.8e-13     1e-11   41.0   0.1     8   168     5   135     1   137 0.95 -
d1onfa2c.3.1.5       -            117 d1v59a2c.3.1.5.aln   -            172   3.4e-11   39.3   0.0   1   1   1.3e-12   3.7e-11   39.2   0.0     9   141     2   117     1   117 0.96 -
d1vdca2c.3.1.5       -            130 d1v59a2c.3.1.5.aln   -            172   3.5e-11   39.3   0.1   1   1   1.6e-12   4.3e-11   39.0   0.1     9   115    14   124     8   130 0.76 -
d1fl2a2c.3.1.5       -            126 d1v59a2c.3.1.5.aln   -            172   5.3e-11   38.7   0.3   1   1   2.3e-12   6.2e-11   38.5   0.3     3   143     6   124     4   125 0.76 -
d2gmha1c.3.1.2       -            381 d1v59a2c.3.1.5.aln   -            172   2.7e-06   23.4   0.0   1   3   1.9e-05    0.0005   16.0   0.1     4    30    31    57    30    83 0.92 -
d2gmha1c.3.1.2       -            381 d1v59a2c.3.1.5.aln   -            172   2.7e-06   23.4   0.0   2   3       5.1   1.4e+02   -1.7   0.0    63    70   155   162    99   201 0.65 -
d2gmha1c.3.1.2       -            381 d1v59a2c.3.1.5.aln   -            172   2.7e-06   23.4   0.0   3   3     0.069       1.9    4.4   0.0   142   170   261   287   222   289 0.86 -
d1kdga1c.3.1.2       -            361 d1v59a2c.3.1.5.aln   -            172   2.9e-05   20.0   0.4   1   1   1.9e-06   5.1e-05   19.2   0.4     6    39     3    43     1    46 0.86 -
d2iida1c.3.1.2       -            371 d1v59a2c.3.1.5.aln   -            172    0.0001   18.2   0.2   1   2   0.00018    0.0048   12.8   0.1    27    74    28    68    23   102 0.81 -
d2iida1c.3.1.2       -            371 d1v59a2c.3.1.5.aln   -            172    0.0001   18.2   0.2   2   2      0.13       3.4    3.5   0.0    99   143   190   291   121   313 0.68 -
d1ryia1c.3.1.2       -            277 d1v59a2c.3.1.5.aln   -            172   0.00025   16.9   0.0   1   1   1.2e-05   0.00034   16.5   0.0     5    37     4    36     2   141 0.85 -
d1kola2c.2.1.1       -            195 d1v59a2c.3.1.5.aln   -            172    0.0013   14.7   0.5   1   1   8.1e-05    0.0022   13.9   0.5     4    37    25    56    24    83 0.87 -
d1seza1c.3.1.2       -            374 d1v59a2c.3.1.5.aln   -            172    0.0015   14.4   0.3   1   2   0.00029    0.0079   12.1   0.7     7    38     3    37     1    47 0.86 -
d1seza1c.3.1.2       -            374 d1v59a2c.3.1.5.aln   -            172    0.0015   14.4   0.3   2   2       2.3        62   -0.6   0.0   116   164   324   367   231   373 0.77 -
d1b5qa1c.3.1.2       -            348 d1v59a2c.3.1.5.aln   -            172     0.007   12.3   0.4   1   1    0.0007     0.019   10.8   0.1     7    37     2    32     1    54 0.90 -
d2dw4a2c.3.1.2       -            450 d1v59a2c.3.1.5.aln   -            172    0.0073   12.2   0.2   1   1    0.0006     0.016   11.1   0.2     7    72     7    41     3   117 0.73 -
d1vj0a2c.2.1.1       -            182 d1v59a2c.3.1.5.aln   -            172    0.0077   12.1   0.6   1   1   0.00043     0.012   11.5   0.6     4    37    28    61    25   156 0.69 -
#
# Program:         hmmsearch
# Version:         3.3.2 (Nov 2020)
# Pipeline mode:   SEARCH
# Query file:      /home/elise/Documents/M1-BIM/S2/TMEs/SBAS/tme08/models/d1v59a2c.3.1.5.aln.hmm
# Target file:     /home/elise/Documents/M1-BIM/S2/TMEs/SBAS/tme08/scop/scop/scopTestSeq.fasta
# Option settings: hmmsearch --domtblout /home/elise/Documents/M1-BIM/S2/TMEs/SBAS/tme08/searchResults/d1v59a2c.3.1.5.aln.out -E 1 /home/elise/Documents/M1-BIM/S2/TMEs/SBAS/tme08/models/d1v59a2c.3.1.5.aln.hmm /home/elise/Documents/M1-BIM/S2/TMEs/SBAS/tme08/scop/scop/scopTestSeq.fasta 
# Current dir:     /home/elise/Documents/M1-BIM/S2/TMEs/SBAS/tme08
# Date:            Tue Apr  1 17:30:46 2025
# [ok]
