#                                                                            --- full sequence --- -------------- this domain -------------   hmm coord   ali coord   env coord
# target name        accession   tlen query name           accession   qlen   E-value  score  bias   #  of  c-Evalue  i-Evalue  score  bias  from    to  from    to  from    to  acc description of target
#------------------- ---------- ----- -------------------- ---------- ----- --------- ------ ----- --- --- --------- --------- ------ ----- ----- ----- ----- ----- ----- ----- ---- ---------------------
d1g0sa_d.113.1.1     -            209 d1v8ya_d.113.1.1.aln -            174   1.6e-43  144.0   1.8   1   1   3.7e-45   1.8e-43  143.8   1.8     2   164    39   208    38   209 0.98 -
d1ktga_d.113.1.1     -            137 d1v8ya_d.113.1.1.aln -            174   1.9e-43  143.7   0.2   1   1   4.2e-45   2.1e-43  143.6   0.2    20   162     3   135     1   137 0.97 -
d1q33a_d.113.1.1     -            292 d1v8ya_d.113.1.1.aln -            174   3.5e-43  142.8   0.1   1   1   9.3e-45   4.6e-43  142.5   0.1     2   174    99   292    98   292 0.99 -
d2b06a1d.113.1.1     -            155 d1v8ya_d.113.1.1.aln -            174     1e-42  141.3   0.0   1   1   2.3e-44   1.1e-42  141.2   0.0    18   171     2   155     1   155 0.98 -
d1nqza_d.113.1.1     -            187 d1v8ya_d.113.1.1.aln -            174     3e-41  136.6   0.1   1   1   6.7e-43   3.3e-41  136.4   0.1     2   174    10   185     9   185 0.99 -
d1vhza_d.113.1.1     -            186 d1v8ya_d.113.1.1.aln -            174     4e-41  136.1   0.0   1   1   9.2e-43   4.5e-41  136.0   0.0     2   167    23   185    22   186 0.98 -
d3o69a_d.113.1.1     -            190 d1v8ya_d.113.1.1.aln -            174   1.1e-40  134.7   0.0   1   1   2.5e-42   1.2e-40  134.5   0.0     2   160    27   190    26   190 0.99 -
d1sjya_d.113.1.1     -            158 d1v8ya_d.113.1.1.aln -            174   1.2e-40  134.6   0.1   1   1   2.6e-42   1.3e-40  134.5   0.1    11   172     1   157     1   158 0.98 -
d2azwa1d.113.1.1     -            147 d1v8ya_d.113.1.1.aln -            174   6.1e-40  132.3   0.8   1   1   1.4e-41   6.7e-40  132.2   0.8    14   161     2   146     1   147 0.98 -
d3zr0a_d.113.1.1     -            154 d1v8ya_d.113.1.1.aln -            174   6.5e-40  132.2   0.0   1   1   1.4e-41   7.1e-40  132.1   0.0    20   173     3   153     1   154 0.97 -
d2fvva1d.113.1.1     -            135 d1v8ya_d.113.1.1.aln -            174   9.9e-40  131.6   0.9   1   1   2.2e-41   1.1e-39  131.5   0.9    16   157     2   134     1   135 0.98 -
d1jkna_d.113.1.1     -            165 d1v8ya_d.113.1.1.aln -            174   1.1e-39  131.5   0.0   1   1   2.4e-41   1.2e-39  131.4   0.0    19   164     5   165     1   165 0.98 -
d2b0va1d.113.1.1     -            146 d1v8ya_d.113.1.1.aln -            174   4.9e-36  119.6   0.0   1   1   1.1e-37   5.3e-36  119.5   0.0    20   173     3   144     1   145 0.95 -
d1k2ea_d.113.1.1     -            152 d1v8ya_d.113.1.1.aln -            174   5.7e-35  116.1   0.1   1   1   1.3e-36   6.6e-35  115.9   0.1    41   174    12   149     3   149 0.97 -
d3a6sa_d.113.1.1     -            129 d1v8ya_d.113.1.1.aln -            174   7.2e-33  109.3   0.9   1   1   1.6e-34   7.7e-33  109.2   0.9    18   159     3   128     1   129 0.95 -
d1v8ya_d.113.1.1     -            158 d1v8ya_d.113.1.1.aln -            174   1.8e-14   49.4   2.2   1   1   4.3e-16   2.1e-14   49.1   2.2    54   143    52   133    12   141 0.81 -
#
# Program:         hmmsearch
# Version:         3.3.2 (Nov 2020)
# Pipeline mode:   SEARCH
# Query file:      /home/elise/Documents/M1-BIM/S2/TMEs/SBAS/tme08/models/d1v8ya_d.113.1.1.aln.hmm
# Target file:     /home/elise/Documents/M1-BIM/S2/TMEs/SBAS/tme08/scop/scop/scopTestSeq.fasta
# Option settings: hmmsearch --domtblout /home/elise/Documents/M1-BIM/S2/TMEs/SBAS/tme08/searchResults/d1v8ya_d.113.1.1.aln.out -E 1 /home/elise/Documents/M1-BIM/S2/TMEs/SBAS/tme08/models/d1v8ya_d.113.1.1.aln.hmm /home/elise/Documents/M1-BIM/S2/TMEs/SBAS/tme08/scop/scop/scopTestSeq.fasta 
# Current dir:     /home/elise/Documents/M1-BIM/S2/TMEs/SBAS/tme08
# Date:            Tue Apr  1 17:30:46 2025
# [ok]
