#                                                                            --- full sequence --- -------------- this domain -------------   hmm coord   ali coord   env coord
# target name        accession   tlen query name           accession   qlen   E-value  score  bias   #  of  c-Evalue  i-Evalue  score  bias  from    to  from    to  from    to  acc description of target
#------------------- ---------- ----- -------------------- ---------- ----- --------- ------ ----- --- --- --------- --------- ------ ----- ----- ----- ----- ----- ----- ----- ---- ---------------------
d1jeta_c.94.1.1      -            517 d1ve4a1c.94.1.1.aln  -            339   1.1e-63  211.1  12.2   1   1     5e-65   1.4e-63  210.7  12.2     2   339   111   501   110   501 0.99 -
d3vlva_c.94.1.1      -            490 d1ve4a1c.94.1.1.aln  -            339     8e-46  152.6  10.9   1   1   3.8e-47     1e-45  152.2  10.9     3   338   104   490   102   490 0.99 -
d1q35a_c.94.1.1      -            318 d1ve4a1c.94.1.1.aln  -            339   6.7e-44  146.3   3.3   1   1   2.9e-45   7.8e-44  146.0   3.3     9   323     4   314     2   318 0.98 -
d1nnfa_c.94.1.1      -            308 d1ve4a1c.94.1.1.aln  -            339   6.7e-43  143.0  11.1   1   1   2.7e-44   7.3e-43  142.9  11.1     9   313     2   300     1   308 0.98 -
d1ursa_c.94.1.1      -            367 d1ve4a1c.94.1.1.aln  -            339   2.1e-37  125.0  11.9   1   1   8.7e-39   2.4e-37  124.8  11.9     3   338     2   360     1   361 0.99 -
d1uqwa_c.94.1.1      -            487 d1ve4a1c.94.1.1.aln  -            339   5.9e-35  117.0  11.3   1   2       6.7   1.8e+02   -2.5   0.0   167   205    58    96    54    97 0.83 -
d1uqwa_c.94.1.1      -            487 d1ve4a1c.94.1.1.aln  -            339   5.9e-35  117.0  11.3   2   2   2.2e-36   5.9e-35  117.0  11.3     3   339   110   474   108   474 0.99 -
d1vr5a1c.94.1.1      -            535 d1ve4a1c.94.1.1.aln  -            339   4.3e-32  107.6  17.4   1   1   2.2e-33   6.1e-32  107.1  16.7     9   338   130   505   124   506 0.98 -
d3thia_c.94.1.1      -            362 d1ve4a1c.94.1.1.aln  -            339   1.4e-30  102.6   0.3   1   1   5.9e-32   1.6e-30  102.5   0.3     5   338     2   349     1   350 0.99 -
d1eu8a_c.94.1.1      -            407 d1ve4a1c.94.1.1.aln  -            339   4.1e-30  101.1   8.3   1   1   1.7e-31   4.6e-30  101.0   8.3     2   337     6   395     5   397 0.98 -
d2nooa_c.94.1.1      -            496 d1ve4a1c.94.1.1.aln  -            339   7.6e-30  100.3   0.5   1   2       1.1        29    0.1   0.1   193   266    34    91    29   108 0.83 -
d2nooa_c.94.1.1      -            496 d1ve4a1c.94.1.1.aln  -            339   7.6e-30  100.3   0.5   2   2   1.2e-30   3.2e-29   98.2   0.0     2   338   109   482   108   483 0.99 -
d1pb7a_c.94.1.1      -            289 d1ve4a1c.94.1.1.aln  -            339   1.7e-29   99.1   0.0   1   1   7.3e-31     2e-29   98.9   0.0    50   318     3   288     1   289 0.94 -
d1xoca1c.94.1.1      -            504 d1ve4a1c.94.1.1.aln  -            339   2.8e-29   98.4  17.2   1   1   1.3e-30   3.4e-29   98.1  17.2     2   339   118   489   117   489 0.99 -
d1r9la_c.94.1.1      -            309 d1ve4a1c.94.1.1.aln  -            339   2.2e-26   89.0  11.5   1   1   8.8e-28   2.4e-26   88.8  11.5    16   330     2   309     1   309 0.99 -
d1sbpa_c.94.1.1      -            309 d1ve4a1c.94.1.1.aln  -            339   4.4e-25   84.7   9.8   1   1   1.8e-26   4.8e-25   84.5   9.8     4   327     5   309     2   309 0.97 -
d1xt8a1c.94.1.1      -            248 d1ve4a1c.94.1.1.aln  -            339   7.2e-23   77.4   4.4   1   1   3.3e-24     9e-23   77.1   4.4    90   322    23   243     8   247 0.95 -
d1us5a_c.94.1.1      -            298 d1ve4a1c.94.1.1.aln  -            339   3.6e-22   75.1   1.5   1   1   1.6e-23   4.3e-22   74.9   1.5     4   314     3   294     1   297 0.97 -
d2czla1c.94.1.1      -            270 d1ve4a1c.94.1.1.aln  -            339   1.2e-21   73.4   0.0   1   1   4.8e-23   1.3e-21   73.3   0.0     6   306     4   258     1   270 0.95 -
d1al3a_c.94.1.1      -            237 d1ve4a1c.94.1.1.aln  -            339   2.3e-19   66.0   0.0   1   1   9.5e-21   2.6e-19   65.8   0.0    37   310    11   234     2   237 0.96 -
d2nxoa1c.94.1.1      -            277 d1ve4a1c.94.1.1.aln  -            339   9.2e-19   64.0   0.0   1   1   3.7e-20     1e-18   63.9   0.0     5   327     4   276     1   277 0.97 -
d1ixha_c.94.1.1      -            321 d1ve4a1c.94.1.1.aln  -            339   1.4e-17   60.1  14.1   1   1   6.8e-19   1.9e-17   59.7  14.1     2   337     7   319     6   321 0.89 -
d1twya_c.94.1.1      -            249 d1ve4a1c.94.1.1.aln  -            339   4.9e-16   55.0   0.1   1   1     2e-17   5.4e-16   54.9   0.1     4   308     2   248     1   249 0.97 -
d2i6ea1c.94.1.1      -            272 d1ve4a1c.94.1.1.aln  -            339     1e-15   54.0   0.0   1   1     4e-17   1.1e-15   53.9   0.0    10   318     2   270     1   272 0.95 -
d1sw5a_c.94.1.1      -            270 d1ve4a1c.94.1.1.aln  -            339   1.5e-15   53.4   5.7   1   1   6.2e-17   1.7e-15   53.3   5.7     6   315     4   267     1   270 0.96 -
d1atga_c.94.1.1      -            231 d1ve4a1c.94.1.1.aln  -            339   3.1e-13   45.9   1.3   1   1   1.3e-14   3.4e-13   45.7   1.3    32   311     3   228     1   231 0.97 -
d1ii5a_c.94.1.1      -            226 d1ve4a1c.94.1.1.aln  -            339   5.6e-12   41.8   0.1   1   1   2.2e-13   6.1e-12   41.6   0.1    48   314     4   223     1   225 0.90 -
d1i6aa_c.94.1.1      -            212 d1ve4a1c.94.1.1.aln  -            339   3.9e-10   35.7   0.0   1   1   1.7e-11   4.6e-10   35.5   0.0    30   294     3   208     1   211 0.97 -
d2ozza1c.94.1.1      -            228 d1ve4a1c.94.1.1.aln  -            339   1.2e-09   34.1   0.0   1   1   5.4e-11   1.5e-09   33.8   0.0    37   299     9   213     1   226 0.94 -
d2esna2c.94.1.1      -            212 d1ve4a1c.94.1.1.aln  -            339   1.1e-08   30.9   0.0   1   1   4.9e-10   1.3e-08   30.7   0.0    41   311     3   208     1   211 0.96 -
d1ixca2c.94.1.1      -            205 d1ve4a1c.94.1.1.aln  -            339   7.1e-08   28.3   0.0   1   1   3.1e-09   8.5e-08   28.1   0.0    32   293     2   200     1   205 0.96 -
#
# Program:         hmmsearch
# Version:         3.3.2 (Nov 2020)
# Pipeline mode:   SEARCH
# Query file:      /home/elise/Documents/M1-BIM/S2/TMEs/SBAS/tme08/models/d1ve4a1c.94.1.1.aln.hmm
# Target file:     /home/elise/Documents/M1-BIM/S2/TMEs/SBAS/tme08/scop/scop/scopTestSeq.fasta
# Option settings: hmmsearch --domtblout /home/elise/Documents/M1-BIM/S2/TMEs/SBAS/tme08/searchResults/d1ve4a1c.94.1.1.aln.out -E 1 /home/elise/Documents/M1-BIM/S2/TMEs/SBAS/tme08/models/d1ve4a1c.94.1.1.aln.hmm /home/elise/Documents/M1-BIM/S2/TMEs/SBAS/tme08/scop/scop/scopTestSeq.fasta 
# Current dir:     /home/elise/Documents/M1-BIM/S2/TMEs/SBAS/tme08
# Date:            Tue Apr  1 17:30:46 2025
# [ok]
