#                                                                            --- full sequence --- -------------- this domain -------------   hmm coord   ali coord   env coord
# target name        accession   tlen query name           accession   qlen   E-value  score  bias   #  of  c-Evalue  i-Evalue  score  bias  from    to  from    to  from    to  acc description of target
#------------------- ---------- ----- -------------------- ---------- ----- --------- ------ ----- --- --- --------- --------- ------ ----- ----- ----- ----- ----- ----- ----- ---- ---------------------
d1zina1c.37.1.1      -            183 d1vhta_c.37.1.1.aln  -            204   1.8e-52  174.0   0.2   1   1   5.9e-54     2e-52  173.8   0.2     4   200     1   181     1   183 0.98 -
d1qf9a_c.37.1.1      -            194 d1vhta_c.37.1.1.aln  -            204   1.1e-42  142.1   0.0   1   1   3.4e-44   1.2e-42  141.9   0.0     2   200     5   192     4   194 0.97 -
d1p5zb_c.37.1.1      -            241 d1vhta_c.37.1.1.aln  -            204   3.2e-39  130.7   0.0   1   1   1.1e-40   3.7e-39  130.5   0.0     4   203     3   222     1   223 0.99 -
d1khta_c.37.1.1      -            190 d1vhta_c.37.1.1.aln  -            204     2e-36  121.6   0.1   1   1   6.5e-38   2.2e-36  121.4   0.1     3   200     1   189     1   190 0.98 -
d1t0hb_c.37.1.1      -            219 d1vhta_c.37.1.1.aln  -            204   1.8e-35  118.4   0.0   1   1   5.9e-37     2e-35  118.3   0.0     2   201    19   205    18   208 0.97 -
d1e2ka_c.37.1.1      -            329 d1vhta_c.37.1.1.aln  -            204   3.7e-29   97.9   0.0   1   2   0.00024    0.0083   11.8   0.0     5    26     6    27     4    30 0.91 -
d1e2ka_c.37.1.1      -            329 d1vhta_c.37.1.1.aln  -            204   3.7e-29   97.9   0.0   2   2   1.6e-26   5.5e-25   84.2   0.0     4   201    32   268    29   271 0.99 -
d1kjwa2c.37.1.1      -            199 d1vhta_c.37.1.1.aln  -            204     4e-28   94.5   0.0   1   1   1.3e-29   4.5e-28   94.3   0.0     2   201     8   191     7   194 0.97 -
d1y63a_c.37.1.1      -            174 d1vhta_c.37.1.1.aln  -            204   1.4e-26   89.5   0.7   1   1   4.4e-28   1.5e-26   89.3   0.7     2   196     4   173     3   174 0.97 -
d1kgda_c.37.1.1      -            178 d1vhta_c.37.1.1.aln  -            204   1.2e-25   86.4   0.1   1   1   4.2e-27   1.5e-25   86.1   0.1     1   195     1   176     1   177 0.89 -
d1gsia_c.37.1.1      -            208 d1vhta_c.37.1.1.aln  -            204   9.6e-25   83.4   0.0   1   1   3.3e-26   1.1e-24   83.2   0.0     4   199     1   200     1   204 0.98 -
d1lw7a2c.37.1.1      -            192 d1vhta_c.37.1.1.aln  -            204   6.3e-24   80.8   0.0   1   1   2.5e-25   8.5e-24   80.3   0.0     3   201     7   186     5   189 0.97 -
d1ly1a_c.37.1.1      -            152 d1vhta_c.37.1.1.aln  -            204   3.9e-23   78.2   0.0   1   1   1.2e-24   4.3e-23   78.1   0.0     2   165     1   150     1   152 0.95 -
d1deka_c.37.1.1      -            241 d1vhta_c.37.1.1.aln  -            204   2.6e-22   75.5   0.0   1   1   8.5e-24   2.9e-22   75.3   0.0     3   198     1   219     1   225 0.98 -
d2grja_c.37.1.1      -            179 d1vhta_c.37.1.1.aln  -            204   2.2e-21   72.4   1.2   1   1   7.3e-23   2.5e-21   72.3   1.2     1   198     1   179     1   179 0.97 -
d3kb2a_c.37.1.1      -            171 d1vhta_c.37.1.1.aln  -            204     4e-21   71.6   0.0   1   1   1.3e-22   4.4e-21   71.5   0.0     5   201     2   171     1   171 0.95 -
d1yj5a2c.37.1.1      -            172 d1vhta_c.37.1.1.aln  -            204     1e-18   63.8   0.0   1   1   1.2e-19   4.3e-18   61.7   0.0    20   198    13   170     4   172 0.95 -
d2qora_c.37.1.0      -            196 d1vhta_c.37.1.1.aln  -            204   2.7e-13   46.0   0.0   1   1     1e-14   3.4e-13   45.7   0.0     4   193     5   186     2   188 0.90 -
d3akea_c.37.1.0      -            208 d1vhta_c.37.1.1.aln  -            204   1.4e-08   30.6   0.1   1   2   1.6e-09   5.4e-08   28.7   0.0     5    52     4    50     1    89 0.78 -
d3akea_c.37.1.0      -            208 d1vhta_c.37.1.1.aln  -            204   1.4e-08   30.6   0.1   2   2       1.3        43   -0.3   0.0   143   154   154   172   117   206 0.53 -
d1vhta_c.37.1.1      -            208 d1vhta_c.37.1.1.aln  -            204   1.4e-07   27.4   0.3   1   2   1.1e-06   3.7e-05   19.5   0.0     5    26     5    26     3    72 0.86 -
d1vhta_c.37.1.1      -            208 d1vhta_c.37.1.1.aln  -            204   1.4e-07   27.4   0.3   2   2     0.015       0.5    6.0   0.1   130   186   130   183   100   190 0.65 -
d1um8a_c.37.1.20     -            364 d1vhta_c.37.1.1.aln  -            204   5.4e-05   18.9   0.8   1   2   1.3e-05   0.00046   15.9   0.2     5    31    70    96    67   169 0.78 -
d1um8a_c.37.1.20     -            364 d1vhta_c.37.1.1.aln  -            204   5.4e-05   18.9   0.8   2   2       3.4   1.2e+02   -1.7   0.0   132   184   311   351   259   354 0.67 -
d1in4a2c.37.1.20     -            238 d1vhta_c.37.1.1.aln  -            204    0.0008   15.1   0.0   1   1   5.8e-05     0.002   13.8   0.0     6    35    38    67    37   107 0.90 -
d1d2na_c.37.1.20     -            246 d1vhta_c.37.1.1.aln  -            204    0.0014   14.3   0.0   1   1   7.8e-05    0.0027   13.4   0.0     6    32    43    69    42    70 0.95 -
d2jaqa_c.37.1.0      -            201 d1vhta_c.37.1.1.aln  -            204    0.0021   13.8   1.7   1   2   0.00013    0.0046   12.6   0.5     4    30     1    27     1    85 0.83 -
d2jaqa_c.37.1.0      -            201 d1vhta_c.37.1.1.aln  -            204    0.0021   13.8   1.7   2   2       2.5        85   -1.3   0.0   138   166   129   157   113   170 0.75 -
#
# Program:         hmmsearch
# Version:         3.3.2 (Nov 2020)
# Pipeline mode:   SEARCH
# Query file:      /home/elise/Documents/M1-BIM/S2/TMEs/SBAS/tme08/models/d1vhta_c.37.1.1.aln.hmm
# Target file:     /home/elise/Documents/M1-BIM/S2/TMEs/SBAS/tme08/scop/scop/scopTestSeq.fasta
# Option settings: hmmsearch --domtblout /home/elise/Documents/M1-BIM/S2/TMEs/SBAS/tme08/searchResults/d1vhta_c.37.1.1.aln.out -E 1 /home/elise/Documents/M1-BIM/S2/TMEs/SBAS/tme08/models/d1vhta_c.37.1.1.aln.hmm /home/elise/Documents/M1-BIM/S2/TMEs/SBAS/tme08/scop/scop/scopTestSeq.fasta 
# Current dir:     /home/elise/Documents/M1-BIM/S2/TMEs/SBAS/tme08
# Date:            Tue Apr  1 17:30:46 2025
# [ok]
