#                                                                            --- full sequence --- -------------- this domain -------------   hmm coord   ali coord   env coord
# target name        accession   tlen query name           accession   qlen   E-value  score  bias   #  of  c-Evalue  i-Evalue  score  bias  from    to  from    to  from    to  acc description of target
#------------------- ---------- ----- -------------------- ---------- ----- --------- ------ ----- --- --- --------- --------- ------ ----- ----- ----- ----- ----- ----- ----- ---- ---------------------
d3hl8a_c.55.3.5      -            470 d1w0ha_c.55.3.5.aln  -            376  2.7e-125  413.7   0.1   1   1  5.7e-127  3.2e-125  413.4   0.1     1   376    42   430    42   430 1.00 -
d1q8ia1c.55.3.5      -            388 d1w0ha_c.55.3.5.aln  -            376  6.4e-124  409.2   0.0   1   1  1.3e-125  7.2e-124  409.0   0.0     7   376     1   383     1   383 1.00 -
d1s5ja1c.55.3.5      -            410 d1w0ha_c.55.3.5.aln  -            376  7.3e-117  385.9   6.6   1   1  1.5e-118  8.3e-117  385.8   6.6     1   376     2   384     2   384 1.00 -
d2hbja2c.55.3.5      -            292 d1w0ha_c.55.3.5.aln  -            376   2.6e-64  213.0   1.6   1   1   5.2e-66   2.9e-64  212.8   1.6    71   348     2   291     1   292 0.99 -
d3mxma_c.55.3.5      -            229 d1w0ha_c.55.3.5.aln  -            376   4.6e-46  152.9   0.0   1   1   8.9e-48     5e-46  152.8   0.0   121   348     2   228     1   229 0.99 -
d1x9ma1c.55.3.5      -            204 d1w0ha_c.55.3.5.aln  -            376   4.6e-30  100.3   0.1   1   1     9e-32   5.1e-30  100.1   0.1   128   341     1   203     1   204 0.98 -
d2igia_c.55.3.5      -            180 d1w0ha_c.55.3.5.aln  -            376     8e-29   96.2   0.2   1   1   1.5e-30   8.7e-29   96.1   0.2   124   331     3   178     1   180 0.98 -
d1kfsa1c.55.3.5      -            195 d1w0ha_c.55.3.5.aln  -            376   8.5e-29   96.1   0.5   1   1   1.7e-30   9.3e-29   96.0   0.5   122   343     3   194     1   195 0.97 -
d2f96a1c.55.3.5      -            202 d1w0ha_c.55.3.5.aln  -            376   9.5e-29   95.9   0.0   1   1   1.8e-30     1e-28   95.8   0.0   117   348     2   201     1   202 0.98 -
d1vk0a_c.55.3.5      -            206 d1w0ha_c.55.3.5.aln  -            376   1.8e-26   88.4   0.0   1   1   3.5e-28     2e-26   88.3   0.0   130   340     3   205     1   206 0.98 -
d2py5a1c.55.3.5      -            183 d1w0ha_c.55.3.5.aln  -            376     2e-23   78.4   0.1   1   1   4.2e-25   2.4e-23   78.2   0.1   129   342     3   180     1   182 0.98 -
d1yt3a3c.55.3.5      -            193 d1w0ha_c.55.3.5.aln  -            376   1.5e-21   72.3   0.0   1   1   2.8e-23   1.6e-21   72.2   0.0   126   337     2   191     1   193 0.98 -
d2guia_c.55.3.5      -            176 d1w0ha_c.55.3.5.aln  -            376   2.7e-20   68.1   0.0   1   1   5.5e-22   3.1e-20   67.9   0.0   126   339     2   175     1   176 0.98 -
d1wlja_c.55.3.5      -            173 d1w0ha_c.55.3.5.aln  -            376   3.3e-16   54.7   0.0   1   1   6.9e-18   3.9e-16   54.4   0.0   128   333     2   167     1   172 0.95 -
#
# Program:         hmmsearch
# Version:         3.3.2 (Nov 2020)
# Pipeline mode:   SEARCH
# Query file:      /home/elise/Documents/M1-BIM/S2/TMEs/SBAS/tme08/models/d1w0ha_c.55.3.5.aln.hmm
# Target file:     /home/elise/Documents/M1-BIM/S2/TMEs/SBAS/tme08/scop/scop/scopTestSeq.fasta
# Option settings: hmmsearch --domtblout /home/elise/Documents/M1-BIM/S2/TMEs/SBAS/tme08/searchResults/d1w0ha_c.55.3.5.aln.out -E 1 /home/elise/Documents/M1-BIM/S2/TMEs/SBAS/tme08/models/d1w0ha_c.55.3.5.aln.hmm /home/elise/Documents/M1-BIM/S2/TMEs/SBAS/tme08/scop/scop/scopTestSeq.fasta 
# Current dir:     /home/elise/Documents/M1-BIM/S2/TMEs/SBAS/tme08
# Date:            Tue Apr  1 17:30:48 2025
# [ok]
