#                                                                            --- full sequence --- -------------- this domain -------------   hmm coord   ali coord   env coord
# target name        accession   tlen query name           accession   qlen   E-value  score  bias   #  of  c-Evalue  i-Evalue  score  bias  from    to  from    to  from    to  acc description of target
#------------------- ---------- ----- -------------------- ---------- ----- --------- ------ ----- --- --- --------- --------- ------ ----- ----- ----- ----- ----- ----- ----- ---- ---------------------
d1g41a_c.37.1.20     -            443 d1w5sa2c.37.1.20.aln -            291   2.6e-75  248.8   5.9   1   2   5.8e-32   1.8e-30  101.6   0.1     3   116     1   116     1   135 0.93 -
d1g41a_c.37.1.20     -            443 d1w5sa2c.37.1.20.aln -            291   2.6e-75  248.8   5.9   2   2     2e-46   6.2e-45  149.1   2.1    81   291   205   443   199   443 0.96 -
d1iqpa2c.37.1.20     -            231 d1w5sa2c.37.1.20.aln -            291   7.1e-68  224.4   0.7   1   1   2.6e-69   8.3e-68  224.2   0.7     8   244     3   229     1   230 0.98 -
d1lv7a_c.37.1.20     -            256 d1w5sa2c.37.1.20.aln -            291   2.2e-65  216.2   0.1   1   1   7.6e-67   2.4e-65  216.1   0.1     7   259     3   255     1   256 0.98 -
d1svma_c.37.1.20     -            362 d1w5sa2c.37.1.20.aln -            291   6.1e-56  185.2   0.0   1   1   2.3e-57   7.4e-56  184.9   0.0     5   291     1   343     1   343 0.99 -
d1njfa_c.37.1.20     -            239 d1w5sa2c.37.1.20.aln -            291   5.2e-53  175.6   0.0   1   1   1.9e-54     6e-53  175.4   0.0    19   245     2   236     1   238 0.98 -
d1r6bx3c.37.1.20     -            315 d1w5sa2c.37.1.20.aln -            291   2.2e-52  173.5   0.1   1   1     8e-54   2.5e-52  173.3   0.1     1   291     7   315     7   315 0.94 -
d1um8a_c.37.1.20     -            364 d1w5sa2c.37.1.20.aln -            291     9e-51  168.2   1.7   1   1   3.8e-52   1.2e-50  167.8   1.7     2   283     3   364     2   364 0.99 -
d1sxja2c.37.1.20     -            253 d1w5sa2c.37.1.20.aln -            291   2.1e-49  163.8   0.0   1   1   7.4e-51   2.3e-49  163.6   0.0    16   251     1   252     1   253 0.98 -
d2a5yb3c.37.1.20     -            277 d1w5sa2c.37.1.20.aln -            291   3.4e-48  159.8   0.0   1   1   1.2e-49   3.8e-48  159.7   0.0     9   274     1   276     1   277 0.97 -
d1d2na_c.37.1.20     -            246 d1w5sa2c.37.1.20.aln -            291   2.8e-46  153.5   0.0   1   1   9.9e-48   3.1e-46  153.4   0.0    12   256     3   245     1   246 0.98 -
d1fnna2c.37.1.20     -            276 d1w5sa2c.37.1.20.aln -            291   3.7e-44  146.5   0.0   1   1   1.3e-45   4.2e-44  146.4   0.0    13   266     3   275     1   276 0.98 -
d1in4a2c.37.1.20     -            238 d1w5sa2c.37.1.20.aln -            291   1.8e-43  144.3   1.7   1   1   6.3e-45     2e-43  144.1   1.7    19   256     4   237     1   238 0.97 -
d1u0ja_c.37.1.20     -            267 d1w5sa2c.37.1.20.aln -            291   6.7e-42  139.1   0.0   1   1   2.4e-43   7.7e-42  138.9   0.0     1   255     1   265     1   266 0.99 -
d2fnaa2c.37.1.20     -            283 d1w5sa2c.37.1.20.aln -            291   1.5e-40  134.7   2.0   1   1   5.4e-42   1.7e-40  134.5   2.0     2   257     3   282     2   283 0.99 -
d1g8pa_c.37.1.20     -            333 d1w5sa2c.37.1.20.aln -            291   3.6e-40  133.5   0.1   1   1   1.6e-41     5e-40  133.0   0.1     2   281     2   333     1   333 0.99 -
d1ny5a2c.37.1.20     -            247 d1w5sa2c.37.1.20.aln -            291   8.2e-38  125.7   0.8   1   1   2.9e-39   9.1e-38  125.6   0.8    22   263     1   246     1   247 0.99 -
d2p65a_c.37.1.20     -            185 d1w5sa2c.37.1.20.aln -            291   3.3e-36  120.4   0.4   1   1   1.2e-37   3.7e-36  120.3   0.4     9   184     1   185     1   185 0.99 -
d1a5ta2c.37.1.20     -            207 d1w5sa2c.37.1.20.aln -            291   2.2e-35  117.7   0.0   1   1   7.8e-37   2.5e-35  117.6   0.0    14   227     1   206     1   207 0.99 -
d1tuea_c.37.1.20     -            205 d1w5sa2c.37.1.20.aln -            291   1.8e-33  111.5   0.0   1   1   6.2e-35     2e-33  111.3   0.0    20   237     4   204     1   205 0.98 -
d2gnoa2c.37.1.20     -            198 d1w5sa2c.37.1.20.aln -            291   5.9e-30   99.9   0.1   1   1     2e-31   6.3e-30   99.8   0.1    31   240     2   195     1   198 0.96 -
d1l8qa2c.37.1.20     -            213 d1w5sa2c.37.1.20.aln -            291   1.2e-29   99.0   1.0   1   1     4e-31   1.3e-29   98.8   1.0    17   235     1   212     1   213 0.98 -
d1jqlb_c.37.1.20     -            140 d1w5sa2c.37.1.20.aln -            291   6.2e-25   83.4   0.0   1   1   2.1e-26   6.7e-25   83.3   0.0    21   169     2   139     1   140 0.97 -
d1qzma_c.37.1.20     -             94 d1w5sa2c.37.1.20.aln -            291   1.8e-06   22.8   0.1   1   1   6.2e-08     2e-06   22.7   0.1    26   103     3    75     1    94 0.89 -
d1y63a_c.37.1.1      -            174 d1w5sa2c.37.1.20.aln -            291   6.5e-06   21.0   0.6   1   2   4.7e-07   1.5e-05   19.8   0.0    52    85     7    40     6    43 0.90 -
d1y63a_c.37.1.1      -            174 d1w5sa2c.37.1.20.aln -            291   6.5e-06   21.0   0.6   2   2       1.1        35   -1.1   0.1   173   195   151   173   111   174 0.69 -
d3kb2a_c.37.1.1      -            171 d1w5sa2c.37.1.20.aln -            291    0.0021   12.8   0.1   1   2   0.00018    0.0058   11.3   0.0    53    85     3    35     2    45 0.90 -
d3kb2a_c.37.1.1      -            171 d1w5sa2c.37.1.20.aln -            291    0.0021   12.8   0.1   2   2       1.5        48   -1.5   0.0   145   173    85   114    70   133 0.56 -
#
# Program:         hmmsearch
# Version:         3.3.2 (Nov 2020)
# Pipeline mode:   SEARCH
# Query file:      /home/elise/Documents/M1-BIM/S2/TMEs/SBAS/tme08/models/d1w5sa2c.37.1.20.aln.hmm
# Target file:     /home/elise/Documents/M1-BIM/S2/TMEs/SBAS/tme08/scop/scop/scopTestSeq.fasta
# Option settings: hmmsearch --domtblout /home/elise/Documents/M1-BIM/S2/TMEs/SBAS/tme08/searchResults/d1w5sa2c.37.1.20.aln.out -E 1 /home/elise/Documents/M1-BIM/S2/TMEs/SBAS/tme08/models/d1w5sa2c.37.1.20.aln.hmm /home/elise/Documents/M1-BIM/S2/TMEs/SBAS/tme08/scop/scop/scopTestSeq.fasta 
# Current dir:     /home/elise/Documents/M1-BIM/S2/TMEs/SBAS/tme08
# Date:            Tue Apr  1 17:30:48 2025
# [ok]
