#                                                                            --- full sequence --- -------------- this domain -------------   hmm coord   ali coord   env coord
# target name        accession   tlen query name           accession   qlen   E-value  score  bias   #  of  c-Evalue  i-Evalue  score  bias  from    to  from    to  from    to  acc description of target
#------------------- ---------- ----- -------------------- ---------- ----- --------- ------ ----- --- --- --------- --------- ------ ----- ----- ----- ----- ----- ----- ----- ---- ---------------------
d1j0ha1b.1.18.2      -            123 d1w8oa1b.1.18.2.aln  -            104     4e-31  103.2   0.0   1   1     1e-32   4.5e-31  103.0   0.0     1   103     8   109     8   111 0.98 -
d1ji1a1b.1.18.2      -            122 d1w8oa1b.1.18.2.aln  -            104   5.5e-23   77.1   3.2   1   1   1.4e-24   6.2e-23   76.9   3.2     1   103    14   115    14   117 0.98 -
d1m7xa1b.1.18.2      -            110 d1w8oa1b.1.18.2.aln  -            104   5.1e-20   67.5   0.0   1   1   1.3e-21   5.6e-20   67.4   0.0     2   103     4   105     3   107 0.98 -
d3bmva1b.1.18.2      -             83 d1w8oa1b.1.18.2.aln  -            104   2.7e-19   65.2   1.5   1   1   6.6e-21   2.9e-19   65.1   1.5    14   100     3    82     1    83 0.97 -
d2fhfa2b.1.18.2      -            125 d1w8oa1b.1.18.2.aln  -            104   3.7e-18   61.5   0.2   1   1   9.5e-20   4.1e-18   61.4   0.2     1   102    10   117    10   120 0.97 -
d1ut9a2b.1.18.2      -             98 d1w8oa1b.1.18.2.aln  -            104   2.5e-17   58.8   0.2   1   1   6.2e-19   2.7e-17   58.8   0.2     5   101     3    97     1    98 0.97 -
d1edqa1b.1.18.2      -            109 d1w8oa1b.1.18.2.aln  -            104   3.4e-17   58.4   2.9   1   1   8.4e-19   3.7e-17   58.3   2.9     2   103     2   107     1   109 0.97 -
d1clca2b.1.18.2      -            100 d1w8oa1b.1.18.2.aln  -            104   5.1e-17   57.9   0.2   1   1   1.2e-18   5.4e-17   57.8   0.2     4   102     2   100     1   100 0.97 -
d2fhfa1b.1.18.2      -            115 d1w8oa1b.1.18.2.aln  -            104   3.5e-16   55.2   2.3   1   1   8.7e-18   3.8e-16   55.1   2.3     3   103     3   111     1   113 0.95 -
d1k3ia1b.1.18.2      -            102 d1w8oa1b.1.18.2.aln  -            104     1e-15   53.7   0.9   1   1   2.5e-17   1.1e-15   53.6   0.9    11   101     3   101     1   102 0.97 -
d2bhua1b.1.18.2      -             97 d1w8oa1b.1.18.2.aln  -            104   1.2e-15   53.4   0.1   1   1     3e-17   1.3e-15   53.3   0.1     6   100     1    94     1    97 0.97 -
d1txka1b.1.18.2      -            115 d1w8oa1b.1.18.2.aln  -            104   1.3e-15   53.3   1.1   1   1   3.3e-17   1.4e-15   53.2   1.1     2   103     7   112     6   114 0.97 -
d1bf2a1b.1.18.2      -            162 d1w8oa1b.1.18.2.aln  -            104   2.9e-15   52.2   3.9   1   1   8.9e-17   3.9e-15   51.8   3.9     1   103    20   139    20   141 0.98 -
d1h3ga1b.1.18.2      -             93 d1w8oa1b.1.18.2.aln  -            104   1.5e-14   49.9   0.0   1   1   3.6e-16   1.6e-14   49.9   0.0    10   102     2    92     1    93 0.96 -
d1qbaa1b.1.18.2      -            105 d1w8oa1b.1.18.2.aln  -            104   2.6e-14   49.2   0.0   1   1   6.4e-16   2.8e-14   49.1   0.0     3   101     2   104     1   105 0.98 -
d2bvya1b.1.18.2      -             94 d1w8oa1b.1.18.2.aln  -            104   9.8e-14   47.3  10.2   1   1   2.4e-15   1.1e-13   47.2  10.2     8   100     3    94     1    94 0.97 -
d1f1sa2b.1.18.2      -             78 d1w8oa1b.1.18.2.aln  -            104   1.6e-10   37.0   0.3   1   1   3.8e-12   1.7e-10   36.9   0.3    15    91     2    76     1    78 0.96 -
d1ulva2b.1.18.2      -             89 d1w8oa1b.1.18.2.aln  -            104   2.8e-08   29.8   6.0   1   1   6.8e-10     3e-08   29.7   6.0    11   101     2    87     1    89 0.96 -
#
# Program:         hmmsearch
# Version:         3.3.2 (Nov 2020)
# Pipeline mode:   SEARCH
# Query file:      /home/elise/Documents/M1-BIM/S2/TMEs/SBAS/tme08/models/d1w8oa1b.1.18.2.aln.hmm
# Target file:     /home/elise/Documents/M1-BIM/S2/TMEs/SBAS/tme08/scop/scop/scopTestSeq.fasta
# Option settings: hmmsearch --domtblout /home/elise/Documents/M1-BIM/S2/TMEs/SBAS/tme08/searchResults/d1w8oa1b.1.18.2.aln.out -E 1 /home/elise/Documents/M1-BIM/S2/TMEs/SBAS/tme08/models/d1w8oa1b.1.18.2.aln.hmm /home/elise/Documents/M1-BIM/S2/TMEs/SBAS/tme08/scop/scop/scopTestSeq.fasta 
# Current dir:     /home/elise/Documents/M1-BIM/S2/TMEs/SBAS/tme08
# Date:            Tue Apr  1 17:30:48 2025
# [ok]
