#                                                                            --- full sequence --- -------------- this domain -------------   hmm coord   ali coord   env coord
# target name        accession   tlen query name           accession   qlen   E-value  score  bias   #  of  c-Evalue  i-Evalue  score  bias  from    to  from    to  from    to  acc description of target
#------------------- ---------- ----- -------------------- ---------- ----- --------- ------ ----- --- --- --------- --------- ------ ----- ----- ----- ----- ----- ----- ----- ---- ---------------------
d2fg9a1b.45.1.1      -            157 d1w9aa_b.45.1.1.aln  -            155   3.8e-40  132.6   0.0   1   1   7.3e-42   4.1e-40  132.5   0.0     3   154     1   155     1   156 0.98 -
d1rfea_b.45.1.1      -            160 d1w9aa_b.45.1.1.aln  -            155     1e-37  124.7   0.1   1   1     2e-39   1.1e-37  124.6   0.1     2   155     2   160     1   160 0.98 -
d2htia1b.45.1.1      -            156 d1w9aa_b.45.1.1.aln  -            155   3.3e-37  123.0   0.0   1   1   6.6e-39   3.7e-37  122.9   0.0     7   155     2   151     1   151 0.99 -
d2i02a1b.45.1.1      -            143 d1w9aa_b.45.1.1.aln  -            155   2.1e-35  117.2   0.1   1   1   4.1e-37   2.3e-35  117.1   0.1     3   150     2   142     1   143 0.98 -
d2hq7a1b.45.1.1      -            141 d1w9aa_b.45.1.1.aln  -            155   4.1e-35  116.3   0.0   1   1   7.9e-37   4.4e-35  116.1   0.0     6   149     2   139     1   141 0.97 -
d2fhqa1b.45.1.1      -            135 d1w9aa_b.45.1.1.aln  -            155   1.5e-34  114.4   0.0   1   1   2.9e-36   1.6e-34  114.3   0.0     7   149     2   135     1   135 0.98 -
d1xhna1b.45.1.1      -            170 d1w9aa_b.45.1.1.aln  -            155   4.8e-33  109.5   0.0   1   1   9.5e-35   5.4e-33  109.4   0.0     2   153    13   169    12   170 0.98 -
d2hq9a1b.45.1.1      -            148 d1w9aa_b.45.1.1.aln  -            155   1.5e-32  108.0   0.0   1   1   2.8e-34   1.6e-32  107.8   0.0     5   151     2   147     1   148 0.98 -
d2vpaa_b.45.1.1      -            215 d1w9aa_b.45.1.1.aln  -            155   4.6e-32  106.4   0.0   1   1     1e-33   5.7e-32  106.1   0.0     2   154    58   206    57   207 0.99 -
d2fura1b.45.1.1      -            193 d1w9aa_b.45.1.1.aln  -            155   3.8e-31  103.4   0.0   1   1     8e-33   4.5e-31  103.1   0.0     7   154     2   153     1   154 0.98 -
d2arza1b.45.1.1      -            238 d1w9aa_b.45.1.1.aln  -            155   5.8e-30   99.5   0.0   1   1   1.3e-31   7.2e-30   99.2   0.0     3   154    50   206    48   207 0.98 -
d1vl7a_b.45.1.1      -            135 d1w9aa_b.45.1.1.aln  -            155   1.5e-25   85.2   0.0   1   1   2.9e-27   1.6e-25   85.1   0.0    11   155     2   135     1   135 0.98 -
d2asfa1b.45.1.1      -            125 d1w9aa_b.45.1.1.aln  -            155   7.8e-22   73.1   0.0   1   1   1.5e-23   8.4e-22   73.0   0.0    11   144     2   123     1   125 0.97 -
d3a6ra_b.45.1.1      -            122 d1w9aa_b.45.1.1.aln  -            155   2.8e-18   61.6   0.0   1   1   5.9e-20   3.3e-18   61.3   0.0     9   152     2   120     1   121 0.97 -
#
# Program:         hmmsearch
# Version:         3.3.2 (Nov 2020)
# Pipeline mode:   SEARCH
# Query file:      /home/elise/Documents/M1-BIM/S2/TMEs/SBAS/tme08/models/d1w9aa_b.45.1.1.aln.hmm
# Target file:     /home/elise/Documents/M1-BIM/S2/TMEs/SBAS/tme08/scop/scop/scopTestSeq.fasta
# Option settings: hmmsearch --domtblout /home/elise/Documents/M1-BIM/S2/TMEs/SBAS/tme08/searchResults/d1w9aa_b.45.1.1.aln.out -E 1 /home/elise/Documents/M1-BIM/S2/TMEs/SBAS/tme08/models/d1w9aa_b.45.1.1.aln.hmm /home/elise/Documents/M1-BIM/S2/TMEs/SBAS/tme08/scop/scop/scopTestSeq.fasta 
# Current dir:     /home/elise/Documents/M1-BIM/S2/TMEs/SBAS/tme08
# Date:            Tue Apr  1 17:30:48 2025
# [ok]
