#                                                                            --- full sequence --- -------------- this domain -------------   hmm coord   ali coord   env coord
# target name        accession   tlen query name           accession   qlen   E-value  score  bias   #  of  c-Evalue  i-Evalue  score  bias  from    to  from    to  from    to  acc description of target
#------------------- ---------- ----- -------------------- ---------- ----- --------- ------ ----- --- --- --------- --------- ------ ----- ----- ----- ----- ----- ----- ----- ---- ---------------------
d1tc1a_c.61.1.1      -            184 d1wd5a_c.61.1.1.aln  -            205   1.5e-55  183.3   0.9   1   1   2.9e-57   1.6e-55  183.2   0.9     6   199     1   183     1   184 0.99 -
d1fsga_c.61.1.1      -            233 d1wd5a_c.61.1.1.aln  -            205   1.9e-52  173.2   0.0   1   1   3.9e-54   2.2e-52  172.9   0.0     2   204    38   230    37   231 0.99 -
d1qb7a_c.61.1.1      -            236 d1wd5a_c.61.1.1.aln  -            205     3e-46  152.9   0.0   1   1     6e-48   3.4e-46  152.8   0.0     3   203    11   205     9   207 0.98 -
d1ecfa1c.61.1.1      -            243 d1wd5a_c.61.1.1.aln  -            205   5.2e-40  132.6   0.2   1   1   1.1e-41   5.9e-40  132.4   0.2     1   203     9   213     9   215 0.99 -
d1xtta1c.61.1.1      -            215 d1wd5a_c.61.1.1.aln  -            205   2.7e-39  130.2   3.5   1   1   5.3e-41     3e-39  130.1   3.5     2   203    10   215     9   215 0.99 -
d1a3ca_c.61.1.1      -            178 d1wd5a_c.61.1.1.aln  -            205   3.8e-39  129.7   2.5   1   1   7.5e-41   4.2e-39  129.6   2.5     2   182     2   177     1   178 0.98 -
d1dqna_c.61.1.1      -            230 d1wd5a_c.61.1.1.aln  -            205   1.2e-38  128.1   0.0   1   1   2.5e-40   1.4e-38  127.9   0.0     3   204     2   208     1   209 0.98 -
d1y0ba1c.61.1.1      -            191 d1wd5a_c.61.1.1.aln  -            205   2.3e-33  110.8   0.2   1   1   4.5e-35   2.5e-33  110.7   0.2    14   202     3   190     1   191 0.98 -
d1p4aa2c.61.1.1      -            202 d1wd5a_c.61.1.1.aln  -            205   9.5e-33  108.8   0.0   1   1   1.8e-34     1e-32  108.7   0.0    11   203     2   196     1   198 0.97 -
d2aeea1c.61.1.1      -            208 d1wd5a_c.61.1.1.aln  -            205   1.6e-32  108.1   0.1   1   1   3.1e-34   1.7e-32  108.0   0.1     2   203     3   204     2   206 0.96 -
d1vdma1c.61.1.1      -            153 d1wd5a_c.61.1.1.aln  -            205   1.9e-28   94.8   2.1   1   1   7.1e-30     4e-28   93.7   2.1     9   183     1   152     1   153 0.96 -
d1nula_c.61.1.1      -            150 d1wd5a_c.61.1.1.aln  -            205   2.7e-22   74.7   0.0   1   1   7.1e-24     4e-22   74.1   0.0    10   179     1   144     1   149 0.95 -
d1vcha1c.61.1.1      -            174 d1wd5a_c.61.1.1.aln  -            205   5.5e-22   73.7   0.5   1   1   1.1e-23   5.9e-22   73.6   0.5    11   180     2   170     1   174 0.94 -
d1wd5a_c.61.1.1      -            208 d1wd5a_c.61.1.1.aln  -            205     1e-06   23.8   0.2   1   2       2.5   1.4e+02   -2.7   0.1    43    66    31    55    26    71 0.58 -
d1wd5a_c.61.1.1      -            208 d1wd5a_c.61.1.1.aln  -            205     1e-06   23.8   0.2   2   2   1.8e-08     1e-06   23.8   0.2   111   156   116   161    75   195 0.81 -
#
# Program:         hmmsearch
# Version:         3.3.2 (Nov 2020)
# Pipeline mode:   SEARCH
# Query file:      /home/elise/Documents/M1-BIM/S2/TMEs/SBAS/tme08/models/d1wd5a_c.61.1.1.aln.hmm
# Target file:     /home/elise/Documents/M1-BIM/S2/TMEs/SBAS/tme08/scop/scop/scopTestSeq.fasta
# Option settings: hmmsearch --domtblout /home/elise/Documents/M1-BIM/S2/TMEs/SBAS/tme08/searchResults/d1wd5a_c.61.1.1.aln.out -E 1 /home/elise/Documents/M1-BIM/S2/TMEs/SBAS/tme08/models/d1wd5a_c.61.1.1.aln.hmm /home/elise/Documents/M1-BIM/S2/TMEs/SBAS/tme08/scop/scop/scopTestSeq.fasta 
# Current dir:     /home/elise/Documents/M1-BIM/S2/TMEs/SBAS/tme08
# Date:            Tue Apr  1 17:30:48 2025
# [ok]
