#                                                                            --- full sequence --- -------------- this domain -------------   hmm coord   ali coord   env coord
# target name        accession   tlen query name           accession   qlen   E-value  score  bias   #  of  c-Evalue  i-Evalue  score  bias  from    to  from    to  from    to  acc description of target
#------------------- ---------- ----- -------------------- ---------- ----- --------- ------ ----- --- --- --------- --------- ------ ----- ----- ----- ----- ----- ----- ----- ---- ---------------------
d1kl9a2b.40.4.5      -             86 d1wfqa_b.40.4.5.aln  -             93     2e-14   49.4   0.7   1   1   9.7e-16   2.2e-14   49.2   0.7     1    87     4    86     4    86 0.96 -
d2uubq1b.40.4.5      -            100 d1wfqa_b.40.4.5.aln  -             93     5e-12   41.8   2.3   1   1   2.6e-13     6e-12   41.5   2.3     8    90     2    82     1    85 0.91 -
d1go3e1b.40.4.5      -            106 d1wfqa_b.40.4.5.aln  -             93   1.3e-11   40.4   1.0   1   1     7e-13   1.6e-11   40.1   1.0     7    92     3    89     1    90 0.96 -
d1luza_b.40.4.5      -             85 d1wfqa_b.40.4.5.aln  -             93   4.9e-11   38.6   0.8   1   1   2.4e-12   5.7e-11   38.4   0.8    16    92     9    85     4    85 0.97 -
d1c9oa_b.40.4.5      -             66 d1wfqa_b.40.4.5.aln  -             93   9.2e-11   37.8   0.2   1   1   4.2e-12   9.7e-11   37.7   0.2     9    79     2    65     1    66 0.95 -
d3bzka4b.40.4.5      -             94 d1wfqa_b.40.4.5.aln  -             93   1.8e-10   36.9   1.3   1   1   8.1e-12   1.9e-10   36.8   1.3     8    90    16    92     9    94 0.91 -
d2uubl1b.40.4.5      -            118 d1wfqa_b.40.4.5.aln  -             93   4.1e-10   35.7   1.2   1   1   1.8e-11   4.1e-10   35.7   1.2     2    84    40   117    39   118 0.96 -
d2je6i1b.40.4.5      -             87 d1wfqa_b.40.4.5.aln  -             93   4.4e-10   35.6   0.8   1   1   2.1e-11   4.8e-10   35.5   0.8     5    92     2    86     1    87 0.93 -
d2nn6i1b.40.4.5      -            125 d1wfqa_b.40.4.5.aln  -             93   1.3e-09   34.1   0.0   1   1   6.3e-11   1.5e-09   33.9   0.0     2    90     2    91     1    94 0.96 -
d2ja9a1b.40.4.5      -             90 d1wfqa_b.40.4.5.aln  -             93   1.6e-09   33.9   0.0   1   1   7.5e-11   1.7e-09   33.7   0.0     4    92     1    83     1    84 0.95 -
d1rl2a2b.40.4.5      -             66 d1wfqa_b.40.4.5.aln  -             93   6.6e-09   31.9   0.2   1   1   2.9e-10   6.8e-09   31.8   0.2    31    92     5    64     1    65 0.91 -
d3i4oa_b.40.4.5      -             68 d1wfqa_b.40.4.5.aln  -             93   6.9e-09   31.8   0.3   1   1   3.1e-10   7.2e-09   31.7   0.3    10    74     4    66     1    68 0.90 -
d1y14b1b.40.4.5      -             91 d1wfqa_b.40.4.5.aln  -             93   9.6e-09   31.3   0.0   1   1   4.5e-10   1.1e-08   31.2   0.0     5    92     1    86     1    87 0.96 -
d1x6oa2b.40.4.5      -             79 d1wfqa_b.40.4.5.aln  -             93     3e-08   29.8   0.0   1   1   1.4e-09   3.3e-08   29.6   0.0     4    86     2    77     1    79 0.96 -
d1d7qa_b.40.4.5      -            143 d1wfqa_b.40.4.5.aln  -             93   4.1e-08   29.3   0.0   1   2   4.4e-09     1e-07   28.1   0.0     5    92    26   114    22   115 0.93 -
d1d7qa_b.40.4.5      -            143 d1wfqa_b.40.4.5.aln  -             93   4.1e-08   29.3   0.0   2   2         9   2.1e+02   -1.5   0.0    48    66   115   133   112   138 0.72 -
d1hh2p1b.40.4.5      -             72 d1wfqa_b.40.4.5.aln  -             93   4.9e-08   29.1   1.0   1   1   2.4e-09   5.5e-08   28.9   1.0     4    87     2    72     1    72 0.95 -
d2nn6h1b.40.4.5      -             95 d1wfqa_b.40.4.5.aln  -             93   7.7e-08   28.5   0.0   1   1   3.7e-09   8.6e-08   28.3   0.0     4    90     2    87     1    90 0.89 -
d1jt8a_b.40.4.5      -            102 d1wfqa_b.40.4.5.aln  -             93   8.8e-08   28.3   0.6   1   1   4.1e-09   9.5e-08   28.2   0.6     2    85    12    96    11   102 0.94 -
d2vnud2b.40.4.5      -             88 d1wfqa_b.40.4.5.aln  -             93   1.8e-07   27.3   0.8   1   1   9.3e-09   2.1e-07   27.0   0.8     2    82     3    84     2    87 0.96 -
d1wi5a_b.40.4.5      -            119 d1wfqa_b.40.4.5.aln  -             93     8e-07   25.2   0.0   1   1   4.2e-08   9.7e-07   25.0   0.0     8    92    21   106    15   107 0.94 -
d2ix0a3b.40.4.5      -             87 d1wfqa_b.40.4.5.aln  -             93   1.9e-06   24.1   0.3   1   1   9.2e-08   2.1e-06   23.9   0.3    13    90     9    87     3    87 0.96 -
d1smxa_b.40.4.5      -             87 d1wfqa_b.40.4.5.aln  -             93   2.2e-06   23.8   0.0   1   1     1e-07   2.3e-06   23.8   0.0     7    90     2    85     1    87 0.96 -
d2ix0a1b.40.4.5      -             90 d1wfqa_b.40.4.5.aln  -             93   4.1e-06   23.0   0.0   1   1   1.9e-07   4.3e-06   22.9   0.0     6    91     3    89     1    90 0.96 -
d2vnud3b.40.4.5      -            148 d1wfqa_b.40.4.5.aln  -             93   8.7e-06   21.9   0.0   1   1   5.4e-07   1.2e-05   21.4   0.0     2    92    28   119    27   120 0.97 -
d1e3pa2b.40.4.5      -             62 d1wfqa_b.40.4.5.aln  -             93     1e-05   21.7   0.1   1   1     5e-07   1.2e-05   21.6   0.1    16    73     1    56     1    60 0.92 -
d1ne3a_b.40.4.5      -             68 d1wfqa_b.40.4.5.aln  -             93   1.9e-05   20.9   0.0   1   1   8.2e-07   1.9e-05   20.9   0.0    12    71     6    64     1    68 0.87 -
d1u0la1b.40.4.5      -             66 d1wfqa_b.40.4.5.aln  -             93   2.1e-05   20.7   0.2   1   1   9.2e-07   2.1e-05   20.7   0.2    10    74     2    62     1    66 0.87 -
d2vnud1b.40.4.5      -             95 d1wfqa_b.40.4.5.aln  -             93   2.4e-05   20.5   0.0   1   1   1.2e-06   2.8e-05   20.3   0.0    16    92    17    94    10    95 0.91 -
d1jjga_b.40.4.5      -            102 d1wfqa_b.40.4.5.aln  -             93     9e-05   18.7   0.2   1   1   4.2e-06   9.8e-05   18.6   0.2     2    89     7    95     6    99 0.95 -
d1bkba2b.40.4.5      -             65 d1wfqa_b.40.4.5.aln  -             93   9.1e-05   18.7   0.3   1   1   4.3e-06   9.9e-05   18.6   0.3     8    71     2    63     1    65 0.87 -
d1t9ha1b.40.4.5      -             67 d1wfqa_b.40.4.5.aln  -             93   0.00019   17.7   0.2   1   1   8.7e-06    0.0002   17.6   0.2    12    77     3    66     1    67 0.93 -
d2asba1b.40.4.5      -             76 d1wfqa_b.40.4.5.aln  -             93   0.00055   16.2   0.2   1   1   2.9e-05   0.00068   15.9   0.2    11    87     5    76     1    76 0.79 -
d1a62a2b.40.4.5      -             78 d1wfqa_b.40.4.5.aln  -             93   0.00076   15.8   0.0   1   1   3.4e-05   0.00079   15.7   0.0    10    79     3    73     1    77 0.92 -
d2ix0a2b.40.4.5      -             79 d1wfqa_b.40.4.5.aln  -             93     0.004   13.5   0.0   1   1   0.00019    0.0043   13.4   0.0    14    78    10    75     4    78 0.89 -
#
# Program:         hmmsearch
# Version:         3.3.2 (Nov 2020)
# Pipeline mode:   SEARCH
# Query file:      /home/elise/Documents/M1-BIM/S2/TMEs/SBAS/tme08/models/d1wfqa_b.40.4.5.aln.hmm
# Target file:     /home/elise/Documents/M1-BIM/S2/TMEs/SBAS/tme08/scop/scop/scopTestSeq.fasta
# Option settings: hmmsearch --domtblout /home/elise/Documents/M1-BIM/S2/TMEs/SBAS/tme08/searchResults/d1wfqa_b.40.4.5.aln.out -E 1 /home/elise/Documents/M1-BIM/S2/TMEs/SBAS/tme08/models/d1wfqa_b.40.4.5.aln.hmm /home/elise/Documents/M1-BIM/S2/TMEs/SBAS/tme08/scop/scop/scopTestSeq.fasta 
# Current dir:     /home/elise/Documents/M1-BIM/S2/TMEs/SBAS/tme08
# Date:            Tue Apr  1 17:30:48 2025
# [ok]
