#                                                                            --- full sequence --- -------------- this domain -------------   hmm coord   ali coord   env coord
# target name        accession   tlen query name           accession   qlen   E-value  score  bias   #  of  c-Evalue  i-Evalue  score  bias  from    to  from    to  from    to  acc description of target
#------------------- ---------- ----- -------------------- ---------- ----- --------- ------ ----- --- --- --------- --------- ------ ----- ----- ----- ----- ----- ----- ----- ---- ---------------------
d2je6i1b.40.4.5      -             87 d1wi5a_b.40.4.5.aln  -             94   5.1e-15   51.3   0.7   1   1   2.6e-16   5.7e-15   51.1   0.7     6    93     2    86     1    87 0.96 -
d3bzka4b.40.4.5      -             94 d1wi5a_b.40.4.5.aln  -             94   3.4e-14   48.6   1.2   1   1   1.7e-15   3.7e-14   48.6   1.2     3    90    10    91     8    94 0.94 -
d2uubq1b.40.4.5      -            100 d1wi5a_b.40.4.5.aln  -             94   1.8e-13   46.4   2.1   1   1     9e-15     2e-13   46.2   2.1    13    91     4    82     1    85 0.94 -
d1kl9a2b.40.4.5      -             86 d1wi5a_b.40.4.5.aln  -             94   1.8e-13   46.4   0.5   1   1   8.8e-15   1.9e-13   46.3   0.5     1    88     3    86     3    86 0.97 -
d2uubl1b.40.4.5      -            118 d1wi5a_b.40.4.5.aln  -             94   2.8e-12   42.5   1.7   1   1   1.8e-13   3.9e-12   42.1   1.7     2    93    20   111    19   112 0.97 -
d1luza_b.40.4.5      -             85 d1wi5a_b.40.4.5.aln  -             94   2.1e-11   39.8   0.6   1   1   1.1e-12   2.3e-11   39.7   0.6     5    93     2    85     1    85 0.96 -
d1c9oa_b.40.4.5      -             66 d1wi5a_b.40.4.5.aln  -             94   3.3e-11   39.2   0.1   1   1   1.6e-12   3.5e-11   39.1   0.1    14    84     2    65     1    66 0.94 -
d2nn6i1b.40.4.5      -            125 d1wi5a_b.40.4.5.aln  -             94   4.4e-11   38.7   0.0   1   1   2.4e-12   5.2e-11   38.5   0.0     7    89     3    89     1    94 0.95 -
d2nn6h1b.40.4.5      -             95 d1wi5a_b.40.4.5.aln  -             94   5.1e-11   38.6   0.0   1   1   2.5e-12   5.4e-11   38.5   0.0     5    92     2    93     1    95 0.95 -
d1jt8a_b.40.4.5      -            102 d1wi5a_b.40.4.5.aln  -             94   6.3e-11   38.3   0.4   1   1   3.4e-12   7.4e-11   38.0   0.4     3    91     9   100     7   102 0.96 -
d3i4oa_b.40.4.5      -             68 d1wi5a_b.40.4.5.aln  -             94   1.5e-10   37.1   0.2   1   1   7.2e-12   1.6e-10   37.0   0.2    12    81     1    66     1    68 0.95 -
d2ja9a1b.40.4.5      -             90 d1wi5a_b.40.4.5.aln  -             94   3.1e-10   36.1   0.0   1   1   1.6e-11   3.4e-10   35.9   0.0     5    93     1    83     1    84 0.96 -
d1go3e1b.40.4.5      -            106 d1wi5a_b.40.4.5.aln  -             94   6.8e-10   35.0   1.1   1   1   4.3e-11   9.5e-10   34.5   1.1    11    93     7    89     2    90 0.93 -
d1a62a2b.40.4.5      -             78 d1wi5a_b.40.4.5.aln  -             94   1.9e-08   30.4   0.0   1   1   9.2e-10     2e-08   30.3   0.0    13    91     1    73     1    76 0.95 -
d1smxa_b.40.4.5      -             87 d1wi5a_b.40.4.5.aln  -             94   3.5e-08   29.5   0.0   1   1   1.7e-09   3.7e-08   29.5   0.0     6    90     3    84     1    87 0.94 -
d1wfqa_b.40.4.5      -             89 d1wi5a_b.40.4.5.aln  -             94   8.5e-08   28.3   0.0   1   1     4e-09   8.8e-08   28.3   0.0     3    88     6    86     4    89 0.91 -
d1y14b1b.40.4.5      -             91 d1wi5a_b.40.4.5.aln  -             94   1.5e-07   27.5   0.0   1   1   7.6e-09   1.7e-07   27.4   0.0     1    92     1    90     1    91 0.97 -
d1rl2a2b.40.4.5      -             66 d1wi5a_b.40.4.5.aln  -             94   1.3e-06   24.6   0.2   1   1   6.5e-08   1.4e-06   24.4   0.2    25    89     3    65     1    65 0.92 -
d1e3pa2b.40.4.5      -             62 d1wi5a_b.40.4.5.aln  -             94   1.5e-06   24.3   0.1   1   1   6.9e-08   1.5e-06   24.3   0.1    19    77     3    59     1    62 0.86 -
d2vnud3b.40.4.5      -            148 d1wi5a_b.40.4.5.aln  -             94   1.7e-06   24.2   0.0   1   1     1e-07   2.3e-06   23.8   0.0     4    93    40   133    37   134 0.95 -
d1x6oa2b.40.4.5      -             79 d1wi5a_b.40.4.5.aln  -             94   2.4e-06   23.7   0.0   1   1   1.2e-07   2.6e-06   23.6   0.0     5    87     2    77     1    79 0.95 -
d2asba1b.40.4.5      -             76 d1wi5a_b.40.4.5.aln  -             94   4.9e-06   22.7   0.2   1   1   2.3e-07   5.1e-06   22.6   0.2    10    86     3    74     1    76 0.94 -
d1hh2p1b.40.4.5      -             72 d1wi5a_b.40.4.5.aln  -             94     8e-06   22.0   0.3   1   1   3.8e-07   8.4e-06   22.0   0.3    24    81    12    65     4    72 0.89 -
d1jjga_b.40.4.5      -            102 d1wi5a_b.40.4.5.aln  -             94   8.3e-06   22.0   0.3   1   1   4.6e-07     1e-05   21.7   0.3     4    93     3    96     1    97 0.92 -
d1bkba2b.40.4.5      -             65 d1wi5a_b.40.4.5.aln  -             94   1.7e-05   21.0   0.2   1   1   7.8e-07   1.7e-05   21.0   0.2    15    78     3    65     1    65 0.92 -
d1d7qa_b.40.4.5      -            143 d1wi5a_b.40.4.5.aln  -             94   1.8e-05   20.9   0.2   1   2   1.6e-06   3.6e-05   20.0   0.0     2    93    19   114    18   115 0.87 -
d1d7qa_b.40.4.5      -            143 d1wi5a_b.40.4.5.aln  -             94   1.8e-05   20.9   0.2   2   2       7.2   1.6e+02   -1.2   0.0    65    69   123   127   105   143 0.47 -
d2vnud1b.40.4.5      -             95 d1wi5a_b.40.4.5.aln  -             94   3.7e-05   19.9   0.0   1   1   1.9e-06   4.1e-05   19.8   0.0     4    93     1    94     1    95 0.97 -
d2ix0a3b.40.4.5      -             87 d1wi5a_b.40.4.5.aln  -             94   5.6e-05   19.3   0.2   1   1   2.7e-06   5.9e-05   19.3   0.2     3    83     3    82     1    87 0.93 -
d2ix0a2b.40.4.5      -             79 d1wi5a_b.40.4.5.aln  -             94   6.3e-05   19.2   0.0   1   1   3.2e-06   6.9e-05   19.0   0.0    15    85     8    74     2    78 0.90 -
d2vnud2b.40.4.5      -             88 d1wi5a_b.40.4.5.aln  -             94   0.00015   17.9   0.6   1   1   9.2e-06    0.0002   17.6   0.6     5    85     2    86     1    88 0.94 -
d1ne3a_b.40.4.5      -             68 d1wi5a_b.40.4.5.aln  -             94    0.0002   17.6   0.1   1   1   1.1e-05   0.00024   17.3   0.1    19    80     8    65     2    67 0.90 -
d1u0la1b.40.4.5      -             66 d1wi5a_b.40.4.5.aln  -             94   0.00024   17.3   0.2   1   1   1.2e-05   0.00026   17.2   0.2    15    85     2    64     1    66 0.89 -
d2ix0a1b.40.4.5      -             90 d1wi5a_b.40.4.5.aln  -             94   0.00026   17.2   0.0   1   1   1.3e-05   0.00029   17.1   0.0     5    88     2    89     1    90 0.97 -
d1t9ha1b.40.4.5      -             67 d1wi5a_b.40.4.5.aln  -             94   0.00042   16.6   0.2   1   1   2.1e-05   0.00046   16.4   0.2    17    83     3    63     1    66 0.87 -
d1khia2b.40.4.5      -             71 d1wi5a_b.40.4.5.aln  -             94   0.00042   16.5   0.1   1   1     2e-05   0.00044   16.5   0.1    17    88     3    69     1    71 0.93 -
d1ueba2b.40.4.5      -             63 d1wi5a_b.40.4.5.aln  -             94    0.0023   14.2   0.0   1   1   0.00011    0.0025   14.1   0.0    14    78     2    62     1    63 0.91 -
#
# Program:         hmmsearch
# Version:         3.3.2 (Nov 2020)
# Pipeline mode:   SEARCH
# Query file:      /home/elise/Documents/M1-BIM/S2/TMEs/SBAS/tme08/models/d1wi5a_b.40.4.5.aln.hmm
# Target file:     /home/elise/Documents/M1-BIM/S2/TMEs/SBAS/tme08/scop/scop/scopTestSeq.fasta
# Option settings: hmmsearch --domtblout /home/elise/Documents/M1-BIM/S2/TMEs/SBAS/tme08/searchResults/d1wi5a_b.40.4.5.aln.out -E 1 /home/elise/Documents/M1-BIM/S2/TMEs/SBAS/tme08/models/d1wi5a_b.40.4.5.aln.hmm /home/elise/Documents/M1-BIM/S2/TMEs/SBAS/tme08/scop/scop/scopTestSeq.fasta 
# Current dir:     /home/elise/Documents/M1-BIM/S2/TMEs/SBAS/tme08
# Date:            Tue Apr  1 17:30:48 2025
# [ok]
