#                                                                            --- full sequence --- -------------- this domain -------------   hmm coord   ali coord   env coord
# target name        accession   tlen query name           accession   qlen   E-value  score  bias   #  of  c-Evalue  i-Evalue  score  bias  from    to  from    to  from    to  acc description of target
#------------------- ---------- ----- -------------------- ---------- ----- --------- ------ ----- --- --- --------- --------- ------ ----- ----- ----- ----- ----- ----- ----- ---- ---------------------
d1q8ia1c.55.3.5      -            388 d1wlja_c.55.3.5.aln  -            283   3.5e-67  222.4   0.0   1   1     7e-69     4e-67  222.2   0.0     1   280     1   387     1   388 0.98 -
d1s5ja1c.55.3.5      -            410 d1wlja_c.55.3.5.aln  -            283   1.3e-65  217.2   2.6   1   1   3.4e-67   1.9e-65  216.7   2.6     1   282     8   409     8   410 0.99 -
d3hl8a_c.55.3.5      -            470 d1wlja_c.55.3.5.aln  -            283   5.3e-65  215.2   0.6   1   1   1.2e-66   6.5e-65  214.9   0.6     1   283    69   463    69   463 1.00 -
d2hbja2c.55.3.5      -            292 d1wlja_c.55.3.5.aln  -            283   5.2e-52  172.6   1.3   1   1     1e-53   5.8e-52  172.4   1.3    32   281     1   292     1   292 0.98 -
d3mxma_c.55.3.5      -            229 d1wlja_c.55.3.5.aln  -            283   1.2e-48  161.5   0.0   1   1   2.7e-50   1.5e-48  161.2   0.0    64   270     4   229     2   229 0.99 -
d2igia_c.55.3.5      -            180 d1wlja_c.55.3.5.aln  -            283   6.6e-42  139.4   0.2   1   1   1.3e-43   7.3e-42  139.3   0.2    64   254     2   180     1   180 0.99 -
d1w0ha_c.55.3.5      -            200 d1wlja_c.55.3.5.aln  -            283   7.6e-42  139.3   0.1   1   1   1.6e-43     9e-42  139.0   0.1    32   257     2   197     1   199 0.98 -
d1x9ma1c.55.3.5      -            204 d1wlja_c.55.3.5.aln  -            283   5.3e-38  126.6   0.1   1   1     1e-39   5.9e-38  126.5   0.1    55   282     1   203     1   204 0.99 -
d1kfsa1c.55.3.5      -            195 d1wlja_c.55.3.5.aln  -            283   1.1e-35  119.0   0.4   1   1   2.2e-37   1.2e-35  118.9   0.4    38   263     2   194     1   195 0.99 -
d2f96a1c.55.3.5      -            202 d1wlja_c.55.3.5.aln  -            283   2.6e-32  108.0   0.0   1   1   5.1e-34   2.9e-32  107.8   0.0    45   268     1   201     1   202 0.98 -
d2py5a1c.55.3.5      -            183 d1wlja_c.55.3.5.aln  -            283   3.1e-32  107.7   0.1   1   1   6.1e-34   3.4e-32  107.6   0.1    57   273     1   182     1   183 0.98 -
d1yt3a3c.55.3.5      -            193 d1wlja_c.55.3.5.aln  -            283   3.1e-31  104.4   0.0   1   1   6.2e-33   3.5e-31  104.3   0.0    41   263     1   192     1   193 0.98 -
d1vk0a_c.55.3.5      -            206 d1wlja_c.55.3.5.aln  -            283   1.3e-30  102.4   0.0   1   1   2.8e-32   1.6e-30  102.1   0.0    37   263     2   204     1   205 0.97 -
d2guia_c.55.3.5      -            176 d1wlja_c.55.3.5.aln  -            283   3.5e-28   94.4   0.0   1   1   6.7e-30   3.8e-28   94.3   0.0    52   258     2   174     1   176 0.98 -
#
# Program:         hmmsearch
# Version:         3.3.2 (Nov 2020)
# Pipeline mode:   SEARCH
# Query file:      /home/elise/Documents/M1-BIM/S2/TMEs/SBAS/tme08/models/d1wlja_c.55.3.5.aln.hmm
# Target file:     /home/elise/Documents/M1-BIM/S2/TMEs/SBAS/tme08/scop/scop/scopTestSeq.fasta
# Option settings: hmmsearch --domtblout /home/elise/Documents/M1-BIM/S2/TMEs/SBAS/tme08/searchResults/d1wlja_c.55.3.5.aln.out -E 1 /home/elise/Documents/M1-BIM/S2/TMEs/SBAS/tme08/models/d1wlja_c.55.3.5.aln.hmm /home/elise/Documents/M1-BIM/S2/TMEs/SBAS/tme08/scop/scop/scopTestSeq.fasta 
# Current dir:     /home/elise/Documents/M1-BIM/S2/TMEs/SBAS/tme08
# Date:            Tue Apr  1 17:30:48 2025
# [ok]
