#                                                                            --- full sequence --- -------------- this domain -------------   hmm coord   ali coord   env coord
# target name        accession   tlen query name           accession   qlen   E-value  score  bias   #  of  c-Evalue  i-Evalue  score  bias  from    to  from    to  from    to  acc description of target
#------------------- ---------- ----- -------------------- ---------- ----- --------- ------ ----- --- --- --------- --------- ------ ----- ----- ----- ----- ----- ----- ----- ---- ---------------------
d1i8oa_a.3.1.1       -            114 d1wvec_a.3.1.1.aln   -            113   1.7e-30  101.6   0.8   1   1   1.9e-32   1.9e-30  101.5   0.8     9   108     1   113     1   114 0.96 -
d1e29a_a.3.1.1       -            135 d1wvec_a.3.1.1.aln   -            113   3.9e-18   61.8   0.0   1   1   4.5e-20   4.5e-18   61.6   0.0     3   110    18   124    16   127 0.95 -
d1h32b_a.3.1.1       -            138 d1wvec_a.3.1.1.aln   -            113     1e-17   60.4   0.0   1   1   1.3e-19   1.2e-17   60.2   0.0     3   110    19   138    17   138 0.91 -
d1c52a_a.3.1.1       -            131 d1wvec_a.3.1.1.aln   -            113   3.9e-15   52.1   0.8   1   1   2.7e-16   2.7e-14   49.4   0.8    12   110     2   120     1   123 0.78 -
d1gu2a_a.3.1.1       -            124 d1wvec_a.3.1.1.aln   -            113   6.2e-14   48.3   0.1   1   1   7.6e-16   7.5e-14   48.0   0.1     3   112    20   123    18   124 0.94 -
d1dw0a_a.3.1.1       -            112 d1wvec_a.3.1.1.aln   -            113   6.3e-12   41.8   0.0   1   1   7.2e-14   7.1e-12   41.6   0.0     3   108    14   112    12   112 0.95 -
d1c75a_a.3.1.1       -             71 d1wvec_a.3.1.1.aln   -            113   3.4e-08   29.8   1.6   1   1   4.8e-09   4.7e-07   26.1   1.6    13   108     2    70     1    71 0.77 -
d1wvec_a.3.1.1       -             75 d1wvec_a.3.1.1.aln   -            113   8.4e-06   22.1   0.2   1   1     7e-06   0.00069   15.9   0.2    13    47     5    37     2    75 0.73 -
#
# Program:         hmmsearch
# Version:         3.3.2 (Nov 2020)
# Pipeline mode:   SEARCH
# Query file:      /home/elise/Documents/M1-BIM/S2/TMEs/SBAS/tme08/models/d1wvec_a.3.1.1.aln.hmm
# Target file:     /home/elise/Documents/M1-BIM/S2/TMEs/SBAS/tme08/scop/scop/scopTestSeq.fasta
# Option settings: hmmsearch --domtblout /home/elise/Documents/M1-BIM/S2/TMEs/SBAS/tme08/searchResults/d1wvec_a.3.1.1.aln.out -E 1 /home/elise/Documents/M1-BIM/S2/TMEs/SBAS/tme08/models/d1wvec_a.3.1.1.aln.hmm /home/elise/Documents/M1-BIM/S2/TMEs/SBAS/tme08/scop/scop/scopTestSeq.fasta 
# Current dir:     /home/elise/Documents/M1-BIM/S2/TMEs/SBAS/tme08
# Date:            Tue Apr  1 17:30:49 2025
# [ok]
