#                                                                            --- full sequence --- -------------- this domain -------------   hmm coord   ali coord   env coord
# target name        accession   tlen query name           accession   qlen   E-value  score  bias   #  of  c-Evalue  i-Evalue  score  bias  from    to  from    to  from    to  acc description of target
#------------------- ---------- ----- -------------------- ---------- ----- --------- ------ ----- --- --- --------- --------- ------ ----- ----- ----- ----- ----- ----- ----- ---- ---------------------
d2pq8a_d.108.1.1     -            271 d1wwza1d.108.1.1.aln -            185   1.6e-40  134.5   0.6   1   1   1.1e-41     2e-40  134.2   0.6    10   185     4   193     1   193 0.98 -
d2b5ga_d.108.1.1     -            168 d1wwza1d.108.1.1.aln -            185   1.7e-34  114.9   0.2   1   1   1.1e-35     2e-34  114.6   0.2     8   167     4   167     2   168 0.98 -
d1z4ea1d.108.1.1     -            150 d1wwza1d.108.1.1.aln -            185   2.8e-32  107.6   0.1   1   1   1.7e-33   3.1e-32  107.5   0.1     6   152     1   147     1   150 0.98 -
d2ae6a1d.108.1.1     -            161 d1wwza1d.108.1.1.aln -            185   1.7e-31  105.0   0.1   1   1   1.1e-32     2e-31  104.8   0.1     4   167     2   158     1   160 0.98 -
d1tiqa_d.108.1.1     -            173 d1wwza1d.108.1.1.aln -            185   6.2e-31  103.2   0.0   1   1   3.8e-32   6.8e-31  103.1   0.0     8   169     3   171     1   173 0.97 -
d1y9ka1d.108.1.1     -            152 d1wwza1d.108.1.1.aln -            185   1.5e-30  102.0   0.0   1   1   1.1e-31   1.9e-30  101.6   0.0    31   179    10   151     4   151 0.96 -
d2cy2a1d.108.1.1     -            174 d1wwza1d.108.1.1.aln -            185   1.4e-28   95.6   1.8   1   1   8.5e-30   1.5e-28   95.4   1.8     7   171     1   172     1   174 0.94 -
d1nsla_d.108.1.1     -            180 d1wwza1d.108.1.1.aln -            185   1.7e-28   95.3   0.2   1   1   1.1e-29   1.9e-28   95.1   0.2     1   173     5   180     5   180 0.99 -
d1qsma_d.108.1.1     -            150 d1wwza1d.108.1.1.aln -            185   3.8e-28   94.1   0.0   1   1   2.4e-29   4.2e-28   94.0   0.0     6   153     2   147     1   150 0.97 -
d1i12a_d.108.1.1     -            157 d1wwza1d.108.1.1.aln -            185   1.8e-27   91.9   0.0   1   1   1.1e-28     2e-27   91.8   0.0     7   152     5   154     1   157 0.97 -
d1ufha_d.108.1.1     -            155 d1wwza1d.108.1.1.aln -            185     2e-27   91.8   0.3   1   1   1.2e-28   2.2e-27   91.7   0.3     7   152     2   152     1   155 0.98 -
d2fiaa1d.108.1.1     -            157 d1wwza1d.108.1.1.aln -            185   3.3e-27   91.1   0.6   1   1     2e-28   3.6e-27   91.0   0.6     7   168     1   156     1   157 0.97 -
d1mk4a_d.108.1.1     -            157 d1wwza1d.108.1.1.aln -            185   1.2e-26   89.3   0.0   1   1     7e-28   1.3e-26   89.2   0.0     6   171     1   152     1   157 0.96 -
d1u6ma_d.108.1.1     -            189 d1wwza1d.108.1.1.aln -            185   2.1e-26   88.4   0.1   1   1   1.8e-27   3.2e-26   87.9   0.1     9   161     3   185     1   188 0.98 -
d2euia1d.108.1.1     -            153 d1wwza1d.108.1.1.aln -            185   3.1e-26   87.9   0.1   1   1     2e-27   3.7e-26   87.7   0.1     7   155     1   146     1   152 0.95 -
d1y9wa1d.108.1.1     -            140 d1wwza1d.108.1.1.aln -            185   4.8e-26   87.3   1.2   1   1   2.9e-27   5.3e-26   87.2   1.2    13   164     2   138     1   140 0.91 -
d1ghea_d.108.1.1     -            170 d1wwza1d.108.1.1.aln -            185   5.4e-26   87.1   0.1   1   1   3.2e-27   5.8e-26   87.0   0.1     8   168     2   167     1   170 0.97 -
d2fcka1d.108.1.1     -            178 d1wwza1d.108.1.1.aln -            185   2.7e-25   84.9   0.1   1   1   1.6e-26   2.9e-25   84.7   0.1     1   169     6   177     6   178 0.98 -
d1cjwa_d.108.1.1     -            166 d1wwza1d.108.1.1.aln -            185   4.4e-25   84.2   0.0   1   1   2.6e-26   4.7e-25   84.1   0.0     6   164     5   164     1   166 0.97 -
d1z4ra1d.108.1.1     -            162 d1wwza1d.108.1.1.aln -            185   2.2e-24   81.9   0.0   1   1   1.3e-25   2.4e-24   81.8   0.0     2   160     2   161     1   162 0.97 -
d1vkca_d.108.1.1     -            149 d1wwza1d.108.1.1.aln -            185   1.2e-23   79.5   1.1   1   1   7.6e-25   1.4e-23   79.3   1.1    28   150    21   144     4   148 0.87 -
d2fl4a1d.108.1.1     -            146 d1wwza1d.108.1.1.aln -            185   1.5e-22   75.9   0.5   1   1   9.2e-24   1.6e-22   75.8   0.5    14   162     2   145     1   146 0.97 -
d1m4ia_d.108.1.1     -            181 d1wwza1d.108.1.1.aln -            185   1.7e-22   75.8   0.5   1   1   1.6e-22   2.9e-21   71.7   0.5     5   179     1   181     1   181 0.92 -
d2jdca1d.108.1.1     -            145 d1wwza1d.108.1.1.aln -            185   6.7e-22   73.8   0.2   1   1   4.1e-23   7.3e-22   73.7   0.2    12   165     3   143     1   145 0.91 -
d2gana1d.108.1.1     -            182 d1wwza1d.108.1.1.aln -            185   8.7e-22   73.4   0.1   1   1   5.4e-23   9.6e-22   73.3   0.1     4   162     5   180     2   182 0.97 -
d1yx0a1d.108.1.1     -            151 d1wwza1d.108.1.1.aln -            185   1.6e-21   72.5   0.0   1   1   9.8e-23   1.8e-21   72.4   0.0    25   165     3   150     1   151 0.96 -
d1p0ha_d.108.1.1     -            308 d1wwza1d.108.1.1.aln -            185   2.9e-21   71.7   0.0   1   3     7e-17   1.3e-15   53.3   0.0     7   185     2   222     1   222 0.99 -
d1p0ha_d.108.1.1     -            308 d1wwza1d.108.1.1.aln -            185   2.9e-21   71.7   0.0   2   3    0.0097      0.17    7.2   0.0    80   107   224   251   222   253 0.89 -
d1p0ha_d.108.1.1     -            308 d1wwza1d.108.1.1.aln -            185   2.9e-21   71.7   0.0   3   3    0.0062      0.11    7.9   0.0   127   149   281   302   269   307 0.79 -
d1bo4a_d.108.1.1     -            137 d1wwza1d.108.1.1.aln -            185   6.7e-21   70.5   0.1   1   1   4.1e-22   7.3e-21   70.4   0.1     7   143     3   137     1   137 0.97 -
d2g3aa1d.108.1.1     -            137 d1wwza1d.108.1.1.aln -            185   8.6e-20   66.9   0.0   1   1   4.8e-21   8.6e-20   66.9   0.0    28   155     8   126     1   137 0.88 -
d1boba_d.108.1.1     -            315 d1wwza1d.108.1.1.aln -            185   1.1e-19   66.5   0.0   1   1   8.2e-21   1.5e-19   66.2   0.0     3   185    10   226     8   226 0.99 -
d2p0wa_d.108.1.1     -            319 d1wwza1d.108.1.1.aln -            185   2.4e-19   65.4   0.1   1   1     2e-20   3.7e-19   64.9   0.1     2   185     8   240     7   240 0.99 -
d2atra1d.108.1.1     -            137 d1wwza1d.108.1.1.aln -            185   4.3e-19   64.6   0.0   1   1   2.9e-20   5.1e-19   64.4   0.0     6   160     1   136     1   137 0.92 -
d1n71a_d.108.1.1     -            180 d1wwza1d.108.1.1.aln -            185     3e-18   61.9   0.0   1   1   2.1e-19   3.7e-18   61.6   0.0     1   172     1   180     1   180 0.91 -
d2fiwa1d.108.1.1     -            156 d1wwza1d.108.1.1.aln -            185   1.7e-17   59.4   0.0   1   1     1e-18   1.8e-17   59.3   0.0    11   162     4   148     1   156 0.86 -
d2fsra1d.108.1.1     -            164 d1wwza1d.108.1.1.aln -            185   2.7e-17   58.8   0.0   1   1   1.6e-18     3e-17   58.6   0.0     3   163     6   163     4   164 0.97 -
d1xeba_d.108.1.1     -            149 d1wwza1d.108.1.1.aln -            185   3.4e-17   58.4   1.2   1   1   2.1e-18   3.8e-17   58.3   1.2    11   157     4   142     1   148 0.91 -
d2aj6a1d.108.1.1     -            118 d1wwza1d.108.1.1.aln -            185   7.2e-17   57.4   0.0   1   1   4.8e-18   8.7e-17   57.1   0.0     6   123     1   115     1   117 0.98 -
d1q2ya_d.108.1.1     -            140 d1wwza1d.108.1.1.aln -            185   7.5e-17   57.3   0.2   1   1   5.4e-18   9.6e-17   57.0   0.2    13   164     8   139     2   139 0.94 -
d1y7ra1d.108.1.1     -            133 d1wwza1d.108.1.1.aln -            185   1.6e-16   56.3   0.0   1   1   9.8e-18   1.8e-16   56.1   0.0    55   157    40   132     3   133 0.81 -
d1yk3a1d.108.1.1     -            198 d1wwza1d.108.1.1.aln -            185   2.7e-16   55.5   0.1   1   1   1.7e-17     3e-16   55.3   0.1     4   164    18   196    15   198 0.96 -
d1r57a_d.108.1.1     -            102 d1wwza1d.108.1.1.aln -            185   1.2e-14   50.1   0.1   1   1   7.3e-16   1.3e-14   50.0   0.1    68   157    17   101     4   102 0.89 -
d1wwza1d.108.1.1     -            157 d1wwza1d.108.1.1.aln -            185   2.1e-11   39.6   0.2   1   1   1.4e-12   2.5e-11   39.3   0.2    83   154    82   151    41   156 0.89 -
d1xmta_d.108.1.1     -             95 d1wwza1d.108.1.1.aln -            185   3.7e-10   35.5   0.0   1   1   2.2e-11     4e-10   35.4   0.0    74   138    20    79     4    95 0.84 -
d2d4pa1d.108.1.1     -            130 d1wwza1d.108.1.1.aln -            185     3e-06   22.8   0.1   1   1   2.3e-07   4.1e-06   22.3   0.1     7   146     1   117     1   129 0.95 -
#
# Program:         hmmsearch
# Version:         3.3.2 (Nov 2020)
# Pipeline mode:   SEARCH
# Query file:      /home/elise/Documents/M1-BIM/S2/TMEs/SBAS/tme08/models/d1wwza1d.108.1.1.aln.hmm
# Target file:     /home/elise/Documents/M1-BIM/S2/TMEs/SBAS/tme08/scop/scop/scopTestSeq.fasta
# Option settings: hmmsearch --domtblout /home/elise/Documents/M1-BIM/S2/TMEs/SBAS/tme08/searchResults/d1wwza1d.108.1.1.aln.out -E 1 /home/elise/Documents/M1-BIM/S2/TMEs/SBAS/tme08/models/d1wwza1d.108.1.1.aln.hmm /home/elise/Documents/M1-BIM/S2/TMEs/SBAS/tme08/scop/scop/scopTestSeq.fasta 
# Current dir:     /home/elise/Documents/M1-BIM/S2/TMEs/SBAS/tme08
# Date:            Tue Apr  1 17:30:49 2025
# [ok]
