#                                                                            --- full sequence --- -------------- this domain -------------   hmm coord   ali coord   env coord
# target name        accession   tlen query name           accession   qlen   E-value  score  bias   #  of  c-Evalue  i-Evalue  score  bias  from    to  from    to  from    to  acc description of target
#------------------- ---------- ----- -------------------- ---------- ----- --------- ------ ----- --- --- --------- --------- ------ ----- ----- ----- ----- ----- ----- ----- ---- ---------------------
d3bmva3b.71.1.1      -             89 d1wzaa1b.71.1.1.aln  -             87   2.4e-23   77.6   5.0   1   1   6.8e-25   2.6e-23   77.5   5.0     1    86     1    86     1    87 0.99 -
d2guya1b.71.1.1      -             95 d1wzaa1b.71.1.1.aln  -             87   7.4e-21   69.7   0.5   1   1   2.2e-22   8.1e-21   69.6   0.5     3    86     2    85     1    86 0.97 -
d1e43a1b.71.1.1      -             90 d1wzaa1b.71.1.1.aln  -             87   1.3e-20   69.0   1.8   1   1   3.6e-22   1.4e-20   68.8   1.8     2    86     5    89     4    90 0.98 -
d1ji1a2b.71.1.1      -             83 d1wzaa1b.71.1.1.aln  -             87     6e-15   50.8   3.1   1   1   1.7e-16   6.4e-15   50.7   3.1     3    82     2    81     1    83 0.95 -
d1uasa1b.71.1.1      -             89 d1wzaa1b.71.1.1.aln  -             87   1.7e-14   49.4   0.8   1   1     5e-16   1.9e-14   49.3   0.8     8    86     8    86     2    87 0.95 -
d1ea9c2b.71.1.1      -             80 d1wzaa1b.71.1.1.aln  -             87   1.7e-13   46.2   0.0   1   1   4.7e-15   1.8e-13   46.2   0.0     3    80     2    79     1    80 0.97 -
d1m7xa2b.71.1.1      -            106 d1wzaa1b.71.1.1.aln  -             87   6.8e-13   44.3   0.0   1   1     2e-14   7.6e-13   44.1   0.0     5    84     9    88     5    91 0.94 -
d1szna1b.71.1.1      -            103 d1wzaa1b.71.1.1.aln  -             87   2.4e-12   42.5   0.4   1   1   7.1e-14   2.7e-12   42.4   0.4     1    86    11    96    11    97 0.97 -
d1h3ga2b.71.1.1      -             83 d1wzaa1b.71.1.1.aln  -             87   1.3e-11   40.2   0.0   1   1   3.5e-13   1.3e-11   40.2   0.0     3    81     2    80     1    83 0.95 -
d1bf2a2b.71.1.1      -            113 d1wzaa1b.71.1.1.aln  -             87   2.5e-11   39.3   6.6   1   1   8.4e-13   3.2e-11   39.0   6.6     2    87    18   103    17   103 0.98 -
d2fhfa4b.71.1.1      -            118 d1wzaa1b.71.1.1.aln  -             87   2.6e-10   36.1   0.0   1   1   9.3e-12   3.5e-10   35.6   0.0     3    85    20   102    18   104 0.95 -
d1j0ha2b.71.1.1      -             83 d1wzaa1b.71.1.1.aln  -             87   9.8e-10   34.2   0.0   1   1   2.7e-11     1e-09   34.2   0.0     3    84     3    78     1    81 0.93 -
d1ua7a1b.71.1.1      -             78 d1wzaa1b.71.1.1.aln  -             87   1.2e-09   33.9   0.3   1   1   3.6e-11   1.3e-09   33.8   0.3     6    73     7    74     2    77 0.94 -
d1r7aa1b.71.1.1      -             70 d1wzaa1b.71.1.1.aln  -             87   4.3e-08   29.0   0.1   1   1   1.1e-09   4.3e-08   29.0   0.1     2    60     4    62     3    70 0.94 -
d1mxga1b.71.1.1      -             74 d1wzaa1b.71.1.1.aln  -             87     9e-08   27.9   1.7   1   1   2.6e-09   9.7e-08   27.8   1.7     2    73     2    73     1    74 0.97 -
d1g5aa1b.71.1.1      -             74 d1wzaa1b.71.1.1.aln  -             87     2e-07   26.9   0.0   1   1   5.6e-09   2.1e-07   26.8   0.0     3    74     2    73     1    74 0.96 -
d1gjwa1b.71.1.1      -             64 d1wzaa1b.71.1.1.aln  -             87   6.6e-06   22.0   0.0   1   1   1.8e-07   6.6e-06   22.0   0.0     4    55     3    54     1    64 0.90 -
d1ht6a1b.71.1.1      -             57 d1wzaa1b.71.1.1.aln  -             87   7.5e-06   21.8   0.0   1   1   2.2e-07   8.4e-06   21.7   0.0     5    54     7    56     4    57 0.93 -
d2bhua2b.71.1.1      -             72 d1wzaa1b.71.1.1.aln  -             87   0.00011   18.1   0.0   1   1     3e-06   0.00011   18.1   0.0     2    71     2    71     1    72 0.93 -
d1gcya1b.71.1.1      -             61 d1wzaa1b.71.1.1.aln  -             87   0.00053   15.9   0.7   1   1   1.5e-05   0.00055   15.9   0.7    11    70     3    61     1    61 0.93 -
d1lwha1b.71.1.1      -             50 d1wzaa1b.71.1.1.aln  -             87    0.0035   13.3   0.0   1   1   9.3e-05    0.0035   13.3   0.0     5    50     3    48     1    50 0.92 -
#
# Program:         hmmsearch
# Version:         3.3.2 (Nov 2020)
# Pipeline mode:   SEARCH
# Query file:      /home/elise/Documents/M1-BIM/S2/TMEs/SBAS/tme08/models/d1wzaa1b.71.1.1.aln.hmm
# Target file:     /home/elise/Documents/M1-BIM/S2/TMEs/SBAS/tme08/scop/scop/scopTestSeq.fasta
# Option settings: hmmsearch --domtblout /home/elise/Documents/M1-BIM/S2/TMEs/SBAS/tme08/searchResults/d1wzaa1b.71.1.1.aln.out -E 1 /home/elise/Documents/M1-BIM/S2/TMEs/SBAS/tme08/models/d1wzaa1b.71.1.1.aln.hmm /home/elise/Documents/M1-BIM/S2/TMEs/SBAS/tme08/scop/scop/scopTestSeq.fasta 
# Current dir:     /home/elise/Documents/M1-BIM/S2/TMEs/SBAS/tme08
# Date:            Tue Apr  1 17:30:49 2025
# [ok]
