#                                                                            --- full sequence --- -------------- this domain -------------   hmm coord   ali coord   env coord
# target name        accession   tlen query name           accession   qlen   E-value  score  bias   #  of  c-Evalue  i-Evalue  score  bias  from    to  from    to  from    to  acc description of target
#------------------- ---------- ----- -------------------- ---------- ----- --------- ------ ----- --- --- --------- --------- ------ ----- ----- ----- ----- ----- ----- ----- ---- ---------------------
d1q8ia1c.55.3.5      -            388 d1x9ma1c.55.3.5.aln  -            309   9.1e-80  263.7   0.0   1   1   1.8e-81     1e-79  263.6   0.0     1   309     1   388     1   388 0.99 -
d1s5ja1c.55.3.5      -            410 d1x9ma1c.55.3.5.aln  -            309   1.7e-78  259.6   2.3   1   1   3.5e-80     2e-78  259.3   2.3     1   309     8   408     8   408 1.00 -
d3hl8a_c.55.3.5      -            470 d1x9ma1c.55.3.5.aln  -            309   3.6e-78  258.5   0.1   1   1   1.2e-79   6.9e-78  257.6   0.1     1   309    16   415    16   415 0.99 -
d2hbja2c.55.3.5      -            292 d1x9ma1c.55.3.5.aln  -            309   5.5e-73  241.5   1.6   1   1   1.1e-74   6.1e-73  241.3   1.6    10   301     1   292     1   292 0.99 -
d3mxma_c.55.3.5      -            229 d1x9ma1c.55.3.5.aln  -            309   3.9e-56  186.1   0.0   1   1   7.6e-58   4.3e-56  186.0   0.0    63   298     3   229     1   229 0.99 -
d2igia_c.55.3.5      -            180 d1x9ma1c.55.3.5.aln  -            309   3.6e-39  130.4   0.2   1   1   6.9e-41   3.9e-39  130.3   0.2    66   282     4   180     1   180 0.98 -
d1w0ha_c.55.3.5      -            200 d1x9ma1c.55.3.5.aln  -            309   2.8e-36  120.9   0.0   1   1   5.5e-38   3.1e-36  120.8   0.0    62   297     1   198     1   200 0.98 -
d1yt3a3c.55.3.5      -            193 d1x9ma1c.55.3.5.aln  -            309   8.4e-33  109.5   0.0   1   1   1.7e-34   9.5e-33  109.3   0.0    59   295     1   193     1   193 0.99 -
d1vk0a_c.55.3.5      -            206 d1x9ma1c.55.3.5.aln  -            309   8.7e-32  106.1   0.0   1   1   1.7e-33   9.6e-32  106.0   0.0    52   296     2   204     1   206 0.98 -
d2f96a1c.55.3.5      -            202 d1x9ma1c.55.3.5.aln  -            309   3.3e-31  104.3   0.0   1   1   6.4e-33   3.6e-31  104.1   0.0    46   296     2   201     1   202 0.98 -
d1kfsa1c.55.3.5      -            195 d1x9ma1c.55.3.5.aln  -            309   1.6e-29   98.7   0.5   1   1   3.1e-31   1.8e-29   98.6   0.5    63   291     1   194     1   195 0.98 -
d2py5a1c.55.3.5      -            183 d1x9ma1c.55.3.5.aln  -            309   2.2e-29   98.3   0.2   1   1   4.7e-31   2.6e-29   98.0   0.2    59   290     2   180     1   182 0.99 -
d2guia_c.55.3.5      -            176 d1x9ma1c.55.3.5.aln  -            309   4.6e-29   97.2   0.0   1   1     9e-31   5.1e-29   97.1   0.0    67   286     2   174     1   176 0.98 -
d1wlja_c.55.3.5      -            173 d1x9ma1c.55.3.5.aln  -            309   3.5e-28   94.3   0.0   1   1   6.9e-30   3.9e-28   94.2   0.0    69   287     2   172     1   173 0.98 -
#
# Program:         hmmsearch
# Version:         3.3.2 (Nov 2020)
# Pipeline mode:   SEARCH
# Query file:      /home/elise/Documents/M1-BIM/S2/TMEs/SBAS/tme08/models/d1x9ma1c.55.3.5.aln.hmm
# Target file:     /home/elise/Documents/M1-BIM/S2/TMEs/SBAS/tme08/scop/scop/scopTestSeq.fasta
# Option settings: hmmsearch --domtblout /home/elise/Documents/M1-BIM/S2/TMEs/SBAS/tme08/searchResults/d1x9ma1c.55.3.5.aln.out -E 1 /home/elise/Documents/M1-BIM/S2/TMEs/SBAS/tme08/models/d1x9ma1c.55.3.5.aln.hmm /home/elise/Documents/M1-BIM/S2/TMEs/SBAS/tme08/scop/scop/scopTestSeq.fasta 
# Current dir:     /home/elise/Documents/M1-BIM/S2/TMEs/SBAS/tme08
# Date:            Tue Apr  1 17:30:49 2025
# [ok]
