#                                                                            --- full sequence --- -------------- this domain -------------   hmm coord   ali coord   env coord
# target name        accession   tlen query name           accession   qlen   E-value  score  bias   #  of  c-Evalue  i-Evalue  score  bias  from    to  from    to  from    to  acc description of target
#------------------- ---------- ----- -------------------- ---------- ----- --------- ------ ----- --- --- --------- --------- ------ ----- ----- ----- ----- ----- ----- ----- ---- ---------------------
d1v59a1c.3.1.5       -            234 d1xdia1c.3.1.5.aln   -            185   1.6e-47  157.1   2.4   1   1   6.6e-49     2e-47  156.8   2.4     5   184     4   234     2   234 0.99 -
d1mo9a1c.3.1.5       -            262 d1xdia1c.3.1.5.aln   -            185     1e-40  134.9   0.0   1   1     4e-42   1.2e-40  134.7   0.0     2   184    38   262    37   262 0.99 -
d1m6ia1c.3.1.5       -            214 d1xdia1c.3.1.5.aln   -            185   6.3e-37  122.6   0.0   1   1   2.4e-38   7.2e-37  122.4   0.0     4   184     2   214     1   214 0.99 -
d1fl2a1c.3.1.5       -            185 d1xdia1c.3.1.5.aln   -            185   3.1e-34  113.8   2.6   1   1   1.1e-35   3.4e-34  113.6   2.6     7   184     2   181     1   182 0.98 -
d1nhpa1c.3.1.5       -            199 d1xdia1c.3.1.5.aln   -            185     1e-31  105.6   0.0   1   1   3.7e-33   1.1e-31  105.5   0.0     8   183     2   198     1   199 0.99 -
d1w4xa1c.3.1.5       -            299 d1xdia1c.3.1.5.aln   -            185   3.4e-25   84.3   0.0   1   1   1.3e-26   3.9e-25   84.1   0.0     2   184     3   281     2   282 0.99 -
d2gv8a1c.3.1.5       -            336 d1xdia1c.3.1.5.aln   -            185   2.6e-24   81.5   0.0   1   1   1.1e-25   3.2e-24   81.1   0.0     4   184     2   292     1   293 0.95 -
d1w4xa2c.3.1.5       -            235 d1xdia1c.3.1.5.aln   -            185     1e-21   73.0   0.0   1   1   3.7e-23   1.1e-21   72.9   0.0     3   183     6   230     4   232 0.98 -
d1aoga2c.3.1.5       -            117 d1xdia1c.3.1.5.aln   -            185   9.8e-21   69.8   0.0   1   1   3.5e-22   1.1e-20   69.7   0.0    11   152     1   117     1   117 0.94 -
d1v59a2c.3.1.5       -            122 d1xdia1c.3.1.5.aln   -            185   6.2e-19   63.9   0.3   1   1   2.1e-20   6.4e-19   63.9   0.3    11   133     4   109     1   122 0.85 -
d1h6va2c.3.1.5       -            122 d1xdia1c.3.1.5.aln   -            185   1.5e-17   59.4   0.0   1   1   5.2e-19   1.6e-17   59.3   0.0    13   153     3   122     1   122 0.96 -
d1xdia1c.3.1.5       -            234 d1xdia1c.3.1.5.aln   -            185   2.4e-17   58.7   1.9   1   1   1.4e-18   4.3e-17   57.9   1.9     9   173     4   222     1   229 0.90 -
d1xhca2c.3.1.5       -            122 d1xdia1c.3.1.5.aln   -            185   9.8e-17   56.7   0.1   1   1   3.4e-18     1e-16   56.7   0.1     5   153     7   120     3   122 0.88 -
d1onfa2c.3.1.5       -            117 d1xdia1c.3.1.5.aln   -            185   1.1e-16   56.6   0.1   1   1   3.8e-18   1.1e-16   56.5   0.1    11   152     4   117     1   117 0.93 -
d1m6ia2c.3.1.5       -            137 d1xdia1c.3.1.5.aln   -            185   3.5e-16   54.9   0.1   1   1   1.3e-17   3.9e-16   54.8   0.1     3   153    10   136     8   137 0.95 -
d1nhpa2c.3.1.5       -            123 d1xdia1c.3.1.5.aln   -            185   1.5e-14   49.6   1.0   1   1   5.4e-16   1.6e-14   49.5   1.0    16   152    16   123     2   123 0.83 -
d1fcda2c.3.1.5       -            141 d1xdia1c.3.1.5.aln   -            185   7.8e-14   47.3   0.0   1   1   2.9e-15     9e-14   47.1   0.0    11   150     7   136     2   140 0.96 -
d1mo9a2c.3.1.5       -            121 d1xdia1c.3.1.5.aln   -            185   5.4e-13   44.5   0.1   1   1     2e-14     6e-13   44.4   0.1    16   149     7   117     2   121 0.86 -
d1vdca2c.3.1.5       -            130 d1xdia1c.3.1.5.aln   -            185   1.5e-12   43.1   0.0   1   1   5.3e-14   1.6e-12   43.0   0.0    10   132    14   112     7   130 0.86 -
d1fl2a2c.3.1.5       -            126 d1xdia1c.3.1.5.aln   -            185   3.7e-10   35.3   0.2   1   1   1.3e-11   3.8e-10   35.3   0.2     5   153     7   125     3   126 0.80 -
d2gf3a1c.3.1.2       -            282 d1xdia1c.3.1.5.aln   -            185   7.3e-06   21.3   0.0   1   2   9.8e-06    0.0003   16.1   0.0     5    36     2    33     1    41 0.94 -
d2gf3a1c.3.1.2       -            282 d1xdia1c.3.1.5.aln   -            185   7.3e-06   21.3   0.0   2   2     0.088       2.7    3.2   0.0    74   115   157   205    88   237 0.73 -
d2gmha1c.3.1.2       -            381 d1xdia1c.3.1.5.aln   -            185     2e-05   19.9   0.0   1   2   0.00012    0.0036   12.5   0.1     5    30    31    56    29    59 0.88 -
d2gmha1c.3.1.2       -            381 d1xdia1c.3.1.5.aln   -            185     2e-05   19.9   0.0   2   2     0.029      0.88    4.8   0.0   159   183   263   287   214   289 0.88 -
d1kdga1c.3.1.2       -            361 d1xdia1c.3.1.5.aln   -            185   0.00032   15.9   0.2   1   1   2.2e-05   0.00067   14.9   0.2     7    39     3    40     1    51 0.86 -
d1ryia1c.3.1.2       -            277 d1xdia1c.3.1.5.aln   -            185   0.00099   14.4   0.0   1   1   5.5e-05    0.0017   13.6   0.0     5    39     3    37     2    70 0.87 -
d1kola2c.2.1.1       -            195 d1xdia1c.3.1.5.aln   -            185    0.0028   12.9   2.2   1   1   0.00014    0.0043   12.3   1.9     5    36    25    56    23   110 0.91 -
d1vj0a2c.2.1.1       -            182 d1xdia1c.3.1.5.aln   -            185    0.0031   12.7   0.2   1   1   0.00016    0.0049   12.1   0.2     5    75    28   101    25   133 0.85 -
#
# Program:         hmmsearch
# Version:         3.3.2 (Nov 2020)
# Pipeline mode:   SEARCH
# Query file:      /home/elise/Documents/M1-BIM/S2/TMEs/SBAS/tme08/models/d1xdia1c.3.1.5.aln.hmm
# Target file:     /home/elise/Documents/M1-BIM/S2/TMEs/SBAS/tme08/scop/scop/scopTestSeq.fasta
# Option settings: hmmsearch --domtblout /home/elise/Documents/M1-BIM/S2/TMEs/SBAS/tme08/searchResults/d1xdia1c.3.1.5.aln.out -E 1 /home/elise/Documents/M1-BIM/S2/TMEs/SBAS/tme08/models/d1xdia1c.3.1.5.aln.hmm /home/elise/Documents/M1-BIM/S2/TMEs/SBAS/tme08/scop/scop/scopTestSeq.fasta 
# Current dir:     /home/elise/Documents/M1-BIM/S2/TMEs/SBAS/tme08
# Date:            Tue Apr  1 17:30:49 2025
# [ok]
