#                                                                            --- full sequence --- -------------- this domain -------------   hmm coord   ali coord   env coord
# target name        accession   tlen query name           accession   qlen   E-value  score  bias   #  of  c-Evalue  i-Evalue  score  bias  from    to  from    to  from    to  acc description of target
#------------------- ---------- ----- -------------------- ---------- ----- --------- ------ ----- --- --- --------- --------- ------ ----- ----- ----- ----- ----- ----- ----- ---- ---------------------
d3kffa_b.60.1.1      -            152 d1xkia_b.60.1.1.aln  -            162   5.7e-52  171.5   0.4   1   1   1.1e-53   6.3e-52  171.4   0.4    11   161     2   150     1   151 0.98 -
d1kt7a_b.60.1.1      -            175 d1xkia_b.60.1.1.aln  -            162   1.3e-45  150.9   0.1   1   1   2.6e-47   1.5e-45  150.7   0.1     1   159     6   174     6   175 0.99 -
d3saoa_b.60.1.1      -            155 d1xkia_b.60.1.1.aln  -            162   2.2e-44  146.8   0.1   1   1   4.4e-46   2.5e-44  146.7   0.1    13   160     1   147     1   149 0.99 -
d3s26a_b.60.1.1      -            176 d1xkia_b.60.1.1.aln  -            162   2.4e-44  146.7   0.2   1   1   4.9e-46   2.8e-44  146.6   0.2     3   161    10   174     8   175 0.98 -
d1kxoa_b.60.1.1      -            171 d1xkia_b.60.1.1.aln  -            162   5.9e-44  145.5   0.7   1   1   1.2e-45   6.6e-44  145.3   0.7     1   160     8   171     8   171 0.98 -
d1dzka_b.60.1.1      -            148 d1xkia_b.60.1.1.aln  -            162   1.3e-40  134.6   0.2   1   1   2.6e-42   1.5e-40  134.4   0.2    14   161     2   148     1   148 0.99 -
d1epba_b.60.1.1      -            160 d1xkia_b.60.1.1.aln  -            162     1e-35  118.7   0.1   1   1     2e-37   1.1e-35  118.6   0.1     7   161     1   154     1   155 0.98 -
d1lf7a_b.60.1.1      -            171 d1xkia_b.60.1.1.aln  -            162   1.8e-32  108.2   0.0   1   1   3.5e-34     2e-32  108.0   0.0     2   161     5   161     4   162 0.95 -
d1x8qa_b.60.1.1      -            184 d1xkia_b.60.1.1.aln  -            162   1.2e-28   95.7   6.0   1   1   2.3e-30   1.3e-28   95.6   6.0     4   161     8   179     1   180 0.96 -
d1i4ua_b.60.1.1      -            181 d1xkia_b.60.1.1.aln  -            162   6.3e-28   93.4   0.6   1   1   1.3e-29   7.6e-28   93.1   0.6     7   161    23   175    12   176 0.89 -
d1qfta_b.60.1.1      -            175 d1xkia_b.60.1.1.aln  -            162     8e-26   86.5   7.5   1   1   1.7e-27   9.4e-26   86.3   7.5     7   158    17   172     7   175 0.96 -
d1qwda_b.60.1.1      -            167 d1xkia_b.60.1.1.aln  -            162     6e-25   83.7   0.0   1   1   1.2e-26   6.9e-25   83.5   0.0     6   155    16   166    11   167 0.90 -
d2joza1b.60.1.1      -            126 d1xkia_b.60.1.1.aln  -            162   3.1e-13   45.6   0.1   1   1   1.2e-12   6.6e-11   38.0   0.1    14   160     2   125     1   126 0.95 -
d1xkia_b.60.1.1      -            139 d1xkia_b.60.1.1.aln  -            162   2.6e-12   42.6   0.0   1   1   6.7e-14   3.8e-12   42.1   0.0    15   151     2   134     1   138 0.85 -
#
# Program:         hmmsearch
# Version:         3.3.2 (Nov 2020)
# Pipeline mode:   SEARCH
# Query file:      /home/elise/Documents/M1-BIM/S2/TMEs/SBAS/tme08/models/d1xkia_b.60.1.1.aln.hmm
# Target file:     /home/elise/Documents/M1-BIM/S2/TMEs/SBAS/tme08/scop/scop/scopTestSeq.fasta
# Option settings: hmmsearch --domtblout /home/elise/Documents/M1-BIM/S2/TMEs/SBAS/tme08/searchResults/d1xkia_b.60.1.1.aln.out -E 1 /home/elise/Documents/M1-BIM/S2/TMEs/SBAS/tme08/models/d1xkia_b.60.1.1.aln.hmm /home/elise/Documents/M1-BIM/S2/TMEs/SBAS/tme08/scop/scop/scopTestSeq.fasta 
# Current dir:     /home/elise/Documents/M1-BIM/S2/TMEs/SBAS/tme08
# Date:            Tue Apr  1 17:30:50 2025
# [ok]
