#                                                                            --- full sequence --- -------------- this domain -------------   hmm coord   ali coord   env coord
# target name        accession   tlen query name           accession   qlen   E-value  score  bias   #  of  c-Evalue  i-Evalue  score  bias  from    to  from    to  from    to  acc description of target
#------------------- ---------- ----- -------------------- ---------- ----- --------- ------ ----- --- --- --------- --------- ------ ----- ----- ----- ----- ----- ----- ----- ---- ---------------------
d1omra_a.39.1.5      -            201 d1xo5a_a.39.1.5.aln  -            180   1.1e-57  190.2   2.2   1   1   2.1e-59   1.3e-57  189.9   2.2     1   180    13   187    13   187 0.98 -
d1exra_a.39.1.5      -            146 d1xo5a_a.39.1.5.aln  -            180   1.9e-49  163.4  15.3   1   2     4e-34   2.4e-32  107.6   5.8    44   127     2    84     1    86 0.97 -
d1exra_a.39.1.5      -            146 d1xo5a_a.39.1.5.aln  -            180   1.9e-49  163.4  15.3   2   2   1.2e-20   7.5e-19   63.6   5.0    83   151    77   145    76   146 0.93 -
d1jbaa_a.39.1.5      -            189 d1xo5a_a.39.1.5.aln  -            180   7.9e-49  161.3   1.7   1   1   1.5e-50     9e-49  161.1   1.7     2   180    10   185     9   185 0.97 -
d1qv0a_a.39.1.5      -            189 d1xo5a_a.39.1.5.aln  -            180   8.9e-43  141.6   0.2   1   1   1.8e-44   1.1e-42  141.3   0.2     1   179    20   180    20   181 0.98 -
d2zfda1a.39.1.5      -            183 d1xo5a_a.39.1.5.aln  -            180   5.4e-34  113.0   3.9   1   1   1.3e-35   8.1e-34  112.4   3.9     3   177     6   182     4   183 0.98 -
d2sasa_a.39.1.5      -            185 d1xo5a_a.39.1.5.aln  -            180   1.9e-27   91.7   0.4   1   1   3.5e-29   2.1e-27   91.5   0.4     2   165    10   184     9   185 0.98 -
d1nyaa_a.39.1.5      -            176 d1xo5a_a.39.1.5.aln  -            180   6.1e-27   90.0   2.0   1   1   1.1e-28   6.7e-27   89.9   2.0     9   179     2   173     1   174 0.98 -
d2scpa_a.39.1.5      -            174 d1xo5a_a.39.1.5.aln  -            180   5.3e-26   86.9   5.1   1   1   9.7e-28   5.9e-26   86.8   5.1     1   164     4   172     4   174 0.98 -
d1jfka_a.39.1.5      -            134 d1xo5a_a.39.1.5.aln  -            180   6.5e-26   86.6  10.6   1   1   1.5e-26   9.1e-25   82.9   9.7    52   178     1   128     1   130 0.97 -
d1s6ja_a.39.1.5      -             87 d1xo5a_a.39.1.5.aln  -            180     1e-15   53.4   2.7   1   1   1.9e-17   1.2e-15   53.2   2.7     3    76    12    84     3    87 0.56 -
d1j7qa_a.39.1.5      -             86 d1xo5a_a.39.1.5.aln  -            180   8.4e-11   37.4   0.2   1   1   1.4e-12   8.4e-11   37.4   0.2     8    88     6    75     1    86 0.84 -
d1xo5a_a.39.1.5      -            180 d1xo5a_a.39.1.5.aln  -            180   1.2e-10   36.9   0.3   1   2   4.3e-07   2.6e-05   19.5   0.0    44   112    50   119    44   127 0.93 -
d1xo5a_a.39.1.5      -            180 d1xo5a_a.39.1.5.aln  -            180   1.2e-10   36.9   0.3   2   2   7.2e-06   0.00044   15.5   0.1    84   116   136   168   126   172 0.87 -
d1ctaa_a.39.1.5      -             34 d1xo5a_a.39.1.5.aln  -            180   2.9e-10   35.6   0.2   1   1   4.9e-12     3e-10   35.6   0.2    86   118     2    34     1    34 0.67 -
#
# Program:         hmmsearch
# Version:         3.3.2 (Nov 2020)
# Pipeline mode:   SEARCH
# Query file:      /home/elise/Documents/M1-BIM/S2/TMEs/SBAS/tme08/models/d1xo5a_a.39.1.5.aln.hmm
# Target file:     /home/elise/Documents/M1-BIM/S2/TMEs/SBAS/tme08/scop/scop/scopTestSeq.fasta
# Option settings: hmmsearch --domtblout /home/elise/Documents/M1-BIM/S2/TMEs/SBAS/tme08/searchResults/d1xo5a_a.39.1.5.aln.out -E 1 /home/elise/Documents/M1-BIM/S2/TMEs/SBAS/tme08/models/d1xo5a_a.39.1.5.aln.hmm /home/elise/Documents/M1-BIM/S2/TMEs/SBAS/tme08/scop/scop/scopTestSeq.fasta 
# Current dir:     /home/elise/Documents/M1-BIM/S2/TMEs/SBAS/tme08
# Date:            Tue Apr  1 17:30:50 2025
# [ok]
