#                                                                            --- full sequence --- -------------- this domain -------------   hmm coord   ali coord   env coord
# target name        accession   tlen query name           accession   qlen   E-value  score  bias   #  of  c-Evalue  i-Evalue  score  bias  from    to  from    to  from    to  acc description of target
#------------------- ---------- ----- -------------------- ---------- ----- --------- ------ ----- --- --- --------- --------- ------ ----- ----- ----- ----- ----- ----- ----- ---- ---------------------
d1jeta_c.94.1.1      -            517 d1xt8a1c.94.1.1.aln  -            322   5.7e-45  149.5  10.1   1   1   2.4e-46   6.9e-45  149.3  10.1     2   314   126   517   125   517 0.99 -
d3vlva_c.94.1.1      -            490 d1xt8a1c.94.1.1.aln  -            322   4.4e-43  143.4   7.7   1   1   1.8e-44   5.3e-43  143.1   7.7     1   322    15   421    15   421 0.99 -
d1nnfa_c.94.1.1      -            308 d1xt8a1c.94.1.1.aln  -            322     1e-40  135.7   9.3   1   1   3.9e-42   1.1e-40  135.5   9.3     9   298     1   306     1   308 0.97 -
d1ursa_c.94.1.1      -            367 d1xt8a1c.94.1.1.aln  -            322   3.6e-39  130.6  10.4   1   1   1.4e-40     4e-39  130.4  10.4     6   322     4   367     1   367 0.96 -
d1eu8a_c.94.1.1      -            407 d1xt8a1c.94.1.1.aln  -            322   1.8e-37  125.0   7.5   1   1   6.9e-39     2e-37  124.9   7.5     2   322     5   403     4   403 0.98 -
d1q35a_c.94.1.1      -            318 d1xt8a1c.94.1.1.aln  -            322   2.1e-35  118.2   2.2   1   1   8.1e-37   2.4e-35  118.1   2.2     9   303     3   315     1   318 0.97 -
d1uqwa_c.94.1.1      -            487 d1xt8a1c.94.1.1.aln  -            322     3e-29   98.1   8.3   1   2       2.4        71   -1.3   0.2   196   267    27    94     6    95 0.62 -
d1uqwa_c.94.1.1      -            487 d1xt8a1c.94.1.1.aln  -            322     3e-29   98.1   8.3   2   2     1e-30     3e-29   98.1   8.3     1   321    97   486    97   487 0.98 -
d2nooa_c.94.1.1      -            496 d1xt8a1c.94.1.1.aln  -            322   6.5e-28   93.7   0.2   1   1   2.2e-29   6.5e-28   93.7   0.2     2   321   105   495   104   496 0.98 -
d1xoca1c.94.1.1      -            504 d1xt8a1c.94.1.1.aln  -            322   8.7e-28   93.3  15.6   1   2         3        87   -1.6   0.1   123   181    55   112    41   118 0.75 -
d1xoca1c.94.1.1      -            504 d1xt8a1c.94.1.1.aln  -            322   8.7e-28   93.3  15.6   2   2     3e-29   8.7e-28   93.3  15.6     2   321   120   501   119   502 0.92 -
d1pb7a_c.94.1.1      -            289 d1xt8a1c.94.1.1.aln  -            322   1.9e-27   92.2   0.0   1   1   7.4e-29   2.2e-27   92.0   0.0    20   287     3   287     1   289 0.98 -
d1vr5a1c.94.1.1      -            535 d1xt8a1c.94.1.1.aln  -            322   2.4e-27   91.9  10.8   1   2       2.2        64   -1.2   0.1   117   138    41    60    15   115 0.59 -
d1vr5a1c.94.1.1      -            535 d1xt8a1c.94.1.1.aln  -            322   2.4e-27   91.9  10.8   2   2   8.3e-29   2.4e-27   91.9  10.8     1   322   118   519   118   519 0.99 -
d3thia_c.94.1.1      -            362 d1xt8a1c.94.1.1.aln  -            322   1.3e-26   89.4   0.3   1   1   5.2e-28   1.5e-26   89.2   0.3     1   312     2   361     2   362 0.95 -
d1ixha_c.94.1.1      -            321 d1xt8a1c.94.1.1.aln  -            322   1.5e-26   89.3  11.8   1   1   5.6e-28   1.6e-26   89.1  11.8    17   312     3   321     1   321 0.97 -
d1r9la_c.94.1.1      -            309 d1xt8a1c.94.1.1.aln  -            322   9.7e-22   73.5  11.4   1   1   3.7e-23   1.1e-21   73.4  11.4     9   314     2   308     1   309 0.98 -
d1sbpa_c.94.1.1      -            309 d1xt8a1c.94.1.1.aln  -            322     1e-21   73.5   8.6   1   1   3.9e-23   1.1e-21   73.3   8.6     9   292     5   298     1   308 0.95 -
d2czla1c.94.1.1      -            270 d1xt8a1c.94.1.1.aln  -            322   1.2e-19   66.7   0.0   1   1   4.8e-21   1.4e-19   66.5   0.0    25   301     8   264     2   270 0.97 -
d1us5a_c.94.1.1      -            298 d1xt8a1c.94.1.1.aln  -            322   7.1e-19   64.1   1.4   1   1   2.7e-20   7.8e-19   64.0   1.4     8   308     3   295     1   298 0.98 -
d1al3a_c.94.1.1      -            237 d1xt8a1c.94.1.1.aln  -            322   3.4e-18   61.9   0.0   1   1   1.3e-19   3.7e-18   61.8   0.0    25   300     1   235     1   237 0.95 -
d2nxoa1c.94.1.1      -            277 d1xt8a1c.94.1.1.aln  -            322   1.5e-17   59.9   0.0   1   1   5.5e-19   1.6e-17   59.7   0.0     9   298     3   274     1   277 0.98 -
d2i6ea1c.94.1.1      -            272 d1xt8a1c.94.1.1.aln  -            322     2e-16   56.1   0.0   1   1   7.7e-18   2.2e-16   56.0   0.0     9   288     2   267     1   271 0.96 -
d1sw5a_c.94.1.1      -            270 d1xt8a1c.94.1.1.aln  -            322   1.4e-15   53.4   4.4   1   1   5.6e-17   1.6e-15   53.2   4.4    17   299     3   266     1   269 0.97 -
d1ve4a1c.94.1.1      -            206 d1xt8a1c.94.1.1.aln  -            322   9.1e-12   40.9   0.0   1   1   3.7e-13   1.1e-11   40.6   0.0    23   270     7   201     1   203 0.89 -
d2ozza1c.94.1.1      -            228 d1xt8a1c.94.1.1.aln  -            322   2.3e-11   39.6   0.0   1   1   9.4e-13   2.7e-11   39.3   0.0    58   289    14   226     4   228 0.89 -
d1atga_c.94.1.1      -            231 d1xt8a1c.94.1.1.aln  -            322   4.9e-11   38.5   1.7   1   1   1.8e-12   5.3e-11   38.4   1.7    30   300    11   230     1   231 0.91 -
d1twya_c.94.1.1      -            249 d1xt8a1c.94.1.1.aln  -            322   1.4e-10   37.0   0.0   1   1   5.9e-12   1.7e-10   36.7   0.0    65   295    29   242     3   247 0.91 -
d2esna2c.94.1.1      -            212 d1xt8a1c.94.1.1.aln  -            322   1.2e-09   34.0   0.0   1   1   4.7e-11   1.4e-09   33.8   0.0    26   281     3   206     1   211 0.94 -
d1ii5a_c.94.1.1      -            226 d1xt8a1c.94.1.1.aln  -            322   1.9e-08   30.0   0.1   1   1   8.3e-10   2.4e-08   29.7   0.1    84   282    36   225     4   226 0.84 -
#
# Program:         hmmsearch
# Version:         3.3.2 (Nov 2020)
# Pipeline mode:   SEARCH
# Query file:      /home/elise/Documents/M1-BIM/S2/TMEs/SBAS/tme08/models/d1xt8a1c.94.1.1.aln.hmm
# Target file:     /home/elise/Documents/M1-BIM/S2/TMEs/SBAS/tme08/scop/scop/scopTestSeq.fasta
# Option settings: hmmsearch --domtblout /home/elise/Documents/M1-BIM/S2/TMEs/SBAS/tme08/searchResults/d1xt8a1c.94.1.1.aln.out -E 1 /home/elise/Documents/M1-BIM/S2/TMEs/SBAS/tme08/models/d1xt8a1c.94.1.1.aln.hmm /home/elise/Documents/M1-BIM/S2/TMEs/SBAS/tme08/scop/scop/scopTestSeq.fasta 
# Current dir:     /home/elise/Documents/M1-BIM/S2/TMEs/SBAS/tme08
# Date:            Tue Apr  1 17:30:50 2025
# [ok]
