#                                                                            --- full sequence --- -------------- this domain -------------   hmm coord   ali coord   env coord
# target name        accession   tlen query name           accession   qlen   E-value  score  bias   #  of  c-Evalue  i-Evalue  score  bias  from    to  from    to  from    to  acc description of target
#------------------- ---------- ----- -------------------- ---------- ----- --------- ------ ----- --- --- --------- --------- ------ ----- ----- ----- ----- ----- ----- ----- ---- ---------------------
d2pq8a_d.108.1.1     -            271 d1y9wa1d.108.1.1.aln -            184   7.7e-36  119.4   0.3   1   1   5.2e-37   9.4e-36  119.1   0.3    13   184     3   187     1   187 0.99 -
d1z4ea1d.108.1.1     -            150 d1y9wa1d.108.1.1.aln -            184   2.1e-34  114.7   0.1   1   1   1.4e-35   2.5e-34  114.5   0.1    10   157     1   147     1   149 0.98 -
d2b5ga_d.108.1.1     -            168 d1y9wa1d.108.1.1.aln -            184   1.2e-33  112.3   0.3   1   1   7.1e-35   1.3e-33  112.2   0.3    11   172     3   167     1   168 0.98 -
d1tiqa_d.108.1.1     -            173 d1y9wa1d.108.1.1.aln -            184   8.6e-33  109.5   0.0   1   1   5.2e-34   9.4e-33  109.3   0.0    11   175     2   172     1   173 0.97 -
d2ae6a1d.108.1.1     -            161 d1y9wa1d.108.1.1.aln -            184   2.9e-32  107.8   0.1   1   1   1.7e-33   3.1e-32  107.6   0.1     8   173     2   159     1   161 0.98 -
d1nsla_d.108.1.1     -            180 d1y9wa1d.108.1.1.aln -            184   9.6e-31  102.8   0.2   1   1   5.9e-32   1.1e-30  102.7   0.2     1   178     1   180     1   180 0.99 -
d1y9ka1d.108.1.1     -            152 d1y9wa1d.108.1.1.aln -            184   1.6e-30  102.1   0.0   1   1     1e-31   1.8e-30  101.9   0.0    33   183     8   150     3   151 0.97 -
d1qsma_d.108.1.1     -            150 d1y9wa1d.108.1.1.aln -            184   2.5e-30  101.4   0.0   1   1   1.5e-31   2.8e-30  101.3   0.0    10   157     2   146     1   150 0.97 -
d2cy2a1d.108.1.1     -            174 d1y9wa1d.108.1.1.aln -            184   6.6e-29   96.8   2.7   1   1   4.1e-30   7.3e-29   96.7   2.7    11   178     1   174     1   174 0.98 -
d1mk4a_d.108.1.1     -            157 d1y9wa1d.108.1.1.aln -            184   7.6e-28   93.4   0.0   1   1   4.8e-29   8.6e-28   93.2   0.0    10   178     1   154     1   156 0.97 -
d1wwza1d.108.1.1     -            157 d1y9wa1d.108.1.1.aln -            184   6.7e-27   90.3   1.0   1   1   4.5e-28   8.1e-27   90.0   1.0     8   163     1   155     1   156 0.97 -
d2fcka1d.108.1.1     -            178 d1y9wa1d.108.1.1.aln -            184   6.8e-27   90.3   0.1   1   1   4.2e-28   7.5e-27   90.1   0.1     2   174     3   177     2   178 0.98 -
d1i12a_d.108.1.1     -            157 d1y9wa1d.108.1.1.aln -            184   1.6e-26   89.0   0.0   1   1   9.8e-28   1.8e-26   88.9   0.0    11   157     5   154     1   157 0.96 -
d1vkca_d.108.1.1     -            149 d1y9wa1d.108.1.1.aln -            184   1.9e-26   88.8   2.3   1   1   1.2e-27   2.2e-26   88.6   2.3    15   156     5   145     1   148 0.96 -
d2fiaa1d.108.1.1     -            157 d1y9wa1d.108.1.1.aln -            184   2.5e-26   88.4   0.5   1   1   1.5e-27   2.7e-26   88.3   0.5    11   172     1   155     1   157 0.98 -
d2euia1d.108.1.1     -            153 d1y9wa1d.108.1.1.aln -            184   1.2e-25   86.2   0.1   1   1   7.7e-27   1.4e-25   86.0   0.1    11   162     1   148     1   152 0.97 -
d1z4ra1d.108.1.1     -            162 d1y9wa1d.108.1.1.aln -            184   3.9e-25   84.5   0.1   1   1   2.4e-26   4.2e-25   84.4   0.1     6   165     2   161     1   162 0.97 -
d1ghea_d.108.1.1     -            170 d1y9wa1d.108.1.1.aln -            184   4.1e-25   84.5   0.0   1   1   2.5e-26   4.5e-25   84.3   0.0    12   175     2   169     1   170 0.97 -
d1ufha_d.108.1.1     -            155 d1y9wa1d.108.1.1.aln -            184   4.2e-25   84.4   0.3   1   1   2.5e-26   4.5e-25   84.3   0.3    10   157     1   152     1   155 0.97 -
d1cjwa_d.108.1.1     -            166 d1y9wa1d.108.1.1.aln -            184   5.8e-25   84.0   0.0   1   1   3.4e-26   6.2e-25   83.9   0.0    11   169     6   164     1   166 0.97 -
d1u6ma_d.108.1.1     -            189 d1y9wa1d.108.1.1.aln -            184   9.2e-25   83.3   0.1   1   2       5.2        93   -1.4   0.0    13    28     3    18     2    21 0.88 -
d1u6ma_d.108.1.1     -            189 d1y9wa1d.108.1.1.aln -            184   9.2e-25   83.3   0.1   2   2   7.7e-26   1.4e-24   82.7   0.1     3   167    16   186    14   189 0.97 -
d2fiwa1d.108.1.1     -            156 d1y9wa1d.108.1.1.aln -            184   1.2e-21   73.2   0.0   1   1   7.6e-23   1.4e-21   73.0   0.0    10   161     3   142     1   155 0.93 -
d1bo4a_d.108.1.1     -            137 d1y9wa1d.108.1.1.aln -            184   2.5e-21   72.1   0.1   1   1   1.7e-22     3e-21   71.9   0.1    11   148     3   137     2   137 0.98 -
d2gana1d.108.1.1     -            182 d1y9wa1d.108.1.1.aln -            184   3.7e-21   71.6   0.2   1   1   2.3e-22   4.1e-21   71.4   0.2     1   168     9   181     9   182 0.97 -
d2jdca1d.108.1.1     -            145 d1y9wa1d.108.1.1.aln -            184   4.3e-21   71.4   0.1   1   1   2.8e-22     5e-21   71.2   0.1    12   171     2   144     1   145 0.94 -
d2fl4a1d.108.1.1     -            146 d1y9wa1d.108.1.1.aln -            184   9.9e-21   70.2   0.3   1   1   5.9e-22   1.1e-20   70.1   0.3    11   167     3   145     1   146 0.86 -
d1xeba_d.108.1.1     -            149 d1y9wa1d.108.1.1.aln -            184   4.4e-20   68.1   1.5   1   1   2.9e-21   5.1e-20   67.8   1.5    16   163     6   143     2   148 0.94 -
d1yx0a1d.108.1.1     -            151 d1y9wa1d.108.1.1.aln -            184   5.6e-20   67.7   0.0   1   1   3.3e-21     6e-20   67.6   0.0    29   170     3   150     1   151 0.95 -
d2atra1d.108.1.1     -            137 d1y9wa1d.108.1.1.aln -            184   5.7e-20   67.7   0.0   1   1   3.5e-21   6.4e-20   67.5   0.0    10   165     1   136     1   137 0.95 -
d1yk3a1d.108.1.1     -            198 d1y9wa1d.108.1.1.aln -            184   2.4e-19   65.7   0.1   1   1   1.5e-20   2.7e-19   65.5   0.1     1   170    20   197    20   198 0.96 -
d1boba_d.108.1.1     -            315 d1y9wa1d.108.1.1.aln -            184   3.4e-19   65.2   0.1   1   1   2.4e-20   4.4e-19   64.8   0.1     1   184    36   234    36   234 0.99 -
d2g3aa1d.108.1.1     -            137 d1y9wa1d.108.1.1.aln -            184   4.8e-19   64.7   0.0   1   1   2.7e-20   4.8e-19   64.7   0.0    34   156    10   122     1   137 0.88 -
d2p0wa_d.108.1.1     -            319 d1y9wa1d.108.1.1.aln -            184   7.1e-19   64.1   0.1   1   1   5.6e-20     1e-18   63.7   0.1     1   183    26   233    26   234 0.99 -
d2aj6a1d.108.1.1     -            118 d1y9wa1d.108.1.1.aln -            184     8e-18   60.7   0.0   1   1   5.3e-19   9.6e-18   60.5   0.0    10   128     1   115     1   117 0.98 -
d1p0ha_d.108.1.1     -            308 d1y9wa1d.108.1.1.aln -            184   8.6e-18   60.6   0.1   1   3   2.5e-13   4.5e-12   42.0   0.0     1   184    14   210    14   210 0.99 -
d1p0ha_d.108.1.1     -            308 d1y9wa1d.108.1.1.aln -            184   8.6e-18   60.6   0.1   2   3     0.016      0.29    6.8   0.1    80   112   219   251   213   253 0.85 -
d1p0ha_d.108.1.1     -            308 d1y9wa1d.108.1.1.aln -            184   8.6e-18   60.6   0.1   3   3    0.0046     0.082    8.5   0.0   127   150   276   298   266   306 0.85 -
d1y7ra1d.108.1.1     -            133 d1y9wa1d.108.1.1.aln -            184   3.1e-17   58.8   0.0   1   1   1.9e-18   3.4e-17   58.7   0.0    19   162     9   132     1   133 0.94 -
d1q2ya_d.108.1.1     -            140 d1y9wa1d.108.1.1.aln -            184   6.6e-17   57.7   0.2   1   1     4e-18   7.2e-17   57.6   0.2    17   169     8   139     1   140 0.96 -
d1n71a_d.108.1.1     -            180 d1y9wa1d.108.1.1.aln -            184   9.7e-17   57.2   0.0   1   1   7.7e-18   1.4e-16   56.7   0.0     5   176     1   179     1   180 0.95 -
d1m4ia_d.108.1.1     -            181 d1y9wa1d.108.1.1.aln -            184     1e-16   57.1   0.1   1   1   7.2e-18   1.3e-16   56.8   0.1     4   175     1   181     1   181 0.96 -
d2fsra1d.108.1.1     -            164 d1y9wa1d.108.1.1.aln -            184   1.2e-16   56.9   0.0   1   1   7.3e-18   1.3e-16   56.8   0.0     3   168     2   163     1   164 0.93 -
d1y9wa1d.108.1.1     -            140 d1y9wa1d.108.1.1.aln -            184   5.4e-15   51.5   1.2   1   2       3.3        59   -0.8   0.0   159   182    14    37    10    39 0.80 -
d1y9wa1d.108.1.1     -            140 d1y9wa1d.108.1.1.aln -            184   5.4e-15   51.5   1.2   2   2   7.7e-16   1.4e-14   50.2   1.1    75   165    47   134    30   139 0.90 -
d1r57a_d.108.1.1     -            102 d1y9wa1d.108.1.1.aln -            184   7.5e-13   44.5   0.0   1   1   4.5e-14     8e-13   44.4   0.0    89   162    34   101     3   102 0.86 -
d1xmta_d.108.1.1     -             95 d1y9wa1d.108.1.1.aln -            184     8e-10   34.6   0.0   1   1   5.2e-11   9.3e-10   34.4   0.0    38   135     6    76     2    95 0.79 -
d2d4pa1d.108.1.1     -            130 d1y9wa1d.108.1.1.aln -            184   4.7e-05   19.1   0.1   1   1   6.9e-06   0.00012   17.7   0.1    11   150     1   116     1   129 0.88 -
#
# Program:         hmmsearch
# Version:         3.3.2 (Nov 2020)
# Pipeline mode:   SEARCH
# Query file:      /home/elise/Documents/M1-BIM/S2/TMEs/SBAS/tme08/models/d1y9wa1d.108.1.1.aln.hmm
# Target file:     /home/elise/Documents/M1-BIM/S2/TMEs/SBAS/tme08/scop/scop/scopTestSeq.fasta
# Option settings: hmmsearch --domtblout /home/elise/Documents/M1-BIM/S2/TMEs/SBAS/tme08/searchResults/d1y9wa1d.108.1.1.aln.out -E 1 /home/elise/Documents/M1-BIM/S2/TMEs/SBAS/tme08/models/d1y9wa1d.108.1.1.aln.hmm /home/elise/Documents/M1-BIM/S2/TMEs/SBAS/tme08/scop/scop/scopTestSeq.fasta 
# Current dir:     /home/elise/Documents/M1-BIM/S2/TMEs/SBAS/tme08
# Date:            Tue Apr  1 17:30:51 2025
# [ok]
