#                                                                            --- full sequence --- -------------- this domain -------------   hmm coord   ali coord   env coord
# target name        accession   tlen query name           accession   qlen   E-value  score  bias   #  of  c-Evalue  i-Evalue  score  bias  from    to  from    to  from    to  acc description of target
#------------------- ---------- ----- -------------------- ---------- ----- --------- ------ ----- --- --- --------- --------- ------ ----- ----- ----- ----- ----- ----- ----- ---- ---------------------
d2pq8a_d.108.1.1     -            271 d1yx0a1d.108.1.1.aln -            234   5.5e-68  224.7   0.1   1   1   3.5e-69   6.3e-68  224.5   0.1     1   234     1   230     1   230 0.99 -
d2p0wa_d.108.1.1     -            319 d1yx0a1d.108.1.1.aln -            234   3.7e-47  156.5   0.3   1   1   2.7e-48   4.9e-47  156.1   0.3     1   231    68   319    68   319 0.99 -
d1boba_d.108.1.1     -            315 d1yx0a1d.108.1.1.aln -            234   1.3e-39  131.9   0.3   1   1   8.8e-41   1.6e-39  131.5   0.3     2   230    65   314    64   315 0.98 -
d1p0ha_d.108.1.1     -            308 d1yx0a1d.108.1.1.aln -            234   3.8e-38  127.0   0.0   1   2   1.5e-36   2.7e-35  117.7   0.0     1   234    21   268    21   268 0.99 -
d1p0ha_d.108.1.1     -            308 d1yx0a1d.108.1.1.aln -            234   3.8e-38  127.0   0.0   2   2    0.0069      0.12    7.5   0.0   176   200   279   303   273   307 0.79 -
d1tiqa_d.108.1.1     -            173 d1yx0a1d.108.1.1.aln -            234   1.1e-34  115.7   0.1   1   1   6.7e-36   1.2e-34  115.6   0.1    51   218     1   169     1   173 0.96 -
d2b5ga_d.108.1.1     -            168 d1yx0a1d.108.1.1.aln -            234   5.6e-32  106.8   0.2   1   1   3.6e-33   6.4e-32  106.6   0.2    62   217     5   167     2   168 0.98 -
d1z4ea1d.108.1.1     -            150 d1yx0a1d.108.1.1.aln -            234   2.7e-31  104.6   0.1   1   1   1.7e-32   3.1e-31  104.4   0.1    59   201     1   146     1   149 0.98 -
d1z4ra1d.108.1.1     -            162 d1yx0a1d.108.1.1.aln -            234   3.7e-31  104.2   0.1   1   1   2.2e-32     4e-31  104.0   0.1    62   223     3   162     1   162 0.95 -
d1ufha_d.108.1.1     -            155 d1yx0a1d.108.1.1.aln -            234   2.2e-30  101.6   0.4   1   1   1.3e-31   2.4e-30  101.5   0.4    52   202     2   152     1   155 0.98 -
d2gana1d.108.1.1     -            182 d1yx0a1d.108.1.1.aln -            234   8.2e-30   99.8   0.2   1   1     5e-31   8.9e-30   99.6   0.2    41   208     1   176     1   182 0.97 -
d2ae6a1d.108.1.1     -            161 d1yx0a1d.108.1.1.aln -            234   1.9e-29   98.6   0.1   1   1   1.1e-30     2e-29   98.5   0.1    64   218     6   159     1   161 0.96 -
d1u6ma_d.108.1.1     -            189 d1yx0a1d.108.1.1.aln -            234   2.9e-29   98.0   0.1   1   1   1.7e-30   3.1e-29   97.9   0.1    34   207     2   181     1   189 0.96 -
d1y9ka1d.108.1.1     -            152 d1yx0a1d.108.1.1.aln -            234   4.6e-29   97.3   0.0   1   1   2.8e-30   4.9e-29   97.2   0.0   105   232    29   152     3   152 0.91 -
d1i12a_d.108.1.1     -            157 d1yx0a1d.108.1.1.aln -            234   1.7e-27   92.2   0.0   1   1     1e-28   1.8e-27   92.0   0.0    49   203     2   155     1   157 0.96 -
d2euia1d.108.1.1     -            153 d1yx0a1d.108.1.1.aln -            234   7.4e-27   90.1   0.1   1   1   4.6e-28   8.3e-27   89.9   0.1    60   204     1   145     1   152 0.97 -
d1wwza1d.108.1.1     -            157 d1yx0a1d.108.1.1.aln -            234   1.2e-26   89.4   0.5   1   1   7.3e-28   1.3e-26   89.3   0.5    57   208     1   155     1   157 0.94 -
d1qsma_d.108.1.1     -            150 d1yx0a1d.108.1.1.aln -            234   4.7e-26   87.4   0.0   1   1   2.9e-27   5.1e-26   87.3   0.0    60   205     3   149     1   150 0.98 -
d2fiaa1d.108.1.1     -            157 d1yx0a1d.108.1.1.aln -            234   1.1e-25   86.2   0.6   1   1   6.7e-27   1.2e-25   86.1   0.6    60   217     1   155     1   157 0.97 -
d1nsla_d.108.1.1     -            180 d1yx0a1d.108.1.1.aln -            234   1.7e-25   85.6   0.1   1   1   1.1e-26     2e-25   85.4   0.1    50   214     1   176     1   179 0.96 -
d1y9wa1d.108.1.1     -            140 d1yx0a1d.108.1.1.aln -            234   5.2e-25   84.0   0.7   1   1   3.4e-26     6e-25   83.8   0.7    73   210     4   135     1   139 0.93 -
d2cy2a1d.108.1.1     -            174 d1yx0a1d.108.1.1.aln -            234   6.3e-25   83.8   0.9   1   1   4.1e-26   7.3e-25   83.5   0.9    52   209     1   165     1   173 0.95 -
d1vkca_d.108.1.1     -            149 d1yx0a1d.108.1.1.aln -            234   8.5e-25   83.3   1.9   1   1   5.6e-26     1e-24   83.1   1.9    57   202     2   146     1   148 0.96 -
d1mk4a_d.108.1.1     -            157 d1yx0a1d.108.1.1.aln -            234   1.7e-24   82.3   0.0   1   1   1.1e-25   1.9e-24   82.2   0.0    68   207     2   138     1   151 0.94 -
d1ghea_d.108.1.1     -            170 d1yx0a1d.108.1.1.aln -            234   3.2e-24   81.4   0.0   1   1   1.9e-25   3.4e-24   81.4   0.0    53   208     2   157     1   170 0.95 -
d2fl4a1d.108.1.1     -            146 d1yx0a1d.108.1.1.aln -            234   3.9e-24   81.2   0.5   1   1   2.4e-25   4.3e-24   81.0   0.5    69   205     4   138     1   145 0.94 -
d1cjwa_d.108.1.1     -            166 d1yx0a1d.108.1.1.aln -            234   8.7e-24   80.0   0.0   1   1   5.3e-25   9.6e-24   79.9   0.0    51   219     1   165     1   166 0.98 -
d2fiwa1d.108.1.1     -            156 d1yx0a1d.108.1.1.aln -            234   9.3e-24   79.9   0.0   1   1   5.7e-25     1e-23   79.8   0.0    57   219     1   155     1   156 0.95 -
d2fcka1d.108.1.1     -            178 d1yx0a1d.108.1.1.aln -            234   1.2e-23   79.5   0.1   1   1   7.9e-25   1.4e-23   79.3   0.1    53   208     1   166     1   177 0.96 -
d1m4ia_d.108.1.1     -            181 d1yx0a1d.108.1.1.aln -            234   8.9e-23   76.7   0.0   1   1   5.6e-24     1e-22   76.5   0.0    59   233     2   180     1   181 0.90 -
d1yk3a1d.108.1.1     -            198 d1yx0a1d.108.1.1.aln -            234   1.4e-20   69.6   0.1   1   1   8.4e-22   1.5e-20   69.4   0.1    48   228     2   197     1   198 0.98 -
d2atra1d.108.1.1     -            137 d1yx0a1d.108.1.1.aln -            234   1.5e-20   69.5   0.0   1   1   9.5e-22   1.7e-20   69.2   0.0    71   203     3   129     1   135 0.93 -
d2jdca1d.108.1.1     -            145 d1yx0a1d.108.1.1.aln -            234   1.6e-20   69.4   0.2   1   1   9.2e-22   1.7e-20   69.3   0.2    68   219     7   143     1   145 0.92 -
d1bo4a_d.108.1.1     -            137 d1yx0a1d.108.1.1.aln -            234   2.1e-20   68.9   0.1   1   1   1.4e-21   2.5e-20   68.7   0.1    66   193     9   137     2   137 0.96 -
d1xeba_d.108.1.1     -            149 d1yx0a1d.108.1.1.aln -            234   2.7e-20   68.6   0.7   1   1   1.6e-21   2.9e-20   68.5   0.7    62   206     2   141     1   148 0.94 -
d1q2ya_d.108.1.1     -            140 d1yx0a1d.108.1.1.aln -            234   1.1e-19   66.6   0.2   1   1   7.3e-21   1.3e-19   66.4   0.2    70   216     4   138     1   139 0.95 -
d2fsra1d.108.1.1     -            164 d1yx0a1d.108.1.1.aln -            234   2.6e-19   65.4   0.0   1   1   1.6e-20   2.8e-19   65.3   0.0    52   213     2   163     1   164 0.97 -
d1y7ra1d.108.1.1     -            133 d1yx0a1d.108.1.1.aln -            234   2.6e-19   65.4   0.0   1   1   1.7e-20     3e-19   65.2   0.0    78   206     8   131     2   133 0.94 -
d2aj6a1d.108.1.1     -            118 d1yx0a1d.108.1.1.aln -            234     5e-19   64.4   0.0   1   1     3e-20   5.3e-19   64.4   0.0    61   175     3   116     1   118 0.97 -
d2g3aa1d.108.1.1     -            137 d1yx0a1d.108.1.1.aln -            234   2.5e-18   62.2   0.0   1   1   1.4e-19   2.5e-18   62.2   0.0    81   217     9   134     1   137 0.88 -
d1n71a_d.108.1.1     -            180 d1yx0a1d.108.1.1.aln -            234   9.4e-16   53.7   0.0   1   2   4.3e-11   7.7e-10   34.4   0.0    54   180     1   113     1   120 0.96 -
d1n71a_d.108.1.1     -            180 d1yx0a1d.108.1.1.aln -            234   9.4e-16   53.7   0.0   2   2   5.5e-06   9.8e-05   17.7   0.0   186   224   144   179   133   180 0.92 -
d1r57a_d.108.1.1     -            102 d1yx0a1d.108.1.1.aln -            234   1.6e-11   39.9   0.1   1   1   9.5e-13   1.7e-11   39.8   0.1   136   202    34   101     4   102 0.82 -
d1yx0a1d.108.1.1     -            151 d1yx0a1d.108.1.1.aln -            234     1e-09   33.9   0.0   1   1     7e-11   1.3e-09   33.7   0.0   124   195    58   130    38   148 0.85 -
d1xmta_d.108.1.1     -             95 d1yx0a1d.108.1.1.aln -            234   1.5e-08   30.1   0.0   1   1   8.6e-10   1.5e-08   30.1   0.0   107   186    16    77     2    95 0.77 -
d2d4pa1d.108.1.1     -            130 d1yx0a1d.108.1.1.aln -            234     6e-07   24.9   0.0   1   1   4.1e-08   7.3e-07   24.6   0.0    60   128     1    72     1   116 0.88 -
#
# Program:         hmmsearch
# Version:         3.3.2 (Nov 2020)
# Pipeline mode:   SEARCH
# Query file:      /home/elise/Documents/M1-BIM/S2/TMEs/SBAS/tme08/models/d1yx0a1d.108.1.1.aln.hmm
# Target file:     /home/elise/Documents/M1-BIM/S2/TMEs/SBAS/tme08/scop/scop/scopTestSeq.fasta
# Option settings: hmmsearch --domtblout /home/elise/Documents/M1-BIM/S2/TMEs/SBAS/tme08/searchResults/d1yx0a1d.108.1.1.aln.out -E 1 /home/elise/Documents/M1-BIM/S2/TMEs/SBAS/tme08/models/d1yx0a1d.108.1.1.aln.hmm /home/elise/Documents/M1-BIM/S2/TMEs/SBAS/tme08/scop/scop/scopTestSeq.fasta 
# Current dir:     /home/elise/Documents/M1-BIM/S2/TMEs/SBAS/tme08
# Date:            Tue Apr  1 17:30:52 2025
# [ok]
