#                                                                            --- full sequence --- -------------- this domain -------------   hmm coord   ali coord   env coord
# target name        accession   tlen query name           accession   qlen   E-value  score  bias   #  of  c-Evalue  i-Evalue  score  bias  from    to  from    to  from    to  acc description of target
#------------------- ---------- ----- -------------------- ---------- ----- --------- ------ ----- --- --- --------- --------- ------ ----- ----- ----- ----- ----- ----- ----- ---- ---------------------
d2pq8a_d.108.1.1     -            271 d1z4ra1d.108.1.1.aln -            236   1.7e-57  190.5   0.3   1   1   1.1e-58   1.9e-57  190.3   0.3     6   236     1   256     1   256 0.99 -
d2p0wa_d.108.1.1     -            319 d1z4ra1d.108.1.1.aln -            236   1.8e-53  177.3   0.1   1   1   1.2e-54   2.2e-53  177.0   0.1     1   236    70   319    70   319 0.99 -
d1boba_d.108.1.1     -            315 d1z4ra1d.108.1.1.aln -            236   6.8e-42  139.4   0.3   1   1   4.7e-43   8.4e-42  139.1   0.3     1   236    66   315    66   315 0.97 -
d1p0ha_d.108.1.1     -            308 d1z4ra1d.108.1.1.aln -            236   7.2e-34  113.1   0.0   1   2   3.5e-33   6.3e-32  106.8   0.0     1   236    22   280    22   280 0.99 -
d1p0ha_d.108.1.1     -            308 d1z4ra1d.108.1.1.aln -            236   7.2e-34  113.1   0.0   2   2     0.065       1.2    4.4   0.0   178   198   281   301   281   306 0.85 -
d1tiqa_d.108.1.1     -            173 d1z4ra1d.108.1.1.aln -            236   2.6e-32  108.0   0.1   1   1   1.6e-33   2.9e-32  107.9   0.1    56   220     1   172     1   173 0.98 -
d1z4ea1d.108.1.1     -            150 d1z4ra1d.108.1.1.aln -            236   8.3e-31  103.1   0.1   1   1     5e-32     9e-31  103.0   0.1    56   202     1   147     1   150 0.97 -
d1z4ra1d.108.1.1     -            162 d1z4ra1d.108.1.1.aln -            236   1.1e-30  102.8   0.0   1   1   6.4e-32   1.2e-30  102.7   0.0    59   224     2   161     1   162 0.97 -
d1u6ma_d.108.1.1     -            189 d1z4ra1d.108.1.1.aln -            236   1.3e-29   99.2   0.1   1   1   8.1e-31   1.5e-29   99.1   0.1    35   212     2   186     1   189 0.98 -
d1i12a_d.108.1.1     -            157 d1z4ra1d.108.1.1.aln -            236   3.1e-29   98.0   0.0   1   1   1.8e-30   3.3e-29   97.9   0.0    55   202     3   154     1   157 0.97 -
d2b5ga_d.108.1.1     -            168 d1z4ra1d.108.1.1.aln -            236   1.1e-28   96.2   0.2   1   1   6.9e-30   1.2e-28   96.0   0.2    56   217     2   167     1   168 0.98 -
d2gana1d.108.1.1     -            182 d1z4ra1d.108.1.1.aln -            236   1.2e-28   96.1   0.2   1   1   7.1e-30   1.3e-28   96.0   0.2    36   211     1   179     1   182 0.95 -
d2fiaa1d.108.1.1     -            157 d1z4ra1d.108.1.1.aln -            236   1.8e-28   95.5   0.6   1   1   1.1e-29     2e-28   95.3   0.6    61   218     2   156     1   157 0.97 -
d1y9ka1d.108.1.1     -            152 d1z4ra1d.108.1.1.aln -            236   2.4e-28   95.1   0.0   1   1   1.5e-29   2.7e-28   94.9   0.0    92   229    19   151    10   152 0.92 -
d2ae6a1d.108.1.1     -            161 d1z4ra1d.108.1.1.aln -            236   4.7e-28   94.1   0.1   1   1     3e-29   5.3e-28   93.9   0.1    72   218    13   159     3   161 0.96 -
d1nsla_d.108.1.1     -            180 d1z4ra1d.108.1.1.aln -            236   8.3e-28   93.3   0.2   1   1   5.1e-29   9.2e-28   93.2   0.2    48   223     2   180     1   180 0.98 -
d2cy2a1d.108.1.1     -            174 d1z4ra1d.108.1.1.aln -            236   1.3e-27   92.7   0.6   1   1   8.1e-29   1.5e-27   92.5   0.6    57   223     1   174     1   174 0.98 -
d1qsma_d.108.1.1     -            150 d1z4ra1d.108.1.1.aln -            236   1.8e-27   92.2   0.0   1   1   1.1e-28     2e-27   92.1   0.0    55   203     1   147     1   150 0.97 -
d1y9wa1d.108.1.1     -            140 d1z4ra1d.108.1.1.aln -            236     2e-27   92.1   0.9   1   1   1.2e-28   2.1e-27   92.0   0.9    77   215     7   139     1   140 0.96 -
d1ufha_d.108.1.1     -            155 d1z4ra1d.108.1.1.aln -            236   2.3e-27   91.8   0.3   1   1   1.4e-28   2.5e-27   91.7   0.3    57   202     2   152     1   155 0.97 -
d1wwza1d.108.1.1     -            157 d1z4ra1d.108.1.1.aln -            236   1.1e-26   89.6   0.3   1   1   7.7e-28   1.4e-26   89.3   0.3    54   208     1   155     1   156 0.95 -
d1vkca_d.108.1.1     -            149 d1z4ra1d.108.1.1.aln -            236   1.4e-26   89.3   1.3   1   1   9.3e-28   1.7e-26   89.0   1.3    67   202    10   146     3   148 0.96 -
d2fl4a1d.108.1.1     -            146 d1z4ra1d.108.1.1.aln -            236   2.4e-26   88.5   0.6   1   1   1.4e-27   2.6e-26   88.4   0.6    68   210     2   143     1   146 0.93 -
d1mk4a_d.108.1.1     -            157 d1z4ra1d.108.1.1.aln -            236   2.8e-26   88.3   0.0   1   1   1.7e-27   3.1e-26   88.2   0.0    61   225     2   156     1   157 0.95 -
d1yk3a1d.108.1.1     -            198 d1z4ra1d.108.1.1.aln -            236   3.2e-26   88.1   0.0   1   1   1.9e-27   3.5e-26   88.0   0.0    29   213     2   195     1   198 0.98 -
d2fcka1d.108.1.1     -            178 d1z4ra1d.108.1.1.aln -            236   3.2e-26   88.1   0.1   1   1     2e-27   3.5e-26   88.0   0.1    50   211     1   169     1   177 0.95 -
d1ghea_d.108.1.1     -            170 d1z4ra1d.108.1.1.aln -            236   4.1e-26   87.7   0.0   1   1   2.5e-27   4.4e-26   87.6   0.0    58   218     2   167     1   170 0.96 -
d2euia1d.108.1.1     -            153 d1z4ra1d.108.1.1.aln -            236   2.6e-24   81.9   0.1   1   1   1.7e-25     3e-24   81.7   0.1    58   204     2   145     1   152 0.95 -
d2jdca1d.108.1.1     -            145 d1z4ra1d.108.1.1.aln -            236   1.5e-23   79.3   0.1   1   1   9.3e-25   1.7e-23   79.2   0.1    62   215     3   143     1   145 0.97 -
d1cjwa_d.108.1.1     -            166 d1z4ra1d.108.1.1.aln -            236     2e-23   79.0   0.0   1   1   1.2e-24   2.2e-23   78.8   0.0    54   215     3   165     1   166 0.98 -
d1yx0a1d.108.1.1     -            151 d1z4ra1d.108.1.1.aln -            236   1.5e-22   76.1   0.0   1   1     9e-24   1.6e-22   76.0   0.0    80   215    18   150     4   151 0.94 -
d1bo4a_d.108.1.1     -            137 d1z4ra1d.108.1.1.aln -            236   4.1e-22   74.6   0.1   1   1   2.5e-23   4.4e-22   74.6   0.1    75   193    19   137     2   137 0.94 -
d1y7ra1d.108.1.1     -            133 d1z4ra1d.108.1.1.aln -            236     5e-21   71.1   0.0   1   1     3e-22   5.4e-21   71.0   0.0    74   207     2   132     1   133 0.96 -
d2g3aa1d.108.1.1     -            137 d1z4ra1d.108.1.1.aln -            236   6.2e-21   70.8   0.0   1   1   3.6e-22   6.5e-21   70.7   0.0    74   214     4   135     1   137 0.93 -
d1m4ia_d.108.1.1     -            181 d1z4ra1d.108.1.1.aln -            236   6.4e-21   70.7   0.0   1   1   4.4e-22   7.8e-21   70.5   0.0    55   227     1   179     1   181 0.97 -
d2atra1d.108.1.1     -            137 d1z4ra1d.108.1.1.aln -            236   9.3e-20   67.0   0.0   1   1   5.8e-21     1e-19   66.8   0.0    66   208     5   134     1   137 0.92 -
d1n71a_d.108.1.1     -            180 d1z4ra1d.108.1.1.aln -            236   1.4e-19   66.4   0.0   1   1   8.3e-21   1.5e-19   66.3   0.0    56   220     2   178     1   180 0.97 -
d1xeba_d.108.1.1     -            149 d1z4ra1d.108.1.1.aln -            236   1.4e-19   66.4   0.6   1   1   8.5e-21   1.5e-19   66.2   0.6    65   206     4   141     1   148 0.94 -
d2fiwa1d.108.1.1     -            156 d1z4ra1d.108.1.1.aln -            236   1.9e-19   65.9   0.0   1   1   1.1e-20     2e-19   65.9   0.0    59   211     2   147     1   156 0.93 -
d2aj6a1d.108.1.1     -            118 d1z4ra1d.108.1.1.aln -            236   4.2e-18   61.5   0.0   1   1   2.5e-19   4.5e-18   61.4   0.0    60   175     1   116     1   118 0.98 -
d1q2ya_d.108.1.1     -            140 d1z4ra1d.108.1.1.aln -            236   8.9e-18   60.5   0.2   1   1   5.3e-19   9.5e-18   60.4   0.2    70   214     4   139     1   140 0.91 -
d2fsra1d.108.1.1     -            164 d1z4ra1d.108.1.1.aln -            236   6.8e-15   51.0   0.0   1   1   4.1e-16   7.4e-15   50.9   0.0    57   213     2   163     1   164 0.94 -
d1r57a_d.108.1.1     -            102 d1z4ra1d.108.1.1.aln -            236   1.4e-14   50.0   0.1   1   1   8.6e-16   1.5e-14   49.9   0.1   106   207     7   101     2   102 0.85 -
d1xmta_d.108.1.1     -             95 d1z4ra1d.108.1.1.aln -            236   5.4e-11   38.3   0.0   1   1     3e-12   5.4e-11   38.3   0.0   103   182     6    77     1    95 0.82 -
d2d4pa1d.108.1.1     -            130 d1z4ra1d.108.1.1.aln -            236   1.7e-06   23.6   0.2   1   1   6.7e-07   1.2e-05   20.8   0.2    67   197     4   118     1   129 0.93 -
#
# Program:         hmmsearch
# Version:         3.3.2 (Nov 2020)
# Pipeline mode:   SEARCH
# Query file:      /home/elise/Documents/M1-BIM/S2/TMEs/SBAS/tme08/models/d1z4ra1d.108.1.1.aln.hmm
# Target file:     /home/elise/Documents/M1-BIM/S2/TMEs/SBAS/tme08/scop/scop/scopTestSeq.fasta
# Option settings: hmmsearch --domtblout /home/elise/Documents/M1-BIM/S2/TMEs/SBAS/tme08/searchResults/d1z4ra1d.108.1.1.aln.out -E 1 /home/elise/Documents/M1-BIM/S2/TMEs/SBAS/tme08/models/d1z4ra1d.108.1.1.aln.hmm /home/elise/Documents/M1-BIM/S2/TMEs/SBAS/tme08/scop/scop/scopTestSeq.fasta 
# Current dir:     /home/elise/Documents/M1-BIM/S2/TMEs/SBAS/tme08
# Date:            Tue Apr  1 17:30:52 2025
# [ok]
