#                                                                            --- full sequence --- -------------- this domain -------------   hmm coord   ali coord   env coord
# target name        accession   tlen query name           accession   qlen   E-value  score  bias   #  of  c-Evalue  i-Evalue  score  bias  from    to  from    to  from    to  acc description of target
#------------------- ---------- ----- -------------------- ---------- ----- --------- ------ ----- --- --- --------- --------- ------ ----- ----- ----- ----- ----- ----- ----- ---- ---------------------
d2c4ja1a.45.1.1      -            133 d1z9ha1a.45.1.1.aln  -            136   5.2e-42  138.6   0.1   1   1   8.7e-44   5.7e-42  138.5   0.1     2   135     1   128     1   129 0.98 -
d1tu7a1a.45.1.1      -            131 d1z9ha1a.45.1.1.aln  -            136   5.2e-38  125.7   0.1   1   1   8.7e-40   5.7e-38  125.5   0.1     4   136     1   131     1   131 0.98 -
d1k3ya1a.45.1.1      -            142 d1z9ha1a.45.1.1.aln  -            136   8.3e-37  121.8   0.0   1   1   1.4e-38   9.2e-37  121.6   0.0     2   133     1   131     1   134 0.98 -
d1okta1a.45.1.1      -            126 d1z9ha1a.45.1.1.aln  -            136     1e-29   98.8   0.3   1   1   1.7e-31   1.1e-29   98.7   0.3     3   125     1   123     1   126 0.98 -
d2cvda1a.45.1.1      -            124 d1z9ha1a.45.1.1.aln  -            136   2.7e-29   97.4   0.1   1   1   4.5e-31     3e-29   97.3   0.1     2   127     2   123     1   124 0.94 -
d1tw9a1a.45.1.1      -            129 d1z9ha1a.45.1.1.aln  -            136     5e-26   86.9   0.0   1   1   8.9e-28   5.9e-26   86.6   0.0     3   127     1   128     1   129 0.92 -
d1eema1a.45.1.1      -            139 d1z9ha1a.45.1.1.aln  -            136   1.4e-25   85.4   0.1   1   1   2.3e-27   1.5e-25   85.3   0.1     4   134     2   128     1   130 0.95 -
d1gnwa1a.45.1.1      -            126 d1z9ha1a.45.1.1.aln  -            136   2.2e-24   81.5   0.3   1   1   3.9e-26   2.6e-24   81.3   0.3     9   118    16   124    10   126 0.95 -
d1nhya1a.45.1.1      -            144 d1z9ha1a.45.1.1.aln  -            136   2.6e-24   81.3   0.1   1   1   4.4e-26   2.9e-24   81.2   0.1     2   133     8   143     7   144 0.96 -
d1k0ma1a.45.1.1      -            149 d1z9ha1a.45.1.1.aln  -            136   4.1e-15   51.5   0.1   1   1   7.2e-17   4.7e-15   51.3   0.1     4   135     8   147     5   148 0.92 -
d2fnoa1a.45.1.1      -            149 d1z9ha1a.45.1.1.aln  -            136   2.2e-13   45.9   0.0   1   1   4.1e-15   2.7e-13   45.6   0.0     3   132     1   136     1   139 0.95 -
d1z9ha1a.45.1.1      -            161 d1z9ha1a.45.1.1.aln  -            136   3.5e-05   19.4   0.0   1   1   8.4e-07   5.5e-05   18.7   0.0    56   112   101   156    72   157 0.77 -
#
# Program:         hmmsearch
# Version:         3.3.2 (Nov 2020)
# Pipeline mode:   SEARCH
# Query file:      /home/elise/Documents/M1-BIM/S2/TMEs/SBAS/tme08/models/d1z9ha1a.45.1.1.aln.hmm
# Target file:     /home/elise/Documents/M1-BIM/S2/TMEs/SBAS/tme08/scop/scop/scopTestSeq.fasta
# Option settings: hmmsearch --domtblout /home/elise/Documents/M1-BIM/S2/TMEs/SBAS/tme08/searchResults/d1z9ha1a.45.1.1.aln.out -E 1 /home/elise/Documents/M1-BIM/S2/TMEs/SBAS/tme08/models/d1z9ha1a.45.1.1.aln.hmm /home/elise/Documents/M1-BIM/S2/TMEs/SBAS/tme08/scop/scop/scopTestSeq.fasta 
# Current dir:     /home/elise/Documents/M1-BIM/S2/TMEs/SBAS/tme08
# Date:            Tue Apr  1 17:30:52 2025
# [ok]
