#                                                                            --- full sequence --- -------------- this domain -------------   hmm coord   ali coord   env coord
# target name        accession   tlen query name           accession   qlen   E-value  score  bias   #  of  c-Evalue  i-Evalue  score  bias  from    to  from    to  from    to  acc description of target
#------------------- ---------- ----- -------------------- ---------- ----- --------- ------ ----- --- --- --------- --------- ------ ----- ----- ----- ----- ----- ----- ----- ---- ---------------------
d1pvma4d.37.1.1      -            142 d1zfja4d.37.1.1.aln  -            131   4.5e-35  116.1   1.2   1   1   1.2e-36     5e-35  115.9   1.2     2   128     1   128     1   131 0.98 -
d1y5ha3d.37.1.1      -            123 d1zfja4d.37.1.1.aln  -            131   2.4e-33  110.5   0.1   1   1   6.2e-35   2.6e-33  110.4   0.1     6   125     3   122     1   123 0.98 -
d2yzqa2d.37.1.1      -            122 d1zfja4d.37.1.1.aln  -            131   5.2e-33  109.4   2.7   1   1   1.5e-34   6.2e-33  109.2   2.7     4   130     1   121     1   122 0.95 -
d2yzia1d.37.1.1      -            132 d1zfja4d.37.1.1.aln  -            131   1.2e-32  108.3   1.4   1   1     3e-34   1.3e-32  108.2   1.4     2   130     3   130     2   131 0.97 -
d1vr9a3d.37.1.1      -            121 d1zfja4d.37.1.1.aln  -            131     4e-31  103.3   0.1   1   1   1.1e-32   4.4e-31  103.2   0.1     4   129     1   120     1   121 0.98 -
d1pbja3d.37.1.1      -            120 d1zfja4d.37.1.1.aln  -            131   5.3e-31  102.9   6.6   1   1   1.4e-32   5.8e-31  102.8   6.6     5   124     1   118     1   120 0.95 -
d2nyca1d.37.1.1      -            140 d1zfja4d.37.1.1.aln  -            131   3.8e-30  100.2   0.4   1   1     1e-31   4.2e-30  100.0   0.4     2   125    15   137    14   140 0.98 -
d3ddja1d.37.1.1      -            141 d1zfja4d.37.1.1.aln  -            131   7.5e-30   99.2   7.1   1   1     2e-31   8.2e-30   99.1   7.1     5   128     3   132     1   135 0.98 -
d1o50a3d.37.1.1      -            145 d1zfja4d.37.1.1.aln  -            131   1.5e-29   98.2   2.4   1   1   4.4e-31   1.8e-29   97.9   2.4     1   130     1   144     1   145 0.97 -
d2rc3a1d.37.1.1      -            127 d1zfja4d.37.1.1.aln  -            131   3.9e-29   96.9   2.2   1   1     1e-30   4.2e-29   96.8   2.2     2   126     3   126     2   127 0.89 -
d3ddja2d.37.1.1      -            135 d1zfja4d.37.1.1.aln  -            131   8.9e-29   95.7   0.1   1   1   2.4e-30   9.9e-29   95.6   0.1     4   129     1   134     1   135 0.98 -
d2ouxa2d.37.1.1      -            127 d1zfja4d.37.1.1.aln  -            131   7.1e-27   89.6   7.7   1   1   1.8e-28   7.6e-27   89.5   7.7     6   129     3   125     1   127 0.98 -
d2riha_d.37.1.1      -            131 d1zfja4d.37.1.1.aln  -            131   9.3e-26   86.0   0.8   1   1   2.5e-27     1e-25   85.8   0.8     4   130     1   127     1   128 0.94 -
d2yzqa1d.37.1.1      -            156 d1zfja4d.37.1.1.aln  -            131   9.3e-26   85.9   0.1   1   1   2.2e-25   9.1e-24   79.5   0.1     2   129     2   143     1   156 0.82 -
d2j9la1d.37.1.1      -            169 d1zfja4d.37.1.1.aln  -            131     6e-23   76.8   1.3   1   1   1.9e-23   8.1e-22   73.2   1.3     2   130     9   160     8   161 0.98 -
d2v8qe2d.37.1.1      -            159 d1zfja4d.37.1.1.aln  -            131   3.1e-22   74.6   0.0   1   1   9.3e-22   3.9e-20   67.8   0.0     1   130    16   158    16   159 0.90 -
d2d4za3d.37.1.1      -            161 d1zfja4d.37.1.1.aln  -            131   3.1e-19   64.8   0.0   1   1   8.9e-21   3.7e-19   64.6   0.0     2   130     9   154     8   155 0.97 -
d1zfja4d.37.1.1      -            126 d1zfja4d.37.1.1.aln  -            131   1.2e-14   50.0   0.5   1   2   7.9e-06   0.00033   16.2   0.0    81   120     9    50     5    59 0.88 -
d1zfja4d.37.1.1      -            126 d1zfja4d.37.1.1.aln  -            131   1.2e-14   50.0   0.5   2   2     8e-11   3.3e-09   32.4   0.2    76   125    67   116    53   117 0.87 -
d1y63a_c.37.1.1      -            174 d1zfja4d.37.1.1.aln  -            131   0.00052   15.6   0.5   1   1   2.5e-05     0.001   14.6   0.5    47   101    99   169    97   173 0.87 -
#
# Program:         hmmsearch
# Version:         3.3.2 (Nov 2020)
# Pipeline mode:   SEARCH
# Query file:      /home/elise/Documents/M1-BIM/S2/TMEs/SBAS/tme08/models/d1zfja4d.37.1.1.aln.hmm
# Target file:     /home/elise/Documents/M1-BIM/S2/TMEs/SBAS/tme08/scop/scop/scopTestSeq.fasta
# Option settings: hmmsearch --domtblout /home/elise/Documents/M1-BIM/S2/TMEs/SBAS/tme08/searchResults/d1zfja4d.37.1.1.aln.out -E 1 /home/elise/Documents/M1-BIM/S2/TMEs/SBAS/tme08/models/d1zfja4d.37.1.1.aln.hmm /home/elise/Documents/M1-BIM/S2/TMEs/SBAS/tme08/scop/scop/scopTestSeq.fasta 
# Current dir:     /home/elise/Documents/M1-BIM/S2/TMEs/SBAS/tme08
# Date:            Tue Apr  1 17:30:52 2025
# [ok]
