#                                                                            --- full sequence --- -------------- this domain -------------   hmm coord   ali coord   env coord
# target name        accession   tlen query name           accession   qlen   E-value  score  bias   #  of  c-Evalue  i-Evalue  score  bias  from    to  from    to  from    to  acc description of target
#------------------- ---------- ----- -------------------- ---------- ----- --------- ------ ----- --- --- --------- --------- ------ ----- ----- ----- ----- ----- ----- ----- ---- ---------------------
d1zina1c.37.1.1      -            183 d1zina1c.37.1.1.aln  -            202   2.9e-49  163.1   0.1   1   1     1e-50   3.4e-49  162.8   0.1     4   199     1   179     1   181 0.99 -
d1p5zb_c.37.1.1      -            241 d1zina1c.37.1.1.aln  -            202   6.2e-43  142.4   0.0   1   1   2.1e-44   7.1e-43  142.2   0.0     4   201     3   220     1   221 0.99 -
d1qf9a_c.37.1.1      -            194 d1zina1c.37.1.1.aln  -            202   3.7e-41  136.6   0.0   1   1   1.3e-42   4.1e-41  136.4   0.0     2   201     5   192     4   193 0.97 -
d1khta_c.37.1.1      -            190 d1zina1c.37.1.1.aln  -            202   4.2e-38  126.6   0.0   1   1   1.4e-39   4.7e-38  126.5   0.0     3   200     1   188     1   190 0.98 -
d1t0hb_c.37.1.1      -            219 d1zina1c.37.1.1.aln  -            202   1.4e-31  105.3   0.0   1   1   5.2e-33   1.7e-31  105.0   0.0     2   186    19   209    18   213 0.93 -
d1vhta_c.37.1.1      -            208 d1zina1c.37.1.1.aln  -            202     2e-31  104.8   0.3   1   1   6.7e-33   2.2e-31  104.7   0.3     4   200     4   200     1   202 0.98 -
d1e2ka_c.37.1.1      -            329 d1zina1c.37.1.1.aln  -            202   8.9e-29   96.2   0.0   1   2   0.00035     0.012   10.9   0.0     5    25     6    26     4    30 0.91 -
d1e2ka_c.37.1.1      -            329 d1zina1c.37.1.1.aln  -            202   8.9e-29   96.2   0.0   2   2   2.3e-26   7.4e-25   83.4   0.0     4   201    32   287    29   288 0.98 -
d1deka_c.37.1.1      -            241 d1zina1c.37.1.1.aln  -            202   1.9e-28   95.1   0.0   1   1   7.1e-30   2.3e-28   94.8   0.0     3   202     1   207     1   207 0.99 -
d1gsia_c.37.1.1      -            208 d1zina1c.37.1.1.aln  -            202   2.5e-27   91.4   0.0   1   1   9.1e-29     3e-27   91.2   0.0     4   197     1   196     1   200 0.98 -
d1y63a_c.37.1.1      -            174 d1zina1c.37.1.1.aln  -            202   3.7e-26   87.6   0.8   1   1   1.3e-27   4.2e-26   87.5   0.8     1   196     3   172     3   174 0.94 -
d1kgda_c.37.1.1      -            178 d1zina1c.37.1.1.aln  -            202   2.5e-24   81.6   0.1   1   1   8.4e-26   2.8e-24   81.5   0.1     1   176     1   176     1   178 0.99 -
d1kjwa2c.37.1.1      -            199 d1zina1c.37.1.1.aln  -            202   3.3e-24   81.3   0.0   1   1   1.1e-25   3.6e-24   81.1   0.0     1   190     7   199     7   199 0.97 -
d1lw7a2c.37.1.1      -            192 d1zina1c.37.1.1.aln  -            202   3.4e-24   81.2   0.0   1   1   1.1e-25   3.7e-24   81.1   0.0     3   198     7   189     5   192 0.97 -
d2grja_c.37.1.1      -            179 d1zina1c.37.1.1.aln  -            202   3.3e-22   74.7   1.1   1   1   1.1e-23   3.8e-22   74.5   1.1     1   199     1   176     1   179 0.93 -
d1yj5a2c.37.1.1      -            172 d1zina1c.37.1.1.aln  -            202     5e-21   70.9   0.0   1   1   1.7e-22   5.5e-21   70.7   0.0     2   172    13   171    12   172 0.96 -
d3kb2a_c.37.1.1      -            171 d1zina1c.37.1.1.aln  -            202   2.7e-20   68.5   0.0   1   1   9.2e-22     3e-20   68.3   0.0     5   182     2   171     1   171 0.96 -
d1ly1a_c.37.1.1      -            152 d1zina1c.37.1.1.aln  -            202   3.4e-19   64.9   0.0   1   1   1.3e-20   4.1e-19   64.6   0.0     2   167     1   147     1   150 0.96 -
d3akea_c.37.1.0      -            208 d1zina1c.37.1.1.aln  -            202   1.1e-09   33.9   0.4   1   2   8.8e-09   2.9e-07   25.9   0.0     5    41     4    40     1    50 0.95 -
d3akea_c.37.1.0      -            208 d1zina1c.37.1.1.aln  -            202   1.1e-09   33.9   0.4   2   2    0.0076      0.25    6.5   0.1   100   171    97   166    66   204 0.70 -
d2qora_c.37.1.0      -            196 d1zina1c.37.1.1.aln  -            202   2.4e-08   29.5   0.1   1   1   2.3e-09   7.5e-08   27.8   0.1     4   172     5   184     2   189 0.73 -
d1um8a_c.37.1.20     -            364 d1zina1c.37.1.1.aln  -            202    0.0001   17.6   0.0   1   2   8.4e-06   0.00027   16.2   0.0     5    31    70    96    67   132 0.84 -
d1um8a_c.37.1.20     -            364 d1zina1c.37.1.1.aln  -            202    0.0001   17.6   0.0   2   2       6.8   2.2e+02   -3.1   0.0   125   163   203   234   191   245 0.46 -
d1d2na_c.37.1.20     -            246 d1zina1c.37.1.1.aln  -            202   0.00047   15.4   0.0   1   2   0.00013    0.0043   12.3   0.0     6    32    43    69    42   108 0.94 -
d1d2na_c.37.1.20     -            246 d1zina1c.37.1.1.aln  -            202   0.00047   15.4   0.0   2   2      0.76        25    0.0   0.0   133   161   215   242   191   246 0.70 -
d1in4a2c.37.1.20     -            238 d1zina1c.37.1.1.aln  -            202   0.00066   15.0   0.0   1   1   3.9e-05    0.0013   14.0   0.0     6    35    38    67    37   106 0.91 -
d1g41a_c.37.1.20     -            443 d1zina1c.37.1.1.aln  -            202    0.0023   13.2   0.0   1   1   0.00017    0.0057   11.9   0.0     3    47    49    93    48   140 0.80 -
d2jaqa_c.37.1.0      -            201 d1zina1c.37.1.1.aln  -            202    0.0025   13.1   1.9   1   1   0.00015    0.0051   12.1   1.9     4    29     1    26     1   174 0.94 -
#
# Program:         hmmsearch
# Version:         3.3.2 (Nov 2020)
# Pipeline mode:   SEARCH
# Query file:      /home/elise/Documents/M1-BIM/S2/TMEs/SBAS/tme08/models/d1zina1c.37.1.1.aln.hmm
# Target file:     /home/elise/Documents/M1-BIM/S2/TMEs/SBAS/tme08/scop/scop/scopTestSeq.fasta
# Option settings: hmmsearch --domtblout /home/elise/Documents/M1-BIM/S2/TMEs/SBAS/tme08/searchResults/d1zina1c.37.1.1.aln.out -E 1 /home/elise/Documents/M1-BIM/S2/TMEs/SBAS/tme08/models/d1zina1c.37.1.1.aln.hmm /home/elise/Documents/M1-BIM/S2/TMEs/SBAS/tme08/scop/scop/scopTestSeq.fasta 
# Current dir:     /home/elise/Documents/M1-BIM/S2/TMEs/SBAS/tme08
# Date:            Tue Apr  1 17:30:52 2025
# [ok]
