#                                                                            --- full sequence --- -------------- this domain -------------   hmm coord   ali coord   env coord
# target name        accession   tlen query name           accession   qlen   E-value  score  bias   #  of  c-Evalue  i-Evalue  score  bias  from    to  from    to  from    to  acc description of target
#------------------- ---------- ----- -------------------- ---------- ----- --------- ------ ----- --- --- --------- --------- ------ ----- ----- ----- ----- ----- ----- ----- ---- ---------------------
d1z0xa2a.121.1.1     -            149 d1zk8a2a.121.1.1.aln -            118   2.1e-18   62.5   0.0   1   1   8.7e-20   2.4e-18   62.4   0.0     2   117     2   131     1   132 0.98 -
d1t56a2a.121.1.1     -            120 d1zk8a2a.121.1.1.aln -            118   1.9e-17   59.5   1.6   1   1   7.5e-19     2e-17   59.4   1.6     1   116     3   118     3   120 0.97 -
d2id3a2a.121.1.1     -            123 d1zk8a2a.121.1.1.aln -            118   9.7e-17   57.2   5.8   1   1   3.9e-18   1.1e-16   57.1   5.8     2   117     4   121     3   122 0.98 -
d2fx0a2a.121.1.1     -            122 d1zk8a2a.121.1.1.aln -            118   1.4e-16   56.6   0.0   1   1   5.8e-18   1.6e-16   56.5   0.0     2   117     2   121     1   122 0.98 -
d2g7sa2a.121.1.1     -            116 d1zk8a2a.121.1.1.aln -            118   2.6e-16   55.8   1.1   1   1   1.1e-17   2.9e-16   55.7   1.1     2   114     2   114     1   116 0.98 -
d2g7la2a.121.1.1     -            144 d1zk8a2a.121.1.1.aln -            118   1.1e-15   53.8   6.9   1   1   4.7e-17   1.3e-15   53.6   6.9     1   116     1   130     1   132 0.98 -
d1t33a2a.121.1.1     -            132 d1zk8a2a.121.1.1.aln -            118   1.4e-15   53.4   0.1   1   1   5.8e-17   1.6e-15   53.3   0.1     2   116     5   124     4   126 0.98 -
d2fbqa2a.121.1.1     -            134 d1zk8a2a.121.1.1.aln -            118   1.6e-15   53.3   0.1   1   1   6.5e-17   1.8e-15   53.2   0.1     4   116     9   128     6   130 0.97 -
d2g3ba2a.121.1.1     -            116 d1zk8a2a.121.1.1.aln -            118   1.6e-15   53.3   1.5   1   1   6.4e-17   1.7e-15   53.2   1.5     2   115     2   115     1   116 0.97 -
d2i10a2a.121.1.1     -            116 d1zk8a2a.121.1.1.aln -            118   2.5e-15   52.6   1.5   1   1   1.1e-16     3e-15   52.4   1.5     8   112    10   114     4   116 0.96 -
d2hyja2a.121.1.1     -            118 d1zk8a2a.121.1.1.aln -            118   2.6e-15   52.6   4.7   1   1   1.1e-16   3.1e-15   52.4   4.7     5   112     7   116     4   118 0.95 -
d2d6ya2a.121.1.1     -            118 d1zk8a2a.121.1.1.aln -            118   3.7e-15   52.1   1.1   1   1   1.5e-16     4e-15   52.0   1.1     1   116     2   117     2   118 0.98 -
d1vi0a2a.121.1.1     -            117 d1zk8a2a.121.1.1.aln -            118   5.8e-15   51.5   0.0   1   1   2.3e-16   6.3e-15   51.4   0.0     4   117     3   116     1   117 0.94 -
d2np3a2a.121.1.1     -            112 d1zk8a2a.121.1.1.aln -            118   6.8e-15   51.3   4.8   1   1   2.7e-16   7.5e-15   51.2   4.8     2   117     3   111     2   112 0.96 -
d2np5a2a.121.1.1     -            118 d1zk8a2a.121.1.1.aln -            118   1.5e-14   50.1   3.0   1   1   6.2e-16   1.7e-14   50.0   3.0     2   116     3   116     2   118 0.98 -
d1ui5a2a.121.1.1     -            133 d1zk8a2a.121.1.1.aln -            118   2.1e-14   49.7   0.6   1   1   8.4e-16   2.3e-14   49.6   0.6     2   117     2   131     1   132 0.98 -
d2gena2a.121.1.1     -            118 d1zk8a2a.121.1.1.aln -            118   4.8e-14   48.6   4.6   1   1   1.9e-15   5.3e-14   48.4   4.6     2   114     5   118     4   118 0.97 -
d2id6a2a.121.1.1     -            125 d1zk8a2a.121.1.1.aln -            118     1e-13   47.5   0.0   1   1   4.2e-15   1.1e-13   47.4   0.0     2   115     2   120     1   123 0.97 -
d2gfna2a.121.1.1     -            119 d1zk8a2a.121.1.1.aln -            118   2.3e-13   46.4   5.7   1   1   9.5e-15   2.6e-13   46.2   5.7     2   113     2   119     1   119 0.94 -
d2oi8a2a.121.1.1     -            130 d1zk8a2a.121.1.1.aln -            118   3.3e-13   45.9   1.1   1   1   1.3e-14   3.6e-13   45.8   1.1     2   116     2   119     1   121 0.97 -
d2iu5a2a.121.1.1     -            109 d1zk8a2a.121.1.1.aln -            118   3.7e-13   45.7   0.0   1   1   1.5e-14   4.1e-13   45.6   0.0     1   116     2   109     2   109 0.98 -
d1rkta2a.121.1.1     -            123 d1zk8a2a.121.1.1.aln -            118   2.2e-12   43.3   0.0   1   1   8.7e-14   2.4e-12   43.1   0.0     3   115     6   122     4   123 0.97 -
d2fq4a2a.121.1.1     -            115 d1zk8a2a.121.1.1.aln -            118   2.3e-12   43.2   0.0   1   1   8.9e-14   2.4e-12   43.1   0.0     4   114     3   112     1   115 0.96 -
d2hkua2a.121.1.1     -            121 d1zk8a2a.121.1.1.aln -            118   2.5e-12   43.1   0.1   1   1     1e-13   2.7e-12   43.0   0.1     4   117     3   118     1   119 0.96 -
d2g7ga2a.121.1.1     -            132 d1zk8a2a.121.1.1.aln -            118   3.5e-12   42.6   7.4   1   1   1.6e-13   4.4e-12   42.3   7.4     3   116     3   126     1   128 0.91 -
d3c07a2a.121.1.1     -            146 d1zk8a2a.121.1.1.aln -            118   3.4e-11   39.4   1.5   1   1   1.5e-12     4e-11   39.2   1.5     2   116     2   130     1   132 0.97 -
d2fd5a2a.121.1.1     -            104 d1zk8a2a.121.1.1.aln -            118   4.1e-11   39.2   1.8   1   1   1.7e-12   4.7e-11   39.0   1.8     6   111     5   103     2   104 0.97 -
d2o7ta2a.121.1.1     -            110 d1zk8a2a.121.1.1.aln -            118   1.9e-09   33.9   0.0   1   1   7.3e-11     2e-09   33.8   0.0     3   105     6   108     4   110 0.94 -
d1sgma2a.121.1.1     -            111 d1zk8a2a.121.1.1.aln -            118   2.8e-09   33.3   0.0   1   1   1.1e-10   3.1e-09   33.2   0.0     2   112     2   111     1   111 0.97 -
#
# Program:         hmmsearch
# Version:         3.3.2 (Nov 2020)
# Pipeline mode:   SEARCH
# Query file:      /home/elise/Documents/M1-BIM/S2/TMEs/SBAS/tme08/models/d1zk8a2a.121.1.1.aln.hmm
# Target file:     /home/elise/Documents/M1-BIM/S2/TMEs/SBAS/tme08/scop/scop/scopTestSeq.fasta
# Option settings: hmmsearch --domtblout /home/elise/Documents/M1-BIM/S2/TMEs/SBAS/tme08/searchResults/d1zk8a2a.121.1.1.aln.out -E 1 /home/elise/Documents/M1-BIM/S2/TMEs/SBAS/tme08/models/d1zk8a2a.121.1.1.aln.hmm /home/elise/Documents/M1-BIM/S2/TMEs/SBAS/tme08/scop/scop/scopTestSeq.fasta 
# Current dir:     /home/elise/Documents/M1-BIM/S2/TMEs/SBAS/tme08
# Date:            Tue Apr  1 17:30:52 2025
# [ok]
