#                                                                            --- full sequence --- -------------- this domain -------------   hmm coord   ali coord   env coord
# target name        accession   tlen query name           accession   qlen   E-value  score  bias   #  of  c-Evalue  i-Evalue  score  bias  from    to  from    to  from    to  acc description of target
#------------------- ---------- ----- -------------------- ---------- ----- --------- ------ ----- --- --- --------- --------- ------ ----- ----- ----- ----- ----- ----- ----- ---- ---------------------
d1lb3a_a.25.1.1      -            179 d1zs3a1a.25.1.1.aln  -            152   3.1e-49  162.2   0.4   1   1   5.2e-51   3.4e-49  162.1   0.4     1   150     4   155     4   157 0.98 -
d2y3qa_a.25.1.1      -            158 d1zs3a1a.25.1.1.aln  -            152   7.7e-45  147.9   2.3   1   1   1.4e-46   8.9e-45  147.7   2.3     2   151     1   148     1   149 0.98 -
d3bvfa_a.25.1.1      -            172 d1zs3a1a.25.1.1.aln  -            152   4.7e-40  132.4   5.7   1   1   8.2e-42   5.4e-40  132.2   5.7     3   151     7   153     5   154 0.97 -
d2cf7a_a.25.1.1      -            159 d1zs3a1a.25.1.1.aln  -            152   4.6e-39  129.2   0.1   1   1   8.1e-41   5.3e-39  129.0   0.1     6   146    10   158     6   159 0.98 -
d1nf4a_a.25.1.1      -            169 d1zs3a1a.25.1.1.aln  -            152   6.2e-39  128.8   4.7   1   1     1e-40   6.9e-39  128.6   4.7     2   150     3   149     2   151 0.97 -
d1z6om1a.25.1.1      -            191 d1zs3a1a.25.1.1.aln  -            152   4.6e-38  125.9   0.0   1   1   7.8e-40   5.1e-38  125.8   0.0     4   150    17   172    14   174 0.97 -
d1tjoa_a.25.1.1      -            180 d1zs3a1a.25.1.1.aln  -            152   1.7e-31  104.6   6.9   1   1   3.3e-33   2.1e-31  104.3   6.9     3   146    24   174    22   179 0.90 -
d1yuza1a.25.1.1      -            135 d1zs3a1a.25.1.1.aln  -            152   1.1e-30  102.0   0.5   1   1   1.9e-32   1.3e-30  101.8   0.5     8   137     7   134     3   135 0.98 -
d1z6oa1a.25.1.1      -            200 d1zs3a1a.25.1.1.aln  -            152   2.2e-23   78.3  11.0   1   1   3.8e-25   2.5e-23   78.1  11.0     4   151    21   179    18   180 0.96 -
d2fzfa1a.25.1.1      -            158 d1zs3a1a.25.1.1.aln  -            152   1.2e-19   66.2  11.0   1   1     2e-21   1.3e-19   66.0  11.0     2   149     6   157     5   158 0.98 -
d1vjxa_a.25.1.1      -            149 d1zs3a1a.25.1.1.aln  -            152   3.3e-17   58.2   7.0   1   1   5.6e-19   3.7e-17   58.1   7.0     3   143     2   147     1   149 0.96 -
d1zs3a1a.25.1.1      -            171 d1zs3a1a.25.1.1.aln  -            152     3e-09   32.4   0.4   1   1     6e-11   3.9e-09   32.0   0.4    16   142    33   165    14   168 0.77 -
#
# Program:         hmmsearch
# Version:         3.3.2 (Nov 2020)
# Pipeline mode:   SEARCH
# Query file:      /home/elise/Documents/M1-BIM/S2/TMEs/SBAS/tme08/models/d1zs3a1a.25.1.1.aln.hmm
# Target file:     /home/elise/Documents/M1-BIM/S2/TMEs/SBAS/tme08/scop/scop/scopTestSeq.fasta
# Option settings: hmmsearch --domtblout /home/elise/Documents/M1-BIM/S2/TMEs/SBAS/tme08/searchResults/d1zs3a1a.25.1.1.aln.out -E 1 /home/elise/Documents/M1-BIM/S2/TMEs/SBAS/tme08/models/d1zs3a1a.25.1.1.aln.hmm /home/elise/Documents/M1-BIM/S2/TMEs/SBAS/tme08/scop/scop/scopTestSeq.fasta 
# Current dir:     /home/elise/Documents/M1-BIM/S2/TMEs/SBAS/tme08
# Date:            Tue Apr  1 17:30:53 2025
# [ok]
