#                                                                            --- full sequence --- -------------- this domain -------------   hmm coord   ali coord   env coord
# target name        accession   tlen query name           accession   qlen   E-value  score  bias   #  of  c-Evalue  i-Evalue  score  bias  from    to  from    to  from    to  acc description of target
#------------------- ---------- ----- -------------------- ---------- ----- --------- ------ ----- --- --- --------- --------- ------ ----- ----- ----- ----- ----- ----- ----- ---- ---------------------
d1g41a_c.37.1.20     -            443 d2a5yb3c.37.1.20.aln -            304     1e-80  266.3   6.8   1   2   8.8e-32   2.9e-30  100.7   0.1     1   112     1   114     1   135 0.92 -
d1g41a_c.37.1.20     -            443 d2a5yb3c.37.1.20.aln -            304     1e-80  266.3   6.8   2   2     4e-52   1.3e-50  167.5   2.9    88   304   214   437   210   437 0.98 -
d1lv7a_c.37.1.20     -            256 d2a5yb3c.37.1.20.aln -            304   1.5e-65  216.6   0.1   1   1     5e-67   1.7e-65  216.4   0.1     3   254     2   256     1   256 0.99 -
d1iqpa2c.37.1.20     -            231 d2a5yb3c.37.1.20.aln -            304   3.2e-65  215.5   0.6   1   1   1.1e-66   3.7e-65  215.3   0.6     6   237     4   228     1   230 0.98 -
d1r6bx3c.37.1.20     -            315 d2a5yb3c.37.1.20.aln -            304   3.6e-62  205.5   0.1   1   1   1.2e-63     4e-62  205.3   0.1     5   304     1   315     1   315 0.99 -
d1svma_c.37.1.20     -            362 d2a5yb3c.37.1.20.aln -            304   1.7e-58  193.4   0.0   1   1     6e-60     2e-58  193.2   0.0     2   304     1   362     1   362 0.97 -
d1um8a_c.37.1.20     -            364 d2a5yb3c.37.1.20.aln -            304   3.1e-53  176.1   0.2   1   1   2.9e-54   9.4e-53  174.5   0.2     2   302     5   364     4   364 0.99 -
d1njfa_c.37.1.20     -            239 d2a5yb3c.37.1.20.aln -            304     1e-52  174.4   0.0   1   1   3.3e-54   1.1e-52  174.3   0.0    16   231     2   228     1   238 0.97 -
d1sxja2c.37.1.20     -            253 d2a5yb3c.37.1.20.aln -            304   1.7e-52  173.6   0.0   1   1   5.9e-54   1.9e-52  173.5   0.0     2   244     4   251     3   253 0.99 -
d1g8pa_c.37.1.20     -            333 d2a5yb3c.37.1.20.aln -            304   5.6e-50  165.4   0.1   1   1   2.4e-51   7.9e-50  164.9   0.1     1   304     1   326     1   326 0.99 -
d1u0ja_c.37.1.20     -            267 d2a5yb3c.37.1.20.aln -            304   1.3e-45  151.1   0.0   1   1   4.5e-47   1.5e-45  150.9   0.0     9   273     2   265     1   266 0.99 -
d2fnaa2c.37.1.20     -            283 d2a5yb3c.37.1.20.aln -            304   3.8e-44  146.3   2.8   1   1   1.3e-45   4.2e-44  146.1   2.8    16   297     2   283     1   283 0.98 -
d1fnna2c.37.1.20     -            276 d2a5yb3c.37.1.20.aln -            304   5.6e-43  142.4   0.1   1   1   2.1e-44   6.9e-43  142.1   0.1     8   275     1   274     1   275 0.99 -
d1w5sa2c.37.1.20     -            287 d2a5yb3c.37.1.20.aln -            304   1.1e-42  141.4   0.2   1   1   3.8e-44   1.2e-42  141.3   0.2     9   279     2   286     1   287 0.99 -
d1d2na_c.37.1.20     -            246 d2a5yb3c.37.1.20.aln -            304   1.8e-42  140.7   0.1   1   1   6.2e-44     2e-42  140.6   0.1     8   247     2   245     1   246 0.97 -
d2p65a_c.37.1.20     -            185 d2a5yb3c.37.1.20.aln -            304     1e-39  131.7   0.7   1   1   3.3e-41   1.1e-39  131.6   0.7     7   194     1   184     1   185 0.98 -
d1in4a2c.37.1.20     -            238 d2a5yb3c.37.1.20.aln -            304   1.8e-39  130.9   1.8   1   1   6.2e-41     2e-39  130.7   1.8    16   249     4   236     1   237 0.95 -
d1ny5a2c.37.1.20     -            247 d2a5yb3c.37.1.20.aln -            304   4.5e-39  129.6   1.3   1   1   1.6e-40   5.4e-39  129.4   1.3    22   270     3   245     1   246 0.99 -
d1tuea_c.37.1.20     -            205 d2a5yb3c.37.1.20.aln -            304   2.3e-32  107.6   0.0   1   1   7.7e-34   2.5e-32  107.4   0.0    16   239     4   204     1   205 0.98 -
d2gnoa2c.37.1.20     -            198 d2a5yb3c.37.1.20.aln -            304   4.9e-29   96.7   0.5   1   1   1.7e-30   5.6e-29   96.4   0.5    20   235     1   196     1   198 0.98 -
d1l8qa2c.37.1.20     -            213 d2a5yb3c.37.1.20.aln -            304   5.1e-27   90.0   1.9   1   1   1.7e-28   5.6e-27   89.9   1.9    14   240     1   212     1   213 0.97 -
d1a5ta2c.37.1.20     -            207 d2a5yb3c.37.1.20.aln -            304   6.3e-27   89.7   0.0   1   1   2.1e-28   6.9e-27   89.6   0.0    14   236     1   205     1   207 0.98 -
d1jqlb_c.37.1.20     -            140 d2a5yb3c.37.1.20.aln -            304     4e-21   70.7   0.0   1   1   1.2e-22   4.1e-21   70.6   0.0    27   165     1   121     1   140 0.92 -
d1qzma_c.37.1.20     -             94 d2a5yb3c.37.1.20.aln -            304   2.8e-08   28.5   0.2   1   1   9.8e-10   3.2e-08   28.3   0.2    16   105     2    91     1    93 0.97 -
d1y63a_c.37.1.1      -            174 d2a5yb3c.37.1.20.aln -            304   1.4e-05   19.6   0.0   1   1   8.6e-07   2.8e-05   18.6   0.0    49    81     7    39     7    55 0.89 -
#
# Program:         hmmsearch
# Version:         3.3.2 (Nov 2020)
# Pipeline mode:   SEARCH
# Query file:      /home/elise/Documents/M1-BIM/S2/TMEs/SBAS/tme08/models/d2a5yb3c.37.1.20.aln.hmm
# Target file:     /home/elise/Documents/M1-BIM/S2/TMEs/SBAS/tme08/scop/scop/scopTestSeq.fasta
# Option settings: hmmsearch --domtblout /home/elise/Documents/M1-BIM/S2/TMEs/SBAS/tme08/searchResults/d2a5yb3c.37.1.20.aln.out -E 1 /home/elise/Documents/M1-BIM/S2/TMEs/SBAS/tme08/models/d2a5yb3c.37.1.20.aln.hmm /home/elise/Documents/M1-BIM/S2/TMEs/SBAS/tme08/scop/scop/scopTestSeq.fasta 
# Current dir:     /home/elise/Documents/M1-BIM/S2/TMEs/SBAS/tme08
# Date:            Tue Apr  1 17:30:53 2025
# [ok]
