#                                                                            --- full sequence --- -------------- this domain -------------   hmm coord   ali coord   env coord
# target name        accession   tlen query name           accession   qlen   E-value  score  bias   #  of  c-Evalue  i-Evalue  score  bias  from    to  from    to  from    to  acc description of target
#------------------- ---------- ----- -------------------- ---------- ----- --------- ------ ----- --- --- --------- --------- ------ ----- ----- ----- ----- ----- ----- ----- ---- ---------------------
d1g0sa_d.113.1.1     -            209 d2azwa1d.113.1.1.aln -            184   3.1e-49  162.4   1.3   1   1   7.1e-51   3.5e-49  162.2   1.3     2   183    27   208    26   209 0.99 -
d1q33a_d.113.1.1     -            292 d2azwa1d.113.1.1.aln -            184   4.9e-48  158.5   0.1   1   1   1.2e-49   6.2e-48  158.2   0.1     2   184    86   292    85   292 0.99 -
d1vhza_d.113.1.1     -            186 d2azwa1d.113.1.1.aln -            184   1.1e-47  157.4   0.0   1   1   2.4e-49   1.2e-47  157.3   0.0     2   179    10   184     9   186 0.98 -
d3o69a_d.113.1.1     -            190 d2azwa1d.113.1.1.aln -            184   1.3e-46  153.8   0.0   1   1     3e-48   1.5e-46  153.7   0.0     2   179    14   190    13   190 0.98 -
d1v8ya_d.113.1.1     -            158 d2azwa1d.113.1.1.aln -            184   3.5e-44  146.0   1.9   1   1   7.6e-46   3.7e-44  145.8   1.9    16   175     1   155     1   158 0.97 -
d1nqza_d.113.1.1     -            187 d2azwa1d.113.1.1.aln -            184     8e-44  144.8   0.2   1   1   1.8e-45   8.9e-44  144.6   0.2     5   184     1   185     1   185 0.99 -
d2fvva1d.113.1.1     -            135 d2azwa1d.113.1.1.aln -            184   5.3e-43  142.1   0.8   1   1   1.2e-44   5.7e-43  142.0   0.8    28   166     1   133     1   135 0.97 -
d1sjya_d.113.1.1     -            158 d2azwa1d.113.1.1.aln -            184   6.7e-43  141.8   0.3   1   1   1.5e-44   7.3e-43  141.6   0.3    24   182     1   157     1   158 0.98 -
d1ktga_d.113.1.1     -            137 d2azwa1d.113.1.1.aln -            184   7.6e-43  141.6   0.1   1   1   1.7e-44   8.1e-43  141.5   0.1    33   172     3   135     1   137 0.93 -
d2b06a1d.113.1.1     -            155 d2azwa1d.113.1.1.aln -            184   2.2e-42  140.1   0.0   1   1   4.8e-44   2.4e-42  140.0   0.0    31   183     1   154     1   155 0.97 -
d1jkna_d.113.1.1     -            165 d2azwa1d.113.1.1.aln -            184   3.1e-40  133.1   0.0   1   1   6.8e-42   3.4e-40  133.0   0.0    31   174     4   165     1   165 0.98 -
d3zr0a_d.113.1.1     -            154 d2azwa1d.113.1.1.aln -            184   4.4e-40  132.6   0.0   1   1   9.7e-42   4.8e-40  132.5   0.0    40   182     2   152     1   154 0.98 -
d2b0va1d.113.1.1     -            146 d2azwa1d.113.1.1.aln -            184   2.3e-36  120.5   0.0   1   1     5e-38   2.5e-36  120.4   0.0    39   183     1   144     1   145 0.98 -
d3a6sa_d.113.1.1     -            129 d2azwa1d.113.1.1.aln -            184     3e-36  120.1   1.1   1   1   6.6e-38   3.3e-36  120.0   1.1    31   169     3   128     1   129 0.95 -
d1k2ea_d.113.1.1     -            152 d2azwa1d.113.1.1.aln -            184   3.8e-34  113.2   0.2   1   1   8.3e-36   4.1e-34  113.1   0.2    43   182     2   147     1   149 0.97 -
d2azwa1d.113.1.1     -            147 d2azwa1d.113.1.1.aln -            184   3.4e-10   35.1   1.0   1   1   1.1e-11   5.5e-10   34.5   1.0    55   165    33   140     7   146 0.78 -
#
# Program:         hmmsearch
# Version:         3.3.2 (Nov 2020)
# Pipeline mode:   SEARCH
# Query file:      /home/elise/Documents/M1-BIM/S2/TMEs/SBAS/tme08/models/d2azwa1d.113.1.1.aln.hmm
# Target file:     /home/elise/Documents/M1-BIM/S2/TMEs/SBAS/tme08/scop/scop/scopTestSeq.fasta
# Option settings: hmmsearch --domtblout /home/elise/Documents/M1-BIM/S2/TMEs/SBAS/tme08/searchResults/d2azwa1d.113.1.1.aln.out -E 1 /home/elise/Documents/M1-BIM/S2/TMEs/SBAS/tme08/models/d2azwa1d.113.1.1.aln.hmm /home/elise/Documents/M1-BIM/S2/TMEs/SBAS/tme08/scop/scop/scopTestSeq.fasta 
# Current dir:     /home/elise/Documents/M1-BIM/S2/TMEs/SBAS/tme08
# Date:            Tue Apr  1 17:30:53 2025
# [ok]
