#                                                                            --- full sequence --- -------------- this domain -------------   hmm coord   ali coord   env coord
# target name        accession   tlen query name           accession   qlen   E-value  score  bias   #  of  c-Evalue  i-Evalue  score  bias  from    to  from    to  from    to  acc description of target
#------------------- ---------- ----- -------------------- ---------- ----- --------- ------ ----- --- --- --------- --------- ------ ----- ----- ----- ----- ----- ----- ----- ---- ---------------------
d1g0sa_d.113.1.1     -            209 d2b0va1d.113.1.1.aln -            184   2.8e-49  162.6   1.2   1   1   6.6e-51   3.2e-49  162.4   1.2     2   183    27   208    26   209 0.99 -
d1q33a_d.113.1.1     -            292 d2b0va1d.113.1.1.aln -            184   1.1e-47  157.4   0.1   1   1   2.8e-49   1.4e-47  157.1   0.1     2   184    86   292    85   292 0.99 -
d3o69a_d.113.1.1     -            190 d2b0va1d.113.1.1.aln -            184   2.7e-47  156.1   0.0   1   1   6.1e-49     3e-47  156.0   0.0     2   178    14   189    13   190 0.98 -
d1vhza_d.113.1.1     -            186 d2b0va1d.113.1.1.aln -            184   5.7e-47  155.1   0.0   1   1   1.3e-48   6.3e-47  154.9   0.0     2   179    10   184     9   186 0.98 -
d1nqza_d.113.1.1     -            187 d2b0va1d.113.1.1.aln -            184   1.4e-44  147.3   0.1   1   1   3.1e-46   1.5e-44  147.2   0.1     5   184     1   185     1   185 0.99 -
d1v8ya_d.113.1.1     -            158 d2b0va1d.113.1.1.aln -            184   2.3e-43  143.3   2.2   1   1     5e-45   2.5e-43  143.2   2.2    16   175     1   155     1   158 0.97 -
d1ktga_d.113.1.1     -            137 d2b0va1d.113.1.1.aln -            184   2.8e-43  143.1   0.1   1   1   6.7e-45   3.3e-43  142.8   0.1    33   172     3   135     1   136 0.95 -
d2b06a1d.113.1.1     -            155 d2b0va1d.113.1.1.aln -            184   1.6e-42  140.6   0.0   1   1   3.5e-44   1.7e-42  140.5   0.0    31   183     1   154     1   155 0.98 -
d2fvva1d.113.1.1     -            135 d2b0va1d.113.1.1.aln -            184   2.7e-42  139.8   0.9   1   1   5.9e-44   2.9e-42  139.7   0.9    28   166     1   133     1   135 0.98 -
d1sjya_d.113.1.1     -            158 d2b0va1d.113.1.1.aln -            184   4.2e-42  139.2   0.3   1   1   9.3e-44   4.6e-42  139.1   0.3    24   182     1   157     1   158 0.97 -
d2azwa1d.113.1.1     -            147 d2b0va1d.113.1.1.aln -            184   2.3e-41  136.8   0.8   1   1   5.1e-43   2.5e-41  136.7   0.8    28   171     2   146     1   147 0.98 -
d1jkna_d.113.1.1     -            165 d2b0va1d.113.1.1.aln -            184   1.2e-39  131.3   0.0   1   1   2.6e-41   1.3e-39  131.1   0.0    31   174     4   165     1   165 0.98 -
d3zr0a_d.113.1.1     -            154 d2b0va1d.113.1.1.aln -            184   1.1e-37  124.8   0.0   1   1   2.5e-39   1.2e-37  124.7   0.0    36   182     7   152     1   154 0.95 -
d3a6sa_d.113.1.1     -            129 d2b0va1d.113.1.1.aln -            184   5.5e-36  119.3   1.3   1   1   1.2e-37   5.9e-36  119.2   1.3    32   169     4   128     1   129 0.95 -
d1k2ea_d.113.1.1     -            152 d2b0va1d.113.1.1.aln -            184   9.2e-32  105.5   0.1   1   1   2.1e-33   1.1e-31  105.3   0.1    58   183    16   148     2   149 0.95 -
d2b0va1d.113.1.1     -            146 d2b0va1d.113.1.1.aln -            184   8.3e-10   33.9   0.0   1   1     2e-11     1e-09   33.7   0.0    42    94     4    57     1    79 0.90 -
#
# Program:         hmmsearch
# Version:         3.3.2 (Nov 2020)
# Pipeline mode:   SEARCH
# Query file:      /home/elise/Documents/M1-BIM/S2/TMEs/SBAS/tme08/models/d2b0va1d.113.1.1.aln.hmm
# Target file:     /home/elise/Documents/M1-BIM/S2/TMEs/SBAS/tme08/scop/scop/scopTestSeq.fasta
# Option settings: hmmsearch --domtblout /home/elise/Documents/M1-BIM/S2/TMEs/SBAS/tme08/searchResults/d2b0va1d.113.1.1.aln.out -E 1 /home/elise/Documents/M1-BIM/S2/TMEs/SBAS/tme08/models/d2b0va1d.113.1.1.aln.hmm /home/elise/Documents/M1-BIM/S2/TMEs/SBAS/tme08/scop/scop/scopTestSeq.fasta 
# Current dir:     /home/elise/Documents/M1-BIM/S2/TMEs/SBAS/tme08
# Date:            Tue Apr  1 17:30:53 2025
# [ok]
