#                                                                            --- full sequence --- -------------- this domain -------------   hmm coord   ali coord   env coord
# target name        accession   tlen query name           accession   qlen   E-value  score  bias   #  of  c-Evalue  i-Evalue  score  bias  from    to  from    to  from    to  acc description of target
#------------------- ---------- ----- -------------------- ---------- ----- --------- ------ ----- --- --- --------- --------- ------ ----- ----- ----- ----- ----- ----- ----- ---- ---------------------
d1j0ha1b.1.18.2      -            123 d2bhua1b.1.18.2.aln  -            107   7.8e-34  112.1   0.0   1   1     2e-35   8.8e-34  111.9   0.0     1   107     3   109     3   109 0.98 -
d1ji1a1b.1.18.2      -            122 d2bhua1b.1.18.2.aln  -            107   1.9e-25   85.1   3.2   1   1   4.8e-27   2.1e-25   85.0   3.2     1   106     9   114     9   115 0.99 -
d2fhfa1b.1.18.2      -            115 d2bhua1b.1.18.2.aln  -            107   6.6e-21   70.5   2.0   1   1   1.7e-22   7.4e-21   70.4   2.0     1   107     5   111     5   111 0.99 -
d3bmva1b.1.18.2      -             83 d2bhua1b.1.18.2.aln  -            107   7.9e-20   67.0   2.9   1   1   2.1e-21   9.2e-20   66.8   2.9    18   103     2    81     1    82 0.95 -
d2fhfa2b.1.18.2      -            125 d2bhua1b.1.18.2.aln  -            107   7.9e-19   63.8   0.3   1   1     2e-20   8.7e-19   63.7   0.3     2   105     6   119     5   121 0.97 -
d1m7xa1b.1.18.2      -            110 d2bhua1b.1.18.2.aln  -            107   8.1e-19   63.8   0.0   1   1     2e-20   8.8e-19   63.7   0.0     4   106     1   104     1   105 0.98 -
d1edqa1b.1.18.2      -            109 d2bhua1b.1.18.2.aln  -            107   5.1e-18   61.2   3.5   1   1   1.3e-19   5.6e-18   61.1   3.5     1   107     4   109     4   109 0.98 -
d1txka1b.1.18.2      -            115 d2bhua1b.1.18.2.aln  -            107   2.9e-17   58.8   1.4   1   1   7.4e-19   3.2e-17   58.6   1.4     2   106     2   114     1   115 0.98 -
d1ut9a2b.1.18.2      -             98 d2bhua1b.1.18.2.aln  -            107   3.5e-17   58.5   0.2   1   1   8.4e-19   3.7e-17   58.5   0.2    10   104     3    96     1    98 0.96 -
d1clca2b.1.18.2      -            100 d2bhua1b.1.18.2.aln  -            107   1.2e-15   53.6   0.3   1   1   2.9e-17   1.3e-15   53.5   0.3     9   104     2    98     1   100 0.97 -
d1k3ia1b.1.18.2      -            102 d2bhua1b.1.18.2.aln  -            107     3e-15   52.3   1.3   1   1   7.3e-17   3.2e-15   52.2   1.3    16   104     3   100     1   102 0.96 -
d1qbaa1b.1.18.2      -            105 d2bhua1b.1.18.2.aln  -            107     3e-15   52.3   0.0   1   1   7.4e-17   3.3e-15   52.2   0.0     1   102     1   104     1   105 0.98 -
d1h3ga1b.1.18.2      -             93 d2bhua1b.1.18.2.aln  -            107   8.1e-15   50.9   0.0   1   1     2e-16   8.6e-15   50.8   0.0    15   106     2    92     1    93 0.97 -
d1bf2a1b.1.18.2      -            162 d2bhua1b.1.18.2.aln  -            107   2.1e-14   49.6   4.5   1   1   7.4e-16   3.2e-14   49.0   4.5     3   106     8   121     6   122 0.98 -
d1w8oa1b.1.18.2      -            103 d2bhua1b.1.18.2.aln  -            107   1.2e-13   47.1   1.9   1   1     3e-15   1.3e-13   47.0   1.9     6   105     2   101     1   103 0.96 -
d2bvya1b.1.18.2      -             94 d2bhua1b.1.18.2.aln  -            107   3.3e-11   39.3  10.6   1   1   8.2e-13   3.6e-11   39.2  10.6    12   103     2    93     1    94 0.97 -
d1ulva2b.1.18.2      -             89 d2bhua1b.1.18.2.aln  -            107   1.1e-10   37.7   7.0   1   1   2.6e-12   1.1e-10   37.6   7.0    16   105     2    87     1    89 0.96 -
d1f1sa2b.1.18.2      -             78 d2bhua1b.1.18.2.aln  -            107   1.2e-07   27.9   0.4   1   1   3.8e-09   1.7e-07   27.4   0.4    19   106     1    77     1    78 0.96 -
#
# Program:         hmmsearch
# Version:         3.3.2 (Nov 2020)
# Pipeline mode:   SEARCH
# Query file:      /home/elise/Documents/M1-BIM/S2/TMEs/SBAS/tme08/models/d2bhua1b.1.18.2.aln.hmm
# Target file:     /home/elise/Documents/M1-BIM/S2/TMEs/SBAS/tme08/scop/scop/scopTestSeq.fasta
# Option settings: hmmsearch --domtblout /home/elise/Documents/M1-BIM/S2/TMEs/SBAS/tme08/searchResults/d2bhua1b.1.18.2.aln.out -E 1 /home/elise/Documents/M1-BIM/S2/TMEs/SBAS/tme08/models/d2bhua1b.1.18.2.aln.hmm /home/elise/Documents/M1-BIM/S2/TMEs/SBAS/tme08/scop/scop/scopTestSeq.fasta 
# Current dir:     /home/elise/Documents/M1-BIM/S2/TMEs/SBAS/tme08
# Date:            Tue Apr  1 17:30:53 2025
# [ok]
