#                                                                            --- full sequence --- -------------- this domain -------------   hmm coord   ali coord   env coord
# target name        accession   tlen query name           accession   qlen   E-value  score  bias   #  of  c-Evalue  i-Evalue  score  bias  from    to  from    to  from    to  acc description of target
#------------------- ---------- ----- -------------------- ---------- ----- --------- ------ ----- --- --- --------- --------- ------ ----- ----- ----- ----- ----- ----- ----- ---- ---------------------
d2dkja_c.67.1.4      -            402 d2bwna1c.67.1.4.aln  -            415  3.5e-116  383.5   0.0   1   1  6.8e-118  4.5e-116  383.2   0.0    13   403    13   395     2   400 0.97 -
d1vefa1c.67.1.4      -            387 d2bwna1c.67.1.4.aln  -            415  3.3e-104  344.1   0.0   1   1  5.6e-106  3.7e-104  343.9   0.0     2   409     1   386     1   387 0.98 -
d1zoda_c.67.1.4      -            431 d2bwna1c.67.1.4.aln  -            415     9e-96  316.3   0.0   1   1   1.5e-97     1e-95  316.1   0.0     3   411     5   425     3   429 0.99 -
d3piua_c.67.1.4      -            416 d2bwna1c.67.1.4.aln  -            415   1.6e-92  305.6   0.0   1   1   2.9e-94   1.9e-92  305.4   0.0    14   414     9   413     4   414 0.99 -
d1ohwa_c.67.1.4      -            461 d2bwna1c.67.1.4.aln  -            415   6.3e-89  293.7   0.0   1   1   1.3e-90   8.3e-89  293.3   0.0    13   412    21   461     7   461 0.97 -
d1w23a_c.67.1.4      -            360 d2bwna1c.67.1.4.aln  -            415   6.4e-86  283.8   0.0   1   1   1.1e-87   7.2e-86  283.7   0.0    16   410     2   359     1   360 0.98 -
d1bs0a_c.67.1.4      -            383 d2bwna1c.67.1.4.aln  -            415   1.3e-77  256.4   0.0   1   1   2.2e-79   1.5e-77  256.3   0.0     1   411     1   382     1   383 0.99 -
d2fnua_c.67.1.4      -            373 d2bwna1c.67.1.4.aln  -            415   5.7e-65  214.8   0.0   1   1   9.6e-67   6.3e-65  214.7   0.0    22   414     3   371     1   372 0.98 -
d1o69a_c.67.1.4      -            374 d2bwna1c.67.1.4.aln  -            415   3.3e-64  212.3   0.0   1   1   5.6e-66   3.7e-64  212.2   0.0    20   414     2   372     1   373 0.98 -
d2epja_c.67.1.0      -            426 d2bwna1c.67.1.4.aln  -            415   1.5e-60  200.3   0.3   1   1   2.7e-62   1.8e-60  200.0   0.3    13   406    15   414     3   421 0.95 -
d2c81a_c.67.1.0      -            409 d2bwna1c.67.1.4.aln  -            415     9e-20   65.9   0.0   1   1     2e-21   1.3e-19   65.4   0.0    69   240    43   205    37   217 0.87 -
d2bwna1c.67.1.4      -            396 d2bwna1c.67.1.4.aln  -            415   1.8e-08   28.7   0.7   1   1   1.7e-09   1.1e-07   26.1   0.7   138   407   127   391    50   394 0.75 -
#
# Program:         hmmsearch
# Version:         3.3.2 (Nov 2020)
# Pipeline mode:   SEARCH
# Query file:      /home/elise/Documents/M1-BIM/S2/TMEs/SBAS/tme08/models/d2bwna1c.67.1.4.aln.hmm
# Target file:     /home/elise/Documents/M1-BIM/S2/TMEs/SBAS/tme08/scop/scop/scopTestSeq.fasta
# Option settings: hmmsearch --domtblout /home/elise/Documents/M1-BIM/S2/TMEs/SBAS/tme08/searchResults/d2bwna1c.67.1.4.aln.out -E 1 /home/elise/Documents/M1-BIM/S2/TMEs/SBAS/tme08/models/d2bwna1c.67.1.4.aln.hmm /home/elise/Documents/M1-BIM/S2/TMEs/SBAS/tme08/scop/scop/scopTestSeq.fasta 
# Current dir:     /home/elise/Documents/M1-BIM/S2/TMEs/SBAS/tme08
# Date:            Tue Apr  1 17:30:54 2025
# [ok]
