#                                                                            --- full sequence --- -------------- this domain -------------   hmm coord   ali coord   env coord
# target name        accession   tlen query name           accession   qlen   E-value  score  bias   #  of  c-Evalue  i-Evalue  score  bias  from    to  from    to  from    to  acc description of target
#------------------- ---------- ----- -------------------- ---------- ----- --------- ------ ----- --- --- --------- --------- ------ ----- ----- ----- ----- ----- ----- ----- ---- ---------------------
d2pq8a_d.108.1.1     -            271 d2d4pa1d.108.1.1.aln -            190   1.7e-41  137.9   0.4   1   1   1.1e-42     2e-41  137.6   0.4    10   190     3   187     1   187 0.99 -
d2b5ga_d.108.1.1     -            168 d2d4pa1d.108.1.1.aln -            190   8.9e-33  109.4   0.3   1   1   5.3e-34   9.7e-33  109.3   0.3     9   169     4   167     1   168 0.98 -
d1tiqa_d.108.1.1     -            173 d2d4pa1d.108.1.1.aln -            190   6.7e-32  106.5   0.0   1   1   5.7e-33   1.1e-31  105.9   0.0     8   171     2   171     1   172 0.94 -
d1z4ea1d.108.1.1     -            150 d2d4pa1d.108.1.1.aln -            190   3.1e-31  104.4   0.1   1   1   1.8e-32   3.3e-31  104.3   0.1     7   151     1   144     1   150 0.98 -
d2ae6a1d.108.1.1     -            161 d2d4pa1d.108.1.1.aln -            190   5.1e-31  103.7   0.1   1   1     3e-32   5.4e-31  103.6   0.1     9   170     6   159     1   161 0.94 -
d1i12a_d.108.1.1     -            157 d2d4pa1d.108.1.1.aln -            190     6e-30  100.2   0.0   1   1   3.5e-31   6.5e-30  100.1   0.0     8   156     5   156     1   157 0.97 -
d1qsma_d.108.1.1     -            150 d2d4pa1d.108.1.1.aln -            190   3.7e-29   97.6   0.0   1   1   2.2e-30     4e-29   97.5   0.0     7   153     2   145     1   150 0.97 -
d1nsla_d.108.1.1     -            180 d2d4pa1d.108.1.1.aln -            190   7.1e-28   93.4   0.2   1   1   4.3e-29   7.9e-28   93.3   0.2     1   175     4   180     4   180 0.99 -
d1wwza1d.108.1.1     -            157 d2d4pa1d.108.1.1.aln -            190   9.6e-28   93.0   1.0   1   1   6.1e-29   1.1e-27   92.8   1.0     5   159     1   154     1   156 0.97 -
d2fiaa1d.108.1.1     -            157 d2d4pa1d.108.1.1.aln -            190   1.1e-27   92.8   0.7   1   1   6.3e-29   1.2e-27   92.7   0.7     8   170     1   156     1   157 0.98 -
d2euia1d.108.1.1     -            153 d2d4pa1d.108.1.1.aln -            190   2.9e-27   91.4   0.1   1   1   1.7e-28   3.1e-27   91.3   0.1     8   157     1   146     1   152 0.95 -
d1mk4a_d.108.1.1     -            157 d2d4pa1d.108.1.1.aln -            190   3.9e-27   91.0   0.0   1   1   2.3e-28   4.2e-27   90.9   0.0     7   170     1   149     1   156 0.95 -
d2cy2a1d.108.1.1     -            174 d2d4pa1d.108.1.1.aln -            190     4e-27   91.0   1.7   1   1   2.4e-28   4.4e-27   90.8   1.7     8   171     1   170     1   174 0.96 -
d1u6ma_d.108.1.1     -            189 d2d4pa1d.108.1.1.aln -            190   7.8e-27   90.0   0.1   1   1   4.7e-28   8.7e-27   89.9   0.1     3   164    12   186    10   189 0.97 -
d1vkca_d.108.1.1     -            149 d2d4pa1d.108.1.1.aln -            190   8.1e-27   90.0   1.1   1   1   5.2e-28   9.6e-27   89.7   1.1    16   153    12   145     3   148 0.93 -
d1ufha_d.108.1.1     -            155 d2d4pa1d.108.1.1.aln -            190   1.1e-26   89.5   0.3   1   1   7.6e-28   1.4e-26   89.2   0.3     8   153     2   151     1   153 0.98 -
d2fcka1d.108.1.1     -            178 d2d4pa1d.108.1.1.aln -            190   1.1e-25   86.2   0.1   1   1   6.5e-27   1.2e-25   86.1   0.1     1   163     1   169     1   178 0.96 -
d1y9wa1d.108.1.1     -            140 d2d4pa1d.108.1.1.aln -            190     2e-25   85.4   1.0   1   1   1.2e-26   2.2e-25   85.3   1.0    13   166     6   138     1   140 0.90 -
d1z4ra1d.108.1.1     -            162 d2d4pa1d.108.1.1.aln -            190   4.2e-25   84.4   0.1   1   1   2.5e-26   4.6e-25   84.2   0.1     3   172     2   162     1   162 0.97 -
d1m4ia_d.108.1.1     -            181 d2d4pa1d.108.1.1.aln -            190   4.2e-25   84.4   0.0   1   1   2.6e-26   4.8e-25   84.2   0.0     6   190     1   181     1   181 0.97 -
d1y9ka1d.108.1.1     -            152 d2d4pa1d.108.1.1.aln -            190   5.9e-25   83.9   0.0   1   1   3.6e-26   6.7e-25   83.7   0.0    45   180    35   150     3   152 0.85 -
d2gana1d.108.1.1     -            182 d2d4pa1d.108.1.1.aln -            190   1.8e-24   82.3   0.2   1   1   1.1e-25     2e-24   82.1   0.2     1   163     1   179     1   182 0.97 -
d1ghea_d.108.1.1     -            170 d2d4pa1d.108.1.1.aln -            190   4.8e-24   80.9   0.0   1   1   2.8e-25   5.2e-24   80.8   0.0     9   171     2   168     1   170 0.97 -
d1yk3a1d.108.1.1     -            198 d2d4pa1d.108.1.1.aln -            190   1.8e-23   79.0   0.1   1   1   1.1e-24     2e-23   78.9   0.1     2   180    11   198    10   198 0.99 -
d2p0wa_d.108.1.1     -            319 d2d4pa1d.108.1.1.aln -            190   7.5e-23   77.0   1.1   1   2   5.9e-24   1.1e-22   76.5   0.4     1   190     6   226     6   226 0.99 -
d2p0wa_d.108.1.1     -            319 d2d4pa1d.108.1.1.aln -            190   7.5e-23   77.0   1.1   2   2       1.7        31   -0.0   0.0   101   118   225   242   224   246 0.83 -
d1cjwa_d.108.1.1     -            166 d2d4pa1d.108.1.1.aln -            190   2.4e-22   75.4   0.0   1   1   1.6e-23   2.9e-22   75.1   0.0    11   167     9   165     7   166 0.96 -
d1yx0a1d.108.1.1     -            151 d2d4pa1d.108.1.1.aln -            190   2.6e-22   75.3   0.0   1   1   1.5e-23   2.7e-22   75.2   0.0    10   167     3   150     1   151 0.91 -
d1bo4a_d.108.1.1     -            137 d2d4pa1d.108.1.1.aln -            190   4.5e-22   74.5   0.1   1   1   2.6e-23   4.9e-22   74.4   0.1     8   145     3   137     1   137 0.97 -
d2jdca1d.108.1.1     -            145 d2d4pa1d.108.1.1.aln -            190   1.4e-21   72.8   0.2   1   1   8.4e-23   1.5e-21   72.7   0.2     9   166     2   142     1   145 0.96 -
d2atra1d.108.1.1     -            137 d2d4pa1d.108.1.1.aln -            190   5.8e-21   70.9   0.0   1   1   3.5e-22   6.4e-21   70.7   0.0     7   162     1   136     1   137 0.98 -
d1boba_d.108.1.1     -            315 d2d4pa1d.108.1.1.aln -            190   1.7e-20   69.3   0.1   1   1   1.2e-21   2.2e-20   69.0   0.1     1   190     7   218     7   218 0.99 -
d2fl4a1d.108.1.1     -            146 d2d4pa1d.108.1.1.aln -            190   2.7e-20   68.7   0.3   1   1   1.8e-21   3.3e-20   68.4   0.3    15   164     9   145     3   145 0.94 -
d1xeba_d.108.1.1     -            149 d2d4pa1d.108.1.1.aln -            190   3.8e-20   68.2   0.7   1   1   2.4e-21   4.4e-20   68.0   0.7     8   156     2   139     1   146 0.95 -
d1p0ha_d.108.1.1     -            308 d2d4pa1d.108.1.1.aln -            190     4e-20   68.1   0.0   1   3   1.6e-16     3e-15   52.2   0.0     8   190     2   190     1   190 0.99 -
d1p0ha_d.108.1.1     -            308 d2d4pa1d.108.1.1.aln -            190     4e-20   68.1   0.0   2   3      0.01      0.19    7.2   0.0    74   110   215   251   192   253 0.78 -
d1p0ha_d.108.1.1     -            308 d2d4pa1d.108.1.1.aln -            190     4e-20   68.1   0.0   3   3     0.037      0.69    5.4   0.0   125   147   276   298   266   306 0.82 -
d2g3aa1d.108.1.1     -            137 d2d4pa1d.108.1.1.aln -            190   4.6e-20   67.9   0.0   1   1   2.6e-21   4.9e-20   67.9   0.0    14   151     7   120     1   136 0.94 -
d1y7ra1d.108.1.1     -            133 d2d4pa1d.108.1.1.aln -            190   6.7e-19   64.1   0.0   1   1   3.9e-20   7.2e-19   64.0   0.0     7   159     1   132     1   133 0.94 -
d2fiwa1d.108.1.1     -            156 d2d4pa1d.108.1.1.aln -            190   8.6e-19   63.8   0.0   1   1     5e-20   9.2e-19   63.7   0.0     9   168     5   154     1   156 0.93 -
d1n71a_d.108.1.1     -            180 d2d4pa1d.108.1.1.aln -            190   9.7e-19   63.6   0.0   1   1   5.7e-19     1e-17   60.2   0.0     1   174     1   180     1   180 0.99 -
d2aj6a1d.108.1.1     -            118 d2d4pa1d.108.1.1.aln -            190   8.8e-16   54.0   0.0   1   1   5.2e-17   9.6e-16   53.8   0.0     7   127     1   116     1   118 0.97 -
d2fsra1d.108.1.1     -            164 d2d4pa1d.108.1.1.aln -            190     3e-15   52.2   0.0   1   1   1.7e-16   3.1e-15   52.2   0.0    12   164     6   162     1   164 0.93 -
d1q2ya_d.108.1.1     -            140 d2d4pa1d.108.1.1.aln -            190   1.1e-14   50.4   0.2   1   1   6.8e-16   1.3e-14   50.2   0.2    14   166     8   139     1   139 0.94 -
d1r57a_d.108.1.1     -            102 d2d4pa1d.108.1.1.aln -            190   1.3e-12   43.6   0.2   1   1   8.2e-14   1.5e-12   43.4   0.2    88   159    34   101     7   102 0.84 -
d1xmta_d.108.1.1     -             95 d2d4pa1d.108.1.1.aln -            190   5.9e-10   35.0   0.0   1   1   3.2e-11   5.9e-10   35.0   0.0    69   133    20    76     2    95 0.83 -
#
# Program:         hmmsearch
# Version:         3.3.2 (Nov 2020)
# Pipeline mode:   SEARCH
# Query file:      /home/elise/Documents/M1-BIM/S2/TMEs/SBAS/tme08/models/d2d4pa1d.108.1.1.aln.hmm
# Target file:     /home/elise/Documents/M1-BIM/S2/TMEs/SBAS/tme08/scop/scop/scopTestSeq.fasta
# Option settings: hmmsearch --domtblout /home/elise/Documents/M1-BIM/S2/TMEs/SBAS/tme08/searchResults/d2d4pa1d.108.1.1.aln.out -E 1 /home/elise/Documents/M1-BIM/S2/TMEs/SBAS/tme08/models/d2d4pa1d.108.1.1.aln.hmm /home/elise/Documents/M1-BIM/S2/TMEs/SBAS/tme08/scop/scop/scopTestSeq.fasta 
# Current dir:     /home/elise/Documents/M1-BIM/S2/TMEs/SBAS/tme08
# Date:            Tue Apr  1 17:30:54 2025
# [ok]
