#                                                                            --- full sequence --- -------------- this domain -------------   hmm coord   ali coord   env coord
# target name        accession   tlen query name           accession   qlen   E-value  score  bias   #  of  c-Evalue  i-Evalue  score  bias  from    to  from    to  from    to  acc description of target
#------------------- ---------- ----- -------------------- ---------- ----- --------- ------ ----- --- --- --------- --------- ------ ----- ----- ----- ----- ----- ----- ----- ---- ---------------------
d2hyja2a.121.1.1     -            118 d2d6ya2a.121.1.1.aln -            120   2.4e-18   62.2   3.8   1   1     1e-19   2.6e-18   62.1   3.8     3   118     3   117     1   118 0.97 -
d1z0xa2a.121.1.1     -            149 d2d6ya2a.121.1.1.aln -            120   1.6e-17   59.6   0.0   1   1   7.5e-19     2e-17   59.3   0.0     2   119     2   132     1   133 0.98 -
d1t33a2a.121.1.1     -            132 d2d6ya2a.121.1.1.aln -            120   9.8e-17   57.1   0.1   1   1   4.1e-18   1.1e-16   56.9   0.1     1   119     1   122     1   123 0.98 -
d2g7sa2a.121.1.1     -            116 d2d6ya2a.121.1.1.aln -            120     1e-16   57.0   1.2   1   1   4.4e-18   1.1e-16   56.9   1.2     1   116     1   115     1   116 0.98 -
d1t56a2a.121.1.1     -            120 d2d6ya2a.121.1.1.aln -            120   1.1e-16   56.9   2.1   1   1   4.5e-18   1.2e-16   56.8   2.1     2   119     2   119     1   120 0.96 -
d2id3a2a.121.1.1     -            123 d2d6ya2a.121.1.1.aln -            120   1.3e-16   56.7   6.2   1   1   5.2e-18   1.4e-16   56.6   6.2     2   119     2   118     1   119 0.96 -
d1ui5a2a.121.1.1     -            133 d2d6ya2a.121.1.1.aln -            120   1.4e-16   56.5   0.3   1   1   6.8e-18   1.8e-16   56.2   0.3     7   119     9   121     5   122 0.97 -
d2np5a2a.121.1.1     -            118 d2d6ya2a.121.1.1.aln -            120   1.4e-16   56.5   3.3   1   1   6.6e-18   1.7e-16   56.3   3.3     2   115     3   114     2   117 0.97 -
d2i10a2a.121.1.1     -            116 d2d6ya2a.121.1.1.aln -            120   3.2e-16   55.4   1.6   1   1   1.3e-17   3.5e-16   55.3   1.6     2   115     2   113     1   116 0.89 -
d2gena2a.121.1.1     -            118 d2d6ya2a.121.1.1.aln -            120   1.1e-15   53.8   5.2   1   1   4.4e-17   1.2e-15   53.6   5.2     3   118     3   117     1   118 0.98 -
d2fx0a2a.121.1.1     -            122 d2d6ya2a.121.1.1.aln -            120   1.1e-15   53.7   0.0   1   1     5e-17   1.3e-15   53.5   0.0     9   119     8   119     2   120 0.96 -
d2iu5a2a.121.1.1     -            109 d2d6ya2a.121.1.1.aln -            120   1.6e-15   53.2   0.0   1   1   6.5e-17   1.7e-15   53.1   0.0    10   115     3   107     1   109 0.96 -
d2g7ga2a.121.1.1     -            132 d2d6ya2a.121.1.1.aln -            120   2.3e-15   52.7   6.1   1   1   9.1e-17   2.4e-15   52.6   5.7     2   109     2   108     1   117 0.94 -
d2id6a2a.121.1.1     -            125 d2d6ya2a.121.1.1.aln -            120   2.6e-15   52.5   0.0   1   1   1.1e-16   2.8e-15   52.4   0.0     2   117     2   117     1   120 0.97 -
d1vi0a2a.121.1.1     -            117 d2d6ya2a.121.1.1.aln -            120   7.2e-15   51.1   0.0   1   1     3e-16   7.8e-15   51.0   0.0     3   118     2   116     1   117 0.98 -
d2g7la2a.121.1.1     -            144 d2d6ya2a.121.1.1.aln -            120   9.1e-15   50.8   7.5   1   1     4e-16   1.1e-14   50.6   7.5     1   119     1   123     1   124 0.98 -
d2hkua2a.121.1.1     -            121 d2d6ya2a.121.1.1.aln -            120   1.5e-14   50.1   0.1   1   1   5.9e-16   1.5e-14   50.0   0.1     8   117     7   118     1   121 0.94 -
d2fbqa2a.121.1.1     -            134 d2d6ya2a.121.1.1.aln -            120   2.7e-14   49.3   0.1   1   1   1.1e-15     3e-14   49.1   0.1     2   120     5   127     4   127 0.97 -
d2g3ba2a.121.1.1     -            116 d2d6ya2a.121.1.1.aln -            120   3.1e-14   49.1   1.4   1   1   1.3e-15   3.3e-14   49.0   1.4     5   118     3   115     1   116 0.95 -
d2oi8a2a.121.1.1     -            130 d2d6ya2a.121.1.1.aln -            120   7.2e-14   47.9   1.4   1   1     3e-15   7.9e-14   47.8   1.4     3   117     2   118     1   121 0.97 -
d2np3a2a.121.1.1     -            112 d2d6ya2a.121.1.1.aln -            120   2.1e-13   46.4   4.9   1   1   8.6e-15   2.2e-13   46.3   4.9    10   119     4   112     1   112 0.96 -
d3c07a2a.121.1.1     -            146 d2d6ya2a.121.1.1.aln -            120   4.7e-13   45.3   0.6   1   1   2.3e-14   6.1e-13   44.9   0.6     2   110     1   111     1   133 0.87 -
d1sgma2a.121.1.1     -            111 d2d6ya2a.121.1.1.aln -            120   5.1e-13   45.2   0.0   1   1   2.1e-14   5.5e-13   45.1   0.0     1   112     1   110     1   111 0.97 -
d2fq4a2a.121.1.1     -            115 d2d6ya2a.121.1.1.aln -            120   1.6e-12   43.6   0.0   1   1   6.7e-14   1.8e-12   43.4   0.0     5   119     2   115     1   115 0.98 -
d2gfna2a.121.1.1     -            119 d2d6ya2a.121.1.1.aln -            120   1.7e-12   43.5   6.2   1   1   6.8e-14   1.8e-12   43.4   6.2     3   119     3   118     1   119 0.97 -
d1zk8a2a.121.1.1     -            105 d2d6ya2a.121.1.1.aln -            120   1.7e-12   43.5   0.0   1   1   6.9e-14   1.8e-12   43.4   0.0     3   101     3   101     1   105 0.94 -
d1rkta2a.121.1.1     -            123 d2d6ya2a.121.1.1.aln -            120   1.1e-11   41.0   0.0   1   1   4.6e-13   1.2e-11   40.8   0.0     8   119     3   109     1   110 0.93 -
d2fd5a2a.121.1.1     -            104 d2d6ya2a.121.1.1.aln -            120   3.7e-11   39.2   1.7   1   1   1.7e-12   4.3e-11   39.0   1.7     8   105     5   101     1   103 0.95 -
d2o7ta2a.121.1.1     -            110 d2d6ya2a.121.1.1.aln -            120   5.8e-10   35.4   0.0   1   1   2.4e-11   6.3e-10   35.3   0.0    12   120     4   109     1   109 0.97 -
d2d6ya2a.121.1.1     -            118 d2d6ya2a.121.1.1.aln -            120    0.0032   13.8   1.1   1   1   0.00022    0.0059   13.0   1.1     6   111     3   111     1   117 0.76 -
#
# Program:         hmmsearch
# Version:         3.3.2 (Nov 2020)
# Pipeline mode:   SEARCH
# Query file:      /home/elise/Documents/M1-BIM/S2/TMEs/SBAS/tme08/models/d2d6ya2a.121.1.1.aln.hmm
# Target file:     /home/elise/Documents/M1-BIM/S2/TMEs/SBAS/tme08/scop/scop/scopTestSeq.fasta
# Option settings: hmmsearch --domtblout /home/elise/Documents/M1-BIM/S2/TMEs/SBAS/tme08/searchResults/d2d6ya2a.121.1.1.aln.out -E 1 /home/elise/Documents/M1-BIM/S2/TMEs/SBAS/tme08/models/d2d6ya2a.121.1.1.aln.hmm /home/elise/Documents/M1-BIM/S2/TMEs/SBAS/tme08/scop/scop/scopTestSeq.fasta 
# Current dir:     /home/elise/Documents/M1-BIM/S2/TMEs/SBAS/tme08
# Date:            Tue Apr  1 17:30:54 2025
# [ok]
