#                                                                            --- full sequence --- -------------- this domain -------------   hmm coord   ali coord   env coord
# target name        accession   tlen query name           accession   qlen   E-value  score  bias   #  of  c-Evalue  i-Evalue  score  bias  from    to  from    to  from    to  acc description of target
#------------------- ---------- ----- -------------------- ---------- ----- --------- ------ ----- --- --- --------- --------- ------ ----- ----- ----- ----- ----- ----- ----- ---- ---------------------
d2jhfa2c.2.1.1       -            176 d2dm6a2c.2.1.1.aln   -            177   8.5e-66  216.3   1.6   1   1   1.8e-67   9.3e-66  216.1   1.6     2   176     2   176     1   176 0.99 -
d1vj0a2c.2.1.1       -            182 d2dm6a2c.2.1.1.aln   -            177   2.3e-46  153.0   0.0   1   1   4.7e-48   2.5e-46  152.9   0.0     2   175     2   178     1   180 0.95 -
d1yb5a2c.2.1.1       -            174 d2dm6a2c.2.1.1.aln   -            177   3.9e-46  152.2   1.4   1   1   8.1e-48   4.3e-46  152.1   1.4     1   174     1   171     1   174 0.97 -
d1qora2c.2.1.1       -            179 d2dm6a2c.2.1.1.aln   -            177   7.8e-45  148.0   0.1   1   1   1.6e-46   8.5e-45  147.9   0.1     2   174     2   173     1   176 0.97 -
d1o89a2c.2.1.1       -            177 d2dm6a2c.2.1.1.aln   -            177   2.3e-44  146.5   1.0   1   1   4.8e-46   2.5e-44  146.3   1.0     2   174     2   170     1   173 0.96 -
d1jqba2c.2.1.1       -            174 d2dm6a2c.2.1.1.aln   -            177   3.1e-44  146.1   3.7   1   1   6.4e-46   3.3e-44  145.9   3.7     2   175     2   172     1   174 0.92 -
d1h2ba2c.2.1.1       -            172 d2dm6a2c.2.1.1.aln   -            177   4.6e-44  145.5   1.4   1   1   9.6e-46     5e-44  145.4   1.4     2   173     5   172     4   172 0.96 -
d1piwa2c.2.1.1       -            168 d2dm6a2c.2.1.1.aln   -            177   1.8e-42  140.3   0.0   1   1   3.8e-44     2e-42  140.2   0.0     2   173     2   166     1   168 0.98 -
d1pqwa_c.2.1.1       -            183 d2dm6a2c.2.1.1.aln   -            177   2.4e-41  136.6   0.3   1   1   5.1e-43   2.7e-41  136.5   0.3     4   175     1   171     1   173 0.98 -
d1pl8a2c.2.1.1       -            171 d2dm6a2c.2.1.1.aln   -            177   4.4e-41  135.8   5.5   1   1   9.1e-43   4.8e-41  135.7   5.5     5   173     4   169     1   171 0.93 -
d1gu7a2c.2.1.1       -            189 d2dm6a2c.2.1.1.aln   -            177   5.9e-40  132.1   0.0   1   1   1.3e-41   6.7e-40  131.9   0.0     2   176     2   185     1   186 0.94 -
d1kola2c.2.1.1       -            195 d2dm6a2c.2.1.1.aln   -            177     7e-37  122.1   1.5   1   1   1.5e-38   7.8e-37  121.9   1.5     4   176     2   194     1   195 0.98 -
d2dm6a2c.2.1.1       -            182 d2dm6a2c.2.1.1.aln   -            177   1.5e-27   91.7   0.1   1   1   3.7e-29   1.9e-27   91.3   0.1     5   175     6   178     3   179 0.83 -
d1c1da1c.2.1.7       -            201 d2dm6a2c.2.1.1.aln   -            177   0.00017   16.6   6.9   1   1   5.3e-06   0.00028   15.9   6.8    28    78    26    75     3   117 0.84 -
d1k0ia1c.3.1.2       -            293 d2dm6a2c.2.1.1.aln   -            177    0.0072   11.3   1.1   1   2   0.00053     0.028    9.4   0.9    29    64     2    37     1   119 0.70 -
d1k0ia1c.3.1.2       -            293 d2dm6a2c.2.1.1.aln   -            177    0.0072   11.3   1.1   2   2       4.5   2.4e+02   -3.4   0.0   135   158   184   207   172   210 0.71 -
#
# Program:         hmmsearch
# Version:         3.3.2 (Nov 2020)
# Pipeline mode:   SEARCH
# Query file:      /home/elise/Documents/M1-BIM/S2/TMEs/SBAS/tme08/models/d2dm6a2c.2.1.1.aln.hmm
# Target file:     /home/elise/Documents/M1-BIM/S2/TMEs/SBAS/tme08/scop/scop/scopTestSeq.fasta
# Option settings: hmmsearch --domtblout /home/elise/Documents/M1-BIM/S2/TMEs/SBAS/tme08/searchResults/d2dm6a2c.2.1.1.aln.out -E 1 /home/elise/Documents/M1-BIM/S2/TMEs/SBAS/tme08/models/d2dm6a2c.2.1.1.aln.hmm /home/elise/Documents/M1-BIM/S2/TMEs/SBAS/tme08/scop/scop/scopTestSeq.fasta 
# Current dir:     /home/elise/Documents/M1-BIM/S2/TMEs/SBAS/tme08
# Date:            Tue Apr  1 17:30:55 2025
# [ok]
