#                                                                            --- full sequence --- -------------- this domain -------------   hmm coord   ali coord   env coord
# target name        accession   tlen query name           accession   qlen   E-value  score  bias   #  of  c-Evalue  i-Evalue  score  bias  from    to  from    to  from    to  acc description of target
#------------------- ---------- ----- -------------------- ---------- ----- --------- ------ ----- --- --- --------- --------- ------ ----- ----- ----- ----- ----- ----- ----- ---- ---------------------
d1ofda2c.1.4.1       -            809 d2e6fa_c.1.4.1.aln   -            670  4.9e-265  876.6   0.0   1   1  6.3e-267  5.6e-265  876.4   0.0     1   670     1   809     1   809 1.00 -
d1vyra_c.1.4.1       -            363 d2e6fa_c.1.4.1.aln   -            670   6.5e-96  317.7   0.0   1   1   8.2e-98   7.2e-96  317.5   0.0   259   637     1   363     1   363 0.97 -
d1djqa1c.1.4.1       -            340 d2e6fa_c.1.4.1.aln   -            670   7.9e-76  251.3   0.0   1   1     1e-77   8.8e-76  251.2   0.0   260   612     2   338     1   340 0.98 -
d1p4ca_c.1.4.1       -            353 d2e6fa_c.1.4.1.aln   -            670   1.7e-71  237.0   0.0   1   1   2.1e-73   1.9e-71  236.9   0.0   280   634     1   352     1   353 0.97 -
d2e6fa_c.1.4.1       -            312 d2e6fa_c.1.4.1.aln   -            670     2e-67  223.6   0.0   1   1   2.5e-69   2.2e-67  223.4   0.0   312   633     3   311     1   312 0.97 -
d1ep3a_c.1.4.1       -            311 d2e6fa_c.1.4.1.aln   -            670   1.9e-58  193.9   0.0   1   1   2.4e-60   2.1e-58  193.7   0.0   307   635     2   310     1   311 0.96 -
d1gtea2c.1.4.1       -            312 d2e6fa_c.1.4.1.aln   -            670   2.6e-54  180.2   0.0   1   1   3.2e-56   2.8e-54  180.1   0.0   313   621     2   311     1   312 0.97 -
d1p0ka_c.1.4.1       -            329 d2e6fa_c.1.4.1.aln   -            670   8.6e-52  171.9   0.1   1   1   1.1e-53   9.5e-52  171.8   0.1   315   654     2   328     1   329 0.95 -
d1vhna_c.1.4.1       -            305 d2e6fa_c.1.4.1.aln   -            670   7.2e-43  142.4   0.0   1   1     9e-45   7.9e-43  142.3   0.0   310   621     2   304     1   305 0.98 -
#
# Program:         hmmsearch
# Version:         3.3.2 (Nov 2020)
# Pipeline mode:   SEARCH
# Query file:      /home/elise/Documents/M1-BIM/S2/TMEs/SBAS/tme08/models/d2e6fa_c.1.4.1.aln.hmm
# Target file:     /home/elise/Documents/M1-BIM/S2/TMEs/SBAS/tme08/scop/scop/scopTestSeq.fasta
# Option settings: hmmsearch --domtblout /home/elise/Documents/M1-BIM/S2/TMEs/SBAS/tme08/searchResults/d2e6fa_c.1.4.1.aln.out -E 1 /home/elise/Documents/M1-BIM/S2/TMEs/SBAS/tme08/models/d2e6fa_c.1.4.1.aln.hmm /home/elise/Documents/M1-BIM/S2/TMEs/SBAS/tme08/scop/scop/scopTestSeq.fasta 
# Current dir:     /home/elise/Documents/M1-BIM/S2/TMEs/SBAS/tme08
# Date:            Tue Apr  1 17:30:55 2025
# [ok]
