#                                                                            --- full sequence --- -------------- this domain -------------   hmm coord   ali coord   env coord
# target name        accession   tlen query name           accession   qlen   E-value  score  bias   #  of  c-Evalue  i-Evalue  score  bias  from    to  from    to  from    to  acc description of target
#------------------- ---------- ----- -------------------- ---------- ----- --------- ------ ----- --- --- --------- --------- ------ ----- ----- ----- ----- ----- ----- ----- ---- ---------------------
d2fbia1a.4.5.28      -            136 d2fbha1a.4.5.28.aln  -            141   1.1e-42  140.7   0.4   1   1   2.9e-44   1.2e-42  140.5   0.4     7   139     3   134     1   136 0.97 -
d1jgsa_a.4.5.28      -            138 d2fbha1a.4.5.28.aln  -            141   3.6e-41  135.7   0.0   1   1   9.4e-43   3.9e-41  135.6   0.0     3   137     3   137     1   138 0.98 -
d2fxaa1a.4.5.28      -            162 d2fbha1a.4.5.28.aln  -            141     9e-41  134.5   0.0   1   1   2.4e-42     1e-40  134.3   0.0     3   140    10   147     8   148 0.98 -
d1s3ja_a.4.5.28      -            143 d2fbha1a.4.5.28.aln  -            141   5.5e-40  131.9   3.9   1   1   1.4e-41     6e-40  131.8   3.9     2   140     3   140     2   141 0.98 -
d2a61a1a.4.5.28      -            139 d2fbha1a.4.5.28.aln  -            141   5.9e-40  131.8   0.0   1   1   1.6e-41   6.5e-40  131.7   0.0     6   140     2   135     1   136 0.98 -
d1lj9a_a.4.5.28      -            144 d2fbha1a.4.5.28.aln  -            141   6.7e-39  128.4   1.3   1   1   1.8e-40   7.5e-39  128.2   1.3     7   140     2   134     1   135 0.98 -
d2etha1a.4.5.28      -            140 d2fbha1a.4.5.28.aln  -            141   7.6e-38  125.0   0.1   1   1     2e-39   8.3e-38  124.8   0.1     6   140     2   137     1   138 0.97 -
d3echa_a.4.5.28      -            142 d2fbha1a.4.5.28.aln  -            141   1.2e-37  124.3   0.1   1   1   3.1e-39   1.3e-37  124.2   0.1     3   139     4   141     2   142 0.96 -
d3broa1a.4.5.28      -            135 d2fbha1a.4.5.28.aln  -            141   4.3e-37  122.5   7.4   1   1   1.1e-38   4.7e-37  122.4   7.4     7   138     2   134     1   135 0.97 -
d1p4xa1a.4.5.28      -            125 d2fbha1a.4.5.28.aln  -            141   1.4e-34  114.4   4.2   1   1   3.6e-36   1.5e-34  114.3   4.2     1   123     1   122     1   125 0.95 -
d2hr3a1a.4.5.28      -            145 d2fbha1a.4.5.28.aln  -            141   6.8e-34  112.2   0.0   1   1   1.8e-35   7.4e-34  112.0   0.0     2   139     2   140     1   142 0.97 -
d1p4xa2a.4.5.28      -            125 d2fbha1a.4.5.28.aln  -            141   1.8e-33  110.8   4.5   1   1     5e-35   2.1e-33  110.6   4.5     2   119     2   118     1   124 0.95 -
d2fbka1a.4.5.28      -            172 d2fbha1a.4.5.28.aln  -            141   2.3e-32  107.2   0.0   1   1   6.3e-34   2.6e-32  107.0   0.0     4   140    33   170    30   171 0.97 -
d1hsja1a.4.5.28      -            115 d2fbha1a.4.5.28.aln  -            141   1.2e-31  104.9   5.8   1   1   3.1e-33   1.3e-31  104.8   5.8     3   114     2   112     1   115 0.96 -
d3bjaa_a.4.5.0       -            139 d2fbha1a.4.5.28.aln  -            141   9.2e-25   82.6   0.3   1   1   2.3e-26   9.6e-25   82.5   0.3    17   137    16   135     2   139 0.92 -
d1ub9a_a.4.5.28      -            100 d2fbha1a.4.5.28.aln  -            141   5.9e-23   76.7   0.0   1   1   1.7e-24   6.9e-23   76.5   0.0    19   114     1    95     1    99 0.96 -
d3jw4a_a.4.5.0       -            137 d2fbha1a.4.5.28.aln  -            141   6.6e-22   73.3   0.2   1   1   1.8e-23   7.5e-22   73.1   0.2    11   138     7   135     2   137 0.96 -
d2fbha1a.4.5.28      -            137 d2fbha1a.4.5.28.aln  -            141   1.1e-21   72.6   0.1   1   1   3.1e-23   1.3e-21   72.3   0.1    10   140     4   134     2   135 0.93 -
d3ctaa1a.4.5.28      -             85 d2fbha1a.4.5.28.aln  -            141   2.2e-15   52.2   0.2   1   1     6e-17   2.5e-15   52.0   0.2    48   114    20    82     1    85 0.87 -
#
# Program:         hmmsearch
# Version:         3.3.2 (Nov 2020)
# Pipeline mode:   SEARCH
# Query file:      /home/elise/Documents/M1-BIM/S2/TMEs/SBAS/tme08/models/d2fbha1a.4.5.28.aln.hmm
# Target file:     /home/elise/Documents/M1-BIM/S2/TMEs/SBAS/tme08/scop/scop/scopTestSeq.fasta
# Option settings: hmmsearch --domtblout /home/elise/Documents/M1-BIM/S2/TMEs/SBAS/tme08/searchResults/d2fbha1a.4.5.28.aln.out -E 1 /home/elise/Documents/M1-BIM/S2/TMEs/SBAS/tme08/models/d2fbha1a.4.5.28.aln.hmm /home/elise/Documents/M1-BIM/S2/TMEs/SBAS/tme08/scop/scop/scopTestSeq.fasta 
# Current dir:     /home/elise/Documents/M1-BIM/S2/TMEs/SBAS/tme08
# Date:            Tue Apr  1 17:30:56 2025
# [ok]
