#                                                                            --- full sequence --- -------------- this domain -------------   hmm coord   ali coord   env coord
# target name        accession   tlen query name           accession   qlen   E-value  score  bias   #  of  c-Evalue  i-Evalue  score  bias  from    to  from    to  from    to  acc description of target
#------------------- ---------- ----- -------------------- ---------- ----- --------- ------ ----- --- --- --------- --------- ------ ----- ----- ----- ----- ----- ----- ----- ---- ---------------------
d2fbia1a.4.5.28      -            136 d2fbka1a.4.5.28.aln  -            139   1.8e-42  139.9   0.5   1   1   4.8e-44     2e-42  139.7   0.5     5   138     2   134     1   135 0.98 -
d1jgsa_a.4.5.28      -            138 d2fbka1a.4.5.28.aln  -            139   5.2e-41  135.1   0.0   1   1   1.4e-42   5.7e-41  135.0   0.0     2   136     3   137     2   138 0.98 -
d2fxaa1a.4.5.28      -            162 d2fbka1a.4.5.28.aln  -            139   2.9e-40  132.8   0.0   1   1   7.8e-42   3.2e-40  132.6   0.0     3   139    11   147     9   147 0.98 -
d2a61a1a.4.5.28      -            139 d2fbka1a.4.5.28.aln  -            139   6.7e-40  131.6   0.0   1   1   1.8e-41   7.4e-40  131.4   0.0     4   138     1   134     1   135 0.98 -
d1s3ja_a.4.5.28      -            143 d2fbka1a.4.5.28.aln  -            139   9.1e-40  131.1   3.4   1   1   2.4e-41     1e-39  131.0   3.4     2   138     4   139     3   140 0.98 -
d1lj9a_a.4.5.28      -            144 d2fbka1a.4.5.28.aln  -            139   8.8e-39  127.9   1.4   1   1   2.3e-40   9.8e-39  127.8   1.4     6   138     2   133     1   134 0.98 -
d3broa1a.4.5.28      -            135 d2fbka1a.4.5.28.aln  -            139   2.6e-38  126.4   7.3   1   1   6.9e-40   2.8e-38  126.3   7.3     6   137     2   134     1   135 0.99 -
d2etha1a.4.5.28      -            140 d2fbka1a.4.5.28.aln  -            139     2e-37  123.5   0.1   1   1   5.2e-39   2.1e-37  123.4   0.1     7   138     4   136     1   137 0.96 -
d2fbha1a.4.5.28      -            137 d2fbka1a.4.5.28.aln  -            139   3.5e-37  122.7   0.0   1   1   9.4e-39   3.9e-37  122.6   0.0     7   138     2   133     1   134 0.98 -
d3echa_a.4.5.28      -            142 d2fbka1a.4.5.28.aln  -            139   3.7e-35  116.2   0.0   1   1   9.8e-37   4.1e-35  116.1   0.0     3   138     5   141     3   142 0.94 -
d1p4xa1a.4.5.28      -            125 d2fbka1a.4.5.28.aln  -            139   7.8e-35  115.1   4.7   1   1   2.1e-36   8.5e-35  115.0   4.7     2   122     3   124     2   125 0.97 -
d1p4xa2a.4.5.28      -            125 d2fbka1a.4.5.28.aln  -            139   3.7e-34  113.0   4.9   1   1   9.4e-36   3.9e-34  112.9   4.9     2   119     2   120     1   125 0.96 -
d2hr3a1a.4.5.28      -            145 d2fbka1a.4.5.28.aln  -            139   4.2e-34  112.8   0.0   1   1   1.2e-35   4.8e-34  112.6   0.0     2   137     3   139     2   141 0.97 -
d1hsja1a.4.5.28      -            115 d2fbka1a.4.5.28.aln  -            139   2.3e-32  107.1   5.9   1   1   6.1e-34   2.5e-32  107.0   5.9     3   114     2   114     1   115 0.98 -
d3bjaa_a.4.5.0       -            139 d2fbka1a.4.5.28.aln  -            139   3.1e-25   84.0   0.4   1   1     8e-27   3.3e-25   83.9   0.4    14   136    14   135     2   138 0.92 -
d1ub9a_a.4.5.28      -            100 d2fbka1a.4.5.28.aln  -            139   6.8e-23   76.5   0.0   1   1   1.7e-24   7.1e-23   76.4   0.0    18   114     1    96     1   100 0.96 -
d3jw4a_a.4.5.0       -            137 d2fbka1a.4.5.28.aln  -            139   4.7e-22   73.7   0.1   1   1   1.3e-23   5.5e-22   73.5   0.1    10   136     7   134     2   137 0.96 -
d3ctaa1a.4.5.28      -             85 d2fbka1a.4.5.28.aln  -            139   8.3e-18   60.0   0.3   1   1   2.3e-19   9.7e-18   59.8   0.3    30   113     2    83     1    84 0.94 -
d2fbka1a.4.5.28      -            172 d2fbka1a.4.5.28.aln  -            139   1.3e-15   52.9   0.0   1   1   3.9e-17   1.6e-15   52.6   0.0    10   137    39   168    35   170 0.93 -
#
# Program:         hmmsearch
# Version:         3.3.2 (Nov 2020)
# Pipeline mode:   SEARCH
# Query file:      /home/elise/Documents/M1-BIM/S2/TMEs/SBAS/tme08/models/d2fbka1a.4.5.28.aln.hmm
# Target file:     /home/elise/Documents/M1-BIM/S2/TMEs/SBAS/tme08/scop/scop/scopTestSeq.fasta
# Option settings: hmmsearch --domtblout /home/elise/Documents/M1-BIM/S2/TMEs/SBAS/tme08/searchResults/d2fbka1a.4.5.28.aln.out -E 1 /home/elise/Documents/M1-BIM/S2/TMEs/SBAS/tme08/models/d2fbka1a.4.5.28.aln.hmm /home/elise/Documents/M1-BIM/S2/TMEs/SBAS/tme08/scop/scop/scopTestSeq.fasta 
# Current dir:     /home/elise/Documents/M1-BIM/S2/TMEs/SBAS/tme08
# Date:            Tue Apr  1 17:30:56 2025
# [ok]
