#                                                                            --- full sequence --- -------------- this domain -------------   hmm coord   ali coord   env coord
# target name        accession   tlen query name           accession   qlen   E-value  score  bias   #  of  c-Evalue  i-Evalue  score  bias  from    to  from    to  from    to  acc description of target
#------------------- ---------- ----- -------------------- ---------- ----- --------- ------ ----- --- --- --------- --------- ------ ----- ----- ----- ----- ----- ----- ----- ---- ---------------------
d2etha1a.4.5.28      -            140 d2fbia1a.4.5.28.aln  -            142   1.9e-41  136.6   0.1   1   1   5.4e-43     2e-41  136.5   0.1     4   141     2   137     1   138 0.98 -
d2fxaa1a.4.5.28      -            162 d2fbia1a.4.5.28.aln  -            142   5.9e-41  135.0   0.0   1   1   1.8e-42   6.6e-41  134.9   0.0     3   141    10   146     8   147 0.98 -
d2a61a1a.4.5.28      -            139 d2fbia1a.4.5.28.aln  -            142   4.1e-40  132.3   0.0   1   1   1.2e-41   4.5e-40  132.2   0.0     5   141     1   135     1   136 0.98 -
d1s3ja_a.4.5.28      -            143 d2fbia1a.4.5.28.aln  -            142   9.8e-40  131.1   3.8   1   1   2.8e-41   1.1e-39  130.9   3.8     3   141     4   140     2   141 0.98 -
d3broa1a.4.5.28      -            135 d2fbia1a.4.5.28.aln  -            142     2e-39  130.1   6.9   1   1   5.8e-41   2.2e-39  129.9   6.9     7   139     2   134     1   135 0.99 -
d1lj9a_a.4.5.28      -            144 d2fbia1a.4.5.28.aln  -            142   2.5e-39  129.7   1.2   1   1   7.5e-41   2.8e-39  129.6   1.2     7   141     2   134     1   135 0.98 -
d2fbha1a.4.5.28      -            137 d2fbia1a.4.5.28.aln  -            142   4.9e-39  128.8   0.1   1   1   1.4e-40   5.4e-39  128.7   0.1     8   142     2   135     1   135 0.98 -
d1jgsa_a.4.5.28      -            138 d2fbia1a.4.5.28.aln  -            142   5.4e-39  128.7   0.0   1   1   1.5e-40   5.8e-39  128.6   0.0     3   138     3   136     1   138 0.96 -
d3echa_a.4.5.28      -            142 d2fbia1a.4.5.28.aln  -            142   1.4e-37  124.1   0.1   1   1   4.2e-39   1.6e-37  123.9   0.1     3   140     4   141     2   142 0.98 -
d1p4xa1a.4.5.28      -            125 d2fbia1a.4.5.28.aln  -            142   7.8e-37  121.7   4.0   1   1   2.3e-38   8.5e-37  121.5   4.0     1   125     1   125     1   125 0.98 -
d2fbka1a.4.5.28      -            172 d2fbia1a.4.5.28.aln  -            142   9.5e-36  118.1   0.0   1   1   2.9e-37   1.1e-35  117.9   0.0     5   142    33   171    29   171 0.97 -
d1p4xa2a.4.5.28      -            125 d2fbia1a.4.5.28.aln  -            142   2.1e-35  117.0   5.0   1   1     6e-37   2.3e-35  116.9   5.0     3   123     2   122     1   125 0.97 -
d2hr3a1a.4.5.28      -            145 d2fbia1a.4.5.28.aln  -            142   6.2e-35  115.5   0.0   1   1   1.8e-36   6.8e-35  115.4   0.0     2   141     2   140     1   141 0.98 -
d1hsja1a.4.5.28      -            115 d2fbia1a.4.5.28.aln  -            142   1.9e-33  110.7   5.8   1   1   5.6e-35   2.1e-33  110.5   5.8     3   116     1   114     1   115 0.98 -
d1ub9a_a.4.5.28      -            100 d2fbia1a.4.5.28.aln  -            142   1.1e-23   79.0   0.0   1   1   3.2e-25   1.2e-23   78.9   0.0    19   119     1    99     1   100 0.97 -
d3bjaa_a.4.5.0       -            139 d2fbia1a.4.5.28.aln  -            142   2.8e-23   77.7   0.2   1   1   8.3e-25   3.1e-23   77.6   0.2    13   139    12   136     2   139 0.91 -
d3jw4a_a.4.5.0       -            137 d2fbia1a.4.5.28.aln  -            142   6.2e-23   76.6   0.1   1   1   1.7e-24   6.5e-23   76.5   0.1    11   137     7   133     1   137 0.96 -
d2fbia1a.4.5.28      -            136 d2fbia1a.4.5.28.aln  -            142   6.3e-23   76.6   0.3   1   1   1.9e-24     7e-23   76.4   0.3     9   138     5   132     1   134 0.96 -
d3ctaa1a.4.5.28      -             85 d2fbia1a.4.5.28.aln  -            142   9.5e-16   53.3   0.3   1   1   4.2e-17   1.6e-15   52.6   0.3    47   115    18    83     1    84 0.92 -
d3df8a_a.4.5.0       -            109 d2fbia1a.4.5.28.aln  -            142    0.0022   13.2   0.0   1   1   8.5e-05    0.0032   12.7   0.0    41   110    33    99    17   107 0.83 -
d3k69a_a.4.5.0       -            155 d2fbia1a.4.5.28.aln  -            142    0.0053   12.0   0.0   1   1   0.00024    0.0091   11.2   0.0    38    81    11    53     2    59 0.84 -
#
# Program:         hmmsearch
# Version:         3.3.2 (Nov 2020)
# Pipeline mode:   SEARCH
# Query file:      /home/elise/Documents/M1-BIM/S2/TMEs/SBAS/tme08/models/d2fbia1a.4.5.28.aln.hmm
# Target file:     /home/elise/Documents/M1-BIM/S2/TMEs/SBAS/tme08/scop/scop/scopTestSeq.fasta
# Option settings: hmmsearch --domtblout /home/elise/Documents/M1-BIM/S2/TMEs/SBAS/tme08/searchResults/d2fbia1a.4.5.28.aln.out -E 1 /home/elise/Documents/M1-BIM/S2/TMEs/SBAS/tme08/models/d2fbia1a.4.5.28.aln.hmm /home/elise/Documents/M1-BIM/S2/TMEs/SBAS/tme08/scop/scop/scopTestSeq.fasta 
# Current dir:     /home/elise/Documents/M1-BIM/S2/TMEs/SBAS/tme08
# Date:            Tue Apr  1 17:30:56 2025
# [ok]
