#                                                                            --- full sequence --- -------------- this domain -------------   hmm coord   ali coord   env coord
# target name        accession   tlen query name           accession   qlen   E-value  score  bias   #  of  c-Evalue  i-Evalue  score  bias  from    to  from    to  from    to  acc description of target
#------------------- ---------- ----- -------------------- ---------- ----- --------- ------ ----- --- --- --------- --------- ------ ----- ----- ----- ----- ----- ----- ----- ---- ---------------------
d2d6ya2a.121.1.1     -            118 d2fbqa2a.121.1.1.aln -            121     7e-20   67.0   0.9   1   1   2.8e-21   7.6e-20   66.9   0.9     5   120     2   117     1   118 0.98 -
d2g7la2a.121.1.1     -            144 d2fbqa2a.121.1.1.aln -            121   1.2e-19   66.3   6.6   1   1   5.3e-21   1.5e-19   66.0   6.6     1   119     1   116     1   118 0.98 -
d2hyja2a.121.1.1     -            118 d2fbqa2a.121.1.1.aln -            121   1.8e-19   65.7   4.0   1   1     7e-21   1.9e-19   65.6   4.0     4   117     4   117     1   118 0.97 -
d1z0xa2a.121.1.1     -            149 d2fbqa2a.121.1.1.aln -            121   4.8e-19   64.4   0.0   1   1   2.1e-20   5.8e-19   64.1   0.0     2   120     2   120     1   121 0.98 -
d2g7sa2a.121.1.1     -            116 d2fbqa2a.121.1.1.aln -            121   6.8e-18   60.7   1.2   1   1   2.7e-19   7.3e-18   60.6   1.2     1   113     1   113     1   116 0.97 -
d2fx0a2a.121.1.1     -            122 d2fbqa2a.121.1.1.aln -            121     7e-18   60.6   0.0   1   1   2.8e-19   7.7e-18   60.5   0.0     2   120     2   120     1   121 0.98 -
d1ui5a2a.121.1.1     -            133 d2fbqa2a.121.1.1.aln -            121     1e-17   60.1   0.3   1   1   4.8e-19   1.3e-17   59.7   0.3     6   120     8   122     5   123 0.97 -
d2i10a2a.121.1.1     -            116 d2fbqa2a.121.1.1.aln -            121     4e-17   58.2   1.8   1   1   1.6e-18   4.3e-17   58.1   1.8     2   115     2   115     1   116 0.98 -
d1rkta2a.121.1.1     -            123 d2fbqa2a.121.1.1.aln -            121   4.9e-17   57.9   0.1   1   1     2e-18   5.3e-17   57.8   0.1     3   120     5   122     3   123 0.97 -
d1t33a2a.121.1.1     -            132 d2fbqa2a.121.1.1.aln -            121   6.5e-17   57.5   0.1   1   1   2.7e-18   7.3e-17   57.4   0.1     2   121     2   121     1   121 0.98 -
d2gena2a.121.1.1     -            118 d2fbqa2a.121.1.1.aln -            121   1.4e-16   56.5   5.3   1   1   5.6e-18   1.5e-16   56.3   5.3     2   118     2   118     1   118 0.98 -
d2id6a2a.121.1.1     -            125 d2fbqa2a.121.1.1.aln -            121   1.6e-16   56.3   0.0   1   1   6.4e-18   1.7e-16   56.1   0.0     2   120     2   120     1   121 0.98 -
d2g3ba2a.121.1.1     -            116 d2fbqa2a.121.1.1.aln -            121   1.7e-16   56.2   1.5   1   1   6.8e-18   1.9e-16   56.0   1.5     2   112     5   115     4   116 0.97 -
d2oi8a2a.121.1.1     -            130 d2fbqa2a.121.1.1.aln -            121   4.4e-16   54.9   1.1   1   1   1.8e-17   4.9e-16   54.7   1.1     3   119     2   118     1   120 0.97 -
d1t56a2a.121.1.1     -            120 d2fbqa2a.121.1.1.aln -            121   4.7e-16   54.8   1.8   1   1   1.9e-17   5.2e-16   54.6   1.8     2   117     4   119     3   120 0.98 -
d3c07a2a.121.1.1     -            146 d2fbqa2a.121.1.1.aln -            121   5.1e-16   54.7   0.9   1   1   2.6e-17   7.1e-16   54.2   0.9     3   119     2   118     1   120 0.98 -
d2id3a2a.121.1.1     -            123 d2fbqa2a.121.1.1.aln -            121   1.7e-15   53.0   6.8   1   1   6.7e-17   1.8e-15   52.9   6.8     6   121     6   121     1   121 0.96 -
d2g7ga2a.121.1.1     -            132 d2fbqa2a.121.1.1.aln -            121   1.7e-15   53.0   5.6   1   1   8.2e-17   2.2e-15   52.6   5.6     2   115     2   110     1   114 0.97 -
d1vi0a2a.121.1.1     -            117 d2fbqa2a.121.1.1.aln -            121     3e-15   52.2   0.0   1   1   1.2e-16   3.2e-15   52.1   0.0     3   117     2   116     1   117 0.98 -
d2iu5a2a.121.1.1     -            109 d2fbqa2a.121.1.1.aln -            121   7.1e-15   51.0   0.0   1   1   2.8e-16   7.6e-15   50.9   0.0     9   114     2   107     1   109 0.97 -
d2hkua2a.121.1.1     -            121 d2fbqa2a.121.1.1.aln -            121   1.4e-14   50.0   0.1   1   1   5.4e-16   1.5e-14   50.0   0.1     6   118     5   115     1   118 0.95 -
d1sgma2a.121.1.1     -            111 d2fbqa2a.121.1.1.aln -            121   4.8e-14   48.3   0.0   1   1   1.9e-15   5.2e-14   48.2   0.0     1   108     1   108     1   111 0.97 -
d2np3a2a.121.1.1     -            112 d2fbqa2a.121.1.1.aln -            121   9.1e-14   47.4   4.2   1   1   3.6e-15   9.7e-14   47.3   4.2     3   109     4   110     2   112 0.96 -
d2fq4a2a.121.1.1     -            115 d2fbqa2a.121.1.1.aln -            121   2.6e-13   46.0   0.0   1   1   1.1e-14   2.9e-13   45.8   0.0     5   117     2   114     1   115 0.98 -
d2fd5a2a.121.1.1     -            104 d2fbqa2a.121.1.1.aln -            121   4.9e-13   45.1   1.7   1   1   1.9e-14   5.2e-13   45.0   1.7    13   113     4   104     1   104 0.97 -
d2o7ta2a.121.1.1     -            110 d2fbqa2a.121.1.1.aln -            121   3.3e-12   42.4   0.0   1   1   1.3e-13   3.4e-12   42.4   0.0     9   111     4   106     1   110 0.94 -
d1zk8a2a.121.1.1     -            105 d2fbqa2a.121.1.1.aln -            121   6.9e-12   41.4   0.0   1   1   2.6e-13   7.1e-12   41.4   0.0     3   103     3    99     1   105 0.96 -
d2np5a2a.121.1.1     -            118 d2fbqa2a.121.1.1.aln -            121     2e-11   39.9   3.6   1   1   8.1e-13   2.2e-11   39.8   3.6     2   119     3   113     2   115 0.98 -
d2gfna2a.121.1.1     -            119 d2fbqa2a.121.1.1.aln -            121     8e-11   38.0   5.8   1   1   3.2e-12   8.8e-11   37.9   5.8     2   120     2   115     1   116 0.96 -
#
# Program:         hmmsearch
# Version:         3.3.2 (Nov 2020)
# Pipeline mode:   SEARCH
# Query file:      /home/elise/Documents/M1-BIM/S2/TMEs/SBAS/tme08/models/d2fbqa2a.121.1.1.aln.hmm
# Target file:     /home/elise/Documents/M1-BIM/S2/TMEs/SBAS/tme08/scop/scop/scopTestSeq.fasta
# Option settings: hmmsearch --domtblout /home/elise/Documents/M1-BIM/S2/TMEs/SBAS/tme08/searchResults/d2fbqa2a.121.1.1.aln.out -E 1 /home/elise/Documents/M1-BIM/S2/TMEs/SBAS/tme08/models/d2fbqa2a.121.1.1.aln.hmm /home/elise/Documents/M1-BIM/S2/TMEs/SBAS/tme08/scop/scop/scopTestSeq.fasta 
# Current dir:     /home/elise/Documents/M1-BIM/S2/TMEs/SBAS/tme08
# Date:            Tue Apr  1 17:30:56 2025
# [ok]
