#                                                                            --- full sequence --- -------------- this domain -------------   hmm coord   ali coord   env coord
# target name        accession   tlen query name           accession   qlen   E-value  score  bias   #  of  c-Evalue  i-Evalue  score  bias  from    to  from    to  from    to  acc description of target
#------------------- ---------- ----- -------------------- ---------- ----- --------- ------ ----- --- --- --------- --------- ------ ----- ----- ----- ----- ----- ----- ----- ---- ---------------------
d1j0ha1b.1.18.2      -            123 d2fhfa2b.1.18.2.aln  -            104   9.3e-30   98.7   0.0   1   1   2.4e-31     1e-29   98.6   0.0     2   104    12   113    11   113 0.98 -
d1ji1a1b.1.18.2      -            122 d2fhfa2b.1.18.2.aln  -            104   2.2e-21   71.8   4.0   1   1   5.7e-23   2.5e-21   71.6   4.0     3   104    19   119    17   119 0.98 -
d3bmva1b.1.18.2      -             83 d2fhfa2b.1.18.2.aln  -            104   1.3e-19   66.1   1.8   1   1   3.2e-21   1.4e-19   66.0   1.8    10    97     2    82     1    83 0.95 -
d2fhfa1b.1.18.2      -            115 d2fhfa2b.1.18.2.aln  -            104     2e-19   65.6   1.7   1   1     5e-21   2.2e-19   65.4   1.7     2   104     8   110     7   110 0.98 -
d1m7xa1b.1.18.2      -            110 d2fhfa2b.1.18.2.aln  -            104   9.8e-19   63.3   0.0   1   1   2.5e-20   1.1e-18   63.2   0.0     1   103     6   106     6   107 0.98 -
d1ut9a2b.1.18.2      -             98 d2fhfa2b.1.18.2.aln  -            104   2.9e-17   58.6   0.2   1   1   7.2e-19   3.1e-17   58.5   0.2     6   100     3    97     1    98 0.97 -
d1clca2b.1.18.2      -            100 d2fhfa2b.1.18.2.aln  -            104   4.2e-17   58.1   0.2   1   1     1e-18   4.5e-17   58.0   0.2     2    98     2    99     1   100 0.96 -
d1w8oa1b.1.18.2      -            103 d2fhfa2b.1.18.2.aln  -            104   8.1e-17   57.2   2.4   1   1     2e-18   8.6e-17   57.1   2.4     4   100     2    99     1   103 0.97 -
d1edqa1b.1.18.2      -            109 d2fhfa2b.1.18.2.aln  -            104   1.3e-16   56.5   2.9   1   1   3.3e-18   1.5e-16   56.3   2.9     2   100     8   107     7   109 0.97 -
d1txka1b.1.18.2      -            115 d2fhfa2b.1.18.2.aln  -            104   3.9e-16   55.0   0.9   1   1   9.7e-18   4.3e-16   54.8   0.9     3   103    11   114     9   115 0.96 -
d2bhua1b.1.18.2      -             97 d2fhfa2b.1.18.2.aln  -            104   1.8e-15   52.8   0.2   1   1   4.5e-17     2e-15   52.7   0.2     3    95     1    95     1    97 0.97 -
d1h3ga1b.1.18.2      -             93 d2fhfa2b.1.18.2.aln  -            104   3.1e-15   52.1   0.0   1   1   7.6e-17   3.3e-15   52.0   0.0     7    99     2    92     1    93 0.97 -
d1k3ia1b.1.18.2      -            102 d2fhfa2b.1.18.2.aln  -            104   3.3e-15   52.0   1.1   1   1   8.1e-17   3.5e-15   51.9   1.1     8    98     3   101     1   102 0.97 -
d1qbaa1b.1.18.2      -            105 d2fhfa2b.1.18.2.aln  -            104   5.1e-15   51.4   0.0   1   1   1.3e-16   5.5e-15   51.3   0.0     5   103     2    99     1   100 0.97 -
d1bf2a1b.1.18.2      -            162 d2fhfa2b.1.18.2.aln  -            104   1.6e-14   49.8   4.8   1   1     5e-16   2.2e-14   49.3   4.8     1   104    23   138    23   138 0.98 -
d2bvya1b.1.18.2      -             94 d2fhfa2b.1.18.2.aln  -            104   2.8e-12   42.6  11.3   1   1   6.8e-14     3e-12   42.5  11.3     5    97     3    94     1    94 0.97 -
d1f1sa2b.1.18.2      -             78 d2fhfa2b.1.18.2.aln  -            104   1.1e-11   40.6   0.2   1   1   2.8e-13   1.2e-11   40.5   0.2    11    91     1    78     1    78 0.95 -
d1ulva2b.1.18.2      -             89 d2fhfa2b.1.18.2.aln  -            104   2.3e-07   26.8   7.0   1   1   5.6e-09   2.5e-07   26.7   7.0     7    99     1    88     1    89 0.96 -
#
# Program:         hmmsearch
# Version:         3.3.2 (Nov 2020)
# Pipeline mode:   SEARCH
# Query file:      /home/elise/Documents/M1-BIM/S2/TMEs/SBAS/tme08/models/d2fhfa2b.1.18.2.aln.hmm
# Target file:     /home/elise/Documents/M1-BIM/S2/TMEs/SBAS/tme08/scop/scop/scopTestSeq.fasta
# Option settings: hmmsearch --domtblout /home/elise/Documents/M1-BIM/S2/TMEs/SBAS/tme08/searchResults/d2fhfa2b.1.18.2.aln.out -E 1 /home/elise/Documents/M1-BIM/S2/TMEs/SBAS/tme08/models/d2fhfa2b.1.18.2.aln.hmm /home/elise/Documents/M1-BIM/S2/TMEs/SBAS/tme08/scop/scop/scopTestSeq.fasta 
# Current dir:     /home/elise/Documents/M1-BIM/S2/TMEs/SBAS/tme08
# Date:            Tue Apr  1 17:30:56 2025
# [ok]
