#                                                                            --- full sequence --- -------------- this domain -------------   hmm coord   ali coord   env coord
# target name        accession   tlen query name           accession   qlen   E-value  score  bias   #  of  c-Evalue  i-Evalue  score  bias  from    to  from    to  from    to  acc description of target
#------------------- ---------- ----- -------------------- ---------- ----- --------- ------ ----- --- --- --------- --------- ------ ----- ----- ----- ----- ----- ----- ----- ---- ---------------------
d2pq8a_d.108.1.1     -            271 d2fl4a1d.108.1.1.aln -            193     3e-40  133.8   0.0   1   1   2.1e-41   3.7e-40  133.5   0.0     1   192    49   256    49   257 0.99 -
d1z4ra1d.108.1.1     -            162 d2fl4a1d.108.1.1.aln -            193   9.2e-34  112.6   0.1   1   1   5.8e-35     1e-33  112.5   0.1    21   185     2   161     1   162 0.98 -
d1z4ea1d.108.1.1     -            150 d2fl4a1d.108.1.1.aln -            193   1.9e-33  111.6   0.1   1   1   1.2e-34   2.1e-33  111.5   0.1    21   162     1   144     1   150 0.98 -
d2b5ga_d.108.1.1     -            168 d2fl4a1d.108.1.1.aln -            193     2e-33  111.5   0.3   1   1   1.3e-34   2.2e-33  111.4   0.3    22   180     3   167     1   168 0.99 -
d2ae6a1d.108.1.1     -            161 d2fl4a1d.108.1.1.aln -            193   3.5e-32  107.5   0.1   1   1   2.2e-33   3.8e-32  107.4   0.1    20   181     3   159     1   161 0.97 -
d1qsma_d.108.1.1     -            150 d2fl4a1d.108.1.1.aln -            193   1.7e-29   98.7   0.0   1   1   1.1e-30   1.9e-29   98.6   0.0    20   169     1   150     1   150 0.98 -
d1tiqa_d.108.1.1     -            173 d2fl4a1d.108.1.1.aln -            193   1.8e-29   98.7   0.0   1   1   1.1e-30     2e-29   98.5   0.0    22   183     2   172     1   173 0.98 -
d1nsla_d.108.1.1     -            180 d2fl4a1d.108.1.1.aln -            193   2.5e-29   98.2   0.3   1   1   1.6e-30   2.8e-29   98.0   0.3    13   186     2   180     1   180 0.99 -
d2fiaa1d.108.1.1     -            157 d2fl4a1d.108.1.1.aln -            193   4.6e-28   94.1   0.7   1   1   2.9e-29   5.1e-28   93.9   0.7    22   181     1   156     1   157 0.98 -
d2gana1d.108.1.1     -            182 d2fl4a1d.108.1.1.aln -            193     1e-27   92.9   0.2   1   1   6.6e-29   1.2e-27   92.8   0.2     2   175     2   180     1   182 0.98 -
d1i12a_d.108.1.1     -            157 d2fl4a1d.108.1.1.aln -            193     4e-27   91.0   0.0   1   1   2.5e-28   4.3e-27   90.9   0.0    21   166     4   155     1   157 0.97 -
d1mk4a_d.108.1.1     -            157 d2fl4a1d.108.1.1.aln -            193     5e-27   90.7   0.0   1   1     3e-28   5.3e-27   90.6   0.0    21   176     1   144     1   156 0.94 -
d1vkca_d.108.1.1     -            149 d2fl4a1d.108.1.1.aln -            193   6.5e-27   90.3   1.6   1   1   4.5e-28   7.9e-27   90.0   1.6    29   164    11   145     2   148 0.95 -
d1ufha_d.108.1.1     -            155 d2fl4a1d.108.1.1.aln -            193   6.7e-27   90.3   0.3   1   1   4.5e-28     8e-27   90.0   0.3    21   164     1   151     1   154 0.98 -
d2fcka1d.108.1.1     -            178 d2fl4a1d.108.1.1.aln -            193   1.4e-26   89.3   0.1   1   1   8.5e-28   1.5e-26   89.1   0.1    11   173     1   168     1   177 0.94 -
d1yk3a1d.108.1.1     -            198 d2fl4a1d.108.1.1.aln -            193     2e-26   88.7   0.1   1   1   1.2e-27   2.2e-26   88.6   0.1     3   191     2   198     1   198 0.99 -
d1wwza1d.108.1.1     -            157 d2fl4a1d.108.1.1.aln -            193   2.1e-26   88.7   0.8   1   1   1.4e-27   2.5e-26   88.4   0.8    19   171     1   155     1   156 0.98 -
d2cy2a1d.108.1.1     -            174 d2fl4a1d.108.1.1.aln -            193   2.3e-26   88.5   1.3   1   1   1.5e-27   2.7e-26   88.3   1.3    22   186     1   174     1   174 0.98 -
d1y9ka1d.108.1.1     -            152 d2fl4a1d.108.1.1.aln -            193   2.4e-26   88.4   0.0   1   1   1.5e-27   2.6e-26   88.3   0.0    61   192    39   151     4   152 0.82 -
d1u6ma_d.108.1.1     -            189 d2fl4a1d.108.1.1.aln -            193     4e-26   87.7   0.1   1   1   2.8e-27   4.9e-26   87.5   0.1     5   174     3   185     1   188 0.97 -
d1cjwa_d.108.1.1     -            166 d2fl4a1d.108.1.1.aln -            193   1.5e-25   85.8   0.0   1   1   9.3e-27   1.6e-25   85.7   0.0    23   177     7   164     1   166 0.98 -
d2euia1d.108.1.1     -            153 d2fl4a1d.108.1.1.aln -            193   2.8e-25   85.0   0.1   1   1   1.7e-26     3e-25   84.9   0.1    22   172     1   150     1   153 0.96 -
d1y9wa1d.108.1.1     -            140 d2fl4a1d.108.1.1.aln -            193   3.8e-25   84.5   0.9   1   1   2.5e-26   4.3e-25   84.4   0.9    22   178     1   139     1   140 0.95 -
d1ghea_d.108.1.1     -            170 d2fl4a1d.108.1.1.aln -            193   6.4e-25   83.8   0.0   1   1   3.9e-26   6.8e-25   83.7   0.0    23   181     6   167     1   170 0.95 -
d1boba_d.108.1.1     -            315 d2fl4a1d.108.1.1.aln -            193   8.9e-25   83.3   0.2   1   1   6.4e-26   1.1e-24   83.0   0.2     1   193    98   309    98   309 0.97 -
d2p0wa_d.108.1.1     -            319 d2fl4a1d.108.1.1.aln -            193   2.1e-24   82.1   0.2   1   1   1.6e-25   2.7e-24   81.7   0.2     1   188   101   318   101   319 0.99 -
d2atra1d.108.1.1     -            137 d2fl4a1d.108.1.1.aln -            193     1e-21   73.3   0.0   1   1   6.5e-23   1.1e-21   73.2   0.0    21   173     1   136     1   137 0.97 -
d2jdca1d.108.1.1     -            145 d2fl4a1d.108.1.1.aln -            193   1.8e-21   72.6   0.1   1   1   1.1e-22     2e-21   72.4   0.1    22   178     1   143     1   145 0.97 -
d1yx0a1d.108.1.1     -            151 d2fl4a1d.108.1.1.aln -            193   2.4e-21   72.1   0.0   1   1   1.5e-22   2.6e-21   72.0   0.0    22   178     1   150     1   151 0.96 -
d1bo4a_d.108.1.1     -            137 d2fl4a1d.108.1.1.aln -            193   5.9e-21   70.9   0.1   1   1   3.7e-22   6.4e-21   70.8   0.1    22   156     3   137     1   137 0.98 -
d1m4ia_d.108.1.1     -            181 d2fl4a1d.108.1.1.aln -            193   7.6e-21   70.5   0.1   1   1     5e-22   8.7e-21   70.3   0.1    17   192     1   181     1   181 0.97 -
d2g3aa1d.108.1.1     -            137 d2fl4a1d.108.1.1.aln -            193   8.7e-21   70.3   0.0   1   1   5.1e-22     9e-21   70.3   0.0    22   166     1   124     1   137 0.93 -
d1xeba_d.108.1.1     -            149 d2fl4a1d.108.1.1.aln -            193     1e-20   70.1   0.9   1   1   6.7e-22   1.2e-20   69.9   0.9    17   169     2   141     1   147 0.94 -
d1q2ya_d.108.1.1     -            140 d2fl4a1d.108.1.1.aln -            193   1.5e-19   66.3   0.2   1   1   1.2e-20     2e-19   65.9   0.2    28   177     8   139     6   139 0.97 -
d1n71a_d.108.1.1     -            180 d2fl4a1d.108.1.1.aln -            193   3.6e-19   65.0   0.0   1   1   2.3e-20   4.1e-19   64.9   0.0    21   183     2   178     1   180 0.97 -
d2fiwa1d.108.1.1     -            156 d2fl4a1d.108.1.1.aln -            193   4.2e-19   64.8   0.0   1   1   2.5e-20   4.4e-19   64.8   0.0    20   170     2   145     1   156 0.91 -
d1y7ra1d.108.1.1     -            133 d2fl4a1d.108.1.1.aln -            193   8.1e-19   63.9   0.0   1   1     5e-20   8.7e-19   63.8   0.0    26   170     5   132     1   133 0.96 -
d2fsra1d.108.1.1     -            164 d2fl4a1d.108.1.1.aln -            193   6.7e-18   60.9   0.0   1   1   4.1e-19   7.2e-18   60.8   0.0    15   172     3   159     1   164 0.95 -
d1p0ha_d.108.1.1     -            308 d2fl4a1d.108.1.1.aln -            193   3.6e-17   58.5   0.1   1   2   6.9e-16   1.2e-14   50.3   0.0     2   192    58   273    57   274 0.98 -
d1p0ha_d.108.1.1     -            308 d2fl4a1d.108.1.1.aln -            193   3.6e-17   58.5   0.1   2   2      0.05      0.88    5.1   0.0   136   163   278   303   274   307 0.71 -
d2aj6a1d.108.1.1     -            118 d2fl4a1d.108.1.1.aln -            193   6.6e-17   57.7   0.0   1   1   4.1e-18   7.1e-17   57.6   0.0    21   138     1   116     1   118 0.97 -
d1r57a_d.108.1.1     -            102 d2fl4a1d.108.1.1.aln -            193   1.3e-12   43.6   0.1   1   1   7.7e-14   1.3e-12   43.6   0.1    99   159    34    95     6   102 0.82 -
d2fl4a1d.108.1.1     -            146 d2fl4a1d.108.1.1.aln -            193   1.5e-12   43.5   0.4   1   1   9.7e-14   1.7e-12   43.3   0.4    32   158     5   128     2   133 0.80 -
d1xmta_d.108.1.1     -             95 d2fl4a1d.108.1.1.aln -            193   6.6e-10   34.8   0.0   1   1   1.5e-10   2.7e-09   32.8   0.0    89   144    21    76     1    91 0.86 -
d2d4pa1d.108.1.1     -            130 d2fl4a1d.108.1.1.aln -            193     1e-08   31.0   0.4   1   1   1.1e-09   1.9e-08   30.1   0.4    22   158     1   116     1   129 0.94 -
d1l8qa2c.37.1.20     -            213 d2fl4a1d.108.1.1.aln -            193    0.0051   12.4   0.1   1   1   0.00078     0.014   11.0   0.0   119   148    50    79    49    98 0.85 -
#
# Program:         hmmsearch
# Version:         3.3.2 (Nov 2020)
# Pipeline mode:   SEARCH
# Query file:      /home/elise/Documents/M1-BIM/S2/TMEs/SBAS/tme08/models/d2fl4a1d.108.1.1.aln.hmm
# Target file:     /home/elise/Documents/M1-BIM/S2/TMEs/SBAS/tme08/scop/scop/scopTestSeq.fasta
# Option settings: hmmsearch --domtblout /home/elise/Documents/M1-BIM/S2/TMEs/SBAS/tme08/searchResults/d2fl4a1d.108.1.1.aln.out -E 1 /home/elise/Documents/M1-BIM/S2/TMEs/SBAS/tme08/models/d2fl4a1d.108.1.1.aln.hmm /home/elise/Documents/M1-BIM/S2/TMEs/SBAS/tme08/scop/scop/scopTestSeq.fasta 
# Current dir:     /home/elise/Documents/M1-BIM/S2/TMEs/SBAS/tme08
# Date:            Tue Apr  1 17:30:56 2025
# [ok]
