#                                                                            --- full sequence --- -------------- this domain -------------   hmm coord   ali coord   env coord
# target name        accession   tlen query name           accession   qlen   E-value  score  bias   #  of  c-Evalue  i-Evalue  score  bias  from    to  from    to  from    to  acc description of target
#------------------- ---------- ----- -------------------- ---------- ----- --------- ------ ----- --- --- --------- --------- ------ ----- ----- ----- ----- ----- ----- ----- ---- ---------------------
d1g41a_c.37.1.20     -            443 d2fnaa2c.37.1.20.aln -            291   2.6e-73  242.3   1.8   1   1   5.2e-74   1.7e-72  239.6   1.8     3   291     1   443     1   443 1.00 -
d1iqpa2c.37.1.20     -            231 d2fnaa2c.37.1.20.aln -            291   5.1e-69  228.2   0.6   1   1   1.9e-70   5.9e-69  228.0   0.6     8   243     3   228     1   230 0.98 -
d1lv7a_c.37.1.20     -            256 d2fnaa2c.37.1.20.aln -            291   3.8e-67  222.0   0.1   1   1   1.3e-68   4.2e-67  221.9   0.1     5   258     1   254     1   256 0.99 -
d1svma_c.37.1.20     -            362 d2fnaa2c.37.1.20.aln -            291   2.2e-55  183.4   0.0   1   1   1.3e-56   4.1e-55  182.5   0.0     5   291     1   343     1   343 1.00 -
d1njfa_c.37.1.20     -            239 d2fnaa2c.37.1.20.aln -            291   7.7e-54  178.4   0.0   1   1   2.8e-55   8.8e-54  178.2   0.0    18   245     1   236     1   238 0.98 -
d1r6bx3c.37.1.20     -            315 d2fnaa2c.37.1.20.aln -            291   1.6e-51  170.7   0.1   1   1   5.8e-53   1.8e-51  170.6   0.1     1   291     7   315     7   315 0.99 -
d1sxja2c.37.1.20     -            253 d2fnaa2c.37.1.20.aln -            291   1.3e-50  167.8   0.0   1   1   4.5e-52   1.4e-50  167.6   0.0    16   251     1   252     1   253 0.97 -
d1um8a_c.37.1.20     -            364 d2fnaa2c.37.1.20.aln -            291   1.5e-50  167.5   0.0   1   1   8.9e-52   2.8e-50  166.7   0.0     2   283     3   364     2   364 0.99 -
d2a5yb3c.37.1.20     -            277 d2fnaa2c.37.1.20.aln -            291   2.3e-47  157.1   0.0   1   1   7.9e-49   2.5e-47  157.0   0.0     9   274     1   276     1   277 0.98 -
d1u0ja_c.37.1.20     -            267 d2fnaa2c.37.1.20.aln -            291   1.3e-45  151.3   0.0   1   1     5e-47   1.6e-45  151.1   0.0    11   272     2   265     1   266 0.99 -
d1d2na_c.37.1.20     -            246 d2fnaa2c.37.1.20.aln -            291   4.1e-45  149.7   0.0   1   1   1.4e-46   4.5e-45  149.6   0.0    12   256     3   245     1   246 0.98 -
d1fnna2c.37.1.20     -            276 d2fnaa2c.37.1.20.aln -            291   7.8e-44  145.5   0.0   1   1   2.7e-45   8.6e-44  145.4   0.0    12   266     2   275     1   276 0.99 -
d1in4a2c.37.1.20     -            238 d2fnaa2c.37.1.20.aln -            291   1.3e-43  144.8   1.7   1   1   4.4e-45   1.4e-43  144.7   1.7    19   256     4   237     1   238 0.97 -
d1w5sa2c.37.1.20     -            287 d2fnaa2c.37.1.20.aln -            291   5.5e-42  139.5   0.1   1   1   1.9e-43   6.1e-42  139.3   0.1    13   275     3   286     1   287 0.99 -
d1g8pa_c.37.1.20     -            333 d2fnaa2c.37.1.20.aln -            291   9.4e-40  132.1   0.1   1   1   3.4e-41   1.1e-39  131.9   0.1     1   281     1   333     1   333 0.99 -
d1ny5a2c.37.1.20     -            247 d2fnaa2c.37.1.20.aln -            291   3.2e-38  127.1   0.5   1   1   1.1e-39   3.6e-38  126.9   0.5    22   264     1   247     1   247 0.99 -
d2p65a_c.37.1.20     -            185 d2fnaa2c.37.1.20.aln -            291   3.8e-36  120.3   0.4   1   1   1.3e-37   4.2e-36  120.1   0.4     9   184     1   185     1   185 0.99 -
d1a5ta2c.37.1.20     -            207 d2fnaa2c.37.1.20.aln -            291   2.4e-35  117.7   0.0   1   1   8.3e-37   2.6e-35  117.5   0.0    14   228     1   207     1   207 0.99 -
d1tuea_c.37.1.20     -            205 d2fnaa2c.37.1.20.aln -            291   5.4e-32  106.7   0.0   1   1   1.9e-33   5.9e-32  106.5   0.0    20   237     4   204     1   205 0.98 -
d2gnoa2c.37.1.20     -            198 d2fnaa2c.37.1.20.aln -            291   4.4e-29   97.1   0.2   1   1   1.6e-30   5.2e-29   96.9   0.2    23   241     1   196     1   198 0.98 -
d1l8qa2c.37.1.20     -            213 d2fnaa2c.37.1.20.aln -            291   4.9e-29   96.9   0.7   1   1   1.7e-30   5.5e-29   96.8   0.7    17   235     1   212     1   213 0.98 -
d1jqlb_c.37.1.20     -            140 d2fnaa2c.37.1.20.aln -            291   1.8e-24   82.0   0.0   1   1   6.1e-26   1.9e-24   81.9   0.0    21   168     2   138     1   140 0.97 -
d1qzma_c.37.1.20     -             94 d2fnaa2c.37.1.20.aln -            291   2.5e-06   22.4   0.1   1   1     9e-08   2.8e-06   22.2   0.1    26   139     3    91     1    93 0.91 -
d1y63a_c.37.1.1      -            174 d2fnaa2c.37.1.20.aln -            291   4.4e-05   18.3   0.7   1   2   2.4e-06   7.7e-05   17.5   0.0    52    81     7    36     7    43 0.87 -
d1y63a_c.37.1.1      -            174 d2fnaa2c.37.1.20.aln -            291   4.4e-05   18.3   0.7   2   2       1.6        50   -1.5   0.1   165   194   143   172   111   174 0.61 -
d3kb2a_c.37.1.1      -            171 d2fnaa2c.37.1.20.aln -            291   0.00062   14.6   0.0   1   2   5.5e-05    0.0017   13.1   0.0    53    86     3    36     2    61 0.92 -
d3kb2a_c.37.1.1      -            171 d2fnaa2c.37.1.20.aln -            291   0.00062   14.6   0.0   2   2       1.4        45   -1.4   0.0   156   183    96   124    75   137 0.55 -
#
# Program:         hmmsearch
# Version:         3.3.2 (Nov 2020)
# Pipeline mode:   SEARCH
# Query file:      /home/elise/Documents/M1-BIM/S2/TMEs/SBAS/tme08/models/d2fnaa2c.37.1.20.aln.hmm
# Target file:     /home/elise/Documents/M1-BIM/S2/TMEs/SBAS/tme08/scop/scop/scopTestSeq.fasta
# Option settings: hmmsearch --domtblout /home/elise/Documents/M1-BIM/S2/TMEs/SBAS/tme08/searchResults/d2fnaa2c.37.1.20.aln.out -E 1 /home/elise/Documents/M1-BIM/S2/TMEs/SBAS/tme08/models/d2fnaa2c.37.1.20.aln.hmm /home/elise/Documents/M1-BIM/S2/TMEs/SBAS/tme08/scop/scop/scopTestSeq.fasta 
# Current dir:     /home/elise/Documents/M1-BIM/S2/TMEs/SBAS/tme08
# Date:            Tue Apr  1 17:30:56 2025
# [ok]
