#                                                                            --- full sequence --- -------------- this domain -------------   hmm coord   ali coord   env coord
# target name        accession   tlen query name           accession   qlen   E-value  score  bias   #  of  c-Evalue  i-Evalue  score  bias  from    to  from    to  from    to  acc description of target
#------------------- ---------- ----- -------------------- ---------- ----- --------- ------ ----- --- --- --------- --------- ------ ----- ----- ----- ----- ----- ----- ----- ---- ---------------------
d2i4aa_c.47.1.1      -            107 d2fwha_c.47.1.1.aln  -            110   2.2e-35  116.4   0.0   1   1   4.7e-37   2.3e-35  116.3   0.0     4   107     2   105     1   107 0.96 -
d1r26a_c.47.1.1      -            113 d2fwha_c.47.1.1.aln  -            110   1.1e-29   97.9   0.0   1   1   2.4e-31   1.2e-29   97.9   0.0     3   106     7   109     5   113 0.95 -
d1zmaa1c.47.1.1      -            115 d2fwha_c.47.1.1.aln  -            110   3.3e-21   70.7   0.0   1   1   7.4e-23   3.6e-21   70.6   0.0     4   108    11   113     8   115 0.96 -
d1sena_c.47.1.1      -            135 d2fwha_c.47.1.1.aln  -            110   3.1e-20   67.6   0.0   1   1   7.2e-22   3.6e-20   67.4   0.0     3   107     6   117     4   120 0.95 -
d1z6na1c.47.1.1      -            166 d2fwha_c.47.1.1.aln  -            110   3.2e-16   54.6   0.0   1   1   7.9e-18   3.9e-16   54.4   0.0     2   109    37   153    36   154 0.94 -
d1wjka_c.47.1.1      -            100 d2fwha_c.47.1.1.aln  -            110   7.6e-16   53.4   0.0   1   1   1.8e-17   8.7e-16   53.2   0.0    10   105     3    95     1    99 0.96 -
d1abaa_c.47.1.1      -             87 d2fwha_c.47.1.1.aln  -            110   1.2e-13   46.4   0.0   1   1   2.6e-15   1.3e-13   46.3   0.0    22   106     2    85     1    87 0.89 -
d2hzfa_c.47.1.0      -            110 d2fwha_c.47.1.1.aln  -            110   3.7e-12   41.6   0.0   1   1   8.9e-14   4.4e-12   41.3   0.0     8    97     3    88     1    93 0.94 -
d3qmxa_c.47.1.0      -             99 d2fwha_c.47.1.1.aln  -            110   5.6e-12   41.0   0.0   1   1   1.3e-13   6.5e-12   40.8   0.0    17   107    12    93     3    96 0.82 -
d1iloa_c.47.1.1      -             77 d2fwha_c.47.1.1.aln  -            110   6.5e-12   40.8   0.1   1   1   1.5e-13   7.4e-12   40.6   0.1    25   103     2    73     1    76 0.91 -
d3gnja_c.47.1.0      -            111 d2fwha_c.47.1.1.aln  -            110   6.6e-08   27.9   0.1   1   1   1.7e-09   8.2e-08   27.6   0.1    15    93    15    93     4   109 0.79 -
d1ttza_c.47.1.1      -             75 d2fwha_c.47.1.1.aln  -            110   3.6e-07   25.5   0.0   1   1   1.1e-08   5.2e-07   25.0   0.0    24   104     3    73     1    74 0.87 -
d2wcia_c.47.1.0      -            113 d2fwha_c.47.1.1.aln  -            110   3.4e-06   22.4   0.0   1   1   8.6e-08   4.2e-06   22.1   0.0    23   107    19    96     3   108 0.87 -
d2fwha_c.47.1.1      -            117 d2fwha_c.47.1.1.aln  -            110   9.2e-06   21.0   0.3   1   1     6e-07     3e-05   19.3   0.3    12    92    14   101     4   115 0.68 -
d3feua_c.47.1.0      -            183 d2fwha_c.47.1.1.aln  -            110   1.6e-05   20.2   0.0   1   2     0.055       2.7    3.4   0.0    30    50    28    48    18    56 0.84 -
d3feua_c.47.1.0      -            183 d2fwha_c.47.1.1.aln  -            110   1.6e-05   20.2   0.0   2   2   1.7e-05   0.00085   14.6   0.0    54    97   130   169   123   181 0.72 -
d3h93a_c.47.1.0      -            192 d2fwha_c.47.1.1.aln  -            110    0.0042   12.4   0.1   1   2       1.4        70   -1.2   0.0    33    59    36    62    23    65 0.76 -
d3h93a_c.47.1.0      -            192 d2fwha_c.47.1.1.aln  -            110    0.0042   12.4   0.1   2   2   0.00029     0.015   10.7   0.0    58    87   134   163   107   180 0.78 -
#
# Program:         hmmsearch
# Version:         3.3.2 (Nov 2020)
# Pipeline mode:   SEARCH
# Query file:      /home/elise/Documents/M1-BIM/S2/TMEs/SBAS/tme08/models/d2fwha_c.47.1.1.aln.hmm
# Target file:     /home/elise/Documents/M1-BIM/S2/TMEs/SBAS/tme08/scop/scop/scopTestSeq.fasta
# Option settings: hmmsearch --domtblout /home/elise/Documents/M1-BIM/S2/TMEs/SBAS/tme08/searchResults/d2fwha_c.47.1.1.aln.out -E 1 /home/elise/Documents/M1-BIM/S2/TMEs/SBAS/tme08/models/d2fwha_c.47.1.1.aln.hmm /home/elise/Documents/M1-BIM/S2/TMEs/SBAS/tme08/scop/scop/scopTestSeq.fasta 
# Current dir:     /home/elise/Documents/M1-BIM/S2/TMEs/SBAS/tme08
# Date:            Tue Apr  1 17:30:57 2025
# [ok]
