#                                                                            --- full sequence --- -------------- this domain -------------   hmm coord   ali coord   env coord
# target name        accession   tlen query name           accession   qlen   E-value  score  bias   #  of  c-Evalue  i-Evalue  score  bias  from    to  from    to  from    to  acc description of target
#------------------- ---------- ----- -------------------- ---------- ----- --------- ------ ----- --- --- --------- --------- ------ ----- ----- ----- ----- ----- ----- ----- ---- ---------------------
d2id3a2a.121.1.1     -            123 d2g3ba2a.121.1.1.aln -            121   1.5e-19   66.2   6.2   1   1   5.9e-21   1.6e-19   66.1   6.2     2   120     2   121     1   122 0.98 -
d1z0xa2a.121.1.1     -            149 d2g3ba2a.121.1.1.aln -            121   6.8e-19   64.1   0.0   1   1   2.9e-20   7.8e-19   63.9   0.0     2   120     3   142     2   143 0.99 -
d2hyja2a.121.1.1     -            118 d2g3ba2a.121.1.1.aln -            121   1.1e-17   60.2   3.3   1   1   4.1e-19   1.1e-17   60.2   3.3     7   119     7   116     1   118 0.94 -
d2gena2a.121.1.1     -            118 d2g3ba2a.121.1.1.aln -            121   3.6e-17   58.6   5.2   1   1   1.4e-18   3.9e-17   58.4   5.2     2   120     3   117     2   118 0.98 -
d2fbqa2a.121.1.1     -            134 d2g3ba2a.121.1.1.aln -            121   4.8e-17   58.1   0.2   1   1     2e-18   5.3e-17   58.0   0.2     2   120     5   129     4   130 0.98 -
d2g7sa2a.121.1.1     -            116 d2g3ba2a.121.1.1.aln -            121   9.9e-17   57.1   1.3   1   1   4.3e-18   1.2e-16   56.9   1.3     8   119     7   115     2   116 0.96 -
d3c07a2a.121.1.1     -            146 d2g3ba2a.121.1.1.aln -            121   1.1e-16   56.9   1.8   1   1   4.7e-18   1.3e-16   56.8   1.8     3   119     4   133     2   135 0.96 -
d2g7la2a.121.1.1     -            144 d2g3ba2a.121.1.1.aln -            121   3.5e-16   55.4   6.1   1   1   1.5e-17   4.1e-16   55.2   6.1     1   120     2   137     2   138 0.99 -
d2i10a2a.121.1.1     -            116 d2g3ba2a.121.1.1.aln -            121   7.3e-16   54.4   1.7   1   1   2.9e-17   7.8e-16   54.3   1.7     3   119     3   115     1   116 0.94 -
d1vi0a2a.121.1.1     -            117 d2g3ba2a.121.1.1.aln -            121   1.2e-15   53.6   0.0   1   1   5.5e-17   1.5e-15   53.4   0.0    10   120     5   116     2   117 0.96 -
d1t33a2a.121.1.1     -            132 d2g3ba2a.121.1.1.aln -            121   1.8e-15   53.1   0.1   1   1   7.3e-17     2e-15   53.0   0.1     1   120     2   128     2   129 0.99 -
d2oi8a2a.121.1.1     -            130 d2g3ba2a.121.1.1.aln -            121   3.2e-15   52.3   1.2   1   1   1.3e-16   3.5e-15   52.2   1.2     3   119     7   125     5   127 0.98 -
d2fx0a2a.121.1.1     -            122 d2g3ba2a.121.1.1.aln -            121   4.5e-15   51.8   0.0   1   1   1.8e-16   4.9e-15   51.7   0.0     7   119     2   116     1   118 0.95 -
d2d6ya2a.121.1.1     -            118 d2g3ba2a.121.1.1.aln -            121   5.8e-15   51.5   1.4   1   1   2.4e-16   6.4e-15   51.3   1.4     1   119     2   117     2   118 0.97 -
d1rkta2a.121.1.1     -            123 d2g3ba2a.121.1.1.aln -            121   8.8e-15   50.9   0.1   1   1   3.5e-16   9.6e-15   50.8   0.1     6   120     2   119     1   120 0.96 -
d1t56a2a.121.1.1     -            120 d2g3ba2a.121.1.1.aln -            121   1.2e-14   50.4   1.7   1   1   4.8e-16   1.3e-14   50.3   1.7     2   119     2   118     1   120 0.97 -
d2g7ga2a.121.1.1     -            132 d2g3ba2a.121.1.1.aln -            121   1.2e-13   47.3   7.4   1   1   4.9e-15   1.3e-13   47.1   7.4     1   120     2   126     2   127 0.97 -
d2fq4a2a.121.1.1     -            115 d2g3ba2a.121.1.1.aln -            121   1.6e-13   46.9   0.0   1   1     6e-15   1.6e-13   46.8   0.0     5   116     2   111     1   115 0.95 -
d2gfna2a.121.1.1     -            119 d2g3ba2a.121.1.1.aln -            121     2e-13   46.6   5.4   1   1   7.8e-15   2.1e-13   46.4   5.4     8   120     3   119     1   119 0.96 -
d1ui5a2a.121.1.1     -            133 d2g3ba2a.121.1.1.aln -            121   5.1e-13   45.2   0.7   1   1     2e-14   5.5e-13   45.1   0.7     2   120     3   131     2   132 0.98 -
d2id6a2a.121.1.1     -            125 d2g3ba2a.121.1.1.aln -            121   7.7e-13   44.7   0.0   1   1   3.1e-14   8.4e-13   44.5   0.0     2   120     3   121     2   122 0.97 -
d2np5a2a.121.1.1     -            118 d2g3ba2a.121.1.1.aln -            121   4.7e-12   42.1   2.0   1   1   1.8e-13   4.9e-12   42.1   2.0     7   118     3   116     1   118 0.95 -
d2iu5a2a.121.1.1     -            109 d2g3ba2a.121.1.1.aln -            121     1e-11   41.0   0.0   1   1   4.2e-13   1.1e-11   40.9   0.0     7   119     2   105     1   107 0.98 -
d2hkua2a.121.1.1     -            121 d2g3ba2a.121.1.1.aln -            121   1.7e-11   40.3   0.1   1   1   6.8e-13   1.9e-11   40.2   0.1     5   120     2   120     1   121 0.97 -
d2o7ta2a.121.1.1     -            110 d2g3ba2a.121.1.1.aln -            121     9e-11   38.0   0.0   1   1   3.6e-12   9.9e-11   37.9   0.0     2   120     3   107     2   108 0.93 -
d1zk8a2a.121.1.1     -            105 d2g3ba2a.121.1.1.aln -            121   3.2e-10   36.3   0.0   1   1   1.2e-11   3.3e-10   36.2   0.0     2    95     3    96     2   105 0.95 -
d1sgma2a.121.1.1     -            111 d2g3ba2a.121.1.1.aln -            121   3.4e-10   36.2   0.0   1   1   1.4e-11   3.9e-10   36.0   0.0    10   119     6   111     2   111 0.96 -
d2fd5a2a.121.1.1     -            104 d2g3ba2a.121.1.1.aln -            121   1.3e-09   34.3   1.5   1   1   5.1e-11   1.4e-09   34.2   1.5     7   114     4    99     1   104 0.89 -
d2np3a2a.121.1.1     -            112 d2g3ba2a.121.1.1.aln -            121   2.9e-09   33.2   4.9   1   1   1.2e-10   3.2e-09   33.1   4.9     7   120     2   107     1   108 0.96 -
#
# Program:         hmmsearch
# Version:         3.3.2 (Nov 2020)
# Pipeline mode:   SEARCH
# Query file:      /home/elise/Documents/M1-BIM/S2/TMEs/SBAS/tme08/models/d2g3ba2a.121.1.1.aln.hmm
# Target file:     /home/elise/Documents/M1-BIM/S2/TMEs/SBAS/tme08/scop/scop/scopTestSeq.fasta
# Option settings: hmmsearch --domtblout /home/elise/Documents/M1-BIM/S2/TMEs/SBAS/tme08/searchResults/d2g3ba2a.121.1.1.aln.out -E 1 /home/elise/Documents/M1-BIM/S2/TMEs/SBAS/tme08/models/d2g3ba2a.121.1.1.aln.hmm /home/elise/Documents/M1-BIM/S2/TMEs/SBAS/tme08/scop/scop/scopTestSeq.fasta 
# Current dir:     /home/elise/Documents/M1-BIM/S2/TMEs/SBAS/tme08
# Date:            Tue Apr  1 17:30:57 2025
# [ok]
