#                                                                            --- full sequence --- -------------- this domain -------------   hmm coord   ali coord   env coord
# target name        accession   tlen query name           accession   qlen   E-value  score  bias   #  of  c-Evalue  i-Evalue  score  bias  from    to  from    to  from    to  acc description of target
#------------------- ---------- ----- -------------------- ---------- ----- --------- ------ ----- --- --- --------- --------- ------ ----- ----- ----- ----- ----- ----- ----- ---- ---------------------
d2gfna2a.121.1.1     -            119 d2g7ga2a.121.1.1.aln -            121   1.9e-22   75.1   5.1   1   1   7.7e-24     2e-22   75.0   5.1     3   118     3   118     1   119 0.97 -
d2id3a2a.121.1.1     -            123 d2g7ga2a.121.1.1.aln -            121   9.3e-22   72.8   4.6   1   1   3.8e-23     1e-21   72.7   4.6     2   119     4   121     3   123 0.97 -
d1vi0a2a.121.1.1     -            117 d2g7ga2a.121.1.1.aln -            121   4.2e-21   70.8   0.0   1   1   1.7e-22   4.5e-21   70.6   0.0     5   119     2   116     1   117 0.98 -
d1ui5a2a.121.1.1     -            133 d2g7ga2a.121.1.1.aln -            121     1e-20   69.5   0.1   1   1   4.7e-22   1.2e-20   69.2   0.1     8   119     4   115     1   117 0.97 -
d1rkta2a.121.1.1     -            123 d2g7ga2a.121.1.1.aln -            121   1.1e-20   69.4   0.1   1   1   4.5e-22   1.2e-20   69.3   0.1     2   120     2   120     1   121 0.98 -
d2g7sa2a.121.1.1     -            116 d2g7ga2a.121.1.1.aln -            121   2.1e-20   68.5   0.9   1   1   8.4e-22   2.2e-20   68.4   0.9     2   113     3   114     2   116 0.96 -
d1t56a2a.121.1.1     -            120 d2g7ga2a.121.1.1.aln -            121     6e-20   67.0   1.6   1   1   2.4e-21   6.4e-20   67.0   1.6     3   118     2   117     1   120 0.97 -
d2hyja2a.121.1.1     -            118 d2g7ga2a.121.1.1.aln -            121   2.1e-19   65.3   3.9   1   1   8.6e-21   2.3e-19   65.2   3.9     4   114     6   116     3   118 0.93 -
d2d6ya2a.121.1.1     -            118 d2g7ga2a.121.1.1.aln -            121   3.3e-19   64.7   0.7   1   1   1.4e-20   3.6e-19   64.6   0.7     4   118     2   116     1   118 0.98 -
d1z0xa2a.121.1.1     -            149 d2g7ga2a.121.1.1.aln -            121   4.8e-19   64.2   0.0   1   1   2.1e-20   5.5e-19   63.9   0.0     1   120     6   125     6   126 0.98 -
d1t33a2a.121.1.1     -            132 d2g7ga2a.121.1.1.aln -            121   7.6e-19   63.5   0.1   1   1   3.2e-20   8.5e-19   63.4   0.1     1   120     3   122     3   123 0.98 -
d2i10a2a.121.1.1     -            116 d2g7ga2a.121.1.1.aln -            121   1.1e-18   63.0   1.4   1   1   4.5e-20   1.2e-18   62.9   1.4     2   111     4   113     3   116 0.94 -
d2g3ba2a.121.1.1     -            116 d2g7ga2a.121.1.1.aln -            121   2.5e-18   61.9   1.1   1   1   9.9e-20   2.6e-18   61.8   1.1     2   116     2   111     1   116 0.93 -
d2gena2a.121.1.1     -            118 d2g7ga2a.121.1.1.aln -            121   1.1e-17   59.8   4.4   1   1   4.4e-19   1.1e-17   59.7   4.4     3   119     2   117     1   118 0.98 -
d2fx0a2a.121.1.1     -            122 d2g7ga2a.121.1.1.aln -            121   1.1e-17   59.7   0.0   1   1   4.6e-19   1.2e-17   59.6   0.0     2   118     3   119     2   122 0.96 -
d2id6a2a.121.1.1     -            125 d2g7ga2a.121.1.1.aln -            121     2e-17   59.0   0.0   1   1   8.1e-19   2.1e-17   58.9   0.0     3   118     4   119     2   122 0.97 -
d2oi8a2a.121.1.1     -            130 d2g7ga2a.121.1.1.aln -            121   3.2e-17   58.3   0.6   1   1   1.4e-18   3.6e-17   58.1   0.6     4   119     1   116     1   118 0.97 -
d2hkua2a.121.1.1     -            121 d2g7ga2a.121.1.1.aln -            121   1.4e-16   56.2   0.0   1   1   5.7e-18   1.5e-16   56.1   0.0     3   119     4   120     2   121 0.97 -
d3c07a2a.121.1.1     -            146 d2g7ga2a.121.1.1.aln -            121     3e-16   55.2   0.8   1   1   1.4e-17   3.6e-16   54.9   0.8     2   120     2   120     1   121 0.97 -
d2fbqa2a.121.1.1     -            134 d2g7ga2a.121.1.1.aln -            121   8.7e-16   53.7   0.1   1   1   3.7e-17   9.7e-16   53.5   0.1     2   119     3   120     2   122 0.98 -
d1sgma2a.121.1.1     -            111 d2g7ga2a.121.1.1.aln -            121   3.1e-15   51.9   0.0   1   1   1.3e-16   3.3e-15   51.8   0.0     2   109     4   106     3   111 0.94 -
d2np5a2a.121.1.1     -            118 d2g7ga2a.121.1.1.aln -            121   3.8e-15   51.6   2.5   1   1   1.6e-16   4.2e-15   51.5   2.5     2   120     3   114     2   115 0.97 -
d2iu5a2a.121.1.1     -            109 d2g7ga2a.121.1.1.aln -            121     6e-15   51.0   0.0   1   1   2.5e-16   6.5e-15   50.9   0.0     8   115     1   108     1   109 0.98 -
d2fq4a2a.121.1.1     -            115 d2g7ga2a.121.1.1.aln -            121   1.6e-14   49.6   0.0   1   1   7.1e-16   1.9e-14   49.4   0.0     3   108     2   104     1   114 0.92 -
d2o7ta2a.121.1.1     -            110 d2g7ga2a.121.1.1.aln -            121   2.2e-13   46.0   0.0   1   1   9.4e-15   2.5e-13   45.8   0.0    13   114     6   107     2   110 0.96 -
d1zk8a2a.121.1.1     -            105 d2g7ga2a.121.1.1.aln -            121   4.3e-12   41.9   0.0   1   1   1.7e-13   4.6e-12   41.8   0.0    16   117     3   104     1   105 0.97 -
d2g7la2a.121.1.1     -            144 d2g7ga2a.121.1.1.aln -            121   4.5e-12   41.8   7.0   1   1   2.1e-13   5.6e-12   41.5   6.4     2   116     2   116     1   121 0.96 -
d2np3a2a.121.1.1     -            112 d2g7ga2a.121.1.1.aln -            121   7.6e-10   34.7   4.7   1   1   3.9e-11     1e-09   34.2   4.7     1   119     2   107     2   109 0.98 -
d2fd5a2a.121.1.1     -            104 d2g7ga2a.121.1.1.aln -            121   6.5e-09   31.7   1.4   1   1   2.7e-10   7.1e-09   31.5   1.4     4   116     3   102     1   104 0.93 -
d1xeaa1c.2.1.3       -            168 d2g7ga2a.121.1.1.aln -            121    0.0055   12.7   0.7   1   2     0.002     0.054    9.5   0.1    57    91    56    90    53    92 0.90 -
d1xeaa1c.2.1.3       -            168 d2g7ga2a.121.1.1.aln -            121    0.0055   12.7   0.7   2   2      0.66        17    1.4   0.0    51    84   122   155   105   161 0.74 -
#
# Program:         hmmsearch
# Version:         3.3.2 (Nov 2020)
# Pipeline mode:   SEARCH
# Query file:      /home/elise/Documents/M1-BIM/S2/TMEs/SBAS/tme08/models/d2g7ga2a.121.1.1.aln.hmm
# Target file:     /home/elise/Documents/M1-BIM/S2/TMEs/SBAS/tme08/scop/scop/scopTestSeq.fasta
# Option settings: hmmsearch --domtblout /home/elise/Documents/M1-BIM/S2/TMEs/SBAS/tme08/searchResults/d2g7ga2a.121.1.1.aln.out -E 1 /home/elise/Documents/M1-BIM/S2/TMEs/SBAS/tme08/models/d2g7ga2a.121.1.1.aln.hmm /home/elise/Documents/M1-BIM/S2/TMEs/SBAS/tme08/scop/scop/scopTestSeq.fasta 
# Current dir:     /home/elise/Documents/M1-BIM/S2/TMEs/SBAS/tme08
# Date:            Tue Apr  1 17:30:57 2025
# [ok]
