#                                                                            --- full sequence --- -------------- this domain -------------   hmm coord   ali coord   env coord
# target name        accession   tlen query name           accession   qlen   E-value  score  bias   #  of  c-Evalue  i-Evalue  score  bias  from    to  from    to  from    to  acc description of target
#------------------- ---------- ----- -------------------- ---------- ----- --------- ------ ----- --- --- --------- --------- ------ ----- ----- ----- ----- ----- ----- ----- ---- ---------------------
d2pq8a_d.108.1.1     -            271 d2gana1d.108.1.1.aln -            202   4.7e-44  146.3   0.0   1   1   3.2e-45   5.7e-44  146.0   0.0     1   202    43   255    43   255 0.99 -
d1z4ra1d.108.1.1     -            162 d2gana1d.108.1.1.aln -            202   3.8e-34  113.9   0.1   1   1   2.4e-35   4.2e-34  113.8   0.1    27   192     2   161     1   162 0.98 -
d2b5ga_d.108.1.1     -            168 d2gana1d.108.1.1.aln -            202   4.9e-34  113.6   0.2   1   1   3.1e-35   5.4e-34  113.4   0.2    28   187     3   167     1   168 0.98 -
d1z4ea1d.108.1.1     -            150 d2gana1d.108.1.1.aln -            202   2.6e-33  111.2   0.1   1   1   1.6e-34   2.8e-33  111.1   0.1    27   170     1   145     1   150 0.98 -
d1u6ma_d.108.1.1     -            189 d2gana1d.108.1.1.aln -            202   2.2e-31  104.9   0.1   1   1   1.4e-32   2.5e-31  104.7   0.1     1   180     1   184     1   188 0.97 -
d2ae6a1d.108.1.1     -            161 d2gana1d.108.1.1.aln -            202   2.5e-30  101.4   0.1   1   1   1.7e-31     3e-30  101.2   0.1    28   188     5   159     3   161 0.95 -
d1ufha_d.108.1.1     -            155 d2gana1d.108.1.1.aln -            202     1e-29   99.4   0.4   1   1   6.9e-31   1.2e-29   99.2   0.4    20   171     2   151     1   154 0.97 -
d1tiqa_d.108.1.1     -            173 d2gana1d.108.1.1.aln -            202   1.3e-29   99.1   0.1   1   1   8.4e-31   1.5e-29   98.9   0.1    28   190     2   172     1   173 0.98 -
d2fiaa1d.108.1.1     -            157 d2gana1d.108.1.1.aln -            202   2.4e-29   98.2   0.6   1   1   1.5e-30   2.7e-29   98.1   0.6    28   188     1   156     1   157 0.99 -
d2p0wa_d.108.1.1     -            319 d2gana1d.108.1.1.aln -            202   2.5e-29   98.2   0.1   1   1   2.7e-30   4.7e-29   97.3   0.1     2   202    81   319    80   319 0.99 -
d1qsma_d.108.1.1     -            150 d2gana1d.108.1.1.aln -            202   2.9e-29   98.0   0.0   1   1   1.8e-30   3.2e-29   97.8   0.0    26   174     1   148     1   150 0.97 -
d1nsla_d.108.1.1     -            180 d2gana1d.108.1.1.aln -            202   4.4e-29   97.4   0.3   1   1   2.8e-30   4.9e-29   97.2   0.3    19   193     2   180     1   180 0.98 -
d1boba_d.108.1.1     -            315 d2gana1d.108.1.1.aln -            202     4e-28   94.3   0.1   1   1   2.9e-29   5.1e-28   93.9   0.1     2   201    73   310    72   311 0.98 -
d2cy2a1d.108.1.1     -            174 d2gana1d.108.1.1.aln -            202   1.3e-27   92.6   1.1   1   1   8.4e-29   1.5e-27   92.4   1.1    29   193     2   174     1   174 0.98 -
d1vkca_d.108.1.1     -            149 d2gana1d.108.1.1.aln -            202   1.9e-27   92.0   1.5   1   1   1.2e-28     2e-27   92.0   1.5    28   169     4   143     1   148 0.94 -
d1i12a_d.108.1.1     -            157 d2gana1d.108.1.1.aln -            202     7e-27   90.2   0.0   1   1   4.3e-28   7.6e-27   90.1   0.0    26   172     3   154     1   157 0.96 -
d1mk4a_d.108.1.1     -            157 d2gana1d.108.1.1.aln -            202   9.8e-27   89.7   0.0   1   1   6.7e-28   1.2e-26   89.5   0.0    27   193     1   154     1   156 0.97 -
d2euia1d.108.1.1     -            153 d2gana1d.108.1.1.aln -            202   1.7e-26   89.0   0.1   1   1     1e-27   1.8e-26   88.9   0.1    28   179     1   150     1   153 0.97 -
d2fcka1d.108.1.1     -            178 d2gana1d.108.1.1.aln -            202     2e-26   88.7   0.1   1   1   1.2e-27   2.2e-26   88.6   0.1    18   189     2   177     1   178 0.94 -
d1y9ka1d.108.1.1     -            152 d2gana1d.108.1.1.aln -            202   3.6e-26   87.9   0.0   1   1   2.2e-27   3.9e-26   87.8   0.0    92   199    44   151     5   152 0.88 -
d1wwza1d.108.1.1     -            157 d2gana1d.108.1.1.aln -            202   5.2e-26   87.3   0.6   1   1   3.3e-27   5.8e-26   87.2   0.6    25   179     1   156     1   157 0.98 -
d1y9wa1d.108.1.1     -            140 d2gana1d.108.1.1.aln -            202   1.6e-25   85.8   0.9   1   1   9.8e-27   1.7e-25   85.7   0.9    28   185     1   139     1   140 0.97 -
d1ghea_d.108.1.1     -            170 d2gana1d.108.1.1.aln -            202     2e-25   85.4   0.1   1   1   1.3e-26   2.2e-25   85.3   0.1    29   190     2   169     1   170 0.98 -
d1yk3a1d.108.1.1     -            198 d2gana1d.108.1.1.aln -            202     8e-25   83.5   0.2   1   1     5e-26   8.9e-25   83.3   0.2    12   198     1   198     1   198 0.99 -
d1cjwa_d.108.1.1     -            166 d2gana1d.108.1.1.aln -            202   1.9e-24   82.2   0.0   1   1   1.2e-25   2.1e-24   82.1   0.0    28   184     6   164     1   166 0.98 -
d1bo4a_d.108.1.1     -            137 d2gana1d.108.1.1.aln -            202   1.5e-23   79.3   0.1   1   1   9.4e-25   1.6e-23   79.2   0.1    27   163     2   137     1   137 0.98 -
d2atra1d.108.1.1     -            137 d2gana1d.108.1.1.aln -            202   7.3e-23   77.1   0.0   1   1   4.4e-24   7.8e-23   77.0   0.0    27   177     1   133     1   137 0.95 -
d2fl4a1d.108.1.1     -            146 d2gana1d.108.1.1.aln -            202   6.5e-22   74.0   0.3   1   1   4.1e-23   7.1e-22   73.8   0.3    26   182     1   145     1   146 0.92 -
d1yx0a1d.108.1.1     -            151 d2gana1d.108.1.1.aln -            202   2.3e-21   72.2   0.0   1   1   1.4e-22   2.5e-21   72.0   0.0    28   185     1   150     1   151 0.93 -
d2fiwa1d.108.1.1     -            156 d2gana1d.108.1.1.aln -            202   2.5e-21   72.1   0.0   1   1   1.5e-22   2.7e-21   71.9   0.0    25   186     1   152     1   156 0.91 -
d2jdca1d.108.1.1     -            145 d2gana1d.108.1.1.aln -            202   3.2e-21   71.7   0.1   1   1     2e-22   3.5e-21   71.6   0.1    28   186     1   144     1   145 0.98 -
d1xeba_d.108.1.1     -            149 d2gana1d.108.1.1.aln -            202   1.5e-20   69.5   0.9   1   1     1e-21   1.8e-20   69.3   0.9    31   177     3   142     1   147 0.94 -
d1m4ia_d.108.1.1     -            181 d2gana1d.108.1.1.aln -            202   7.4e-20   67.3   0.1   1   1   6.1e-21   1.1e-19   66.7   0.1    26   199     1   181     1   181 0.96 -
d1p0ha_d.108.1.1     -            308 d2gana1d.108.1.1.aln -            202   9.6e-20   66.9   0.0   1   1   8.4e-21   1.5e-19   66.3   0.0     1   202    85   303    85   303 0.99 -
d2g3aa1d.108.1.1     -            137 d2gana1d.108.1.1.aln -            202   2.1e-19   65.8   0.0   1   1   1.4e-20   2.4e-19   65.6   0.0    29   170     2   121     1   136 0.94 -
d1y7ra1d.108.1.1     -            133 d2gana1d.108.1.1.aln -            202     3e-19   65.3   0.0   1   1   1.8e-20   3.2e-19   65.2   0.0    31   177     4   132     1   133 0.96 -
d1n71a_d.108.1.1     -            180 d2gana1d.108.1.1.aln -            202   4.4e-19   64.7   0.0   1   1   2.9e-20     5e-19   64.5   0.0    26   190     1   178     1   180 0.97 -
d1q2ya_d.108.1.1     -            140 d2gana1d.108.1.1.aln -            202   5.1e-19   64.5   0.2   1   1   3.6e-20   6.3e-19   64.2   0.2    34   184     8   139     4   139 0.97 -
d2fsra1d.108.1.1     -            164 d2gana1d.108.1.1.aln -            202   2.1e-18   62.5   0.0   1   1   1.3e-19   2.3e-18   62.4   0.0    20   181     2   161     1   164 0.96 -
d2aj6a1d.108.1.1     -            118 d2gana1d.108.1.1.aln -            202     3e-17   58.8   0.0   1   1   1.8e-18   3.2e-17   58.7   0.0    29   145     3   116     1   118 0.96 -
d1r57a_d.108.1.1     -            102 d2gana1d.108.1.1.aln -            202   1.2e-13   46.9   0.1   1   1   7.1e-15   1.2e-13   46.9   0.1    58   171     4   100     1   102 0.80 -
d1xmta_d.108.1.1     -             95 d2gana1d.108.1.1.aln -            202   9.7e-10   34.2   0.0   1   1   5.7e-11     1e-09   34.2   0.0    96   154    21    79     5    94 0.88 -
d2d4pa1d.108.1.1     -            130 d2gana1d.108.1.1.aln -            202   6.2e-09   31.6   0.3   1   1     1e-09   1.8e-08   30.1   0.3    28   165     1   116     1   127 0.94 -
d2gana1d.108.1.1     -            182 d2gana1d.108.1.1.aln -            202   1.5e-08   30.4   0.1   1   1   1.3e-09   2.2e-08   29.8   0.1   106   168   105   166    16   172 0.81 -
d1l8qa2c.37.1.20     -            213 d2gana1d.108.1.1.aln -            202    0.0064   12.0   0.1   1   1   0.00084     0.015   10.8   0.0   126   155    50    79    49    98 0.90 -
#
# Program:         hmmsearch
# Version:         3.3.2 (Nov 2020)
# Pipeline mode:   SEARCH
# Query file:      /home/elise/Documents/M1-BIM/S2/TMEs/SBAS/tme08/models/d2gana1d.108.1.1.aln.hmm
# Target file:     /home/elise/Documents/M1-BIM/S2/TMEs/SBAS/tme08/scop/scop/scopTestSeq.fasta
# Option settings: hmmsearch --domtblout /home/elise/Documents/M1-BIM/S2/TMEs/SBAS/tme08/searchResults/d2gana1d.108.1.1.aln.out -E 1 /home/elise/Documents/M1-BIM/S2/TMEs/SBAS/tme08/models/d2gana1d.108.1.1.aln.hmm /home/elise/Documents/M1-BIM/S2/TMEs/SBAS/tme08/scop/scop/scopTestSeq.fasta 
# Current dir:     /home/elise/Documents/M1-BIM/S2/TMEs/SBAS/tme08
# Date:            Tue Apr  1 17:30:57 2025
# [ok]
