#                                                                            --- full sequence --- -------------- this domain -------------   hmm coord   ali coord   env coord
# target name        accession   tlen query name           accession   qlen   E-value  score  bias   #  of  c-Evalue  i-Evalue  score  bias  from    to  from    to  from    to  acc description of target
#------------------- ---------- ----- -------------------- ---------- ----- --------- ------ ----- --- --- --------- --------- ------ ----- ----- ----- ----- ----- ----- ----- ---- ---------------------
d1v59a1c.3.1.5       -            234 d2gv8a2c.3.1.5.aln   -            193     8e-51  167.9   2.5   1   1   3.7e-52     1e-50  167.6   2.5     3   192     3   234     2   234 0.97 -
d1mo9a1c.3.1.5       -            262 d2gv8a2c.3.1.5.aln   -            193   1.8e-40  134.1   0.0   1   1   1.2e-41   3.4e-40  133.2   0.0     2   192    39   262    38   262 0.99 -
d1m6ia1c.3.1.5       -            214 d2gv8a2c.3.1.5.aln   -            193   9.1e-39  128.6   0.0   1   1   3.7e-40     1e-38  128.4   0.0     3   192     2   214     1   214 0.99 -
d1fl2a1c.3.1.5       -            185 d2gv8a2c.3.1.5.aln   -            193   1.3e-37  124.8   2.6   1   1   5.3e-39   1.4e-37  124.7   2.6     6   192     2   181     1   182 0.97 -
d1xdia1c.3.1.5       -            234 d2gv8a2c.3.1.5.aln   -            193     1e-36  121.9   0.6   1   1   4.7e-38   1.3e-36  121.6   0.6     6   187     2   228     1   232 0.95 -
d1nhpa1c.3.1.5       -            199 d2gv8a2c.3.1.5.aln   -            193   2.8e-33  110.7   0.0   1   1   1.1e-34   3.1e-33  110.5   0.0     7   191     2   198     1   199 0.99 -
d1w4xa1c.3.1.5       -            299 d2gv8a2c.3.1.5.aln   -            193   1.1e-29   98.9   0.0   1   1   4.9e-31   1.3e-29   98.7   0.0     1   192     3   295     3   296 0.99 -
d2gv8a1c.3.1.5       -            336 d2gv8a2c.3.1.5.aln   -            193   1.1e-24   82.6   0.0   1   1   5.1e-26   1.4e-24   82.3   0.0     3   192     2   292     1   293 0.99 -
d1w4xa2c.3.1.5       -            235 d2gv8a2c.3.1.5.aln   -            193   3.5e-23   77.7   0.0   1   1   1.4e-24   3.9e-23   77.6   0.0     7   191    10   230     4   232 0.97 -
d1v59a2c.3.1.5       -            122 d2gv8a2c.3.1.5.aln   -            193   5.7e-22   73.8   0.3   1   1   2.2e-23     6e-22   73.7   0.3    11   134     5   120     1   122 0.95 -
d1aoga2c.3.1.5       -            117 d2gv8a2c.3.1.5.aln   -            193   2.4e-19   65.2   0.0   1   1   9.3e-21   2.5e-19   65.2   0.0    10   118     1   107     1   117 0.90 -
d1nhpa2c.3.1.5       -            123 d2gv8a2c.3.1.5.aln   -            193   2.3e-17   58.8   1.1   1   1   1.1e-18   2.9e-17   58.4   1.1     8   118     9   115     3   123 0.85 -
d1m6ia2c.3.1.5       -            137 d2gv8a2c.3.1.5.aln   -            193   5.6e-17   57.5   0.1   1   1   2.3e-18   6.2e-17   57.4   0.1     3   159    11   136     9   137 0.90 -
d1h6va2c.3.1.5       -            122 d2gv8a2c.3.1.5.aln   -            193   1.3e-16   56.3   0.0   1   1   5.7e-18   1.5e-16   56.1   0.0    14   159     5   122     2   122 0.92 -
d1mo9a2c.3.1.5       -            121 d2gv8a2c.3.1.5.aln   -            193   2.2e-16   55.6   0.1   1   1   9.2e-18   2.5e-16   55.4   0.1    17   122     9   110     2   119 0.92 -
d1xhca2c.3.1.5       -            122 d2gv8a2c.3.1.5.aln   -            193   7.1e-15   50.6   0.0   1   1   2.9e-16     8e-15   50.5   0.0     4   119     7   116     4   120 0.89 -
d1vdca2c.3.1.5       -            130 d2gv8a2c.3.1.5.aln   -            193   8.6e-14   47.1   0.0   1   1   3.8e-15     1e-13   46.8   0.0    10   116    15   116    10   126 0.90 -
d1onfa2c.3.1.5       -            117 d2gv8a2c.3.1.5.aln   -            193   2.4e-13   45.7   0.0   1   1   9.5e-15   2.6e-13   45.5   0.0     9   158     3   117     1   117 0.87 -
d1fcda2c.3.1.5       -            141 d2gv8a2c.3.1.5.aln   -            193   3.1e-13   45.3   0.0   1   1   1.3e-14   3.5e-13   45.1   0.0     2   122     5   123     4   137 0.95 -
d1fl2a2c.3.1.5       -            126 d2gv8a2c.3.1.5.aln   -            193   2.6e-09   32.5   0.1   1   1   1.1e-10   3.1e-09   32.2   0.1     7   103    10    99     5   112 0.87 -
d2gmha1c.3.1.2       -            381 d2gv8a2c.3.1.5.aln   -            193   4.1e-06   22.1   0.0   1   2     4e-05    0.0011   14.2   0.1     4    30    31    57    30    59 0.89 -
d2gmha1c.3.1.2       -            381 d2gv8a2c.3.1.5.aln   -            193   4.1e-06   22.1   0.0   2   2     0.019       0.5    5.5   0.0   164   191   262   287   238   289 0.86 -
d2gf3a1c.3.1.2       -            282 d2gv8a2c.3.1.5.aln   -            193   2.4e-05   19.6   0.3   1   1   2.1e-06   5.6e-05   18.3   0.3     4    37     2    35     1   224 0.83 -
d2iida1c.3.1.2       -            371 d2gv8a2c.3.1.5.aln   -            193   4.3e-05   18.7   0.4   1   2   2.6e-05    0.0007   14.8   0.1    24    74    25    70    19    78 0.86 -
d2iida1c.3.1.2       -            371 d2gv8a2c.3.1.5.aln   -            193   4.3e-05   18.7   0.4   2   2      0.25       6.7    1.8   0.0    76   154   236   287   215   308 0.78 -
d1kdga1c.3.1.2       -            361 d2gv8a2c.3.1.5.aln   -            193   6.2e-05   18.2   0.5   1   1   4.9e-06   0.00013   17.1   0.5     5    38     2    42     1    46 0.84 -
d1ryia1c.3.1.2       -            277 d2gv8a2c.3.1.5.aln   -            193   0.00059   15.0   0.1   1   1   3.4e-05   0.00093   14.4   0.1     4    38     3    40     2    70 0.81 -
d1kola2c.2.1.1       -            195 d2gv8a2c.3.1.5.aln   -            193     0.003   12.7   1.0   1   1   0.00019    0.0052   11.9   1.0     6    37    27    56    24    75 0.84 -
d1vl6a1c.2.1.7       -            222 d2gv8a2c.3.1.5.aln   -            193     0.004   12.3   0.0   1   1    0.0003    0.0082   11.3   0.0     5    38    26    67    24    75 0.81 -
d2dw4a2c.3.1.2       -            450 d2gv8a2c.3.1.5.aln   -            193    0.0072   11.5   0.5   1   2   0.00073      0.02   10.0   0.1     6    36     6    36     2    97 0.74 -
d2dw4a2c.3.1.2       -            450 d2gv8a2c.3.1.5.aln   -            193    0.0072   11.5   0.5   2   2       3.8     1e+02   -2.1   0.0    32    47   291   306   289   308 0.79 -
d1seza1c.3.1.2       -            374 d2gv8a2c.3.1.5.aln   -            193    0.0077   11.4   0.5   1   1   0.00043     0.012   10.8   0.5     6    43     2    39     1    45 0.88 -
#
# Program:         hmmsearch
# Version:         3.3.2 (Nov 2020)
# Pipeline mode:   SEARCH
# Query file:      /home/elise/Documents/M1-BIM/S2/TMEs/SBAS/tme08/models/d2gv8a2c.3.1.5.aln.hmm
# Target file:     /home/elise/Documents/M1-BIM/S2/TMEs/SBAS/tme08/scop/scop/scopTestSeq.fasta
# Option settings: hmmsearch --domtblout /home/elise/Documents/M1-BIM/S2/TMEs/SBAS/tme08/searchResults/d2gv8a2c.3.1.5.aln.out -E 1 /home/elise/Documents/M1-BIM/S2/TMEs/SBAS/tme08/models/d2gv8a2c.3.1.5.aln.hmm /home/elise/Documents/M1-BIM/S2/TMEs/SBAS/tme08/scop/scop/scopTestSeq.fasta 
# Current dir:     /home/elise/Documents/M1-BIM/S2/TMEs/SBAS/tme08
# Date:            Tue Apr  1 17:30:58 2025
# [ok]
