#                                                                            --- full sequence --- -------------- this domain -------------   hmm coord   ali coord   env coord
# target name        accession   tlen query name           accession   qlen   E-value  score  bias   #  of  c-Evalue  i-Evalue  score  bias  from    to  from    to  from    to  acc description of target
#------------------- ---------- ----- -------------------- ---------- ----- --------- ------ ----- --- --- --------- --------- ------ ----- ----- ----- ----- ----- ----- ----- ---- ---------------------
d2p74a_e.3.1.1       -            263 d2hdsa_e.3.1.1.aln   -            289   8.5e-93  306.4   3.3   1   1   2.1e-94   9.4e-93  306.3   3.3    17   285     2   262     1   263 0.99 -
d1alqa_e.3.1.1       -            263 d2hdsa_e.3.1.1.aln   -            289   2.4e-70  232.7   3.4   1   2    0.0046       0.2    6.5   0.0   254   285     3    34     1    35 0.93 -
d1alqa_e.3.1.1       -            263 d2hdsa_e.3.1.1.aln   -            289   2.4e-70  232.7   3.4   2   2   3.8e-70   1.7e-68  226.7   3.2     8   248    30   263    28   263 0.98 -
d1qmea4e.3.1.1       -            357 d2hdsa_e.3.1.1.aln   -            289   3.3e-61  202.8   5.4   1   1   8.6e-63   3.8e-61  202.6   5.4     1   288    14   339    14   340 0.99 -
d1e25a_e.3.1.1       -            278 d2hdsa_e.3.1.1.aln   -            289   2.9e-57  189.8   0.0   1   1   7.7e-59   3.4e-57  189.6   0.0    20   285     4   270     1   273 0.96 -
d2v2ff_e.3.1.1       -            384 d2hdsa_e.3.1.1.aln   -            289   8.8e-55  181.7  15.6   1   1   2.5e-56   1.1e-54  181.3  15.6     1   288    44   362    44   363 0.99 -
d2hdsa_e.3.1.1       -            358 d2hdsa_e.3.1.1.aln   -            289   1.2e-50  168.1   1.9   1   1   3.1e-52   1.3e-50  167.9   1.9     1   284    33   311    33   316 0.94 -
d2drwa1e.3.1.1       -            362 d2hdsa_e.3.1.1.aln   -            289   7.6e-50  165.4   0.0   1   1     2e-51   8.8e-50  165.2   0.0     2   287    32   324    31   326 0.99 -
d2bg1a1e.3.1.1       -            453 d2hdsa_e.3.1.1.aln   -            289   6.3e-46  152.6  11.4   1   1     2e-47   8.7e-46  152.1  11.4     2   287    66   380    65   382 0.99 -
d1xa1a_e.3.1.1       -            246 d2hdsa_e.3.1.1.aln   -            289   1.4e-45  151.5   5.3   1   1   3.5e-47   1.5e-45  151.3   5.3     9   286     2   245     1   246 0.94 -
d2olua2e.3.1.1       -            400 d2hdsa_e.3.1.1.aln   -            289   2.4e-45  150.7  10.8   1   1   6.6e-47   2.9e-45  150.4  10.8     2   287    48   361    47   363 0.98 -
d1yqsa_e.3.1.1       -            345 d2hdsa_e.3.1.1.aln   -            289   2.9e-44  147.1   6.3   1   1   7.9e-46   3.5e-44  146.9   6.3     1   281    32   329    32   336 0.98 -
d2dcfa1e.3.1.1       -            388 d2hdsa_e.3.1.1.aln   -            289   1.1e-43  145.2   0.0   1   1     3e-45   1.3e-43  145.0   0.0     4   288    51   346    48   347 0.98 -
d1tvfa2e.3.1.1       -            301 d2hdsa_e.3.1.1.aln   -            289   1.9e-42  141.2  14.7   1   1   4.8e-44   2.1e-42  141.0  14.7     1   287     1   299     1   301 0.97 -
d1vqqa3e.3.1.1       -            341 d2hdsa_e.3.1.1.aln   -            289   8.2e-41  135.8   6.1   1   1   2.1e-42   9.2e-41  135.6   6.1     2   286    17   320    16   323 0.98 -
d1ei5a3e.3.1.1       -            333 d2hdsa_e.3.1.1.aln   -            289   9.9e-41  135.5   0.0   1   1   2.5e-42   1.1e-40  135.4   0.0     3   287    32   325    30   327 0.99 -
d1ci9a_e.3.1.1       -            377 d2hdsa_e.3.1.1.aln   -            289     2e-38  128.0   0.0   1   1   5.3e-40   2.3e-38  127.8   0.0     1   289    48   343    48   343 0.99 -
d1es5a_e.3.1.1       -            260 d2hdsa_e.3.1.1.aln   -            289   1.3e-33  112.2  12.3   1   1   3.3e-35   1.4e-33  112.0  12.3    17   281     2   259     1   260 0.96 -
d1xp4a2e.3.1.1       -            269 d2hdsa_e.3.1.1.aln   -            289   6.1e-32  106.7   6.3   1   1   1.6e-33   6.8e-32  106.5   6.3    11   286     2   268     1   269 0.97 -
#
# Program:         hmmsearch
# Version:         3.3.2 (Nov 2020)
# Pipeline mode:   SEARCH
# Query file:      /home/elise/Documents/M1-BIM/S2/TMEs/SBAS/tme08/models/d2hdsa_e.3.1.1.aln.hmm
# Target file:     /home/elise/Documents/M1-BIM/S2/TMEs/SBAS/tme08/scop/scop/scopTestSeq.fasta
# Option settings: hmmsearch --domtblout /home/elise/Documents/M1-BIM/S2/TMEs/SBAS/tme08/searchResults/d2hdsa_e.3.1.1.aln.out -E 1 /home/elise/Documents/M1-BIM/S2/TMEs/SBAS/tme08/models/d2hdsa_e.3.1.1.aln.hmm /home/elise/Documents/M1-BIM/S2/TMEs/SBAS/tme08/scop/scop/scopTestSeq.fasta 
# Current dir:     /home/elise/Documents/M1-BIM/S2/TMEs/SBAS/tme08
# Date:            Tue Apr  1 17:30:59 2025
# [ok]
