#                                                                            --- full sequence --- -------------- this domain -------------   hmm coord   ali coord   env coord
# target name        accession   tlen query name           accession   qlen   E-value  score  bias   #  of  c-Evalue  i-Evalue  score  bias  from    to  from    to  from    to  acc description of target
#------------------- ---------- ----- -------------------- ---------- ----- --------- ------ ----- --- --- --------- --------- ------ ----- ----- ----- ----- ----- ----- ----- ---- ---------------------
d2i10a2a.121.1.1     -            116 d2hkua2a.121.1.1.aln -            121   1.7e-21   72.3   1.7   1   1   7.2e-23   1.9e-21   72.2   1.7     2   115     2   116     1   116 0.98 -
d1t56a2a.121.1.1     -            120 d2hkua2a.121.1.1.aln -            121   4.6e-21   71.0   1.5   1   1   1.9e-22   4.9e-21   70.9   1.5     6   120     3   119     1   120 0.98 -
d2id3a2a.121.1.1     -            123 d2hkua2a.121.1.1.aln -            121   1.5e-19   66.1   5.8   1   1   6.4e-21   1.7e-19   66.0   5.8     2   119     5   120     4   122 0.98 -
d2g3ba2a.121.1.1     -            116 d2hkua2a.121.1.1.aln -            121   1.8e-19   65.8   1.1   1   1   7.6e-21     2e-19   65.7   1.1     5   117     3   116     1   116 0.98 -
d1z0xa2a.121.1.1     -            149 d2hkua2a.121.1.1.aln -            121   2.9e-19   65.2   0.0   1   1   1.2e-20   3.2e-19   65.0   0.0     2   120     2   139     1   140 0.99 -
d2hyja2a.121.1.1     -            118 d2hkua2a.121.1.1.aln -            121   4.2e-19   64.7   3.9   1   1   1.7e-20   4.6e-19   64.5   3.9     2   115     2   116     1   118 0.97 -
d2id6a2a.121.1.1     -            125 d2hkua2a.121.1.1.aln -            121   6.5e-19   64.1   0.1   1   1   2.7e-20   7.1e-19   63.9   0.1     2   119     2   117     1   119 0.98 -
d2gena2a.121.1.1     -            118 d2hkua2a.121.1.1.aln -            121   9.1e-19   63.6   5.3   1   1   3.8e-20     1e-18   63.5   5.3     2   120     2   117     1   118 0.97 -
d2fx0a2a.121.1.1     -            122 d2hkua2a.121.1.1.aln -            121   1.7e-18   62.7   0.0   1   1   7.2e-20   1.9e-18   62.6   0.0     2   119     2   121     1   122 0.98 -
d2gfna2a.121.1.1     -            119 d2hkua2a.121.1.1.aln -            121   6.7e-18   60.8   5.4   1   1   2.8e-19   7.3e-18   60.7   5.4     2   120     3   119     2   119 0.97 -
d2d6ya2a.121.1.1     -            118 d2hkua2a.121.1.1.aln -            121     1e-17   60.2   0.6   1   1   4.2e-19   1.1e-17   60.1   0.6     5   120     2   114     1   115 0.96 -
d1t33a2a.121.1.1     -            132 d2hkua2a.121.1.1.aln -            121   2.5e-17   59.0   0.1   1   1   1.1e-18   2.8e-17   58.8   0.1     2   119     6   124     5   126 0.98 -
d2g7la2a.121.1.1     -            144 d2hkua2a.121.1.1.aln -            121   2.6e-17   58.9   7.5   1   1   1.1e-18   2.9e-17   58.7   7.5     1   120     1   127     1   128 0.98 -
d2fbqa2a.121.1.1     -            134 d2hkua2a.121.1.1.aln -            121   1.1e-16   56.9   0.1   1   1   4.5e-18   1.2e-16   56.8   0.1     1   118     3   123     3   126 0.97 -
d1ui5a2a.121.1.1     -            133 d2hkua2a.121.1.1.aln -            121   1.5e-16   56.4   0.2   1   1   6.7e-18   1.8e-16   56.2   0.2     2   120     3   120     2   121 0.98 -
d2g7sa2a.121.1.1     -            116 d2hkua2a.121.1.1.aln -            121   1.6e-16   56.4   1.1   1   1   6.7e-18   1.8e-16   56.2   1.1     2   114     2   115     1   116 0.97 -
d2g7ga2a.121.1.1     -            132 d2hkua2a.121.1.1.aln -            121   1.7e-16   56.3   7.2   1   1   7.3e-18   1.9e-16   56.1   7.2     2   120     2   123     1   124 0.92 -
d2fq4a2a.121.1.1     -            115 d2hkua2a.121.1.1.aln -            121   2.3e-16   55.9   0.0   1   1   9.5e-18   2.5e-16   55.7   0.0     2   117     2   112     1   115 0.96 -
d1rkta2a.121.1.1     -            123 d2hkua2a.121.1.1.aln -            121   2.9e-16   55.5   0.1   1   1   1.2e-17   3.1e-16   55.4   0.1     2   118     5   117     4   120 0.95 -
d1vi0a2a.121.1.1     -            117 d2hkua2a.121.1.1.aln -            121   1.5e-15   53.2   0.0   1   1   6.3e-17   1.7e-15   53.1   0.0     3   119     2   115     1   117 0.96 -
d2iu5a2a.121.1.1     -            109 d2hkua2a.121.1.1.aln -            121   1.9e-15   53.0   0.0   1   1     8e-17   2.1e-15   52.8   0.0     3   114     4   105     2   108 0.97 -
d3c07a2a.121.1.1     -            146 d2hkua2a.121.1.1.aln -            121   9.5e-15   50.7   1.7   1   1   4.1e-16   1.1e-14   50.5   1.7     2   120     2   131     1   132 0.98 -
d2oi8a2a.121.1.1     -            130 d2hkua2a.121.1.1.aln -            121   2.3e-14   49.5   0.7   1   1   9.5e-16   2.5e-14   49.3   0.7     1   118     8   128     8   130 0.98 -
d1sgma2a.121.1.1     -            111 d2hkua2a.121.1.1.aln -            121   1.8e-13   46.6   0.0   1   1   7.5e-15     2e-13   46.4   0.0     2   119     2   111     1   111 0.98 -
d2np3a2a.121.1.1     -            112 d2hkua2a.121.1.1.aln -            121     4e-13   45.5   4.0   1   1   1.8e-14   4.8e-13   45.2   4.0     4   120     6   107     3   108 0.96 -
d2np5a2a.121.1.1     -            118 d2hkua2a.121.1.1.aln -            121   5.1e-12   41.9   4.0   1   1   2.2e-13   5.7e-12   41.7   4.0     2   120     4   113     3   114 0.98 -
d1zk8a2a.121.1.1     -            105 d2hkua2a.121.1.1.aln -            121   9.6e-10   34.6   0.0   1   1     4e-11   1.1e-09   34.4   0.0     3   119     3   105     1   105 0.97 -
d2o7ta2a.121.1.1     -            110 d2hkua2a.121.1.1.aln -            121   1.5e-09   34.0   0.0   1   1   5.9e-11   1.5e-09   33.9   0.0     6   117     7   110     2   110 0.94 -
d2fd5a2a.121.1.1     -            104 d2hkua2a.121.1.1.aln -            121   8.8e-09   31.5   1.9   1   1   3.7e-10   9.6e-09   31.4   1.9     2   114     2   103     1   104 0.95 -
d2nxoa1c.94.1.1      -            277 d2hkua2a.121.1.1.aln -            121     0.001   15.2   1.2   1   1   0.00013    0.0034   13.5   1.3    24    86   178   242   176   258 0.94 -
#
# Program:         hmmsearch
# Version:         3.3.2 (Nov 2020)
# Pipeline mode:   SEARCH
# Query file:      /home/elise/Documents/M1-BIM/S2/TMEs/SBAS/tme08/models/d2hkua2a.121.1.1.aln.hmm
# Target file:     /home/elise/Documents/M1-BIM/S2/TMEs/SBAS/tme08/scop/scop/scopTestSeq.fasta
# Option settings: hmmsearch --domtblout /home/elise/Documents/M1-BIM/S2/TMEs/SBAS/tme08/searchResults/d2hkua2a.121.1.1.aln.out -E 1 /home/elise/Documents/M1-BIM/S2/TMEs/SBAS/tme08/models/d2hkua2a.121.1.1.aln.hmm /home/elise/Documents/M1-BIM/S2/TMEs/SBAS/tme08/scop/scop/scopTestSeq.fasta 
# Current dir:     /home/elise/Documents/M1-BIM/S2/TMEs/SBAS/tme08
# Date:            Tue Apr  1 17:30:59 2025
# [ok]
