#                                                                            --- full sequence --- -------------- this domain -------------   hmm coord   ali coord   env coord
# target name        accession   tlen query name           accession   qlen   E-value  score  bias   #  of  c-Evalue  i-Evalue  score  bias  from    to  from    to  from    to  acc description of target
#------------------- ---------- ----- -------------------- ---------- ----- --------- ------ ----- --- --- --------- --------- ------ ----- ----- ----- ----- ----- ----- ----- ---- ---------------------
d3qy3a1d.38.1.1      -            130 d2hlja1d.38.1.1.aln  -            136   4.7e-43  141.7   0.0   1   1     1e-44   5.1e-43  141.6   0.0     4   132     2   129     1   130 0.98 -
d2nuja1d.38.1.1      -            159 d2hlja1d.38.1.1.aln  -            136   2.8e-41  136.0   0.0   1   1   6.6e-43   3.3e-41  135.8   0.0     3   134    21   152    19   154 0.98 -
d2oiwa1d.38.1.1      -            131 d2hlja1d.38.1.1.aln  -            136   3.4e-41  135.7   0.4   1   1   7.5e-43   3.7e-41  135.6   0.4     5   135     1   127     1   128 0.98 -
d2hx5a1d.38.1.1      -            144 d2hlja1d.38.1.1.aln  -            136   3.7e-40  132.4   0.0   1   1   8.2e-42     4e-40  132.2   0.0     2   134     3   142     2   144 0.98 -
d1s5ua_d.38.1.1      -            129 d2hlja1d.38.1.1.aln  -            136   1.5e-39  130.4   1.6   1   1   3.2e-41   1.6e-39  130.3   1.6     5   132     2   129     1   129 0.98 -
d2gf6a1d.38.1.1      -            134 d2hlja1d.38.1.1.aln  -            136   3.1e-39  129.4   0.0   1   1   6.9e-41   3.4e-39  129.2   0.0     1   133     1   132     1   134 0.98 -
d1njka_d.38.1.1      -            133 d2hlja1d.38.1.1.aln  -            136   1.4e-38  127.2   0.0   1   1   3.2e-40   1.6e-38  127.1   0.0     6   135     2   131     1   132 0.97 -
d1vpma_d.38.1.1      -            155 d2hlja1d.38.1.1.aln  -            136   2.4e-38  126.5   0.1   1   1   5.5e-40   2.7e-38  126.3   0.1     2   133     7   137     6   140 0.98 -
d2oafa1d.38.1.1      -            143 d2hlja1d.38.1.1.aln  -            136     3e-38  126.2   0.0   1   1   6.7e-40   3.3e-38  126.0   0.0     2   135     5   140     4   141 0.98 -
d1lo7a_d.38.1.1      -            140 d2hlja1d.38.1.1.aln  -            136   3.7e-37  122.6   0.0   1   1   8.3e-39   4.1e-37  122.5   0.0     5   133     3   140     1   140 0.98 -
d2gvha1d.38.1.1      -            135 d2hlja1d.38.1.1.aln  -            136   1.9e-35  117.1   0.1   1   1   4.3e-37   2.1e-35  117.0   0.1     2   131     5   133     4   135 0.97 -
d3bjka_d.38.1.1      -            140 d2hlja1d.38.1.1.aln  -            136   3.6e-35  116.2   0.0   1   1     8e-37   3.9e-35  116.1   0.0     5   134     4   135     1   137 0.96 -
d1wlua_d.38.1.5      -            117 d2hlja1d.38.1.1.aln  -            136   5.8e-06   21.6   0.7   1   1   8.4e-07   4.1e-05   18.9   0.7     7   109    22   114    17   117 0.88 -
d2hboa1d.38.1.5      -            142 d2hlja1d.38.1.1.aln  -            136   0.00041   15.6   0.0   1   1   1.9e-05   0.00094   14.5   0.0     7    77    33    96    29   139 0.68 -
d3f5oa_d.38.1.5      -            138 d2hlja1d.38.1.1.aln  -            136   0.00052   15.3   0.0   1   1   3.1e-05    0.0015   13.8   0.0     9    79    40   104    33   111 0.83 -
d2hlja1d.38.1.1      -            156 d2hlja1d.38.1.1.aln  -            136    0.0027   13.0   0.0   1   1   6.9e-05    0.0034   12.7   0.0    58   116    59   118     4   124 0.70 -
#
# Program:         hmmsearch
# Version:         3.3.2 (Nov 2020)
# Pipeline mode:   SEARCH
# Query file:      /home/elise/Documents/M1-BIM/S2/TMEs/SBAS/tme08/models/d2hlja1d.38.1.1.aln.hmm
# Target file:     /home/elise/Documents/M1-BIM/S2/TMEs/SBAS/tme08/scop/scop/scopTestSeq.fasta
# Option settings: hmmsearch --domtblout /home/elise/Documents/M1-BIM/S2/TMEs/SBAS/tme08/searchResults/d2hlja1d.38.1.1.aln.out -E 1 /home/elise/Documents/M1-BIM/S2/TMEs/SBAS/tme08/models/d2hlja1d.38.1.1.aln.hmm /home/elise/Documents/M1-BIM/S2/TMEs/SBAS/tme08/scop/scop/scopTestSeq.fasta 
# Current dir:     /home/elise/Documents/M1-BIM/S2/TMEs/SBAS/tme08
# Date:            Tue Apr  1 17:30:59 2025
# [ok]
