#                                                                            --- full sequence --- -------------- this domain -------------   hmm coord   ali coord   env coord
# target name        accession   tlen query name           accession   qlen   E-value  score  bias   #  of  c-Evalue  i-Evalue  score  bias  from    to  from    to  from    to  acc description of target
#------------------- ---------- ----- -------------------- ---------- ----- --------- ------ ----- --- --- --------- --------- ------ ----- ----- ----- ----- ----- ----- ----- ---- ---------------------
d1gdea_c.67.1.1      -            388 d2hoxa_c.67.1.1.aln  -            381  4.5e-128  422.7   0.1   1   1    1e-129    5e-128  422.6   0.1     2   380     3   385     2   386 0.97 -
d3fvsa_c.67.1.1      -            419 d2hoxa_c.67.1.1.aln  -            381  1.2e-114  378.6   0.0   1   1  2.6e-116  1.3e-114  378.4   0.0     5   378     2   417     1   419 0.99 -
d2gb3a1c.67.1.1      -            389 d2hoxa_c.67.1.1.aln  -            381  1.5e-103  342.0   0.0   1   1  3.5e-105  1.7e-103  341.8   0.0     2   380     2   387     1   388 0.98 -
d1bw0a_c.67.1.1      -            412 d2hoxa_c.67.1.1.aln  -            381  6.9e-101  333.2   0.0   1   1  1.5e-102  7.6e-101  333.1   0.0     6   380     8   410     3   411 0.96 -
d1lc5a_c.67.1.1      -            355 d2hoxa_c.67.1.1.aln  -            381   6.4e-80  264.2   0.0   1   1   1.4e-81     7e-80  264.1   0.0    10   380     4   354     1   355 0.97 -
d1fg7a_c.67.1.1      -            354 d2hoxa_c.67.1.1.aln  -            381     1e-77  257.0   0.0   1   1   2.2e-79   1.1e-77  256.9   0.0     4   380     3   352     1   353 0.97 -
d1svva_c.67.1.1      -            340 d2hoxa_c.67.1.1.aln  -            381   2.7e-69  229.2   0.0   1   1   6.5e-71   3.2e-69  229.0   0.0    53   379    20   339     2   340 0.96 -
d1v72a1c.67.1.1      -            345 d2hoxa_c.67.1.1.aln  -            381   9.7e-63  207.7   0.0   1   1   2.3e-64   1.2e-62  207.4   0.0     9   379     4   343     1   345 0.97 -
d1m6sa_c.67.1.1      -            343 d2hoxa_c.67.1.1.aln  -            381   8.4e-62  204.6   0.1   1   1   1.9e-63   9.4e-62  204.4   0.1     6   380     2   342     1   343 0.99 -
d3piua_c.67.1.4      -            416 d2hoxa_c.67.1.1.aln  -            381   5.2e-32  106.5   0.0   1   1   1.3e-33   6.6e-32  106.2   0.0    68   379    69   414    46   416 0.92 -
d3ftba_c.67.1.0      -            334 d2hoxa_c.67.1.1.aln  -            381     4e-29   97.0   0.0   1   1   9.7e-31   4.8e-29   96.8   0.0    65   349    31   295    10   327 0.88 -
d2c81a_c.67.1.0      -            409 d2hoxa_c.67.1.1.aln  -            381   8.8e-07   23.5   0.0   1   1   2.6e-08   1.3e-06   22.9   0.0    98   209    56   158    31   162 0.88 -
d1bs0a_c.67.1.4      -            383 d2hoxa_c.67.1.1.aln  -            381   0.00023   15.5   0.1   1   2       1.9        96   -3.0   0.0    67    92   105   130    85   139 0.66 -
d1bs0a_c.67.1.4      -            383 d2hoxa_c.67.1.1.aln  -            381   0.00023   15.5   0.1   2   2   1.1e-05   0.00052   14.4   0.0   190   283   186   277   179   308 0.82 -
d2epja_c.67.1.0      -            426 d2hoxa_c.67.1.1.aln  -            381   0.00031   15.1   0.0   1   1   1.2e-05   0.00061   14.1   0.0   185   264   213   285   155   339 0.78 -
d1gpja2c.2.1.7       -            159 d2hoxa_c.67.1.1.aln  -            381    0.0045   11.3   0.0   1   1   0.00014    0.0068   10.7   0.0    75   145     9    77     1    95 0.78 -
d2bhua3c.1.8.1       -            420 d2hoxa_c.67.1.1.aln  -            381    0.0064   10.8   0.0   1   1    0.0002    0.0099   10.2   0.0   186   224    81   119    77   131 0.87 -
#
# Program:         hmmsearch
# Version:         3.3.2 (Nov 2020)
# Pipeline mode:   SEARCH
# Query file:      /home/elise/Documents/M1-BIM/S2/TMEs/SBAS/tme08/models/d2hoxa_c.67.1.1.aln.hmm
# Target file:     /home/elise/Documents/M1-BIM/S2/TMEs/SBAS/tme08/scop/scop/scopTestSeq.fasta
# Option settings: hmmsearch --domtblout /home/elise/Documents/M1-BIM/S2/TMEs/SBAS/tme08/searchResults/d2hoxa_c.67.1.1.aln.out -E 1 /home/elise/Documents/M1-BIM/S2/TMEs/SBAS/tme08/models/d2hoxa_c.67.1.1.aln.hmm /home/elise/Documents/M1-BIM/S2/TMEs/SBAS/tme08/scop/scop/scopTestSeq.fasta 
# Current dir:     /home/elise/Documents/M1-BIM/S2/TMEs/SBAS/tme08
# Date:            Tue Apr  1 17:30:59 2025
# [ok]
