#                                                                            --- full sequence --- -------------- this domain -------------   hmm coord   ali coord   env coord
# target name        accession   tlen query name           accession   qlen   E-value  score  bias   #  of  c-Evalue  i-Evalue  score  bias  from    to  from    to  from    to  acc description of target
#------------------- ---------- ----- -------------------- ---------- ----- --------- ------ ----- --- --- --------- --------- ------ ----- ----- ----- ----- ----- ----- ----- ---- ---------------------
d1rfea_b.45.1.1      -            160 d2hq7a1b.45.1.1.aln  -            154   1.4e-39  130.7   0.1   1   1     3e-41   1.6e-39  130.6   0.1     2   153     2   159     1   160 0.98 -
d2i02a1b.45.1.1      -            143 d2hq7a1b.45.1.1.aln  -            154     2e-38  127.0   0.0   1   1   4.1e-40   2.1e-38  126.9   0.0     6   149     2   142     1   143 0.98 -
d2htia1b.45.1.1      -            156 d2hq7a1b.45.1.1.aln  -            154   1.3e-36  121.0   0.0   1   1   2.8e-38   1.5e-36  120.9   0.0     8   150     2   155     1   156 0.98 -
d2fg9a1b.45.1.1      -            157 d2hq7a1b.45.1.1.aln  -            154   8.4e-36  118.4   0.0   1   1   1.8e-37   9.2e-36  118.3   0.0     5   153     1   155     1   156 0.98 -
d1w9aa_b.45.1.1      -            142 d2hq7a1b.45.1.1.aln  -            154   2.3e-33  110.6   0.0   1   1   4.6e-35   2.4e-33  110.4   0.0    10   150     1   138     1   142 0.97 -
d2hq9a1b.45.1.1      -            148 d2hq7a1b.45.1.1.aln  -            154   4.5e-33  109.6   0.0   1   1   9.4e-35   4.9e-33  109.5   0.0     4   153     1   145     1   146 0.97 -
d1xhna1b.45.1.1      -            170 d2hq7a1b.45.1.1.aln  -            154     8e-32  105.5   0.0   1   1   1.7e-33   8.9e-32  105.4   0.0     1   152    12   169    12   170 0.99 -
d2vpaa_b.45.1.1      -            215 d2hq7a1b.45.1.1.aln  -            154   1.9e-31  104.3   0.1   1   1   4.3e-33   2.2e-31  104.1   0.1     1   153    28   206    28   207 0.99 -
d2fura1b.45.1.1      -            193 d2hq7a1b.45.1.1.aln  -            154   9.3e-31  102.1   0.0   1   1     2e-32     1e-30  101.9   0.0     7   153     2   178     1   179 0.98 -
d2arza1b.45.1.1      -            238 d2hq7a1b.45.1.1.aln  -            154   1.2e-30  101.7   0.1   1   1   2.7e-32   1.4e-30  101.5   0.1     8   153     2   178     1   179 0.98 -
d2fhqa1b.45.1.1      -            135 d2hq7a1b.45.1.1.aln  -            154   4.7e-30   99.8   0.0   1   1   9.8e-32   5.1e-30   99.6   0.0     8   147     2   134     1   135 0.95 -
d1vl7a_b.45.1.1      -            135 d2hq7a1b.45.1.1.aln  -            154   1.3e-29   98.3   0.0   1   1   2.7e-31   1.4e-29   98.2   0.0    15   153     2   134     1   135 0.98 -
d2asfa1b.45.1.1      -            125 d2hq7a1b.45.1.1.aln  -            154   2.2e-26   87.8   0.0   1   1   4.6e-28   2.4e-26   87.7   0.0    12   142     2   122     1   125 0.96 -
d3a6ra_b.45.1.1      -            122 d2hq7a1b.45.1.1.aln  -            154   1.1e-14   49.9   0.0   1   1   2.4e-16   1.3e-14   49.7   0.0     9   150     1   119     1   121 0.88 -
d2hq7a1b.45.1.1      -            141 d2hq7a1b.45.1.1.aln  -            154   5.7e-07   24.8   0.0   1   1   1.4e-08   7.1e-07   24.5   0.0    17   139    12   130     9   135 0.92 -
#
# Program:         hmmsearch
# Version:         3.3.2 (Nov 2020)
# Pipeline mode:   SEARCH
# Query file:      /home/elise/Documents/M1-BIM/S2/TMEs/SBAS/tme08/models/d2hq7a1b.45.1.1.aln.hmm
# Target file:     /home/elise/Documents/M1-BIM/S2/TMEs/SBAS/tme08/scop/scop/scopTestSeq.fasta
# Option settings: hmmsearch --domtblout /home/elise/Documents/M1-BIM/S2/TMEs/SBAS/tme08/searchResults/d2hq7a1b.45.1.1.aln.out -E 1 /home/elise/Documents/M1-BIM/S2/TMEs/SBAS/tme08/models/d2hq7a1b.45.1.1.aln.hmm /home/elise/Documents/M1-BIM/S2/TMEs/SBAS/tme08/scop/scop/scopTestSeq.fasta 
# Current dir:     /home/elise/Documents/M1-BIM/S2/TMEs/SBAS/tme08
# Date:            Tue Apr  1 17:30:59 2025
# [ok]
