#                                                                            --- full sequence --- -------------- this domain -------------   hmm coord   ali coord   env coord
# target name        accession   tlen query name           accession   qlen   E-value  score  bias   #  of  c-Evalue  i-Evalue  score  bias  from    to  from    to  from    to  acc description of target
#------------------- ---------- ----- -------------------- ---------- ----- --------- ------ ----- --- --- --------- --------- ------ ----- ----- ----- ----- ----- ----- ----- ---- ---------------------
d2id3a2a.121.1.1     -            123 d2hyja2a.121.1.1.aln -            119   5.9e-20   67.2   6.0   1   1   2.4e-21   6.4e-20   67.0   6.0     2   118     2   119     1   120 0.98 -
d1z0xa2a.121.1.1     -            149 d2hyja2a.121.1.1.aln -            119     2e-18   62.3   0.0   1   1   1.1e-19   2.9e-18   61.8   0.0     1   117     2   132     2   134 0.98 -
d2fbqa2a.121.1.1     -            134 d2hyja2a.121.1.1.aln -            119   4.8e-17   57.8   0.1   1   1     2e-18   5.4e-17   57.7   0.1     2   117     5   120     4   122 0.98 -
d1ui5a2a.121.1.1     -            133 d2hyja2a.121.1.1.aln -            119   5.4e-17   57.7   0.2   1   1   2.4e-18   6.5e-17   57.4   0.2     5   117     8   121     5   123 0.98 -
d2g7ga2a.121.1.1     -            132 d2hyja2a.121.1.1.aln -            119   5.8e-17   57.6   6.4   1   1   2.6e-18     7e-17   57.3   6.4     1   108     2   109     2   119 0.96 -
d1t33a2a.121.1.1     -            132 d2hyja2a.121.1.1.aln -            119   8.7e-17   57.0   0.1   1   1   3.5e-18   9.6e-17   56.9   0.1     2   117     3   122     2   124 0.98 -
d2fx0a2a.121.1.1     -            122 d2hyja2a.121.1.1.aln -            119   2.3e-16   55.7   0.0   1   1   9.1e-18   2.5e-16   55.6   0.0     3   117     3   118     1   120 0.97 -
d2i10a2a.121.1.1     -            116 d2hyja2a.121.1.1.aln -            119   4.8e-16   54.7   1.6   1   1   1.9e-17   5.2e-16   54.5   1.6     6   117     3   115     1   116 0.98 -
d2g7sa2a.121.1.1     -            116 d2hyja2a.121.1.1.aln -            119   5.4e-16   54.5   1.1   1   1   2.2e-17   5.9e-16   54.4   1.1     2   115     2   115     1   116 0.97 -
d2gena2a.121.1.1     -            118 d2hyja2a.121.1.1.aln -            119   5.8e-16   54.4   4.6   1   1   2.3e-17   6.3e-16   54.3   4.6     2   116     3   117     2   118 0.98 -
d2d6ya2a.121.1.1     -            118 d2hyja2a.121.1.1.aln -            119   9.3e-16   53.7   1.1   1   1   3.7e-17     1e-15   53.6   1.1     1   114     2   116     2   118 0.98 -
d1vi0a2a.121.1.1     -            117 d2hyja2a.121.1.1.aln -            119   2.1e-15   52.6   0.0   1   1   8.5e-17   2.3e-15   52.5   0.0     2   116     2   116     1   117 0.98 -
d2g7la2a.121.1.1     -            144 d2hyja2a.121.1.1.aln -            119   3.8e-15   51.8   7.2   1   1   1.6e-16   4.4e-15   51.6   7.2     1   117     2   123     2   125 0.96 -
d2hkua2a.121.1.1     -            121 d2hyja2a.121.1.1.aln -            119     5e-15   51.4   0.1   1   1     2e-16   5.4e-15   51.3   0.1     4   118     4   120     1   121 0.97 -
d2np5a2a.121.1.1     -            118 d2hyja2a.121.1.1.aln -            119   5.3e-15   51.3   3.1   1   1   2.1e-16   5.7e-15   51.2   3.1     2   114     4   115     3   118 0.96 -
d1t56a2a.121.1.1     -            120 d2hyja2a.121.1.1.aln -            119     6e-15   51.1   1.9   1   1   2.4e-16   6.5e-15   51.0   1.9     3   117     2   119     1   120 0.98 -
d2iu5a2a.121.1.1     -            109 d2hyja2a.121.1.1.aln -            119   6.2e-15   51.1   0.0   1   1   2.4e-16   6.6e-15   51.0   0.0     7   113     2   107     1   109 0.97 -
d2fq4a2a.121.1.1     -            115 d2hyja2a.121.1.1.aln -            119   8.5e-15   50.6   0.0   1   1   3.4e-16   9.3e-15   50.5   0.0     6   117     3   115     1   115 0.98 -
d2id6a2a.121.1.1     -            125 d2hyja2a.121.1.1.aln -            119   1.6e-14   49.8   0.0   1   1   6.3e-16   1.7e-14   49.7   0.0     3   116     4   118     2   121 0.97 -
d2np3a2a.121.1.1     -            112 d2hyja2a.121.1.1.aln -            119   2.4e-14   49.2   5.1   1   1   9.3e-16   2.5e-14   49.1   5.1     8   117     3   112     1   112 0.97 -
d3c07a2a.121.1.1     -            146 d2hyja2a.121.1.1.aln -            119   2.6e-14   49.1   1.0   1   1   1.9e-15     5e-14   48.2   1.0     2   106     2   106     1   134 0.91 -
d2oi8a2a.121.1.1     -            130 d2hyja2a.121.1.1.aln -            119   7.9e-14   47.6   1.6   1   1   3.2e-15   8.6e-14   47.4   1.6     2   116     2   119     1   122 0.96 -
d1zk8a2a.121.1.1     -            105 d2hyja2a.121.1.1.aln -            119   9.7e-14   47.3   0.0   1   1   3.8e-15     1e-13   47.2   0.0     2   102     3   104     2   105 0.96 -
d2g3ba2a.121.1.1     -            116 d2hyja2a.121.1.1.aln -            119   1.2e-13   47.0   1.4   1   1   4.8e-15   1.3e-13   46.9   1.4     3   118     1   115     1   116 0.98 -
d2o7ta2a.121.1.1     -            110 d2hyja2a.121.1.1.aln -            119   5.7e-13   44.8   0.0   1   1   2.3e-14   6.2e-13   44.7   0.0    10   118     3   109     1   110 0.97 -
d1rkta2a.121.1.1     -            123 d2hyja2a.121.1.1.aln -            119   7.4e-13   44.4   0.0   1   1   3.1e-14   8.5e-13   44.2   0.0     6   116     2   108     1   111 0.96 -
d1sgma2a.121.1.1     -            111 d2hyja2a.121.1.1.aln -            119   9.3e-13   44.1   0.0   1   1   3.7e-14     1e-12   44.0   0.0     5   117     2   111     1   111 0.97 -
d2gfna2a.121.1.1     -            119 d2hyja2a.121.1.1.aln -            119   1.4e-12   43.5   5.5   1   1   5.8e-14   1.6e-12   43.4   5.5     3   117     4   118     2   119 0.98 -
d2fd5a2a.121.1.1     -            104 d2hyja2a.121.1.1.aln -            119   2.1e-08   30.2   1.3   1   1   8.3e-10   2.2e-08   30.1   1.3    10   114     3   103     1   104 0.91 -
#
# Program:         hmmsearch
# Version:         3.3.2 (Nov 2020)
# Pipeline mode:   SEARCH
# Query file:      /home/elise/Documents/M1-BIM/S2/TMEs/SBAS/tme08/models/d2hyja2a.121.1.1.aln.hmm
# Target file:     /home/elise/Documents/M1-BIM/S2/TMEs/SBAS/tme08/scop/scop/scopTestSeq.fasta
# Option settings: hmmsearch --domtblout /home/elise/Documents/M1-BIM/S2/TMEs/SBAS/tme08/searchResults/d2hyja2a.121.1.1.aln.out -E 1 /home/elise/Documents/M1-BIM/S2/TMEs/SBAS/tme08/models/d2hyja2a.121.1.1.aln.hmm /home/elise/Documents/M1-BIM/S2/TMEs/SBAS/tme08/scop/scop/scopTestSeq.fasta 
# Current dir:     /home/elise/Documents/M1-BIM/S2/TMEs/SBAS/tme08
# Date:            Tue Apr  1 17:30:59 2025
# [ok]
