#                                                                            --- full sequence --- -------------- this domain -------------   hmm coord   ali coord   env coord
# target name        accession   tlen query name           accession   qlen   E-value  score  bias   #  of  c-Evalue  i-Evalue  score  bias  from    to  from    to  from    to  acc description of target
#------------------- ---------- ----- -------------------- ---------- ----- --------- ------ ----- --- --- --------- --------- ------ ----- ----- ----- ----- ----- ----- ----- ---- ---------------------
d2v1ma_c.47.1.0      -            163 d2hzfa_c.47.1.0.aln  -            155   4.1e-34  113.2   0.1   1   1   7.6e-36   4.6e-34  113.0   0.1     2   150    15   163    14   163 0.98 -
d3c7ma_c.47.1.0      -            195 d2hzfa_c.47.1.0.aln  -            155   2.2e-32  107.6   3.3   1   1   4.4e-34   2.6e-32  107.3   3.3     2   154     6   157     5   158 0.98 -
d3h93a_c.47.1.0      -            192 d2hzfa_c.47.1.0.aln  -            155     4e-28   93.7   0.3   1   1   7.7e-30   4.7e-28   93.5   0.3     2   154    12   185    11   186 0.99 -
d3feua_c.47.1.0      -            183 d2hzfa_c.47.1.0.aln  -            155   4.5e-25   83.8   0.0   1   1   8.4e-27   5.1e-25   83.7   0.0     1   154     8   169     8   170 0.99 -
d2i4aa_c.47.1.1      -            107 d2hzfa_c.47.1.0.aln  -            155   1.2e-20   69.4   0.0   1   1   2.3e-22   1.4e-20   69.2   0.0    27   127     2    98     1   105 0.93 -
d3gnja_c.47.1.0      -            111 d2hzfa_c.47.1.0.aln  -            155     1e-19   66.5   0.3   1   1   1.8e-21   1.1e-19   66.4   0.3    26   137     3   110     1   111 0.95 -
d2xhfa_c.47.1.0      -            156 d2hzfa_c.47.1.0.aln  -            155   2.3e-19   65.3   0.0   1   1   4.2e-21   2.5e-19   65.1   0.0    14   153     2   151     1   153 0.98 -
d3h79a_c.47.1.0      -            115 d2hzfa_c.47.1.0.aln  -            155     3e-15   51.9   0.0   1   1   5.8e-17   3.5e-15   51.7   0.0    22   133     2   112     1   114 0.96 -
d3fz4a_c.47.1.0      -            119 d2hzfa_c.47.1.0.aln  -            155   1.5e-14   49.6   0.0   1   1   2.7e-16   1.6e-14   49.5   0.0    18   136     3   118     1   119 0.97 -
d2wcia_c.47.1.0      -            113 d2hzfa_c.47.1.0.aln  -            155   7.8e-14   47.3   0.0   1   1   1.4e-15   8.2e-14   47.3   0.0    22   138     2   111     1   113 0.95 -
d1r26a_c.47.1.1      -            113 d2hzfa_c.47.1.0.aln  -            155   1.9e-11   39.6   0.0   1   1   3.4e-13   2.1e-11   39.4   0.0    50   130    31   106     5   112 0.86 -
d3qmxa_c.47.1.0      -             99 d2hzfa_c.47.1.0.aln  -            155   5.5e-11   38.1   0.0   1   1   1.1e-12   6.4e-11   37.9   0.0    21   127     1    97     1    98 0.97 -
d1sena_c.47.1.1      -            135 d2hzfa_c.47.1.0.aln  -            155   1.2e-05   20.7   0.0   1   1   2.3e-07   1.4e-05   20.5   0.0    33    94    13    73     6   110 0.85 -
#
# Program:         hmmsearch
# Version:         3.3.2 (Nov 2020)
# Pipeline mode:   SEARCH
# Query file:      /home/elise/Documents/M1-BIM/S2/TMEs/SBAS/tme08/models/d2hzfa_c.47.1.0.aln.hmm
# Target file:     /home/elise/Documents/M1-BIM/S2/TMEs/SBAS/tme08/scop/scop/scopTestSeq.fasta
# Option settings: hmmsearch --domtblout /home/elise/Documents/M1-BIM/S2/TMEs/SBAS/tme08/searchResults/d2hzfa_c.47.1.0.aln.out -E 1 /home/elise/Documents/M1-BIM/S2/TMEs/SBAS/tme08/models/d2hzfa_c.47.1.0.aln.hmm /home/elise/Documents/M1-BIM/S2/TMEs/SBAS/tme08/scop/scop/scopTestSeq.fasta 
# Current dir:     /home/elise/Documents/M1-BIM/S2/TMEs/SBAS/tme08
# Date:            Tue Apr  1 17:30:59 2025
# [ok]
