#                                                                            --- full sequence --- -------------- this domain -------------   hmm coord   ali coord   env coord
# target name        accession   tlen query name           accession   qlen   E-value  score  bias   #  of  c-Evalue  i-Evalue  score  bias  from    to  from    to  from    to  acc description of target
#------------------- ---------- ----- -------------------- ---------- ----- --------- ------ ----- --- --- --------- --------- ------ ----- ----- ----- ----- ----- ----- ----- ---- ---------------------
d1rfea_b.45.1.1      -            160 d2i02a1b.45.1.1.aln  -            162     6e-40  132.1   0.1   1   1   1.2e-41   6.5e-40  132.0   0.1     2   160     3   158     2   160 0.97 -
d2fg9a1b.45.1.1      -            157 d2i02a1b.45.1.1.aln  -            162   8.6e-38  125.1   0.0   1   1   1.8e-39   9.4e-38  125.0   0.0     4   161     1   155     1   156 0.98 -
d2htia1b.45.1.1      -            156 d2i02a1b.45.1.1.aln  -            162   2.3e-37  123.7   0.0   1   1   4.9e-39   2.6e-37  123.6   0.0     7   158     2   155     1   156 0.98 -
d2hq7a1b.45.1.1      -            141 d2i02a1b.45.1.1.aln  -            162   4.1e-35  116.4   0.0   1   1   8.4e-37   4.4e-35  116.3   0.0     6   148     2   140     1   141 0.98 -
d2hq9a1b.45.1.1      -            148 d2i02a1b.45.1.1.aln  -            162   1.2e-33  111.6   0.0   1   1   2.6e-35   1.3e-33  111.5   0.0     4   156     1   146     1   148 0.97 -
d2vpaa_b.45.1.1      -            215 d2i02a1b.45.1.1.aln  -            162   2.6e-33  110.6   0.1   1   1   5.7e-35     3e-33  110.4   0.1     2   162    30   207    29   207 0.99 -
d2arza1b.45.1.1      -            238 d2i02a1b.45.1.1.aln  -            162   3.9e-33  110.0   0.1   1   1   8.8e-35   4.6e-33  109.8   0.1     8   161     3   178     1   179 0.98 -
d1w9aa_b.45.1.1      -            142 d2i02a1b.45.1.1.aln  -            162   2.6e-32  107.3   0.0   1   1   5.3e-34   2.8e-32  107.2   0.0     9   161     1   141     1   142 0.96 -
d2fura1b.45.1.1      -            193 d2i02a1b.45.1.1.aln  -            162     1e-30  102.1   0.0   1   1   2.2e-32   1.2e-30  101.9   0.0     8   161     2   178     1   179 0.98 -
d2fhqa1b.45.1.1      -            135 d2i02a1b.45.1.1.aln  -            162   4.1e-30  100.2   0.0   1   1   8.6e-32   4.5e-30  100.0   0.0     6   154     1   133     1   135 0.97 -
d1xhna1b.45.1.1      -            170 d2i02a1b.45.1.1.aln  -            162   5.3e-29   96.6   0.0   1   1   1.1e-30   5.8e-29   96.4   0.0     3   161     3   166     1   167 0.97 -
d1vl7a_b.45.1.1      -            135 d2i02a1b.45.1.1.aln  -            162     4e-27   90.4   0.0   1   1   8.5e-29   4.5e-27   90.3   0.0    15   161     3   134     1   135 0.95 -
d2asfa1b.45.1.1      -            125 d2i02a1b.45.1.1.aln  -            162   7.6e-24   79.8   0.0   1   1   1.7e-25   8.7e-24   79.6   0.0    11   150     2   122     1   125 0.95 -
d3a6ra_b.45.1.1      -            122 d2i02a1b.45.1.1.aln  -            162   3.8e-16   54.7   0.0   1   1   1.5e-17   7.9e-16   53.7   0.0     8   104     1    98     1   121 0.89 -
d2i02a1b.45.1.1      -            143 d2i02a1b.45.1.1.aln  -            162    0.0001   17.6   0.0   1   1   2.2e-06   0.00012   17.4   0.0    23   115    20   114     8   142 0.84 -
#
# Program:         hmmsearch
# Version:         3.3.2 (Nov 2020)
# Pipeline mode:   SEARCH
# Query file:      /home/elise/Documents/M1-BIM/S2/TMEs/SBAS/tme08/models/d2i02a1b.45.1.1.aln.hmm
# Target file:     /home/elise/Documents/M1-BIM/S2/TMEs/SBAS/tme08/scop/scop/scopTestSeq.fasta
# Option settings: hmmsearch --domtblout /home/elise/Documents/M1-BIM/S2/TMEs/SBAS/tme08/searchResults/d2i02a1b.45.1.1.aln.out -E 1 /home/elise/Documents/M1-BIM/S2/TMEs/SBAS/tme08/models/d2i02a1b.45.1.1.aln.hmm /home/elise/Documents/M1-BIM/S2/TMEs/SBAS/tme08/scop/scop/scopTestSeq.fasta 
# Current dir:     /home/elise/Documents/M1-BIM/S2/TMEs/SBAS/tme08
# Date:            Tue Apr  1 17:30:59 2025
# [ok]
