#                                                                            --- full sequence --- -------------- this domain -------------   hmm coord   ali coord   env coord
# target name        accession   tlen query name           accession   qlen   E-value  score  bias   #  of  c-Evalue  i-Evalue  score  bias  from    to  from    to  from    to  acc description of target
#------------------- ---------- ----- -------------------- ---------- ----- --------- ------ ----- --- --- --------- --------- ------ ----- ----- ----- ----- ----- ----- ----- ---- ---------------------
d2id6a1a.4.1.9       -             75 d2i10a1a.4.1.9.aln   -             74   1.6e-26   87.5   0.4   1   1   4.5e-28   1.7e-26   87.4   0.4     4    73     3    72     1    73 0.96 -
d1vi0a1a.4.1.9       -             72 d2i10a1a.4.1.9.aln   -             74   8.9e-26   85.1   0.1   1   1   2.5e-27   9.4e-26   85.0   0.1     6    72     3    69     1    71 0.95 -
d1ui5a1a.4.1.9       -             71 d2i10a1a.4.1.9.aln   -             74   7.7e-24   78.9   1.5   1   1   2.2e-25   8.1e-24   78.8   1.5     2    67     3    68     2    71 0.92 -
d2gena1a.4.1.9       -             70 d2i10a1a.4.1.9.aln   -             74   4.6e-23   76.4   0.4   1   1   1.3e-24   4.8e-23   76.4   0.4     5    70     1    66     1    70 0.96 -
d1rkta1a.4.1.9       -             81 d2i10a1a.4.1.9.aln   -             74   1.5e-22   74.8   0.1   1   1   4.4e-24   1.6e-22   74.7   0.1     2    73     9    80     8    81 0.97 -
d2gfna1a.4.1.9       -             77 d2i10a1a.4.1.9.aln   -             74   2.9e-22   73.9   0.4   1   1   8.3e-24   3.1e-22   73.8   0.4     2    73     4    75     3    76 0.96 -
d1t56a1a.4.1.9       -             73 d2i10a1a.4.1.9.aln   -             74   7.8e-22   72.5   0.0   1   1   2.2e-23   8.2e-22   72.4   0.0     4    73     3    72     1    73 0.96 -
d2fd5a1a.4.1.9       -             76 d2i10a1a.4.1.9.aln   -             74   2.1e-21   71.1   0.0   1   1   5.9e-23   2.2e-21   71.0   0.0     1    70     4    73     4    76 0.96 -
d2oi8a1a.4.1.9       -             79 d2i10a1a.4.1.9.aln   -             74   2.9e-21   70.6   0.5   1   1   8.4e-23   3.2e-21   70.5   0.5     2    72     7    77     6    79 0.97 -
d1sgma1a.4.1.9       -             73 d2i10a1a.4.1.9.aln   -             74   3.3e-21   70.5   0.0   1   1   9.3e-23   3.5e-21   70.4   0.0     4    73     2    72     1    73 0.96 -
d2hyja1a.4.1.9       -             75 d2i10a1a.4.1.9.aln   -             74   3.5e-21   70.4   0.1   1   1   9.6e-23   3.6e-21   70.4   0.1     2    70     3    71     2    75 0.95 -
d2np5a1a.4.1.9       -             69 d2i10a1a.4.1.9.aln   -             74   4.3e-21   70.1   0.2   1   1   1.2e-22   4.5e-21   70.1   0.2     6    70     3    67     1    69 0.96 -
d2np3a1a.4.1.9       -             65 d2i10a1a.4.1.9.aln   -             74   7.2e-21   69.4   0.2   1   1   2.3e-22   8.8e-21   69.1   0.2     9    66     1    58     1    64 0.91 -
d1t33a1a.4.1.9       -             88 d2i10a1a.4.1.9.aln   -             74     1e-20   68.9   1.2   1   1   3.2e-22   1.2e-20   68.7   1.2     2    73    10    80     9    81 0.96 -
d2g7sa1a.4.1.9       -             74 d2i10a1a.4.1.9.aln   -             74   1.8e-20   68.2   0.0   1   1   4.9e-22   1.8e-20   68.1   0.0     2    72     2    72     1    74 0.95 -
d2iu5a1a.4.1.9       -             71 d2i10a1a.4.1.9.aln   -             74   5.4e-19   63.4   0.1   1   1   1.5e-20   5.6e-19   63.3   0.1     3    67     4    69     2    71 0.93 -
d2o7ta1a.4.1.9       -             78 d2i10a1a.4.1.9.aln   -             74   1.4e-18   62.1   0.0   1   1     4e-20   1.5e-18   62.0   0.0     3    71     6    75     4    78 0.90 -
d1zk8a1a.4.1.9       -             72 d2i10a1a.4.1.9.aln   -             74   3.9e-18   60.7   0.1   1   1   1.1e-19   4.1e-18   60.6   0.1     4    72     3    71     1    72 0.96 -
d2id3a1a.4.1.9       -             68 d2i10a1a.4.1.9.aln   -             74   1.2e-16   55.9   0.0   1   1   3.3e-18   1.2e-16   55.8   0.0     3    65     5    67     3    68 0.94 -
d2g7ga1a.4.1.9       -             65 d2i10a1a.4.1.9.aln   -             74   6.5e-16   53.5   0.1   1   1   1.8e-17   6.9e-16   53.4   0.1     5    69     2    64     1    65 0.95 -
d2i10a1a.4.1.9       -             69 d2i10a1a.4.1.9.aln   -             74     1e-15   52.9   0.0   1   1   3.1e-17   1.2e-15   52.7   0.0    10    70     6    66     5    69 0.96 -
#
# Program:         hmmsearch
# Version:         3.3.2 (Nov 2020)
# Pipeline mode:   SEARCH
# Query file:      /home/elise/Documents/M1-BIM/S2/TMEs/SBAS/tme08/models/d2i10a1a.4.1.9.aln.hmm
# Target file:     /home/elise/Documents/M1-BIM/S2/TMEs/SBAS/tme08/scop/scop/scopTestSeq.fasta
# Option settings: hmmsearch --domtblout /home/elise/Documents/M1-BIM/S2/TMEs/SBAS/tme08/searchResults/d2i10a1a.4.1.9.aln.out -E 1 /home/elise/Documents/M1-BIM/S2/TMEs/SBAS/tme08/models/d2i10a1a.4.1.9.aln.hmm /home/elise/Documents/M1-BIM/S2/TMEs/SBAS/tme08/scop/scop/scopTestSeq.fasta 
# Current dir:     /home/elise/Documents/M1-BIM/S2/TMEs/SBAS/tme08
# Date:            Tue Apr  1 17:30:59 2025
# [ok]
