#                                                                            --- full sequence --- -------------- this domain -------------   hmm coord   ali coord   env coord
# target name        accession   tlen query name           accession   qlen   E-value  score  bias   #  of  c-Evalue  i-Evalue  score  bias  from    to  from    to  from    to  acc description of target
#------------------- ---------- ----- -------------------- ---------- ----- --------- ------ ----- --- --- --------- --------- ------ ----- ----- ----- ----- ----- ----- ----- ---- ---------------------
d1jeta_c.94.1.1      -            517 d2i6ea1c.94.1.1.aln  -            339   5.9e-62  205.6  10.6   1   1   2.8e-63   7.6e-62  205.3  10.6     1   339    84   469    84   469 0.97 -
d3vlva_c.94.1.1      -            490 d2i6ea1c.94.1.1.aln  -            339     3e-50  167.2  13.7   1   1   2.2e-51   5.9e-50  166.3  13.7     1   339     5   444     5   444 0.98 -
d1vr5a1c.94.1.1      -            535 d2i6ea1c.94.1.1.aln  -            339   5.8e-36  120.5   8.9   1   1   2.7e-37   7.4e-36  120.1   8.9     1   338    77   473    77   474 0.97 -
d1eu8a_c.94.1.1      -            407 d2i6ea1c.94.1.1.aln  -            339   1.7e-35  118.9   4.3   1   1   7.1e-37   1.9e-35  118.8   4.3     2   338    18   394    17   395 0.91 -
d1ursa_c.94.1.1      -            367 d2i6ea1c.94.1.1.aln  -            339   8.7e-35  116.6   9.0   1   1   3.6e-36   9.7e-35  116.5   9.0    15   339     3   359     1   359 0.97 -
d1xoca1c.94.1.1      -            504 d2i6ea1c.94.1.1.aln  -            339   1.6e-34  115.7  16.1   1   1   7.7e-36   2.1e-34  115.4  16.1     1   339    78   457    78   457 0.97 -
d1nnfa_c.94.1.1      -            308 d2i6ea1c.94.1.1.aln  -            339   2.8e-33  111.7   8.3   1   1   1.1e-34   3.1e-33  111.5   8.3    19   287     1   301     1   308 0.96 -
d2nooa_c.94.1.1      -            496 d2i6ea1c.94.1.1.aln  -            339   5.4e-31  104.2   1.1   1   1   2.4e-32   6.4e-31  103.9   1.1     1   339    72   451    72   451 0.97 -
d1uqwa_c.94.1.1      -            487 d2i6ea1c.94.1.1.aln  -            339   1.7e-30  102.6  12.1   1   1   7.6e-32   2.1e-30  102.3  12.1     1   339    75   442    75   442 0.97 -
d1q35a_c.94.1.1      -            318 d2i6ea1c.94.1.1.aln  -            339   4.9e-29   97.8   2.8   1   1     2e-30   5.4e-29   97.6   2.8    20   299     4   317     1   318 0.96 -
d1pb7a_c.94.1.1      -            289 d2i6ea1c.94.1.1.aln  -            339   7.4e-29   97.2   0.0   1   1     3e-30   8.2e-29   97.0   0.0    16   291     3   286     1   289 0.94 -
d1r9la_c.94.1.1      -            309 d2i6ea1c.94.1.1.aln  -            339   1.6e-26   89.5  10.8   1   1   6.6e-28   1.8e-26   89.4  10.8    10   314     2   308     1   309 0.97 -
d3thia_c.94.1.1      -            362 d2i6ea1c.94.1.1.aln  -            339   3.4e-26   88.5   0.4   1   1   1.4e-27   3.9e-26   88.3   0.4    25   338    20   361     2   362 0.95 -
d2czla1c.94.1.1      -            270 d2i6ea1c.94.1.1.aln  -            339   8.6e-25   83.9   0.0   1   1   3.6e-26   9.7e-25   83.7   0.0    24   297     7   266     3   270 0.97 -
d1ixha_c.94.1.1      -            321 d2i6ea1c.94.1.1.aln  -            339   1.2e-24   83.4  11.9   1   1   4.9e-26   1.3e-24   83.2  11.9     1   329    14   319    14   321 0.92 -
d1sbpa_c.94.1.1      -            309 d2i6ea1c.94.1.1.aln  -            339   1.2e-21   73.6   8.7   1   1   5.3e-23   1.4e-21   73.3   8.7    22   325    16   308    13   309 0.98 -
d1xt8a1c.94.1.1      -            248 d2i6ea1c.94.1.1.aln  -            339   2.7e-17   59.3   4.9   1   1   1.1e-18     3e-17   59.2   4.9    17   288     3   245     1   248 0.93 -
d1us5a_c.94.1.1      -            298 d2i6ea1c.94.1.1.aln  -            339   1.2e-16   57.2   1.6   1   1   5.7e-18   1.6e-16   56.8   1.6    15   301    12   294     3   296 0.95 -
d2nxoa1c.94.1.1      -            277 d2i6ea1c.94.1.1.aln  -            339   2.8e-15   52.7   0.0   1   1   1.1e-16     3e-15   52.6   0.0    22   300     5   274     1   277 0.96 -
d1al3a_c.94.1.1      -            237 d2i6ea1c.94.1.1.aln  -            339     1e-14   50.8   0.0   1   1   4.2e-16   1.2e-14   50.7   0.0    26   270     2   211     1   231 0.95 -
d2esna2c.94.1.1      -            212 d2i6ea1c.94.1.1.aln  -            339   1.9e-12   43.4   0.0   1   1   7.7e-14   2.1e-12   43.3   0.0    66   283     5   209     1   212 0.97 -
d1sw5a_c.94.1.1      -            270 d2i6ea1c.94.1.1.aln  -            339   5.2e-12   42.0   5.2   1   1   2.1e-13   5.6e-12   41.9   5.2    18   294     3   268     1   270 0.94 -
d1atga_c.94.1.1      -            231 d2i6ea1c.94.1.1.aln  -            339   1.1e-11   41.0   1.6   1   1   4.4e-13   1.2e-11   40.8   1.6    71   295    22   230     3   231 0.95 -
d1twya_c.94.1.1      -            249 d2i6ea1c.94.1.1.aln  -            339   1.7e-11   40.3   0.1   1   1   7.7e-13   2.1e-11   40.0   0.1    58   298    22   247     3   248 0.83 -
d1ve4a1c.94.1.1      -            206 d2i6ea1c.94.1.1.aln  -            339   6.8e-11   38.3   0.0   1   1   3.3e-12   9.1e-11   37.9   0.0    73   265    42   202    26   205 0.90 -
d2ozza1c.94.1.1      -            228 d2i6ea1c.94.1.1.aln  -            339   8.7e-10   34.7   0.0   1   1   3.7e-11   9.9e-10   34.5   0.0    71   289     6   217     1   226 0.95 -
d1ixca2c.94.1.1      -            205 d2i6ea1c.94.1.1.aln  -            339     1e-06   24.7   0.0   1   1   3.9e-08   1.1e-06   24.6   0.0    73   287     6   203     1   205 0.89 -
d1ii5a_c.94.1.1      -            226 d2i6ea1c.94.1.1.aln  -            339   6.9e-06   21.9   0.1   1   1     3e-07   8.3e-06   21.7   0.1    66   287    20   225     5   226 0.90 -
d2qmwa1c.94.1.1      -            184 d2i6ea1c.94.1.1.aln  -            339   3.1e-05   19.8   0.1   1   1   1.3e-06   3.6e-05   19.6   0.1   150   276    56   180     5   183 0.90 -
#
# Program:         hmmsearch
# Version:         3.3.2 (Nov 2020)
# Pipeline mode:   SEARCH
# Query file:      /home/elise/Documents/M1-BIM/S2/TMEs/SBAS/tme08/models/d2i6ea1c.94.1.1.aln.hmm
# Target file:     /home/elise/Documents/M1-BIM/S2/TMEs/SBAS/tme08/scop/scop/scopTestSeq.fasta
# Option settings: hmmsearch --domtblout /home/elise/Documents/M1-BIM/S2/TMEs/SBAS/tme08/searchResults/d2i6ea1c.94.1.1.aln.out -E 1 /home/elise/Documents/M1-BIM/S2/TMEs/SBAS/tme08/models/d2i6ea1c.94.1.1.aln.hmm /home/elise/Documents/M1-BIM/S2/TMEs/SBAS/tme08/scop/scop/scopTestSeq.fasta 
# Current dir:     /home/elise/Documents/M1-BIM/S2/TMEs/SBAS/tme08
# Date:            Tue Apr  1 17:30:59 2025
# [ok]
