#                                                                            --- full sequence --- -------------- this domain -------------   hmm coord   ali coord   env coord
# target name        accession   tlen query name           accession   qlen   E-value  score  bias   #  of  c-Evalue  i-Evalue  score  bias  from    to  from    to  from    to  acc description of target
#------------------- ---------- ----- -------------------- ---------- ----- --------- ------ ----- --- --- --------- --------- ------ ----- ----- ----- ----- ----- ----- ----- ---- ---------------------
d1vpda2c.2.1.6       -            161 d2i76a2c.2.1.6.aln   -            182   3.3e-42  140.2   2.5   1   1   8.7e-44   3.6e-42  140.1   2.5     2   173     1   161     1   161 0.99 -
d1f0ya2c.2.1.6       -            192 d2i76a2c.2.1.6.aln   -            182   3.9e-40  133.4   2.1   1   1   1.1e-41   4.4e-40  133.3   2.1     2   181     5   186     4   187 0.99 -
d1evya2c.2.1.6       -            189 d2i76a2c.2.1.6.aln   -            182   1.2e-39  131.9   0.0   1   1   3.2e-41   1.3e-39  131.7   0.0     2   182     8   188     7   188 0.99 -
d1txga2c.2.1.6       -            180 d2i76a2c.2.1.6.aln   -            182   2.9e-39  130.6   0.0   1   1   7.6e-41   3.2e-39  130.5   0.0     2   177     1   177     1   180 0.98 -
d2f1ka2c.2.1.6       -            165 d2i76a2c.2.1.6.aln   -            182   3.3e-38  127.2   0.0   1   1   8.8e-40   3.6e-38  127.0   0.0     2   181     1   164     1   165 0.98 -
d1bg6a2c.2.1.6       -            184 d2i76a2c.2.1.6.aln   -            182   7.2e-38  126.1   0.6   1   1   1.9e-39   7.9e-38  125.9   0.6     2   180     2   181     1   183 0.98 -
d1ks9a2c.2.1.6       -            167 d2i76a2c.2.1.6.aln   -            182   1.7e-36  121.6   0.0   1   1   4.6e-38   1.9e-36  121.4   0.0     2   175     1   167     1   167 0.99 -
d1mv8a2c.2.1.6       -            202 d2i76a2c.2.1.6.aln   -            182   5.7e-36  119.9   0.0   1   1   1.5e-37   6.4e-36  119.7   0.0     2   179     1   186     1   189 0.98 -
d1lj8a4c.2.1.6       -            286 d2i76a2c.2.1.6.aln   -            182   7.5e-35  116.2   0.0   1   1   2.2e-36   9.2e-35  115.9   0.0     2   182    56   256    55   256 0.99 -
d1dlja2c.2.1.6       -            196 d2i76a2c.2.1.6.aln   -            182   1.6e-33  111.9   0.0   1   1   4.3e-35   1.8e-33  111.7   0.0     2   180     1   182     1   184 0.98 -
d1jaya_c.2.1.6       -            212 d2i76a2c.2.1.6.aln   -            182   1.6e-32  108.6   0.6   1   1   4.3e-34   1.8e-32  108.5   0.6     3   181     3   187     1   188 0.97 -
d1yqga2c.2.1.6       -            152 d2i76a2c.2.1.6.aln   -            182   1.6e-28   95.6   0.3   1   1   4.4e-30   1.8e-28   95.4   0.3     2   173     1   151     1   152 0.99 -
d2pv7a2c.2.1.6       -            152 d2i76a2c.2.1.6.aln   -            182   4.7e-28   94.1   0.0   1   1   1.3e-29   5.6e-28   93.8   0.0     8   171     1   151     1   152 0.98 -
d1i36a2c.2.1.6       -            152 d2i76a2c.2.1.6.aln   -            182   6.7e-27   90.3   0.6   1   1   1.8e-28   7.4e-27   90.2   0.6     3   168     2   151     1   152 0.98 -
d2ahra2c.2.1.6       -            152 d2i76a2c.2.1.6.aln   -            182   7.2e-27   90.2   0.0   1   1   1.9e-28     8e-27   90.1   0.0     2   173     1   150     1   152 0.97 -
d1gpja2c.2.1.7       -            159 d2i76a2c.2.1.6.aln   -            182   3.6e-06   22.8   0.7   1   1   1.2e-07   5.2e-06   22.2   0.7     2    49    25    72    25   136 0.85 -
d1xhca2c.3.1.5       -            122 d2i76a2c.2.1.6.aln   -            182   0.00019   17.1   0.1   1   1   5.4e-06   0.00022   16.9   0.1     6    32    37    63    34   106 0.93 -
d1c1da1c.2.1.7       -            201 d2i76a2c.2.1.6.aln   -            182   0.00032   16.4   0.2   1   1   1.4e-05   0.00058   15.6   0.2     2    57    28    78    27   103 0.88 -
d2ivda1c.3.1.2       -            348 d2i76a2c.2.1.6.aln   -            182   0.00093   14.9   2.2   1   3   0.00017    0.0072   12.0   0.5     2    31     1    28     1    34 0.88 -
d2ivda1c.3.1.2       -            348 d2i76a2c.2.1.6.aln   -            182   0.00093   14.9   2.2   2   3       1.9        80   -1.2   0.0     9    26    37    54    33    79 0.68 -
d2ivda1c.3.1.2       -            348 d2i76a2c.2.1.6.aln   -            182   0.00093   14.9   2.2   3   3      0.46        19    0.8   0.0    63    88   162   187   143   192 0.83 -
#
# Program:         hmmsearch
# Version:         3.3.2 (Nov 2020)
# Pipeline mode:   SEARCH
# Query file:      /home/elise/Documents/M1-BIM/S2/TMEs/SBAS/tme08/models/d2i76a2c.2.1.6.aln.hmm
# Target file:     /home/elise/Documents/M1-BIM/S2/TMEs/SBAS/tme08/scop/scop/scopTestSeq.fasta
# Option settings: hmmsearch --domtblout /home/elise/Documents/M1-BIM/S2/TMEs/SBAS/tme08/searchResults/d2i76a2c.2.1.6.aln.out -E 1 /home/elise/Documents/M1-BIM/S2/TMEs/SBAS/tme08/models/d2i76a2c.2.1.6.aln.hmm /home/elise/Documents/M1-BIM/S2/TMEs/SBAS/tme08/scop/scop/scopTestSeq.fasta 
# Current dir:     /home/elise/Documents/M1-BIM/S2/TMEs/SBAS/tme08
# Date:            Tue Apr  1 17:30:59 2025
# [ok]
