#                                                                            --- full sequence --- -------------- this domain -------------   hmm coord   ali coord   env coord
# target name        accession   tlen query name           accession   qlen   E-value  score  bias   #  of  c-Evalue  i-Evalue  score  bias  from    to  from    to  from    to  acc description of target
#------------------- ---------- ----- -------------------- ---------- ----- --------- ------ ----- --- --- --------- --------- ------ ----- ----- ----- ----- ----- ----- ----- ---- ---------------------
d1vi0a1a.4.1.9       -             72 d2id6a1a.4.1.9.aln   -             74   1.4e-25   84.5   0.1   1   1   3.8e-27   1.4e-25   84.5   0.1     5    72     2    69     1    71 0.96 -
d1ui5a1a.4.1.9       -             71 d2id6a1a.4.1.9.aln   -             74   8.1e-24   78.8   1.6   1   1   2.3e-25   8.5e-24   78.8   1.6     2    67     3    68     2    71 0.92 -
d2i10a1a.4.1.9       -             69 d2id6a1a.4.1.9.aln   -             74   1.7e-23   77.8   0.0   1   1   4.6e-25   1.7e-23   77.8   0.0     9    71     5    67     1    69 0.95 -
d2gena1a.4.1.9       -             70 d2id6a1a.4.1.9.aln   -             74   7.4e-23   75.8   0.4   1   1   2.1e-24   7.8e-23   75.7   0.4     5    71     1    67     1    70 0.96 -
d1rkta1a.4.1.9       -             81 d2id6a1a.4.1.9.aln   -             74   1.3e-22   75.0   0.1   1   1   3.8e-24   1.4e-22   74.9   0.1     2    73     9    80     8    81 0.97 -
d2gfna1a.4.1.9       -             77 d2id6a1a.4.1.9.aln   -             74   2.1e-22   74.3   0.4   1   1     6e-24   2.3e-22   74.2   0.4     2    73     4    75     3    76 0.96 -
d1t56a1a.4.1.9       -             73 d2id6a1a.4.1.9.aln   -             74   5.6e-22   73.0   0.0   1   1   1.6e-23   5.9e-22   72.9   0.0     4    73     3    72     1    73 0.96 -
d2fd5a1a.4.1.9       -             76 d2id6a1a.4.1.9.aln   -             74   7.3e-22   72.6   0.1   1   1     2e-23   7.7e-22   72.5   0.1     1    70     4    73     4    76 0.96 -
d2id6a1a.4.1.9       -             75 d2id6a1a.4.1.9.aln   -             74   1.1e-21   72.0   0.3   1   1   3.5e-23   1.3e-21   71.8   0.3     5    69     4    68     3    73 0.94 -
d2oi8a1a.4.1.9       -             79 d2id6a1a.4.1.9.aln   -             74   1.8e-21   71.3   0.7   1   1   5.2e-23     2e-21   71.2   0.7     2    72     7    77     6    79 0.97 -
d2hyja1a.4.1.9       -             75 d2id6a1a.4.1.9.aln   -             74   2.4e-21   70.9   0.1   1   1   6.8e-23   2.6e-21   70.8   0.1     2    70     3    71     2    75 0.95 -
d1sgma1a.4.1.9       -             73 d2id6a1a.4.1.9.aln   -             74     3e-21   70.6   0.0   1   1   8.5e-23   3.2e-21   70.5   0.0     4    73     2    72     1    73 0.97 -
d2g7sa1a.4.1.9       -             74 d2id6a1a.4.1.9.aln   -             74   5.1e-21   69.9   0.0   1   1   1.4e-22   5.3e-21   69.8   0.0     2    72     2    72     1    74 0.95 -
d2np5a1a.4.1.9       -             69 d2id6a1a.4.1.9.aln   -             74   7.1e-21   69.4   0.2   1   1     2e-22   7.5e-21   69.4   0.2     6    70     3    67     1    69 0.95 -
d2np3a1a.4.1.9       -             65 d2id6a1a.4.1.9.aln   -             74   1.3e-20   68.6   0.2   1   1   3.7e-22   1.4e-20   68.5   0.2     9    69     1    61     1    65 0.93 -
d1t33a1a.4.1.9       -             88 d2id6a1a.4.1.9.aln   -             74   1.4e-20   68.4   1.3   1   1   4.4e-22   1.7e-20   68.2   1.3     2    73    10    80     9    81 0.96 -
d2iu5a1a.4.1.9       -             71 d2id6a1a.4.1.9.aln   -             74   2.9e-19   64.3   0.1   1   1   7.9e-21     3e-19   64.2   0.1     3    66     4    68     2    71 0.93 -
d1zk8a1a.4.1.9       -             72 d2id6a1a.4.1.9.aln   -             74   3.2e-18   60.9   0.1   1   1   8.9e-20   3.3e-18   60.9   0.1     4    72     3    71     1    72 0.97 -
d2id3a1a.4.1.9       -             68 d2id6a1a.4.1.9.aln   -             74   1.9e-16   55.2   0.1   1   1   5.3e-18     2e-16   55.2   0.1     3    65     5    67     3    68 0.94 -
d2o7ta1a.4.1.9       -             78 d2id6a1a.4.1.9.aln   -             74   2.8e-16   54.7   0.0   1   1     8e-18     3e-16   54.6   0.0     3    72     5    76     3    78 0.88 -
d2g7ga1a.4.1.9       -             65 d2id6a1a.4.1.9.aln   -             74   4.7e-16   54.0   0.1   1   1   1.3e-17     5e-16   53.9   0.1     5    69     2    64     1    65 0.96 -
#
# Program:         hmmsearch
# Version:         3.3.2 (Nov 2020)
# Pipeline mode:   SEARCH
# Query file:      /home/elise/Documents/M1-BIM/S2/TMEs/SBAS/tme08/models/d2id6a1a.4.1.9.aln.hmm
# Target file:     /home/elise/Documents/M1-BIM/S2/TMEs/SBAS/tme08/scop/scop/scopTestSeq.fasta
# Option settings: hmmsearch --domtblout /home/elise/Documents/M1-BIM/S2/TMEs/SBAS/tme08/searchResults/d2id6a1a.4.1.9.aln.out -E 1 /home/elise/Documents/M1-BIM/S2/TMEs/SBAS/tme08/models/d2id6a1a.4.1.9.aln.hmm /home/elise/Documents/M1-BIM/S2/TMEs/SBAS/tme08/scop/scop/scopTestSeq.fasta 
# Current dir:     /home/elise/Documents/M1-BIM/S2/TMEs/SBAS/tme08
# Date:            Tue Apr  1 17:31:00 2025
# [ok]
