#                                                                            --- full sequence --- -------------- this domain -------------   hmm coord   ali coord   env coord
# target name        accession   tlen query name           accession   qlen   E-value  score  bias   #  of  c-Evalue  i-Evalue  score  bias  from    to  from    to  from    to  acc description of target
#------------------- ---------- ----- -------------------- ---------- ----- --------- ------ ----- --- --- --------- --------- ------ ----- ----- ----- ----- ----- ----- ----- ---- ---------------------
d2nyca1d.37.1.1      -            140 d2j9la1d.37.1.1.aln  -            136   2.2e-39  129.9   0.4   1   1   5.5e-41   2.4e-39  129.8   0.4     4   130    11   137     8   140 0.98 -
d1pvma4d.37.1.1      -            142 d2j9la1d.37.1.1.aln  -            136   2.2e-35  117.0   0.7   1   1   5.6e-37   2.5e-35  116.9   0.7     2   135     3   130     2   131 0.98 -
d2yzqa2d.37.1.1      -            122 d2j9la1d.37.1.1.aln  -            136   2.9e-32  106.9   2.4   1   1   7.8e-34   3.4e-32  106.7   2.4     2   135     1   121     1   122 0.96 -
d1y5ha3d.37.1.1      -            123 d2j9la1d.37.1.1.aln  -            136   2.5e-31  103.9   0.1   1   1   6.2e-33   2.7e-31  103.8   0.1     4   130     3   122     1   123 0.96 -
d3ddja2d.37.1.1      -            135 d2j9la1d.37.1.1.aln  -            136   1.1e-30  101.8   0.1   1   1   2.8e-32   1.2e-30  101.6   0.1     2   134     1   134     1   135 0.98 -
d3ddja1d.37.1.1      -            141 d2j9la1d.37.1.1.aln  -            136   5.9e-30   99.4   7.2   1   1   1.5e-31   6.5e-30   99.3   7.2     3   134     3   133     1   135 0.97 -
d1o50a3d.37.1.1      -            145 d2j9la1d.37.1.1.aln  -            136   3.6e-29   96.9   2.2   1   1   9.1e-31     4e-29   96.8   2.2     2   135     4   144     3   145 0.98 -
d1vr9a3d.37.1.1      -            121 d2j9la1d.37.1.1.aln  -            136   5.1e-29   96.4   0.1   1   1   1.3e-30   5.6e-29   96.3   0.1    16   134     2   120     1   121 0.98 -
d2yzqa1d.37.1.1      -            156 d2j9la1d.37.1.1.aln  -            136   1.7e-28   94.8   0.1   1   1   2.5e-29   1.1e-27   92.1   0.1     2   134     4   150     3   152 0.98 -
d1zfja4d.37.1.1      -            126 d2j9la1d.37.1.1.aln  -            136   9.7e-28   92.3   0.3   1   1   2.4e-29   1.1e-27   92.1   0.3     7   133     2   119     1   122 0.90 -
d2ouxa2d.37.1.1      -            127 d2j9la1d.37.1.1.aln  -            136   1.7e-27   91.5   7.0   1   1   4.2e-29   1.8e-27   91.4   7.0    13   134     4   125     1   127 0.97 -
d2rc3a1d.37.1.1      -            127 d2j9la1d.37.1.1.aln  -            136   1.2e-26   88.7   2.6   1   1   3.2e-28   1.4e-26   88.5   2.6     1   131     1   126     1   127 0.95 -
d2v8qe2d.37.1.1      -            159 d2j9la1d.37.1.1.aln  -            136   2.1e-26   87.9   0.0   1   1   6.3e-27   2.8e-25   84.3   0.0     2   135    15   158    14   159 0.96 -
d2yzia1d.37.1.1      -            132 d2j9la1d.37.1.1.aln  -            136   1.4e-25   85.3   1.4   1   1   7.1e-27   3.1e-25   84.2   1.4     2   135     2   130     1   131 0.92 -
d1pbja3d.37.1.1      -            120 d2j9la1d.37.1.1.aln  -            136   7.1e-25   83.0   7.5   1   1   1.7e-26   7.6e-25   82.9   7.5     9   130     3   119     1   120 0.96 -
d2riha_d.37.1.1      -            131 d2j9la1d.37.1.1.aln  -            136     1e-24   82.5   0.7   1   1   3.2e-26   1.4e-24   82.0   0.7     3   135     2   127     1   128 0.82 -
d2d4za3d.37.1.1      -            161 d2j9la1d.37.1.1.aln  -            136   3.3e-21   71.1   0.0   1   1   8.9e-23   3.9e-21   70.9   0.0     2   134    11   154    10   156 0.97 -
d2j9la1d.37.1.1      -            169 d2j9la1d.37.1.1.aln  -            136   3.9e-08   28.8   1.3   1   1   6.6e-08   2.9e-06   22.7   1.3    18   132    25   157    19   161 0.85 -
#
# Program:         hmmsearch
# Version:         3.3.2 (Nov 2020)
# Pipeline mode:   SEARCH
# Query file:      /home/elise/Documents/M1-BIM/S2/TMEs/SBAS/tme08/models/d2j9la1d.37.1.1.aln.hmm
# Target file:     /home/elise/Documents/M1-BIM/S2/TMEs/SBAS/tme08/scop/scop/scopTestSeq.fasta
# Option settings: hmmsearch --domtblout /home/elise/Documents/M1-BIM/S2/TMEs/SBAS/tme08/searchResults/d2j9la1d.37.1.1.aln.out -E 1 /home/elise/Documents/M1-BIM/S2/TMEs/SBAS/tme08/models/d2j9la1d.37.1.1.aln.hmm /home/elise/Documents/M1-BIM/S2/TMEs/SBAS/tme08/scop/scop/scopTestSeq.fasta 
# Current dir:     /home/elise/Documents/M1-BIM/S2/TMEs/SBAS/tme08
# Date:            Tue Apr  1 17:31:00 2025
# [ok]
