#                                                                            --- full sequence --- -------------- this domain -------------   hmm coord   ali coord   env coord
# target name        accession   tlen query name           accession   qlen   E-value  score  bias   #  of  c-Evalue  i-Evalue  score  bias  from    to  from    to  from    to  acc description of target
#------------------- ---------- ----- -------------------- ---------- ----- --------- ------ ----- --- --- --------- --------- ------ ----- ----- ----- ----- ----- ----- ----- ---- ---------------------
d2jhfa2c.2.1.1       -            176 d2jhfa2c.2.1.1.aln   -            177   4.2e-57  188.1   1.6   1   1   8.9e-59   4.7e-57  187.9   1.6     2   177     2   176     1   176 0.99 -
d1vj0a2c.2.1.1       -            182 d2jhfa2c.2.1.1.aln   -            177   1.2e-46  154.0   0.0   1   1   2.5e-48   1.3e-46  153.9   0.0     3   175     3   175     1   177 0.96 -
d1jqba2c.2.1.1       -            174 d2jhfa2c.2.1.1.aln   -            177   1.4e-46  153.8   4.7   1   1   2.8e-48   1.5e-46  153.7   4.7     2   174     2   170     1   173 0.97 -
d1h2ba2c.2.1.1       -            172 d2jhfa2c.2.1.1.aln   -            177   8.9e-44  144.7   1.9   1   1   1.9e-45   9.8e-44  144.5   1.9     2   173     5   171     4   172 0.96 -
d1qora2c.2.1.1       -            179 d2jhfa2c.2.1.1.aln   -            177   1.4e-42  140.8   0.1   1   1   3.2e-44   1.7e-42  140.5   0.1     2   173     2   175     1   178 0.97 -
d1pl8a2c.2.1.1       -            171 d2jhfa2c.2.1.1.aln   -            177   1.7e-42  140.5   5.5   1   1   3.5e-44   1.9e-42  140.4   5.5     4   174     3   169     1   171 0.95 -
d1o89a2c.2.1.1       -            177 d2jhfa2c.2.1.1.aln   -            177   3.5e-42  139.5   1.1   1   1   7.4e-44   3.9e-42  139.3   1.1     2   174     6   171     5   174 0.96 -
d1yb5a2c.2.1.1       -            174 d2jhfa2c.2.1.1.aln   -            177   1.8e-41  137.2   2.1   1   1   3.7e-43     2e-41  137.0   2.1     2   175     2   171     1   173 0.96 -
d2dm6a2c.2.1.1       -            182 d2jhfa2c.2.1.1.aln   -            177   3.7e-41  136.1   0.2   1   1   7.8e-43   4.1e-41  136.0   0.2     2   177     4   178     3   178 0.94 -
d1piwa2c.2.1.1       -            168 d2jhfa2c.2.1.1.aln   -            177   5.8e-41  135.5   0.0   1   1   1.2e-42   6.4e-41  135.4   0.0     2   176     2   168     1   168 0.98 -
d1gu7a2c.2.1.1       -            189 d2jhfa2c.2.1.1.aln   -            177   1.9e-40  133.9   0.0   1   1   3.9e-42   2.1e-40  133.7   0.0     2   175     2   181     1   183 0.96 -
d1pqwa_c.2.1.1       -            183 d2jhfa2c.2.1.1.aln   -            177   3.7e-37  123.1   0.5   1   1   7.8e-39   4.1e-37  123.0   0.5     4   176     1   175     1   176 0.91 -
d1kola2c.2.1.1       -            195 d2jhfa2c.2.1.1.aln   -            177   1.8e-35  117.6   2.7   1   1   3.8e-37     2e-35  117.5   2.7     4   175     2   177     1   179 0.97 -
d1k0ia1c.3.1.2       -            293 d2jhfa2c.2.1.1.aln   -            177   0.00013   17.1   0.0   1   2    0.0003     0.016   10.3   0.0    30    58     3    31     1    39 0.90 -
d1k0ia1c.3.1.2       -            293 d2jhfa2c.2.1.1.aln   -            177   0.00013   17.1   0.0   2   2     0.015       0.8    4.8   0.0    50    92    91   136    88   215 0.77 -
d1c1da1c.2.1.7       -            201 d2jhfa2c.2.1.1.aln   -            177    0.0021   13.2   8.7   1   2   1.9e-05     0.001   14.2   5.0    29    76    27    73     6    83 0.88 -
d1c1da1c.2.1.7       -            201 d2jhfa2c.2.1.1.aln   -            177    0.0021   13.2   8.7   2   2      0.36        19    0.3   0.1   100   132   118   150    91   157 0.64 -
#
# Program:         hmmsearch
# Version:         3.3.2 (Nov 2020)
# Pipeline mode:   SEARCH
# Query file:      /home/elise/Documents/M1-BIM/S2/TMEs/SBAS/tme08/models/d2jhfa2c.2.1.1.aln.hmm
# Target file:     /home/elise/Documents/M1-BIM/S2/TMEs/SBAS/tme08/scop/scop/scopTestSeq.fasta
# Option settings: hmmsearch --domtblout /home/elise/Documents/M1-BIM/S2/TMEs/SBAS/tme08/searchResults/d2jhfa2c.2.1.1.aln.out -E 1 /home/elise/Documents/M1-BIM/S2/TMEs/SBAS/tme08/models/d2jhfa2c.2.1.1.aln.hmm /home/elise/Documents/M1-BIM/S2/TMEs/SBAS/tme08/scop/scop/scopTestSeq.fasta 
# Current dir:     /home/elise/Documents/M1-BIM/S2/TMEs/SBAS/tme08
# Date:            Tue Apr  1 17:31:00 2025
# [ok]
