#                                                                            --- full sequence --- -------------- this domain -------------   hmm coord   ali coord   env coord
# target name        accession   tlen query name           accession   qlen   E-value  score  bias   #  of  c-Evalue  i-Evalue  score  bias  from    to  from    to  from    to  acc description of target
#------------------- ---------- ----- -------------------- ---------- ----- --------- ------ ----- --- --- --------- --------- ------ ----- ----- ----- ----- ----- ----- ----- ---- ---------------------
d2il5a1d.129.3.5     -            164 d2k5ga1d.129.3.5.aln -            152   3.3e-52  172.0   4.1   1   1   4.8e-54   3.8e-52  171.9   4.1     1   152     3   155     3   155 0.99 -
d1xuva_d.129.3.5     -            163 d2k5ga1d.129.3.5.aln -            152   4.2e-51  168.5   0.2   1   1   5.9e-53   4.6e-51  168.3   0.2     2   151     9   159     8   160 0.98 -
d1xfsa_d.129.3.5     -            165 d2k5ga1d.129.3.5.aln -            152   2.4e-50  166.0   0.0   1   1   3.4e-52   2.7e-50  165.8   0.0     2   152     2   164     1   164 0.99 -
d1xn5a_d.129.3.5     -            138 d2k5ga1d.129.3.5.aln -            152   1.6e-48  160.0   2.6   1   1   2.3e-50   1.8e-48  159.9   2.6     2   149     2   138     1   138 0.98 -
d2nn5a1d.129.3.5     -            160 d2k5ga1d.129.3.5.aln -            152   1.5e-47  156.9   0.5   1   1   2.1e-49   1.7e-47  156.8   0.5     1   151     8   159     8   160 0.99 -
d3elia1d.129.3.5     -            143 d2k5ga1d.129.3.5.aln -            152   1.3e-46  153.9   0.0   1   1   1.8e-48   1.4e-46  153.8   0.0     6   147     2   142     1   143 0.98 -
d1z94a1d.129.3.5     -            143 d2k5ga1d.129.3.5.aln -            152   6.6e-45  148.3   0.0   1   1   9.1e-47   7.2e-45  148.2   0.0     5   149     2   142     1   143 0.98 -
d2l65a1d.129.3.5     -            155 d2k5ga1d.129.3.5.aln -            152   5.6e-44  145.3   1.2   1   1   7.9e-46   6.2e-44  145.2   1.2     2   152     1   153     1   153 0.99 -
d1x53a1d.129.3.5     -            132 d2k5ga1d.129.3.5.aln -            152   2.6e-37  123.7   0.4   1   1   3.6e-39   2.8e-37  123.6   0.4     3   152     2   132     1   132 0.98 -
d2k5ga1d.129.3.5     -            183 d2k5ga1d.129.3.5.aln -            152   0.00061   15.3   0.0   1   2   1.8e-05    0.0014   14.1   0.0     5    34    19    48    17    61 0.91 -
d2k5ga1d.129.3.5     -            183 d2k5ga1d.129.3.5.aln -            152   0.00061   15.3   0.0   2   2         2   1.6e+02   -2.3   0.0   129   147   142   160   114   163 0.56 -
#
# Program:         hmmsearch
# Version:         3.3.2 (Nov 2020)
# Pipeline mode:   SEARCH
# Query file:      /home/elise/Documents/M1-BIM/S2/TMEs/SBAS/tme08/models/d2k5ga1d.129.3.5.aln.hmm
# Target file:     /home/elise/Documents/M1-BIM/S2/TMEs/SBAS/tme08/scop/scop/scopTestSeq.fasta
# Option settings: hmmsearch --domtblout /home/elise/Documents/M1-BIM/S2/TMEs/SBAS/tme08/searchResults/d2k5ga1d.129.3.5.aln.out -E 1 /home/elise/Documents/M1-BIM/S2/TMEs/SBAS/tme08/models/d2k5ga1d.129.3.5.aln.hmm /home/elise/Documents/M1-BIM/S2/TMEs/SBAS/tme08/scop/scop/scopTestSeq.fasta 
# Current dir:     /home/elise/Documents/M1-BIM/S2/TMEs/SBAS/tme08
# Date:            Tue Apr  1 17:31:01 2025
# [ok]
