#                                                                            --- full sequence --- -------------- this domain -------------   hmm coord   ali coord   env coord
# target name        accession   tlen query name           accession   qlen   E-value  score  bias   #  of  c-Evalue  i-Evalue  score  bias  from    to  from    to  from    to  acc description of target
#------------------- ---------- ----- -------------------- ---------- ----- --------- ------ ----- --- --- --------- --------- ------ ----- ----- ----- ----- ----- ----- ----- ---- ---------------------
d1xfsa_d.129.3.5     -            165 d2l65a1d.129.3.5.aln -            154   2.4e-52  172.6   0.1   1   1   3.4e-54   2.7e-52  172.5   0.1     4   153     2   163     1   164 0.98 -
d2il5a1d.129.3.5     -            164 d2l65a1d.129.3.5.aln -            154   2.4e-52  172.6   2.8   1   1   3.4e-54   2.7e-52  172.4   2.8     1   153     1   162     1   163 0.99 -
d1xuva_d.129.3.5     -            163 d2l65a1d.129.3.5.aln -            154   4.6e-51  168.5   0.1   1   1   6.4e-53   5.1e-51  168.3   0.1     2   154     7   160     6   160 0.98 -
d3elia1d.129.3.5     -            143 d2l65a1d.129.3.5.aln -            154   2.4e-50  166.1   0.1   1   1   3.3e-52   2.6e-50  166.0   0.1     8   150     2   143     1   143 0.99 -
d2nn5a1d.129.3.5     -            160 d2l65a1d.129.3.5.aln -            154   6.8e-47  154.9   0.3   1   1   9.6e-49   7.6e-47  154.8   0.3     2   153     7   159     6   160 0.98 -
d1z94a1d.129.3.5     -            143 d2l65a1d.129.3.5.aln -            154   4.9e-44  145.6   0.0   1   1   6.9e-46   5.4e-44  145.5   0.0     7   151     2   142     1   143 0.97 -
d1xn5a_d.129.3.5     -            138 d2l65a1d.129.3.5.aln -            154   8.8e-44  144.8   2.0   1   1   1.2e-45   9.8e-44  144.6   2.0     4   151     2   138     1   138 0.98 -
d2k5ga1d.129.3.5     -            183 d2l65a1d.129.3.5.aln -            154   1.8e-41  137.3   0.0   1   1   2.7e-43   2.1e-41  137.1   0.0     2   153    14   164    13   165 0.98 -
d1x53a1d.129.3.5     -            132 d2l65a1d.129.3.5.aln -            154   1.6e-38  127.7   0.3   1   1   2.2e-40   1.8e-38  127.6   0.3     5   152     2   130     1   132 0.98 -
d2l65a1d.129.3.5     -            155 d2l65a1d.129.3.5.aln -            154   6.5e-06   21.8   0.5   1   1   1.2e-07   9.5e-06   21.3   0.5    32   152    27   151    20   153 0.71 -
#
# Program:         hmmsearch
# Version:         3.3.2 (Nov 2020)
# Pipeline mode:   SEARCH
# Query file:      /home/elise/Documents/M1-BIM/S2/TMEs/SBAS/tme08/models/d2l65a1d.129.3.5.aln.hmm
# Target file:     /home/elise/Documents/M1-BIM/S2/TMEs/SBAS/tme08/scop/scop/scopTestSeq.fasta
# Option settings: hmmsearch --domtblout /home/elise/Documents/M1-BIM/S2/TMEs/SBAS/tme08/searchResults/d2l65a1d.129.3.5.aln.out -E 1 /home/elise/Documents/M1-BIM/S2/TMEs/SBAS/tme08/models/d2l65a1d.129.3.5.aln.hmm /home/elise/Documents/M1-BIM/S2/TMEs/SBAS/tme08/scop/scop/scopTestSeq.fasta 
# Current dir:     /home/elise/Documents/M1-BIM/S2/TMEs/SBAS/tme08
# Date:            Tue Apr  1 17:31:01 2025
# [ok]
