#                                                                            --- full sequence --- -------------- this domain -------------   hmm coord   ali coord   env coord
# target name        accession   tlen query name           accession   qlen   E-value  score  bias   #  of  c-Evalue  i-Evalue  score  bias  from    to  from    to  from    to  acc description of target
#------------------- ---------- ----- -------------------- ---------- ----- --------- ------ ----- --- --- --------- --------- ------ ----- ----- ----- ----- ----- ----- ----- ---- ---------------------
d2uubq1b.40.4.5      -            100 d2nn6h1b.40.4.5.aln  -            106   7.1e-16   54.3   4.1   1   1   2.9e-17   7.8e-16   54.1   4.1     2   100     2   100     1   100 0.98 -
d1kl9a2b.40.4.5      -             86 d2nn6h1b.40.4.5.aln  -            106     2e-15   52.8   0.4   1   1     8e-17   2.2e-15   52.7   0.4     3    91     2    86     1    86 0.98 -
d2je6i1b.40.4.5      -             87 d2nn6h1b.40.4.5.aln  -            106   8.9e-15   50.8   0.5   1   1   3.5e-16   9.6e-15   50.6   0.5     8    96     1    86     1    87 0.97 -
d3bzka4b.40.4.5      -             94 d2nn6h1b.40.4.5.aln  -            106   1.4e-14   50.1   0.7   1   1   5.4e-16   1.5e-14   50.0   0.7     2    95     6    93     5    94 0.95 -
d1wi5a_b.40.4.5      -            119 d2nn6h1b.40.4.5.aln  -            106   4.4e-14   48.5   0.0   1   1   1.8e-15   4.9e-14   48.4   0.0     1   106     8   117     8   117 0.98 -
d1go3e1b.40.4.5      -            106 d2nn6h1b.40.4.5.aln  -            106   5.7e-14   48.2   0.9   1   1   2.4e-15   6.6e-14   48.0   0.9    12   106     1    99     1    99 0.98 -
d2uubl1b.40.4.5      -            118 d2nn6h1b.40.4.5.aln  -            106   1.8e-13   46.6   2.7   1   1   9.2e-15   2.5e-13   46.1   2.7     1   102    19   118    19   118 0.96 -
d1jt8a_b.40.4.5      -            102 d2nn6h1b.40.4.5.aln  -            106   8.7e-13   44.4   0.6   1   1   3.4e-14   9.2e-13   44.3   0.6    13   105     5   101     1   102 0.97 -
d1y14b1b.40.4.5      -             91 d2nn6h1b.40.4.5.aln  -            106   1.5e-12   43.6   0.0   1   1   6.1e-14   1.7e-12   43.5   0.0    12   105     1    90     1    91 0.88 -
d1d7qa_b.40.4.5      -            143 d2nn6h1b.40.4.5.aln  -            106   7.3e-12   41.4   0.4   1   1   4.2e-13   1.1e-11   40.8   0.4     1   106     4   113     4   113 0.98 -
d1c9oa_b.40.4.5      -             66 d2nn6h1b.40.4.5.aln  -            106   8.8e-11   38.0   0.1   1   1   3.3e-12     9e-11   37.9   0.1    15    82     3    64     1    66 0.93 -
d1luza_b.40.4.5      -             85 d2nn6h1b.40.4.5.aln  -            106   8.9e-11   38.0   0.5   1   1   3.7e-12     1e-10   37.8   0.5     8    95     2    84     1    85 0.93 -
d2vnud3b.40.4.5      -            148 d2nn6h1b.40.4.5.aln  -            106   1.5e-10   37.2   0.0   1   1   7.1e-12   1.9e-10   36.9   0.0     2   106    37   145    36   145 0.98 -
d2ja9a1b.40.4.5      -             90 d2nn6h1b.40.4.5.aln  -            106   2.7e-10   36.4   0.0   1   1   1.1e-11     3e-10   36.3   0.0     9   103     2    90     1    90 0.94 -
d2nn6i1b.40.4.5      -            125 d2nn6h1b.40.4.5.aln  -            106   2.2e-09   33.5   0.0   1   1   9.4e-11   2.6e-09   33.3   0.0     9   106     2   103     1   103 0.97 -
d2ix0a1b.40.4.5      -             90 d2nn6h1b.40.4.5.aln  -            106   2.8e-08   30.0   0.0   1   1   1.2e-09   3.1e-08   29.8   0.0    13    90     6    87     2    90 0.94 -
d1jjga_b.40.4.5      -            102 d2nn6h1b.40.4.5.aln  -            106   3.8e-08   29.5   0.4   1   1   1.5e-09   4.2e-08   29.4   0.4     2    97     2   101     1   102 0.97 -
d1wfqa_b.40.4.5      -             89 d2nn6h1b.40.4.5.aln  -            106   2.8e-07   26.7   0.0   1   1   1.1e-08     3e-07   26.7   0.0    11    98     3    89     1    89 0.95 -
d2vnud1b.40.4.5      -             95 d2nn6h1b.40.4.5.aln  -            106   4.6e-07   26.1   0.0   1   1   1.8e-08   4.9e-07   26.0   0.0     3    92     1    94     1    95 0.97 -
d1x6oa2b.40.4.5      -             79 d2nn6h1b.40.4.5.aln  -            106     4e-06   23.0   0.0   1   1   1.6e-07   4.2e-06   23.0   0.0    11    90     2    77     1    79 0.94 -
d1rl2a2b.40.4.5      -             66 d2nn6h1b.40.4.5.aln  -            106   5.1e-06   22.7   0.1   1   1   1.9e-07   5.2e-06   22.7   0.1    27    85     7    65     1    66 0.89 -
d3i4oa_b.40.4.5      -             68 d2nn6h1b.40.4.5.aln  -            106   1.5e-05   21.3   0.3   1   1   5.6e-07   1.5e-05   21.2   0.3    18    80     3    66     1    68 0.94 -
d1e3pa2b.40.4.5      -             62 d2nn6h1b.40.4.5.aln  -            106   2.1e-05   20.8   0.1   1   1   8.1e-07   2.2e-05   20.7   0.1    20    80     1    59     1    62 0.92 -
d1smxa_b.40.4.5      -             87 d2nn6h1b.40.4.5.aln  -            106   7.5e-05   19.0   0.0   1   1   2.8e-06   7.6e-05   19.0   0.0     4    81     2    80     1    87 0.90 -
d2ix0a2b.40.4.5      -             79 d2nn6h1b.40.4.5.aln  -            106    0.0003   17.1   0.0   1   1   1.2e-05   0.00034   16.9   0.0    18    75     9    69     2    78 0.86 -
d2asba1b.40.4.5      -             76 d2nn6h1b.40.4.5.aln  -            106   0.00048   16.4   0.1   1   1   1.9e-05   0.00051   16.3   0.1    12    81     2    68     1    75 0.92 -
d2ix0a3b.40.4.5      -             87 d2nn6h1b.40.4.5.aln  -            106   0.00086   15.6   0.2   1   1   3.5e-05   0.00095   15.5   0.2    18    90    10    86     3    87 0.92 -
d1hh2p1b.40.4.5      -             72 d2nn6h1b.40.4.5.aln  -            106   0.00098   15.4   0.6   1   1   3.9e-05    0.0011   15.3   0.6    14    74     3    63     1    70 0.93 -
d2vnud2b.40.4.5      -             88 d2nn6h1b.40.4.5.aln  -            106    0.0021   14.3   0.8   1   1   8.9e-05    0.0024   14.2   0.8     8    86     2    84     1    87 0.94 -
#
# Program:         hmmsearch
# Version:         3.3.2 (Nov 2020)
# Pipeline mode:   SEARCH
# Query file:      /home/elise/Documents/M1-BIM/S2/TMEs/SBAS/tme08/models/d2nn6h1b.40.4.5.aln.hmm
# Target file:     /home/elise/Documents/M1-BIM/S2/TMEs/SBAS/tme08/scop/scop/scopTestSeq.fasta
# Option settings: hmmsearch --domtblout /home/elise/Documents/M1-BIM/S2/TMEs/SBAS/tme08/searchResults/d2nn6h1b.40.4.5.aln.out -E 1 /home/elise/Documents/M1-BIM/S2/TMEs/SBAS/tme08/models/d2nn6h1b.40.4.5.aln.hmm /home/elise/Documents/M1-BIM/S2/TMEs/SBAS/tme08/scop/scop/scopTestSeq.fasta 
# Current dir:     /home/elise/Documents/M1-BIM/S2/TMEs/SBAS/tme08
# Date:            Tue Apr  1 17:31:01 2025
# [ok]
