#                                                                            --- full sequence --- -------------- this domain -------------   hmm coord   ali coord   env coord
# target name        accession   tlen query name           accession   qlen   E-value  score  bias   #  of  c-Evalue  i-Evalue  score  bias  from    to  from    to  from    to  acc description of target
#------------------- ---------- ----- -------------------- ---------- ----- --------- ------ ----- --- --- --------- --------- ------ ----- ----- ----- ----- ----- ----- ----- ---- ---------------------
d2id6a1a.4.1.9       -             75 d2np3a1a.4.1.9.aln   -             74   1.8e-26   87.4   0.4   1   1   4.9e-28   1.9e-26   87.4   0.4     4    73     3    72     1    73 0.97 -
d1vi0a1a.4.1.9       -             72 d2np3a1a.4.1.9.aln   -             74   3.5e-26   86.5   0.1   1   1   9.7e-28   3.7e-26   86.4   0.1     5    73     2    70     1    71 0.96 -
d1ui5a1a.4.1.9       -             71 d2np3a1a.4.1.9.aln   -             74   1.1e-23   78.5   1.4   1   1   2.9e-25   1.1e-23   78.5   1.4     2    67     3    68     2    71 0.92 -
d2i10a1a.4.1.9       -             69 d2np3a1a.4.1.9.aln   -             74   3.4e-23   76.9   0.0   1   1   9.3e-25   3.5e-23   76.9   0.0     8    71     4    67     1    69 0.95 -
d2gena1a.4.1.9       -             70 d2np3a1a.4.1.9.aln   -             74     8e-23   75.7   0.4   1   1   2.2e-24   8.4e-23   75.7   0.4     5    71     1    67     1    70 0.95 -
d1rkta1a.4.1.9       -             81 d2np3a1a.4.1.9.aln   -             74   1.1e-22   75.2   0.1   1   1   3.3e-24   1.3e-22   75.1   0.1     2    73     9    80     8    81 0.96 -
d1t56a1a.4.1.9       -             73 d2np3a1a.4.1.9.aln   -             74   9.1e-22   72.3   0.0   1   1   2.5e-23   9.6e-22   72.3   0.0     4    73     3    72     1    73 0.96 -
d2fd5a1a.4.1.9       -             76 d2np3a1a.4.1.9.aln   -             74   1.3e-21   71.8   0.1   1   1   4.1e-23   1.5e-21   71.6   0.1     1    69     4    72     4    75 0.96 -
d2gfna1a.4.1.9       -             77 d2np3a1a.4.1.9.aln   -             74   1.5e-21   71.6   0.4   1   1   4.3e-23   1.6e-21   71.5   0.4     2    72     4    74     3    76 0.96 -
d2oi8a1a.4.1.9       -             79 d2np3a1a.4.1.9.aln   -             74   2.5e-21   70.9   0.6   1   1   7.1e-23   2.7e-21   70.8   0.6     2    72     7    77     6    79 0.97 -
d1t33a1a.4.1.9       -             88 d2np3a1a.4.1.9.aln   -             74   4.6e-21   70.1   1.1   1   1   1.4e-22   5.3e-21   69.9   1.1     2    73    10    80     9    81 0.94 -
d2np5a1a.4.1.9       -             69 d2np3a1a.4.1.9.aln   -             74   6.1e-21   69.7   0.2   1   1   1.7e-22   6.3e-21   69.6   0.2     6    70     3    67     1    69 0.95 -
d2g7sa1a.4.1.9       -             74 d2np3a1a.4.1.9.aln   -             74   8.2e-21   69.3   0.0   1   1   2.3e-22   8.6e-21   69.2   0.0     2    72     2    72     1    74 0.95 -
d2hyja1a.4.1.9       -             75 d2np3a1a.4.1.9.aln   -             74   1.1e-20   68.9   0.1   1   1     3e-22   1.1e-20   68.8   0.1     2    70     3    71     2    75 0.95 -
d1sgma1a.4.1.9       -             73 d2np3a1a.4.1.9.aln   -             74   3.4e-20   67.3   0.0   1   1   9.6e-22   3.6e-20   67.2   0.0     4    73     2    71     1    72 0.96 -
d2iu5a1a.4.1.9       -             71 d2np3a1a.4.1.9.aln   -             74   1.4e-19   65.4   0.1   1   1   3.7e-21   1.4e-19   65.3   0.1     3    67     4    69     2    71 0.94 -
d1zk8a1a.4.1.9       -             72 d2np3a1a.4.1.9.aln   -             74   1.3e-18   62.2   0.1   1   1   3.8e-20   1.4e-18   62.1   0.1     4    73     3    72     1    72 0.97 -
d2o7ta1a.4.1.9       -             78 d2np3a1a.4.1.9.aln   -             74   1.5e-18   62.0   0.0   1   1   4.2e-20   1.6e-18   61.9   0.0     4    71     6    74     3    77 0.85 -
d2np3a1a.4.1.9       -             65 d2np3a1a.4.1.9.aln   -             74   1.1e-16   56.0   0.2   1   1   3.7e-18   1.4e-16   55.7   0.2     9    57     1    49     1    64 0.93 -
d2g7ga1a.4.1.9       -             65 d2np3a1a.4.1.9.aln   -             74   2.4e-16   55.0   0.1   1   1   6.8e-18   2.5e-16   54.9   0.1     5    69     2    64     1    65 0.96 -
d2id3a1a.4.1.9       -             68 d2np3a1a.4.1.9.aln   -             74   4.4e-16   54.1   0.1   1   1   1.2e-17   4.6e-16   54.1   0.1     3    65     5    67     3    68 0.94 -
#
# Program:         hmmsearch
# Version:         3.3.2 (Nov 2020)
# Pipeline mode:   SEARCH
# Query file:      /home/elise/Documents/M1-BIM/S2/TMEs/SBAS/tme08/models/d2np3a1a.4.1.9.aln.hmm
# Target file:     /home/elise/Documents/M1-BIM/S2/TMEs/SBAS/tme08/scop/scop/scopTestSeq.fasta
# Option settings: hmmsearch --domtblout /home/elise/Documents/M1-BIM/S2/TMEs/SBAS/tme08/searchResults/d2np3a1a.4.1.9.aln.out -E 1 /home/elise/Documents/M1-BIM/S2/TMEs/SBAS/tme08/models/d2np3a1a.4.1.9.aln.hmm /home/elise/Documents/M1-BIM/S2/TMEs/SBAS/tme08/scop/scop/scopTestSeq.fasta 
# Current dir:     /home/elise/Documents/M1-BIM/S2/TMEs/SBAS/tme08
# Date:            Tue Apr  1 17:31:01 2025
# [ok]
