#                                                                            --- full sequence --- -------------- this domain -------------   hmm coord   ali coord   env coord
# target name        accession   tlen query name           accession   qlen   E-value  score  bias   #  of  c-Evalue  i-Evalue  score  bias  from    to  from    to  from    to  acc description of target
#------------------- ---------- ----- -------------------- ---------- ----- --------- ------ ----- --- --- --------- --------- ------ ----- ----- ----- ----- ----- ----- ----- ---- ---------------------
d1t33a2a.121.1.1     -            132 d2oi8a2a.121.1.1.aln -            118   5.2e-18   60.9   0.1   1   1   2.2e-19   5.9e-18   60.7   0.1     3   117     7   121     5   122 0.98 -
d2d6ya2a.121.1.1     -            118 d2oi8a2a.121.1.1.aln -            118   5.4e-18   60.8   0.8   1   1   2.2e-19   5.9e-18   60.7   0.8     1   116     1   117     1   118 0.98 -
d2hyja2a.121.1.1     -            118 d2oi8a2a.121.1.1.aln -            118   6.3e-18   60.6   3.6   1   1   2.5e-19   6.8e-18   60.5   3.6     4   117     4   117     1   118 0.98 -
d1z0xa2a.121.1.1     -            149 d2oi8a2a.121.1.1.aln -            118   7.5e-18   60.4   0.0   1   1   3.6e-19   9.9e-18   60.0   0.0     2   117     2   131     1   132 0.98 -
d1t56a2a.121.1.1     -            120 d2oi8a2a.121.1.1.aln -            118   1.6e-17   59.3   1.8   1   1   6.3e-19   1.7e-17   59.2   1.8     2   116     2   117     1   119 0.97 -
d2id3a2a.121.1.1     -            123 d2oi8a2a.121.1.1.aln -            118     4e-17   58.0   5.7   1   1   1.6e-18   4.3e-17   57.9   5.7     2   117     5   121     4   122 0.98 -
d1ui5a2a.121.1.1     -            133 d2oi8a2a.121.1.1.aln -            118   5.1e-17   57.7   0.3   1   1   2.3e-18   6.2e-17   57.4   0.3     7   117     9   120     5   121 0.97 -
d2gena2a.121.1.1     -            118 d2oi8a2a.121.1.1.aln -            118   1.1e-16   56.6   5.1   1   1   4.4e-18   1.2e-16   56.5   5.1     2   117     2   117     1   118 0.98 -
d2fx0a2a.121.1.1     -            122 d2oi8a2a.121.1.1.aln -            118   1.7e-16   56.1   0.0   1   1   6.7e-18   1.8e-16   55.9   0.0     2   117     5   121     4   122 0.98 -
d2id6a2a.121.1.1     -            125 d2oi8a2a.121.1.1.aln -            118   2.4e-16   55.6   0.0   1   1     1e-17   2.8e-16   55.3   0.0     2   113     5   118     4   122 0.98 -
d2i10a2a.121.1.1     -            116 d2oi8a2a.121.1.1.aln -            118   3.3e-16   55.1   1.4   1   1   1.4e-17   3.7e-16   54.9   1.4     2   110     2   113     1   116 0.89 -
d1vi0a2a.121.1.1     -            117 d2oi8a2a.121.1.1.aln -            118   7.6e-16   53.9   0.0   1   1     3e-17   8.3e-16   53.8   0.0     2   117     1   116     1   117 0.98 -
d2np5a2a.121.1.1     -            118 d2oi8a2a.121.1.1.aln -            118   1.5e-15   53.0   2.5   1   1     6e-17   1.6e-15   52.9   2.5     1   115     2   115     2   118 0.97 -
d2g7la2a.121.1.1     -            144 d2oi8a2a.121.1.1.aln -            118   1.7e-15   52.8   6.9   1   1   7.2e-17   1.9e-15   52.6   6.9     1   117     1   122     1   123 0.97 -
d2g7sa2a.121.1.1     -            116 d2oi8a2a.121.1.1.aln -            118   4.7e-15   51.4   1.1   1   1   1.9e-16   5.1e-15   51.3   1.1     1   115     1   115     1   116 0.98 -
d2g7ga2a.121.1.1     -            132 d2oi8a2a.121.1.1.aln -            118     1e-14   50.3   5.2   1   1   4.7e-16   1.3e-14   50.0   4.8     2   105     2   105     1   116 0.95 -
d2fbqa2a.121.1.1     -            134 d2oi8a2a.121.1.1.aln -            118   1.7e-14   49.7   0.1   1   1   6.8e-16   1.9e-14   49.5   0.1     3   118     6   126     4   126 0.97 -
d2iu5a2a.121.1.1     -            109 d2oi8a2a.121.1.1.aln -            118   8.5e-14   47.4   0.0   1   1   3.4e-15   9.1e-14   47.3   0.0     7   114     1   107     1   109 0.97 -
d2g3ba2a.121.1.1     -            116 d2oi8a2a.121.1.1.aln -            118   1.1e-13   47.0   1.3   1   1   4.2e-15   1.2e-13   47.0   1.3     7   117     5   115     1   116 0.95 -
d2hkua2a.121.1.1     -            121 d2oi8a2a.121.1.1.aln -            118   1.2e-13   46.9   0.1   1   1   4.8e-15   1.3e-13   46.8   0.1     6   116     5   118     1   120 0.95 -
d2gfna2a.121.1.1     -            119 d2oi8a2a.121.1.1.aln -            118   2.2e-13   46.0   5.8   1   1   8.8e-15   2.4e-13   45.9   5.8     3   117     3   117     1   118 0.97 -
d2fd5a2a.121.1.1     -            104 d2oi8a2a.121.1.1.aln -            118   4.1e-13   45.2   1.6   1   1   1.7e-14   4.7e-13   45.0   1.6    10   104     7   101     1   103 0.95 -
d2fq4a2a.121.1.1     -            115 d2oi8a2a.121.1.1.aln -            118   5.9e-13   44.7   0.0   1   1   2.3e-14   6.4e-13   44.6   0.0     2   116     2   113     1   115 0.97 -
d1zk8a2a.121.1.1     -            105 d2oi8a2a.121.1.1.aln -            118   6.8e-13   44.5   0.0   1   1   2.7e-14   7.3e-13   44.4   0.0     3   103     3   104     1   105 0.96 -
d2np3a2a.121.1.1     -            112 d2oi8a2a.121.1.1.aln -            118   1.3e-12   43.6   5.2   1   1     5e-14   1.4e-12   43.5   5.2    10   118     4   112     1   112 0.97 -
d1rkta2a.121.1.1     -            123 d2oi8a2a.121.1.1.aln -            118     2e-12   43.0   0.0   1   1   8.5e-14   2.3e-12   42.8   0.0     7   117     2   108     1   109 0.97 -
d1sgma2a.121.1.1     -            111 d2oi8a2a.121.1.1.aln -            118   6.5e-12   41.4   0.0   1   1   2.6e-13   7.1e-12   41.2   0.0     1   112     1   111     1   111 0.98 -
d3c07a2a.121.1.1     -            146 d2oi8a2a.121.1.1.aln -            118   9.1e-12   40.9   0.4   1   1   4.7e-13   1.3e-11   40.4   0.4     2    97     1   111     1   132 0.85 -
d2o7ta2a.121.1.1     -            110 d2oi8a2a.121.1.1.aln -            118   6.2e-09   31.8   0.0   1   1   2.5e-10   6.7e-09   31.7   0.0    12   118     4   108     1   108 0.97 -
#
# Program:         hmmsearch
# Version:         3.3.2 (Nov 2020)
# Pipeline mode:   SEARCH
# Query file:      /home/elise/Documents/M1-BIM/S2/TMEs/SBAS/tme08/models/d2oi8a2a.121.1.1.aln.hmm
# Target file:     /home/elise/Documents/M1-BIM/S2/TMEs/SBAS/tme08/scop/scop/scopTestSeq.fasta
# Option settings: hmmsearch --domtblout /home/elise/Documents/M1-BIM/S2/TMEs/SBAS/tme08/searchResults/d2oi8a2a.121.1.1.aln.out -E 1 /home/elise/Documents/M1-BIM/S2/TMEs/SBAS/tme08/models/d2oi8a2a.121.1.1.aln.hmm /home/elise/Documents/M1-BIM/S2/TMEs/SBAS/tme08/scop/scop/scopTestSeq.fasta 
# Current dir:     /home/elise/Documents/M1-BIM/S2/TMEs/SBAS/tme08
# Date:            Tue Apr  1 17:31:01 2025
# [ok]
