#                                                                            --- full sequence --- -------------- this domain -------------   hmm coord   ali coord   env coord
# target name        accession   tlen query name           accession   qlen   E-value  score  bias   #  of  c-Evalue  i-Evalue  score  bias  from    to  from    to  from    to  acc description of target
#------------------- ---------- ----- -------------------- ---------- ----- --------- ------ ----- --- --- --------- --------- ------ ----- ----- ----- ----- ----- ----- ----- ---- ---------------------
d2id6a1a.4.1.9       -             75 d2oi8a1a.4.1.9.aln   -             74   1.1e-26   88.0   0.4   1   1   3.2e-28   1.2e-26   88.0   0.4     4    73     3    72     1    73 0.96 -
d1vi0a1a.4.1.9       -             72 d2oi8a1a.4.1.9.aln   -             74   6.9e-26   85.5   0.1   1   1   1.9e-27   7.3e-26   85.5   0.1     5    72     2    69     1    71 0.96 -
d1ui5a1a.4.1.9       -             71 d2oi8a1a.4.1.9.aln   -             74   6.9e-24   79.1   1.4   1   1   1.9e-25   7.2e-24   79.1   1.4     2    67     3    68     2    71 0.91 -
d2i10a1a.4.1.9       -             69 d2oi8a1a.4.1.9.aln   -             74   2.8e-23   77.2   0.0   1   1   7.7e-25   2.9e-23   77.1   0.0     8    71     4    67     1    69 0.95 -
d2gena1a.4.1.9       -             70 d2oi8a1a.4.1.9.aln   -             74   5.9e-23   76.1   0.4   1   1   1.7e-24   6.2e-23   76.1   0.4     5    70     1    66     1    70 0.96 -
d1rkta1a.4.1.9       -             81 d2oi8a1a.4.1.9.aln   -             74   1.2e-22   75.2   0.1   1   1   3.5e-24   1.3e-22   75.0   0.1     2    73     9    80     8    81 0.97 -
d1t56a1a.4.1.9       -             73 d2oi8a1a.4.1.9.aln   -             74   4.7e-22   73.3   0.0   1   1   1.3e-23   4.9e-22   73.2   0.0     4    73     3    72     1    73 0.96 -
d2fd5a1a.4.1.9       -             76 d2oi8a1a.4.1.9.aln   -             74   1.2e-21   72.0   0.1   1   1   3.3e-23   1.2e-21   71.9   0.1     1    70     4    73     4    76 0.96 -
d2gfna1a.4.1.9       -             77 d2oi8a1a.4.1.9.aln   -             74   1.9e-21   71.3   0.3   1   1   5.4e-23     2e-21   71.2   0.3     2    73     4    75     3    76 0.96 -
d1sgma1a.4.1.9       -             73 d2oi8a1a.4.1.9.aln   -             74   2.6e-21   70.9   0.0   1   1   7.3e-23   2.8e-21   70.8   0.0     4    73     2    72     1    73 0.97 -
d2hyja1a.4.1.9       -             75 d2oi8a1a.4.1.9.aln   -             74   3.2e-21   70.6   0.1   1   1     9e-23   3.4e-21   70.5   0.1     2    70     3    71     2    75 0.95 -
d2g7sa1a.4.1.9       -             74 d2oi8a1a.4.1.9.aln   -             74   4.5e-21   70.1   0.0   1   1   1.2e-22   4.7e-21   70.1   0.0     2    72     2    72     1    74 0.95 -
d2np5a1a.4.1.9       -             69 d2oi8a1a.4.1.9.aln   -             74   7.9e-21   69.3   0.2   1   1   2.2e-22   8.2e-21   69.3   0.2     6    70     3    67     1    69 0.95 -
d2np3a1a.4.1.9       -             65 d2oi8a1a.4.1.9.aln   -             74   9.5e-21   69.1   0.2   1   1     3e-22   1.1e-20   68.8   0.2     9    65     1    57     1    64 0.92 -
d1t33a1a.4.1.9       -             88 d2oi8a1a.4.1.9.aln   -             74     1e-20   69.0   1.2   1   1   3.1e-22   1.2e-20   68.8   1.2     2    73    10    80     9    81 0.96 -
d2iu5a1a.4.1.9       -             71 d2oi8a1a.4.1.9.aln   -             74   1.8e-19   65.0   0.1   1   1     5e-21   1.9e-19   64.9   0.1     3    67     4    69     2    71 0.93 -
d1zk8a1a.4.1.9       -             72 d2oi8a1a.4.1.9.aln   -             74   3.1e-18   61.0   0.1   1   1   8.6e-20   3.2e-18   61.0   0.1     4    72     3    71     1    72 0.97 -
d2id3a1a.4.1.9       -             68 d2oi8a1a.4.1.9.aln   -             74   2.4e-16   55.0   0.0   1   1   6.7e-18   2.5e-16   54.9   0.0     3    65     5    67     3    68 0.94 -
d2o7ta1a.4.1.9       -             78 d2oi8a1a.4.1.9.aln   -             74   2.7e-16   54.8   0.0   1   1   7.6e-18   2.8e-16   54.7   0.0     3    72     5    76     3    78 0.90 -
d2g7ga1a.4.1.9       -             65 d2oi8a1a.4.1.9.aln   -             74     5e-16   53.9   0.0   1   1   1.4e-17   5.3e-16   53.9   0.0     5    69     2    64     1    65 0.95 -
d2oi8a1a.4.1.9       -             79 d2oi8a1a.4.1.9.aln   -             74   5.9e-11   37.7   0.4   1   1   1.9e-12   7.1e-11   37.4   0.4     4    71     9    76     7    78 0.92 -
#
# Program:         hmmsearch
# Version:         3.3.2 (Nov 2020)
# Pipeline mode:   SEARCH
# Query file:      /home/elise/Documents/M1-BIM/S2/TMEs/SBAS/tme08/models/d2oi8a1a.4.1.9.aln.hmm
# Target file:     /home/elise/Documents/M1-BIM/S2/TMEs/SBAS/tme08/scop/scop/scopTestSeq.fasta
# Option settings: hmmsearch --domtblout /home/elise/Documents/M1-BIM/S2/TMEs/SBAS/tme08/searchResults/d2oi8a1a.4.1.9.aln.out -E 1 /home/elise/Documents/M1-BIM/S2/TMEs/SBAS/tme08/models/d2oi8a1a.4.1.9.aln.hmm /home/elise/Documents/M1-BIM/S2/TMEs/SBAS/tme08/scop/scop/scopTestSeq.fasta 
# Current dir:     /home/elise/Documents/M1-BIM/S2/TMEs/SBAS/tme08
# Date:            Tue Apr  1 17:31:01 2025
# [ok]
