#                                                                            --- full sequence --- -------------- this domain -------------   hmm coord   ali coord   env coord
# target name        accession   tlen query name           accession   qlen   E-value  score  bias   #  of  c-Evalue  i-Evalue  score  bias  from    to  from    to  from    to  acc description of target
#------------------- ---------- ----- -------------------- ---------- ----- --------- ------ ----- --- --- --------- --------- ------ ----- ----- ----- ----- ----- ----- ----- ---- ---------------------
d3f5oa_d.38.1.5      -            138 d2ov9a1d.38.1.5.aln  -            136   2.1e-48  159.0   0.6   1   1     5e-50   2.3e-48  158.9   0.6     2   135     5   137     4   138 0.98 -
d1vh5a_d.38.1.5      -            138 d2ov9a1d.38.1.5.aln  -            136   1.6e-46  152.9   0.0   1   1   3.8e-48   1.8e-46  152.8   0.0     1   135     4   137     4   138 0.99 -
d1q4ta_d.38.1.5      -            142 d2ov9a1d.38.1.5.aln  -            136     7e-44  144.4   0.4   1   1   1.6e-45   7.6e-44  144.3   0.4     3   135     6   138     4   139 0.97 -
d1yoca1d.38.1.5      -            145 d2ov9a1d.38.1.5.aln  -            136   1.4e-38  127.3   0.0   1   1   3.3e-40   1.6e-38  127.1   0.0     2   135    10   144     9   145 0.98 -
d2hboa1d.38.1.5      -            142 d2ov9a1d.38.1.5.aln  -            136   3.5e-37  122.7   0.0   1   1   8.3e-39   3.9e-37  122.6   0.0     4   133     2   136     1   139 0.97 -
d1t82a_d.38.1.5      -            143 d2ov9a1d.38.1.5.aln  -            136   4.4e-37  122.4   0.0   1   1     1e-38   4.8e-37  122.3   0.0     1   134     1   142     1   143 0.98 -
d1sh8a_d.38.1.5      -            153 d2ov9a1d.38.1.5.aln  -            136   2.4e-35  116.8   0.0   1   1     6e-37   2.8e-35  116.6   0.0     1   135     2   146     2   147 0.98 -
d1wlua_d.38.1.5      -            117 d2ov9a1d.38.1.5.aln  -            136   7.2e-35  115.2   0.2   1   1   1.7e-36   7.8e-35  115.1   0.2    14   130     1   113     1   117 0.94 -
d1ixla_d.38.1.5      -            130 d2ov9a1d.38.1.5.aln  -            136   1.6e-34  114.1   0.1   1   1   3.7e-36   1.7e-34  114.0   0.1     7   135     2   125     1   126 0.97 -
d2f41a1d.38.1.5      -            111 d2ov9a1d.38.1.5.aln  -            136     5e-29   96.3   0.5   1   1   1.2e-30   5.4e-29   96.2   0.5    20   134     1   111     1   111 0.98 -
d2gvha1d.38.1.1      -            135 d2ov9a1d.38.1.5.aln  -            136   2.5e-10   35.8   0.1   1   1   6.8e-12   3.2e-10   35.4   0.1    45   121    20    95    15   110 0.89 -
d2ov9a1d.38.1.5      -            203 d2ov9a1d.38.1.5.aln  -            136   3.1e-06   22.5   0.0   1   1   9.8e-08   4.5e-06   22.0   0.0    29   126   101   195    92   202 0.89 -
d1vpma_d.38.1.1      -            155 d2ov9a1d.38.1.5.aln  -            136     5e-06   21.8   0.1   1   1   1.6e-07   7.6e-06   21.2   0.1    45   119    22    95    17   109 0.84 -
d1njka_d.38.1.1      -            133 d2ov9a1d.38.1.5.aln  -            136   3.9e-05   18.9   0.0   1   1   1.2e-06   5.4e-05   18.5   0.0    77   133    51   107    42   109 0.88 -
d1s5ua_d.38.1.1      -            129 d2ov9a1d.38.1.5.aln  -            136   9.9e-05   17.6   0.1   1   1   2.5e-06   0.00012   17.4   0.1    75   125    51   101     7   111 0.82 -
d3bjka_d.38.1.1      -            140 d2ov9a1d.38.1.5.aln  -            136   0.00018   16.8   0.0   1   1   5.2e-06   0.00024   16.4   0.0    45   120    16    90     9   101 0.86 -
d2hlja1d.38.1.1      -            156 d2ov9a1d.38.1.5.aln  -            136    0.0052   12.1   0.0   1   1   0.00015    0.0071   11.6   0.0    71   104    49    82    33   107 0.79 -
#
# Program:         hmmsearch
# Version:         3.3.2 (Nov 2020)
# Pipeline mode:   SEARCH
# Query file:      /home/elise/Documents/M1-BIM/S2/TMEs/SBAS/tme08/models/d2ov9a1d.38.1.5.aln.hmm
# Target file:     /home/elise/Documents/M1-BIM/S2/TMEs/SBAS/tme08/scop/scop/scopTestSeq.fasta
# Option settings: hmmsearch --domtblout /home/elise/Documents/M1-BIM/S2/TMEs/SBAS/tme08/searchResults/d2ov9a1d.38.1.5.aln.out -E 1 /home/elise/Documents/M1-BIM/S2/TMEs/SBAS/tme08/models/d2ov9a1d.38.1.5.aln.hmm /home/elise/Documents/M1-BIM/S2/TMEs/SBAS/tme08/scop/scop/scopTestSeq.fasta 
# Current dir:     /home/elise/Documents/M1-BIM/S2/TMEs/SBAS/tme08
# Date:            Tue Apr  1 17:31:02 2025
# [ok]
