#                                                                            --- full sequence --- -------------- this domain -------------   hmm coord   ali coord   env coord
# target name        accession   tlen query name           accession   qlen   E-value  score  bias   #  of  c-Evalue  i-Evalue  score  bias  from    to  from    to  from    to  acc description of target
#------------------- ---------- ----- -------------------- ---------- ----- --------- ------ ----- --- --- --------- --------- ------ ----- ----- ----- ----- ----- ----- ----- ---- ---------------------
d2pq8a_d.108.1.1     -            271 d2p0wa_d.108.1.1.aln -            192   2.3e-40  134.0   0.0   1   1   1.6e-41   2.8e-40  133.7   0.0     1   191    50   252    50   253 0.99 -
d1z4ra1d.108.1.1     -            162 d2p0wa_d.108.1.1.aln -            192   2.4e-34  114.4   0.1   1   1   1.5e-35   2.6e-34  114.3   0.1    20   184     2   161     1   162 0.99 -
d1z4ea1d.108.1.1     -            150 d2p0wa_d.108.1.1.aln -            192   1.9e-33  111.4   0.1   1   1   1.2e-34     2e-33  111.3   0.1    20   162     1   145     1   150 0.98 -
d2b5ga_d.108.1.1     -            168 d2p0wa_d.108.1.1.aln -            192   2.8e-33  110.9   0.3   1   1   1.8e-34   3.1e-33  110.8   0.3    21   179     3   167     1   168 0.98 -
d2ae6a1d.108.1.1     -            161 d2p0wa_d.108.1.1.aln -            192   6.6e-33  109.7   0.1   1   1   4.1e-34   7.2e-33  109.6   0.1    18   180     2   159     1   161 0.97 -
d1tiqa_d.108.1.1     -            173 d2p0wa_d.108.1.1.aln -            192   1.1e-29   99.2   0.1   1   1   6.6e-31   1.2e-29   99.1   0.1    21   182     2   172     1   173 0.98 -
d1nsla_d.108.1.1     -            180 d2p0wa_d.108.1.1.aln -            192   2.2e-29   98.2   0.3   1   1   1.4e-30   2.4e-29   98.1   0.3    12   185     2   180     1   180 0.99 -
d1qsma_d.108.1.1     -            150 d2p0wa_d.108.1.1.aln -            192   2.6e-29   98.0   0.0   1   1   1.6e-30   2.8e-29   97.8   0.0    19   166     1   148     1   150 0.97 -
d2gana1d.108.1.1     -            182 d2p0wa_d.108.1.1.aln -            192   9.7e-29   96.1   0.1   1   1   6.1e-30   1.1e-28   95.9   0.1     2   174     3   180     2   182 0.98 -
d2fiaa1d.108.1.1     -            157 d2p0wa_d.108.1.1.aln -            192   1.4e-28   95.6   0.6   1   1   8.6e-30   1.5e-28   95.5   0.6    21   180     1   156     1   157 0.98 -
d1mk4a_d.108.1.1     -            157 d2p0wa_d.108.1.1.aln -            192   1.1e-27   92.6   0.0   1   1   7.2e-29   1.3e-27   92.5   0.0    20   183     1   152     1   156 0.95 -
d2cy2a1d.108.1.1     -            174 d2p0wa_d.108.1.1.aln -            192   1.4e-27   92.3   1.4   1   1   9.1e-29   1.6e-27   92.1   1.4    21   185     1   174     1   174 0.98 -
d1vkca_d.108.1.1     -            149 d2p0wa_d.108.1.1.aln -            192   1.7e-27   92.0   1.8   1   1     1e-28   1.8e-27   91.9   1.8    28   161    11   143     1   148 0.95 -
d1y9ka1d.108.1.1     -            152 d2p0wa_d.108.1.1.aln -            192   3.1e-27   91.2   0.0   1   1     2e-28   3.5e-27   91.0   0.0    41   191    20   151     4   152 0.83 -
d1ufha_d.108.1.1     -            155 d2p0wa_d.108.1.1.aln -            192   4.3e-27   90.7   0.3   1   1   2.9e-28     5e-27   90.5   0.3    20   163     1   151     1   154 0.98 -
d1i12a_d.108.1.1     -            157 d2p0wa_d.108.1.1.aln -            192   4.7e-27   90.6   0.0   1   1   2.9e-28   5.1e-27   90.5   0.0    20   164     4   154     1   157 0.97 -
d2fcka1d.108.1.1     -            178 d2p0wa_d.108.1.1.aln -            192   6.2e-27   90.2   0.1   1   1   3.8e-28   6.7e-27   90.1   0.1    10   181     1   177     1   178 0.96 -
d1u6ma_d.108.1.1     -            189 d2p0wa_d.108.1.1.aln -            192   7.8e-27   89.9   0.1   1   1   5.3e-28   9.3e-27   89.6   0.1     4   173     3   185     1   188 0.97 -
d1wwza1d.108.1.1     -            157 d2p0wa_d.108.1.1.aln -            192   1.6e-26   88.9   0.8   1   1   9.9e-28   1.7e-26   88.7   0.8    18   171     1   156     1   157 0.98 -
d1yk3a1d.108.1.1     -            198 d2p0wa_d.108.1.1.aln -            192   2.1e-26   88.5   0.2   1   1   1.3e-27   2.3e-26   88.3   0.2     2   190     2   198     1   198 0.99 -
d1cjwa_d.108.1.1     -            166 d2p0wa_d.108.1.1.aln -            192   1.5e-25   85.7   0.0   1   1   9.1e-27   1.6e-25   85.6   0.0    21   176     6   164     1   166 0.98 -
d1y9wa1d.108.1.1     -            140 d2p0wa_d.108.1.1.aln -            192   3.1e-25   84.7   0.8   1   1     2e-26   3.4e-25   84.5   0.8    21   176     1   138     1   140 0.97 -
d2euia1d.108.1.1     -            153 d2p0wa_d.108.1.1.aln -            192   5.6e-25   83.8   0.1   1   1   3.5e-26   6.1e-25   83.7   0.1    21   171     1   150     1   153 0.96 -
d1ghea_d.108.1.1     -            170 d2p0wa_d.108.1.1.aln -            192   7.3e-25   83.4   0.1   1   1   4.6e-26     8e-25   83.3   0.1    22   181     2   168     1   170 0.98 -
d1boba_d.108.1.1     -            315 d2p0wa_d.108.1.1.aln -            192   8.1e-25   83.3   0.2   1   1   5.9e-26     1e-24   82.9   0.2     1   191    99   308    99   309 0.95 -
d1yx0a1d.108.1.1     -            151 d2p0wa_d.108.1.1.aln -            192   2.9e-22   75.0   0.0   1   1   1.8e-23   3.1e-22   74.9   0.0    21   177     1   150     1   151 0.94 -
d2fl4a1d.108.1.1     -            146 d2p0wa_d.108.1.1.aln -            192   3.7e-22   74.6   0.5   1   1   2.3e-23     4e-22   74.5   0.5    19   174     1   145     1   146 0.92 -
d1bo4a_d.108.1.1     -            137 d2p0wa_d.108.1.1.aln -            192   5.3e-22   74.1   0.1   1   1   3.3e-23   5.8e-22   74.0   0.1    21   155     3   137     1   137 0.98 -
d2atra1d.108.1.1     -            137 d2p0wa_d.108.1.1.aln -            192     8e-22   73.5   0.0   1   1     5e-23   8.7e-22   73.4   0.0    20   171     1   135     1   137 0.97 -
d2jdca1d.108.1.1     -            145 d2p0wa_d.108.1.1.aln -            192   2.2e-21   72.1   0.1   1   1   1.4e-22   2.4e-21   71.9   0.1    21   178     1   144     1   145 0.98 -
d1m4ia_d.108.1.1     -            181 d2p0wa_d.108.1.1.aln -            192   3.8e-21   71.3   0.1   1   1   2.7e-22   4.7e-21   71.0   0.1    19   191     1   181     1   181 0.97 -
d2fiwa1d.108.1.1     -            156 d2p0wa_d.108.1.1.aln -            192     2e-20   69.0   0.0   1   1   1.2e-21   2.2e-20   68.9   0.0    19   178     2   152     1   156 0.92 -
d1xeba_d.108.1.1     -            149 d2p0wa_d.108.1.1.aln -            192   2.5e-20   68.6   0.8   1   1   1.6e-21   2.7e-20   68.5   0.8    21   169     4   142     1   148 0.94 -
d2g3aa1d.108.1.1     -            137 d2p0wa_d.108.1.1.aln -            192   3.8e-20   68.1   0.0   1   1   2.2e-21   3.8e-20   68.0   0.0    22   163     2   122     1   137 0.93 -
d1y7ra1d.108.1.1     -            133 d2p0wa_d.108.1.1.aln -            192   2.6e-19   65.3   0.0   1   1   1.6e-20   2.8e-19   65.2   0.0    25   169     5   132     1   133 0.95 -
d1q2ya_d.108.1.1     -            140 d2p0wa_d.108.1.1.aln -            192   3.4e-19   65.0   0.3   1   1   2.5e-20   4.4e-19   64.6   0.3    27   176     8   139     6   139 0.97 -
d1n71a_d.108.1.1     -            180 d2p0wa_d.108.1.1.aln -            192   3.7e-19   64.8   0.0   1   1   2.4e-20   4.2e-19   64.7   0.0    19   182     1   178     1   180 0.97 -
d2fsra1d.108.1.1     -            164 d2p0wa_d.108.1.1.aln -            192   1.9e-18   62.5   0.0   1   1   1.2e-19     2e-18   62.4   0.0    14   172     3   160     1   164 0.95 -
d2aj6a1d.108.1.1     -            118 d2p0wa_d.108.1.1.aln -            192   3.1e-17   58.6   0.0   1   1   1.9e-18   3.3e-17   58.5   0.0    21   137     2   116     1   118 0.97 -
d1p0ha_d.108.1.1     -            308 d2p0wa_d.108.1.1.aln -            192   7.1e-16   54.1   0.1   1   2   2.1e-14   3.7e-13   45.3   0.0     2   190    59   272    58   273 0.96 -
d1p0ha_d.108.1.1     -            308 d2p0wa_d.108.1.1.aln -            192   7.1e-16   54.1   0.1   2   2      0.17         3    3.2   0.0   140   157   281   298   275   306 0.74 -
d1r57a_d.108.1.1     -            102 d2p0wa_d.108.1.1.aln -            192   5.3e-13   44.7   0.1   1   1   3.1e-14   5.4e-13   44.7   0.1    96   163    33   100     7   102 0.85 -
d1xmta_d.108.1.1     -             95 d2p0wa_d.108.1.1.aln -            192   3.5e-10   35.5   0.0   1   1   2.1e-11   3.8e-10   35.4   0.0    88   144    21    77     2    91 0.87 -
d2d4pa1d.108.1.1     -            130 d2p0wa_d.108.1.1.aln -            192   1.6e-08   30.1   0.3   1   1   1.8e-09   3.1e-08   29.2   0.3    21   157     1   116     1   128 0.95 -
d2p0wa_d.108.1.1     -            319 d2p0wa_d.108.1.1.aln -            192     0.001   14.4   0.2   1   1   0.00011    0.0019   13.6   0.2    54   123   160   237   148   244 0.92 -
d1l8qa2c.37.1.20     -            213 d2p0wa_d.108.1.1.aln -            192    0.0055   12.1   0.1   1   2     0.001     0.018   10.4   0.0   118   147    50    79    49    97 0.90 -
d1l8qa2c.37.1.20     -            213 d2p0wa_d.108.1.1.aln -            192    0.0055   12.1   0.1   2   2       3.3        58   -1.0   0.0    73   105    88   120    73   124 0.71 -
#
# Program:         hmmsearch
# Version:         3.3.2 (Nov 2020)
# Pipeline mode:   SEARCH
# Query file:      /home/elise/Documents/M1-BIM/S2/TMEs/SBAS/tme08/models/d2p0wa_d.108.1.1.aln.hmm
# Target file:     /home/elise/Documents/M1-BIM/S2/TMEs/SBAS/tme08/scop/scop/scopTestSeq.fasta
# Option settings: hmmsearch --domtblout /home/elise/Documents/M1-BIM/S2/TMEs/SBAS/tme08/searchResults/d2p0wa_d.108.1.1.aln.out -E 1 /home/elise/Documents/M1-BIM/S2/TMEs/SBAS/tme08/models/d2p0wa_d.108.1.1.aln.hmm /home/elise/Documents/M1-BIM/S2/TMEs/SBAS/tme08/scop/scop/scopTestSeq.fasta 
# Current dir:     /home/elise/Documents/M1-BIM/S2/TMEs/SBAS/tme08
# Date:            Tue Apr  1 17:31:02 2025
# [ok]
