#                                                                            --- full sequence --- -------------- this domain -------------   hmm coord   ali coord   env coord
# target name        accession   tlen query name           accession   qlen   E-value  score  bias   #  of  c-Evalue  i-Evalue  score  bias  from    to  from    to  from    to  acc description of target
#------------------- ---------- ----- -------------------- ---------- ----- --------- ------ ----- --- --- --------- --------- ------ ----- ----- ----- ----- ----- ----- ----- ---- ---------------------
d1g41a_c.37.1.20     -            443 d2p65a_c.37.1.20.aln -            312   1.2e-82  273.1   5.0   1   2   1.6e-30   4.9e-29   97.0   0.1     1   119     1   129     1   140 0.93 -
d1g41a_c.37.1.20     -            443 d2p65a_c.37.1.20.aln -            312   1.2e-82  273.1   5.0   2   2   5.7e-55   1.8e-53  177.3   1.9    70   312   166   440   165   440 0.92 -
d1r6bx3c.37.1.20     -            315 d2p65a_c.37.1.20.aln -            312   8.9e-65  214.5   0.1   1   1   3.2e-66     1e-64  214.3   0.1     5   309     1   315     1   315 0.99 -
d1lv7a_c.37.1.20     -            256 d2p65a_c.37.1.20.aln -            312   4.4e-63  208.9   0.1   1   1   1.6e-64   5.1e-63  208.7   0.1     3   253     2   254     1   255 0.98 -
d1iqpa2c.37.1.20     -            231 d2p65a_c.37.1.20.aln -            312   4.3e-62  205.6   0.5   1   1   1.6e-63     5e-62  205.4   0.5     7   237     5   227     1   230 0.97 -
d1svma_c.37.1.20     -            362 d2p65a_c.37.1.20.aln -            312   1.8e-60  200.3   0.0   1   1   6.6e-62   2.1e-60  200.1   0.0     2   312     1   344     1   344 1.00 -
d1um8a_c.37.1.20     -            364 d2p65a_c.37.1.20.aln -            312   3.4e-50  166.5   0.8   1   1   2.4e-51   7.5e-50  165.4   0.8     2   307     5   364     4   364 0.99 -
d1njfa_c.37.1.20     -            239 d2p65a_c.37.1.20.aln -            312   8.1e-50  165.3   0.0   1   1     3e-51   9.5e-50  165.1   0.0    16   228     2   224     1   236 0.98 -
d1g8pa_c.37.1.20     -            333 d2p65a_c.37.1.20.aln -            312   1.1e-49  164.9   0.2   1   1   3.9e-51   1.2e-49  164.7   0.2     2   312     2   333     1   333 0.99 -
d1sxja2c.37.1.20     -            253 d2p65a_c.37.1.20.aln -            312   1.4e-48  161.3   0.0   1   1     5e-50   1.6e-48  161.1   0.0     2   245     4   251     3   252 0.98 -
d1fnna2c.37.1.20     -            276 d2p65a_c.37.1.20.aln -            312   1.7e-46  154.4   0.0   1   1   6.1e-48   1.9e-46  154.2   0.0     8   281     1   276     1   276 0.99 -
d1u0ja_c.37.1.20     -            267 d2p65a_c.37.1.20.aln -            312   1.1e-45  151.8   0.0   1   1   3.9e-47   1.2e-45  151.6   0.0     9   267     2   265     1   266 0.99 -
d2a5yb3c.37.1.20     -            277 d2p65a_c.37.1.20.aln -            312   5.2e-45  149.5   0.0   1   1     2e-46   6.3e-45  149.3   0.0     7   272     2   276     1   276 0.99 -
d1d2na_c.37.1.20     -            246 d2p65a_c.37.1.20.aln -            312   9.8e-41  135.5   0.1   1   1   3.5e-42   1.1e-40  135.3   0.1     8   249     2   242     1   245 0.97 -
d2fnaa2c.37.1.20     -            283 d2p65a_c.37.1.20.aln -            312   3.5e-39  130.4   3.1   1   1   1.2e-40   3.9e-39  130.2   3.1     1   272     4   282     4   283 0.99 -
d1w5sa2c.37.1.20     -            287 d2p65a_c.37.1.20.aln -            312   4.9e-39  129.9   0.2   1   1   1.7e-40   5.5e-39  129.7   0.2     9   274     2   286     1   287 0.99 -
d1in4a2c.37.1.20     -            238 d2p65a_c.37.1.20.aln -            312   9.4e-38  125.7   1.6   1   1   3.3e-39     1e-37  125.5   1.6    16   249     4   235     1   237 0.95 -
d1ny5a2c.37.1.20     -            247 d2p65a_c.37.1.20.aln -            312   3.9e-37  123.6   1.4   1   1   1.4e-38   4.3e-37  123.5   1.4    22   272     3   247     1   247 0.98 -
d1tuea_c.37.1.20     -            205 d2p65a_c.37.1.20.aln -            312   3.6e-30  100.8   0.0   1   1   1.3e-31   4.2e-30  100.6   0.0    17   248     5   205     2   205 0.99 -
d2p65a_c.37.1.20     -            185 d2p65a_c.37.1.20.aln -            312     3e-26   87.9   0.6   1   1   1.1e-27   3.5e-26   87.7   0.6     7   183     1   179     1   184 0.97 -
d1l8qa2c.37.1.20     -            213 d2p65a_c.37.1.20.aln -            312   4.7e-26   87.3   2.2   1   1   1.7e-27   5.2e-26   87.1   2.2    14   250     1   212     1   213 0.98 -
d2gnoa2c.37.1.20     -            198 d2p65a_c.37.1.20.aln -            312   6.7e-25   83.5   0.8   1   1   2.7e-26   8.6e-25   83.1   0.8    21   240     2   196     1   197 0.98 -
d1a5ta2c.37.1.20     -            207 d2p65a_c.37.1.20.aln -            312   1.2e-23   79.4   0.0   1   1     4e-25   1.3e-23   79.3   0.0    14   241     1   205     1   207 0.97 -
d1jqlb_c.37.1.20     -            140 d2p65a_c.37.1.20.aln -            312   5.1e-18   60.9   0.0   1   1   1.7e-19   5.3e-18   60.8   0.0    27   167     1   119     1   140 0.91 -
d1qzma_c.37.1.20     -             94 d2p65a_c.37.1.20.aln -            312   6.8e-09   30.9   0.2   1   1   2.3e-10   7.3e-09   30.8   0.2    19   110     2    93     1    94 0.97 -
d1y63a_c.37.1.1      -            174 d2p65a_c.37.1.20.aln -            312   4.2e-05   18.5   0.0   1   1   2.5e-06     8e-05   17.5   0.0    49    83     7    41     7    46 0.89 -
#
# Program:         hmmsearch
# Version:         3.3.2 (Nov 2020)
# Pipeline mode:   SEARCH
# Query file:      /home/elise/Documents/M1-BIM/S2/TMEs/SBAS/tme08/models/d2p65a_c.37.1.20.aln.hmm
# Target file:     /home/elise/Documents/M1-BIM/S2/TMEs/SBAS/tme08/scop/scop/scopTestSeq.fasta
# Option settings: hmmsearch --domtblout /home/elise/Documents/M1-BIM/S2/TMEs/SBAS/tme08/searchResults/d2p65a_c.37.1.20.aln.out -E 1 /home/elise/Documents/M1-BIM/S2/TMEs/SBAS/tme08/models/d2p65a_c.37.1.20.aln.hmm /home/elise/Documents/M1-BIM/S2/TMEs/SBAS/tme08/scop/scop/scopTestSeq.fasta 
# Current dir:     /home/elise/Documents/M1-BIM/S2/TMEs/SBAS/tme08
# Date:            Tue Apr  1 17:31:02 2025
# [ok]
