#                                                                            --- full sequence --- -------------- this domain -------------   hmm coord   ali coord   env coord
# target name        accession   tlen query name           accession   qlen   E-value  score  bias   #  of  c-Evalue  i-Evalue  score  bias  from    to  from    to  from    to  acc description of target
#------------------- ---------- ----- -------------------- ---------- ----- --------- ------ ----- --- --- --------- --------- ------ ----- ----- ----- ----- ----- ----- ----- ---- ---------------------
d3r6ua_c.94.1.0      -            272 d2q88a_c.94.1.0.aln  -            314   1.1e-72  240.3   4.2   1   1   1.8e-74   1.2e-72  240.2   4.2    11   285     1   272     1   272 0.99 -
d3tqla_c.94.1.0      -            227 d2q88a_c.94.1.0.aln  -            314   5.1e-72  238.1   0.6   1   1   8.6e-74   5.6e-72  238.0   0.6    26   259     2   227     1   227 0.99 -
d3delb_c.94.1.0      -            232 d2q88a_c.94.1.0.aln  -            314   2.8e-69  229.1   0.0   1   1   4.8e-71   3.1e-69  228.9   0.0    28   269     3   231     1   232 0.99 -
d3kzga_c.94.1.0      -            228 d2q88a_c.94.1.0.aln  -            314   7.3e-66  217.9   0.2   1   1   1.2e-67   8.1e-66  217.7   0.2    27   259     3   228     1   228 0.99 -
d3h7ma_c.94.1.0      -            228 d2q88a_c.94.1.0.aln  -            314   2.7e-60  199.6   0.0   1   1   4.7e-62   3.1e-60  199.4   0.0    23   261     2   225     1   227 0.98 -
d3i6va_c.94.1.0      -            218 d2q88a_c.94.1.0.aln  -            314   1.1e-59  197.5   0.0   1   1   2.1e-61   1.4e-59  197.3   0.0    27   264     1   216     1   217 0.98 -
d1jeta_c.94.1.1      -            517 d2q88a_c.94.1.0.aln  -            314   6.9e-18   60.3   3.3   1   1   1.5e-19   9.5e-18   59.8   3.3    88   293   202   451   134   472 0.92 -
d1xt8a1c.94.1.1      -            248 d2q88a_c.94.1.0.aln  -            314   2.7e-16   55.0   4.5   1   1   6.3e-18   4.1e-16   54.4   4.5    24   255     9   227     7   231 0.85 -
d1ii5a_c.94.1.1      -            226 d2q88a_c.94.1.0.aln  -            314   6.7e-12   40.6   0.0   1   1   1.2e-13   8.1e-12   40.3   0.0    27   260     5   226     2   226 0.88 -
d2q88a_c.94.1.0      -            257 d2q88a_c.94.1.0.aln  -            314   1.6e-11   39.4   0.0   1   1   1.6e-12     1e-10   36.7   0.0    37   258    23   238    20   245 0.91 -
d1pb7a_c.94.1.1      -            289 d2q88a_c.94.1.0.aln  -            314   3.7e-11   38.2   0.0   1   1   2.4e-12   1.6e-10   36.1   0.0    49   133    61   159    58   287 0.80 -
d1q35a_c.94.1.1      -            318 d2q88a_c.94.1.0.aln  -            314   8.7e-10   33.7   1.4   1   1   9.8e-11   6.4e-09   30.8   1.4    43   295    44   306    38   312 0.92 -
#
# Program:         hmmsearch
# Version:         3.3.2 (Nov 2020)
# Pipeline mode:   SEARCH
# Query file:      /home/elise/Documents/M1-BIM/S2/TMEs/SBAS/tme08/models/d2q88a_c.94.1.0.aln.hmm
# Target file:     /home/elise/Documents/M1-BIM/S2/TMEs/SBAS/tme08/scop/scop/scopTestSeq.fasta
# Option settings: hmmsearch --domtblout /home/elise/Documents/M1-BIM/S2/TMEs/SBAS/tme08/searchResults/d2q88a_c.94.1.0.aln.out -E 1 /home/elise/Documents/M1-BIM/S2/TMEs/SBAS/tme08/models/d2q88a_c.94.1.0.aln.hmm /home/elise/Documents/M1-BIM/S2/TMEs/SBAS/tme08/scop/scop/scopTestSeq.fasta 
# Current dir:     /home/elise/Documents/M1-BIM/S2/TMEs/SBAS/tme08
# Date:            Tue Apr  1 17:31:02 2025
# [ok]
