#                                                                            --- full sequence --- -------------- this domain -------------   hmm coord   ali coord   env coord
# target name        accession   tlen query name           accession   qlen   E-value  score  bias   #  of  c-Evalue  i-Evalue  score  bias  from    to  from    to  from    to  acc description of target
#------------------- ---------- ----- -------------------- ---------- ----- --------- ------ ----- --- --- --------- --------- ------ ----- ----- ----- ----- ----- ----- ----- ---- ---------------------
d1pvma4d.37.1.1      -            142 d2riha_d.37.1.1.aln  -            131   2.2e-34  113.8   1.1   1   1   5.5e-36   2.4e-34  113.7   1.1     2   128     1   128     1   131 0.98 -
d1y5ha3d.37.1.1      -            123 d2riha_d.37.1.1.aln  -            131   1.2e-33  111.5   0.0   1   1   2.9e-35   1.3e-33  111.3   0.0     6   125     3   122     1   123 0.98 -
d2yzqa2d.37.1.1      -            122 d2riha_d.37.1.1.aln  -            131   2.7e-33  110.3   2.6   1   1     7e-35   3.1e-33  110.1   2.6     4   130     1   121     1   122 0.96 -
d2yzia1d.37.1.1      -            132 d2riha_d.37.1.1.aln  -            131   6.2e-33  109.1   1.4   1   1   1.6e-34   6.8e-33  109.0   1.4     2   130     3   130     2   131 0.97 -
d2nyca1d.37.1.1      -            140 d2riha_d.37.1.1.aln  -            131   1.2e-31  105.0   0.4   1   1   2.9e-33   1.3e-31  104.9   0.4     2   125    15   137    14   140 0.98 -
d1pbja3d.37.1.1      -            120 d2riha_d.37.1.1.aln  -            131   6.8e-31  102.5   7.1   1   1   1.7e-32   7.5e-31  102.4   7.1     5   125     1   119     1   120 0.95 -
d1vr9a3d.37.1.1      -            121 d2riha_d.37.1.1.aln  -            131   7.8e-31  102.3   0.1   1   1     2e-32   8.7e-31  102.2   0.1     4   129     1   120     1   121 0.98 -
d3ddja1d.37.1.1      -            141 d2riha_d.37.1.1.aln  -            131   1.5e-29   98.2   6.5   1   1   3.7e-31   1.6e-29   98.1   6.5     5   128     3   132     1   135 0.98 -
d1o50a3d.37.1.1      -            145 d2riha_d.37.1.1.aln  -            131   6.8e-29   96.0   2.6   1   1   1.8e-30   7.7e-29   95.9   2.6     1   130     1   144     1   145 0.97 -
d3ddja2d.37.1.1      -            135 d2riha_d.37.1.1.aln  -            131   1.1e-28   95.4   0.2   1   1   2.7e-30   1.2e-28   95.3   0.2     4   128     1   133     1   135 0.98 -
d2rc3a1d.37.1.1      -            127 d2riha_d.37.1.1.aln  -            131   7.8e-28   92.6   1.0   1   1   2.2e-29   9.5e-28   92.3   1.0    12   126    13   126    11   127 0.95 -
d2ouxa2d.37.1.1      -            127 d2riha_d.37.1.1.aln  -            131   1.8e-26   88.2   7.7   1   1   4.5e-28     2e-26   88.1   7.7     6   129     3   125     1   127 0.97 -
d2yzqa1d.37.1.1      -            156 d2riha_d.37.1.1.aln  -            131   2.1e-25   84.8   0.4   1   1   4.9e-25   2.2e-23   78.2   0.4     1   129     1   143     1   156 0.81 -
d1zfja4d.37.1.1      -            126 d2riha_d.37.1.1.aln  -            131   4.1e-24   80.6   0.2   1   1   1.1e-25   4.8e-24   80.4   0.2     6   128     3   119     1   122 0.94 -
d2v8qe2d.37.1.1      -            159 d2riha_d.37.1.1.aln  -            131     9e-23   76.2   0.0   1   1     1e-21   4.5e-20   67.5   0.0     1   130    16   158    16   159 0.88 -
d2j9la1d.37.1.1      -            169 d2riha_d.37.1.1.aln  -            131   9.6e-23   76.1   1.0   1   1     1e-22   4.5e-21   70.7   1.0     2   130     9   160     8   161 0.98 -
d2d4za3d.37.1.1      -            161 d2riha_d.37.1.1.aln  -            131   1.2e-22   75.8   0.0   1   1   4.1e-24   1.8e-22   75.3   0.0     2   130     9   144     8   145 0.98 -
d2riha_d.37.1.1      -            131 d2riha_d.37.1.1.aln  -            131   2.6e-15   52.1   1.2   1   2   3.1e-07   1.3e-05   20.7   0.1    71   127     3    61     1    65 0.90 -
d2riha_d.37.1.1      -            131 d2riha_d.37.1.1.aln  -            131   2.6e-15   52.1   1.2   2   2   2.4e-10     1e-08   30.7   0.2    79   121    76   118    66   127 0.90 -
#
# Program:         hmmsearch
# Version:         3.3.2 (Nov 2020)
# Pipeline mode:   SEARCH
# Query file:      /home/elise/Documents/M1-BIM/S2/TMEs/SBAS/tme08/models/d2riha_d.37.1.1.aln.hmm
# Target file:     /home/elise/Documents/M1-BIM/S2/TMEs/SBAS/tme08/scop/scop/scopTestSeq.fasta
# Option settings: hmmsearch --domtblout /home/elise/Documents/M1-BIM/S2/TMEs/SBAS/tme08/searchResults/d2riha_d.37.1.1.aln.out -E 1 /home/elise/Documents/M1-BIM/S2/TMEs/SBAS/tme08/models/d2riha_d.37.1.1.aln.hmm /home/elise/Documents/M1-BIM/S2/TMEs/SBAS/tme08/scop/scop/scopTestSeq.fasta 
# Current dir:     /home/elise/Documents/M1-BIM/S2/TMEs/SBAS/tme08
# Date:            Tue Apr  1 17:31:03 2025
# [ok]
