#                                                                            --- full sequence --- -------------- this domain -------------   hmm coord   ali coord   env coord
# target name        accession   tlen query name           accession   qlen   E-value  score  bias   #  of  c-Evalue  i-Evalue  score  bias  from    to  from    to  from    to  acc description of target
#------------------- ---------- ----- -------------------- ---------- ----- --------- ------ ----- --- --- --------- --------- ------ ----- ----- ----- ----- ----- ----- ----- ---- ---------------------
d1pvma4d.37.1.1      -            142 d2v8qe2d.37.1.1.aln  -            135   5.4e-40  132.1   0.7   1   1   1.4e-41     6e-40  132.0   0.7     1   133     1   129     1   131 0.98 -
d2nyca1d.37.1.1      -            140 d2v8qe2d.37.1.1.aln  -            135   5.9e-38  125.5   0.3   1   1   1.5e-39   6.4e-38  125.4   0.3     4   130    10   138     7   140 0.98 -
d2yzqa2d.37.1.1      -            122 d2v8qe2d.37.1.1.aln  -            135     1e-36  121.5   2.2   1   1   3.2e-38   1.4e-36  121.1   2.2     3   134     1   121     1   122 0.96 -
d2yzia1d.37.1.1      -            132 d2v8qe2d.37.1.1.aln  -            135   1.7e-36  120.8   1.1   1   1   4.2e-38   1.8e-36  120.7   1.1     4   134     6   130     3   131 0.97 -
d2yzqa1d.37.1.1      -            156 d2v8qe2d.37.1.1.aln  -            135   1.7e-35  117.6   0.1   1   1   4.6e-37     2e-35  117.3   0.1     3   129     4   155     2   156 0.98 -
d1y5ha3d.37.1.1      -            123 d2v8qe2d.37.1.1.aln  -            135   2.4e-35  117.1   0.1   1   1   5.8e-37   2.6e-35  117.0   0.1     5   129     3   122     1   123 0.97 -
d3ddja1d.37.1.1      -            141 d2v8qe2d.37.1.1.aln  -            135     9e-34  112.0   6.9   1   1   2.2e-35   9.8e-34  111.9   6.9     3   132     2   132     1   135 0.97 -
d1o50a3d.37.1.1      -            145 d2v8qe2d.37.1.1.aln  -            135   1.2e-33  111.6   1.6   1   1   3.1e-35   1.3e-33  111.4   1.6     2   134     3   144     2   145 0.98 -
d3ddja2d.37.1.1      -            135 d2v8qe2d.37.1.1.aln  -            135   2.1e-32  107.5   0.1   1   1   5.3e-34   2.3e-32  107.4   0.1     3   131     1   132     1   135 0.94 -
d1vr9a3d.37.1.1      -            121 d2v8qe2d.37.1.1.aln  -            135   2.2e-32  107.5   0.1   1   1   5.7e-34   2.5e-32  107.3   0.1     3   133     1   120     1   121 0.98 -
d2rc3a1d.37.1.1      -            127 d2v8qe2d.37.1.1.aln  -            135   5.5e-32  106.2   2.1   1   1   1.4e-33     6e-32  106.1   2.1     6   130     8   126     3   127 0.95 -
d1pbja3d.37.1.1      -            120 d2v8qe2d.37.1.1.aln  -            135   1.6e-30  101.5   7.3   1   1     4e-32   1.7e-30  101.3   7.3     4   129     1   119     1   120 0.92 -
d1zfja4d.37.1.1      -            126 d2v8qe2d.37.1.1.aln  -            135   6.8e-30   99.4   0.2   1   1   1.9e-31   8.3e-30   99.2   0.2     8   132     2   119     1   122 0.92 -
d2j9la1d.37.1.1      -            169 d2v8qe2d.37.1.1.aln  -            135     5e-29   96.6   0.3   1   1   1.3e-30   5.8e-29   96.4   0.3     2   134     8   160     7   161 0.97 -
d2riha_d.37.1.1      -            131 d2v8qe2d.37.1.1.aln  -            135   5.1e-29   96.6   0.6   1   1   1.3e-30   5.5e-29   96.5   0.6     5   132     3   125     1   128 0.94 -
d2ouxa2d.37.1.1      -            127 d2v8qe2d.37.1.1.aln  -            135   2.7e-27   91.0   7.2   1   1   6.7e-29   2.9e-27   90.9   7.2    13   134     3   126     1   127 0.97 -
d2d4za3d.37.1.1      -            161 d2v8qe2d.37.1.1.aln  -            135   3.1e-26   87.6   0.0   1   1     8e-28   3.5e-26   87.4   0.0     2   130    10   160     9   161 0.99 -
d2v8qe2d.37.1.1      -            159 d2v8qe2d.37.1.1.aln  -            135   2.3e-15   52.4   0.0   1   1   2.8e-16   1.2e-14   50.1   0.0     8   127    20   151    16   155 0.84 -
#
# Program:         hmmsearch
# Version:         3.3.2 (Nov 2020)
# Pipeline mode:   SEARCH
# Query file:      /home/elise/Documents/M1-BIM/S2/TMEs/SBAS/tme08/models/d2v8qe2d.37.1.1.aln.hmm
# Target file:     /home/elise/Documents/M1-BIM/S2/TMEs/SBAS/tme08/scop/scop/scopTestSeq.fasta
# Option settings: hmmsearch --domtblout /home/elise/Documents/M1-BIM/S2/TMEs/SBAS/tme08/searchResults/d2v8qe2d.37.1.1.aln.out -E 1 /home/elise/Documents/M1-BIM/S2/TMEs/SBAS/tme08/models/d2v8qe2d.37.1.1.aln.hmm /home/elise/Documents/M1-BIM/S2/TMEs/SBAS/tme08/scop/scop/scopTestSeq.fasta 
# Current dir:     /home/elise/Documents/M1-BIM/S2/TMEs/SBAS/tme08
# Date:            Tue Apr  1 17:31:03 2025
# [ok]
