#                                                                            --- full sequence --- -------------- this domain -------------   hmm coord   ali coord   env coord
# target name        accession   tlen query name           accession   qlen   E-value  score  bias   #  of  c-Evalue  i-Evalue  score  bias  from    to  from    to  from    to  acc description of target
#------------------- ---------- ----- -------------------- ---------- ----- --------- ------ ----- --- --- --------- --------- ------ ----- ----- ----- ----- ----- ----- ----- ---- ---------------------
d2v1ma_c.47.1.0      -            163 d2xhfa_c.47.1.0.aln  -            143   2.1e-32  107.8   0.1   1   1   4.1e-34   2.3e-32  107.6   0.1     6   142     2   149     1   150 0.98 -
d3c7ma_c.47.1.0      -            195 d2xhfa_c.47.1.0.aln  -            143   1.1e-24   82.8   2.7   1   1   2.3e-26   1.3e-24   82.5   2.7     2   136    12   195    11   195 0.99 -
d2i4aa_c.47.1.1      -            107 d2xhfa_c.47.1.0.aln  -            143   4.3e-22   74.3   0.0   1   1   8.7e-24   4.9e-22   74.1   0.0    12   108     3    97     1   101 0.95 -
d3gnja_c.47.1.0      -            111 d2xhfa_c.47.1.0.aln  -            143   5.9e-22   73.8   0.6   1   1   1.2e-23   6.6e-22   73.7   0.6     9   117     2   108     1   110 0.96 -
d3feua_c.47.1.0      -            183 d2xhfa_c.47.1.0.aln  -            143   1.6e-21   72.4   0.0   1   1   3.3e-23   1.9e-21   72.2   0.0     3   143    16   174    14   174 0.98 -
d3h93a_c.47.1.0      -            192 d2xhfa_c.47.1.0.aln  -            143   1.1e-20   69.8   0.2   1   1   2.2e-22   1.3e-20   69.6   0.2     2   142    20   191    19   192 0.98 -
d2wcia_c.47.1.0      -            113 d2xhfa_c.47.1.0.aln  -            143   9.1e-16   53.8   0.0   1   1   1.7e-17   9.8e-16   53.7   0.0    15   133     2   112     1   113 0.97 -
d2hzfa_c.47.1.0      -            110 d2xhfa_c.47.1.0.aln  -            143   2.7e-15   52.2   0.0   1   1   5.2e-17   2.9e-15   52.1   0.0    14   122     2   107     1   110 0.93 -
d3h79a_c.47.1.0      -            115 d2xhfa_c.47.1.0.aln  -            143   4.6e-15   51.5   0.0   1   1   8.8e-17     5e-15   51.4   0.0    10   125     2   114     1   115 0.96 -
d3fz4a_c.47.1.0      -            119 d2xhfa_c.47.1.0.aln  -            143   5.4e-13   44.8   0.0   1   1     1e-14   5.8e-13   44.7   0.0     9   126     2   118     1   119 0.97 -
d1r26a_c.47.1.1      -            113 d2xhfa_c.47.1.0.aln  -            143   2.3e-11   39.5   0.0   1   1   4.2e-13   2.4e-11   39.5   0.0    32   117    28   111     5   113 0.86 -
d3qmxa_c.47.1.0      -             99 d2xhfa_c.47.1.0.aln  -            143   3.6e-10   35.6   0.0   1   1     7e-12   3.9e-10   35.5   0.0    18   122     4    98     1    99 0.91 -
d1sena_c.47.1.1      -            135 d2xhfa_c.47.1.0.aln  -            143   2.4e-06   23.3   0.0   1   1   4.6e-08   2.6e-06   23.1   0.0    18    82    15    75     8   126 0.80 -
d2fwha_c.47.1.1      -            117 d2xhfa_c.47.1.0.aln  -            143    0.0035   13.0   0.1   1   1   0.00013    0.0072   12.0   0.1    15    46     8    38     5    41 0.77 -
#
# Program:         hmmsearch
# Version:         3.3.2 (Nov 2020)
# Pipeline mode:   SEARCH
# Query file:      /home/elise/Documents/M1-BIM/S2/TMEs/SBAS/tme08/models/d2xhfa_c.47.1.0.aln.hmm
# Target file:     /home/elise/Documents/M1-BIM/S2/TMEs/SBAS/tme08/scop/scop/scopTestSeq.fasta
# Option settings: hmmsearch --domtblout /home/elise/Documents/M1-BIM/S2/TMEs/SBAS/tme08/searchResults/d2xhfa_c.47.1.0.aln.out -E 1 /home/elise/Documents/M1-BIM/S2/TMEs/SBAS/tme08/models/d2xhfa_c.47.1.0.aln.hmm /home/elise/Documents/M1-BIM/S2/TMEs/SBAS/tme08/scop/scop/scopTestSeq.fasta 
# Current dir:     /home/elise/Documents/M1-BIM/S2/TMEs/SBAS/tme08
# Date:            Tue Apr  1 17:31:04 2025
# [ok]
