#                                                                            --- full sequence --- -------------- this domain -------------   hmm coord   ali coord   env coord
# target name        accession   tlen query name           accession   qlen   E-value  score  bias   #  of  c-Evalue  i-Evalue  score  bias  from    to  from    to  from    to  acc description of target
#------------------- ---------- ----- -------------------- ---------- ----- --------- ------ ----- --- --- --------- --------- ------ ----- ----- ----- ----- ----- ----- ----- ---- ---------------------
d2nyca1d.37.1.1      -            140 d2yzqa2d.37.1.1.aln  -            137   7.3e-39  128.2   0.3   1   1   1.8e-40   7.9e-39  128.1   0.3     5   132    10   138     6   140 0.97 -
d1pvma4d.37.1.1      -            142 d2yzqa2d.37.1.1.aln  -            137   7.5e-39  128.2   0.6   1   1   1.9e-40   8.4e-39  128.1   0.6     2   135     1   129     1   131 0.97 -
d2yzia1d.37.1.1      -            132 d2yzqa2d.37.1.1.aln  -            137   1.7e-34  114.1   1.1   1   1   4.3e-36   1.9e-34  114.0   1.1     3   136     4   130     2   131 0.94 -
d2yzqa1d.37.1.1      -            156 d2yzqa2d.37.1.1.aln  -            137     2e-34  113.9   0.1   1   1   6.2e-36   2.7e-34  113.4   0.1     3   131     3   155     1   156 0.97 -
d1y5ha3d.37.1.1      -            123 d2yzqa2d.37.1.1.aln  -            137   1.5e-33  111.0   0.1   1   1   3.7e-35   1.6e-33  110.9   0.1     6   131     3   122     1   123 0.96 -
d3ddja2d.37.1.1      -            135 d2yzqa2d.37.1.1.aln  -            137   3.9e-33  109.7   0.1   1   1   9.6e-35   4.2e-33  109.6   0.1     4   134     1   133     1   135 0.97 -
d1o50a3d.37.1.1      -            145 d2yzqa2d.37.1.1.aln  -            137   1.6e-32  107.7   1.8   1   1   4.1e-34   1.8e-32  107.5   1.8     1   136     1   144     1   145 0.98 -
d3ddja1d.37.1.1      -            141 d2yzqa2d.37.1.1.aln  -            137   4.6e-32  106.2   6.6   1   1   1.1e-33     5e-32  106.1   6.6     4   134     2   132     1   135 0.97 -
d2rc3a1d.37.1.1      -            127 d2yzqa2d.37.1.1.aln  -            137   6.7e-31  102.5   1.9   1   1   1.7e-32   7.4e-31  102.3   1.9     3   132     4   126     2   127 0.94 -
d1vr9a3d.37.1.1      -            121 d2yzqa2d.37.1.1.aln  -            137   1.9e-30  101.0   0.1   1   1   5.4e-32   2.3e-30  100.7   0.1     4   135     1   120     1   121 0.98 -
d2yzqa2d.37.1.1      -            122 d2yzqa2d.37.1.1.aln  -            137   1.1e-29   98.6   1.2   1   2   6.7e-15     3e-13   45.3   0.0    76   128     2    54     1    58 0.96 -
d2yzqa2d.37.1.1      -            122 d2yzqa2d.37.1.1.aln  -            137   1.1e-29   98.6   1.2   2   2   3.1e-17   1.4e-15   52.9   0.4    72   129    57   114    54   119 0.93 -
d1pbja3d.37.1.1      -            120 d2yzqa2d.37.1.1.aln  -            137   5.4e-29   96.3   7.3   1   1   1.3e-30   5.9e-29   96.2   7.3     5   131     1   119     1   120 0.91 -
d1zfja4d.37.1.1      -            126 d2yzqa2d.37.1.1.aln  -            137   6.2e-29   96.1   0.2   1   1   1.5e-30   6.7e-29   96.0   0.2     9   134     2   119     1   122 0.92 -
d2j9la1d.37.1.1      -            169 d2yzqa2d.37.1.1.aln  -            137   1.9e-28   94.5   0.4   1   1   4.8e-30   2.1e-28   94.4   0.4     1   136     6   160     6   161 0.93 -
d2v8qe2d.37.1.1      -            159 d2yzqa2d.37.1.1.aln  -            137   3.4e-27   90.5   0.0   1   1   1.8e-27     8e-26   86.0   0.0     2   136    13   158    12   159 0.96 -
d2riha_d.37.1.1      -            131 d2yzqa2d.37.1.1.aln  -            137   3.6e-27   90.4   0.5   1   1   9.1e-29     4e-27   90.2   0.5     6   134     3   125     1   128 0.91 -
d2ouxa2d.37.1.1      -            127 d2yzqa2d.37.1.1.aln  -            137   4.2e-27   90.1   7.0   1   1     1e-28   4.6e-27   90.0   7.0    14   136     3   126     1   127 0.97 -
d2d4za3d.37.1.1      -            161 d2yzqa2d.37.1.1.aln  -            137   3.3e-23   77.5   0.0   1   1   1.5e-24   6.4e-23   76.6   0.0     2   135     9   154     8   160 0.97 -
#
# Program:         hmmsearch
# Version:         3.3.2 (Nov 2020)
# Pipeline mode:   SEARCH
# Query file:      /home/elise/Documents/M1-BIM/S2/TMEs/SBAS/tme08/models/d2yzqa2d.37.1.1.aln.hmm
# Target file:     /home/elise/Documents/M1-BIM/S2/TMEs/SBAS/tme08/scop/scop/scopTestSeq.fasta
# Option settings: hmmsearch --domtblout /home/elise/Documents/M1-BIM/S2/TMEs/SBAS/tme08/searchResults/d2yzqa2d.37.1.1.aln.out -E 1 /home/elise/Documents/M1-BIM/S2/TMEs/SBAS/tme08/models/d2yzqa2d.37.1.1.aln.hmm /home/elise/Documents/M1-BIM/S2/TMEs/SBAS/tme08/scop/scop/scopTestSeq.fasta 
# Current dir:     /home/elise/Documents/M1-BIM/S2/TMEs/SBAS/tme08
# Date:            Tue Apr  1 17:31:04 2025
# [ok]
