#                                                                            --- full sequence --- -------------- this domain -------------   hmm coord   ali coord   env coord
# target name        accession   tlen query name           accession   qlen   E-value  score  bias   #  of  c-Evalue  i-Evalue  score  bias  from    to  from    to  from    to  acc description of target
#------------------- ---------- ----- -------------------- ---------- ----- --------- ------ ----- --- --- --------- --------- ------ ----- ----- ----- ----- ----- ----- ----- ---- ---------------------
d1j0ha1b.1.18.2      -            123 d3bmva1b.1.18.2.aln  -            110   1.1e-32  108.2   0.0   1   1   3.1e-34   1.3e-32  108.0   0.0     1   110     6   114     6   114 0.99 -
d1ji1a1b.1.18.2      -            122 d3bmva1b.1.18.2.aln  -            110   2.4e-24   81.4   2.7   1   1   6.5e-26   2.7e-24   81.2   2.7     2   109    13   119    12   120 0.99 -
d1m7xa1b.1.18.2      -            110 d3bmva1b.1.18.2.aln  -            110   1.2e-22   75.9   0.0   1   1   3.1e-24   1.3e-22   75.8   0.0     1   109     1   109     1   110 0.98 -
d1ut9a2b.1.18.2      -             98 d3bmva1b.1.18.2.aln  -            110   1.6e-18   62.7   0.2   1   1     4e-20   1.7e-18   62.6   0.2    11   104     3    97     1    98 0.97 -
d1edqa1b.1.18.2      -            109 d3bmva1b.1.18.2.aln  -            110   6.7e-18   60.6   3.0   1   1   1.8e-19   7.3e-18   60.5   3.0     2   106     3   108     2   109 0.98 -
d1txka1b.1.18.2      -            115 d3bmva1b.1.18.2.aln  -            110   4.1e-17   58.1   1.7   1   1   1.1e-18   4.5e-17   58.0   1.7     4   108     2   114     1   115 0.98 -
d2fhfa2b.1.18.2      -            125 d3bmva1b.1.18.2.aln  -            110   1.3e-16   56.5   0.3   1   1   3.5e-18   1.4e-16   56.3   0.3     1   108     5   120     5   122 0.98 -
d1k3ia1b.1.18.2      -            102 d3bmva1b.1.18.2.aln  -            110   1.9e-16   56.0   1.1   1   1   5.4e-18   2.2e-16   55.7   1.1    14   103     4   101     2   102 0.98 -
d1bf2a1b.1.18.2      -            162 d3bmva1b.1.18.2.aln  -            110   5.8e-16   54.4   6.1   1   1     2e-17   8.2e-16   53.9   6.1     2   108    40   154    39   156 0.97 -
d2fhfa1b.1.18.2      -            115 d3bmva1b.1.18.2.aln  -            110     7e-16   54.1   2.4   1   1   1.8e-17   7.6e-16   54.0   2.4     4   109     1   114     1   115 0.98 -
d1clca2b.1.18.2      -            100 d3bmva1b.1.18.2.aln  -            110     1e-15   53.6   0.2   1   1   2.6e-17   1.1e-15   53.5   0.2    12   109     2    97     1    98 0.95 -
d2bhua1b.1.18.2      -             97 d3bmva1b.1.18.2.aln  -            110   1.4e-15   53.2   0.1   1   1   3.6e-17   1.5e-15   53.1   0.1     8   100     1    95     1    97 0.97 -
d1qbaa1b.1.18.2      -            105 d3bmva1b.1.18.2.aln  -            110   3.6e-15   51.9   0.0   1   1   9.3e-17   3.9e-15   51.7   0.0     2   104     1   104     1   105 0.98 -
d1w8oa1b.1.18.2      -            103 d3bmva1b.1.18.2.aln  -            110   6.7e-15   51.0   2.3   1   1   1.7e-16   7.2e-15   50.9   2.3    11   107     3   101     1   103 0.98 -
d1h3ga1b.1.18.2      -             93 d3bmva1b.1.18.2.aln  -            110   5.5e-13   44.8   0.0   1   1   1.5e-14   6.1e-13   44.7   0.0     9   104     2    92     1    93 0.97 -
d2bvya1b.1.18.2      -             94 d3bmva1b.1.18.2.aln  -            110     6e-11   38.3  11.2   1   1   1.5e-12   6.4e-11   38.2  11.2    10   101     3    93     1    94 0.96 -
d3bmva1b.1.18.2      -             83 d3bmva1b.1.18.2.aln  -            110   1.1e-10   37.5   1.8   1   1   3.1e-12   1.3e-10   37.2   1.8    16   100     3    80     1    81 0.94 -
d1f1sa2b.1.18.2      -             78 d3bmva1b.1.18.2.aln  -            110   1.3e-10   37.2   0.3   1   1   3.3e-12   1.4e-10   37.1   0.3    17    96     2    78     1    78 0.96 -
d1ulva2b.1.18.2      -             89 d3bmva1b.1.18.2.aln  -            110   1.4e-06   24.1   6.8   1   1   3.7e-08   1.5e-06   24.1   6.8    13   103     2    87     1    89 0.94 -
#
# Program:         hmmsearch
# Version:         3.3.2 (Nov 2020)
# Pipeline mode:   SEARCH
# Query file:      /home/elise/Documents/M1-BIM/S2/TMEs/SBAS/tme08/models/d3bmva1b.1.18.2.aln.hmm
# Target file:     /home/elise/Documents/M1-BIM/S2/TMEs/SBAS/tme08/scop/scop/scopTestSeq.fasta
# Option settings: hmmsearch --domtblout /home/elise/Documents/M1-BIM/S2/TMEs/SBAS/tme08/searchResults/d3bmva1b.1.18.2.aln.out -E 1 /home/elise/Documents/M1-BIM/S2/TMEs/SBAS/tme08/models/d3bmva1b.1.18.2.aln.hmm /home/elise/Documents/M1-BIM/S2/TMEs/SBAS/tme08/scop/scop/scopTestSeq.fasta 
# Current dir:     /home/elise/Documents/M1-BIM/S2/TMEs/SBAS/tme08
# Date:            Tue Apr  1 17:31:04 2025
# [ok]
