#                                                                            --- full sequence --- -------------- this domain -------------   hmm coord   ali coord   env coord
# target name        accession   tlen query name           accession   qlen   E-value  score  bias   #  of  c-Evalue  i-Evalue  score  bias  from    to  from    to  from    to  acc description of target
#------------------- ---------- ----- -------------------- ---------- ----- --------- ------ ----- --- --- --------- --------- ------ ----- ----- ----- ----- ----- ----- ----- ---- ---------------------
d1e43a2c.1.8.1       -            393 d3bmva4c.1.8.1.aln   -            415   1.2e-99  330.0  18.2   1   1  3.3e-101   1.3e-99  329.8  18.2    12   408     2   393     1   393 0.97 -
d2guya2c.1.8.1       -            381 d3bmva4c.1.8.1.aln   -            415   4.1e-98  324.9  11.2   1   1   1.2e-99   4.6e-98  324.7  11.2     6   410     2   373     1   378 0.97 -
d3bmva4c.1.8.1       -            406 d3bmva4c.1.8.1.aln   -            415   1.4e-96  319.9  19.7   1   1   4.2e-98   1.6e-96  319.6  19.7    12   414    14   406    10   406 0.98 -
d1wzaa2c.1.8.1       -            409 d3bmva4c.1.8.1.aln   -            415     4e-89  295.3  20.0   1   1   1.1e-90   4.4e-89  295.1  20.0    10   413     2   408     1   409 0.96 -
d1h3ga3c.1.8.1       -            422 d3bmva4c.1.8.1.aln   -            415   1.6e-85  283.4  14.9   1   1   4.6e-87   1.8e-85  283.2  14.9     6   414     5   421     1   422 0.97 -
d1ji1a3c.1.8.1       -            432 d3bmva4c.1.8.1.aln   -            415   1.3e-83  277.0  26.5   1   1   3.8e-85   1.5e-83  276.9  26.5     4   414     2   431     1   432 0.98 -
d1uoka2c.1.8.1       -            479 d3bmva4c.1.8.1.aln   -            415   1.8e-83  276.7  19.4   1   1   5.1e-85     2e-83  276.5  19.4     6   414     2   479     1   479 0.98 -
d1ht6a2c.1.8.1       -            347 d3bmva4c.1.8.1.aln   -            415   3.6e-72  239.4   9.9   1   1     1e-73     4e-72  239.2   9.9    13   409     2   346     1   347 0.97 -
d1wdpa_c.1.8.1       -            493 d3bmva4c.1.8.1.aln   -            415   5.8e-69  228.8   1.2   1   1   1.6e-70   6.4e-69  228.7   1.2     1   413     5   492     5   493 0.98 -
d1g5aa2c.1.8.1       -            554 d3bmva4c.1.8.1.aln   -            415   1.7e-62  207.5   9.4   1   1   4.8e-64   1.9e-62  207.4   9.4    31   414    65   553     2   554 0.92 -
d1x1na1c.1.8.1       -            523 d3bmva4c.1.8.1.aln   -            415   3.5e-62  206.5   0.2   1   1     1e-63     4e-62  206.3   0.2     2   414    30   522    29   523 0.96 -
d1bf2a3c.1.8.1       -            475 d3bmva4c.1.8.1.aln   -            415   6.8e-62  205.5  18.4   1   1   2.1e-63   8.3e-62  205.3  18.4     3   414     7   472     5   473 0.96 -
d1ua7a2c.1.8.1       -            344 d3bmva4c.1.8.1.aln   -            415   3.6e-56  186.7  13.8   1   1   1.2e-57   4.6e-56  186.3  13.8    38   410    11   341     7   344 0.93 -
d2bhua3c.1.8.1       -            420 d3bmva4c.1.8.1.aln   -            415   1.6e-54  181.2   7.7   1   1   4.7e-56   1.8e-54  181.1   7.7     4   414     6   419     3   420 0.97 -
d1m7xa3c.1.8.1       -            396 d3bmva4c.1.8.1.aln   -            415   1.4e-51  171.5  23.7   1   1   4.1e-53   1.6e-51  171.4  23.7     5   414     4   392     1   393 0.98 -
d2fhfa5c.1.8.1       -            563 d3bmva4c.1.8.1.aln   -            415   4.9e-51  169.8   1.0   1   1   1.4e-52   5.7e-51  169.6   1.0     3   414    45   562    43   563 0.97 -
d1gjwa2c.1.8.1       -            572 d3bmva4c.1.8.1.aln   -            415     6e-50  166.2   0.1   1   1   1.7e-51   6.8e-50  166.0   0.1     4   413    46   570    43   572 0.97 -
d1r7aa2c.1.8.1       -            434 d3bmva4c.1.8.1.aln   -            415   1.8e-42  141.6   0.3   1   1     5e-44     2e-42  141.4   0.3    10   414     1   431     1   432 0.97 -
d1vema2c.1.8.1       -            417 d3bmva4c.1.8.1.aln   -            415   1.3e-38  128.8   9.7   1   1   3.7e-40   1.5e-38  128.7   9.7     3   405     5   411     3   417 0.95 -
d1kwga2c.1.8.1       -            393 d3bmva4c.1.8.1.aln   -            415   1.8e-38  128.4   0.4   1   1   5.1e-40     2e-38  128.3   0.4     2   414     3   392     2   393 0.96 -
#
# Program:         hmmsearch
# Version:         3.3.2 (Nov 2020)
# Pipeline mode:   SEARCH
# Query file:      /home/elise/Documents/M1-BIM/S2/TMEs/SBAS/tme08/models/d3bmva4c.1.8.1.aln.hmm
# Target file:     /home/elise/Documents/M1-BIM/S2/TMEs/SBAS/tme08/scop/scop/scopTestSeq.fasta
# Option settings: hmmsearch --domtblout /home/elise/Documents/M1-BIM/S2/TMEs/SBAS/tme08/searchResults/d3bmva4c.1.8.1.aln.out -E 1 /home/elise/Documents/M1-BIM/S2/TMEs/SBAS/tme08/models/d3bmva4c.1.8.1.aln.hmm /home/elise/Documents/M1-BIM/S2/TMEs/SBAS/tme08/scop/scop/scopTestSeq.fasta 
# Current dir:     /home/elise/Documents/M1-BIM/S2/TMEs/SBAS/tme08
# Date:            Tue Apr  1 17:31:05 2025
# [ok]
