#                                                                            --- full sequence --- -------------- this domain -------------   hmm coord   ali coord   env coord
# target name        accession   tlen query name           accession   qlen   E-value  score  bias   #  of  c-Evalue  i-Evalue  score  bias  from    to  from    to  from    to  acc description of target
#------------------- ---------- ----- -------------------- ---------- ----- --------- ------ ----- --- --- --------- --------- ------ ----- ----- ----- ----- ----- ----- ----- ---- ---------------------
d2fbia1a.4.5.28      -            136 d3broa1a.4.5.28.aln  -            140   9.2e-43  140.9   0.4   1   1   2.4e-44   9.9e-43  140.8   0.4     8   138     4   134     1   136 0.97 -
d2fxaa1a.4.5.28      -            162 d3broa1a.4.5.28.aln  -            140   3.9e-42  138.9   0.0   1   1   1.1e-43   4.4e-42  138.7   0.0     3   139    10   146     8   147 0.98 -
d2etha1a.4.5.28      -            140 d3broa1a.4.5.28.aln  -            140   2.8e-41  136.1   0.0   1   1   7.4e-43   3.1e-41  136.0   0.0     3   139     1   137     1   138 0.98 -
d2a61a1a.4.5.28      -            139 d3broa1a.4.5.28.aln  -            140   4.4e-41  135.5   0.0   1   1   1.2e-42   4.8e-41  135.4   0.0     5   140     1   136     1   136 0.98 -
d1s3ja_a.4.5.28      -            143 d3broa1a.4.5.28.aln  -            140   1.9e-40  133.5   3.8   1   1   4.9e-42     2e-40  133.3   3.8     3   139     4   140     2   141 0.98 -
d1jgsa_a.4.5.28      -            138 d3broa1a.4.5.28.aln  -            140   2.6e-40  133.0   0.0   1   1   6.8e-42   2.8e-40  132.9   0.0     3   136     3   136     1   138 0.98 -
d1lj9a_a.4.5.28      -            144 d3broa1a.4.5.28.aln  -            140   8.2e-39  128.1   1.3   1   1   2.2e-40   9.1e-39  128.0   1.3     7   139     2   134     1   135 0.98 -
d3echa_a.4.5.28      -            142 d3broa1a.4.5.28.aln  -            140   2.8e-38  126.4   0.1   1   1   7.3e-40     3e-38  126.3   0.1     2   138     5   141     4   142 0.98 -
d2fbha1a.4.5.28      -            137 d3broa1a.4.5.28.aln  -            140   4.8e-38  125.6   0.2   1   1   1.3e-39   5.3e-38  125.5   0.2     8   140     2   135     1   135 0.98 -
d2hr3a1a.4.5.28      -            145 d3broa1a.4.5.28.aln  -            140     1e-35  118.1   0.0   1   1   2.8e-37   1.1e-35  117.9   0.0     1   139     1   140     1   141 0.98 -
d2fbka1a.4.5.28      -            172 d3broa1a.4.5.28.aln  -            140   4.4e-35  116.1   0.0   1   1   1.2e-36   5.1e-35  115.8   0.0     5   139    33   170    29   171 0.97 -
d1p4xa1a.4.5.28      -            125 d3broa1a.4.5.28.aln  -            140   5.5e-35  115.7   3.3   1   1   1.4e-36     6e-35  115.6   3.3     1   123     1   125     1   125 0.98 -
d1p4xa2a.4.5.28      -            125 d3broa1a.4.5.28.aln  -            140   1.1e-33  111.6   4.4   1   1   2.7e-35   1.1e-33  111.5   4.4     2   122     2   123     1   125 0.96 -
d1hsja1a.4.5.28      -            115 d3broa1a.4.5.28.aln  -            140   1.2e-31  104.9   4.5   1   1   3.1e-33   1.3e-31  104.8   4.5     3   114     1   114     1   115 0.97 -
d3bjaa_a.4.5.0       -            139 d3broa1a.4.5.28.aln  -            140   1.1e-24   82.4   0.2   1   1   2.7e-26   1.1e-24   82.3   0.2    19   139    18   138     2   139 0.94 -
d1ub9a_a.4.5.28      -            100 d3broa1a.4.5.28.aln  -            140   2.6e-24   81.1   0.0   1   1   6.8e-26   2.8e-24   81.0   0.0    19   116     1    98     1   100 0.97 -
d3jw4a_a.4.5.0       -            137 d3broa1a.4.5.28.aln  -            140   1.1e-20   69.4   0.1   1   1   2.7e-22   1.1e-20   69.4   0.1    11   134     7   132     1   137 0.95 -
d3broa1a.4.5.28      -            135 d3broa1a.4.5.28.aln  -            140     2e-19   65.3   6.0   1   1   5.3e-21   2.2e-19   65.2   6.0     7   136     2   133     1   135 0.98 -
d3ctaa1a.4.5.28      -             85 d3broa1a.4.5.28.aln  -            140   1.9e-17   58.9   0.3   1   1   5.5e-19   2.3e-17   58.6   0.3    25   113     2    83     1    84 0.89 -
#
# Program:         hmmsearch
# Version:         3.3.2 (Nov 2020)
# Pipeline mode:   SEARCH
# Query file:      /home/elise/Documents/M1-BIM/S2/TMEs/SBAS/tme08/models/d3broa1a.4.5.28.aln.hmm
# Target file:     /home/elise/Documents/M1-BIM/S2/TMEs/SBAS/tme08/scop/scop/scopTestSeq.fasta
# Option settings: hmmsearch --domtblout /home/elise/Documents/M1-BIM/S2/TMEs/SBAS/tme08/searchResults/d3broa1a.4.5.28.aln.out -E 1 /home/elise/Documents/M1-BIM/S2/TMEs/SBAS/tme08/models/d3broa1a.4.5.28.aln.hmm /home/elise/Documents/M1-BIM/S2/TMEs/SBAS/tme08/scop/scop/scopTestSeq.fasta 
# Current dir:     /home/elise/Documents/M1-BIM/S2/TMEs/SBAS/tme08
# Date:            Tue Apr  1 17:31:05 2025
# [ok]
