#                                                                            --- full sequence --- -------------- this domain -------------   hmm coord   ali coord   env coord
# target name        accession   tlen query name           accession   qlen   E-value  score  bias   #  of  c-Evalue  i-Evalue  score  bias  from    to  from    to  from    to  acc description of target
#------------------- ---------- ----- -------------------- ---------- ----- --------- ------ ----- --- --- --------- --------- ------ ----- ----- ----- ----- ----- ----- ----- ---- ---------------------
d1n4wa1c.3.1.2       -            368 d3c96a1c.3.1.2.aln   -            355   3.2e-93  308.3   0.6   1   1   1.1e-94   3.6e-93  308.1   0.6     2   353    16   367    15   368 0.99 -
d2iida1c.3.1.2       -            371 d3c96a1c.3.1.2.aln   -            355   3.6e-93  308.1   0.0   1   1   1.2e-94     4e-93  308.0   0.0     2   334    28   370    27   371 0.99 -
d2f5va1c.3.1.2       -            380 d3c96a1c.3.1.2.aln   -            355   6.8e-87  287.5   0.0   1   1   2.3e-88   7.6e-87  287.3   0.0     1   354     1   376     1   377 0.99 -
d1kdga1c.3.1.2       -            361 d3c96a1c.3.1.2.aln   -            355   2.6e-86  285.6   0.0   1   1   8.7e-88   2.9e-86  285.4   0.0     3   354     1   360     1   361 0.99 -
d2dw4a2c.3.1.2       -            450 d3c96a1c.3.1.2.aln   -            355   1.6e-85  283.0   0.7   1   3   6.3e-12   2.1e-10   35.9   0.2     7    47     8    48     3    49 0.95 -
d2dw4a2c.3.1.2       -            450 d3c96a1c.3.1.2.aln   -            355   1.6e-85  283.0   0.7   2   3   4.4e-78   1.4e-76  253.5   0.0     9   355    39   411    38   411 0.99 -
d2dw4a2c.3.1.2       -            450 d3c96a1c.3.1.2.aln   -            355   1.6e-85  283.0   0.7   3   3       1.1        35   -1.0   0.0   299   327   414   442   412   445 0.92 -
d1b5qa1c.3.1.2       -            348 d3c96a1c.3.1.2.aln   -            355   3.2e-81  268.8   0.2   1   1   1.1e-82   3.5e-81  268.7   0.2     5   338     1   348     1   348 1.00 -
d2gmha1c.3.1.2       -            381 d3c96a1c.3.1.2.aln   -            355   7.7e-81  267.6   0.0   1   1   2.6e-82   8.7e-81  267.4   0.0     4   355    32   380    29   380 0.99 -
d1seza1c.3.1.2       -            374 d3c96a1c.3.1.2.aln   -            355   1.7e-79  263.2   0.0   1   1   5.6e-81   1.8e-79  263.0   0.0     5   354     2   366     1   367 0.99 -
d1pn0a1c.3.1.2       -            361 d3c96a1c.3.1.2.aln   -            355   3.3e-76  252.3   0.0   1   1   1.1e-77   3.7e-76  252.2   0.0     2   353     5   360     4   361 0.99 -
d1ju2a1c.3.1.2       -            352 d3c96a1c.3.1.2.aln   -            355   5.4e-73  241.8   0.6   1   1   1.8e-74     6e-73  241.6   0.6     3   353    26   349    24   351 0.98 -
d2ivda1c.3.1.2       -            348 d3c96a1c.3.1.2.aln   -            355   1.1e-67  224.3   0.3   1   1   3.8e-69   1.2e-67  224.1   0.3     6   353     2   345     1   347 0.99 -
d1k0ia1c.3.1.2       -            293 d3c96a1c.3.1.2.aln   -            355   1.1e-57  191.4   0.0   1   1   3.6e-59   1.2e-57  191.3   0.0     4   344     2   292     1   293 0.99 -
d1pj5a2c.3.1.2       -            306 d3c96a1c.3.1.2.aln   -            355   1.1e-57  191.4   0.1   1   1   3.6e-59   1.2e-57  191.3   0.1     5   346     2   306     1   306 0.99 -
d2gf3a1c.3.1.2       -            282 d3c96a1c.3.1.2.aln   -            355   1.6e-57  190.9   0.0   1   1   5.6e-59   1.8e-57  190.7   0.0     2   343     1   282     1   282 0.99 -
d1ryia1c.3.1.2       -            277 d3c96a1c.3.1.2.aln   -            355   2.7e-56  186.9   0.0   1   1   9.3e-58     3e-56  186.7   0.0     1   335     1   275     1   277 0.99 -
d2voua1c.3.1.2       -            266 d3c96a1c.3.1.2.aln   -            355   9.8e-47  155.4   1.5   1   1   1.2e-46   3.8e-45  150.2   1.5     2   343     2   265     1   266 0.99 -
d1nhpa2c.3.1.5       -            123 d3c96a1c.3.1.2.aln   -            355   1.1e-06   23.6   0.4   1   1   4.2e-08   1.4e-06   23.3   0.4     6    76    32   101    29   116 0.82 -
d1v59a2c.3.1.5       -            122 d3c96a1c.3.1.2.aln   -            355     1e-05   20.4   0.0   1   1   3.2e-07     1e-05   20.4   0.0     4    35    23    54    21   114 0.93 -
d1w4xa1c.3.1.5       -            299 d3c96a1c.3.1.2.aln   -            355   1.7e-05   19.8   0.1   1   1   8.2e-07   2.7e-05   19.1   0.1     6    42     9    45     5    53 0.92 -
d3c96a1c.3.1.2       -            289 d3c96a1c.3.1.2.aln   -            355   3.7e-05   18.6   0.3   1   1   1.7e-06   5.6e-05   18.1   0.3     6    38     3    35     1    45 0.85 -
d1v59a1c.3.1.5       -            234 d3c96a1c.3.1.2.aln   -            355   8.8e-05   17.4   0.6   1   1   4.7e-06   0.00015   16.6   0.6     6    41     7    42     5    43 0.96 -
d1xhca2c.3.1.5       -            122 d3c96a1c.3.1.2.aln   -            355    0.0002   16.3   0.4   1   1   8.4e-06   0.00028   15.8   0.4     7    37    35    65    34    71 0.92 -
d2gv8a1c.3.1.5       -            336 d3c96a1c.3.1.2.aln   -            355   0.00083   14.2   0.0   1   1   3.7e-05    0.0012   13.6   0.0     7    42     7    44     5    87 0.76 -
d1fl2a1c.3.1.5       -            185 d3c96a1c.3.1.2.aln   -            355    0.0077   11.0   1.1   1   1   0.00035     0.012   10.4   1.1     4    28     1    25     1    35 0.86 -
#
# Program:         hmmsearch
# Version:         3.3.2 (Nov 2020)
# Pipeline mode:   SEARCH
# Query file:      /home/elise/Documents/M1-BIM/S2/TMEs/SBAS/tme08/models/d3c96a1c.3.1.2.aln.hmm
# Target file:     /home/elise/Documents/M1-BIM/S2/TMEs/SBAS/tme08/scop/scop/scopTestSeq.fasta
# Option settings: hmmsearch --domtblout /home/elise/Documents/M1-BIM/S2/TMEs/SBAS/tme08/searchResults/d3c96a1c.3.1.2.aln.out -E 1 /home/elise/Documents/M1-BIM/S2/TMEs/SBAS/tme08/models/d3c96a1c.3.1.2.aln.hmm /home/elise/Documents/M1-BIM/S2/TMEs/SBAS/tme08/scop/scop/scopTestSeq.fasta 
# Current dir:     /home/elise/Documents/M1-BIM/S2/TMEs/SBAS/tme08
# Date:            Tue Apr  1 17:31:05 2025
# [ok]
