#                                                                            --- full sequence --- -------------- this domain -------------   hmm coord   ali coord   env coord
# target name        accession   tlen query name           accession   qlen   E-value  score  bias   #  of  c-Evalue  i-Evalue  score  bias  from    to  from    to  from    to  acc description of target
#------------------- ---------- ----- -------------------- ---------- ----- --------- ------ ----- --- --- --------- --------- ------ ----- ----- ----- ----- ----- ----- ----- ---- ---------------------
d2nyca1d.37.1.1      -            140 d3ddja2d.37.1.1.aln  -            138     1e-39  131.1   0.3   1   1   2.5e-41   1.1e-39  131.0   0.3     5   133    10   138     6   140 0.97 -
d1pvma4d.37.1.1      -            142 d3ddja2d.37.1.1.aln  -            138   7.5e-38  125.1   0.7   1   1   1.9e-39   8.4e-38  124.9   0.7     2   136     1   129     1   131 0.96 -
d2yzqa2d.37.1.1      -            122 d3ddja2d.37.1.1.aln  -            138   6.1e-36  118.9   2.3   1   1   1.5e-37   6.8e-36  118.7   2.3     4   135     1   119     1   122 0.97 -
d2yzqa1d.37.1.1      -            156 d3ddja2d.37.1.1.aln  -            138     7e-35  115.4   0.1   1   1     2e-36   8.6e-35  115.2   0.1     3   132     3   155     1   156 0.98 -
d2yzia1d.37.1.1      -            132 d3ddja2d.37.1.1.aln  -            138   2.9e-34  113.5   1.1   1   1   7.2e-36   3.2e-34  113.3   1.1     3   137     4   130     2   131 0.94 -
d1y5ha3d.37.1.1      -            123 d3ddja2d.37.1.1.aln  -            138   8.2e-33  108.7   0.1   1   1     2e-34     9e-33  108.6   0.1     6   132     3   122     1   123 0.95 -
d1o50a3d.37.1.1      -            145 d3ddja2d.37.1.1.aln  -            138   1.7e-32  107.7   1.7   1   1   4.4e-34   1.9e-32  107.6   1.7     1   137     1   144     1   145 0.98 -
d3ddja1d.37.1.1      -            141 d3ddja2d.37.1.1.aln  -            138   2.9e-32  107.0   6.9   1   1   7.2e-34   3.1e-32  106.9   6.9     4   135     2   132     1   135 0.98 -
d1vr9a3d.37.1.1      -            121 d3ddja2d.37.1.1.aln  -            138   2.1e-31  104.2   0.1   1   1   5.4e-33   2.4e-31  104.0   0.1     4   136     1   120     1   121 0.98 -
d2rc3a1d.37.1.1      -            127 d3ddja2d.37.1.1.aln  -            138   5.4e-29   96.4   2.2   1   1   1.4e-30     6e-29   96.2   2.2     3   133     4   126     2   127 0.93 -
d1zfja4d.37.1.1      -            126 d3ddja2d.37.1.1.aln  -            138   9.7e-29   95.6   0.2   1   1   2.4e-30   1.1e-28   95.4   0.2    10   134     3   118     1   122 0.89 -
d1pbja3d.37.1.1      -            120 d3ddja2d.37.1.1.aln  -            138   1.3e-28   95.1   7.5   1   1   3.4e-30   1.5e-28   95.0   7.5     5   132     1   119     1   120 0.93 -
d2j9la1d.37.1.1      -            169 d3ddja2d.37.1.1.aln  -            138   3.1e-27   90.7   0.4   1   1     8e-29   3.5e-27   90.5   0.4     1   137     6   160     6   161 0.96 -
d2v8qe2d.37.1.1      -            159 d3ddja2d.37.1.1.aln  -            138   3.8e-27   90.4   0.0   1   1   7.3e-28   3.2e-26   87.4   0.0     2   137    13   158    12   159 0.96 -
d2ouxa2d.37.1.1      -            127 d3ddja2d.37.1.1.aln  -            138   4.7e-27   90.1   7.0   1   1   1.2e-28     5e-27   90.0   7.0    14   136     3   125     1   127 0.97 -
d2riha_d.37.1.1      -            131 d3ddja2d.37.1.1.aln  -            138   6.5e-27   89.6   0.5   1   1   1.6e-28   7.2e-27   89.5   0.5     6   135     3   125     1   128 0.92 -
d2d4za3d.37.1.1      -            161 d3ddja2d.37.1.1.aln  -            138   1.7e-24   81.8   0.0   1   1   8.7e-26   3.8e-24   80.7   0.0     2   136     9   154     8   160 0.97 -
d3ddja2d.37.1.1      -            135 d3ddja2d.37.1.1.aln  -            138     2e-16   55.7   0.1   1   1   6.2e-18   2.7e-16   55.2   0.1     4   129     1   127     1   133 0.85 -
#
# Program:         hmmsearch
# Version:         3.3.2 (Nov 2020)
# Pipeline mode:   SEARCH
# Query file:      /home/elise/Documents/M1-BIM/S2/TMEs/SBAS/tme08/models/d3ddja2d.37.1.1.aln.hmm
# Target file:     /home/elise/Documents/M1-BIM/S2/TMEs/SBAS/tme08/scop/scop/scopTestSeq.fasta
# Option settings: hmmsearch --domtblout /home/elise/Documents/M1-BIM/S2/TMEs/SBAS/tme08/searchResults/d3ddja2d.37.1.1.aln.out -E 1 /home/elise/Documents/M1-BIM/S2/TMEs/SBAS/tme08/models/d3ddja2d.37.1.1.aln.hmm /home/elise/Documents/M1-BIM/S2/TMEs/SBAS/tme08/scop/scop/scopTestSeq.fasta 
# Current dir:     /home/elise/Documents/M1-BIM/S2/TMEs/SBAS/tme08
# Date:            Tue Apr  1 17:31:05 2025
# [ok]
