#                                                                            --- full sequence --- -------------- this domain -------------   hmm coord   ali coord   env coord
# target name        accession   tlen query name           accession   qlen   E-value  score  bias   #  of  c-Evalue  i-Evalue  score  bias  from    to  from    to  from    to  acc description of target
#------------------- ---------- ----- -------------------- ---------- ----- --------- ------ ----- --- --- --------- --------- ------ ----- ----- ----- ----- ----- ----- ----- ---- ---------------------
d3bpza_b.82.3.2      -            194 d3e5ua2b.82.3.2.aln  -            134   4.8e-49  161.0   0.0   1   2       3.6   2.3e+02   -3.0   0.0    12    28    20    36    12    41 0.69 -
d3bpza_b.82.3.2      -            194 d3e5ua2b.82.3.2.aln  -            134   4.8e-49  161.0   0.0   2   2   1.4e-50   8.9e-49  160.2   0.0     3   133    67   192    63   193 0.97 -
d1vp6a_b.82.3.2      -            133 d3e5ua2b.82.3.2.aln  -            134   6.7e-42  137.9   0.0   1   1   1.2e-43   7.8e-42  137.7   0.0     2   131     9   131     6   133 0.98 -
d1cx4a2b.82.3.2      -            147 d3e5ua2b.82.3.2.aln  -            134   9.1e-42  137.5   0.1   1   1   1.5e-43     1e-41  137.3   0.1     4   132     2   136     1   138 0.98 -
d1cx4a1b.82.3.2      -            136 d3e5ua2b.82.3.2.aln  -            134   2.2e-40  133.0   0.0   1   1   3.9e-42   2.6e-40  132.8   0.0     3   125    15   136    11   136 0.97 -
d2gaua2b.82.3.2      -            142 d3e5ua2b.82.3.2.aln  -            134   4.5e-38  125.5   0.0   1   1   7.5e-40   4.9e-38  125.4   0.0     6   133     3   130     1   131 0.97 -
d1o7fa2b.82.3.2      -            155 d3e5ua2b.82.3.2.aln  -            134   7.4e-35  115.1   0.0   1   1   1.4e-36   8.9e-35  114.8   0.0     7   133    28   154    21   155 0.87 -
d1o7fa3b.82.3.2      -            124 d3e5ua2b.82.3.2.aln  -            134   2.2e-34  113.5   0.0   1   1   3.8e-36   2.5e-34  113.4   0.0     3   119    10   123     6   124 0.97 -
d1wgpa_b.82.3.2      -            137 d3e5ua2b.82.3.2.aln  -            134   5.2e-34  112.4   0.0   1   1   8.9e-36   5.8e-34  112.2   0.0     3   130     5   135     2   137 0.97 -
d1zyba2b.82.3.2      -            147 d3e5ua2b.82.3.2.aln  -            134   1.6e-33  110.8   0.0   1   1   2.7e-35   1.8e-33  110.6   0.0     3   131     5   146     1   147 0.95 -
d1o5la1b.82.3.2      -            129 d3e5ua2b.82.3.2.aln  -            134   4.4e-31  102.9   0.0   1   1   7.6e-33     5e-31  102.7   0.0    19   133     2   117     1   118 0.98 -
d2zcwa2b.82.3.2      -            112 d3e5ua2b.82.3.2.aln  -            134   7.8e-27   89.1   0.0   1   1   1.3e-28   8.6e-27   89.0   0.0    29   133     2   107     1   108 0.98 -
d3e5ua2b.82.3.2      -            139 d3e5ua2b.82.3.2.aln  -            134   8.1e-25   82.6   0.0   1   1   1.5e-26   9.9e-25   82.3   0.0    14   133    11   127     9   128 0.97 -
#
# Program:         hmmsearch
# Version:         3.3.2 (Nov 2020)
# Pipeline mode:   SEARCH
# Query file:      /home/elise/Documents/M1-BIM/S2/TMEs/SBAS/tme08/models/d3e5ua2b.82.3.2.aln.hmm
# Target file:     /home/elise/Documents/M1-BIM/S2/TMEs/SBAS/tme08/scop/scop/scopTestSeq.fasta
# Option settings: hmmsearch --domtblout /home/elise/Documents/M1-BIM/S2/TMEs/SBAS/tme08/searchResults/d3e5ua2b.82.3.2.aln.out -E 1 /home/elise/Documents/M1-BIM/S2/TMEs/SBAS/tme08/models/d3e5ua2b.82.3.2.aln.hmm /home/elise/Documents/M1-BIM/S2/TMEs/SBAS/tme08/scop/scop/scopTestSeq.fasta 
# Current dir:     /home/elise/Documents/M1-BIM/S2/TMEs/SBAS/tme08
# Date:            Tue Apr  1 17:31:05 2025
# [ok]
