#                                                                            --- full sequence --- -------------- this domain -------------   hmm coord   ali coord   env coord
# target name        accession   tlen query name           accession   qlen   E-value  score  bias   #  of  c-Evalue  i-Evalue  score  bias  from    to  from    to  from    to  acc description of target
#------------------- ---------- ----- -------------------- ---------- ----- --------- ------ ----- --- --- --------- --------- ------ ----- ----- ----- ----- ----- ----- ----- ---- ---------------------
d1xuva_d.129.3.5     -            163 d3elia1d.129.3.5.aln -            156   1.8e-51  169.7   0.1   1   1   2.5e-53     2e-51  169.6   0.1     2   155     7   160     6   161 0.98 -
d1xfsa_d.129.3.5     -            165 d3elia1d.129.3.5.aln -            156   1.4e-50  166.8   0.0   1   1   1.9e-52   1.5e-50  166.7   0.0     4   156     2   165     1   165 0.98 -
d2il5a1d.129.3.5     -            164 d3elia1d.129.3.5.aln -            156   4.5e-49  161.9   3.5   1   1   6.4e-51     5e-49  161.8   3.5     1   156     1   164     1   164 0.99 -
d1xn5a_d.129.3.5     -            138 d3elia1d.129.3.5.aln -            156   5.7e-49  161.6   1.8   1   1     8e-51   6.3e-49  161.4   1.8     4   152     2   138     1   138 0.98 -
d2l65a1d.129.3.5     -            155 d3elia1d.129.3.5.aln -            156   2.4e-47  156.3   1.0   1   1   3.3e-49   2.6e-47  156.2   1.0     4   156     1   154     1   154 0.99 -
d1z94a1d.129.3.5     -            143 d3elia1d.129.3.5.aln -            156     1e-45  151.0   0.0   1   1   1.5e-47   1.1e-45  150.9   0.0     7   153     2   143     1   143 0.98 -
d2nn5a1d.129.3.5     -            160 d3elia1d.129.3.5.aln -            156   1.6e-45  150.4   0.4   1   1   2.3e-47   1.8e-45  150.2   0.4     2   152     7   160     6   160 0.99 -
d2k5ga1d.129.3.5     -            183 d3elia1d.129.3.5.aln -            156   1.7e-43  143.8   0.0   1   1   2.4e-45   1.9e-43  143.6   0.0     2   156    14   181    13   181 0.99 -
d1x53a1d.129.3.5     -            132 d3elia1d.129.3.5.aln -            156   1.2e-37  124.8   2.5   1   1   5.6e-39   4.4e-37  123.0   2.5     5   155     2   132     1   132 0.98 -
d3elia1d.129.3.5     -            143 d3elia1d.129.3.5.aln -            156   3.6e-09   32.3   0.1   1   1   5.8e-11   4.5e-09   32.0   0.1     8   147     2   139     1   143 0.67 -
#
# Program:         hmmsearch
# Version:         3.3.2 (Nov 2020)
# Pipeline mode:   SEARCH
# Query file:      /home/elise/Documents/M1-BIM/S2/TMEs/SBAS/tme08/models/d3elia1d.129.3.5.aln.hmm
# Target file:     /home/elise/Documents/M1-BIM/S2/TMEs/SBAS/tme08/scop/scop/scopTestSeq.fasta
# Option settings: hmmsearch --domtblout /home/elise/Documents/M1-BIM/S2/TMEs/SBAS/tme08/searchResults/d3elia1d.129.3.5.aln.out -E 1 /home/elise/Documents/M1-BIM/S2/TMEs/SBAS/tme08/models/d3elia1d.129.3.5.aln.hmm /home/elise/Documents/M1-BIM/S2/TMEs/SBAS/tme08/scop/scop/scopTestSeq.fasta 
# Current dir:     /home/elise/Documents/M1-BIM/S2/TMEs/SBAS/tme08
# Date:            Tue Apr  1 17:31:06 2025
# [ok]
