#                                                                            --- full sequence --- -------------- this domain -------------   hmm coord   ali coord   env coord
# target name        accession   tlen query name           accession   qlen   E-value  score  bias   #  of  c-Evalue  i-Evalue  score  bias  from    to  from    to  from    to  acc description of target
#------------------- ---------- ----- -------------------- ---------- ----- --------- ------ ----- --- --- --------- --------- ------ ----- ----- ----- ----- ----- ----- ----- ---- ---------------------
d3r6ua_c.94.1.0      -            272 d3i6va_c.94.1.0.aln  -            300   5.3e-72  238.0   3.7   1   1     9e-74   5.9e-72  237.8   3.7    12   282     1   272     1   272 1.00 -
d3tqla_c.94.1.0      -            227 d3i6va_c.94.1.0.aln  -            300     1e-69  230.5   0.5   1   1   1.7e-71   1.1e-69  230.4   0.5    27   256     2   227     1   227 0.99 -
d3delb_c.94.1.0      -            232 d3i6va_c.94.1.0.aln  -            300   3.3e-66  219.0   0.0   1   1   5.6e-68   3.7e-66  218.8   0.0    28   266     2   231     1   232 0.98 -
d3kzga_c.94.1.0      -            228 d3i6va_c.94.1.0.aln  -            300   4.2e-66  218.6   0.1   1   1     7e-68   4.6e-66  218.5   0.1    28   256     3   228     1   228 0.99 -
d2q88a_c.94.1.0      -            257 d3i6va_c.94.1.0.aln  -            300   6.3e-60  198.3   0.0   1   1   1.1e-61     7e-60  198.2   0.0    17   274     2   257     1   257 0.99 -
d3h7ma_c.94.1.0      -            228 d3i6va_c.94.1.0.aln  -            300   1.7e-58  193.6   0.0   1   1     3e-60     2e-58  193.4   0.0    24   258     2   225     1   227 0.98 -
d3i6va_c.94.1.0      -            218 d3i6va_c.94.1.0.aln  -            300   1.7e-27   91.9   0.0   1   1     6e-29     4e-27   90.7   0.0    28   259     1   214     1   216 0.92 -
d1xt8a1c.94.1.1      -            248 d3i6va_c.94.1.0.aln  -            300   6.7e-15   50.5   5.4   1   1   2.8e-16   1.9e-14   49.0   5.4    36   252    20   227     9   231 0.82 -
d1jeta_c.94.1.1      -            517 d3i6va_c.94.1.0.aln  -            300     3e-13   45.1   2.2   1   1   2.5e-14   1.7e-12   42.6   2.2     2   289    74   450    73   455 0.85 -
d1pb7a_c.94.1.1      -            289 d3i6va_c.94.1.0.aln  -            300   1.1e-10   36.7   0.0   1   1   5.8e-12   3.8e-10   34.9   0.0    50   259    61   285    58   287 0.90 -
d1ii5a_c.94.1.1      -            226 d3i6va_c.94.1.0.aln  -            300   1.4e-07   26.5   0.0   1   1   2.9e-09   1.9e-07   26.0   0.0    39   257    15   226    11   226 0.87 -
d1q35a_c.94.1.1      -            318 d3i6va_c.94.1.0.aln  -            300    0.0026   12.4   1.3   1   1   7.5e-05    0.0049   11.5   1.3   216   285   230   299    17   310 0.88 -
#
# Program:         hmmsearch
# Version:         3.3.2 (Nov 2020)
# Pipeline mode:   SEARCH
# Query file:      /home/elise/Documents/M1-BIM/S2/TMEs/SBAS/tme08/models/d3i6va_c.94.1.0.aln.hmm
# Target file:     /home/elise/Documents/M1-BIM/S2/TMEs/SBAS/tme08/scop/scop/scopTestSeq.fasta
# Option settings: hmmsearch --domtblout /home/elise/Documents/M1-BIM/S2/TMEs/SBAS/tme08/searchResults/d3i6va_c.94.1.0.aln.out -E 1 /home/elise/Documents/M1-BIM/S2/TMEs/SBAS/tme08/models/d3i6va_c.94.1.0.aln.hmm /home/elise/Documents/M1-BIM/S2/TMEs/SBAS/tme08/scop/scop/scopTestSeq.fasta 
# Current dir:     /home/elise/Documents/M1-BIM/S2/TMEs/SBAS/tme08
# Date:            Tue Apr  1 17:31:07 2025
# [ok]
