#                                                                            --- full sequence --- -------------- this domain -------------   hmm coord   ali coord   env coord
# target name        accession   tlen query name           accession   qlen   E-value  score  bias   #  of  c-Evalue  i-Evalue  score  bias  from    to  from    to  from    to  acc description of target
#------------------- ---------- ----- -------------------- ---------- ----- --------- ------ ----- --- --- --------- --------- ------ ----- ----- ----- ----- ----- ----- ----- ---- ---------------------
d3cfya_c.23.1.0      -            130 d3khta_c.23.1.0.aln  -            122   8.7e-39  127.6   0.1   1   1     2e-40   9.8e-39  127.5   0.1     2   121     3   120     2   121 0.98 -
d3heba_c.23.1.0      -            142 d3khta_c.23.1.0.aln  -            122   4.1e-35  115.8   0.0   1   1   9.2e-37   4.6e-35  115.6   0.0     2   119     2   129     1   132 0.97 -
d3eqza_c.23.1.0      -            124 d3khta_c.23.1.0.aln  -            122   1.8e-34  113.7   0.0   1   1     4e-36   1.9e-34  113.6   0.0     2   122     2   124     1   124 0.97 -
d1jbea_c.23.1.1      -            128 d3khta_c.23.1.0.aln  -            122   5.4e-33  108.9   0.0   1   1   1.3e-34   6.2e-33  108.7   0.0     3   119     6   123     4   125 0.97 -
d3ktoa_c.23.1.0      -            122 d3khta_c.23.1.0.aln  -            122   3.2e-32  106.4   0.2   1   1     7e-34   3.5e-32  106.3   0.2     2   120     1   119     1   121 0.98 -
d1kgsa2c.23.1.1      -            122 d3khta_c.23.1.0.aln  -            122   6.4e-31  102.2   0.1   1   1   1.4e-32     7e-31  102.1   0.1     3   121     3   119     1   120 0.95 -
d1mb3a_c.23.1.1      -            123 d3khta_c.23.1.0.aln  -            122   6.1e-28   92.6   0.2   1   1   1.4e-29   6.7e-28   92.5   0.2     2   122     2   122     1   122 0.98 -
d1s8na_c.23.1.1      -            190 d3khta_c.23.1.0.aln  -            122   2.4e-27   90.7   0.1   1   1   7.1e-29   3.5e-27   90.1   0.1     3   120     5   120     3   122 0.96 -
d1dz3a_c.23.1.1      -            123 d3khta_c.23.1.0.aln  -            122   2.6e-26   87.3   0.0   1   1   5.7e-28   2.8e-26   87.2   0.0     3   119     3   120     1   123 0.95 -
d1dbwa_c.23.1.1      -            123 d3khta_c.23.1.0.aln  -            122     2e-25   84.5   0.1   1   1   4.6e-27   2.3e-25   84.3   0.1     3   118     5   118     3   121 0.92 -
d2plna_c.23.1.0      -            118 d3khta_c.23.1.0.aln  -            122   3.9e-24   80.3   0.2   1   1   8.6e-26   4.2e-24   80.2   0.2     2   119     5   116     4   118 0.91 -
d1k66a_c.23.1.1      -            149 d3khta_c.23.1.0.aln  -            122   1.2e-22   75.5   0.0   1   1   3.1e-24   1.5e-22   75.2   0.0     4   120     9   137     6   138 0.95 -
d2r25b_c.23.1.1      -            133 d3khta_c.23.1.0.aln  -            122   3.9e-22   73.9   0.1   1   1   9.3e-24   4.6e-22   73.6   0.1     3   118     4   124     2   127 0.94 -
d3khta_c.23.1.0      -            132 d3khta_c.23.1.0.aln  -            122   1.9e-18   61.9   0.0   1   1   4.6e-20   2.3e-18   61.7   0.0     2   107     2   109     1   117 0.95 -
d2v0na2c.23.1.1      -            153 d3khta_c.23.1.0.aln  -            122   5.8e-14   47.5   0.0   1   1   1.6e-15   7.7e-14   47.1   0.0     3   121    15   131    14   132 0.94 -
d2b4aa1c.23.1.1      -            118 d3khta_c.23.1.0.aln  -            122   3.2e-08   28.9   0.0   1   1   8.5e-10   4.2e-08   28.6   0.0     3   115     4   112     3   116 0.85 -
#
# Program:         hmmsearch
# Version:         3.3.2 (Nov 2020)
# Pipeline mode:   SEARCH
# Query file:      /home/elise/Documents/M1-BIM/S2/TMEs/SBAS/tme08/models/d3khta_c.23.1.0.aln.hmm
# Target file:     /home/elise/Documents/M1-BIM/S2/TMEs/SBAS/tme08/scop/scop/scopTestSeq.fasta
# Option settings: hmmsearch --domtblout /home/elise/Documents/M1-BIM/S2/TMEs/SBAS/tme08/searchResults/d3khta_c.23.1.0.aln.out -E 1 /home/elise/Documents/M1-BIM/S2/TMEs/SBAS/tme08/models/d3khta_c.23.1.0.aln.hmm /home/elise/Documents/M1-BIM/S2/TMEs/SBAS/tme08/scop/scop/scopTestSeq.fasta 
# Current dir:     /home/elise/Documents/M1-BIM/S2/TMEs/SBAS/tme08
# Date:            Tue Apr  1 17:31:07 2025
# [ok]
