#                                                                            --- full sequence --- -------------- this domain -------------   hmm coord   ali coord   env coord
# target name        accession   tlen query name           accession   qlen   E-value  score  bias   #  of  c-Evalue  i-Evalue  score  bias  from    to  from    to  from    to  acc description of target
#------------------- ---------- ----- -------------------- ---------- ----- --------- ------ ----- --- --- --------- --------- ------ ----- ----- ----- ----- ----- ----- ----- ---- ---------------------
d1i1wa_c.1.8.3       -            303 d3n9ka_c.1.8.3.aln   -            337   2.6e-89  295.1   6.5   1   1     8e-91   2.9e-89  294.9   6.5     1   335     5   302     5   303 0.97 -
d1hjua_c.1.8.3       -            332 d3n9ka_c.1.8.3.aln   -            337     3e-56  186.4  19.1   1   1   9.2e-58   3.3e-56  186.3  19.1     9   333     3   330     1   332 0.98 -
d1qw9a2c.1.8.3       -            367 d3n9ka_c.1.8.3.aln   -            337   4.8e-51  169.3   2.7   1   1   1.5e-52   5.4e-51  169.2   2.7     2   336     2   365     1   366 0.99 -
d1w91a2c.1.8.3       -            347 d3n9ka_c.1.8.3.aln   -            337   7.2e-47  155.6   0.1   1   1   2.2e-48   7.9e-47  155.5   0.1     2   335     2   344     1   346 0.99 -
d7a3ha_c.1.8.3       -            300 d3n9ka_c.1.8.3.aln   -            337   1.4e-40  134.9  14.3   1   1   4.7e-42   1.7e-40  134.7  14.3    15   325    15   297     9   299 0.97 -
d2vzsa5c.1.8.3       -            339 d3n9ka_c.1.8.3.aln   -            337   3.1e-40  133.8   3.8   1   1   9.6e-42   3.4e-40  133.7   3.8     5   334     5   338     1   339 0.98 -
d1vjza_c.1.8.3       -            325 d3n9ka_c.1.8.3.aln   -            337   1.5e-39  131.6   0.3   1   1   4.9e-41   1.8e-39  131.3   0.3     7   324     2   313     1   324 0.96 -
d2je8a5c.1.8.3       -            348 d3n9ka_c.1.8.3.aln   -            337   4.9e-39  129.8   8.0   1   1   1.5e-40   5.5e-39  129.7   8.0     3   335     7   347     5   348 0.98 -
d1ur4a_c.1.8.3       -            387 d3n9ka_c.1.8.3.aln   -            337   2.9e-37  124.1  14.4   1   1   8.9e-39   3.2e-37  123.9  14.4     2   334     7   382     6   385 0.98 -
d2nt0a2c.1.8.3       -            354 d3n9ka_c.1.8.3.aln   -            337     7e-37  122.8   0.2   1   1   2.2e-38   7.7e-37  122.6   0.2     4   336     7   349     4   350 0.96 -
d1ceoa_c.1.8.3       -            340 d3n9ka_c.1.8.3.aln   -            337   1.1e-36  122.1   1.1   1   1   3.8e-38   1.4e-36  121.8   1.1     3   327     6   330     4   336 0.97 -
d1qnra_c.1.8.3       -            344 d3n9ka_c.1.8.3.aln   -            337     3e-36  120.7  24.0   1   1   9.2e-38   3.3e-36  120.6  24.0     3   334    10   343     8   344 0.99 -
d1edga_c.1.8.3       -            380 d3n9ka_c.1.8.3.aln   -            337   2.2e-35  117.9  19.0   1   1   6.9e-37   2.5e-35  117.7  19.0     2   334    13   371    12   374 0.98 -
d1odza_c.1.8.3       -            381 d3n9ka_c.1.8.3.aln   -            337   9.5e-35  115.8  14.1   1   1   3.3e-36   1.2e-34  115.5  14.1     2   331    12   369    11   375 0.97 -
d1ecea_c.1.8.3       -            358 d3n9ka_c.1.8.3.aln   -            337   3.4e-34  114.0  19.2   1   1     1e-35   3.7e-34  113.8  19.2     4   335     9   354     6   356 0.97 -
d1jz8a5c.1.8.3       -            292 d3n9ka_c.1.8.3.aln   -            337   2.4e-33  111.2   1.0   1   1   7.7e-35   2.7e-33  111.0   1.0     7   335     2   292     1   292 0.96 -
d1uuqa_c.1.8.3       -            410 d3n9ka_c.1.8.3.aln   -            337     4e-33  110.4  18.9   1   1   1.3e-34   4.5e-33  110.3  18.9     3   335    20   395    18   397 0.98 -
d1rh9a1c.1.8.3       -            370 d3n9ka_c.1.8.3.aln   -            337   4.6e-33  110.2   7.3   1   1   1.4e-34   5.1e-33  110.1   7.3     2   335    12   363    11   365 0.98 -
d1h1na_c.1.8.3       -            305 d3n9ka_c.1.8.3.aln   -            337   2.6e-30  101.2  16.4   1   1   7.9e-32   2.8e-30  101.1  16.4     4   336     2   303     1   304 0.98 -
d1bqca_c.1.8.3       -            302 d3n9ka_c.1.8.3.aln   -            337   2.9e-30  101.0  11.5   1   1   8.9e-32   3.2e-30  100.9  11.5    11   331     6   294     1   300 0.94 -
d2v3ga_c.1.8.3       -            273 d3n9ka_c.1.8.3.aln   -            337   4.1e-21   71.0  22.9   1   1   1.3e-22   4.5e-21   70.8  22.9    13   328     5   268     1   273 0.97 -
d1nofa2c.1.8.3       -            277 d3n9ka_c.1.8.3.aln   -            337     3e-20   68.1   4.6   1   1   9.3e-22   3.3e-20   68.0   4.6     7   331     2   275     1   277 0.98 -
#
# Program:         hmmsearch
# Version:         3.3.2 (Nov 2020)
# Pipeline mode:   SEARCH
# Query file:      /home/elise/Documents/M1-BIM/S2/TMEs/SBAS/tme08/models/d3n9ka_c.1.8.3.aln.hmm
# Target file:     /home/elise/Documents/M1-BIM/S2/TMEs/SBAS/tme08/scop/scop/scopTestSeq.fasta
# Option settings: hmmsearch --domtblout /home/elise/Documents/M1-BIM/S2/TMEs/SBAS/tme08/searchResults/d3n9ka_c.1.8.3.aln.out -E 1 /home/elise/Documents/M1-BIM/S2/TMEs/SBAS/tme08/models/d3n9ka_c.1.8.3.aln.hmm /home/elise/Documents/M1-BIM/S2/TMEs/SBAS/tme08/scop/scop/scopTestSeq.fasta 
# Current dir:     /home/elise/Documents/M1-BIM/S2/TMEs/SBAS/tme08
# Date:            Tue Apr  1 17:31:07 2025
# [ok]
