#                                                                            --- full sequence --- -------------- this domain -------------   hmm coord   ali coord   env coord
# target name        accession   tlen query name           accession   qlen   E-value  score  bias   #  of  c-Evalue  i-Evalue  score  bias  from    to  from    to  from    to  acc description of target
#------------------- ---------- ----- -------------------- ---------- ----- --------- ------ ----- --- --- --------- --------- ------ ----- ----- ----- ----- ----- ----- ----- ---- ---------------------
d2dkja_c.67.1.4      -            402 d3piua_c.67.1.4.aln  -            402  1.4e-110  365.2   0.0   1   1  2.6e-112  1.7e-110  364.9   0.0    24   392     7   380     1   386 0.99 -
d1vefa1c.67.1.4      -            387 d3piua_c.67.1.4.aln  -            402     3e-99  327.9   0.0   1   1  5.1e-101   3.3e-99  327.8   0.0     5   399     1   386     1   387 0.96 -
d1zoda_c.67.1.4      -            431 d3piua_c.67.1.4.aln  -            402   1.6e-91  302.5   0.0   1   1   2.6e-93   1.7e-91  302.3   0.0     2   400     2   428     1   430 0.96 -
d1bs0a_c.67.1.4      -            383 d3piua_c.67.1.4.aln  -            402   9.7e-86  283.4   0.1   1   1   1.6e-87   1.1e-85  283.3   0.1     4   397     1   381     1   383 0.99 -
d1ohwa_c.67.1.4      -            461 d3piua_c.67.1.4.aln  -            402   3.4e-83  275.0   0.0   1   1   5.8e-85   3.8e-83  274.9   0.0     2   402    14   461    13   461 0.97 -
d2bwna1c.67.1.4      -            396 d3piua_c.67.1.4.aln  -            402     6e-83  274.2   0.3   1   1     1e-84   6.7e-83  274.1   0.3     2   396     6   393     5   396 0.98 -
d1w23a_c.67.1.4      -            360 d3piua_c.67.1.4.aln  -            402     9e-82  270.4   0.0   1   1   1.5e-83     1e-81  270.2   0.0    13   396     2   358     1   360 0.99 -
d1o69a_c.67.1.4      -            374 d3piua_c.67.1.4.aln  -            402   8.5e-65  214.5   0.0   1   1   1.4e-66   9.5e-65  214.3   0.0     9   400     1   374     1   374 0.99 -
d2fnua_c.67.1.4      -            373 d3piua_c.67.1.4.aln  -            402   1.1e-60  201.0   0.0   1   1   1.8e-62   1.2e-60  200.8   0.0     2   402     5   372     4   372 0.99 -
d2epja_c.67.1.0      -            426 d3piua_c.67.1.4.aln  -            402   8.4e-53  175.0   0.8   1   1   1.5e-54     1e-52  174.7   0.8    17   342    24   357    19   421 0.87 -
d3piua_c.67.1.4      -            416 d3piua_c.67.1.4.aln  -            402   1.2e-20   69.0   0.0   1   2   3.1e-09   2.1e-07   25.5   0.0    15   167     3   169     1   190 0.89 -
d3piua_c.67.1.4      -            416 d3piua_c.67.1.4.aln  -            402   1.2e-20   69.0   0.0   2   2   3.7e-14   2.4e-12   41.7   0.0   236   396   245   409   226   414 0.86 -
d2c81a_c.67.1.0      -            409 d3piua_c.67.1.4.aln  -            402   2.3e-09   31.9   0.0   1   1   4.9e-11   3.3e-09   31.4   0.0    38   206    44   200    33   212 0.86 -
#
# Program:         hmmsearch
# Version:         3.3.2 (Nov 2020)
# Pipeline mode:   SEARCH
# Query file:      /home/elise/Documents/M1-BIM/S2/TMEs/SBAS/tme08/models/d3piua_c.67.1.4.aln.hmm
# Target file:     /home/elise/Documents/M1-BIM/S2/TMEs/SBAS/tme08/scop/scop/scopTestSeq.fasta
# Option settings: hmmsearch --domtblout /home/elise/Documents/M1-BIM/S2/TMEs/SBAS/tme08/searchResults/d3piua_c.67.1.4.aln.out -E 1 /home/elise/Documents/M1-BIM/S2/TMEs/SBAS/tme08/models/d3piua_c.67.1.4.aln.hmm /home/elise/Documents/M1-BIM/S2/TMEs/SBAS/tme08/scop/scop/scopTestSeq.fasta 
# Current dir:     /home/elise/Documents/M1-BIM/S2/TMEs/SBAS/tme08
# Date:            Tue Apr  1 17:31:07 2025
# [ok]
