#                                                                            --- full sequence --- -------------- this domain -------------   hmm coord   ali coord   env coord
# target name        accession   tlen query name           accession   qlen   E-value  score  bias   #  of  c-Evalue  i-Evalue  score  bias  from    to  from    to  from    to  acc description of target
#------------------- ---------- ----- -------------------- ---------- ----- --------- ------ ----- --- --- --------- --------- ------ ----- ----- ----- ----- ----- ----- ----- ---- ---------------------
d3kffa_b.60.1.1      -            152 d3saoa_b.60.1.1.aln  -            164   1.6e-54  179.6   0.6   1   1   3.2e-56   1.8e-54  179.5   0.6    14   163     2   150     1   151 0.99 -
d1kt7a_b.60.1.1      -            175 d3saoa_b.60.1.1.aln  -            164   1.6e-47  156.9   0.1   1   1   3.2e-49   1.8e-47  156.7   0.1     1   161     3   174     3   175 0.99 -
d1kxoa_b.60.1.1      -            171 d3saoa_b.60.1.1.aln  -            164   5.2e-47  155.3   0.6   1   1     1e-48   5.7e-47  155.1   0.6     1   162     5   171     5   171 0.96 -
d3s26a_b.60.1.1      -            176 d3saoa_b.60.1.1.aln  -            164   8.5e-47  154.6   0.1   1   1   1.7e-48   9.4e-47  154.4   0.1     4   163     8   174     5   175 0.98 -
d1dzka_b.60.1.1      -            148 d3saoa_b.60.1.1.aln  -            164   2.6e-40  133.5   0.3   1   1     5e-42   2.8e-40  133.3   0.3    17   162     2   147     1   148 0.99 -
d3saoa_b.60.1.1      -            155 d3saoa_b.60.1.1.aln  -            164   3.7e-37  123.2   0.1   1   1   7.3e-39   4.1e-37  123.1   0.1    16   162     1   147     1   149 0.99 -
d1epba_b.60.1.1      -            160 d3saoa_b.60.1.1.aln  -            164   2.4e-35  117.3   0.1   1   1   4.8e-37   2.7e-35  117.1   0.1    10   163     1   154     1   155 0.90 -
d1lf7a_b.60.1.1      -            171 d3saoa_b.60.1.1.aln  -            164   1.1e-32  108.7   0.0   1   1   2.2e-34   1.2e-32  108.5   0.0     2   162     2   160     1   162 0.96 -
d1x8qa_b.60.1.1      -            184 d3saoa_b.60.1.1.aln  -            164   4.1e-31  103.6   6.2   1   1   8.1e-33   4.6e-31  103.4   6.2     1   163     2   179     2   180 0.97 -
d1i4ua_b.60.1.1      -            181 d3saoa_b.60.1.1.aln  -            164   5.9e-31  103.0   0.4   1   1   1.2e-32   6.7e-31  102.9   0.4     1   163     9   175     9   176 0.93 -
d1qwda_b.60.1.1      -            167 d3saoa_b.60.1.1.aln  -            164   1.3e-27   92.2   0.0   1   1   2.5e-29   1.4e-27   92.0   0.0     6   157    13   166     8   167 0.91 -
d1qfta_b.60.1.1      -            175 d3saoa_b.60.1.1.aln  -            164   1.4e-27   92.0   7.7   1   1   2.8e-29   1.6e-27   91.9   7.7     1   163     3   171     3   172 0.98 -
d1xkia_b.60.1.1      -            139 d3saoa_b.60.1.1.aln  -            164   5.6e-27   90.1   0.0   1   1   1.1e-28   6.1e-27   90.0   0.0    18   157     2   138     1   139 0.97 -
d2joza1b.60.1.1      -            126 d3saoa_b.60.1.1.aln  -            164   1.1e-12   43.6   0.1   1   1   2.1e-14   1.2e-12   43.5   0.1    25   161     2   124     1   126 0.93 -
#
# Program:         hmmsearch
# Version:         3.3.2 (Nov 2020)
# Pipeline mode:   SEARCH
# Query file:      /home/elise/Documents/M1-BIM/S2/TMEs/SBAS/tme08/models/d3saoa_b.60.1.1.aln.hmm
# Target file:     /home/elise/Documents/M1-BIM/S2/TMEs/SBAS/tme08/scop/scop/scopTestSeq.fasta
# Option settings: hmmsearch --domtblout /home/elise/Documents/M1-BIM/S2/TMEs/SBAS/tme08/searchResults/d3saoa_b.60.1.1.aln.out -E 1 /home/elise/Documents/M1-BIM/S2/TMEs/SBAS/tme08/models/d3saoa_b.60.1.1.aln.hmm /home/elise/Documents/M1-BIM/S2/TMEs/SBAS/tme08/scop/scop/scopTestSeq.fasta 
# Current dir:     /home/elise/Documents/M1-BIM/S2/TMEs/SBAS/tme08
# Date:            Tue Apr  1 17:31:08 2025
# [ok]
