#                                                                            --- full sequence --- -------------- this domain -------------   hmm coord   ali coord   env coord
# target name        accession   tlen query name           accession   qlen   E-value  score  bias   #  of  c-Evalue  i-Evalue  score  bias  from    to  from    to  from    to  acc description of target
#------------------- ---------- ----- -------------------- ---------- ----- --------- ------ ----- --- --- --------- --------- ------ ----- ----- ----- ----- ----- ----- ----- ---- ---------------------
d1qf6a4d.104.1.1     -            291 d12asa_d.104.1.1.aln -            299   1.2e-80  266.3   0.4   1   1   2.3e-82   1.3e-80  266.2   0.4     3   298     2   291     1   291 0.99 -
d1wu7a2d.104.1.1     -            327 d12asa_d.104.1.1.aln -            299   8.4e-79  260.2   0.3   1   1   1.7e-80   9.4e-79  260.1   0.3     1   298     8   317     8   318 0.99 -
d1atia2d.104.1.1     -            394 d12asa_d.104.1.1.aln -            299   1.3e-78  259.6   5.6   1   1   2.8e-80   1.6e-78  259.4   5.6     1   298    15   337    15   338 1.00 -
d1h4vb2d.104.1.1     -            324 d12asa_d.104.1.1.aln -            299   1.2e-76  253.1   5.5   1   1   2.5e-78   1.4e-76  253.0   5.5     1   298     6   313     6   314 0.99 -
d1z7ma1d.104.1.1     -            318 d12asa_d.104.1.1.aln -            299   1.7e-76  252.7   0.2   1   1   3.3e-78   1.8e-76  252.6   0.2     2   298     6   311     5   312 0.99 -
d1b8aa2d.104.1.1     -            335 d12asa_d.104.1.1.aln -            299   7.6e-76  250.5   7.1   1   1   1.5e-77   8.5e-76  250.4   7.1     2   297     8   334     7   335 0.99 -
d1nnha_d.104.1.1     -            293 d12asa_d.104.1.1.aln -            299     3e-73  242.0   2.9   1   1   5.9e-75   3.3e-73  241.9   2.9     3   298     3   292     1   293 0.99 -
d1seta2d.104.1.1     -            311 d12asa_d.104.1.1.aln -            299   1.2e-71  236.7   1.9   1   1   2.4e-73   1.4e-71  236.6   1.9     6   298     2   304     1   305 0.99 -
d1j5wa_d.104.1.1     -            281 d12asa_d.104.1.1.aln -            299   1.7e-69  229.7   1.8   1   1   3.4e-71   1.9e-69  229.5   1.8     1   292     1   280     1   281 0.99 -
d1hc7a2d.104.1.1     -            272 d12asa_d.104.1.1.aln -            299   2.6e-67  222.5   2.6   1   1     5e-69   2.8e-67  222.4   2.6    15   297     9   271     1   272 0.97 -
d1g5ha2d.104.1.1     -            290 d12asa_d.104.1.1.aln -            299     8e-67  220.9   0.0   1   1   1.6e-68     9e-67  220.7   0.0     1   298    10   288    10   289 0.99 -
d1usya_d.104.1.1     -            275 d12asa_d.104.1.1.aln -            299   1.7e-59  196.9   0.1   1   1   3.3e-61   1.9e-59  196.7   0.1    11   295     2   275     1   275 0.99 -
d1yfsa2d.104.1.1     -            236 d12asa_d.104.1.1.aln -            299   1.2e-57  190.8   0.6   1   1   2.3e-59   1.3e-57  190.7   0.6    29   283     3   235     1   236 0.99 -
d1jjcb5d.104.1.1     -            207 d12asa_d.104.1.1.aln -            299   1.3e-35  118.4   2.4   1   1   2.5e-37   1.4e-35  118.3   2.4    21   256     2   206     1   207 0.98 -
#
# Program:         hmmsearch
# Version:         3.3.2 (Nov 2020)
# Pipeline mode:   SEARCH
# Query file:      /home/elise/Documents/M1-BIM/S2/TMEs/SBAS/tme08/models/scop30/d12asa_d.104.1.1.aln.hmm
# Target file:     /home/elise/Documents/M1-BIM/S2/TMEs/SBAS/tme08/scop/scop/scopTestSeq.fasta
# Option settings: hmmsearch --domtblout /home/elise/Documents/M1-BIM/S2/TMEs/SBAS/tme08/searchResults/scop30/d12asa_d.104.1.1.aln.out -E 1 /home/elise/Documents/M1-BIM/S2/TMEs/SBAS/tme08/models/scop30/d12asa_d.104.1.1.aln.hmm /home/elise/Documents/M1-BIM/S2/TMEs/SBAS/tme08/scop/scop/scopTestSeq.fasta 
# Current dir:     /home/elise/Documents/M1-BIM/S2/TMEs/SBAS/tme08
# Date:            Thu Apr 10 10:02:13 2025
# [ok]
