#                                                                            --- full sequence --- -------------- this domain -------------   hmm coord   ali coord   env coord
# target name        accession   tlen query name           accession   qlen   E-value  score  bias   #  of  c-Evalue  i-Evalue  score  bias  from    to  from    to  from    to  acc description of target
#------------------- ---------- ----- -------------------- ---------- ----- --------- ------ ----- --- --- --------- --------- ------ ----- ----- ----- ----- ----- ----- ----- ---- ---------------------
d1fsga_c.61.1.1      -            233 d1a3ca_c.61.1.1.aln  -            206   6.7e-66  217.0   0.0   1   1   1.3e-67   7.5e-66  216.8   0.0     1   205    19   225    19   226 0.99 -
d1qb7a_c.61.1.1      -            236 d1a3ca_c.61.1.1.aln  -            206   4.8e-61  201.1   0.0   1   1   9.6e-63   5.4e-61  200.9   0.0     2   205    19   224    18   225 0.99 -
d1dqna_c.61.1.1      -            230 d1a3ca_c.61.1.1.aln  -            206   5.5e-60  197.7   0.0   1   1   1.2e-61   6.5e-60  197.4   0.0     2   205     6   203     5   204 0.99 -
d1p4aa2c.61.1.1      -            202 d1a3ca_c.61.1.1.aln  -            206   3.8e-56  185.1   0.1   1   1   7.4e-58   4.2e-56  185.0   0.1     2   199     6   202     5   202 0.99 -
d1ecfa1c.61.1.1      -            243 d1a3ca_c.61.1.1.aln  -            206   1.7e-55  183.0   0.2   1   1   3.4e-57   1.9e-55  182.8   0.2     1   206    20   234    20   234 0.99 -
d1wd5a_c.61.1.1      -            208 d1a3ca_c.61.1.1.aln  -            206   2.8e-54  179.0   1.0   1   1   5.5e-56   3.1e-54  178.9   1.0     4   206     1   206     1   206 0.99 -
d2aeea1c.61.1.1      -            208 d1a3ca_c.61.1.1.aln  -            206   4.9e-54  178.2   0.1   1   1   9.6e-56   5.4e-54  178.1   0.1     1   206     1   202     1   202 0.99 -
d1xtta1c.61.1.1      -            215 d1a3ca_c.61.1.1.aln  -            206   4.1e-53  175.2   1.4   1   1     8e-55   4.5e-53  175.1   1.4     2   202     9   215     8   215 0.99 -
d1tc1a_c.61.1.1      -            184 d1a3ca_c.61.1.1.aln  -            206   6.1e-52  171.4   0.1   1   1   1.2e-53   6.7e-52  171.2   0.1    25   206     2   184     1   184 0.98 -
d1y0ba1c.61.1.1      -            191 d1a3ca_c.61.1.1.aln  -            206   9.4e-52  170.8   0.2   1   1   1.8e-53     1e-51  170.6   0.2     3   192     1   190     1   191 0.98 -
d1vcha1c.61.1.1      -            174 d1a3ca_c.61.1.1.aln  -            206   4.7e-47  155.4   0.1   1   1   9.3e-49   5.2e-47  155.3   0.1     1   175     1   174     1   174 0.99 -
d1vdma1c.61.1.1      -            153 d1a3ca_c.61.1.1.aln  -            206   2.5e-46  153.0   0.5   1   1   4.9e-48   2.8e-46  152.9   0.5    27   195     1   152     1   153 0.98 -
d1nula_c.61.1.1      -            150 d1a3ca_c.61.1.1.aln  -            206   1.2e-41  137.8   0.0   1   1   2.3e-43   1.3e-41  137.7   0.0    28   195     1   150     1   150 0.97 -
d1a3ca_c.61.1.1      -            178 d1a3ca_c.61.1.1.aln  -            206   2.9e-08   28.7   1.5   1   1   6.7e-10   3.8e-08   28.3   1.5    35   175     9   151     3   175 0.75 -
#
# Program:         hmmsearch
# Version:         3.3.2 (Nov 2020)
# Pipeline mode:   SEARCH
# Query file:      /home/elise/Documents/M1-BIM/S2/TMEs/SBAS/tme08/models/scop30/d1a3ca_c.61.1.1.aln.hmm
# Target file:     /home/elise/Documents/M1-BIM/S2/TMEs/SBAS/tme08/scop/scop/scopTestSeq.fasta
# Option settings: hmmsearch --domtblout /home/elise/Documents/M1-BIM/S2/TMEs/SBAS/tme08/searchResults/scop30/d1a3ca_c.61.1.1.aln.out -E 1 /home/elise/Documents/M1-BIM/S2/TMEs/SBAS/tme08/models/scop30/d1a3ca_c.61.1.1.aln.hmm /home/elise/Documents/M1-BIM/S2/TMEs/SBAS/tme08/scop/scop/scopTestSeq.fasta 
# Current dir:     /home/elise/Documents/M1-BIM/S2/TMEs/SBAS/tme08
# Date:            Thu Apr 10 10:02:13 2025
# [ok]
