#                                                                            --- full sequence --- -------------- this domain -------------   hmm coord   ali coord   env coord
# target name        accession   tlen query name           accession   qlen   E-value  score  bias   #  of  c-Evalue  i-Evalue  score  bias  from    to  from    to  from    to  acc description of target
#------------------- ---------- ----- -------------------- ---------- ----- --------- ------ ----- --- --- --------- --------- ------ ----- ----- ----- ----- ----- ----- ----- ---- ---------------------
d1jt8a_b.40.4.5      -            102 d1a62a2b.40.4.5.aln  -             88     2e-16   55.4   0.3   1   1     1e-17   2.2e-16   55.3   0.3     4    87     3    91     1    92 0.97 -
d2je6i1b.40.4.5      -             87 d1a62a2b.40.4.5.aln  -             88   3.6e-16   54.6   0.4   1   1   1.8e-17   3.9e-16   54.5   0.4     1    87     1    87     1    87 0.98 -
d1luza_b.40.4.5      -             85 d1a62a2b.40.4.5.aln  -             88   3.6e-16   54.6   0.5   1   1   1.8e-17   3.9e-16   54.5   0.5     2    86     3    85     2    85 0.97 -
d3bzka4b.40.4.5      -             94 d1a62a2b.40.4.5.aln  -             88   3.2e-15   51.6   0.9   1   1   1.8e-16   3.9e-15   51.3   0.9     2    78    13    86    12    89 0.95 -
d2ja9a1b.40.4.5      -             90 d1a62a2b.40.4.5.aln  -             88   6.3e-14   47.5   0.0   1   1   3.2e-15   6.9e-14   47.4   0.0     2    87     2    84     1    85 0.97 -
d1y14b1b.40.4.5      -             91 d1a62a2b.40.4.5.aln  -             88   8.8e-14   47.0   0.0   1   1   4.4e-15   9.6e-14   46.9   0.0     5    85     1    89     1    91 0.97 -
d1go3e1b.40.4.5      -            106 d1a62a2b.40.4.5.aln  -             88   1.2e-12   43.5   0.7   1   1   6.5e-14   1.4e-12   43.2   0.7     5    87     1    90     1    91 0.98 -
d1kl9a2b.40.4.5      -             86 d1a62a2b.40.4.5.aln  -             88   1.3e-12   43.3   1.0   1   1   6.8e-14   1.5e-12   43.1   1.0     1    81     7    86     7    86 0.96 -
d1d7qa_b.40.4.5      -            143 d1a62a2b.40.4.5.aln  -             88   1.9e-12   42.8   0.1   1   1   1.4e-13   3.1e-12   42.1   0.1     2    86    12   101    11   103 0.98 -
d2nn6i1b.40.4.5      -            125 d1a62a2b.40.4.5.aln  -             88   4.1e-12   41.7   0.1   1   1   2.3e-13   5.1e-12   41.4   0.1     4    86     4    93     1    95 0.95 -
d2nn6h1b.40.4.5      -             95 d1a62a2b.40.4.5.aln  -             88   4.4e-12   41.6   0.1   1   1   2.2e-13   4.9e-12   41.5   0.1     1    85     2    93     2    95 0.97 -
d2ix0a1b.40.4.5      -             90 d1a62a2b.40.4.5.aln  -             88   6.1e-12   41.2   0.0   1   1     3e-13   6.5e-12   41.1   0.0     3    87     3    87     1    88 0.97 -
d2uubq1b.40.4.5      -            100 d1a62a2b.40.4.5.aln  -             88   9.1e-12   40.6   1.8   1   1   5.2e-13   1.1e-11   40.3   1.8     8    87     2    82     1    83 0.97 -
d2ix0a3b.40.4.5      -             87 d1a62a2b.40.4.5.aln  -             88     1e-11   40.5   0.1   1   1   4.8e-13     1e-11   40.4   0.1     8    87     4    86     1    87 0.95 -
d1wi5a_b.40.4.5      -            119 d1a62a2b.40.4.5.aln  -             88   2.3e-11   39.3   0.0   1   1   1.4e-12     3e-11   39.0   0.0     6    84    20    97    15   101 0.90 -
d2vnud2b.40.4.5      -             88 d1a62a2b.40.4.5.aln  -             88   5.5e-11   38.2   0.4   1   1   2.6e-12   5.8e-11   38.1   0.4     4    83     6    86     3    88 0.95 -
d1wfqa_b.40.4.5      -             89 d1a62a2b.40.4.5.aln  -             88   6.1e-11   38.0   0.0   1   1   2.9e-12   6.4e-11   37.9   0.0     5    87     4    88     1    89 0.95 -
d1e3pa2b.40.4.5      -             62 d1a62a2b.40.4.5.aln  -             88   9.6e-11   37.4   0.2   1   1   4.7e-12     1e-10   37.3   0.2    13    72     1    61     1    62 0.97 -
d2asba1b.40.4.5      -             76 d1a62a2b.40.4.5.aln  -             88   1.4e-10   36.9   0.2   1   1   6.9e-12   1.5e-10   36.7   0.2     5    81     2    76     1    76 0.96 -
d2vnud1b.40.4.5      -             95 d1a62a2b.40.4.5.aln  -             88   4.6e-10   35.2   0.0   1   1   2.3e-11     5e-10   35.1   0.0     1    86     1    94     1    95 0.97 -
d1smxa_b.40.4.5      -             87 d1a62a2b.40.4.5.aln  -             88   8.5e-10   34.4   0.0   1   1   4.1e-11   9.1e-10   34.3   0.0    10    85     3    86     1    87 0.96 -
d1bkba2b.40.4.5      -             65 d1a62a2b.40.4.5.aln  -             88   2.6e-09   32.8   0.3   1   1   1.2e-10   2.7e-09   32.8   0.3    10    76     2    64     1    65 0.95 -
d1t9ha1b.40.4.5      -             67 d1a62a2b.40.4.5.aln  -             88   2.6e-09   32.8   0.2   1   1   1.4e-10   3.1e-09   32.6   0.2    11    77     2    64     1    66 0.94 -
d1hh2p1b.40.4.5      -             72 d1a62a2b.40.4.5.aln  -             88   9.9e-09   31.0   0.6   1   1   5.5e-10   1.2e-08   30.7   0.6     3    80     4    71     2    72 0.93 -
d1jjga_b.40.4.5      -            102 d1a62a2b.40.4.5.aln  -             88   1.1e-08   30.8   0.3   1   1   5.7e-10   1.3e-08   30.7   0.3     1    86     8   101     8   102 0.98 -
d1khia2b.40.4.5      -             71 d1a62a2b.40.4.5.aln  -             88   1.5e-08   30.4   0.2   1   1   7.2e-10   1.6e-08   30.3   0.2     3    71     2    69     1    71 0.95 -
d2vnud3b.40.4.5      -            148 d1a62a2b.40.4.5.aln  -             88   1.9e-08   30.1   0.0   1   1   1.4e-09     3e-08   29.4   0.0     3    87    15   107    13   108 0.95 -
d1x6oa2b.40.4.5      -             79 d1a62a2b.40.4.5.aln  -             88   2.7e-08   29.6   0.0   1   1   1.3e-09   2.8e-08   29.6   0.0     5    78     3    75     1    79 0.93 -
d1u0la1b.40.4.5      -             66 d1a62a2b.40.4.5.aln  -             88   5.2e-08   28.7   0.2   1   1   2.4e-09   5.4e-08   28.7   0.2    13    79     3    65     1    66 0.91 -
d3i4oa_b.40.4.5      -             68 d1a62a2b.40.4.5.aln  -             88   2.7e-07   26.4   0.2   1   1   1.3e-08   2.9e-07   26.3   0.2    11    79     3    67     1    68 0.95 -
d2ix0a2b.40.4.5      -             79 d1a62a2b.40.4.5.aln  -             88   4.1e-07   25.8   0.0   1   1   1.9e-08   4.3e-07   25.8   0.0     5    81     3    77     1    79 0.90 -
d2uubl1b.40.4.5      -            118 d1a62a2b.40.4.5.aln  -             88   1.9e-06   23.7   2.0   1   1   1.1e-07   2.4e-06   23.4   2.0     2    87     6    99     5   100 0.96 -
d1c9oa_b.40.4.5      -             66 d1a62a2b.40.4.5.aln  -             88   2.2e-06   23.6   0.1   1   1     1e-07   2.3e-06   23.5   0.1     9    77     2    63     1    66 0.92 -
d1ne3a_b.40.4.5      -             68 d1a62a2b.40.4.5.aln  -             88   4.7e-06   22.5   0.1   1   1   2.2e-07   4.9e-06   22.4   0.1     8    74     2    66     1    68 0.92 -
d1ueba2b.40.4.5      -             63 d1a62a2b.40.4.5.aln  -             88   1.1e-05   21.3   0.0   1   1   5.3e-07   1.2e-05   21.2   0.0    10    69     2    60     1    63 0.95 -
d1rl2a2b.40.4.5      -             66 d1a62a2b.40.4.5.aln  -             88   8.4e-05   18.5   0.0   1   1   4.2e-06   9.1e-05   18.4   0.0     7    76     1    65     1    66 0.94 -
#
# Program:         hmmsearch
# Version:         3.3.2 (Nov 2020)
# Pipeline mode:   SEARCH
# Query file:      /home/elise/Documents/M1-BIM/S2/TMEs/SBAS/tme08/models/scop30/d1a62a2b.40.4.5.aln.hmm
# Target file:     /home/elise/Documents/M1-BIM/S2/TMEs/SBAS/tme08/scop/scop/scopTestSeq.fasta
# Option settings: hmmsearch --domtblout /home/elise/Documents/M1-BIM/S2/TMEs/SBAS/tme08/searchResults/scop30/d1a62a2b.40.4.5.aln.out -E 1 /home/elise/Documents/M1-BIM/S2/TMEs/SBAS/tme08/models/scop30/d1a62a2b.40.4.5.aln.hmm /home/elise/Documents/M1-BIM/S2/TMEs/SBAS/tme08/scop/scop/scopTestSeq.fasta 
# Current dir:     /home/elise/Documents/M1-BIM/S2/TMEs/SBAS/tme08
# Date:            Thu Apr 10 10:02:13 2025
# [ok]
