#                                                                            --- full sequence --- -------------- this domain -------------   hmm coord   ali coord   env coord
# target name        accession   tlen query name           accession   qlen   E-value  score  bias   #  of  c-Evalue  i-Evalue  score  bias  from    to  from    to  from    to  acc description of target
#------------------- ---------- ----- -------------------- ---------- ----- --------- ------ ----- --- --- --------- --------- ------ ----- ----- ----- ----- ----- ----- ----- ---- ---------------------
d1sena_c.47.1.1      -            135 d1abaa_c.47.1.1.aln  -            116     4e-39  128.6   0.0   1   1   7.2e-41   4.7e-39  128.4   0.0     2   116     2   117     1   117 0.98 -
d1r26a_c.47.1.1      -            113 d1abaa_c.47.1.1.aln  -            116   1.2e-38  127.1   0.0   1   1   1.9e-40   1.3e-38  127.0   0.0     1   116     2   113     2   113 0.99 -
d1zmaa1c.47.1.1      -            115 d1abaa_c.47.1.1.aln  -            116   8.9e-38  124.2   0.0   1   1   1.5e-39   9.7e-38  124.1   0.0     1   112     2   114     2   115 0.99 -
d2i4aa_c.47.1.1      -            107 d1abaa_c.47.1.1.aln  -            116   1.7e-37  123.3   0.0   1   1   2.8e-39   1.8e-37  123.2   0.0     7   115     2   107     1   107 0.98 -
d2fwha_c.47.1.1      -            117 d1abaa_c.47.1.1.aln  -            116   2.4e-35  116.4   0.1   1   1     4e-37   2.6e-35  116.3   0.1     4   116     1   116     1   116 0.99 -
d1z6na1c.47.1.1      -            166 d1abaa_c.47.1.1.aln  -            116   1.2e-31  104.5   0.0   1   1   2.2e-33   1.5e-31  104.2   0.0     2   115    31   143    30   144 0.98 -
d1wjka_c.47.1.1      -            100 d1abaa_c.47.1.1.aln  -            116   1.6e-30  100.9   0.0   1   1   2.6e-32   1.7e-30  100.8   0.0    12   115     2    99     1   100 0.98 -
d1iloa_c.47.1.1      -             77 d1abaa_c.47.1.1.aln  -            116   1.7e-20   68.5   0.0   1   1   2.8e-22   1.8e-20   68.4   0.0    27   107     1    75     1    77 0.95 -
d1ttza_c.47.1.1      -             75 d1abaa_c.47.1.1.aln  -            116   1.2e-17   59.3   0.0   1   1     2e-19   1.3e-17   59.2   0.0    28   110     1    74     1    75 0.96 -
d3gnja_c.47.1.0      -            111 d1abaa_c.47.1.1.aln  -            116   2.3e-10   35.9   0.0   1   1   4.2e-12   2.7e-10   35.6   0.0    14   100    11    94     3   106 0.89 -
d3qmxa_c.47.1.0      -             99 d1abaa_c.47.1.1.aln  -            116    0.0002   16.7   0.0   1   1   4.1e-06   0.00027   16.3   0.0    31    96    20    81    17    90 0.76 -
d3h93a_c.47.1.0      -            192 d1abaa_c.47.1.1.aln  -            116   0.00028   16.3   0.0   1   2    0.0016      0.11    7.9   0.0    36    64    36    64    25    66 0.91 -
d3h93a_c.47.1.0      -            192 d1abaa_c.47.1.1.aln  -            116   0.00028   16.3   0.0   2   2    0.0056      0.37    6.2   0.0    52    90   123   160   115   169 0.78 -
#
# Program:         hmmsearch
# Version:         3.3.2 (Nov 2020)
# Pipeline mode:   SEARCH
# Query file:      /home/elise/Documents/M1-BIM/S2/TMEs/SBAS/tme08/models/scop30/d1abaa_c.47.1.1.aln.hmm
# Target file:     /home/elise/Documents/M1-BIM/S2/TMEs/SBAS/tme08/scop/scop/scopTestSeq.fasta
# Option settings: hmmsearch --domtblout /home/elise/Documents/M1-BIM/S2/TMEs/SBAS/tme08/searchResults/scop30/d1abaa_c.47.1.1.aln.out -E 1 /home/elise/Documents/M1-BIM/S2/TMEs/SBAS/tme08/models/scop30/d1abaa_c.47.1.1.aln.hmm /home/elise/Documents/M1-BIM/S2/TMEs/SBAS/tme08/scop/scop/scopTestSeq.fasta 
# Current dir:     /home/elise/Documents/M1-BIM/S2/TMEs/SBAS/tme08
# Date:            Thu Apr 10 10:02:13 2025
# [ok]
