#                                                                            --- full sequence --- -------------- this domain -------------   hmm coord   ali coord   env coord
# target name        accession   tlen query name           accession   qlen   E-value  score  bias   #  of  c-Evalue  i-Evalue  score  bias  from    to  from    to  from    to  acc description of target
#------------------- ---------- ----- -------------------- ---------- ----- --------- ------ ----- --- --- --------- --------- ------ ----- ----- ----- ----- ----- ----- ----- ---- ---------------------
d2hdsa_e.3.1.1       -            358 d1alqa_e.3.1.1.aln   -            336   6.9e-97  319.9   1.1   1   1   1.7e-98   7.7e-97  319.7   1.1     2   336     2   338     1   338 0.99 -
d2drwa1e.3.1.1       -            362 d1alqa_e.3.1.1.aln   -            336   9.2e-93  306.4   0.0   1   1   2.2e-94     1e-92  306.2   0.0     3   336     1   340     1   340 0.99 -
d1yqsa_e.3.1.1       -            345 d1alqa_e.3.1.1.aln   -            336   4.3e-92  304.2   6.9   1   1     1e-93   4.7e-92  304.0   6.9     4   335     3   344     1   345 0.99 -
d2olua2e.3.1.1       -            400 d1alqa_e.3.1.1.aln   -            336   3.4e-89  294.6  12.7   1   1   8.6e-91     4e-89  294.4  12.7     2   336    47   386    46   386 0.99 -
d1ei5a3e.3.1.1       -            333 d1alqa_e.3.1.1.aln   -            336   2.8e-86  285.0   0.0   1   1   6.7e-88   3.1e-86  284.9   0.0     2   334     1   332     1   333 0.99 -
d2v2ff_e.3.1.1       -            384 d1alqa_e.3.1.1.aln   -            336   1.2e-83  276.4  17.1   1   1   2.9e-85   1.3e-83  276.2  17.1     1   334    40   384    40   384 0.99 -
d1ci9a_e.3.1.1       -            377 d1alqa_e.3.1.1.aln   -            336   1.3e-83  276.3   0.0   1   1   3.2e-85   1.5e-83  276.1   0.0     2   334     2   353     1   355 0.99 -
d2dcfa1e.3.1.1       -            388 d1alqa_e.3.1.1.aln   -            336   3.4e-82  271.6   0.0   1   1   8.7e-84     4e-82  271.4   0.0     1   335     3   353     3   354 0.99 -
d2bg1a1e.3.1.1       -            453 d1alqa_e.3.1.1.aln   -            336   3.7e-82  271.5  16.1   1   2      0.08       3.7    1.9   0.0   107   145    15    53     7    59 0.81 -
d2bg1a1e.3.1.1       -            453 d1alqa_e.3.1.1.aln   -            336   3.7e-82  271.5  16.1   2   2   2.6e-83   1.2e-81  269.8  13.9     1   335    60   416    60   417 0.99 -
d1vqqa3e.3.1.1       -            341 d1alqa_e.3.1.1.aln   -            336   1.2e-81  269.8   9.3   1   1   2.8e-83   1.3e-81  269.7   9.3     1   336     6   332     6   332 1.00 -
d1qmea4e.3.1.1       -            357 d1alqa_e.3.1.1.aln   -            336   6.2e-81  267.5   7.0   1   1   1.5e-82   6.9e-81  267.3   7.0     2   336     4   340     3   340 0.99 -
d1tvfa2e.3.1.1       -            301 d1alqa_e.3.1.1.aln   -            336     2e-77  255.9  16.4   1   1   4.9e-79   2.3e-77  255.8  16.4     1   324     1   301     1   301 0.99 -
d1e25a_e.3.1.1       -            278 d1alqa_e.3.1.1.aln   -            336   1.1e-65  217.4   0.1   1   1   2.5e-67   1.2e-65  217.2   0.1    21   325     4   276     1   278 0.99 -
d1xp4a2e.3.1.1       -            269 d1alqa_e.3.1.1.aln   -            336     5e-63  208.6   5.0   1   1   1.2e-64   5.5e-63  208.4   5.0    30   324     2   269     1   269 0.98 -
d1es5a_e.3.1.1       -            260 d1alqa_e.3.1.1.aln   -            336   2.5e-59  196.4  13.9   1   1   6.4e-61     3e-59  196.2  13.9    34   323     7   260     2   260 0.97 -
d2p74a_e.3.1.1       -            263 d1alqa_e.3.1.1.aln   -            336   2.1e-54  180.2   3.3   1   1     5e-56   2.3e-54  180.1   3.3    18   321     2   263     1   263 0.99 -
d1xa1a_e.3.1.1       -            246 d1alqa_e.3.1.1.aln   -            336   2.5e-49  163.5   6.6   1   1   3.1e-50   1.4e-48  161.1   6.6    11   324     2   245     1   246 0.99 -
#
# Program:         hmmsearch
# Version:         3.3.2 (Nov 2020)
# Pipeline mode:   SEARCH
# Query file:      /home/elise/Documents/M1-BIM/S2/TMEs/SBAS/tme08/models/scop30/d1alqa_e.3.1.1.aln.hmm
# Target file:     /home/elise/Documents/M1-BIM/S2/TMEs/SBAS/tme08/scop/scop/scopTestSeq.fasta
# Option settings: hmmsearch --domtblout /home/elise/Documents/M1-BIM/S2/TMEs/SBAS/tme08/searchResults/scop30/d1alqa_e.3.1.1.aln.out -E 1 /home/elise/Documents/M1-BIM/S2/TMEs/SBAS/tme08/models/scop30/d1alqa_e.3.1.1.aln.hmm /home/elise/Documents/M1-BIM/S2/TMEs/SBAS/tme08/scop/scop/scopTestSeq.fasta 
# Current dir:     /home/elise/Documents/M1-BIM/S2/TMEs/SBAS/tme08
# Date:            Thu Apr 10 10:02:13 2025
# [ok]
