#                                                                            --- full sequence --- -------------- this domain -------------   hmm coord   ali coord   env coord
# target name        accession   tlen query name           accession   qlen   E-value  score  bias   #  of  c-Evalue  i-Evalue  score  bias  from    to  from    to  from    to  acc description of target
#------------------- ---------- ----- -------------------- ---------- ----- --------- ------ ----- --- --- --------- --------- ------ ----- ----- ----- ----- ----- ----- ----- ---- ---------------------
d1ji1a1b.1.18.2      -            122 d1bf2a1b.1.18.2.aln  -            105   2.9e-27   90.2   2.3   1   1   7.5e-29   3.3e-27   90.1   2.3     2   102    20   120    19   122 0.98 -
d1j0ha1b.1.18.2      -            123 d1bf2a1b.1.18.2.aln  -            105   9.4e-25   82.2   0.0   1   1   2.4e-26   1.1e-24   82.0   0.0     1   105    13   117    13   117 0.99 -
d1m7xa1b.1.18.2      -            110 d1bf2a1b.1.18.2.aln  -            105   1.7e-24   81.4   0.0   1   1   4.3e-26   1.9e-24   81.2   0.0     2   105     2   105     1   105 0.98 -
d1ut9a2b.1.18.2      -             98 d1bf2a1b.1.18.2.aln  -            105   8.7e-24   79.1   0.1   1   1   2.1e-25   9.3e-24   79.0   0.1     9   104     2    96     1    97 0.98 -
d2fhfa1b.1.18.2      -            115 d1bf2a1b.1.18.2.aln  -            105   1.5e-23   78.4   2.0   1   1   3.7e-25   1.6e-23   78.2   2.0     2   104     9   111     8   112 0.98 -
d1edqa1b.1.18.2      -            109 d1bf2a1b.1.18.2.aln  -            105   3.9e-22   73.8   1.7   1   1   9.7e-24   4.3e-22   73.7   1.7     2   104     3   104     2   105 0.97 -
d2fhfa2b.1.18.2      -            125 d1bf2a1b.1.18.2.aln  -            105   8.4e-22   72.7   0.1   1   1   2.2e-23   9.5e-22   72.6   0.1     2   105    14   117    13   117 0.98 -
d1k3ia1b.1.18.2      -            102 d1bf2a1b.1.18.2.aln  -            105   3.9e-21   70.6   1.9   1   1   9.5e-23   4.2e-21   70.5   1.9     5   104     2   101     1   102 0.97 -
d1txka1b.1.18.2      -            115 d1bf2a1b.1.18.2.aln  -            105   4.2e-21   70.5   1.8   1   1   1.1e-22   4.7e-21   70.3   1.8     1   105     7   110     7   110 0.98 -
d1qbaa1b.1.18.2      -            105 d1bf2a1b.1.18.2.aln  -            105   6.8e-21   69.8   0.0   1   1   1.7e-22   7.4e-21   69.7   0.0     2   104     2   104     1   105 0.98 -
d1h3ga1b.1.18.2      -             93 d1bf2a1b.1.18.2.aln  -            105   3.2e-19   64.4   0.0   1   1   7.9e-21   3.5e-19   64.3   0.0     5    96     2    93     1    93 0.97 -
d2bhua1b.1.18.2      -             97 d1bf2a1b.1.18.2.aln  -            105   6.9e-19   63.4   0.1   1   1   1.7e-20   7.4e-19   63.3   0.1     6   100     2    95     1    97 0.97 -
d1w8oa1b.1.18.2      -            103 d1bf2a1b.1.18.2.aln  -            105   8.3e-19   63.1   1.8   1   1     2e-20   8.9e-19   63.0   1.8     4   103     1   100     1   102 0.98 -
d1clca2b.1.18.2      -            100 d1bf2a1b.1.18.2.aln  -            105   2.2e-16   55.4   0.1   1   1   5.4e-18   2.4e-16   55.3   0.1     2    99     8    99     7   100 0.96 -
d2bvya1b.1.18.2      -             94 d1bf2a1b.1.18.2.aln  -            105   1.4e-15   52.8  10.8   1   1   3.4e-17   1.5e-15   52.7  10.8     7    99     2    94     1    94 0.97 -
d3bmva1b.1.18.2      -             83 d1bf2a1b.1.18.2.aln  -            105   1.7e-15   52.5   1.9   1   1   4.3e-17   1.9e-15   52.4   1.9    10    90     2    82     1    83 0.97 -
d1f1sa2b.1.18.2      -             78 d1bf2a1b.1.18.2.aln  -            105   9.4e-15   50.1   0.5   1   1   2.3e-16     1e-14   50.0   0.5    17    92     2    77     1    78 0.97 -
d1ulva2b.1.18.2      -             89 d1bf2a1b.1.18.2.aln  -            105   2.6e-12   42.3   6.3   1   1   6.5e-14   2.8e-12   42.2   6.3     7   100     1    87     1    89 0.97 -
#
# Program:         hmmsearch
# Version:         3.3.2 (Nov 2020)
# Pipeline mode:   SEARCH
# Query file:      /home/elise/Documents/M1-BIM/S2/TMEs/SBAS/tme08/models/scop30/d1bf2a1b.1.18.2.aln.hmm
# Target file:     /home/elise/Documents/M1-BIM/S2/TMEs/SBAS/tme08/scop/scop/scopTestSeq.fasta
# Option settings: hmmsearch --domtblout /home/elise/Documents/M1-BIM/S2/TMEs/SBAS/tme08/searchResults/scop30/d1bf2a1b.1.18.2.aln.out -E 1 /home/elise/Documents/M1-BIM/S2/TMEs/SBAS/tme08/models/scop30/d1bf2a1b.1.18.2.aln.hmm /home/elise/Documents/M1-BIM/S2/TMEs/SBAS/tme08/scop/scop/scopTestSeq.fasta 
# Current dir:     /home/elise/Documents/M1-BIM/S2/TMEs/SBAS/tme08
# Date:            Thu Apr 10 10:02:13 2025
# [ok]
