#                                                                            --- full sequence --- -------------- this domain -------------   hmm coord   ali coord   env coord
# target name        accession   tlen query name           accession   qlen   E-value  score  bias   #  of  c-Evalue  i-Evalue  score  bias  from    to  from    to  from    to  acc description of target
#------------------- ---------- ----- -------------------- ---------- ----- --------- ------ ----- --- --- --------- --------- ------ ----- ----- ----- ----- ----- ----- ----- ---- ---------------------
d1uoka2c.1.8.1       -            479 d1bf2a3c.1.8.1.aln   -            424  5.5e-115  380.1  18.7   1   1  1.6e-116  6.1e-115  380.0  18.7    10   422     2   478     1   479 0.99 -
d1g5aa2c.1.8.1       -            554 d1bf2a3c.1.8.1.aln   -            424  5.3e-114  376.9   3.8   1   1  1.5e-115  6.1e-114  376.7   3.8     1   424    39   554    39   554 1.00 -
d1wzaa2c.1.8.1       -            409 d1bf2a3c.1.8.1.aln   -            424  4.9e-112  370.4  14.9   1   1  1.4e-113  5.5e-112  370.3  14.9    14   423     2   409     1   409 0.99 -
d1h3ga3c.1.8.1       -            422 d1bf2a3c.1.8.1.aln   -            424  3.9e-110  364.1  10.5   1   1  1.1e-111  4.4e-110  364.0  10.5     8   424     3   422     1   422 0.99 -
d3bmva4c.1.8.1       -            406 d1bf2a3c.1.8.1.aln   -            424  2.6e-104  345.0  14.9   1   1  7.2e-106  2.8e-104  344.8  14.9     5   422     3   405     1   406 0.98 -
d1ji1a3c.1.8.1       -            432 d1bf2a3c.1.8.1.aln   -            424  1.7e-103  342.3  23.9   1   1  4.8e-105  1.9e-103  342.1  23.9     7   423     1   431     1   432 0.99 -
d2guya2c.1.8.1       -            381 d1bf2a3c.1.8.1.aln   -            424  6.2e-101  333.8   8.2   1   1  1.7e-102  6.8e-101  333.7   8.2    10   416     2   376     1   381 0.97 -
d2bhua3c.1.8.1       -            420 d1bf2a3c.1.8.1.aln   -            424  9.2e-100  330.0   3.3   1   1  2.6e-101     1e-99  329.8   3.3     2   424     2   420     1   420 0.99 -
d1m7xa3c.1.8.1       -            396 d1bf2a3c.1.8.1.aln   -            424     7e-97  320.5  17.2   1   1     2e-98   7.8e-97  320.3  17.2     1   423     1   392     1   393 0.99 -
d1gjwa2c.1.8.1       -            572 d1bf2a3c.1.8.1.aln   -            424   2.2e-96  318.9   0.0   1   1   6.3e-98   2.5e-96  318.7   0.0     1   422    39   570    39   572 0.99 -
d2fhfa5c.1.8.1       -            563 d1bf2a3c.1.8.1.aln   -            424   1.3e-95  316.3   1.0   1   1   3.8e-97   1.5e-95  316.1   1.0     2   423    40   562    39   563 0.99 -
d1wdpa_c.1.8.1       -            493 d1bf2a3c.1.8.1.aln   -            424   1.2e-89  296.6   0.2   1   1   3.5e-91   1.4e-89  296.4   0.2     1   422    19   489    19   491 0.98 -
d1e43a2c.1.8.1       -            393 d1bf2a3c.1.8.1.aln   -            424   8.3e-89  293.9  16.8   1   1   2.4e-90   9.4e-89  293.7  16.8    16   417     2   393     1   393 0.99 -
d1r7aa2c.1.8.1       -            434 d1bf2a3c.1.8.1.aln   -            424   3.4e-87  288.6   0.2   1   1   9.7e-89   3.8e-87  288.4   0.2     1   421     4   433     4   434 0.99 -
d1ht6a2c.1.8.1       -            347 d1bf2a3c.1.8.1.aln   -            424   9.2e-86  283.9   5.6   1   1   2.7e-87   1.1e-85  283.6   5.6    16   418     1   346     1   347 0.97 -
d1x1na1c.1.8.1       -            523 d1bf2a3c.1.8.1.aln   -            424   2.7e-83  275.7   0.1   1   1   7.7e-85   3.1e-83  275.5   0.1     2   423    29   521    28   522 0.99 -
d1vema2c.1.8.1       -            417 d1bf2a3c.1.8.1.aln   -            424   1.4e-82  273.4   8.2   1   1   3.8e-84   1.5e-82  273.3   8.2    10   423     2   413     1   414 0.99 -
d1kwga2c.1.8.1       -            393 d1bf2a3c.1.8.1.aln   -            424   4.7e-76  251.8   0.0   1   1   1.4e-77   5.7e-76  251.6   0.0     1   415    10   387    10   392 0.99 -
d1ua7a2c.1.8.1       -            344 d1bf2a3c.1.8.1.aln   -            424   3.5e-74  245.7  12.0   1   1   1.1e-75   4.3e-74  245.4  12.0    13   422     2   343     1   344 0.98 -
d1bf2a3c.1.8.1       -            475 d1bf2a3c.1.8.1.aln   -            424   1.3e-31  105.5  13.6   1   2   3.5e-24   1.4e-22   75.7   6.9    15   216    15   215     6   220 0.93 -
d1bf2a3c.1.8.1       -            475 d1bf2a3c.1.8.1.aln   -            424   1.3e-31  105.5  13.6   2   2   3.1e-11   1.2e-09   33.0   0.5   310   421   364   470   334   471 0.87 -
#
# Program:         hmmsearch
# Version:         3.3.2 (Nov 2020)
# Pipeline mode:   SEARCH
# Query file:      /home/elise/Documents/M1-BIM/S2/TMEs/SBAS/tme08/models/scop30/d1bf2a3c.1.8.1.aln.hmm
# Target file:     /home/elise/Documents/M1-BIM/S2/TMEs/SBAS/tme08/scop/scop/scopTestSeq.fasta
# Option settings: hmmsearch --domtblout /home/elise/Documents/M1-BIM/S2/TMEs/SBAS/tme08/searchResults/scop30/d1bf2a3c.1.8.1.aln.out -E 1 /home/elise/Documents/M1-BIM/S2/TMEs/SBAS/tme08/models/scop30/d1bf2a3c.1.8.1.aln.hmm /home/elise/Documents/M1-BIM/S2/TMEs/SBAS/tme08/scop/scop/scopTestSeq.fasta 
# Current dir:     /home/elise/Documents/M1-BIM/S2/TMEs/SBAS/tme08
# Date:            Thu Apr 10 10:02:14 2025
# [ok]
