#                                                                            --- full sequence --- -------------- this domain -------------   hmm coord   ali coord   env coord
# target name        accession   tlen query name           accession   qlen   E-value  score  bias   #  of  c-Evalue  i-Evalue  score  bias  from    to  from    to  from    to  acc description of target
#------------------- ---------- ----- -------------------- ---------- ----- --------- ------ ----- --- --- --------- --------- ------ ----- ----- ----- ----- ----- ----- ----- ---- ---------------------
d2pq8a_d.108.1.1     -            271 d1bo4a_d.108.1.1.aln -            230   2.5e-67  222.4   0.3   1   1   1.6e-68   2.9e-67  222.2   0.3     1   230     1   271     1   271 1.00 -
d2p0wa_d.108.1.1     -            319 d1bo4a_d.108.1.1.aln -            230   1.1e-40  135.2   0.1   1   1   8.4e-42   1.5e-40  134.8   0.1     1   200    80   319    80   319 0.99 -
d1p0ha_d.108.1.1     -            308 d1bo4a_d.108.1.1.aln -            230   5.2e-40  133.0   0.0   1   3   4.9e-38   8.7e-37  122.5   0.0    27   230     2   230     1   230 0.99 -
d1p0ha_d.108.1.1     -            308 d1bo4a_d.108.1.1.aln -            230   5.2e-40  133.0   0.0   2   3       1.7        30   -0.3   0.0   115   130   233   248   231   251 0.85 -
d1p0ha_d.108.1.1     -            308 d1bo4a_d.108.1.1.aln -            230   5.2e-40  133.0   0.0   3   3    0.0096      0.17    7.0   0.0   149   172   277   300   274   306 0.84 -
d1boba_d.108.1.1     -            315 d1bo4a_d.108.1.1.aln -            230   3.2e-35  117.3   0.4   1   1   2.2e-36   3.9e-35  117.1   0.4     1   200    72   315    72   315 1.00 -
d1tiqa_d.108.1.1     -            173 d1bo4a_d.108.1.1.aln -            230   2.7e-34  114.3   0.4   1   1   1.7e-35     3e-34  114.2   0.4    27   194     1   172     1   173 0.99 -
d1mk4a_d.108.1.1     -            157 d1bo4a_d.108.1.1.aln -            230   7.2e-33  109.6   0.0   1   1   4.4e-34   7.9e-33  109.5   0.0    43   201     2   157     1   157 0.98 -
d1i12a_d.108.1.1     -            157 d1bo4a_d.108.1.1.aln -            230   6.1e-32  106.6   0.0   1   1   3.7e-33   6.7e-32  106.5   0.0    26   178     3   155     1   157 0.98 -
d2cy2a1d.108.1.1     -            174 d1bo4a_d.108.1.1.aln -            230   1.1e-31  105.8   0.3   1   1   6.5e-33   1.2e-31  105.7   0.3    29   196     2   173     1   174 0.98 -
d2b5ga_d.108.1.1     -            168 d1bo4a_d.108.1.1.aln -            230   2.6e-31  104.6   0.2   1   1   1.6e-32   2.8e-31  104.4   0.2    26   189     1   167     1   168 0.99 -
d2gana1d.108.1.1     -            182 d1bo4a_d.108.1.1.aln -            230   4.4e-30  100.5   0.2   1   1   2.7e-31   4.8e-30  100.4   0.2    17   187     1   180     1   182 0.96 -
d1ufha_d.108.1.1     -            155 d1bo4a_d.108.1.1.aln -            230   9.4e-29   96.2   0.7   1   1   5.7e-30     1e-28   96.1   0.7    29   178     3   153     1   155 0.97 -
d1nsla_d.108.1.1     -            180 d1bo4a_d.108.1.1.aln -            230   9.5e-29   96.2   0.1   1   1   5.8e-30     1e-28   96.0   0.1    27   196     2   179     1   180 0.98 -
d2ae6a1d.108.1.1     -            161 d1bo4a_d.108.1.1.aln -            230   1.7e-28   95.3   0.1   1   1   1.2e-29   2.2e-28   95.0   0.1    40   192     6   159     2   160 0.97 -
d1vkca_d.108.1.1     -            149 d1bo4a_d.108.1.1.aln -            230   3.5e-28   94.3   1.8   1   1   2.1e-29   3.7e-28   94.2   1.8    35   179     5   148     1   149 0.96 -
d1wwza1d.108.1.1     -            157 d1bo4a_d.108.1.1.aln -            230   2.9e-27   91.3   0.5   1   1   1.8e-28   3.2e-27   91.2   0.5    30   189     1   155     1   157 0.95 -
d1u6ma_d.108.1.1     -            189 d1bo4a_d.108.1.1.aln -            230   1.1e-26   89.4   0.1   1   1   7.7e-28   1.4e-26   89.1   0.1    29   188     2   187     1   188 0.99 -
d1cjwa_d.108.1.1     -            166 d1bo4a_d.108.1.1.aln -            230   1.4e-26   89.1   0.0   1   1   8.6e-28   1.5e-26   88.9   0.0    23   189     1   164     1   166 0.97 -
d2fiaa1d.108.1.1     -            157 d1bo4a_d.108.1.1.aln -            230   2.1e-26   88.5   1.0   1   1   1.3e-27   2.3e-26   88.4   1.0    37   193     2   156     1   157 0.98 -
d2fcka1d.108.1.1     -            178 d1bo4a_d.108.1.1.aln -            230   2.1e-26   88.5   0.1   1   1   1.3e-27   2.3e-26   88.3   0.1    25   193     1   177     1   178 0.97 -
d2fl4a1d.108.1.1     -            146 d1bo4a_d.108.1.1.aln -            230     5e-26   87.3   0.5   1   1     3e-27   5.5e-26   87.1   0.5    39   188     2   145     1   146 0.93 -
d1y9wa1d.108.1.1     -            140 d1bo4a_d.108.1.1.aln -            230   6.1e-26   87.0   1.2   1   1   3.6e-27   6.5e-26   86.9   1.2    47   190     3   139     1   140 0.94 -
d2euia1d.108.1.1     -            153 d1bo4a_d.108.1.1.aln -            230   8.4e-26   86.5   0.1   1   1   5.2e-27   9.3e-26   86.4   0.1    40   180     5   146     1   152 0.94 -
d1qsma_d.108.1.1     -            150 d1bo4a_d.108.1.1.aln -            230   1.2e-25   86.1   0.0   1   1   7.2e-27   1.3e-25   85.9   0.0    32   175     2   144     1   149 0.95 -
d1ghea_d.108.1.1     -            170 d1bo4a_d.108.1.1.aln -            230   1.9e-24   82.1   0.0   1   1   1.1e-25     2e-24   82.0   0.0    29   192     2   169     1   170 0.98 -
d1yx0a1d.108.1.1     -            151 d1bo4a_d.108.1.1.aln -            230   5.4e-24   80.6   0.0   1   1   3.2e-25   5.8e-24   80.5   0.0    41   190     2   150     1   151 0.97 -
d1y9ka1d.108.1.1     -            152 d1bo4a_d.108.1.1.aln -            230   7.5e-24   80.1   0.0   1   1   5.1e-25   9.1e-24   79.9   0.0    62   195    17   151     2   152 0.87 -
d1z4ea1d.108.1.1     -            150 d1bo4a_d.108.1.1.aln -            230   7.5e-24   80.1   0.1   1   1   4.9e-25   8.8e-24   79.9   0.1    31   173     1   143     1   148 0.95 -
d1yk3a1d.108.1.1     -            198 d1bo4a_d.108.1.1.aln -            230   1.7e-23   78.9   0.0   1   1   1.1e-24   1.9e-23   78.8   0.0    20   188     1   194     1   198 0.98 -
d1z4ra1d.108.1.1     -            162 d1bo4a_d.108.1.1.aln -            230   2.1e-23   78.7   0.0   1   1   1.4e-24   2.4e-23   78.5   0.0    33   188     3   159     1   161 0.94 -
d2fiwa1d.108.1.1     -            156 d1bo4a_d.108.1.1.aln -            230   8.9e-23   76.6   0.0   1   1   5.4e-24   9.7e-23   76.5   0.0    34   191     2   155     1   156 0.97 -
d2jdca1d.108.1.1     -            145 d1bo4a_d.108.1.1.aln -            230   1.7e-22   75.7   0.1   1   1   1.1e-23   1.9e-22   75.5   0.1    37   190     2   143     1   145 0.97 -
d1n71a_d.108.1.1     -            180 d1bo4a_d.108.1.1.aln -            230   2.1e-22   75.4   0.0   1   1   1.4e-23   2.5e-22   75.1   0.0    25   196     1   179     1   179 0.99 -
d2atra1d.108.1.1     -            137 d1bo4a_d.108.1.1.aln -            230   3.5e-21   71.4   0.1   1   1   2.2e-22     4e-21   71.2   0.1    60   184    17   135     2   137 0.94 -
d1q2ya_d.108.1.1     -            140 d1bo4a_d.108.1.1.aln -            230   5.9e-21   70.7   0.2   1   1   3.6e-22   6.4e-21   70.5   0.2    46   189     4   139     1   140 0.97 -
d2aj6a1d.108.1.1     -            118 d1bo4a_d.108.1.1.aln -            230   2.9e-20   68.4   0.1   1   1   1.7e-21   3.1e-20   68.3   0.1    32   150     2   116     1   118 0.97 -
d1y7ra1d.108.1.1     -            133 d1bo4a_d.108.1.1.aln -            230   2.3e-19   65.4   0.0   1   1   1.4e-20   2.5e-19   65.4   0.0    46   183     3   131     1   133 0.96 -
d1xeba_d.108.1.1     -            149 d1bo4a_d.108.1.1.aln -            230   2.7e-19   65.2   0.4   1   1   1.6e-20   2.9e-19   65.1   0.4    38   189     2   148     1   149 0.94 -
d2fsra1d.108.1.1     -            164 d1bo4a_d.108.1.1.aln -            230   1.2e-18   63.1   0.0   1   1   7.2e-20   1.3e-18   63.0   0.0    27   188     1   163     1   164 0.96 -
d1m4ia_d.108.1.1     -            181 d1bo4a_d.108.1.1.aln -            230   1.8e-17   59.2   0.0   1   1   1.1e-18     2e-17   59.1   0.0    31   194     2   181     1   181 0.98 -
d1bo4a_d.108.1.1     -            137 d1bo4a_d.108.1.1.aln -            230   4.4e-13   44.9   0.1   1   1   2.7e-14   4.8e-13   44.8   0.1    92   168    50   137    14   137 0.85 -
d2g3aa1d.108.1.1     -            137 d1bo4a_d.108.1.1.aln -            230   3.4e-12   42.0   0.0   1   1   2.1e-13   3.8e-12   41.9   0.0    50   189     6   136     1   137 0.79 -
d1xmta_d.108.1.1     -             95 d1bo4a_d.108.1.1.aln -            230   3.8e-09   32.0   0.0   1   1   2.2e-10     4e-09   31.9   0.0    47   139     3    94     1    95 0.96 -
d1r57a_d.108.1.1     -            102 d1bo4a_d.108.1.1.aln -            230   2.9e-07   25.9   0.1   1   1   1.7e-08   3.1e-07   25.8   0.1    46   148     2   101     1   102 0.95 -
d2d4pa1d.108.1.1     -            130 d1bo4a_d.108.1.1.aln -            230   1.5e-06   23.6   0.0   1   1   9.2e-08   1.6e-06   23.4   0.0    48   178     2   124     1   129 0.94 -
#
# Program:         hmmsearch
# Version:         3.3.2 (Nov 2020)
# Pipeline mode:   SEARCH
# Query file:      /home/elise/Documents/M1-BIM/S2/TMEs/SBAS/tme08/models/scop30/d1bo4a_d.108.1.1.aln.hmm
# Target file:     /home/elise/Documents/M1-BIM/S2/TMEs/SBAS/tme08/scop/scop/scopTestSeq.fasta
# Option settings: hmmsearch --domtblout /home/elise/Documents/M1-BIM/S2/TMEs/SBAS/tme08/searchResults/scop30/d1bo4a_d.108.1.1.aln.out -E 1 /home/elise/Documents/M1-BIM/S2/TMEs/SBAS/tme08/models/scop30/d1bo4a_d.108.1.1.aln.hmm /home/elise/Documents/M1-BIM/S2/TMEs/SBAS/tme08/scop/scop/scopTestSeq.fasta 
# Current dir:     /home/elise/Documents/M1-BIM/S2/TMEs/SBAS/tme08
# Date:            Thu Apr 10 10:02:14 2025
# [ok]
