#                                                                            --- full sequence --- -------------- this domain -------------   hmm coord   ali coord   env coord
# target name        accession   tlen query name           accession   qlen   E-value  score  bias   #  of  c-Evalue  i-Evalue  score  bias  from    to  from    to  from    to  acc description of target
#------------------- ---------- ----- -------------------- ---------- ----- --------- ------ ----- --- --- --------- --------- ------ ----- ----- ----- ----- ----- ----- ----- ---- ---------------------
d1qdda_d.169.1.1     -            144 d1byfa_d.169.1.1.aln -            129   2.3e-44  146.2   3.1   1   1   4.2e-46   2.6e-44  146.1   3.1     2   127    13   143    12   144 0.98 -
d2ziba_d.169.1.1     -            130 d1byfa_d.169.1.1.aln -            129   1.5e-41  137.1   3.4   1   1   2.8e-43   1.7e-41  137.0   3.4     2   127     6   128     5   130 0.98 -
d1wmza_d.169.1.1     -            140 d1byfa_d.169.1.1.aln -            129   2.6e-41  136.4   8.5   1   1   4.8e-43   2.9e-41  136.2   8.5     2   128     2   139     1   140 0.98 -
d3l9jc_d.169.1.1     -            134 d1byfa_d.169.1.1.aln -            129   5.7e-38  125.6   3.1   1   1     1e-39   6.2e-38  125.5   3.1     2   127     2   133     1   134 0.97 -
d1gz2a_d.169.1.1     -            139 d1byfa_d.169.1.1.aln -            129   7.2e-38  125.2   0.1   1   1   1.3e-39     8e-38  125.1   0.1     3   127     2   138     1   139 0.98 -
d1pwba1d.169.1.1     -            121 d1byfa_d.169.1.1.aln -            129   1.7e-35  117.6   0.0   1   1   3.1e-37   1.9e-35  117.4   0.0     6   126     2   121     1   121 0.95 -
d1qo3c_d.169.1.1     -            133 d1byfa_d.169.1.1.aln -            129   1.7e-35  117.5   3.8   1   1   3.2e-37   1.9e-35  117.4   3.8     2   127    13   131    12   133 0.97 -
d1h8ua_d.169.1.1     -            115 d1byfa_d.169.1.1.aln -            129   5.1e-34  112.8   5.0   1   1   9.2e-36   5.6e-34  112.7   5.0    15   125     2   114     1   115 0.98 -
d1g1ta1d.169.1.1     -            118 d1byfa_d.169.1.1.aln -            129   8.2e-34  112.1   5.5   1   1   1.5e-35   9.1e-34  112.0   5.5    13   125     1   118     1   118 0.96 -
d3hupa_d.169.1.1     -            121 d1byfa_d.169.1.1.aln -            129   1.3e-32  108.3  10.4   1   1   2.3e-34   1.4e-32  108.1  10.4     2   128     6   120     5   121 0.97 -
d1wk1a_d.169.1.1     -            150 d1byfa_d.169.1.1.aln -            129   1.9e-32  107.7   0.0   1   1   3.5e-34   2.1e-32  107.5   0.0     7   128     3   131     1   132 0.96 -
d1kg0c_d.169.1.1     -            136 d1byfa_d.169.1.1.aln -            129   7.1e-31  102.6   5.2   1   1   1.4e-32   8.4e-31  102.4   5.2     1   128    17   135    17   136 0.98 -
d1byfa_d.169.1.1     -            123 d1byfa_d.169.1.1.aln -            129   1.5e-10   36.9   0.1   1   1     3e-12   1.8e-10   36.6   0.1    16   127     5   121     2   123 0.80 -
#
# Program:         hmmsearch
# Version:         3.3.2 (Nov 2020)
# Pipeline mode:   SEARCH
# Query file:      /home/elise/Documents/M1-BIM/S2/TMEs/SBAS/tme08/models/scop30/d1byfa_d.169.1.1.aln.hmm
# Target file:     /home/elise/Documents/M1-BIM/S2/TMEs/SBAS/tme08/scop/scop/scopTestSeq.fasta
# Option settings: hmmsearch --domtblout /home/elise/Documents/M1-BIM/S2/TMEs/SBAS/tme08/searchResults/scop30/d1byfa_d.169.1.1.aln.out -E 1 /home/elise/Documents/M1-BIM/S2/TMEs/SBAS/tme08/models/scop30/d1byfa_d.169.1.1.aln.hmm /home/elise/Documents/M1-BIM/S2/TMEs/SBAS/tme08/scop/scop/scopTestSeq.fasta 
# Current dir:     /home/elise/Documents/M1-BIM/S2/TMEs/SBAS/tme08
# Date:            Thu Apr 10 10:02:14 2025
# [ok]
