#                                                                            --- full sequence --- -------------- this domain -------------   hmm coord   ali coord   env coord
# target name        accession   tlen query name           accession   qlen   E-value  score  bias   #  of  c-Evalue  i-Evalue  score  bias  from    to  from    to  from    to  acc description of target
#------------------- ---------- ----- -------------------- ---------- ----- --------- ------ ----- --- --- --------- --------- ------ ----- ----- ----- ----- ----- ----- ----- ---- ---------------------
d1bgva1c.2.1.7       -            255 d1c1da1c.2.1.7.aln   -            196   3.6e-61  202.1   0.8   1   1   5.1e-63     4e-61  201.9   0.8     2   195     3   255     2   255 0.99 -
d3mw9a1c.2.1.7       -            293 d1c1da1c.2.1.7.aln   -            196   5.2e-61  201.5   0.0   1   1   7.4e-63   5.9e-61  201.4   0.0     4   195     1   292     1   293 0.99 -
d1euza1c.2.1.7       -            239 d1c1da1c.2.1.7.aln   -            196   1.1e-59  197.2   1.7   1   1   1.5e-61   1.2e-59  197.1   1.7     4   196     1   239     1   239 0.99 -
d1o0sa1c.2.1.7       -            308 d1c1da1c.2.1.7.aln   -            196   2.7e-59  195.9   0.3   1   1     4e-61   3.1e-59  195.7   0.3     1   196     1   278     1   278 0.99 -
d1vl6a1c.2.1.7       -            222 d1c1da1c.2.1.7.aln   -            196   3.4e-58  192.4   0.2   1   1   4.8e-60   3.8e-58  192.2   0.2     1   195     2   219     2   220 0.99 -
d1luaa1c.2.1.7       -            191 d1c1da1c.2.1.7.aln   -            196   1.6e-49  164.1   3.7   1   1   2.2e-51   1.7e-49  163.9   3.7     3   192     1   191     1   191 0.99 -
d1npya1c.2.1.7       -            167 d1c1da1c.2.1.7.aln   -            196   2.3e-49  163.5   3.3   1   1   3.2e-51   2.5e-49  163.4   3.3    10   186     2   165     1   167 0.98 -
d1edza1c.2.1.7       -            171 d1c1da1c.2.1.7.aln   -            196   6.1e-48  158.9   0.0   1   1   8.5e-50   6.7e-48  158.8   0.0     1   174     2   170     2   171 0.99 -
d1nyta1c.2.1.7       -            170 d1c1da1c.2.1.7.aln   -            196   2.6e-46  153.6   0.0   1   1   3.6e-48   2.8e-46  153.4   0.0     9   187     2   169     1   170 0.98 -
d1gpja2c.2.1.7       -            159 d1c1da1c.2.1.7.aln   -            196   1.4e-37  125.1   0.7   1   1   1.9e-39   1.5e-37  125.0   0.7     3   183     2   159     1   159 0.98 -
#
# Program:         hmmsearch
# Version:         3.3.2 (Nov 2020)
# Pipeline mode:   SEARCH
# Query file:      /home/elise/Documents/M1-BIM/S2/TMEs/SBAS/tme08/models/scop30/d1c1da1c.2.1.7.aln.hmm
# Target file:     /home/elise/Documents/M1-BIM/S2/TMEs/SBAS/tme08/scop/scop/scopTestSeq.fasta
# Option settings: hmmsearch --domtblout /home/elise/Documents/M1-BIM/S2/TMEs/SBAS/tme08/searchResults/scop30/d1c1da1c.2.1.7.aln.out -E 1 /home/elise/Documents/M1-BIM/S2/TMEs/SBAS/tme08/models/scop30/d1c1da1c.2.1.7.aln.hmm /home/elise/Documents/M1-BIM/S2/TMEs/SBAS/tme08/scop/scop/scopTestSeq.fasta 
# Current dir:     /home/elise/Documents/M1-BIM/S2/TMEs/SBAS/tme08
# Date:            Thu Apr 10 10:02:14 2025
# [ok]
