#                                                                            --- full sequence --- -------------- this domain -------------   hmm coord   ali coord   env coord
# target name        accession   tlen query name           accession   qlen   E-value  score  bias   #  of  c-Evalue  i-Evalue  score  bias  from    to  from    to  from    to  acc description of target
#------------------- ---------- ----- -------------------- ---------- ----- --------- ------ ----- --- --- --------- --------- ------ ----- ----- ----- ----- ----- ----- ----- ---- ---------------------
d2je6i1b.40.4.5      -             87 d1c9oa_b.40.4.5.aln  -             91   2.2e-17   58.1   0.4   1   1   1.1e-18   2.4e-17   58.0   0.4     2    86     1    86     1    87 0.98 -
d1jt8a_b.40.4.5      -            102 d1c9oa_b.40.4.5.aln  -             91   5.9e-17   56.8   0.4   1   1     3e-18   6.6e-17   56.6   0.4     5    91     3    95     1    95 0.97 -
d1wi5a_b.40.4.5      -            119 d1c9oa_b.40.4.5.aln  -             91     1e-16   56.0   0.0   1   1   5.9e-18   1.3e-16   55.7   0.0     6    88    19   101    15   104 0.95 -
d3bzka4b.40.4.5      -             94 d1c9oa_b.40.4.5.aln  -             91   1.5e-16   55.5   0.5   1   1   8.1e-18   1.8e-16   55.3   0.5     4    77    14    85    11    93 0.93 -
d1luza_b.40.4.5      -             85 d1c9oa_b.40.4.5.aln  -             91   1.8e-16   55.3   0.5   1   1   8.8e-18   1.9e-16   55.1   0.5     1    86     1    85     1    85 0.97 -
d1y14b1b.40.4.5      -             91 d1c9oa_b.40.4.5.aln  -             91   4.4e-15   50.8   0.0   1   1   2.2e-16   4.8e-15   50.7   0.0     6    91     1    87     1    87 0.97 -
d2ja9a1b.40.4.5      -             90 d1c9oa_b.40.4.5.aln  -             91   2.4e-14   48.5   0.0   1   1   1.2e-15   2.6e-14   48.4   0.0     3    89     2    86     1    88 0.97 -
d1go3e1b.40.4.5      -            106 d1c9oa_b.40.4.5.aln  -             91   4.8e-14   47.5   0.7   1   1   2.6e-15   5.7e-14   47.3   0.7     6    91     1    94     1    94 0.97 -
d1kl9a2b.40.4.5      -             86 d1c9oa_b.40.4.5.aln  -             91   7.6e-14   46.9   1.1   1   1   3.8e-15   8.3e-14   46.8   1.1     2    81     7    86     6    86 0.97 -
d2ix0a1b.40.4.5      -             90 d1c9oa_b.40.4.5.aln  -             91   1.5e-13   45.9   0.0   1   1   7.4e-15   1.6e-13   45.8   0.0     4    91     3    90     1    90 0.97 -
d2vnud3b.40.4.5      -            148 d1c9oa_b.40.4.5.aln  -             91   2.4e-13   45.3   0.0   1   1   2.3e-14     5e-13   44.3   0.0     1    90     2    94     2    95 0.97 -
d2nn6i1b.40.4.5      -            125 d1c9oa_b.40.4.5.aln  -             91   3.4e-13   44.8   0.0   1   1   1.8e-14     4e-13   44.6   0.0     5    90     4    97     1    98 0.96 -
d1wfqa_b.40.4.5      -             89 d1c9oa_b.40.4.5.aln  -             91   3.6e-13   44.7   0.0   1   1   1.7e-14   3.8e-13   44.7   0.0     5    87     3    88     1    89 0.96 -
d2nn6h1b.40.4.5      -             95 d1c9oa_b.40.4.5.aln  -             91     3e-12   41.8   0.1   1   1   1.5e-13   3.4e-12   41.7   0.1     2    85     2    93     1    95 0.97 -
d1d7qa_b.40.4.5      -            143 d1c9oa_b.40.4.5.aln  -             91   9.2e-12   40.3   0.4   1   1   6.2e-13   1.4e-11   39.7   0.1     2    90    11   105    10   106 0.97 -
d1smxa_b.40.4.5      -             87 d1c9oa_b.40.4.5.aln  -             91     2e-11   39.2   0.0   1   1   9.8e-13   2.1e-11   39.1   0.0     3    85     3    86     1    87 0.95 -
d2uubq1b.40.4.5      -            100 d1c9oa_b.40.4.5.aln  -             91   7.7e-11   37.3   2.7   1   1   4.1e-12   9.1e-11   37.1   2.7     9    91     2    86     1    86 0.97 -
d2ix0a3b.40.4.5      -             87 d1c9oa_b.40.4.5.aln  -             91   1.7e-10   36.2   0.1   1   1   8.4e-12   1.8e-10   36.1   0.1     2    81     6    87     5    87 0.96 -
d2asba1b.40.4.5      -             76 d1c9oa_b.40.4.5.aln  -             91     2e-10   36.0   0.2   1   1   9.7e-12   2.1e-10   35.9   0.2     6    81     2    76     1    76 0.95 -
d2vnud2b.40.4.5      -             88 d1c9oa_b.40.4.5.aln  -             91     3e-10   35.5   0.3   1   1   1.4e-11   3.1e-10   35.4   0.3     2    83     3    86     2    88 0.95 -
d1e3pa2b.40.4.5      -             62 d1c9oa_b.40.4.5.aln  -             91   3.4e-10   35.3   0.2   1   1   1.7e-11   3.6e-10   35.2   0.2    14    72     1    61     1    62 0.97 -
d1jjga_b.40.4.5      -            102 d1c9oa_b.40.4.5.aln  -             91     6e-10   34.5   0.3   1   1     3e-11   6.6e-10   34.4   0.3     4    89     6    93     3    95 0.95 -
d1hh2p1b.40.4.5      -             72 d1c9oa_b.40.4.5.aln  -             91   1.4e-09   33.4   0.3   1   1   6.6e-11   1.4e-09   33.3   0.3     7    81     2    72     1    72 0.95 -
d1khia2b.40.4.5      -             71 d1c9oa_b.40.4.5.aln  -             91   1.7e-09   33.1   0.1   1   1     8e-11   1.8e-09   33.0   0.1     3    71     1    69     1    71 0.96 -
d1a62a2b.40.4.5      -             78 d1c9oa_b.40.4.5.aln  -             91   2.4e-09   32.5   0.0   1   1   1.2e-10   2.6e-09   32.5   0.0    10    87     2    76     1    78 0.95 -
d2vnud1b.40.4.5      -             95 d1c9oa_b.40.4.5.aln  -             91   2.9e-09   32.3   0.0   1   1   1.5e-10   3.2e-09   32.2   0.0     2    87     1    95     1    95 0.97 -
d2ix0a2b.40.4.5      -             79 d1c9oa_b.40.4.5.aln  -             91   3.7e-09   32.0   0.0   1   1     2e-10   4.3e-09   31.8   0.0    10    80     7    76     2    78 0.92 -
d3i4oa_b.40.4.5      -             68 d1c9oa_b.40.4.5.aln  -             91   6.8e-09   31.1   0.3   1   1   3.3e-10   7.1e-09   31.1   0.3    10    79     4    67     1    68 0.95 -
d1u0la1b.40.4.5      -             66 d1c9oa_b.40.4.5.aln  -             91   1.1e-08   30.5   0.3   1   1   5.1e-10   1.1e-08   30.5   0.3    12    79     3    65     1    66 0.91 -
d1x6oa2b.40.4.5      -             79 d1c9oa_b.40.4.5.aln  -             91   1.1e-08   30.4   0.0   1   1   5.4e-10   1.2e-08   30.4   0.0     6    79     3    76     1    79 0.94 -
d1t9ha1b.40.4.5      -             67 d1c9oa_b.40.4.5.aln  -             91   1.3e-08   30.3   0.2   1   1   6.6e-10   1.4e-08   30.1   0.2    11    76     1    63     1    66 0.93 -
d2uubl1b.40.4.5      -            118 d1c9oa_b.40.4.5.aln  -             91   2.5e-08   29.3   2.1   1   1   1.4e-09     3e-08   29.1   2.1     2    90    11   108    10   109 0.97 -
d1bkba2b.40.4.5      -             65 d1c9oa_b.40.4.5.aln  -             91   7.1e-08   27.9   0.3   1   1   3.4e-09   7.6e-08   27.8   0.3    11    76     2    64     1    65 0.95 -
d1ueba2b.40.4.5      -             63 d1c9oa_b.40.4.5.aln  -             91   2.7e-07   26.0   0.0   1   1   1.3e-08   2.8e-07   26.0   0.0     8    70     2    61     1    63 0.92 -
d1ne3a_b.40.4.5      -             68 d1c9oa_b.40.4.5.aln  -             91   3.4e-07   25.7   0.1   1   1   1.6e-08   3.5e-07   25.7   0.1    10    74     4    66     1    68 0.91 -
d1rl2a2b.40.4.5      -             66 d1c9oa_b.40.4.5.aln  -             91   4.9e-05   18.9   0.1   1   1   2.4e-06   5.3e-05   18.8   0.1     8    77     1    66     1    66 0.96 -
#
# Program:         hmmsearch
# Version:         3.3.2 (Nov 2020)
# Pipeline mode:   SEARCH
# Query file:      /home/elise/Documents/M1-BIM/S2/TMEs/SBAS/tme08/models/scop30/d1c9oa_b.40.4.5.aln.hmm
# Target file:     /home/elise/Documents/M1-BIM/S2/TMEs/SBAS/tme08/scop/scop/scopTestSeq.fasta
# Option settings: hmmsearch --domtblout /home/elise/Documents/M1-BIM/S2/TMEs/SBAS/tme08/searchResults/scop30/d1c9oa_b.40.4.5.aln.out -E 1 /home/elise/Documents/M1-BIM/S2/TMEs/SBAS/tme08/models/scop30/d1c9oa_b.40.4.5.aln.hmm /home/elise/Documents/M1-BIM/S2/TMEs/SBAS/tme08/scop/scop/scopTestSeq.fasta 
# Current dir:     /home/elise/Documents/M1-BIM/S2/TMEs/SBAS/tme08
# Date:            Thu Apr 10 10:02:14 2025
# [ok]
