#                                                                            --- full sequence --- -------------- this domain -------------   hmm coord   ali coord   env coord
# target name        accession   tlen query name           accession   qlen   E-value  score  bias   #  of  c-Evalue  i-Evalue  score  bias  from    to  from    to  from    to  acc description of target
#------------------- ---------- ----- -------------------- ---------- ----- --------- ------ ----- --- --- --------- --------- ------ ----- ----- ----- ----- ----- ----- ----- ---- ---------------------
d1r3na1c.56.5.4      -            323 d1cg2a1c.56.5.4.aln  -            284   1.5e-96  318.2   0.0   1   1   2.4e-98   1.7e-96  318.0   0.0     2   284     2   318     1   318 0.99 -
d1rtqa_c.56.5.4      -            291 d1cg2a1c.56.5.4.aln  -            284   2.8e-94  310.7   0.5   1   1   4.4e-96   3.2e-94  310.6   0.5     2   284     9   286     8   286 0.99 -
d1y7ea2c.56.5.4      -            323 d1cg2a1c.56.5.4.aln  -            284   1.9e-89  294.9   0.2   1   1     3e-91   2.1e-89  294.7   0.2     1   284     5   322     5   322 1.00 -
d1z2la1c.56.5.4      -            294 d1cg2a1c.56.5.4.aln  -            284   2.6e-88  291.2   0.0   1   1   4.1e-90   2.9e-88  291.0   0.0    15   284     1   294     1   294 0.99 -
d1tkja_c.56.5.4      -            277 d1cg2a1c.56.5.4.aln  -            284     9e-88  289.4   0.0   1   1   1.4e-89   9.9e-88  289.3   0.0    15   283     2   276     1   277 0.99 -
d1fnoa4c.56.5.4      -            296 d1cg2a1c.56.5.4.aln  -            284   1.6e-87  288.6   0.0   1   1   2.5e-89   1.8e-87  288.4   0.0     1   283     1   295     1   296 0.99 -
d1vgya1c.56.5.4      -            263 d1cg2a1c.56.5.4.aln  -            284   7.9e-82  269.9   0.0   1   1   1.2e-83   8.8e-82  269.8   0.0    14   280     1   262     1   263 0.99 -
d1lfwa1c.56.5.4      -            273 d1cg2a1c.56.5.4.aln  -            284   1.4e-79  262.5   0.0   1   1   2.2e-81   1.6e-79  262.3   0.0     2   283     9   272     8   273 0.99 -
d1y0ya3c.56.5.4      -            256 d1cg2a1c.56.5.4.aln  -            284   2.6e-78  258.4   0.2   1   1     4e-80   2.8e-78  258.2   0.2    17   282     2   255     1   256 0.99 -
d2grea2c.56.5.4      -            234 d1cg2a1c.56.5.4.aln  -            284   5.8e-65  214.6   1.7   1   1   9.2e-67   6.6e-65  214.4   1.7    13   282     1   234     1   234 0.99 -
d1cg2a1c.56.5.4      -            277 d1cg2a1c.56.5.4.aln  -            284   7.1e-07   24.0   0.5   1   2     5e-07   3.6e-05   18.4   0.1    77   163    86   166    17   177 0.87 -
d1cg2a1c.56.5.4      -            277 d1cg2a1c.56.5.4.aln  -            284   7.1e-07   24.0   0.5   2   2     0.017       1.3    3.5   0.0   213   267   205   261   191   273 0.76 -
#
# Program:         hmmsearch
# Version:         3.3.2 (Nov 2020)
# Pipeline mode:   SEARCH
# Query file:      /home/elise/Documents/M1-BIM/S2/TMEs/SBAS/tme08/models/scop30/d1cg2a1c.56.5.4.aln.hmm
# Target file:     /home/elise/Documents/M1-BIM/S2/TMEs/SBAS/tme08/scop/scop/scopTestSeq.fasta
# Option settings: hmmsearch --domtblout /home/elise/Documents/M1-BIM/S2/TMEs/SBAS/tme08/searchResults/scop30/d1cg2a1c.56.5.4.aln.out -E 1 /home/elise/Documents/M1-BIM/S2/TMEs/SBAS/tme08/models/scop30/d1cg2a1c.56.5.4.aln.hmm /home/elise/Documents/M1-BIM/S2/TMEs/SBAS/tme08/scop/scop/scopTestSeq.fasta 
# Current dir:     /home/elise/Documents/M1-BIM/S2/TMEs/SBAS/tme08
# Date:            Thu Apr 10 10:02:14 2025
# [ok]
