#                                                                            --- full sequence --- -------------- this domain -------------   hmm coord   ali coord   env coord
# target name        accession   tlen query name           accession   qlen   E-value  score  bias   #  of  c-Evalue  i-Evalue  score  bias  from    to  from    to  from    to  acc description of target
#------------------- ---------- ----- -------------------- ---------- ----- --------- ------ ----- --- --- --------- --------- ------ ----- ----- ----- ----- ----- ----- ----- ---- ---------------------
d2drwa1e.3.1.1       -            362 d1ci9a_e.3.1.1.aln   -            336   6.5e-93  307.0   0.0   1   1   1.6e-94   7.2e-93  306.9   0.0     3   335     2   354     1   355 0.99 -
d1yqsa_e.3.1.1       -            345 d1ci9a_e.3.1.1.aln   -            336   1.1e-92  306.3   3.3   1   1   2.7e-94   1.2e-92  306.2   3.3     4   336     4   345     1   345 0.99 -
d2hdsa_e.3.1.1       -            358 d1ci9a_e.3.1.1.aln   -            336   7.9e-92  303.5   0.5   1   1     2e-93   8.9e-92  303.3   0.5     2   336     3   351     2   351 0.99 -
d2olua2e.3.1.1       -            400 d1ci9a_e.3.1.1.aln   -            336   1.1e-87  289.9  17.2   1   1     3e-89   1.3e-87  289.6  17.2     2   335    12   366    11   367 0.99 -
d2bg1a1e.3.1.1       -            453 d1ci9a_e.3.1.1.aln   -            336     1e-86  286.6  15.1   1   1   2.8e-88   1.2e-86  286.4  15.1     3   336    31   400    29   400 0.99 -
d1qmea4e.3.1.1       -            357 d1ci9a_e.3.1.1.aln   -            336   2.9e-83  275.3   6.0   1   1   7.3e-85   3.2e-83  275.2   6.0     2   335    16   355    15   356 0.99 -
d2v2ff_e.3.1.1       -            384 d1ci9a_e.3.1.1.aln   -            336   3.2e-83  275.2  22.6   1   1   8.3e-85   3.7e-83  275.0  22.6     1   335     5   352     5   353 0.99 -
d1ei5a3e.3.1.1       -            333 d1ci9a_e.3.1.1.aln   -            336   3.7e-81  268.4   0.0   1   1   9.3e-83   4.1e-81  268.2   0.0     1   334     1   332     1   333 0.99 -
d2dcfa1e.3.1.1       -            388 d1ci9a_e.3.1.1.aln   -            336   8.4e-81  267.2   0.0   1   1   2.2e-82   9.5e-81  267.0   0.0     4   336     2   363     1   363 1.00 -
d1vqqa3e.3.1.1       -            341 d1ci9a_e.3.1.1.aln   -            336   3.2e-80  265.3  14.4   1   1   8.1e-82   3.5e-80  265.2  14.4     1   335     7   340     7   341 0.99 -
d1tvfa2e.3.1.1       -            301 d1ci9a_e.3.1.1.aln   -            336     1e-75  250.5  18.9   1   1   2.6e-77   1.1e-75  250.4  18.9     2   330     3   300     2   301 0.99 -
d1e25a_e.3.1.1       -            278 d1ci9a_e.3.1.1.aln   -            336   6.3e-70  231.5   0.1   1   1   1.6e-71   6.9e-70  231.3   0.1    20   331     4   275     1   278 0.98 -
d2p74a_e.3.1.1       -            263 d1ci9a_e.3.1.1.aln   -            336   5.6e-63  208.6   1.0   1   1   1.4e-64   6.2e-63  208.5   1.0    17   327     2   262     1   263 0.99 -
d1xp4a2e.3.1.1       -            269 d1ci9a_e.3.1.1.aln   -            336   5.8e-62  205.3   6.5   1   1   1.5e-63   6.4e-62  205.1   6.5    29   329     2   267     1   269 0.98 -
d1alqa_e.3.1.1       -            263 d1ci9a_e.3.1.1.aln   -            336   4.6e-53  176.0   8.0   1   1   1.2e-54   5.2e-53  175.9   8.0     3   290    25   262    23   263 0.98 -
d1es5a_e.3.1.1       -            260 d1ci9a_e.3.1.1.aln   -            336   1.6e-52  174.2  13.9   1   1   4.1e-54   1.8e-52  174.1  13.9    28   329     2   259     1   260 0.98 -
d1xa1a_e.3.1.1       -            246 d1ci9a_e.3.1.1.aln   -            336   9.5e-50  165.1   9.8   1   1   2.8e-50   1.2e-48  161.5   9.8    13   325     2   245     1   246 0.97 -
d1ci9a_e.3.1.1       -            377 d1ci9a_e.3.1.1.aln   -            336   3.4e-10   35.1   0.0   1   2   2.2e-11   9.8e-10   33.6   0.0    38    91    39    92    15    98 0.92 -
d1ci9a_e.3.1.1       -            377 d1ci9a_e.3.1.1.aln   -            336   3.4e-10   35.1   0.0   2   2       1.3        58   -1.8   0.0   146   184   171   209   164   211 0.83 -
#
# Program:         hmmsearch
# Version:         3.3.2 (Nov 2020)
# Pipeline mode:   SEARCH
# Query file:      /home/elise/Documents/M1-BIM/S2/TMEs/SBAS/tme08/models/scop30/d1ci9a_e.3.1.1.aln.hmm
# Target file:     /home/elise/Documents/M1-BIM/S2/TMEs/SBAS/tme08/scop/scop/scopTestSeq.fasta
# Option settings: hmmsearch --domtblout /home/elise/Documents/M1-BIM/S2/TMEs/SBAS/tme08/searchResults/scop30/d1ci9a_e.3.1.1.aln.out -E 1 /home/elise/Documents/M1-BIM/S2/TMEs/SBAS/tme08/models/scop30/d1ci9a_e.3.1.1.aln.hmm /home/elise/Documents/M1-BIM/S2/TMEs/SBAS/tme08/scop/scop/scopTestSeq.fasta 
# Current dir:     /home/elise/Documents/M1-BIM/S2/TMEs/SBAS/tme08
# Date:            Thu Apr 10 10:02:14 2025
# [ok]
