#                                                                            --- full sequence --- -------------- this domain -------------   hmm coord   ali coord   env coord
# target name        accession   tlen query name           accession   qlen   E-value  score  bias   #  of  c-Evalue  i-Evalue  score  bias  from    to  from    to  from    to  acc description of target
#------------------- ---------- ----- -------------------- ---------- ----- --------- ------ ----- --- --- --------- --------- ------ ----- ----- ----- ----- ----- ----- ----- ---- ---------------------
d2p0wa_d.108.1.1     -            319 d1cjwa_d.108.1.1.aln -            299    3e-123  406.6   2.3   1   1  1.9e-124  3.4e-123  406.5   2.3     1   299     5   319     5   319 1.00 -
d1boba_d.108.1.1     -            315 d1cjwa_d.108.1.1.aln -            299  3.7e-115  380.1   4.9   1   1  2.3e-116  4.1e-115  379.9   4.9     1   294     1   315     1   315 0.98 -
d2pq8a_d.108.1.1     -            271 d1cjwa_d.108.1.1.aln -            299   5.4e-74  244.9   0.2   1   1   3.5e-75   6.2e-74  244.7   0.2    75   299     1   241     1   241 1.00 -
d1yk3a1d.108.1.1     -            198 d1cjwa_d.108.1.1.aln -            299   2.3e-37  124.6   0.0   1   1   1.4e-38   2.5e-37  124.5   0.0    94   287     2   196     1   198 0.99 -
d1u6ma_d.108.1.1     -            189 d1cjwa_d.108.1.1.aln -            299   2.4e-35  118.0   0.0   1   1   1.5e-36   2.7e-35  117.9   0.0   100   287     2   188     1   189 0.99 -
d1tiqa_d.108.1.1     -            173 d1cjwa_d.108.1.1.aln -            299     6e-31  103.6   1.7   1   1   3.7e-32   6.6e-31  103.4   1.7   122   293     2   172     1   173 0.98 -
d2gana1d.108.1.1     -            182 d1cjwa_d.108.1.1.aln -            299     1e-30  102.8   0.3   1   1   6.6e-32   1.2e-30  102.6   0.3   104   285     1   180     1   181 0.98 -
d2cy2a1d.108.1.1     -            174 d1cjwa_d.108.1.1.aln -            299   3.1e-24   81.5   0.0   1   1   1.8e-25   3.3e-24   81.5   0.0   126   294     5   172     1   174 0.97 -
d1nsla_d.108.1.1     -            180 d1cjwa_d.108.1.1.aln -            299     5e-24   80.9   0.0   1   1     3e-25   5.4e-24   80.7   0.0   119   294     3   178     1   180 0.98 -
d2b5ga_d.108.1.1     -            168 d1cjwa_d.108.1.1.aln -            299   7.9e-22   73.6   0.0   1   1   5.1e-23   9.2e-22   73.4   0.0   129   287     7   164     2   168 0.95 -
d2fl4a1d.108.1.1     -            146 d1cjwa_d.108.1.1.aln -            299   7.9e-22   73.6   0.7   1   1   4.7e-23   8.4e-22   73.5   0.7   144   285     4   145     1   146 0.96 -
d2euia1d.108.1.1     -            153 d1cjwa_d.108.1.1.aln -            299   9.3e-22   73.4   0.1   1   1   5.7e-23     1e-21   73.3   0.1   134   276     3   144     1   151 0.95 -
d2fiaa1d.108.1.1     -            157 d1cjwa_d.108.1.1.aln -            299   9.8e-22   73.3   0.9   1   1   5.6e-23     1e-21   73.3   0.9   142   291     8   156     1   157 0.93 -
d1i12a_d.108.1.1     -            157 d1cjwa_d.108.1.1.aln -            299   1.2e-21   73.0   0.0   1   1   7.2e-23   1.3e-21   72.9   0.0   126   276     7   155     1   157 0.94 -
d2fcka1d.108.1.1     -            178 d1cjwa_d.108.1.1.aln -            299   4.6e-21   71.1   0.0   1   1   2.8e-22     5e-21   71.0   0.0   117   292     2   177     1   178 0.97 -
d1vkca_d.108.1.1     -            149 d1cjwa_d.108.1.1.aln -            299   7.3e-21   70.5   1.2   1   1   4.3e-22   7.6e-21   70.4   1.2   132   270     5   141     1   149 0.94 -
d1ufha_d.108.1.1     -            155 d1cjwa_d.108.1.1.aln -            299     1e-20   70.0   0.6   1   1   5.9e-22   1.1e-20   69.9   0.6   127   274     5   151     1   155 0.96 -
d1wwza1d.108.1.1     -            157 d1cjwa_d.108.1.1.aln -            299   3.7e-20   68.2   0.3   1   1   2.2e-21   3.9e-20   68.1   0.3   125   280     2   154     1   157 0.94 -
d2ae6a1d.108.1.1     -            161 d1cjwa_d.108.1.1.aln -            299     2e-19   65.7   0.0   1   1   1.5e-20   2.7e-19   65.3   0.0   124   291     3   159     1   161 0.95 -
d1qsma_d.108.1.1     -            150 d1cjwa_d.108.1.1.aln -            299   2.2e-18   62.3   0.1   1   1   1.4e-19   2.5e-18   62.2   0.1   138   278    10   148     2   150 0.94 -
d1mk4a_d.108.1.1     -            157 d1cjwa_d.108.1.1.aln -            299   2.8e-18   62.0   0.0   1   1   1.7e-19   3.1e-18   61.8   0.0   146   289     5   153     1   156 0.84 -
d2atra1d.108.1.1     -            137 d1cjwa_d.108.1.1.aln -            299   1.2e-17   59.9   0.0   1   1   7.1e-19   1.3e-17   59.8   0.0   150   283     7   136     1   137 0.95 -
d1ghea_d.108.1.1     -            170 d1cjwa_d.108.1.1.aln -            299   4.1e-17   58.2   0.0   1   1   2.5e-18   4.4e-17   58.0   0.0   147   272    26   148     2   167 0.85 -
d2jdca1d.108.1.1     -            145 d1cjwa_d.108.1.1.aln -            299   5.8e-17   57.7   0.1   1   1   3.6e-18   6.5e-17   57.5   0.1   147   288     6   143     2   145 0.94 -
d1n71a_d.108.1.1     -            180 d1cjwa_d.108.1.1.aln -            299   1.3e-16   56.5   0.0   1   1   7.9e-18   1.4e-16   56.4   0.0   120   294     2   178     1   180 0.98 -
d1z4ea1d.108.1.1     -            150 d1cjwa_d.108.1.1.aln -            299   1.3e-16   56.5   0.1   1   1   8.2e-18   1.5e-16   56.3   0.1   126   274     2   146     1   149 0.93 -
d1bo4a_d.108.1.1     -            137 d1cjwa_d.108.1.1.aln -            299   2.2e-16   55.8   0.0   1   1   1.4e-17   2.4e-16   55.6   0.0   137   266     9   137     3   137 0.97 -
d1z4ra1d.108.1.1     -            162 d1cjwa_d.108.1.1.aln -            299     1e-15   53.5   0.0   1   1     7e-17   1.3e-15   53.3   0.0   148   289    16   159     3   161 0.94 -
d2fiwa1d.108.1.1     -            156 d1cjwa_d.108.1.1.aln -            299   2.1e-14   49.3   0.0   1   1   1.3e-15   2.4e-14   49.1   0.0   145   291    14   156     6   156 0.93 -
d1q2ya_d.108.1.1     -            140 d1cjwa_d.108.1.1.aln -            299   2.9e-14   48.8   0.2   1   1   1.7e-15   3.1e-14   48.7   0.2   149   286     5   138     1   140 0.97 -
d1p0ha_d.108.1.1     -            308 d1cjwa_d.108.1.1.aln -            299   4.5e-14   48.2   0.0   1   2   9.4e-13   1.7e-11   39.7   0.0   122   298     3   199     1   200 0.97 -
d1p0ha_d.108.1.1     -            308 d1cjwa_d.108.1.1.aln -            299   4.5e-14   48.2   0.0   2   2     0.038      0.68    4.9   0.0   204   231   225   252   204   306 0.65 -
d1m4ia_d.108.1.1     -            181 d1cjwa_d.108.1.1.aln -            299     1e-12   43.7   0.0   1   1   5.8e-14     1e-12   43.7   0.0   133   260     2   130     1   176 0.89 -
d1xeba_d.108.1.1     -            149 d1cjwa_d.108.1.1.aln -            299   2.6e-12   42.4   0.0   1   1   1.7e-13     3e-12   42.2   0.0   138   280     3   142     1   148 0.95 -
d1y7ra1d.108.1.1     -            133 d1cjwa_d.108.1.1.aln -            299   1.1e-11   40.4   0.0   1   1   6.3e-13   1.1e-11   40.3   0.0   201   279    55   131     3   132 0.81 -
d2aj6a1d.108.1.1     -            118 d1cjwa_d.108.1.1.aln -            299   1.4e-11   40.0   0.1   1   1   8.9e-13   1.6e-11   39.8   0.1   131   245     2   114     1   117 0.95 -
d1y9wa1d.108.1.1     -            140 d1cjwa_d.108.1.1.aln -            299   2.5e-11   39.2   0.5   1   1   1.6e-12   2.9e-11   38.9   0.5   131   264     6   138     1   139 0.93 -
d1yx0a1d.108.1.1     -            151 d1cjwa_d.108.1.1.aln -            299   1.1e-10   37.0   0.0   1   2   4.8e-05   0.00086   14.4   0.0   120   197     2    79     1    83 0.94 -
d1yx0a1d.108.1.1     -            151 d1cjwa_d.108.1.1.aln -            299   1.1e-10   37.0   0.0   2   2   3.2e-07   5.7e-06   21.6   0.1   220   268    81   130    78   149 0.93 -
d2fsra1d.108.1.1     -            164 d1cjwa_d.108.1.1.aln -            299   2.1e-10   36.1   0.0   1   1   1.3e-11   2.3e-10   36.0   0.0   126   270     3   146     1   163 0.92 -
d2g3aa1d.108.1.1     -            137 d1cjwa_d.108.1.1.aln -            299   4.2e-10   35.1   0.0   1   1   2.4e-11   4.2e-10   35.1   0.0   208   289    59   137    12   137 0.93 -
d1y9ka1d.108.1.1     -            152 d1cjwa_d.108.1.1.aln -            299     4e-08   28.6   0.1   1   1   2.6e-09   4.6e-08   28.4   0.1   186   268    36   117    22   139 0.87 -
d1xmta_d.108.1.1     -             95 d1cjwa_d.108.1.1.aln -            299   5.5e-06   21.6   0.0   1   1   3.2e-07   5.7e-06   21.6   0.0   146   235     4    93     1    95 0.95 -
d1r57a_d.108.1.1     -            102 d1cjwa_d.108.1.1.aln -            299    0.0013   13.8   0.0   1   1   7.3e-05    0.0013   13.8   0.0   202   244    28    70     3    97 0.79 -
d2d4pa1d.108.1.1     -            130 d1cjwa_d.108.1.1.aln -            299    0.0056   11.7   0.0   1   1   0.00035    0.0063   11.6   0.0   140   252     7   119     2   129 0.92 -
d1cjwa_d.108.1.1     -            166 d1cjwa_d.108.1.1.aln -            299      0.01   10.9   0.0   1   1   0.00071     0.013   10.6   0.0   206   270    86   147    71   159 0.91 -
#
# Program:         hmmsearch
# Version:         3.3.2 (Nov 2020)
# Pipeline mode:   SEARCH
# Query file:      /home/elise/Documents/M1-BIM/S2/TMEs/SBAS/tme08/models/scop30/d1cjwa_d.108.1.1.aln.hmm
# Target file:     /home/elise/Documents/M1-BIM/S2/TMEs/SBAS/tme08/scop/scop/scopTestSeq.fasta
# Option settings: hmmsearch --domtblout /home/elise/Documents/M1-BIM/S2/TMEs/SBAS/tme08/searchResults/scop30/d1cjwa_d.108.1.1.aln.out -E 1 /home/elise/Documents/M1-BIM/S2/TMEs/SBAS/tme08/models/scop30/d1cjwa_d.108.1.1.aln.hmm /home/elise/Documents/M1-BIM/S2/TMEs/SBAS/tme08/scop/scop/scopTestSeq.fasta 
# Current dir:     /home/elise/Documents/M1-BIM/S2/TMEs/SBAS/tme08
# Date:            Thu Apr 10 10:02:14 2025
# [ok]
