#                                                                            --- full sequence --- -------------- this domain -------------   hmm coord   ali coord   env coord
# target name        accession   tlen query name           accession   qlen   E-value  score  bias   #  of  c-Evalue  i-Evalue  score  bias  from    to  from    to  from    to  acc description of target
#------------------- ---------- ----- -------------------- ---------- ----- --------- ------ ----- --- --- --------- --------- ------ ----- ----- ----- ----- ----- ----- ----- ---- ---------------------
d1ji1a1b.1.18.2      -            122 d1clca2b.1.18.2.aln  -            100   2.9e-23   77.7   1.6   1   1   7.5e-25   3.3e-23   77.5   1.6     2    99     7   121     6   122 0.97 -
d1j0ha1b.1.18.2      -            123 d1clca2b.1.18.2.aln  -            100   9.7e-23   76.0   0.0   1   1   2.5e-24   1.1e-22   75.8   0.0     1    99     2   120     2   121 0.95 -
d1m7xa1b.1.18.2      -            110 d1clca2b.1.18.2.aln  -            100   3.2e-22   74.3   0.0   1   1   7.9e-24   3.5e-22   74.2   0.0     1    99     2   108     2   109 0.98 -
d1ut9a2b.1.18.2      -             98 d1clca2b.1.18.2.aln  -            100   2.3e-21   71.6   0.1   1   1   5.7e-23   2.5e-21   71.4   0.1     2   100     2    98     1    98 0.98 -
d2fhfa1b.1.18.2      -            115 d1clca2b.1.18.2.aln  -            100   2.4e-21   71.5   3.1   1   1   6.1e-23   2.7e-21   71.4   3.1     2    99     2   111     1   112 0.98 -
d1edqa1b.1.18.2      -            109 d1clca2b.1.18.2.aln  -            100   1.1e-20   69.4   2.6   1   1   2.6e-22   1.2e-20   69.3   2.6     4    99     1   109     1   109 0.99 -
d1w8oa1b.1.18.2      -            103 d1clca2b.1.18.2.aln  -            100   2.9e-20   68.0   3.3   1   1   7.2e-22   3.2e-20   67.9   3.3     2    98     2   101     1   103 0.97 -
d1bf2a1b.1.18.2      -            162 d1clca2b.1.18.2.aln  -            100     4e-20   67.6   3.7   1   1   1.2e-21   5.3e-20   67.2   3.7     4    98     1   138     1   140 0.98 -
d1k3ia1b.1.18.2      -            102 d1clca2b.1.18.2.aln  -            100   5.4e-20   67.2   1.4   1   1   1.4e-21   5.9e-20   67.0   1.4     1    98     6   102     6   102 0.98 -
d1txka1b.1.18.2      -            115 d1clca2b.1.18.2.aln  -            100   7.8e-20   66.7   1.6   1   1     2e-21   8.6e-20   66.5   1.6     2   100     1   115     1   115 0.98 -
d2bhua1b.1.18.2      -             97 d1clca2b.1.18.2.aln  -            100   5.6e-19   63.9   0.2   1   1   1.4e-20   6.1e-19   63.8   0.2     7    98     1    96     1    97 0.98 -
d1h3ga1b.1.18.2      -             93 d1clca2b.1.18.2.aln  -            100   2.2e-18   62.0   0.0   1   1   5.6e-20   2.4e-18   61.9   0.0     5   100     1    92     1    92 0.97 -
d1qbaa1b.1.18.2      -            105 d1clca2b.1.18.2.aln  -            100   6.9e-18   60.4   0.0   1   1   1.7e-19   7.5e-18   60.3   0.0     1    99     4   103     4   104 0.98 -
d2fhfa2b.1.18.2      -            125 d1clca2b.1.18.2.aln  -            100   1.4e-17   59.4   0.5   1   1   3.6e-19   1.6e-17   59.2   0.5     2    99     6   124     5   125 0.98 -
d3bmva1b.1.18.2      -             83 d1clca2b.1.18.2.aln  -            100   3.2e-15   51.9   2.3   1   1   7.8e-17   3.4e-15   51.8   2.3    11    99     2    81     1    82 0.97 -
d1ulva2b.1.18.2      -             89 d1clca2b.1.18.2.aln  -            100   1.8e-14   49.5   7.6   1   1   4.3e-16   1.9e-14   49.4   7.6     9    97     2    87     1    89 0.97 -
d2bvya1b.1.18.2      -             94 d1clca2b.1.18.2.aln  -            100   4.5e-13   44.9  12.8   1   1   1.1e-14     5e-13   44.8  12.8     4    99     1    93     1    94 0.97 -
d1f1sa2b.1.18.2      -             78 d1clca2b.1.18.2.aln  -            100   3.2e-12   42.2   0.4   1   1     8e-14   3.5e-12   42.1   0.4    13    99     1    77     1    78 0.96 -
#
# Program:         hmmsearch
# Version:         3.3.2 (Nov 2020)
# Pipeline mode:   SEARCH
# Query file:      /home/elise/Documents/M1-BIM/S2/TMEs/SBAS/tme08/models/scop30/d1clca2b.1.18.2.aln.hmm
# Target file:     /home/elise/Documents/M1-BIM/S2/TMEs/SBAS/tme08/scop/scop/scopTestSeq.fasta
# Option settings: hmmsearch --domtblout /home/elise/Documents/M1-BIM/S2/TMEs/SBAS/tme08/searchResults/scop30/d1clca2b.1.18.2.aln.out -E 1 /home/elise/Documents/M1-BIM/S2/TMEs/SBAS/tme08/models/scop30/d1clca2b.1.18.2.aln.hmm /home/elise/Documents/M1-BIM/S2/TMEs/SBAS/tme08/scop/scop/scopTestSeq.fasta 
# Current dir:     /home/elise/Documents/M1-BIM/S2/TMEs/SBAS/tme08
# Date:            Thu Apr 10 10:02:14 2025
# [ok]
