#                                                                            --- full sequence --- -------------- this domain -------------   hmm coord   ali coord   env coord
# target name        accession   tlen query name           accession   qlen   E-value  score  bias   #  of  c-Evalue  i-Evalue  score  bias  from    to  from    to  from    to  acc description of target
#------------------- ---------- ----- -------------------- ---------- ----- --------- ------ ----- --- --- --------- --------- ------ ----- ----- ----- ----- ----- ----- ----- ---- ---------------------
d1zyba2b.82.3.2      -            147 d1cx4a1b.82.3.2.aln  -            138   5.7e-48  157.5   0.1   1   1   9.6e-50   6.3e-48  157.4   0.1     1   137     1   139     1   140 0.99 -
d3bpza_b.82.3.2      -            194 d1cx4a1b.82.3.2.aln  -            138     1e-45  150.2   0.0   1   1   2.1e-47   1.4e-45  149.8   0.0     2   137    64   193    63   194 0.98 -
d1o7fa2b.82.3.2      -            155 d1cx4a1b.82.3.2.aln  -            138   1.4e-44  146.5   0.0   1   1   2.3e-46   1.5e-44  146.4   0.0     2   136    20   154    19   155 0.98 -
d1cx4a2b.82.3.2      -            147 d1cx4a1b.82.3.2.aln  -            138   1.1e-42  140.4   0.1   1   1   1.9e-44   1.2e-42  140.2   0.1     6   136     2   137     1   139 0.98 -
d1vp6a_b.82.3.2      -            133 d1cx4a1b.82.3.2.aln  -            138   4.5e-42  138.4   0.0   1   1   7.6e-44     5e-42  138.3   0.0     2   135     7   132     6   133 0.98 -
d1wgpa_b.82.3.2      -            137 d1cx4a1b.82.3.2.aln  -            138   1.9e-41  136.4   0.0   1   1   3.1e-43     2e-41  136.3   0.0     2   133     2   135     1   137 0.97 -
d3e5ua2b.82.3.2      -            139 d1cx4a1b.82.3.2.aln  -            138     2e-41  136.3   0.0   1   1   3.5e-43   2.3e-41  136.1   0.0     6   138     1   133     1   133 0.99 -
d2gaua2b.82.3.2      -            142 d1cx4a1b.82.3.2.aln  -            138   4.1e-41  135.3   0.0   1   1   6.9e-43   4.5e-41  135.2   0.0     8   137     2   131     1   132 0.98 -
d1o7fa3b.82.3.2      -            124 d1cx4a1b.82.3.2.aln  -            138   6.2e-41  134.7   0.0   1   1     1e-42   6.7e-41  134.6   0.0     2   121     6   122     5   124 0.98 -
d1o5la1b.82.3.2      -            129 d1cx4a1b.82.3.2.aln  -            138   1.1e-37  124.1   0.0   1   1     2e-39   1.3e-37  124.0   0.0    20   137     1   118     1   119 0.98 -
d2zcwa2b.82.3.2      -            112 d1cx4a1b.82.3.2.aln  -            138   3.9e-27   90.0   0.0   1   1   6.4e-29   4.2e-27   89.9   0.0    31   137     2   111     1   112 0.97 -
d1cx4a1b.82.3.2      -            136 d1cx4a1b.82.3.2.aln  -            138   4.5e-14   47.7   0.0   1   1     9e-16   5.9e-14   47.3   0.0     6   115    16   123    12   132 0.87 -
#
# Program:         hmmsearch
# Version:         3.3.2 (Nov 2020)
# Pipeline mode:   SEARCH
# Query file:      /home/elise/Documents/M1-BIM/S2/TMEs/SBAS/tme08/models/scop30/d1cx4a1b.82.3.2.aln.hmm
# Target file:     /home/elise/Documents/M1-BIM/S2/TMEs/SBAS/tme08/scop/scop/scopTestSeq.fasta
# Option settings: hmmsearch --domtblout /home/elise/Documents/M1-BIM/S2/TMEs/SBAS/tme08/searchResults/scop30/d1cx4a1b.82.3.2.aln.out -E 1 /home/elise/Documents/M1-BIM/S2/TMEs/SBAS/tme08/models/scop30/d1cx4a1b.82.3.2.aln.hmm /home/elise/Documents/M1-BIM/S2/TMEs/SBAS/tme08/scop/scop/scopTestSeq.fasta 
# Current dir:     /home/elise/Documents/M1-BIM/S2/TMEs/SBAS/tme08
# Date:            Thu Apr 10 10:02:14 2025
# [ok]
