#                                                                            --- full sequence --- -------------- this domain -------------   hmm coord   ali coord   env coord
# target name        accession   tlen query name           accession   qlen   E-value  score  bias   #  of  c-Evalue  i-Evalue  score  bias  from    to  from    to  from    to  acc description of target
#------------------- ---------- ----- -------------------- ---------- ----- --------- ------ ----- --- --- --------- --------- ------ ----- ----- ----- ----- ----- ----- ----- ---- ---------------------
d1sxja2c.37.1.20     -            253 d1d2na_c.37.1.20.aln -            266   1.8e-60  199.6   0.0   1   1   6.2e-62     2e-60  199.5   0.0     3   252     1   252     1   253 0.99 -
d2a5yb3c.37.1.20     -            277 d1d2na_c.37.1.20.aln -            266   5.4e-60  198.1   0.0   1   1   1.8e-61   6.1e-60  197.9   0.0     8   266     2   268     1   268 0.99 -
d1r6bx3c.37.1.20     -            315 d1d2na_c.37.1.20.aln -            266   1.8e-59  196.4   0.1   1   1     6e-61     2e-59  196.2   0.1     2   266     5   308     4   308 0.99 -
d1u0ja_c.37.1.20     -            267 d1d2na_c.37.1.20.aln -            266   1.1e-58  193.8   0.0   1   1   3.8e-60   1.2e-58  193.6   0.0     1   266     1   267     1   267 0.99 -
d1g41a_c.37.1.20     -            443 d1d2na_c.37.1.20.aln -            266     1e-56  187.3   0.1   1   1     5e-58   1.6e-56  186.7   0.1     4   265     2   429     1   430 0.99 -
d1fnna2c.37.1.20     -            276 d1d2na_c.37.1.20.aln -            266   2.6e-56  186.0   0.0   1   1   8.9e-58   2.9e-56  185.9   0.0     2   266     2   276     1   276 0.99 -
d1in4a2c.37.1.20     -            238 d1d2na_c.37.1.20.aln -            266   1.3e-54  180.4   0.8   1   1   4.4e-56   1.5e-54  180.3   0.8     8   257     1   237     1   238 0.98 -
d1iqpa2c.37.1.20     -            231 d1d2na_c.37.1.20.aln -            266   2.1e-54  179.8   0.5   1   1     7e-56   2.3e-54  179.6   0.5     6   245     3   229     1   231 0.98 -
d1svma_c.37.1.20     -            362 d1d2na_c.37.1.20.aln -            266   3.9e-54  178.9   0.1   1   1   1.3e-55   4.4e-54  178.7   0.1     2   266    15   356    14   356 0.99 -
d1um8a_c.37.1.20     -            364 d1d2na_c.37.1.20.aln -            266   2.7e-53  176.1   1.5   1   1   9.5e-55   3.1e-53  175.9   1.5     3   266     4   359     2   359 0.99 -
d1njfa_c.37.1.20     -            239 d1d2na_c.37.1.20.aln -            266   8.1e-52  171.3   0.0   1   1   2.7e-53   8.9e-52  171.2   0.0     7   247     3   237     1   239 0.98 -
d1w5sa2c.37.1.20     -            287 d1d2na_c.37.1.20.aln -            266   8.8e-51  167.9   0.1   1   1     3e-52   9.7e-51  167.8   0.1     2   260     2   287     1   287 0.99 -
d2fnaa2c.37.1.20     -            283 d1d2na_c.37.1.20.aln -            266   7.2e-49  161.6   2.9   1   1   2.4e-50     8e-49  161.5   2.9     2   260     3   282     2   283 0.99 -
d1g8pa_c.37.1.20     -            333 d1d2na_c.37.1.20.aln -            266   1.2e-47  157.7   0.0   1   1     4e-49   1.3e-47  157.5   0.0     2   266     6   317     5   317 0.99 -
d1lv7a_c.37.1.20     -            256 d1d2na_c.37.1.20.aln -            266   1.2e-47  157.6   0.0   1   1   4.1e-49   1.4e-47  157.5   0.0     5   259     2   255     1   256 0.99 -
d1ny5a2c.37.1.20     -            247 d1d2na_c.37.1.20.aln -            266   1.5e-43  144.2   0.6   1   1   5.2e-45   1.7e-43  144.0   0.6     3   248     2   247     1   247 0.99 -
d1l8qa2c.37.1.20     -            213 d1d2na_c.37.1.20.aln -            266   7.3e-40  132.1   2.3   1   1   2.4e-41     8e-40  132.0   2.3     8   242     2   212     1   213 0.98 -
d1tuea_c.37.1.20     -            205 d1d2na_c.37.1.20.aln -            266   7.4e-38  125.6   0.0   1   1   2.5e-39   8.2e-38  125.4   0.0     5   246     1   204     1   205 0.98 -
d1a5ta2c.37.1.20     -            207 d1d2na_c.37.1.20.aln -            266   1.5e-37  124.6   0.0   1   1   5.3e-39   1.7e-37  124.3   0.0    15   245     1   206     1   206 0.99 -
d2gnoa2c.37.1.20     -            198 d1d2na_c.37.1.20.aln -            266   1.4e-33  111.6   0.2   1   1   4.6e-35   1.5e-33  111.4   0.2    51   247    17   197     2   198 0.95 -
d2p65a_c.37.1.20     -            185 d1d2na_c.37.1.20.aln -            266   1.5e-32  108.2   0.2   1   1   5.4e-34   1.8e-32  107.9   0.2     9   216     2   184     1   185 0.98 -
d1jqlb_c.37.1.20     -            140 d1d2na_c.37.1.20.aln -            266     4e-16   54.4   0.0   1   1   1.3e-17   4.2e-16   54.3   0.0    24   192     9   140     1   140 0.93 -
d1qzma_c.37.1.20     -             94 d1d2na_c.37.1.20.aln -            266   3.2e-12   41.6   0.1   1   1   1.1e-13   3.6e-12   41.4   0.1    59   166     2    93     1    94 0.97 -
d1y63a_c.37.1.1      -            174 d1d2na_c.37.1.20.aln -            266   0.00053   14.6   0.1   1   2   4.4e-05    0.0015   13.2   0.0    51    83     7    39     7    46 0.89 -
d1y63a_c.37.1.1      -            174 d1d2na_c.37.1.20.aln -            266   0.00053   14.6   0.1   2   2       1.6        51   -1.7   0.0   174   214    93   130    51   132 0.66 -
#
# Program:         hmmsearch
# Version:         3.3.2 (Nov 2020)
# Pipeline mode:   SEARCH
# Query file:      /home/elise/Documents/M1-BIM/S2/TMEs/SBAS/tme08/models/scop30/d1d2na_c.37.1.20.aln.hmm
# Target file:     /home/elise/Documents/M1-BIM/S2/TMEs/SBAS/tme08/scop/scop/scopTestSeq.fasta
# Option settings: hmmsearch --domtblout /home/elise/Documents/M1-BIM/S2/TMEs/SBAS/tme08/searchResults/scop30/d1d2na_c.37.1.20.aln.out -E 1 /home/elise/Documents/M1-BIM/S2/TMEs/SBAS/tme08/models/scop30/d1d2na_c.37.1.20.aln.hmm /home/elise/Documents/M1-BIM/S2/TMEs/SBAS/tme08/scop/scop/scopTestSeq.fasta 
# Current dir:     /home/elise/Documents/M1-BIM/S2/TMEs/SBAS/tme08
# Date:            Thu Apr 10 10:02:15 2025
# [ok]
