#                                                                            --- full sequence --- -------------- this domain -------------   hmm coord   ali coord   env coord
# target name        accession   tlen query name           accession   qlen   E-value  score  bias   #  of  c-Evalue  i-Evalue  score  bias  from    to  from    to  from    to  acc description of target
#------------------- ---------- ----- -------------------- ---------- ----- --------- ------ ----- --- --- --------- --------- ------ ----- ----- ----- ----- ----- ----- ----- ---- ---------------------
d2je6i1b.40.4.5      -             87 d1d7qa_b.40.4.5.aln  -             87   1.5e-16   55.7   0.5   1   1   7.5e-18   1.6e-16   55.6   0.5     1    85     1    86     1    87 0.97 -
d1luza_b.40.4.5      -             85 d1d7qa_b.40.4.5.aln  -             87   3.1e-16   54.7   0.4   1   1   1.5e-17   3.4e-16   54.6   0.4     1    84     2    84     2    85 0.97 -
d3bzka4b.40.4.5      -             94 d1d7qa_b.40.4.5.aln  -             87   8.8e-16   53.3   0.8   1   1   4.5e-17   9.9e-16   53.1   0.8     3    76    14    85    12    91 0.94 -
d1wi5a_b.40.4.5      -            119 d1d7qa_b.40.4.5.aln  -             87   1.8e-14   49.2   0.0   1   1   1.1e-15   2.3e-14   48.8   0.0     5    82    19    96    15   100 0.95 -
d1jt8a_b.40.4.5      -            102 d1d7qa_b.40.4.5.aln  -             87   6.3e-14   47.4   0.3   1   1   3.2e-15   7.1e-14   47.2   0.3     2    86     4    91     3    92 0.97 -
d2ja9a1b.40.4.5      -             90 d1d7qa_b.40.4.5.aln  -             87   9.1e-14   46.9   0.0   1   1   4.5e-15     1e-13   46.8   0.0     2    86     2    84     1    85 0.96 -
d1y14b1b.40.4.5      -             91 d1d7qa_b.40.4.5.aln  -             87   1.3e-13   46.4   0.0   1   1   6.4e-15   1.4e-13   46.3   0.0     5    86     1    89     1    90 0.97 -
d2nn6i1b.40.4.5      -            125 d1d7qa_b.40.4.5.aln  -             87   1.5e-13   46.3   0.1   1   1     8e-15   1.7e-13   46.0   0.1     1    85     1    93     1    95 0.96 -
d2nn6h1b.40.4.5      -             95 d1d7qa_b.40.4.5.aln  -             87   2.7e-13   45.4   0.0   1   1   1.4e-14     3e-13   45.3   0.0     2    84     3    93     2    95 0.97 -
d1go3e1b.40.4.5      -            106 d1d7qa_b.40.4.5.aln  -             87   2.8e-13   45.3   0.8   1   1   1.5e-14   3.4e-13   45.1   0.8     5    86     1    90     1    91 0.98 -
d1wfqa_b.40.4.5      -             89 d1d7qa_b.40.4.5.aln  -             87   4.1e-13   44.8   0.0   1   1     2e-14   4.3e-13   44.7   0.0     4    86     3    88     1    89 0.95 -
d1smxa_b.40.4.5      -             87 d1d7qa_b.40.4.5.aln  -             87   8.7e-13   43.8   0.0   1   1   4.6e-14     1e-12   43.6   0.0     9    82     4    84     2    87 0.94 -
d1kl9a2b.40.4.5      -             86 d1d7qa_b.40.4.5.aln  -             87   1.4e-12   43.2   1.0   1   1   6.9e-14   1.5e-12   43.0   1.0     2    80     8    86     7    86 0.98 -
d2uubq1b.40.4.5      -            100 d1d7qa_b.40.4.5.aln  -             87   1.7e-11   39.7   1.8   1   1     1e-12   2.2e-11   39.3   1.8    12    86     7    82     2    83 0.96 -
d2ix0a1b.40.4.5      -             90 d1d7qa_b.40.4.5.aln  -             87   2.6e-11   39.1   0.0   1   1   1.3e-12   2.8e-11   39.0   0.0     3    86     3    86     1    87 0.97 -
d2ix0a3b.40.4.5      -             87 d1d7qa_b.40.4.5.aln  -             87   2.8e-11   39.0   0.1   1   1   1.4e-12     3e-11   38.9   0.1     7    85     3    85     1    87 0.96 -
d1e3pa2b.40.4.5      -             62 d1d7qa_b.40.4.5.aln  -             87   1.2e-10   37.0   0.1   1   1     6e-12   1.3e-10   36.9   0.1    13    71     1    61     1    62 0.96 -
d2vnud1b.40.4.5      -             95 d1d7qa_b.40.4.5.aln  -             87     4e-10   35.3   0.0   1   1   2.1e-11   4.5e-10   35.2   0.0     1    85    11    94    11    95 0.97 -
d2vnud2b.40.4.5      -             88 d1d7qa_b.40.4.5.aln  -             87     1e-09   34.0   0.5   1   1   5.1e-11   1.1e-09   33.9   0.5     1    76     5    85     5    88 0.96 -
d2asba1b.40.4.5      -             76 d1d7qa_b.40.4.5.aln  -             87   1.3e-09   33.7   0.2   1   1   6.4e-11   1.4e-09   33.6   0.2     6    79     3    75     1    76 0.96 -
d1u0la1b.40.4.5      -             66 d1d7qa_b.40.4.5.aln  -             87   1.7e-09   33.3   0.3   1   1   8.1e-11   1.8e-09   33.3   0.3    11    77     3    64     1    66 0.91 -
d3i4oa_b.40.4.5      -             68 d1d7qa_b.40.4.5.aln  -             87   3.2e-09   32.5   0.2   1   1   1.5e-10   3.3e-09   32.4   0.2     7    77     2    66     1    68 0.94 -
d2uubl1b.40.4.5      -            118 d1d7qa_b.40.4.5.aln  -             87   4.3e-09   32.1   1.2   1   1   2.3e-10   5.1e-09   31.8   1.2     2    86    12   105    11   106 0.96 -
d1t9ha1b.40.4.5      -             67 d1d7qa_b.40.4.5.aln  -             87   4.8e-09   31.9   0.2   1   1   2.5e-10   5.5e-09   31.7   0.2    10    75     1    63     1    66 0.93 -
d1khia2b.40.4.5      -             71 d1d7qa_b.40.4.5.aln  -             87   5.2e-09   31.8   0.1   1   1   2.5e-10   5.5e-09   31.7   0.1     2    70     1    69     1    71 0.96 -
d1hh2p1b.40.4.5      -             72 d1d7qa_b.40.4.5.aln  -             87   7.7e-09   31.3   0.4   1   1   3.7e-10   8.1e-09   31.2   0.4     6    79     2    71     1    72 0.95 -
d1a62a2b.40.4.5      -             78 d1d7qa_b.40.4.5.aln  -             87   8.6e-09   31.1   0.0   1   1   4.1e-10   9.1e-09   31.0   0.0     9    85     2    75     1    77 0.95 -
d1c9oa_b.40.4.5      -             66 d1d7qa_b.40.4.5.aln  -             87   1.2e-08   30.6   0.0   1   1   5.8e-10   1.3e-08   30.6   0.0     9    78     2    65     1    66 0.95 -
d2ix0a2b.40.4.5      -             79 d1d7qa_b.40.4.5.aln  -             87   2.3e-08   29.7   0.0   1   1   1.1e-09   2.3e-08   29.7   0.0     8    80     6    77     1    79 0.90 -
d2vnud3b.40.4.5      -            148 d1d7qa_b.40.4.5.aln  -             87   3.8e-08   29.0   0.0   1   1   2.5e-09   5.4e-08   28.6   0.0     4    86    18   120    15   121 0.97 -
d1bkba2b.40.4.5      -             65 d1d7qa_b.40.4.5.aln  -             87   5.8e-08   28.5   0.3   1   1   2.8e-09   6.1e-08   28.4   0.3    10    75     2    64     1    65 0.95 -
d1jjga_b.40.4.5      -            102 d1d7qa_b.40.4.5.aln  -             87   7.1e-08   28.2   0.2   1   1   3.6e-09   7.9e-08   28.0   0.2     2    86     7   101     6   102 0.97 -
d1ne3a_b.40.4.5      -             68 d1d7qa_b.40.4.5.aln  -             87   3.5e-07   26.0   0.1   1   1   1.6e-08   3.5e-07   26.0   0.1     9    73     4    66     1    68 0.90 -
d1x6oa2b.40.4.5      -             79 d1d7qa_b.40.4.5.aln  -             87   3.7e-07   25.9   0.0   1   1   1.7e-08   3.8e-07   25.9   0.0     6    77     2    75     1    79 0.94 -
d1ueba2b.40.4.5      -             63 d1d7qa_b.40.4.5.aln  -             87   6.8e-07   25.1   0.0   1   1   3.2e-08   7.1e-07   25.0   0.0     7    70     2    62     1    63 0.93 -
d1rl2a2b.40.4.5      -             66 d1d7qa_b.40.4.5.aln  -             87   0.00012   17.9   0.1   1   1   5.8e-06   0.00013   17.8   0.1     8    75     4    65     1    66 0.93 -
#
# Program:         hmmsearch
# Version:         3.3.2 (Nov 2020)
# Pipeline mode:   SEARCH
# Query file:      /home/elise/Documents/M1-BIM/S2/TMEs/SBAS/tme08/models/scop30/d1d7qa_b.40.4.5.aln.hmm
# Target file:     /home/elise/Documents/M1-BIM/S2/TMEs/SBAS/tme08/scop/scop/scopTestSeq.fasta
# Option settings: hmmsearch --domtblout /home/elise/Documents/M1-BIM/S2/TMEs/SBAS/tme08/searchResults/scop30/d1d7qa_b.40.4.5.aln.out -E 1 /home/elise/Documents/M1-BIM/S2/TMEs/SBAS/tme08/models/scop30/d1d7qa_b.40.4.5.aln.hmm /home/elise/Documents/M1-BIM/S2/TMEs/SBAS/tme08/scop/scop/scopTestSeq.fasta 
# Current dir:     /home/elise/Documents/M1-BIM/S2/TMEs/SBAS/tme08
# Date:            Thu Apr 10 10:02:15 2025
# [ok]
