#                                                                            --- full sequence --- -------------- this domain -------------   hmm coord   ali coord   env coord
# target name        accession   tlen query name           accession   qlen   E-value  score  bias   #  of  c-Evalue  i-Evalue  score  bias  from    to  from    to  from    to  acc description of target
#------------------- ---------- ----- -------------------- ---------- ----- --------- ------ ----- --- --- --------- --------- ------ ----- ----- ----- ----- ----- ----- ----- ---- ---------------------
d1lw7a2c.37.1.1      -            192 d1deka_c.37.1.1.aln  -            187   3.1e-49  162.7   0.0   1   1   9.7e-51   3.5e-49  162.5   0.0     2   186     6   191     5   192 0.98 -
d1p5zb_c.37.1.1      -            241 d1deka_c.37.1.1.aln  -            187   2.4e-48  159.8   0.0   1   1   7.7e-50   2.8e-48  159.6   0.0     3   187     2   216     1   216 0.99 -
d1kgda_c.37.1.1      -            178 d1deka_c.37.1.1.aln  -            187   3.7e-48  159.2   0.1   1   1   1.1e-49   4.1e-48  159.0   0.1     1   184     1   178     1   178 0.99 -
d1kjwa2c.37.1.1      -            199 d1deka_c.37.1.1.aln  -            187   1.2e-47  157.5   0.2   1   1   3.6e-49   1.3e-47  157.4   0.2     2   186     3   189     2   190 0.99 -
d1vhta_c.37.1.1      -            208 d1deka_c.37.1.1.aln  -            187   1.1e-46  154.4   0.1   1   1   3.5e-48   1.2e-46  154.2   0.1     3   187     3   198     1   198 0.98 -
d1qf9a_c.37.1.1      -            194 d1deka_c.37.1.1.aln  -            187   2.8e-46  153.1   0.0   1   1   8.6e-48   3.1e-46  152.9   0.0     2   180     5   193     4   194 0.99 -
d1khta_c.37.1.1      -            190 d1deka_c.37.1.1.aln  -            187     8e-46  151.6   0.0   1   1   2.5e-47   8.9e-46  151.4   0.0     3   187     1   186     1   186 0.99 -
d1zina1c.37.1.1      -            183 d1deka_c.37.1.1.aln  -            187   5.4e-45  148.9   0.0   1   1   1.7e-46     6e-45  148.7   0.0     4   180     1   182     1   183 0.98 -
d1y63a_c.37.1.1      -            174 d1deka_c.37.1.1.aln  -            187   3.7e-43  142.9   1.3   1   1   1.1e-44     4e-43  142.7   1.3     2   179     4   173     3   174 0.99 -
d1t0hb_c.37.1.1      -            219 d1deka_c.37.1.1.aln  -            187   6.5e-43  142.1   0.0   1   1     2e-44   7.3e-43  141.9   0.0     2   187     8   205     7   205 0.99 -
d1e2ka_c.37.1.1      -            329 d1deka_c.37.1.1.aln  -            187   8.5e-42  138.4   0.0   1   1   2.9e-43     1e-41  138.2   0.0     2   187     3   218     2   218 0.99 -
d1gsia_c.37.1.1      -            208 d1deka_c.37.1.1.aln  -            187   8.8e-42  138.4   0.0   1   1   2.7e-43   9.8e-42  138.2   0.0     4   186     1   195     1   196 0.99 -
d2grja_c.37.1.1      -            179 d1deka_c.37.1.1.aln  -            187   7.3e-41  135.4   1.0   1   1   2.2e-42   8.1e-41  135.2   1.0     1   184     1   179     1   179 0.99 -
d1yj5a2c.37.1.1      -            172 d1deka_c.37.1.1.aln  -            187   1.4e-39  131.2   0.0   1   1   4.4e-41   1.6e-39  131.0   0.0     6   179     1   172     1   172 0.99 -
d3kb2a_c.37.1.1      -            171 d1deka_c.37.1.1.aln  -            187   1.8e-39  130.9   0.0   1   1   5.5e-41     2e-39  130.7   0.0     5   179     2   171     1   171 0.99 -
d1ly1a_c.37.1.1      -            152 d1deka_c.37.1.1.aln  -            187   2.7e-37  123.7   0.0   1   1   8.5e-39     3e-37  123.6   0.0     2   162     1   152     1   152 0.98 -
d2qora_c.37.1.0      -            196 d1deka_c.37.1.1.aln  -            187   0.00011   17.5   0.0   1   1   5.2e-06   0.00019   16.7   0.0     7    87     8    83     7    91 0.93 -
d1in4a2c.37.1.20     -            238 d1deka_c.37.1.1.aln  -            187    0.0005   15.3   0.0   1   1   2.8e-05   0.00099   14.3   0.0     6    35    38    67    37    73 0.92 -
d3akea_c.37.1.0      -            208 d1deka_c.37.1.1.aln  -            187   0.00085   14.5   0.0   1   1   4.7e-05    0.0017   13.6   0.0     5    39     4    38     1    40 0.87 -
d1g41a_c.37.1.20     -            443 d1deka_c.37.1.1.aln  -            187    0.0011   14.1   0.1   1   2   0.00052     0.019   10.1   0.0     2    63    48   110    47   138 0.79 -
d1g41a_c.37.1.20     -            443 d1deka_c.37.1.1.aln  -            187    0.0011   14.1   0.1   2   2      0.22       7.9    1.6   0.1    19    82   376   440   372   443 0.80 -
d1um8a_c.37.1.20     -            364 d1deka_c.37.1.1.aln  -            187    0.0014   13.8   0.0   1   2   0.00012    0.0042   12.3   0.0     5    54    70   119    68   156 0.78 -
d1um8a_c.37.1.20     -            364 d1deka_c.37.1.1.aln  -            187    0.0014   13.8   0.0   2   2       7.8   2.8e+02   -3.5   0.0    79   109   288   318   274   320 0.69 -
d2jaqa_c.37.1.0      -            201 d1deka_c.37.1.1.aln  -            187    0.0015   13.7   0.0   1   1   8.5e-05    0.0031   12.7   0.0     4    31     1    28     1    70 0.91 -
#
# Program:         hmmsearch
# Version:         3.3.2 (Nov 2020)
# Pipeline mode:   SEARCH
# Query file:      /home/elise/Documents/M1-BIM/S2/TMEs/SBAS/tme08/models/scop30/d1deka_c.37.1.1.aln.hmm
# Target file:     /home/elise/Documents/M1-BIM/S2/TMEs/SBAS/tme08/scop/scop/scopTestSeq.fasta
# Option settings: hmmsearch --domtblout /home/elise/Documents/M1-BIM/S2/TMEs/SBAS/tme08/searchResults/scop30/d1deka_c.37.1.1.aln.out -E 1 /home/elise/Documents/M1-BIM/S2/TMEs/SBAS/tme08/models/scop30/d1deka_c.37.1.1.aln.hmm /home/elise/Documents/M1-BIM/S2/TMEs/SBAS/tme08/scop/scop/scopTestSeq.fasta 
# Current dir:     /home/elise/Documents/M1-BIM/S2/TMEs/SBAS/tme08
# Date:            Thu Apr 10 10:02:15 2025
# [ok]
