#                                                                            --- full sequence --- -------------- this domain -------------   hmm coord   ali coord   env coord
# target name        accession   tlen query name           accession   qlen   E-value  score  bias   #  of  c-Evalue  i-Evalue  score  bias  from    to  from    to  from    to  acc description of target
#------------------- ---------- ----- -------------------- ---------- ----- --------- ------ ----- --- --- --------- --------- ------ ----- ----- ----- ----- ----- ----- ----- ---- ---------------------
d1ks9a2c.2.1.6       -            167 d1dlja2c.2.1.6.aln   -            168   5.2e-44  145.7   0.0   1   1   1.2e-45   5.8e-44  145.6   0.0     1   167     1   166     1   167 0.99 -
d2f1ka2c.2.1.6       -            165 d1dlja2c.2.1.6.aln   -            168   6.2e-43  142.2   0.0   1   1   1.5e-44     7e-43  142.0   0.0     1   167     1   165     1   165 0.98 -
d1txga2c.2.1.6       -            180 d1dlja2c.2.1.6.aln   -            168     2e-42  140.6   0.0   1   1   4.7e-44   2.2e-42  140.4   0.0     1   167     1   179     1   180 0.99 -
d1evya2c.2.1.6       -            189 d1dlja2c.2.1.6.aln   -            168   2.2e-42  140.4   0.0   1   1   5.3e-44   2.4e-42  140.3   0.0     1   167     8   187     8   188 0.99 -
d1mv8a2c.2.1.6       -            202 d1dlja2c.2.1.6.aln   -            168   1.1e-41  138.1   0.0   1   1   2.7e-43   1.3e-41  137.9   0.0     1   166     1   192     1   194 0.98 -
d1f0ya2c.2.1.6       -            192 d1dlja2c.2.1.6.aln   -            168   3.1e-39  130.2   1.2   1   1   7.5e-41   3.5e-39  130.0   1.2     1   167     5   188     5   189 0.99 -
d1bg6a2c.2.1.6       -            184 d1dlja2c.2.1.6.aln   -            168   5.4e-39  129.4   0.3   1   1   1.3e-40   5.9e-39  129.3   0.3     2   166     3   174     2   176 0.98 -
d1vpda2c.2.1.6       -            161 d1dlja2c.2.1.6.aln   -            168   5.2e-38  126.2   0.7   1   1   1.2e-39   5.7e-38  126.0   0.7     1   167     1   160     1   161 0.99 -
d2pv7a2c.2.1.6       -            152 d1dlja2c.2.1.6.aln   -            168   7.8e-38  125.6   0.0   1   1   1.9e-39   8.6e-38  125.5   0.0     7   167     1   152     1   152 0.99 -
d1lj8a4c.2.1.6       -            286 d1dlja2c.2.1.6.aln   -            168   7.5e-37  122.4   0.0   1   1     2e-38   9.1e-37  122.1   0.0     2   167    31   229    30   230 0.98 -
d2ahra2c.2.1.6       -            152 d1dlja2c.2.1.6.aln   -            168     1e-36  122.0   0.0   1   1   2.4e-38   1.1e-36  121.8   0.0     1   167     1   151     1   152 0.98 -
d1jaya_c.2.1.6       -            212 d1dlja2c.2.1.6.aln   -            168   1.8e-36  121.2   0.2   1   1   4.4e-38     2e-36  121.0   0.2     2   167     3   185     1   186 0.97 -
d1yqga2c.2.1.6       -            152 d1dlja2c.2.1.6.aln   -            168   6.1e-36  119.4   0.1   1   1   1.5e-37   6.8e-36  119.3   0.1     1   166     1   151     1   152 0.98 -
d1i36a2c.2.1.6       -            152 d1dlja2c.2.1.6.aln   -            168   8.5e-33  109.2   0.2   1   1     2e-34   9.3e-33  109.1   0.2     2   163     2   148     1   152 0.97 -
d2i76a2c.2.1.6       -            153 d1dlja2c.2.1.6.aln   -            168   3.5e-32  107.2   0.0   1   1   8.4e-34   3.9e-32  107.1   0.0     3   167     2   149     1   150 0.98 -
d1gpja2c.2.1.7       -            159 d1dlja2c.2.1.6.aln   -            168   1.5e-07   27.1   1.2   1   2   5.3e-09   2.4e-07   26.4   0.6     1    70    25    93    25   102 0.87 -
d1gpja2c.2.1.7       -            159 d1dlja2c.2.1.6.aln   -            168   1.5e-07   27.1   1.2   2   2       1.3        61   -0.9   0.0    22    47    94   119    88   141 0.63 -
d1dlja2c.2.1.6       -            196 d1dlja2c.2.1.6.aln   -            168    0.0004   15.9   0.0   1   1   1.5e-05   0.00069   15.2   0.0     1    74     1    86     1   140 0.82 -
#
# Program:         hmmsearch
# Version:         3.3.2 (Nov 2020)
# Pipeline mode:   SEARCH
# Query file:      /home/elise/Documents/M1-BIM/S2/TMEs/SBAS/tme08/models/scop30/d1dlja2c.2.1.6.aln.hmm
# Target file:     /home/elise/Documents/M1-BIM/S2/TMEs/SBAS/tme08/scop/scop/scopTestSeq.fasta
# Option settings: hmmsearch --domtblout /home/elise/Documents/M1-BIM/S2/TMEs/SBAS/tme08/searchResults/scop30/d1dlja2c.2.1.6.aln.out -E 1 /home/elise/Documents/M1-BIM/S2/TMEs/SBAS/tme08/models/scop30/d1dlja2c.2.1.6.aln.hmm /home/elise/Documents/M1-BIM/S2/TMEs/SBAS/tme08/scop/scop/scopTestSeq.fasta 
# Current dir:     /home/elise/Documents/M1-BIM/S2/TMEs/SBAS/tme08
# Date:            Thu Apr 10 10:02:15 2025
# [ok]
