#                                                                            --- full sequence --- -------------- this domain -------------   hmm coord   ali coord   env coord
# target name        accession   tlen query name           accession   qlen   E-value  score  bias   #  of  c-Evalue  i-Evalue  score  bias  from    to  from    to  from    to  acc description of target
#------------------- ---------- ----- -------------------- ---------- ----- --------- ------ ----- --- --- --------- --------- ------ ----- ----- ----- ----- ----- ----- ----- ---- ---------------------
d1i8oa_a.3.1.1       -            114 d1dw0a_a.3.1.1.aln   -            113   2.7e-36  120.4   0.1   1   1   3.1e-38     3e-36  120.2   0.1     1   109     1   114     1   114 0.98 -
d1gu2a_a.3.1.1       -            124 d1dw0a_a.3.1.1.aln   -            113   1.4e-35  118.1   0.4   1   1   1.6e-37   1.6e-35  117.9   0.4     2   113     1   124     1   124 0.99 -
d1h32b_a.3.1.1       -            138 d1dw0a_a.3.1.1.aln   -            113   2.1e-33  111.1   0.0   1   2       2.4   2.3e+02   -1.8   0.0    25    43     5    23     2    25 0.79 -
d1h32b_a.3.1.1       -            138 d1dw0a_a.3.1.1.aln   -            113   2.1e-33  111.1   0.0   2   2   4.8e-35   4.7e-33  110.0   0.0     2   110    30   138    29   138 0.98 -
d1c52a_a.3.1.1       -            131 d1dw0a_a.3.1.1.aln   -            113   3.6e-33  110.3   0.1   1   1   4.1e-35     4e-33  110.2   0.1     4   113     1   124     1   124 0.98 -
d1e29a_a.3.1.1       -            135 d1dw0a_a.3.1.1.aln   -            113   4.5e-29   97.1   0.0   1   1   5.4e-31   5.3e-29   96.9   0.0     1   113    24   127    24   127 0.98 -
d1wvec_a.3.1.1       -             75 d1dw0a_a.3.1.1.aln   -            113   3.1e-17   59.0   0.1   1   1   9.8e-18   9.7e-16   54.2   0.1     1   110     1    74     1    75 0.96 -
d1c75a_a.3.1.1       -             71 d1dw0a_a.3.1.1.aln   -            113   1.7e-13   47.0   0.0   1   1   2.1e-15   2.1e-13   46.7   0.0     5   109     2    71     1    71 0.97 -
d1dw0a_a.3.1.1       -            112 d1dw0a_a.3.1.1.aln   -            113   0.00049   16.5   0.0   1   2     0.032       3.1    4.2   0.5    13    24    42    53    31    67 0.71 -
d1dw0a_a.3.1.1       -            112 d1dw0a_a.3.1.1.aln   -            113   0.00049   16.5   0.0   2   2   0.00018     0.018   11.4   0.0    56   107    55   111    51   112 0.87 -
#
# Program:         hmmsearch
# Version:         3.3.2 (Nov 2020)
# Pipeline mode:   SEARCH
# Query file:      /home/elise/Documents/M1-BIM/S2/TMEs/SBAS/tme08/models/scop30/d1dw0a_a.3.1.1.aln.hmm
# Target file:     /home/elise/Documents/M1-BIM/S2/TMEs/SBAS/tme08/scop/scop/scopTestSeq.fasta
# Option settings: hmmsearch --domtblout /home/elise/Documents/M1-BIM/S2/TMEs/SBAS/tme08/searchResults/scop30/d1dw0a_a.3.1.1.aln.out -E 1 /home/elise/Documents/M1-BIM/S2/TMEs/SBAS/tme08/models/scop30/d1dw0a_a.3.1.1.aln.hmm /home/elise/Documents/M1-BIM/S2/TMEs/SBAS/tme08/scop/scop/scopTestSeq.fasta 
# Current dir:     /home/elise/Documents/M1-BIM/S2/TMEs/SBAS/tme08
# Date:            Thu Apr 10 10:02:15 2025
# [ok]
