#                                                                            --- full sequence --- -------------- this domain -------------   hmm coord   ali coord   env coord
# target name        accession   tlen query name           accession   qlen   E-value  score  bias   #  of  c-Evalue  i-Evalue  score  bias  from    to  from    to  from    to  acc description of target
#------------------- ---------- ----- -------------------- ---------- ----- --------- ------ ----- --- --- --------- --------- ------ ----- ----- ----- ----- ----- ----- ----- ---- ---------------------
d3s26a_b.60.1.1      -            176 d1dzka_b.60.1.1.aln  -            168   8.4e-55  180.9   0.1   1   1   1.6e-56   9.2e-55  180.8   0.1     2   167     5   175     4   176 0.98 -
d1kxoa_b.60.1.1      -            171 d1dzka_b.60.1.1.aln  -            168   1.4e-51  170.4   0.7   1   1   2.8e-53   1.6e-51  170.3   0.7     1   167     4   171     4   171 0.99 -
d1i4ua_b.60.1.1      -            181 d1dzka_b.60.1.1.aln  -            168     6e-51  168.4   0.4   1   1   1.2e-52   6.8e-51  168.2   0.4     2   167    14   176    13   177 0.99 -
d1kt7a_b.60.1.1      -            175 d1dzka_b.60.1.1.aln  -            168   2.1e-50  166.6   0.1   1   1   4.2e-52   2.4e-50  166.4   0.1     2   165     3   175     2   175 0.99 -
d3kffa_b.60.1.1      -            152 d1dzka_b.60.1.1.aln  -            168   1.6e-49  163.7   0.1   1   1   3.2e-51   1.8e-49  163.6   0.1    15   167     2   151     1   152 0.98 -
d1epba_b.60.1.1      -            160 d1dzka_b.60.1.1.aln  -            168   5.4e-48  158.8   0.1   1   1   1.1e-49   5.9e-48  158.6   0.1    11   166     1   154     1   156 0.98 -
d3saoa_b.60.1.1      -            155 d1dzka_b.60.1.1.aln  -            168   6.6e-48  158.5   0.5   1   1   1.3e-49   7.3e-48  158.3   0.5    17   167     1   149     1   150 0.99 -
d1lf7a_b.60.1.1      -            171 d1dzka_b.60.1.1.aln  -            168   1.8e-47  157.0   0.0   1   1   3.6e-49     2e-47  156.9   0.0     3   167     2   162     1   163 0.98 -
d1qfta_b.60.1.1      -            175 d1dzka_b.60.1.1.aln  -            168   8.9e-47  154.8   8.2   1   1   1.8e-48   9.9e-47  154.6   8.2     2   167     8   174     7   175 0.99 -
d1x8qa_b.60.1.1      -            184 d1dzka_b.60.1.1.aln  -            168   3.9e-44  146.2   6.6   1   1   7.7e-46   4.4e-44  146.0   6.6     1   168     1   175     1   175 0.99 -
d1qwda_b.60.1.1      -            167 d1dzka_b.60.1.1.aln  -            168   1.1e-43  144.8   0.0   1   1   2.1e-45   1.2e-43  144.6   0.0     2   162    13   167    12   167 0.98 -
d1xkia_b.60.1.1      -            139 d1dzka_b.60.1.1.aln  -            168   4.1e-37  123.4   0.0   1   1     8e-39   4.5e-37  123.2   0.0    18   160     1   138     1   139 0.99 -
d2joza1b.60.1.1      -            126 d1dzka_b.60.1.1.aln  -            168   1.5e-29   98.8   0.1   1   1   2.9e-31   1.6e-29   98.6   0.1    28   155     2   125     1   126 0.98 -
d1dzka_b.60.1.1      -            148 d1dzka_b.60.1.1.aln  -            168   0.00088   14.9   0.1   1   1   6.5e-05    0.0037   12.9   0.1    53   165    37   147    30   148 0.88 -
#
# Program:         hmmsearch
# Version:         3.3.2 (Nov 2020)
# Pipeline mode:   SEARCH
# Query file:      /home/elise/Documents/M1-BIM/S2/TMEs/SBAS/tme08/models/scop30/d1dzka_b.60.1.1.aln.hmm
# Target file:     /home/elise/Documents/M1-BIM/S2/TMEs/SBAS/tme08/scop/scop/scopTestSeq.fasta
# Option settings: hmmsearch --domtblout /home/elise/Documents/M1-BIM/S2/TMEs/SBAS/tme08/searchResults/scop30/d1dzka_b.60.1.1.aln.out -E 1 /home/elise/Documents/M1-BIM/S2/TMEs/SBAS/tme08/models/scop30/d1dzka_b.60.1.1.aln.hmm /home/elise/Documents/M1-BIM/S2/TMEs/SBAS/tme08/scop/scop/scopTestSeq.fasta 
# Current dir:     /home/elise/Documents/M1-BIM/S2/TMEs/SBAS/tme08
# Date:            Thu Apr 10 10:02:15 2025
# [ok]
