#                                                                            --- full sequence --- -------------- this domain -------------   hmm coord   ali coord   env coord
# target name        accession   tlen query name           accession   qlen   E-value  score  bias   #  of  c-Evalue  i-Evalue  score  bias  from    to  from    to  from    to  acc description of target
#------------------- ---------- ----- -------------------- ---------- ----- --------- ------ ----- --- --- --------- --------- ------ ----- ----- ----- ----- ----- ----- ----- ---- ---------------------
d2hdsa_e.3.1.1       -            358 d1e25a_e.3.1.1.aln   -            348  1.7e-100  332.1   0.8   1   1    4e-102  1.8e-100  331.9   0.8     1   348     1   358     1   358 0.99 -
d2drwa1e.3.1.1       -            362 d1e25a_e.3.1.1.aln   -            348   5.9e-92  303.9   0.0   1   1   1.4e-93   6.6e-92  303.8   0.0     3   347     1   358     1   359 0.99 -
d1yqsa_e.3.1.1       -            345 d1e25a_e.3.1.1.aln   -            348   4.5e-90  297.7   5.9   1   1   1.1e-91     5e-90  297.6   5.9     4   348     3   342     1   342 0.99 -
d1ei5a3e.3.1.1       -            333 d1e25a_e.3.1.1.aln   -            348   6.1e-90  297.3   0.0   1   1   1.5e-91   6.8e-90  297.1   0.0     2   347     1   330     1   331 0.99 -
d2bg1a1e.3.1.1       -            453 d1e25a_e.3.1.1.aln   -            348   1.3e-89  296.2  15.3   1   1   3.4e-91   1.6e-89  296.0  15.3     1   347    60   441    60   442 1.00 -
d2v2ff_e.3.1.1       -            384 d1e25a_e.3.1.1.aln   -            348   2.3e-88  292.1  21.5   1   1   5.5e-90   2.5e-88  292.0  21.5     1   348     5   380     5   380 0.99 -
d1ci9a_e.3.1.1       -            377 d1e25a_e.3.1.1.aln   -            348   4.8e-87  287.8   0.0   1   1   1.2e-88   5.4e-87  287.6   0.0     2   347     2   376     1   377 0.99 -
d1qmea4e.3.1.1       -            357 d1e25a_e.3.1.1.aln   -            348     7e-86  283.9   6.1   1   1   1.7e-87   7.8e-86  283.8   6.1     2   346     6   357     5   357 0.99 -
d2dcfa1e.3.1.1       -            388 d1e25a_e.3.1.1.aln   -            348   1.3e-85  283.1   0.0   1   1   3.1e-87   1.4e-85  282.9   0.0     1   347     3   380     3   381 0.99 -
d2olua2e.3.1.1       -            400 d1e25a_e.3.1.1.aln   -            348   3.9e-85  281.5  15.7   1   1   9.5e-87   4.4e-85  281.3  15.7     1   348     3   390     3   390 1.00 -
d1vqqa3e.3.1.1       -            341 d1e25a_e.3.1.1.aln   -            348   3.8e-82  271.7  13.3   1   1   9.2e-84   4.3e-82  271.5  13.3     1   337     6   340     6   341 0.99 -
d1tvfa2e.3.1.1       -            301 d1e25a_e.3.1.1.aln   -            348   8.2e-80  264.0  18.4   1   1     2e-81   9.1e-80  263.8  18.4     1   308     1   301     1   301 0.99 -
d1xp4a2e.3.1.1       -            269 d1e25a_e.3.1.1.aln   -            348     2e-60  200.2   6.7   1   1   4.8e-62   2.2e-60  200.1   6.7    30   307     2   268     1   269 0.99 -
d1es5a_e.3.1.1       -            260 d1e25a_e.3.1.1.aln   -            348   1.8e-54  180.7  14.2   1   1   4.2e-56   1.9e-54  180.6  14.2    30   306     3   259     1   260 0.98 -
d2p74a_e.3.1.1       -            263 d1e25a_e.3.1.1.aln   -            348   1.3e-52  174.6   2.3   1   1     3e-54   1.4e-52  174.4   2.3    27   302     2   261     1   263 0.99 -
d1alqa_e.3.1.1       -            263 d1e25a_e.3.1.1.aln   -            348   8.2e-52  171.9   6.9   1   1     2e-53   9.1e-52  171.8   6.9    29   302     4   263     1   263 0.99 -
d1xa1a_e.3.1.1       -            246 d1e25a_e.3.1.1.aln   -            348   6.1e-50  165.8  10.1   1   1   1.5e-51   7.2e-50  165.5  10.1    22   301     1   246     1   246 0.99 -
#
# Program:         hmmsearch
# Version:         3.3.2 (Nov 2020)
# Pipeline mode:   SEARCH
# Query file:      /home/elise/Documents/M1-BIM/S2/TMEs/SBAS/tme08/models/scop30/d1e25a_e.3.1.1.aln.hmm
# Target file:     /home/elise/Documents/M1-BIM/S2/TMEs/SBAS/tme08/scop/scop/scopTestSeq.fasta
# Option settings: hmmsearch --domtblout /home/elise/Documents/M1-BIM/S2/TMEs/SBAS/tme08/searchResults/scop30/d1e25a_e.3.1.1.aln.out -E 1 /home/elise/Documents/M1-BIM/S2/TMEs/SBAS/tme08/models/scop30/d1e25a_e.3.1.1.aln.hmm /home/elise/Documents/M1-BIM/S2/TMEs/SBAS/tme08/scop/scop/scopTestSeq.fasta 
# Current dir:     /home/elise/Documents/M1-BIM/S2/TMEs/SBAS/tme08
# Date:            Thu Apr 10 10:02:15 2025
# [ok]
