#                                                                            --- full sequence --- -------------- this domain -------------   hmm coord   ali coord   env coord
# target name        accession   tlen query name           accession   qlen   E-value  score  bias   #  of  c-Evalue  i-Evalue  score  bias  from    to  from    to  from    to  acc description of target
#------------------- ---------- ----- -------------------- ---------- ----- --------- ------ ----- --- --- --------- --------- ------ ----- ----- ----- ----- ----- ----- ----- ---- ---------------------
d1kjwa2c.37.1.1      -            199 d1e2ka_c.37.1.1.aln  -            191   1.3e-49  164.3   0.1   1   1   3.8e-51   1.5e-49  164.1   0.1     3   190     7   193     5   194 0.98 -
d1kgda_c.37.1.1      -            178 d1e2ka_c.37.1.1.aln  -            191   2.3e-49  163.5   0.1   1   1   6.6e-51   2.6e-49  163.4   0.1     1   184     2   178     2   178 0.99 -
d1khta_c.37.1.1      -            190 d1e2ka_c.37.1.1.aln  -            191   6.2e-48  158.9   0.1   1   1   1.7e-49   6.9e-48  158.7   0.1     2   190     1   189     1   190 0.99 -
d1lw7a2c.37.1.1      -            192 d1e2ka_c.37.1.1.aln  -            191   9.8e-48  158.2   0.1   1   1   2.8e-49   1.1e-47  158.1   0.1     2   189     7   187     6   189 0.98 -
d1p5zb_c.37.1.1      -            241 d1e2ka_c.37.1.1.aln  -            191   3.3e-47  156.5   0.0   1   1   9.6e-49   3.8e-47  156.3   0.0     2   191     2   231     1   231 0.99 -
d1qf9a_c.37.1.1      -            194 d1e2ka_c.37.1.1.aln  -            191   4.8e-47  156.0   0.0   1   1   1.4e-48   5.4e-47  155.8   0.0     2   187     6   193     5   194 0.99 -
d1vhta_c.37.1.1      -            208 d1e2ka_c.37.1.1.aln  -            191     8e-46  152.0   0.1   1   1   2.3e-47   8.9e-46  151.8   0.1     2   190     3   201     2   202 0.99 -
d1zina1c.37.1.1      -            183 d1e2ka_c.37.1.1.aln  -            191   1.1e-44  148.2   0.0   1   1   3.2e-46   1.3e-44  148.1   0.0     3   188     1   183     1   183 0.99 -
d1t0hb_c.37.1.1      -            219 d1e2ka_c.37.1.1.aln  -            191   3.9e-44  146.5   0.0   1   1   1.1e-45   4.3e-44  146.3   0.0     1   190     2   207     2   208 0.99 -
d1y63a_c.37.1.1      -            174 d1e2ka_c.37.1.1.aln  -            191   4.8e-42  139.7   1.3   1   1   1.3e-43   5.2e-42  139.5   1.3     2   186     5   173     4   174 0.98 -
d1deka_c.37.1.1      -            241 d1e2ka_c.37.1.1.aln  -            191   1.7e-41  137.9   0.0   1   1   4.8e-43   1.9e-41  137.7   0.0     2   190     1   230     1   231 0.99 -
d2grja_c.37.1.1      -            179 d1e2ka_c.37.1.1.aln  -            191   7.3e-41  135.8   1.2   1   1   2.1e-42   8.1e-41  135.7   1.2     1   184     2   179     2   179 0.98 -
d1gsia_c.37.1.1      -            208 d1e2ka_c.37.1.1.aln  -            191   9.2e-41  135.5   0.0   1   1   2.6e-42     1e-40  135.3   0.0     3   189     1   203     1   205 0.99 -
d1yj5a2c.37.1.1      -            172 d1e2ka_c.37.1.1.aln  -            191   3.2e-40  133.7   0.0   1   1     9e-42   3.5e-40  133.6   0.0     6   188     2   171     1   172 0.98 -
d1ly1a_c.37.1.1      -            152 d1e2ka_c.37.1.1.aln  -            191     3e-37  124.0   0.0   1   1   8.3e-39   3.3e-37  123.9   0.0     1   165     1   148     1   152 0.96 -
d3kb2a_c.37.1.1      -            171 d1e2ka_c.37.1.1.aln  -            191   7.5e-37  122.7   0.2   1   1   2.1e-38   8.3e-37  122.6   0.2     4   188     2   171     1   171 0.99 -
d2qora_c.37.1.0      -            196 d1e2ka_c.37.1.1.aln  -            191   4.8e-07   25.5   0.4   1   2     1e-07   4.1e-06   22.5   0.0     6    74     8    78     7    88 0.87 -
d2qora_c.37.1.0      -            196 d1e2ka_c.37.1.1.aln  -            191   4.8e-07   25.5   0.4   2   2      0.37        15    1.1   0.1   137   182   150   185   130   194 0.52 -
d2jaqa_c.37.1.0      -            201 d1e2ka_c.37.1.1.aln  -            191   0.00024   16.7   0.2   1   2   1.2e-05   0.00049   15.7   0.1     3    55     1    56     1    78 0.74 -
d2jaqa_c.37.1.0      -            201 d1e2ka_c.37.1.1.aln  -            191   0.00024   16.7   0.2   2   2       6.9   2.7e+02   -3.1   0.0    84   115   108   139   104   145 0.72 -
d1in4a2c.37.1.20     -            238 d1e2ka_c.37.1.1.aln  -            191   0.00038   16.0   0.0   1   1   3.2e-05    0.0013   14.4   0.0     5    39    38    72    37   112 0.91 -
d1um8a_c.37.1.20     -            364 d1e2ka_c.37.1.1.aln  -            191    0.0052   12.3   0.4   1   2      0.68        27    0.2   0.1    32    67    18    52    11    65 0.79 -
d1um8a_c.37.1.20     -            364 d1e2ka_c.37.1.1.aln  -            191    0.0052   12.3   0.4   2   2    0.0011     0.042    9.4   0.0     4    31    70    97    67   120 0.92 -
#
# Program:         hmmsearch
# Version:         3.3.2 (Nov 2020)
# Pipeline mode:   SEARCH
# Query file:      /home/elise/Documents/M1-BIM/S2/TMEs/SBAS/tme08/models/scop30/d1e2ka_c.37.1.1.aln.hmm
# Target file:     /home/elise/Documents/M1-BIM/S2/TMEs/SBAS/tme08/scop/scop/scopTestSeq.fasta
# Option settings: hmmsearch --domtblout /home/elise/Documents/M1-BIM/S2/TMEs/SBAS/tme08/searchResults/scop30/d1e2ka_c.37.1.1.aln.out -E 1 /home/elise/Documents/M1-BIM/S2/TMEs/SBAS/tme08/models/scop30/d1e2ka_c.37.1.1.aln.hmm /home/elise/Documents/M1-BIM/S2/TMEs/SBAS/tme08/scop/scop/scopTestSeq.fasta 
# Current dir:     /home/elise/Documents/M1-BIM/S2/TMEs/SBAS/tme08
# Date:            Thu Apr 10 10:02:15 2025
# [ok]
