#                                                                            --- full sequence --- -------------- this domain -------------   hmm coord   ali coord   env coord
# target name        accession   tlen query name           accession   qlen   E-value  score  bias   #  of  c-Evalue  i-Evalue  score  bias  from    to  from    to  from    to  acc description of target
#------------------- ---------- ----- -------------------- ---------- ----- --------- ------ ----- --- --- --------- --------- ------ ----- ----- ----- ----- ----- ----- ----- ---- ---------------------
d1ea9c2b.71.1.1      -             80 d1e43a1b.71.1.1.aln  -             83   2.9e-20   68.1   0.1   1   1   8.8e-22   3.2e-20   68.0   0.1     2    82     2    79     1    80 0.96 -
d1uasa1b.71.1.1      -             89 d1e43a1b.71.1.1.aln  -             83   3.5e-20   67.8   0.8   1   1   1.1e-21   3.9e-20   67.7   0.8     5    81     6    89     4    89 0.97 -
d1ji1a2b.71.1.1      -             83 d1e43a1b.71.1.1.aln  -             83   1.7e-19   65.6   2.2   1   1   5.3e-21   1.9e-19   65.5   2.2     2    79     2    82     1    83 0.98 -
d1h3ga2b.71.1.1      -             83 d1e43a1b.71.1.1.aln  -             83   1.8e-19   65.6   0.0   1   1   5.3e-21   1.9e-19   65.5   0.0     3    82     1    81     1    82 0.97 -
d1j0ha2b.71.1.1      -             83 d1e43a1b.71.1.1.aln  -             83   5.1e-19   64.1   0.0   1   1   1.5e-20   5.5e-19   64.0   0.0     3    83     4    83     2    83 0.97 -
d1g5aa1b.71.1.1      -             74 d1e43a1b.71.1.1.aln  -             83   9.9e-18   60.0   0.0   1   1     3e-19   1.1e-17   59.9   0.0     6    81     2    74     1    74 0.97 -
d3bmva3b.71.1.1      -             89 d1e43a1b.71.1.1.aln  -             83   1.1e-17   59.9   2.5   1   1   3.2e-19   1.2e-17   59.8   2.5     2    82     1    88     1    89 0.97 -
d1wzaa1b.71.1.1      -             79 d1e43a1b.71.1.1.aln  -             83   1.2e-17   59.7   0.0   1   1   3.8e-19   1.4e-17   59.5   0.0     2    81     1    79     1    79 0.97 -
d1mxga1b.71.1.1      -             74 d1e43a1b.71.1.1.aln  -             83   4.8e-17   57.8   1.3   1   1   1.4e-18   5.1e-17   57.7   1.3    10    82     2    72     1    73 0.97 -
d1szna1b.71.1.1      -            103 d1e43a1b.71.1.1.aln  -             83   6.2e-17   57.4   0.1   1   1     2e-18   7.1e-17   57.2   0.1     2    83    14   101    13   101 0.98 -
d1m7xa2b.71.1.1      -            106 d1e43a1b.71.1.1.aln  -             83   1.4e-16   56.3   0.0   1   1   4.8e-18   1.7e-16   56.0   0.0     2    81     5    97     4   101 0.91 -
d1ua7a1b.71.1.1      -             78 d1e43a1b.71.1.1.aln  -             83   3.2e-15   52.0   0.1   1   1   9.6e-17   3.5e-15   51.8   0.1     2    80     1    77     1    78 0.97 -
d2guya1b.71.1.1      -             95 d1e43a1b.71.1.1.aln  -             83   4.4e-15   51.5   0.1   1   1   1.4e-16   4.9e-15   51.4   0.1     2    83     1    95     1    95 0.98 -
d1bf2a2b.71.1.1      -            113 d1e43a1b.71.1.1.aln  -             83   6.3e-15   51.0   4.6   1   1     2e-16   7.1e-15   50.8   4.6     2    82     5    98     4    99 0.98 -
d2fhfa4b.71.1.1      -            118 d1e43a1b.71.1.1.aln  -             83   1.5e-13   46.6   0.0   1   1   5.2e-15   1.9e-13   46.3   0.0     3    79    21   102    19   113 0.95 -
d1gjwa1b.71.1.1      -             64 d1e43a1b.71.1.1.aln  -             83   1.7e-13   46.4   0.0   1   1   4.9e-15   1.7e-13   46.4   0.0     5    70     2    63     1    64 0.94 -
d1r7aa1b.71.1.1      -             70 d1e43a1b.71.1.1.aln  -             83   3.7e-11   39.0   0.1   1   1   1.1e-12   3.9e-11   38.9   0.1     2    73     4    68     3    70 0.95 -
d2bhua2b.71.1.1      -             72 d1e43a1b.71.1.1.aln  -             83   6.9e-11   38.1   0.1   1   1   2.2e-12   7.8e-11   37.9   0.1     2    79     1    72     1    72 0.96 -
d1ht6a1b.71.1.1      -             57 d1e43a1b.71.1.1.aln  -             83   6.9e-09   31.7   0.1   1   1     2e-10   7.3e-09   31.6   0.1    20    80     3    57     1    57 0.95 -
d1gcya1b.71.1.1      -             61 d1e43a1b.71.1.1.aln  -             83   1.3e-08   30.8   0.6   1   1   4.4e-10   1.6e-08   30.5   0.6    10    79     2    60     1    61 0.96 -
d1lwha1b.71.1.1      -             50 d1e43a1b.71.1.1.aln  -             83   1.7e-07   27.2   0.0   1   1   6.3e-09   2.2e-07   26.8   0.0     3    36     2    35     1    50 0.94 -
d1kwga1b.71.1.1      -             54 d1e43a1b.71.1.1.aln  -             83   1.2e-06   24.5   0.0   1   1   8.6e-08   3.1e-06   23.2   0.0    13    79     4    53     1    54 0.87 -
#
# Program:         hmmsearch
# Version:         3.3.2 (Nov 2020)
# Pipeline mode:   SEARCH
# Query file:      /home/elise/Documents/M1-BIM/S2/TMEs/SBAS/tme08/models/scop30/d1e43a1b.71.1.1.aln.hmm
# Target file:     /home/elise/Documents/M1-BIM/S2/TMEs/SBAS/tme08/scop/scop/scopTestSeq.fasta
# Option settings: hmmsearch --domtblout /home/elise/Documents/M1-BIM/S2/TMEs/SBAS/tme08/searchResults/scop30/d1e43a1b.71.1.1.aln.out -E 1 /home/elise/Documents/M1-BIM/S2/TMEs/SBAS/tme08/models/scop30/d1e43a1b.71.1.1.aln.hmm /home/elise/Documents/M1-BIM/S2/TMEs/SBAS/tme08/scop/scop/scopTestSeq.fasta 
# Current dir:     /home/elise/Documents/M1-BIM/S2/TMEs/SBAS/tme08
# Date:            Thu Apr 10 10:02:15 2025
# [ok]
