#                                                                            --- full sequence --- -------------- this domain -------------   hmm coord   ali coord   env coord
# target name        accession   tlen query name           accession   qlen   E-value  score  bias   #  of  c-Evalue  i-Evalue  score  bias  from    to  from    to  from    to  acc description of target
#------------------- ---------- ----- -------------------- ---------- ----- --------- ------ ----- --- --- --------- --------- ------ ----- ----- ----- ----- ----- ----- ----- ---- ---------------------
d1p1ja1c.2.1.3       -            411 d1e5qa1c.2.1.3.aln   -            228   4.5e-67  221.7   0.0   1   1   1.8e-68   5.9e-67  221.3   0.0     1   228     8   254     8   254 1.00 -
d1gr0a1c.2.1.3       -            244 d1e5qa1c.2.1.3.aln   -            228   1.8e-60  200.1   0.8   1   1     6e-62     2e-60  199.9   0.8     1   222     1   244     1   244 1.00 -
d2nvwa1c.2.1.3       -            238 d1e5qa1c.2.1.3.aln   -            228   1.6e-58  193.7   0.0   1   1   5.5e-60   1.8e-58  193.5   0.0     8   228     1   238     1   238 0.99 -
d3cina1c.2.1.3       -            276 d1e5qa1c.2.1.3.aln   -            228   7.7e-57  188.2   0.0   1   1   2.8e-58   9.1e-57  188.0   0.0     1   228     1   274     1   274 1.00 -
d1h6da1c.2.1.3       -            222 d1e5qa1c.2.1.3.aln   -            228   1.3e-55  184.2   0.0   1   1   4.3e-57   1.4e-55  184.1   0.0    18   223     1   222     1   222 0.99 -
d1qkia1c.2.1.3       -            204 d1e5qa1c.2.1.3.aln   -            228   8.2e-44  145.6   0.0   1   1   2.8e-45   9.1e-44  145.4   0.0    30   220     1   204     1   204 0.99 -
d1tlta1c.2.1.3       -            165 d1e5qa1c.2.1.3.aln   -            228   2.2e-36  121.3   0.0   1   1   7.5e-38   2.5e-36  121.1   0.0    50   216     1   164     1   165 0.99 -
d1ydwa1c.2.1.3       -            185 d1e5qa1c.2.1.3.aln   -            228   4.1e-36  120.4   0.0   1   1   1.4e-37   4.5e-36  120.3   0.0    50   223     1   183     1   185 0.98 -
d1h9aa1c.2.1.3       -            196 d1e5qa1c.2.1.3.aln   -            228   1.3e-33  112.2   0.2   1   1   4.4e-35   1.5e-33  112.0   0.2    46   223     2   195     1   196 0.99 -
d1xeaa1c.2.1.3       -            168 d1e5qa1c.2.1.3.aln   -            228   2.8e-32  107.9   0.0   1   1   9.3e-34   3.1e-32  107.7   0.0    51   216     2   167     1   168 0.98 -
d1zh8a1c.2.1.3       -            182 d1e5qa1c.2.1.3.aln   -            228   1.6e-31  105.4   0.0   1   1   5.5e-33   1.8e-31  105.2   0.0    49   216     2   178     1   181 0.98 -
d1drua1c.2.1.3       -            161 d1e5qa1c.2.1.3.aln   -            228   2.7e-28   94.8   0.1   1   1   8.9e-30   2.9e-28   94.7   0.1    50   212     2   160     1   161 0.99 -
d1lc0a1c.2.1.3       -            173 d1e5qa1c.2.1.3.aln   -            228   9.3e-27   89.8   0.0   1   1   3.1e-28     1e-26   89.6   0.0    45   217     1   173     1   173 0.97 -
d1cf2o1c.2.1.3       -            172 d1e5qa1c.2.1.3.aln   -            228   1.7e-26   88.9   0.8   1   1   5.6e-28   1.9e-26   88.8   0.8    51   213     1   171     1   172 0.99 -
d1f06a1c.2.1.3       -            171 d1e5qa1c.2.1.3.aln   -            228   2.4e-26   88.5   0.1   1   1     8e-28   2.6e-26   88.3   0.1    48   215     1   171     1   171 0.99 -
d1ebfa1c.2.1.3       -            169 d1e5qa1c.2.1.3.aln   -            228   4.1e-26   87.7   0.2   1   1   1.5e-27   4.9e-26   87.4   0.2    49   216     2   167     1   168 0.99 -
d1vkna1c.2.1.3       -            177 d1e5qa1c.2.1.3.aln   -            228   7.3e-26   86.8   0.0   1   1   2.7e-27     9e-26   86.6   0.0    50   216     1   176     1   176 0.99 -
d1nvmb1c.2.1.3       -            158 d1e5qa1c.2.1.3.aln   -            228   6.7e-22   73.9   0.2   1   1   2.2e-23   7.3e-22   73.8   0.2    49   212     2   157     1   158 0.96 -
d1q0qa2c.2.1.3       -            152 d1e5qa1c.2.1.3.aln   -            228   1.1e-21   73.1   0.0   1   1   3.8e-23   1.2e-21   73.0   0.0    50   206     1   151     1   152 0.99 -
d2g82a1c.2.1.3       -            169 d1e5qa1c.2.1.3.aln   -            228   2.8e-20   68.6   0.2   1   1     1e-21   3.4e-20   68.3   0.2    52   217     1   167     1   168 0.96 -
d1t4ba1c.2.1.3       -            147 d1e5qa1c.2.1.3.aln   -            228   4.1e-20   68.0   0.0   1   1   1.4e-21   4.5e-20   67.9   0.0    50   211     1   146     1   147 0.98 -
d1yl7a1c.2.1.3       -            136 d1e5qa1c.2.1.3.aln   -            228     2e-16   56.0   0.0   1   1   7.7e-18   2.5e-16   55.6   0.0    52   209     1   134     1   135 0.98 -
d1j5pa4c.2.1.3       -            133 d1e5qa1c.2.1.3.aln   -            228     9e-15   50.6   0.0   1   1   5.3e-16   1.7e-14   49.6   0.0    50   212     1   131     1   132 0.98 -
d1vm6a3c.2.1.3       -            129 d1e5qa1c.2.1.3.aln   -            228   2.9e-12   42.4   0.0   1   1   2.1e-13   6.7e-12   41.2   0.0    51   208     1   127     1   128 0.98 -
#
# Program:         hmmsearch
# Version:         3.3.2 (Nov 2020)
# Pipeline mode:   SEARCH
# Query file:      /home/elise/Documents/M1-BIM/S2/TMEs/SBAS/tme08/models/scop30/d1e5qa1c.2.1.3.aln.hmm
# Target file:     /home/elise/Documents/M1-BIM/S2/TMEs/SBAS/tme08/scop/scop/scopTestSeq.fasta
# Option settings: hmmsearch --domtblout /home/elise/Documents/M1-BIM/S2/TMEs/SBAS/tme08/searchResults/scop30/d1e5qa1c.2.1.3.aln.out -E 1 /home/elise/Documents/M1-BIM/S2/TMEs/SBAS/tme08/models/scop30/d1e5qa1c.2.1.3.aln.hmm /home/elise/Documents/M1-BIM/S2/TMEs/SBAS/tme08/scop/scop/scopTestSeq.fasta 
# Current dir:     /home/elise/Documents/M1-BIM/S2/TMEs/SBAS/tme08
# Date:            Thu Apr 10 10:02:15 2025
# [ok]
