#                                                                            --- full sequence --- -------------- this domain -------------   hmm coord   ali coord   env coord
# target name        accession   tlen query name           accession   qlen   E-value  score  bias   #  of  c-Evalue  i-Evalue  score  bias  from    to  from    to  from    to  acc description of target
#------------------- ---------- ----- -------------------- ---------- ----- --------- ------ ----- --- --- --------- --------- ------ ----- ----- ----- ----- ----- ----- ----- ---- ---------------------
d1tlta1c.2.1.3       -            165 d1ebfa1c.2.1.3.aln   -            190   2.4e-36  121.1   0.0   1   1   8.3e-38   2.6e-36  121.0   0.0     7   175     1   163     1   165 0.98 -
d1h9aa1c.2.1.3       -            196 d1ebfa1c.2.1.3.aln   -            190   4.7e-36  120.2   0.1   1   1   1.7e-37   5.2e-36  120.0   0.1     6   189     2   195     1   196 0.99 -
d1ydwa1c.2.1.3       -            185 d1ebfa1c.2.1.3.aln   -            190   5.5e-36  120.0   0.0   1   1   1.9e-37   6.1e-36  119.8   0.0     7   184     1   184     1   185 0.98 -
d1xeaa1c.2.1.3       -            168 d1ebfa1c.2.1.3.aln   -            190   2.8e-35  117.6   0.0   1   1   9.9e-37   3.1e-35  117.5   0.0     8   180     2   167     1   168 0.98 -
d1drua1c.2.1.3       -            161 d1ebfa1c.2.1.3.aln   -            190     2e-34  114.8   0.2   1   1     7e-36   2.2e-34  114.7   0.2     6   172     2   160     1   161 0.98 -
d2nvwa1c.2.1.3       -            238 d1ebfa1c.2.1.3.aln   -            190   2.3e-34  114.7   0.0   1   1   8.3e-36   2.6e-34  114.5   0.0     1   188    10   238    10   238 0.99 -
d1f06a1c.2.1.3       -            171 d1ebfa1c.2.1.3.aln   -            190     8e-34  112.9   0.1   1   1   2.8e-35   8.8e-34  112.8   0.1     8   174     4   170     1   171 0.98 -
d1qkia1c.2.1.3       -            204 d1ebfa1c.2.1.3.aln   -            190   4.7e-33  110.4   0.0   1   1   1.6e-34   5.1e-33  110.3   0.0     6   185     2   203     1   204 0.98 -
d1h6da1c.2.1.3       -            222 d1ebfa1c.2.1.3.aln   -            190   6.2e-33  110.0   0.0   1   1   2.2e-34   6.9e-33  109.8   0.0     2   183     1   222     1   222 0.99 -
d3cina1c.2.1.3       -            276 d1ebfa1c.2.1.3.aln   -            190   3.8e-32  107.4   0.1   1   1     6e-33   1.9e-31  105.1   0.1     6   190     1   276     1   276 1.00 -
d1p1ja1c.2.1.3       -            411 d1ebfa1c.2.1.3.aln   -            190   2.5e-31  104.7   0.0   1   1   9.9e-33   3.1e-31  104.4   0.0     2   190    53   336    52   336 0.99 -
d2g82a1c.2.1.3       -            169 d1ebfa1c.2.1.3.aln   -            190   3.7e-31  104.2   0.3   1   1   1.4e-32   4.3e-31  104.0   0.3     8   176     1   167     1   168 0.97 -
d1zh8a1c.2.1.3       -            182 d1ebfa1c.2.1.3.aln   -            190   6.1e-31  103.5   0.0   1   1   2.1e-32   6.7e-31  103.4   0.0     6   182     2   180     1   182 0.98 -
d1nvmb1c.2.1.3       -            158 d1ebfa1c.2.1.3.aln   -            190   2.2e-29   98.4   0.3   1   1   7.8e-31   2.5e-29   98.3   0.3     4   173     1   157     1   158 0.98 -
d1gr0a1c.2.1.3       -            244 d1ebfa1c.2.1.3.aln   -            190   3.6e-29   97.7   1.5   1   1   1.3e-30   4.1e-29   97.6   1.5     7   182     2   244     1   244 0.99 -
d1lc0a1c.2.1.3       -            173 d1ebfa1c.2.1.3.aln   -            190   1.6e-28   95.6   0.0   1   1   5.6e-30   1.8e-28   95.5   0.0     1   179     1   171     1   173 0.98 -
d1cf2o1c.2.1.3       -            172 d1ebfa1c.2.1.3.aln   -            190   1.7e-27   92.3   1.0   1   1   5.9e-29   1.9e-27   92.1   1.0     7   172     1   170     1   172 0.98 -
d1e5qa1c.2.1.3       -            183 d1ebfa1c.2.1.3.aln   -            190   1.8e-27   92.1   0.3   1   1     7e-29   2.2e-27   91.9   0.3     8   175     3   180     1   182 0.98 -
d1vkna1c.2.1.3       -            177 d1ebfa1c.2.1.3.aln   -            190   2.9e-26   88.3   0.0   1   1   1.1e-27   3.4e-26   88.0   0.0     6   175     1   175     1   176 0.98 -
d1q0qa2c.2.1.3       -            152 d1ebfa1c.2.1.3.aln   -            190   3.1e-25   84.9   0.0   1   1   1.1e-26   3.4e-25   84.8   0.0     6   166     1   151     1   152 0.98 -
d1yl7a1c.2.1.3       -            136 d1ebfa1c.2.1.3.aln   -            190   6.6e-25   83.8   0.1   1   1   3.2e-26     1e-24   83.2   0.1     8   170     1   135     1   136 0.97 -
d1t4ba1c.2.1.3       -            147 d1ebfa1c.2.1.3.aln   -            190   5.5e-22   74.3   0.0   1   1     2e-23   6.3e-22   74.1   0.0     6   171     1   146     1   147 0.98 -
d1j5pa4c.2.1.3       -            133 d1ebfa1c.2.1.3.aln   -            190   6.1e-20   67.6   0.0   1   1   2.2e-21     7e-20   67.4   0.0     6   155     1   124     1   132 0.96 -
d1vm6a3c.2.1.3       -            129 d1ebfa1c.2.1.3.aln   -            190   4.2e-18   61.6   0.1   1   1   5.3e-19   1.7e-17   59.7   0.1     7   168     1   127     1   128 0.96 -
d1h2ba2c.2.1.1       -            172 d1ebfa1c.2.1.3.aln   -            190      0.13    7.9   6.2   1   2       6.3     2e+02   -2.6   0.0     7    29     4    26     2    31 0.66 -
d1h2ba2c.2.1.1       -            172 d1ebfa1c.2.1.3.aln   -            190      0.13    7.9   6.2   2   2   0.00017    0.0055   12.3   0.3     9    90    35   117    33   121 0.79 -
#
# Program:         hmmsearch
# Version:         3.3.2 (Nov 2020)
# Pipeline mode:   SEARCH
# Query file:      /home/elise/Documents/M1-BIM/S2/TMEs/SBAS/tme08/models/scop30/d1ebfa1c.2.1.3.aln.hmm
# Target file:     /home/elise/Documents/M1-BIM/S2/TMEs/SBAS/tme08/scop/scop/scopTestSeq.fasta
# Option settings: hmmsearch --domtblout /home/elise/Documents/M1-BIM/S2/TMEs/SBAS/tme08/searchResults/scop30/d1ebfa1c.2.1.3.aln.out -E 1 /home/elise/Documents/M1-BIM/S2/TMEs/SBAS/tme08/models/scop30/d1ebfa1c.2.1.3.aln.hmm /home/elise/Documents/M1-BIM/S2/TMEs/SBAS/tme08/scop/scop/scopTestSeq.fasta 
# Current dir:     /home/elise/Documents/M1-BIM/S2/TMEs/SBAS/tme08
# Date:            Thu Apr 10 10:02:15 2025
# [ok]
