#                                                                            --- full sequence --- -------------- this domain -------------   hmm coord   ali coord   env coord
# target name        accession   tlen query name           accession   qlen   E-value  score  bias   #  of  c-Evalue  i-Evalue  score  bias  from    to  from    to  from    to  acc description of target
#------------------- ---------- ----- -------------------- ---------- ----- --------- ------ ----- --- --- --------- --------- ------ ----- ----- ----- ----- ----- ----- ----- ---- ---------------------
d1euza1c.2.1.7       -            239 d1edza1c.2.1.7.aln   -            212   7.7e-75  246.9   1.8   1   1   1.9e-76   8.7e-75  246.7   1.8     2   212     6   238     5   238 0.99 -
d3mw9a1c.2.1.7       -            293 d1edza1c.2.1.7.aln   -            212   9.2e-72  236.9   0.0   1   1   2.3e-73     1e-71  236.7   0.0     2   212     6   292     5   292 0.99 -
d1bgva1c.2.1.7       -            255 d1edza1c.2.1.7.aln   -            212   2.5e-71  235.5   2.7   1   1     6e-73   2.8e-71  235.3   2.7     2   212    10   255     9   255 0.99 -
d1o0sa1c.2.1.7       -            308 d1edza1c.2.1.7.aln   -            212   3.1e-64  212.3   0.5   1   1   7.6e-66   3.5e-64  212.1   0.5     2   212     1   287     1   287 1.00 -
d1vl6a1c.2.1.7       -            222 d1edza1c.2.1.7.aln   -            212   4.9e-64  211.6   0.2   1   1   1.2e-65   5.4e-64  211.5   0.2     1   205     1   222     1   222 0.99 -
d1c1da1c.2.1.7       -            201 d1edza1c.2.1.7.aln   -            212   1.3e-61  203.7   5.5   1   1   3.1e-63   1.4e-61  203.5   5.5     4   205     2   201     1   201 0.99 -
d1luaa1c.2.1.7       -            191 d1edza1c.2.1.7.aln   -            212   3.3e-49  163.2   7.9   1   1   7.9e-51   3.7e-49  163.0   7.9     4   201     1   191     1   191 0.99 -
d1nyta1c.2.1.7       -            170 d1edza1c.2.1.7.aln   -            212     8e-45  148.8   0.0   1   1   1.9e-46   8.8e-45  148.7   0.0     9   195     1   169     1   170 0.99 -
d1npya1c.2.1.7       -            167 d1edza1c.2.1.7.aln   -            212   1.2e-40  135.2   3.7   1   1   2.9e-42   1.3e-40  135.0   3.7     9   195     1   166     1   167 0.98 -
d1gpja2c.2.1.7       -            159 d1edza1c.2.1.7.aln   -            212   1.9e-39  131.3   0.7   1   1   4.4e-41   2.1e-39  131.1   0.7     3   183     1   157     1   159 0.98 -
d1cf2o1c.2.1.3       -            172 d1edza1c.2.1.7.aln   -            212   2.3e-05   19.9   0.2   1   1   6.3e-07   2.9e-05   19.5   0.2    28    96     2    76     1   101 0.71 -
d1kola2c.2.1.1       -            195 d1edza1c.2.1.7.aln   -            212   0.00013   17.4   0.8   1   1   3.9e-06   0.00018   17.0   0.8    28    58    24    57    14   110 0.72 -
d1f0ya2c.2.1.6       -            192 d1edza1c.2.1.7.aln   -            212    0.0007   15.0   1.2   1   1   2.1e-05   0.00099   14.6   1.2    28   115     5   124     2   144 0.77 -
d1vj0a2c.2.1.1       -            182 d1edza1c.2.1.7.aln   -            212   0.00077   14.9   0.1   1   1     3e-05    0.0014   14.1   0.1    10    74    13    91     7   113 0.74 -
d1o89a2c.2.1.1       -            177 d1edza1c.2.1.7.aln   -            212   0.00078   14.9   0.5   1   1   1.9e-05   0.00087   14.7   0.5    13    84    19    96     8   139 0.62 -
d2gf3a1c.3.1.2       -            282 d1edza1c.2.1.7.aln   -            212    0.0039   12.6   0.0   1   1   0.00017     0.008   11.6   0.0    30    71     6    52     2   127 0.69 -
d1pl8a2c.2.1.1       -            171 d1edza1c.2.1.7.aln   -            212    0.0044   12.4   2.9   1   1   6.8e-05    0.0032   12.9   1.9    28    58    28    58    18   112 0.75 -
#
# Program:         hmmsearch
# Version:         3.3.2 (Nov 2020)
# Pipeline mode:   SEARCH
# Query file:      /home/elise/Documents/M1-BIM/S2/TMEs/SBAS/tme08/models/scop30/d1edza1c.2.1.7.aln.hmm
# Target file:     /home/elise/Documents/M1-BIM/S2/TMEs/SBAS/tme08/scop/scop/scopTestSeq.fasta
# Option settings: hmmsearch --domtblout /home/elise/Documents/M1-BIM/S2/TMEs/SBAS/tme08/searchResults/scop30/d1edza1c.2.1.7.aln.out -E 1 /home/elise/Documents/M1-BIM/S2/TMEs/SBAS/tme08/models/scop30/d1edza1c.2.1.7.aln.hmm /home/elise/Documents/M1-BIM/S2/TMEs/SBAS/tme08/scop/scop/scopTestSeq.fasta 
# Current dir:     /home/elise/Documents/M1-BIM/S2/TMEs/SBAS/tme08
# Date:            Thu Apr 10 10:02:15 2025
# [ok]
