#                                                                            --- full sequence --- -------------- this domain -------------   hmm coord   ali coord   env coord
# target name        accession   tlen query name           accession   qlen   E-value  score  bias   #  of  c-Evalue  i-Evalue  score  bias  from    to  from    to  from    to  acc description of target
#------------------- ---------- ----- -------------------- ---------- ----- --------- ------ ----- --- --- --------- --------- ------ ----- ----- ----- ----- ----- ----- ----- ---- ---------------------
d2drwa1e.3.1.1       -            362 d1ei5a3e.3.1.1.aln   -            341   1.3e-94  312.5   0.0   1   1   3.4e-96   1.5e-94  312.3   0.0     3   340     2   350     1   351 0.99 -
d2hdsa_e.3.1.1       -            358 d1ei5a3e.3.1.1.aln   -            341   8.1e-94  309.9   0.9   1   1   2.1e-95     9e-94  309.8   0.9     1   341     2   349     2   349 1.00 -
d2olua2e.3.1.1       -            400 d1ei5a3e.3.1.1.aln   -            341   9.6e-90  296.5  17.7   1   1   2.5e-91   1.1e-89  296.3  17.7     2   341    15   372    14   372 0.99 -
d1yqsa_e.3.1.1       -            345 d1ei5a3e.3.1.1.aln   -            341   7.2e-89  293.7   3.8   1   1   1.8e-90     8e-89  293.5   3.8     2   336     2   345     1   345 0.99 -
d2bg1a1e.3.1.1       -            453 d1ei5a3e.3.1.1.aln   -            341   8.8e-87  286.8  18.3   1   1   2.5e-88   1.1e-86  286.5  18.3     1   341    11   382    11   382 1.00 -
d2v2ff_e.3.1.1       -            384 d1ei5a3e.3.1.1.aln   -            341   1.7e-85  282.6  22.4   1   1   4.4e-87   1.9e-85  282.4  22.4     2   340     9   371     8   372 0.99 -
d2dcfa1e.3.1.1       -            388 d1ei5a3e.3.1.1.aln   -            341   8.9e-84  276.9   0.0   1   1   2.3e-85     1e-83  276.8   0.0     1   341     5   371     5   371 1.00 -
d1ci9a_e.3.1.1       -            377 d1ei5a3e.3.1.1.aln   -            341   9.5e-84  276.8   0.0   1   1   2.4e-85   1.1e-83  276.7   0.0     2   340     3   365     2   366 0.99 -
d1qmea4e.3.1.1       -            357 d1ei5a3e.3.1.1.aln   -            341   1.9e-83  275.9   7.2   1   1   4.7e-85   2.1e-83  275.7   7.2     1   341     6   354     6   354 1.00 -
d1vqqa3e.3.1.1       -            341 d1ei5a3e.3.1.1.aln   -            341   4.6e-82  271.3  16.9   1   1   1.2e-83   5.2e-82  271.1  16.9     4   341     1   341     1   341 0.99 -
d1tvfa2e.3.1.1       -            301 d1ei5a3e.3.1.1.aln   -            341   1.9e-72  239.6  19.1   1   1   4.9e-74   2.2e-72  239.5  19.1     2   318     6   301     5   301 0.99 -
d1e25a_e.3.1.1       -            278 d1ei5a3e.3.1.1.aln   -            341   1.8e-66  220.0   0.1   1   1   4.5e-68     2e-66  219.9   0.1    19   318     3   275     1   278 0.98 -
d1xp4a2e.3.1.1       -            269 d1ei5a3e.3.1.1.aln   -            341   6.8e-57  188.5   7.3   1   1   1.7e-58   7.6e-57  188.4   7.3    26   318     2   269     1   269 0.99 -
d1es5a_e.3.1.1       -            260 d1ei5a3e.3.1.1.aln   -            341   2.9e-51  170.0  14.9   1   1   7.3e-53   3.2e-51  169.9  14.9    25   317     2   260     1   260 0.99 -
d2p74a_e.3.1.1       -            263 d1ei5a3e.3.1.1.aln   -            341   1.2e-50  168.0   1.4   1   1   2.9e-52   1.3e-50  167.9   1.4    17   313     2   262     1   263 0.98 -
d1xa1a_e.3.1.1       -            246 d1ei5a3e.3.1.1.aln   -            341   1.3e-50  167.9  13.2   1   1   3.2e-52   1.4e-50  167.8  13.2    36   318     1   246     1   246 0.99 -
d1alqa_e.3.1.1       -            263 d1ei5a3e.3.1.1.aln   -            341   2.4e-48  160.4   8.8   1   1   6.1e-50   2.7e-48  160.3   8.8    21   309     2   263     1   263 0.99 -
d1ei5a3e.3.1.1       -            333 d1ei5a3e.3.1.1.aln   -            341   4.2e-07   24.8   0.0   1   2   1.3e-07   5.7e-06   21.1   0.0    21    83    21    83    17   106 0.93 -
d1ei5a3e.3.1.1       -            333 d1ei5a3e.3.1.1.aln   -            341   4.2e-07   24.8   0.0   2   2      0.12       5.2    1.5   0.0   137   182   143   188   137   195 0.89 -
#
# Program:         hmmsearch
# Version:         3.3.2 (Nov 2020)
# Pipeline mode:   SEARCH
# Query file:      /home/elise/Documents/M1-BIM/S2/TMEs/SBAS/tme08/models/scop30/d1ei5a3e.3.1.1.aln.hmm
# Target file:     /home/elise/Documents/M1-BIM/S2/TMEs/SBAS/tme08/scop/scop/scopTestSeq.fasta
# Option settings: hmmsearch --domtblout /home/elise/Documents/M1-BIM/S2/TMEs/SBAS/tme08/searchResults/scop30/d1ei5a3e.3.1.1.aln.out -E 1 /home/elise/Documents/M1-BIM/S2/TMEs/SBAS/tme08/models/scop30/d1ei5a3e.3.1.1.aln.hmm /home/elise/Documents/M1-BIM/S2/TMEs/SBAS/tme08/scop/scop/scopTestSeq.fasta 
# Current dir:     /home/elise/Documents/M1-BIM/S2/TMEs/SBAS/tme08
# Date:            Thu Apr 10 10:02:16 2025
# [ok]
