#                                                                            --- full sequence --- -------------- this domain -------------   hmm coord   ali coord   env coord
# target name        accession   tlen query name           accession   qlen   E-value  score  bias   #  of  c-Evalue  i-Evalue  score  bias  from    to  from    to  from    to  acc description of target
#------------------- ---------- ----- -------------------- ---------- ----- --------- ------ ----- --- --- --------- --------- ------ ----- ----- ----- ----- ----- ----- ----- ---- ---------------------
d1ofda2c.1.4.1       -            809 d1ep3a_c.1.4.1.aln   -            719         0 1275.9   0.0   1   1         0         0 1275.7   0.0     1   719     1   809     1   809 1.00 -
d1djqa1c.1.4.1       -            340 d1ep3a_c.1.4.1.aln   -            719  1.3e-100  332.9   0.0   1   1  1.5e-102  1.5e-100  332.8   0.0   355   688     1   340     1   340 0.99 -
d1vyra_c.1.4.1       -            363 d1ep3a_c.1.4.1.aln   -            719   2.8e-94  312.0   0.0   1   1   3.1e-96   3.1e-94  311.9   0.0   352   695     2   362     1   363 0.99 -
d1p4ca_c.1.4.1       -            353 d1ep3a_c.1.4.1.aln   -            719   1.2e-93  309.9   0.0   1   1   1.4e-95   1.4e-93  309.7   0.0   351   683     1   352     1   353 0.99 -
d1vhna_c.1.4.1       -            305 d1ep3a_c.1.4.1.aln   -            719   2.5e-85  282.4   0.0   1   1   2.8e-87   2.7e-85  282.3   0.0   377   683     2   303     1   305 0.99 -
d1p0ka_c.1.4.1       -            329 d1ep3a_c.1.4.1.aln   -            719   3.8e-85  281.8   0.1   1   1   4.3e-87   4.3e-85  281.6   0.1   385   703     1   328     1   329 0.99 -
d2e6fa_c.1.4.1       -            312 d1ep3a_c.1.4.1.aln   -            719   3.5e-84  278.6   0.0   1   1   3.9e-86   3.9e-84  278.5   0.0   363   682     1   311     1   312 0.99 -
d1gtea2c.1.4.1       -            312 d1ep3a_c.1.4.1.aln   -            719   1.3e-80  266.8   0.0   1   1   1.5e-82   1.4e-80  266.7   0.0   366   682     2   311     1   312 0.99 -
#
# Program:         hmmsearch
# Version:         3.3.2 (Nov 2020)
# Pipeline mode:   SEARCH
# Query file:      /home/elise/Documents/M1-BIM/S2/TMEs/SBAS/tme08/models/scop30/d1ep3a_c.1.4.1.aln.hmm
# Target file:     /home/elise/Documents/M1-BIM/S2/TMEs/SBAS/tme08/scop/scop/scopTestSeq.fasta
# Option settings: hmmsearch --domtblout /home/elise/Documents/M1-BIM/S2/TMEs/SBAS/tme08/searchResults/scop30/d1ep3a_c.1.4.1.aln.out -E 1 /home/elise/Documents/M1-BIM/S2/TMEs/SBAS/tme08/models/scop30/d1ep3a_c.1.4.1.aln.hmm /home/elise/Documents/M1-BIM/S2/TMEs/SBAS/tme08/scop/scop/scopTestSeq.fasta 
# Current dir:     /home/elise/Documents/M1-BIM/S2/TMEs/SBAS/tme08
# Date:            Thu Apr 10 10:02:16 2025
# [ok]
