#                                                                            --- full sequence --- -------------- this domain -------------   hmm coord   ali coord   env coord
# target name        accession   tlen query name           accession   qlen   E-value  score  bias   #  of  c-Evalue  i-Evalue  score  bias  from    to  from    to  from    to  acc description of target
#------------------- ---------- ----- -------------------- ---------- ----- --------- ------ ----- --- --- --------- --------- ------ ----- ----- ----- ----- ----- ----- ----- ---- ---------------------
d3s26a_b.60.1.1      -            176 d1epba_b.60.1.1.aln  -            167   3.2e-53  175.8   0.1   1   1   6.2e-55   3.5e-53  175.6   0.1     2   166     5   175     4   176 0.98 -
d1kxoa_b.60.1.1      -            171 d1epba_b.60.1.1.aln  -            167   4.4e-53  175.3   0.5   1   1   8.7e-55   4.9e-53  175.2   0.5     1   165     4   170     4   171 0.99 -
d1i4ua_b.60.1.1      -            181 d1epba_b.60.1.1.aln  -            167   1.3e-51  170.5   0.7   1   1   2.6e-53   1.5e-51  170.4   0.7     2   167    14   177    13   177 0.99 -
d1kt7a_b.60.1.1      -            175 d1epba_b.60.1.1.aln  -            167   4.7e-51  168.7   0.1   1   1   9.2e-53   5.2e-51  168.6   0.1     2   164     3   175     2   175 0.99 -
d3kffa_b.60.1.1      -            152 d1epba_b.60.1.1.aln  -            167   1.7e-50  166.9   0.2   1   1   3.4e-52   1.9e-50  166.7   0.2    15   166     2   151     1   152 0.98 -
d3saoa_b.60.1.1      -            155 d1epba_b.60.1.1.aln  -            167   4.8e-49  162.2   0.3   1   1   9.5e-51   5.3e-49  162.0   0.3    17   166     1   149     1   150 0.99 -
d1lf7a_b.60.1.1      -            171 d1epba_b.60.1.1.aln  -            167   3.5e-48  159.4   0.0   1   1   6.8e-50   3.9e-48  159.2   0.0     3   166     2   162     1   163 0.99 -
d1qfta_b.60.1.1      -            175 d1epba_b.60.1.1.aln  -            167   1.4e-44  147.6   8.3   1   1   2.8e-46   1.6e-44  147.5   8.3     2   166     8   174     7   175 0.99 -
d1qwda_b.60.1.1      -            167 d1epba_b.60.1.1.aln  -            167   2.4e-43  143.6   0.0   1   1   4.8e-45   2.7e-43  143.5   0.0     2   161    13   167    12   167 0.99 -
d1x8qa_b.60.1.1      -            184 d1epba_b.60.1.1.aln  -            167   5.5e-42  139.2   5.9   1   1   1.1e-43   6.1e-42  139.0   5.9     1   167     1   175     1   175 0.99 -
d1dzka_b.60.1.1      -            148 d1epba_b.60.1.1.aln  -            167   7.3e-41  135.5   0.2   1   1   1.4e-42     8e-41  135.4   0.2    18   165     2   148     1   148 0.99 -
d1xkia_b.60.1.1      -            139 d1epba_b.60.1.1.aln  -            167   9.1e-37  122.2   0.0   1   1   1.8e-38     1e-36  122.1   0.0    18   159     1   138     1   139 0.99 -
d2joza1b.60.1.1      -            126 d1epba_b.60.1.1.aln  -            167   3.8e-26   87.7   0.2   1   1   7.3e-28   4.1e-26   87.6   0.2    19   154     2   125     1   126 0.98 -
d1epba_b.60.1.1      -            160 d1epba_b.60.1.1.aln  -            167   4.2e-16   55.0   0.1   1   1   1.1e-17   6.2e-16   54.5   0.1    12   159     2   148     1   154 0.92 -
#
# Program:         hmmsearch
# Version:         3.3.2 (Nov 2020)
# Pipeline mode:   SEARCH
# Query file:      /home/elise/Documents/M1-BIM/S2/TMEs/SBAS/tme08/models/scop30/d1epba_b.60.1.1.aln.hmm
# Target file:     /home/elise/Documents/M1-BIM/S2/TMEs/SBAS/tme08/scop/scop/scopTestSeq.fasta
# Option settings: hmmsearch --domtblout /home/elise/Documents/M1-BIM/S2/TMEs/SBAS/tme08/searchResults/scop30/d1epba_b.60.1.1.aln.out -E 1 /home/elise/Documents/M1-BIM/S2/TMEs/SBAS/tme08/models/scop30/d1epba_b.60.1.1.aln.hmm /home/elise/Documents/M1-BIM/S2/TMEs/SBAS/tme08/scop/scop/scopTestSeq.fasta 
# Current dir:     /home/elise/Documents/M1-BIM/S2/TMEs/SBAS/tme08
# Date:            Thu Apr 10 10:02:16 2025
# [ok]
