#                                                                            --- full sequence --- -------------- this domain -------------   hmm coord   ali coord   env coord
# target name        accession   tlen query name           accession   qlen   E-value  score  bias   #  of  c-Evalue  i-Evalue  score  bias  from    to  from    to  from    to  acc description of target
#------------------- ---------- ----- -------------------- ---------- ----- --------- ------ ----- --- --- --------- --------- ------ ----- ----- ----- ----- ----- ----- ----- ---- ---------------------
d1vr5a1c.94.1.1      -            535 d1eu8a_c.94.1.1.aln  -            357   6.5e-86  284.4   5.5   1   2       9.7   2.5e+02   -3.5   0.0   211   232    15    36    14    38 0.86 -
d1vr5a1c.94.1.1      -            535 d1eu8a_c.94.1.1.aln  -            357   6.5e-86  284.4   5.5   2   2   2.5e-87   6.5e-86  284.4   5.5     2   357   111   500   110   500 0.99 -
d1jeta_c.94.1.1      -            517 d1eu8a_c.94.1.1.aln  -            357   5.4e-82  271.5  12.3   1   1   2.8e-83   7.2e-82  271.1  12.3     2   357   136   495   135   495 0.99 -
d2nooa_c.94.1.1      -            496 d1eu8a_c.94.1.1.aln  -            357   3.3e-81  268.9   0.3   1   1   1.5e-82   4.1e-81  268.6   0.3     1   357   106   477   106   477 0.99 -
d1xoca1c.94.1.1      -            504 d1eu8a_c.94.1.1.aln  -            357   6.5e-79  261.3  16.4   1   1   3.7e-80   9.7e-79  260.8  16.4     2   357   115   483   114   483 0.99 -
d3vlva_c.94.1.1      -            490 d1eu8a_c.94.1.1.aln  -            357   6.4e-78  258.1   8.5   1   1   2.9e-79   7.6e-78  257.8   8.5     1   357    93   466    93   466 0.99 -
d1uqwa_c.94.1.1      -            487 d1eu8a_c.94.1.1.aln  -            357   9.6e-78  257.5  11.6   1   1   4.8e-79   1.3e-77  257.1  11.6     2   357   110   468   109   468 0.99 -
d1ursa_c.94.1.1      -            367 d1eu8a_c.94.1.1.aln  -            357   5.4e-72  238.6  10.6   1   1   2.3e-73     6e-72  238.5  10.6     2   356     3   366     2   367 0.99 -
d3thia_c.94.1.1      -            362 d1eu8a_c.94.1.1.aln  -            357   2.7e-67  223.2   0.8   1   1   1.1e-68     3e-67  223.0   0.8     8   357     3   361     1   361 0.99 -
d1pb7a_c.94.1.1      -            289 d1eu8a_c.94.1.1.aln  -            357     2e-55  184.2   0.0   1   1   8.4e-57   2.2e-55  184.0   0.0    20   310     2   289     1   289 0.99 -
d1r9la_c.94.1.1      -            309 d1eu8a_c.94.1.1.aln  -            357   1.2e-51  171.8   9.8   1   1     5e-53   1.3e-51  171.6   9.8     2   306     3   309     2   309 0.99 -
d1q35a_c.94.1.1      -            318 d1eu8a_c.94.1.1.aln  -            357   1.8e-51  171.2   1.4   1   1   7.6e-53     2e-51  171.0   1.4     1   313     2   318     2   318 0.99 -
d1sbpa_c.94.1.1      -            309 d1eu8a_c.94.1.1.aln  -            357   1.5e-47  158.3   7.9   1   1   6.1e-49   1.6e-47  158.2   7.9     7   307     2   308     1   309 0.99 -
d1ixha_c.94.1.1      -            321 d1eu8a_c.94.1.1.aln  -            357   6.1e-47  156.3  10.3   1   1   2.6e-48   6.8e-47  156.1  10.3     2   308    13   320    12   321 0.99 -
d1us5a_c.94.1.1      -            298 d1eu8a_c.94.1.1.aln  -            357   8.5e-46  152.5   1.0   1   1   3.6e-47   9.4e-46  152.4   1.0     7   305     2   298     1   298 0.99 -
d2nxoa1c.94.1.1      -            277 d1eu8a_c.94.1.1.aln  -            357   1.4e-44  148.5   0.0   1   1   5.9e-46   1.6e-44  148.4   0.0    17   300     1   274     1   276 0.97 -
d1nnfa_c.94.1.1      -            308 d1eu8a_c.94.1.1.aln  -            357   6.5e-42  139.8  11.0   1   1   2.7e-43   7.1e-42  139.6  11.0     6   304     1   305     1   308 0.99 -
d1xt8a1c.94.1.1      -            248 d1eu8a_c.94.1.1.aln  -            357   5.2e-37  123.6   4.0   1   1   2.2e-38   5.9e-37  123.5   4.0    14   259     3   245     1   247 0.98 -
d2czla1c.94.1.1      -            270 d1eu8a_c.94.1.1.aln  -            357   6.2e-36  120.1   0.0   1   1   2.7e-37   7.2e-36  119.9   0.0    20   301     3   267     1   269 0.97 -
d1sw5a_c.94.1.1      -            270 d1eu8a_c.94.1.1.aln  -            357     4e-34  114.2   3.3   1   1   1.7e-35   4.4e-34  114.0   3.3    13   283     3   269     1   270 0.99 -
d2i6ea1c.94.1.1      -            272 d1eu8a_c.94.1.1.aln  -            357   5.1e-33  110.5   0.0   1   1   2.2e-34   5.8e-33  110.3   0.0    19   292     2   269     1   271 0.96 -
d1al3a_c.94.1.1      -            237 d1eu8a_c.94.1.1.aln  -            357   6.4e-32  106.9   0.0   1   1   2.7e-33     7e-32  106.8   0.0    15   275     2   233     1   237 0.98 -
d1twya_c.94.1.1      -            249 d1eu8a_c.94.1.1.aln  -            357     5e-30  100.7   0.3   1   1   2.1e-31   5.5e-30  100.6   0.3     3   266     2   248     1   249 0.98 -
d1ii5a_c.94.1.1      -            226 d1eu8a_c.94.1.1.aln  -            357   5.8e-27   90.6   0.2   1   1   2.4e-28   6.4e-27   90.5   0.2    17   259     2   225     1   226 0.98 -
d2ozza1c.94.1.1      -            228 d1eu8a_c.94.1.1.aln  -            357   2.1e-26   88.8   0.0   1   1   8.5e-28   2.2e-26   88.7   0.0    19   265     3   227     1   228 0.98 -
d1atga_c.94.1.1      -            231 d1eu8a_c.94.1.1.aln  -            357   2.7e-24   81.9   2.7   1   1   1.1e-25     3e-24   81.7   2.7    23   264     3   230     1   231 0.96 -
d2esna2c.94.1.1      -            212 d1eu8a_c.94.1.1.aln  -            357   5.1e-23   77.7   0.0   1   1   2.1e-24   5.6e-23   77.5   0.0    12   255     1   210     1   212 0.97 -
d1i6aa_c.94.1.1      -            212 d1eu8a_c.94.1.1.aln  -            357   9.7e-20   66.9   0.0   1   1   4.1e-21   1.1e-19   66.7   0.0    16   263     2   212     1   212 0.98 -
d2qmwa1c.94.1.1      -            184 d1eu8a_c.94.1.1.aln  -            357   4.2e-17   58.2   0.2   1   1   1.9e-18   5.1e-17   57.9   0.2    23   251     2   182     1   183 0.97 -
d1ixca2c.94.1.1      -            205 d1eu8a_c.94.1.1.aln  -            357   7.5e-14   47.5   0.0   1   1   3.2e-15   8.4e-14   47.4   0.0    19   267     2   204     1   205 0.91 -
d1ve4a1c.94.1.1      -            206 d1eu8a_c.94.1.1.aln  -            357   4.1e-12   41.8   0.0   1   1   1.9e-13   4.9e-12   41.6   0.0    19   256     2   196     1   203 0.97 -
#
# Program:         hmmsearch
# Version:         3.3.2 (Nov 2020)
# Pipeline mode:   SEARCH
# Query file:      /home/elise/Documents/M1-BIM/S2/TMEs/SBAS/tme08/models/scop30/d1eu8a_c.94.1.1.aln.hmm
# Target file:     /home/elise/Documents/M1-BIM/S2/TMEs/SBAS/tme08/scop/scop/scopTestSeq.fasta
# Option settings: hmmsearch --domtblout /home/elise/Documents/M1-BIM/S2/TMEs/SBAS/tme08/searchResults/scop30/d1eu8a_c.94.1.1.aln.out -E 1 /home/elise/Documents/M1-BIM/S2/TMEs/SBAS/tme08/models/scop30/d1eu8a_c.94.1.1.aln.hmm /home/elise/Documents/M1-BIM/S2/TMEs/SBAS/tme08/scop/scop/scopTestSeq.fasta 
# Current dir:     /home/elise/Documents/M1-BIM/S2/TMEs/SBAS/tme08
# Date:            Thu Apr 10 10:02:16 2025
# [ok]
