#                                                                            --- full sequence --- -------------- this domain -------------   hmm coord   ali coord   env coord
# target name        accession   tlen query name           accession   qlen   E-value  score  bias   #  of  c-Evalue  i-Evalue  score  bias  from    to  from    to  from    to  acc description of target
#------------------- ---------- ----- -------------------- ---------- ----- --------- ------ ----- --- --- --------- --------- ------ ----- ----- ----- ----- ----- ----- ----- ---- ---------------------
d1ks9a2c.2.1.6       -            167 d1evya2c.2.1.6.aln   -            167     1e-46  154.4   0.0   1   1   2.8e-48   1.2e-46  154.2   0.0     1   167     1   167     1   167 1.00 -
d1mv8a2c.2.1.6       -            202 d1evya2c.2.1.6.aln   -            167   7.6e-46  151.5   0.0   1   1   2.1e-47   8.5e-46  151.4   0.0     1   166     1   193     1   194 0.99 -
d1f0ya2c.2.1.6       -            192 d1evya2c.2.1.6.aln   -            167   1.6e-44  147.2   0.8   1   1   4.3e-46   1.8e-44  147.1   0.8     1   166     5   188     5   189 0.99 -
d1bg6a2c.2.1.6       -            184 d1evya2c.2.1.6.aln   -            167   3.9e-43  142.7   0.2   1   1     1e-44   4.3e-43  142.6   0.2     2   165     3   174     2   176 0.99 -
d1txga2c.2.1.6       -            180 d1evya2c.2.1.6.aln   -            167     7e-42  138.6   0.0   1   1   1.9e-43   7.9e-42  138.5   0.0     1   166     1   171     1   172 0.99 -
d1lj8a4c.2.1.6       -            286 d1evya2c.2.1.6.aln   -            167   7.1e-41  135.4   0.0   1   1     2e-42   8.5e-41  135.1   0.0     2   167    31   218    30   218 0.99 -
d1dlja2c.2.1.6       -            196 d1evya2c.2.1.6.aln   -            167   2.2e-40  133.8   0.0   1   1     6e-42   2.5e-40  133.6   0.0     1   167     1   188     1   188 0.99 -
d1vpda2c.2.1.6       -            161 d1evya2c.2.1.6.aln   -            167   2.7e-40  133.5   0.8   1   1   7.2e-42     3e-40  133.3   0.8     1   166     1   160     1   161 0.99 -
d2ahra2c.2.1.6       -            152 d1evya2c.2.1.6.aln   -            167   1.2e-38  128.1   0.1   1   1   3.2e-40   1.3e-38  128.0   0.1     1   154     1   151     1   152 0.99 -
d1yqga2c.2.1.6       -            152 d1evya2c.2.1.6.aln   -            167   1.5e-38  127.8   0.2   1   1   4.1e-40   1.7e-38  127.6   0.2     1   154     1   152     1   152 0.96 -
d1jaya_c.2.1.6       -            212 d1evya2c.2.1.6.aln   -            167   2.5e-38  127.1   0.1   1   1   6.7e-40   2.8e-38  126.9   0.1     1   165     1   193     1   195 0.99 -
d2f1ka2c.2.1.6       -            165 d1evya2c.2.1.6.aln   -            167   3.2e-38  126.7   0.0   1   1   8.7e-40   3.6e-38  126.6   0.0     1   166     1   165     1   165 0.99 -
d2i76a2c.2.1.6       -            153 d1evya2c.2.1.6.aln   -            167   2.6e-36  120.5   0.0   1   1   6.8e-38   2.8e-36  120.4   0.0     3   157     2   153     1   153 0.98 -
d1i36a2c.2.1.6       -            152 d1evya2c.2.1.6.aln   -            167   9.9e-36  118.6   0.2   1   1   2.7e-37   1.1e-35  118.5   0.2     2   163     2   152     1   152 0.99 -
d2pv7a2c.2.1.6       -            152 d1evya2c.2.1.6.aln   -            167   4.8e-31  103.4   0.0   1   1   1.3e-32   5.5e-31  103.2   0.0     7   166     1   152     1   152 0.99 -
d1gpja2c.2.1.7       -            159 d1evya2c.2.1.6.aln   -            167   0.00023   16.6   2.1   1   1     1e-05   0.00041   15.8   2.1     2    61    26   117    25   156 0.66 -
d3l77a_c.2.1.0       -            235 d1evya2c.2.1.6.aln   -            167     0.001   14.5   0.1   1   1   3.6e-05    0.0015   13.9   0.1     1    48     2    58     2    88 0.82 -
d1vm6a3c.2.1.3       -            129 d1evya2c.2.1.6.aln   -            167    0.0011   14.3   0.1   1   1   4.3e-05    0.0018   13.7   0.1     1    28     1    29     1    34 0.96 -
d1evya2c.2.1.6       -            189 d1evya2c.2.1.6.aln   -            167    0.0037   12.7   0.0   1   1   0.00013    0.0056   12.1   0.0     5    48    12    74    10    89 0.78 -
#
# Program:         hmmsearch
# Version:         3.3.2 (Nov 2020)
# Pipeline mode:   SEARCH
# Query file:      /home/elise/Documents/M1-BIM/S2/TMEs/SBAS/tme08/models/scop30/d1evya2c.2.1.6.aln.hmm
# Target file:     /home/elise/Documents/M1-BIM/S2/TMEs/SBAS/tme08/scop/scop/scopTestSeq.fasta
# Option settings: hmmsearch --domtblout /home/elise/Documents/M1-BIM/S2/TMEs/SBAS/tme08/searchResults/scop30/d1evya2c.2.1.6.aln.out -E 1 /home/elise/Documents/M1-BIM/S2/TMEs/SBAS/tme08/models/scop30/d1evya2c.2.1.6.aln.hmm /home/elise/Documents/M1-BIM/S2/TMEs/SBAS/tme08/scop/scop/scopTestSeq.fasta 
# Current dir:     /home/elise/Documents/M1-BIM/S2/TMEs/SBAS/tme08
# Date:            Thu Apr 10 10:02:16 2025
# [ok]
