#                                                                            --- full sequence --- -------------- this domain -------------   hmm coord   ali coord   env coord
# target name        accession   tlen query name           accession   qlen   E-value  score  bias   #  of  c-Evalue  i-Evalue  score  bias  from    to  from    to  from    to  acc description of target
#------------------- ---------- ----- -------------------- ---------- ----- --------- ------ ----- --- --- --------- --------- ------ ----- ----- ----- ----- ----- ----- ----- ---- ---------------------
d1p1ja1c.2.1.3       -            411 d1f06a1c.2.1.3.aln   -            251   2.4e-76  252.1   0.0   1   1     9e-78     3e-76  251.8   0.0     1   251     8   276     8   276 1.00 -
d1gr0a1c.2.1.3       -            244 d1f06a1c.2.1.3.aln   -            251   2.4e-58  193.1   0.9   1   1   8.1e-60   2.7e-58  192.9   0.9     1   223     1   244     1   244 0.99 -
d3cina1c.2.1.3       -            276 d1f06a1c.2.1.3.aln   -            251   7.6e-56  184.9   0.0   1   1   2.7e-57   8.8e-56  184.7   0.0     1   231     1   276     1   276 1.00 -
d2nvwa1c.2.1.3       -            238 d1f06a1c.2.1.3.aln   -            251   1.8e-55  183.7   0.0   1   1   6.1e-57     2e-55  183.5   0.0    36   251     1   238     1   238 0.99 -
d1h6da1c.2.1.3       -            222 d1f06a1c.2.1.3.aln   -            251   1.6e-52  174.0   0.0   1   1   5.2e-54   1.7e-52  173.9   0.0    19   218     1   220     1   222 0.99 -
d1qkia1c.2.1.3       -            204 d1f06a1c.2.1.3.aln   -            251   1.3e-43  144.8   0.0   1   1   4.3e-45   1.4e-43  144.7   0.0    31   224     1   203     1   204 0.99 -
d1ydwa1c.2.1.3       -            185 d1f06a1c.2.1.3.aln   -            251   6.8e-41  135.9   0.0   1   1   2.3e-42   7.5e-41  135.8   0.0    51   226     1   184     1   185 0.99 -
d1zh8a1c.2.1.3       -            182 d1f06a1c.2.1.3.aln   -            251   1.9e-35  118.1   0.0   1   1   6.2e-37     2e-35  118.0   0.0    50   227     2   182     1   182 0.99 -
d1tlta1c.2.1.3       -            165 d1f06a1c.2.1.3.aln   -            251   1.8e-34  114.9   0.0   1   1     6e-36     2e-34  114.8   0.0    51   218     1   164     1   165 0.98 -
d1xeaa1c.2.1.3       -            168 d1f06a1c.2.1.3.aln   -            251   1.4e-32  108.7   0.0   1   1   4.6e-34   1.5e-32  108.6   0.0    52   219     2   168     1   168 0.99 -
d1e5qa1c.2.1.3       -            183 d1f06a1c.2.1.3.aln   -            251   5.1e-32  106.8   0.5   1   1   1.7e-33   5.6e-32  106.7   0.5    37   218     2   182     1   183 0.99 -
d1lc0a1c.2.1.3       -            173 d1f06a1c.2.1.3.aln   -            251   1.8e-29   98.5   0.0   1   1   6.4e-31   2.1e-29   98.3   0.0    45   217     1   171     1   172 0.98 -
d1h9aa1c.2.1.3       -            196 d1f06a1c.2.1.3.aln   -            251   2.2e-28   95.0   0.1   1   1   7.4e-30   2.4e-28   94.8   0.1    46   223     1   195     1   196 0.99 -
d1drua1c.2.1.3       -            161 d1f06a1c.2.1.3.aln   -            251   1.1e-27   92.7   0.1   1   1   3.9e-29   1.3e-27   92.4   0.1    50   212     2   159     1   160 0.98 -
d2g82a1c.2.1.3       -            169 d1f06a1c.2.1.3.aln   -            251   5.7e-26   87.0   0.2   1   1   2.1e-27   6.9e-26   86.8   0.2    52   218     1   167     1   168 0.98 -
d1vkna1c.2.1.3       -            177 d1f06a1c.2.1.3.aln   -            251   2.5e-25   84.9   0.0   1   1     9e-27     3e-25   84.7   0.0    50   216     1   175     1   176 0.98 -
d1cf2o1c.2.1.3       -            172 d1f06a1c.2.1.3.aln   -            251   1.2e-24   82.7   0.9   1   1     4e-26   1.3e-24   82.5   0.9    51   213     1   170     1   172 0.98 -
d1ebfa1c.2.1.3       -            169 d1f06a1c.2.1.3.aln   -            251   1.6e-24   82.2   0.2   1   1   5.9e-26   1.9e-24   82.0   0.2    48   217     1   167     1   168 0.99 -
d1nvmb1c.2.1.3       -            158 d1f06a1c.2.1.3.aln   -            251   1.9e-24   82.1   0.2   1   1   6.2e-26     2e-24   81.9   0.2    49   211     2   157     1   158 0.95 -
d1t4ba1c.2.1.3       -            147 d1f06a1c.2.1.3.aln   -            251   2.4e-24   81.7   0.0   1   1   7.7e-26   2.5e-24   81.6   0.0    50   196     1   145     1   147 0.96 -
d1q0qa2c.2.1.3       -            152 d1f06a1c.2.1.3.aln   -            251   5.9e-22   73.9   0.0   1   1     2e-23   6.5e-22   73.7   0.0    50   208     1   152     1   152 0.99 -
d1yl7a1c.2.1.3       -            136 d1f06a1c.2.1.3.aln   -            251   3.2e-17   58.3   0.0   1   1   1.3e-18   4.3e-17   58.0   0.0    53   210     2   134     1   136 0.98 -
d1j5pa4c.2.1.3       -            133 d1f06a1c.2.1.3.aln   -            251   8.7e-15   50.4   0.0   1   1   3.2e-16   1.1e-14   50.1   0.0    50   200     1   124     1   133 0.94 -
d1vm6a3c.2.1.3       -            129 d1f06a1c.2.1.3.aln   -            251   1.4e-14   49.7   0.0   1   1   2.2e-15   7.4e-14   47.4   0.0    52   209     2   127     1   128 0.96 -
#
# Program:         hmmsearch
# Version:         3.3.2 (Nov 2020)
# Pipeline mode:   SEARCH
# Query file:      /home/elise/Documents/M1-BIM/S2/TMEs/SBAS/tme08/models/scop30/d1f06a1c.2.1.3.aln.hmm
# Target file:     /home/elise/Documents/M1-BIM/S2/TMEs/SBAS/tme08/scop/scop/scopTestSeq.fasta
# Option settings: hmmsearch --domtblout /home/elise/Documents/M1-BIM/S2/TMEs/SBAS/tme08/searchResults/scop30/d1f06a1c.2.1.3.aln.out -E 1 /home/elise/Documents/M1-BIM/S2/TMEs/SBAS/tme08/models/scop30/d1f06a1c.2.1.3.aln.hmm /home/elise/Documents/M1-BIM/S2/TMEs/SBAS/tme08/scop/scop/scopTestSeq.fasta 
# Current dir:     /home/elise/Documents/M1-BIM/S2/TMEs/SBAS/tme08
# Date:            Thu Apr 10 10:02:16 2025
# [ok]
