#                                                                            --- full sequence --- -------------- this domain -------------   hmm coord   ali coord   env coord
# target name        accession   tlen query name           accession   qlen   E-value  score  bias   #  of  c-Evalue  i-Evalue  score  bias  from    to  from    to  from    to  acc description of target
#------------------- ---------- ----- -------------------- ---------- ----- --------- ------ ----- --- --- --------- --------- ------ ----- ----- ----- ----- ----- ----- ----- ---- ---------------------
d2gv8a1c.3.1.5       -            336 d1fcda2c.3.1.5.aln   -            233   1.2e-75  249.5   0.0   1   1   4.2e-77   1.5e-75  249.1   0.0     1   233    88   324    88   324 1.00 -
d1w4xa1c.3.1.5       -            299 d1fcda2c.3.1.5.aln   -            233     3e-75  248.2   0.0   1   2     0.085         3    2.7   0.0    71   104     5    33     2    36 0.82 -
d1w4xa1c.3.1.5       -            299 d1fcda2c.3.1.5.aln   -            233     3e-75  248.2   0.0   2   2   8.5e-76   3.1e-74  244.9   0.0     1   233    33   269    33   269 1.00 -
d1v59a1c.3.1.5       -            234 d1fcda2c.3.1.5.aln   -            233   2.8e-72  238.5   1.1   1   1   8.5e-74   3.1e-72  238.3   1.1     1   233     1   234     1   234 1.00 -
d1mo9a1c.3.1.5       -            262 d1fcda2c.3.1.5.aln   -            233   4.9e-68  224.5   0.0   1   1   1.7e-69     6e-68  224.3   0.0     1   233    38   262    38   262 0.99 -
d1xdia1c.3.1.5       -            234 d1fcda2c.3.1.5.aln   -            233   2.7e-66  218.8   0.0   1   1   8.5e-68     3e-66  218.7   0.0     5   233     1   233     1   233 0.99 -
d1w4xa2c.3.1.5       -            235 d1fcda2c.3.1.5.aln   -            233     1e-64  213.7   0.0   1   1   3.1e-66   1.1e-64  213.6   0.0     3   231     1   235     1   235 0.98 -
d1m6ia1c.3.1.5       -            214 d1fcda2c.3.1.5.aln   -            233   3.8e-59  195.4   0.0   1   1   1.2e-60   4.2e-59  195.3   0.0     1   214     1   214     1   214 0.99 -
d1nhpa1c.3.1.5       -            199 d1fcda2c.3.1.5.aln   -            233   1.3e-42  141.4   0.0   1   1   3.9e-44   1.4e-42  141.2   0.0     6   198     1   199     1   199 0.98 -
d1fl2a1c.3.1.5       -            185 d1fcda2c.3.1.5.aln   -            233   3.6e-42  139.9   0.5   1   1   1.1e-43     4e-42  139.8   0.5     6   190     2   184     1   185 0.99 -
d1vdca2c.3.1.5       -            130 d1fcda2c.3.1.5.aln   -            233     1e-24   82.8   0.0   1   1   3.1e-26   1.1e-24   82.7   0.0    40   174     2   128     1   130 0.98 -
d1aoga2c.3.1.5       -            117 d1fcda2c.3.1.5.aln   -            233     7e-24   80.1   0.0   1   1   2.2e-25   7.8e-24   79.9   0.0    55   171     2   114     1   116 0.96 -
d1m6ia2c.3.1.5       -            137 d1fcda2c.3.1.5.aln   -            233   4.9e-23   77.3   0.0   1   1   1.5e-24   5.3e-23   77.2   0.0    38   172     2   134     1   137 0.96 -
d1h6va2c.3.1.5       -            122 d1fcda2c.3.1.5.aln   -            233   8.6e-23   76.5   0.0   1   1   2.6e-24   9.4e-23   76.4   0.0    55   183     2   122     1   122 0.97 -
d1onfa2c.3.1.5       -            117 d1fcda2c.3.1.5.aln   -            233   5.1e-21   70.7   0.3   1   1   1.5e-22   5.5e-21   70.6   0.3    53   175     3   117     1   117 0.98 -
d1v59a2c.3.1.5       -            122 d1fcda2c.3.1.5.aln   -            233   1.1e-20   69.6   0.5   1   1   3.3e-22   1.2e-20   69.5   0.5    53   178     3   121     1   122 0.98 -
d1nhpa2c.3.1.5       -            123 d1fcda2c.3.1.5.aln   -            233   2.7e-20   68.3   0.5   1   1   7.9e-22   2.8e-20   68.2   0.5    45   166     2   117     1   123 0.94 -
d1mo9a2c.3.1.5       -            121 d1fcda2c.3.1.5.aln   -            233   2.4e-19   65.2   0.1   1   1   7.4e-21   2.7e-19   65.1   0.1    52   177     2   119     1   120 0.98 -
d1xhca2c.3.1.5       -            122 d1fcda2c.3.1.5.aln   -            233     7e-19   63.7   0.0   1   1   2.3e-20   8.2e-19   63.5   0.0    46   171     5   121     2   122 0.93 -
d1fl2a2c.3.1.5       -            126 d1fcda2c.3.1.5.aln   -            233   2.3e-15   52.2   0.0   1   1   6.8e-17   2.4e-15   52.1   0.0    39   175     1   123     1   126 0.95 -
d2gv8a2c.3.1.5       -            107 d1fcda2c.3.1.5.aln   -            233   4.6e-08   28.3   0.0   1   1   1.4e-09   5.2e-08   28.1   0.0    56   174     3   107     1   107 0.96 -
d2iida1c.3.1.2       -            371 d1fcda2c.3.1.5.aln   -            233   0.00094   14.2   0.0   1   1   4.5e-05    0.0016   13.4   0.0    71   116    28    68    22    75 0.88 -
d1f0ya2c.2.1.6       -            192 d1fcda2c.3.1.5.aln   -            233    0.0039   12.1   1.5   1   2   0.00035     0.012   10.5   1.5    72   168     3   107     1   125 0.64 -
d1f0ya2c.2.1.6       -            192 d1fcda2c.3.1.5.aln   -            233    0.0039   12.1   1.5   2   2       4.4   1.6e+02   -2.9   0.0   188   204   168   184   165   184 0.82 -
#
# Program:         hmmsearch
# Version:         3.3.2 (Nov 2020)
# Pipeline mode:   SEARCH
# Query file:      /home/elise/Documents/M1-BIM/S2/TMEs/SBAS/tme08/models/scop30/d1fcda2c.3.1.5.aln.hmm
# Target file:     /home/elise/Documents/M1-BIM/S2/TMEs/SBAS/tme08/scop/scop/scopTestSeq.fasta
# Option settings: hmmsearch --domtblout /home/elise/Documents/M1-BIM/S2/TMEs/SBAS/tme08/searchResults/scop30/d1fcda2c.3.1.5.aln.out -E 1 /home/elise/Documents/M1-BIM/S2/TMEs/SBAS/tme08/models/scop30/d1fcda2c.3.1.5.aln.hmm /home/elise/Documents/M1-BIM/S2/TMEs/SBAS/tme08/scop/scop/scopTestSeq.fasta 
# Current dir:     /home/elise/Documents/M1-BIM/S2/TMEs/SBAS/tme08
# Date:            Thu Apr 10 10:02:16 2025
# [ok]
