#                                                                            --- full sequence --- -------------- this domain -------------   hmm coord   ali coord   env coord
# target name        accession   tlen query name           accession   qlen   E-value  score  bias   #  of  c-Evalue  i-Evalue  score  bias  from    to  from    to  from    to  acc description of target
#------------------- ---------- ----- -------------------- ---------- ----- --------- ------ ----- --- --- --------- --------- ------ ----- ----- ----- ----- ----- ----- ----- ---- ---------------------
d3fvsa_c.67.1.1      -            419 d1fg7a_c.67.1.1.aln  -            384  2.3e-144  476.4   0.0   1   1  4.2e-146  2.6e-144  476.2   0.0     1   383     2   405     2   406 0.99 -
d1gdea_c.67.1.1      -            388 d1fg7a_c.67.1.1.aln  -            384  5.1e-143  472.0   0.0   1   1  9.4e-145  5.7e-143  471.8   0.0     1   383     2   387     2   388 1.00 -
d2gb3a1c.67.1.1      -            389 d1fg7a_c.67.1.1.aln  -            384  4.8e-135  445.7   0.0   1   1  8.9e-137  5.4e-135  445.5   0.0     1   383     1   383     1   384 0.99 -
d1bw0a_c.67.1.1      -            412 d1fg7a_c.67.1.1.aln  -            384  7.5e-134  441.8   0.0   1   1  1.4e-135  8.4e-134  441.6   0.0     1   383     3   411     3   412 0.99 -
d2hoxa_c.67.1.1      -            425 d1fg7a_c.67.1.1.aln  -            384  3.6e-132  436.3   0.0   1   1  6.6e-134    4e-132  436.1   0.0     1   384     2   417     2   417 1.00 -
d1lc5a_c.67.1.1      -            355 d1fg7a_c.67.1.1.aln  -            384  6.3e-117  386.1   0.0   1   1  1.1e-118    7e-117  385.9   0.0     5   374     2   354     1   355 0.99 -
d1v72a1c.67.1.1      -            345 d1fg7a_c.67.1.1.aln  -            384  1.1e-113  375.4   0.0   1   1    2e-115  1.2e-113  375.3   0.0    24   377     2   344     1   345 0.99 -
d1m6sa_c.67.1.1      -            343 d1fg7a_c.67.1.1.aln  -            384  1.5e-110  365.1   0.0   1   1  2.8e-112  1.7e-110  364.9   0.0    26   382     1   343     1   343 0.99 -
d1svva_c.67.1.1      -            340 d1fg7a_c.67.1.1.aln  -            384  2.1e-110  364.6   0.0   1   1  3.9e-112  2.4e-110  364.4   0.0    27   377     2   340     1   340 0.99 -
d3piua_c.67.1.4      -            416 d1fg7a_c.67.1.1.aln  -            384     1e-17   59.5   0.0   1   1   2.3e-19   1.4e-17   59.1   0.0    78   307    88   332    60   369 0.84 -
d3ftba_c.67.1.0      -            334 d1fg7a_c.67.1.1.aln  -            384   3.2e-16   54.6   0.0   1   1   6.7e-18   4.1e-16   54.2   0.0    83   374    48   330     1   333 0.77 -
d1fg7a_c.67.1.1      -            354 d1fg7a_c.67.1.1.aln  -            384   4.5e-15   50.8   0.0   1   1   8.6e-17   5.2e-15   50.6   0.0    82   299    71   281    60   350 0.79 -
d1o69a_c.67.1.4      -            374 d1fg7a_c.67.1.1.aln  -            384    0.0049   11.2   0.2   1   1   0.00019     0.012    9.9   0.2    70   196    20   144    17   153 0.82 -
#
# Program:         hmmsearch
# Version:         3.3.2 (Nov 2020)
# Pipeline mode:   SEARCH
# Query file:      /home/elise/Documents/M1-BIM/S2/TMEs/SBAS/tme08/models/scop30/d1fg7a_c.67.1.1.aln.hmm
# Target file:     /home/elise/Documents/M1-BIM/S2/TMEs/SBAS/tme08/scop/scop/scopTestSeq.fasta
# Option settings: hmmsearch --domtblout /home/elise/Documents/M1-BIM/S2/TMEs/SBAS/tme08/searchResults/scop30/d1fg7a_c.67.1.1.aln.out -E 1 /home/elise/Documents/M1-BIM/S2/TMEs/SBAS/tme08/models/scop30/d1fg7a_c.67.1.1.aln.hmm /home/elise/Documents/M1-BIM/S2/TMEs/SBAS/tme08/scop/scop/scopTestSeq.fasta 
# Current dir:     /home/elise/Documents/M1-BIM/S2/TMEs/SBAS/tme08
# Date:            Thu Apr 10 10:02:16 2025
# [ok]
