#                                                                            --- full sequence --- -------------- this domain -------------   hmm coord   ali coord   env coord
# target name        accession   tlen query name           accession   qlen   E-value  score  bias   #  of  c-Evalue  i-Evalue  score  bias  from    to  from    to  from    to  acc description of target
#------------------- ---------- ----- -------------------- ---------- ----- --------- ------ ----- --- --- --------- --------- ------ ----- ----- ----- ----- ----- ----- ----- ---- ---------------------
d1v59a1c.3.1.5       -            234 d1fl2a1c.3.1.5.aln   -            220   4.1e-62  205.0   1.4   1   1   1.1e-63   4.5e-62  204.9   1.4     1   220     1   234     1   234 0.99 -
d1mo9a1c.3.1.5       -            262 d1fl2a1c.3.1.5.aln   -            220     7e-62  204.3   0.0   1   1     2e-63   7.8e-62  204.1   0.0     1   220     2   262     2   262 1.00 -
d1w4xa1c.3.1.5       -            299 d1fl2a1c.3.1.5.aln   -            220   1.3e-59  196.9   0.0   1   1   3.8e-61   1.5e-59  196.6   0.0     1   220     5   243     5   243 1.00 -
d1xdia1c.3.1.5       -            234 d1fl2a1c.3.1.5.aln   -            220   1.2e-56  187.1   0.0   1   1   3.5e-58   1.4e-56  186.9   0.0     6   220     2   233     1   233 0.99 -
d2gv8a1c.3.1.5       -            336 d1fl2a1c.3.1.5.aln   -            220   2.4e-56  186.2   0.0   1   1   7.6e-58     3e-56  185.8   0.0     1   220     2   265     2   265 1.00 -
d1m6ia1c.3.1.5       -            214 d1fl2a1c.3.1.5.aln   -            220   1.6e-50  167.1   0.0   1   1   4.6e-52   1.8e-50  166.9   0.0     2   204     2   214     1   214 0.99 -
d1nhpa1c.3.1.5       -            199 d1fl2a1c.3.1.5.aln   -            220   3.3e-47  156.3   0.1   1   1   9.3e-49   3.7e-47  156.1   0.1     6   199     1   199     1   199 0.99 -
d1w4xa2c.3.1.5       -            235 d1fl2a1c.3.1.5.aln   -            220   2.5e-43  143.6   0.0   1   1     7e-45   2.8e-43  143.5   0.0     8   203     2   235     1   235 0.99 -
d1fcda2c.3.1.5       -            141 d1fl2a1c.3.1.5.aln   -            220   4.7e-31  103.5   0.0   1   1   1.3e-32   5.1e-31  103.3   0.0     1   140     3   140     3   141 0.98 -
d1vdca2c.3.1.5       -            130 d1fl2a1c.3.1.5.aln   -            220   3.3e-28   94.2   0.0   1   1     9e-30   3.6e-28   94.0   0.0    10   138     3   128     1   130 0.97 -
d1h6va2c.3.1.5       -            122 d1fl2a1c.3.1.5.aln   -            220   6.7e-27   89.9   0.0   1   1   1.9e-28   7.4e-27   89.8   0.0    11   139     2   122     1   122 0.98 -
d1aoga2c.3.1.5       -            117 d1fl2a1c.3.1.5.aln   -            220   1.4e-26   88.9   0.0   1   1   3.8e-28   1.5e-26   88.7   0.0    10   137     1   116     1   117 0.99 -
d1mo9a2c.3.1.5       -            121 d1fl2a1c.3.1.5.aln   -            220   4.7e-25   83.8   0.2   1   1   1.3e-26     5e-25   83.7   0.2    11   136     3   120     1   121 0.96 -
d1nhpa2c.3.1.5       -            123 d1fl2a1c.3.1.5.aln   -            220   1.5e-24   82.2   0.7   1   1   4.2e-26   1.7e-24   82.1   0.7    14   138     3   123     1   123 0.97 -
d1m6ia2c.3.1.5       -            137 d1fl2a1c.3.1.5.aln   -            220   1.6e-24   82.1   0.1   1   1   4.5e-26   1.8e-24   82.0   0.1     6   139     2   136     1   137 0.98 -
d1xhca2c.3.1.5       -            122 d1fl2a1c.3.1.5.aln   -            220   1.7e-23   78.7   0.2   1   1   4.7e-25   1.9e-23   78.6   0.2    11   138     2   121     1   122 0.97 -
d1v59a2c.3.1.5       -            122 d1fl2a1c.3.1.5.aln   -            220   5.6e-23   77.1   0.8   1   1   1.5e-24   6.1e-23   76.9   0.8     9   138     3   121     1   122 0.97 -
d1onfa2c.3.1.5       -            117 d1fl2a1c.3.1.5.aln   -            220   5.9e-23   77.0   0.3   1   1   1.6e-24   6.4e-23   76.9   0.3     7   138     1   117     1   117 0.98 -
d1fl2a2c.3.1.5       -            126 d1fl2a1c.3.1.5.aln   -            220   6.3e-23   76.9   0.1   1   1   1.7e-24   6.8e-23   76.8   0.1     8   141     1   125     1   126 0.96 -
d2gv8a2c.3.1.5       -            107 d1fl2a1c.3.1.5.aln   -            220     7e-16   53.9   0.0   1   1     2e-17   7.9e-16   53.7   0.0    10   129     1   106     1   106 0.97 -
#
# Program:         hmmsearch
# Version:         3.3.2 (Nov 2020)
# Pipeline mode:   SEARCH
# Query file:      /home/elise/Documents/M1-BIM/S2/TMEs/SBAS/tme08/models/scop30/d1fl2a1c.3.1.5.aln.hmm
# Target file:     /home/elise/Documents/M1-BIM/S2/TMEs/SBAS/tme08/scop/scop/scopTestSeq.fasta
# Option settings: hmmsearch --domtblout /home/elise/Documents/M1-BIM/S2/TMEs/SBAS/tme08/searchResults/scop30/d1fl2a1c.3.1.5.aln.out -E 1 /home/elise/Documents/M1-BIM/S2/TMEs/SBAS/tme08/models/scop30/d1fl2a1c.3.1.5.aln.hmm /home/elise/Documents/M1-BIM/S2/TMEs/SBAS/tme08/scop/scop/scopTestSeq.fasta 
# Current dir:     /home/elise/Documents/M1-BIM/S2/TMEs/SBAS/tme08
# Date:            Thu Apr 10 10:02:16 2025
# [ok]
