#                                                                            --- full sequence --- -------------- this domain -------------   hmm coord   ali coord   env coord
# target name        accession   tlen query name           accession   qlen   E-value  score  bias   #  of  c-Evalue  i-Evalue  score  bias  from    to  from    to  from    to  acc description of target
#------------------- ---------- ----- -------------------- ---------- ----- --------- ------ ----- --- --- --------- --------- ------ ----- ----- ----- ----- ----- ----- ----- ---- ---------------------
d1rtqa_c.56.5.4      -            291 d1fnoa4c.56.5.4.aln  -            288   2.1e-98  324.4   0.5   1   1  3.3e-100   2.3e-98  324.2   0.5     1   288     1   286     1   286 0.99 -
d1r3na1c.56.5.4      -            323 d1fnoa4c.56.5.4.aln  -            288   1.4e-97  321.7   0.0   1   1   2.1e-99   1.5e-97  321.6   0.0     2   288    13   318    12   318 0.99 -
d1z2la1c.56.5.4      -            294 d1fnoa4c.56.5.4.aln  -            288   8.5e-95  312.6   0.0   1   1   1.3e-96   9.4e-95  312.4   0.0     4   288     1   294     1   294 0.99 -
d1y7ea2c.56.5.4      -            323 d1fnoa4c.56.5.4.aln  -            288   4.2e-90  297.1   0.5   1   1   6.6e-92   4.7e-90  297.0   0.5     1   288     9   322     9   322 0.99 -
d1tkja_c.56.5.4      -            277 d1fnoa4c.56.5.4.aln  -            288   2.9e-87  287.9   0.1   1   1   4.4e-89   3.2e-87  287.7   0.1     2   287     1   276     1   277 0.99 -
d1y0ya3c.56.5.4      -            256 d1fnoa4c.56.5.4.aln  -            288   6.3e-81  267.0   0.2   1   1   9.7e-83     7e-81  266.9   0.2     9   286     2   255     1   256 0.99 -
d1lfwa1c.56.5.4      -            273 d1fnoa4c.56.5.4.aln  -            288   3.3e-80  264.7   0.0   1   1   5.2e-82   3.7e-80  264.5   0.0     1   286     7   273     7   273 0.99 -
d1cg2a1c.56.5.4      -            277 d1fnoa4c.56.5.4.aln  -            288   1.4e-79  262.6   0.3   1   1   2.2e-81   1.6e-79  262.5   0.3     1   285     9   275     9   277 0.99 -
d1vgya1c.56.5.4      -            263 d1fnoa4c.56.5.4.aln  -            288     1e-77  256.5   0.0   1   1   1.5e-79   1.1e-77  256.4   0.0     7   283     2   262     1   263 0.99 -
d2grea2c.56.5.4      -            234 d1fnoa4c.56.5.4.aln  -            288   7.7e-66  217.5   2.0   1   1   1.2e-67   8.6e-66  217.4   2.0     5   286     1   234     1   234 0.99 -
d1fnoa4c.56.5.4      -            296 d1fnoa4c.56.5.4.aln  -            288    0.0014   13.2   0.0   1   1   3.1e-05    0.0022   12.5   0.0   111   158   138   182   133   204 0.83 -
#
# Program:         hmmsearch
# Version:         3.3.2 (Nov 2020)
# Pipeline mode:   SEARCH
# Query file:      /home/elise/Documents/M1-BIM/S2/TMEs/SBAS/tme08/models/scop30/d1fnoa4c.56.5.4.aln.hmm
# Target file:     /home/elise/Documents/M1-BIM/S2/TMEs/SBAS/tme08/scop/scop/scopTestSeq.fasta
# Option settings: hmmsearch --domtblout /home/elise/Documents/M1-BIM/S2/TMEs/SBAS/tme08/searchResults/scop30/d1fnoa4c.56.5.4.aln.out -E 1 /home/elise/Documents/M1-BIM/S2/TMEs/SBAS/tme08/models/scop30/d1fnoa4c.56.5.4.aln.hmm /home/elise/Documents/M1-BIM/S2/TMEs/SBAS/tme08/scop/scop/scopTestSeq.fasta 
# Current dir:     /home/elise/Documents/M1-BIM/S2/TMEs/SBAS/tme08
# Date:            Thu Apr 10 10:02:16 2025
# [ok]
