#                                                                            --- full sequence --- -------------- this domain -------------   hmm coord   ali coord   env coord
# target name        accession   tlen query name           accession   qlen   E-value  score  bias   #  of  c-Evalue  i-Evalue  score  bias  from    to  from    to  from    to  acc description of target
#------------------- ---------- ----- -------------------- ---------- ----- --------- ------ ----- --- --- --------- --------- ------ ----- ----- ----- ----- ----- ----- ----- ---- ---------------------
d1ea9c2b.71.1.1      -             80 d1gcya1b.71.1.1.aln  -             82   8.4e-22   72.5   0.1   1   1   2.5e-23     9e-22   72.4   0.1     1    79     1    78     1    80 0.97 -
d1h3ga2b.71.1.1      -             83 d1gcya1b.71.1.1.aln  -             82   8.3e-20   66.2   0.0   1   1   2.5e-21   8.9e-20   66.1   0.0     4    81     2    79     1    80 0.97 -
d1ji1a2b.71.1.1      -             83 d1gcya1b.71.1.1.aln  -             82   5.5e-19   63.6   2.7   1   1   1.6e-20   5.8e-19   63.5   2.7     2    79     2    79     1    82 0.97 -
d1wzaa1b.71.1.1      -             79 d1gcya1b.71.1.1.aln  -             82   6.6e-18   60.1   0.1   1   1     2e-19   7.2e-18   60.0   0.1     2    80     1    78     1    79 0.97 -
d1j0ha2b.71.1.1      -             83 d1gcya1b.71.1.1.aln  -             82     2e-17   58.5   0.0   1   1   6.2e-19   2.2e-17   58.4   0.0     2    81     3    83     2    83 0.98 -
d3bmva3b.71.1.1      -             89 d1gcya1b.71.1.1.aln  -             82   5.3e-17   57.2   2.3   1   1   1.6e-18   5.8e-17   57.1   2.3     2    81     1    87     1    88 0.98 -
d1g5aa1b.71.1.1      -             74 d1gcya1b.71.1.1.aln  -             82   2.7e-16   55.0   0.0   1   1   7.8e-18   2.8e-16   54.9   0.0     7    80     3    73     1    74 0.96 -
d1bf2a2b.71.1.1      -            113 d1gcya1b.71.1.1.aln  -             82     4e-16   54.4   4.2   1   1   1.5e-17   5.4e-16   54.0   4.2     2    81     6    97     5    98 0.97 -
d2guya1b.71.1.1      -             95 d1gcya1b.71.1.1.aln  -             82   6.1e-16   53.8   0.1   1   1   1.9e-17   6.6e-16   53.7   0.1     1    82     1    94     1    94 0.98 -
d1szna1b.71.1.1      -            103 d1gcya1b.71.1.1.aln  -             82   1.8e-15   52.3   0.4   1   1   5.8e-17   2.1e-15   52.1   0.4     1    82    11   100    11   100 0.99 -
d1m7xa2b.71.1.1      -            106 d1gcya1b.71.1.1.aln  -             82   3.5e-15   51.4   0.0   1   1   1.1e-16   4.1e-15   51.2   0.0     2    81     6    97     5    98 0.97 -
d1uasa1b.71.1.1      -             89 d1gcya1b.71.1.1.aln  -             82     6e-15   50.7   0.8   1   1   1.9e-16     7e-15   50.5   0.8     6    80     5    88     2    89 0.96 -
d1mxga1b.71.1.1      -             74 d1gcya1b.71.1.1.aln  -             82   6.1e-15   50.6   2.0   1   1   1.8e-16   6.5e-15   50.6   2.0    11    81     4    73     1    74 0.96 -
d1e43a1b.71.1.1      -             90 d1gcya1b.71.1.1.aln  -             82   7.8e-15   50.3   1.2   1   1   2.4e-16   8.7e-15   50.2   1.2     1    81     3    84     3    85 0.98 -
d1ua7a1b.71.1.1      -             78 d1gcya1b.71.1.1.aln  -             82   9.9e-15   50.0   0.1   1   1   2.9e-16     1e-14   49.9   0.1     5    78     3    77     1    78 0.96 -
d2fhfa4b.71.1.1      -            118 d1gcya1b.71.1.1.aln  -             82   2.6e-13   45.5   0.0   1   1   8.8e-15   3.2e-13   45.2   0.0     1    81    20   106    20   107 0.97 -
d1r7aa1b.71.1.1      -             70 d1gcya1b.71.1.1.aln  -             82   7.1e-12   40.9   0.1   1   1   2.1e-13   7.6e-12   40.8   0.1     3    70     6    69     4    70 0.95 -
d1gjwa1b.71.1.1      -             64 d1gcya1b.71.1.1.aln  -             82   2.5e-11   39.1   0.0   1   1   7.5e-13   2.7e-11   39.0   0.0     7    70     2    63     1    64 0.96 -
d2bhua2b.71.1.1      -             72 d1gcya1b.71.1.1.aln  -             82   1.1e-09   33.8   0.1   1   1   3.4e-11   1.2e-09   33.7   0.1     2    78     2    72     1    72 0.97 -
d1ht6a1b.71.1.1      -             57 d1gcya1b.71.1.1.aln  -             82   1.3e-07   27.3   0.2   1   1   4.1e-09   1.5e-07   27.1   0.2    11    80     2    57     1    57 0.96 -
d1lwha1b.71.1.1      -             50 d1gcya1b.71.1.1.aln  -             82   8.8e-06   21.4   0.0   1   1   2.5e-07   8.9e-06   21.4   0.0     3    34     2    33     1    48 0.93 -
d1kwga1b.71.1.1      -             54 d1gcya1b.71.1.1.aln  -             82   2.1e-05   20.2   0.0   1   1   1.1e-06   3.9e-05   19.3   0.0    13    79     4    53     1    54 0.93 -
#
# Program:         hmmsearch
# Version:         3.3.2 (Nov 2020)
# Pipeline mode:   SEARCH
# Query file:      /home/elise/Documents/M1-BIM/S2/TMEs/SBAS/tme08/models/scop30/d1gcya1b.71.1.1.aln.hmm
# Target file:     /home/elise/Documents/M1-BIM/S2/TMEs/SBAS/tme08/scop/scop/scopTestSeq.fasta
# Option settings: hmmsearch --domtblout /home/elise/Documents/M1-BIM/S2/TMEs/SBAS/tme08/searchResults/scop30/d1gcya1b.71.1.1.aln.out -E 1 /home/elise/Documents/M1-BIM/S2/TMEs/SBAS/tme08/models/scop30/d1gcya1b.71.1.1.aln.hmm /home/elise/Documents/M1-BIM/S2/TMEs/SBAS/tme08/scop/scop/scopTestSeq.fasta 
# Current dir:     /home/elise/Documents/M1-BIM/S2/TMEs/SBAS/tme08
# Date:            Thu Apr 10 10:02:17 2025
# [ok]
