#                                                                            --- full sequence --- -------------- this domain -------------   hmm coord   ali coord   env coord
# target name        accession   tlen query name           accession   qlen   E-value  score  bias   #  of  c-Evalue  i-Evalue  score  bias  from    to  from    to  from    to  acc description of target
#------------------- ---------- ----- -------------------- ---------- ----- --------- ------ ----- --- --- --------- --------- ------ ----- ----- ----- ----- ----- ----- ----- ---- ---------------------
d1euza1c.2.1.7       -            239 d1gpja2c.2.1.7.aln   -            209   1.1e-73  242.9   1.4   1   1   1.5e-75   1.2e-73  242.7   1.4     1   209     4   231     4   231 0.99 -
d3mw9a1c.2.1.7       -            293 d1gpja2c.2.1.7.aln   -            209   8.8e-73  239.9   0.0   1   1   1.3e-74     1e-72  239.7   0.0     2   209     5   285     4   285 0.99 -
d1bgva1c.2.1.7       -            255 d1gpja2c.2.1.7.aln   -            209   1.1e-68  226.5   1.5   1   1   1.6e-70   1.2e-68  226.3   1.5     2   209     9   248     8   248 0.99 -
d1o0sa1c.2.1.7       -            308 d1gpja2c.2.1.7.aln   -            209   4.1e-65  214.8   0.9   1   1     6e-67   4.7e-65  214.6   0.9     1   209     4   280     4   280 0.99 -
d1vl6a1c.2.1.7       -            222 d1gpja2c.2.1.7.aln   -            209   2.6e-64  212.2   0.3   1   1   3.7e-66   2.9e-64  212.0   0.3     1   209     5   215     5   215 0.99 -
d1c1da1c.2.1.7       -            201 d1gpja2c.2.1.7.aln   -            209     8e-64  210.6   2.2   1   1   1.1e-65   8.9e-64  210.5   2.2     5   209     2   201     1   201 0.99 -
d1luaa1c.2.1.7       -            191 d1gpja2c.2.1.7.aln   -            209   1.7e-52  173.6   4.4   1   1   2.4e-54   1.9e-52  173.5   4.4     3   205     1   191     1   191 0.99 -
d1edza1c.2.1.7       -            171 d1gpja2c.2.1.7.aln   -            209   4.7e-47  155.8   0.0   1   1   6.9e-49   5.4e-47  155.6   0.0     1   199     1   170     1   171 0.98 -
d1npya1c.2.1.7       -            167 d1gpja2c.2.1.7.aln   -            209   1.7e-42  140.9   3.8   1   1   3.7e-44   2.9e-42  140.2   3.8     4   205     2   167     1   167 0.99 -
d1nyta1c.2.1.7       -            170 d1gpja2c.2.1.7.aln   -            209   8.3e-41  135.4   0.0   1   1   4.8e-42   3.8e-40  133.3   0.0     3   205     2   170     1   170 0.99 -
#
# Program:         hmmsearch
# Version:         3.3.2 (Nov 2020)
# Pipeline mode:   SEARCH
# Query file:      /home/elise/Documents/M1-BIM/S2/TMEs/SBAS/tme08/models/scop30/d1gpja2c.2.1.7.aln.hmm
# Target file:     /home/elise/Documents/M1-BIM/S2/TMEs/SBAS/tme08/scop/scop/scopTestSeq.fasta
# Option settings: hmmsearch --domtblout /home/elise/Documents/M1-BIM/S2/TMEs/SBAS/tme08/searchResults/scop30/d1gpja2c.2.1.7.aln.out -E 1 /home/elise/Documents/M1-BIM/S2/TMEs/SBAS/tme08/models/scop30/d1gpja2c.2.1.7.aln.hmm /home/elise/Documents/M1-BIM/S2/TMEs/SBAS/tme08/scop/scop/scopTestSeq.fasta 
# Current dir:     /home/elise/Documents/M1-BIM/S2/TMEs/SBAS/tme08
# Date:            Thu Apr 10 10:02:17 2025
# [ok]
