#                                                                            --- full sequence --- -------------- this domain -------------   hmm coord   ali coord   env coord
# target name        accession   tlen query name           accession   qlen   E-value  score  bias   #  of  c-Evalue  i-Evalue  score  bias  from    to  from    to  from    to  acc description of target
#------------------- ---------- ----- -------------------- ---------- ----- --------- ------ ----- --- --- --------- --------- ------ ----- ----- ----- ----- ----- ----- ----- ---- ---------------------
d1kgda_c.37.1.1      -            178 d1gsia_c.37.1.1.aln  -            191   1.2e-51  171.0   0.2   1   1   3.3e-53   1.4e-51  170.9   0.2     1   184     1   178     1   178 0.99 -
d1kjwa2c.37.1.1      -            199 d1gsia_c.37.1.1.aln  -            191   9.5e-50  164.9   0.1   1   1   2.5e-51   1.1e-49  164.7   0.1     2   190     5   193     4   194 0.98 -
d1lw7a2c.37.1.1      -            192 d1gsia_c.37.1.1.aln  -            191   3.1e-47  156.7   0.0   1   1   8.1e-49   3.4e-47  156.6   0.0     2   189     6   187     5   189 0.98 -
d1khta_c.37.1.1      -            190 d1gsia_c.37.1.1.aln  -            191   3.6e-47  156.5   0.1   1   1   9.7e-49     4e-47  156.3   0.1     3   191     1   190     1   190 0.99 -
d1qf9a_c.37.1.1      -            194 d1gsia_c.37.1.1.aln  -            191   6.1e-47  155.7   0.0   1   1   1.6e-48   6.7e-47  155.6   0.0     2   187     5   193     4   194 0.99 -
d1p5zb_c.37.1.1      -            241 d1gsia_c.37.1.1.aln  -            191   9.2e-47  155.1   0.0   1   1   2.5e-48     1e-46  155.0   0.0     3   191     2   231     1   231 0.99 -
d1vhta_c.37.1.1      -            208 d1gsia_c.37.1.1.aln  -            191   1.2e-46  154.7   0.0   1   1   3.3e-48   1.4e-46  154.6   0.0     3   190     3   201     1   202 0.99 -
d1zina1c.37.1.1      -            183 d1gsia_c.37.1.1.aln  -            191   1.7e-44  147.7   0.0   1   1   4.6e-46   1.9e-44  147.6   0.0     4   187     1   182     1   183 0.99 -
d1t0hb_c.37.1.1      -            219 d1gsia_c.37.1.1.aln  -            191   1.1e-43  145.1   0.0   1   1   3.1e-45   1.3e-43  144.9   0.0     1   190     1   207     1   208 0.99 -
d1y63a_c.37.1.1      -            174 d1gsia_c.37.1.1.aln  -            191   3.6e-42  140.1   1.1   1   1   9.7e-44     4e-42  140.0   1.1     2   186     4   173     3   174 0.98 -
d1deka_c.37.1.1      -            241 d1gsia_c.37.1.1.aln  -            191   4.7e-41  136.5   0.0   1   1   1.3e-42   5.3e-41  136.3   0.0     3   191     1   231     1   231 0.99 -
d2grja_c.37.1.1      -            179 d1gsia_c.37.1.1.aln  -            191   6.2e-41  136.1   1.2   1   1   1.7e-42   6.9e-41  136.0   1.2     1   184     1   179     1   179 0.99 -
d1yj5a2c.37.1.1      -            172 d1gsia_c.37.1.1.aln  -            191   2.2e-39  131.1   0.0   1   1   5.7e-41   2.4e-39  131.0   0.0     7   188     2   171     1   172 0.98 -
d1e2ka_c.37.1.1      -            329 d1gsia_c.37.1.1.aln  -            191   6.9e-38  126.2   0.0   1   1     2e-39   8.2e-38  126.0   0.0     3   191     4   275     2   275 0.99 -
d3kb2a_c.37.1.1      -            171 d1gsia_c.37.1.1.aln  -            191   3.8e-37  123.8   0.1   1   1     1e-38   4.2e-37  123.6   0.1     5   188     2   171     1   171 0.99 -
d1ly1a_c.37.1.1      -            152 d1gsia_c.37.1.1.aln  -            191   5.2e-37  123.3   0.0   1   1   1.3e-38   5.6e-37  123.2   0.0     2   164     1   147     1   152 0.96 -
d2qora_c.37.1.0      -            196 d1gsia_c.37.1.1.aln  -            191   1.6e-06   23.9   0.3   1   2   6.4e-07   2.7e-05   19.9   0.0     7    81     8    85     7    94 0.90 -
d2qora_c.37.1.0      -            196 d1gsia_c.37.1.1.aln  -            191   1.6e-06   23.9   0.3   2   2      0.23       9.7    1.8   0.1   166   189   169   192   131   194 0.65 -
d1in4a2c.37.1.20     -            238 d1gsia_c.37.1.1.aln  -            191   0.00021   17.0   0.0   1   1   1.2e-05   0.00048   15.8   0.0     6    38    38    70    37   134 0.84 -
d1gsia_c.37.1.1      -            208 d1gsia_c.37.1.1.aln  -            191   0.00061   15.5   0.0   1   1   2.4e-05   0.00098   14.8   0.0     4    33     1    30     1    80 0.86 -
#
# Program:         hmmsearch
# Version:         3.3.2 (Nov 2020)
# Pipeline mode:   SEARCH
# Query file:      /home/elise/Documents/M1-BIM/S2/TMEs/SBAS/tme08/models/scop30/d1gsia_c.37.1.1.aln.hmm
# Target file:     /home/elise/Documents/M1-BIM/S2/TMEs/SBAS/tme08/scop/scop/scopTestSeq.fasta
# Option settings: hmmsearch --domtblout /home/elise/Documents/M1-BIM/S2/TMEs/SBAS/tme08/searchResults/scop30/d1gsia_c.37.1.1.aln.out -E 1 /home/elise/Documents/M1-BIM/S2/TMEs/SBAS/tme08/models/scop30/d1gsia_c.37.1.1.aln.hmm /home/elise/Documents/M1-BIM/S2/TMEs/SBAS/tme08/scop/scop/scopTestSeq.fasta 
# Current dir:     /home/elise/Documents/M1-BIM/S2/TMEs/SBAS/tme08
# Date:            Thu Apr 10 10:02:17 2025
# [ok]
