#                                                                            --- full sequence --- -------------- this domain -------------   hmm coord   ali coord   env coord
# target name        accession   tlen query name           accession   qlen   E-value  score  bias   #  of  c-Evalue  i-Evalue  score  bias  from    to  from    to  from    to  acc description of target
#------------------- ---------- ----- -------------------- ---------- ----- --------- ------ ----- --- --- --------- --------- ------ ----- ----- ----- ----- ----- ----- ----- ---- ---------------------
d1ofda2c.1.4.1       -            809 d1gtea2c.1.4.1.aln   -            601  1.5e-290  960.4   0.0   1   1  1.7e-292  1.7e-290  960.2   0.0     1   601     1   809     1   809 1.00 -
d1vyra_c.1.4.1       -            363 d1gtea2c.1.4.1.aln   -            601  3.5e-106  351.5   0.0   1   1  3.9e-108  3.9e-106  351.3   0.0   231   587     1   363     1   363 1.00 -
d1djqa1c.1.4.1       -            340 d1gtea2c.1.4.1.aln   -            601  2.2e-102  338.9   0.0   1   1  2.5e-104  2.5e-102  338.8   0.0   226   578     1   339     1   340 0.99 -
d1p4ca_c.1.4.1       -            353 d1gtea2c.1.4.1.aln   -            601   7.9e-96  317.3   0.0   1   1   8.9e-98   8.8e-96  317.1   0.0   233   565     1   352     1   353 0.99 -
d1p0ka_c.1.4.1       -            329 d1gtea2c.1.4.1.aln   -            601   4.6e-91  301.6   0.1   1   1   5.2e-93   5.1e-91  301.4   0.1   256   585     1   328     1   329 0.99 -
d2e6fa_c.1.4.1       -            312 d1gtea2c.1.4.1.aln   -            601   2.3e-87  289.4   0.0   1   1   2.5e-89   2.5e-87  289.2   0.0   236   564     1   311     1   312 0.99 -
d1ep3a_c.1.4.1       -            311 d1gtea2c.1.4.1.aln   -            601   6.8e-87  287.8   0.0   1   1   7.7e-89   7.6e-87  287.6   0.0   232   566     1   310     1   311 0.99 -
d1vhna_c.1.4.1       -            305 d1gtea2c.1.4.1.aln   -            601   1.9e-81  269.8   0.0   1   1   2.1e-83   2.1e-81  269.7   0.0   237   565     2   303     1   305 0.99 -
#
# Program:         hmmsearch
# Version:         3.3.2 (Nov 2020)
# Pipeline mode:   SEARCH
# Query file:      /home/elise/Documents/M1-BIM/S2/TMEs/SBAS/tme08/models/scop30/d1gtea2c.1.4.1.aln.hmm
# Target file:     /home/elise/Documents/M1-BIM/S2/TMEs/SBAS/tme08/scop/scop/scopTestSeq.fasta
# Option settings: hmmsearch --domtblout /home/elise/Documents/M1-BIM/S2/TMEs/SBAS/tme08/searchResults/scop30/d1gtea2c.1.4.1.aln.out -E 1 /home/elise/Documents/M1-BIM/S2/TMEs/SBAS/tme08/models/scop30/d1gtea2c.1.4.1.aln.hmm /home/elise/Documents/M1-BIM/S2/TMEs/SBAS/tme08/scop/scop/scopTestSeq.fasta 
# Current dir:     /home/elise/Documents/M1-BIM/S2/TMEs/SBAS/tme08
# Date:            Thu Apr 10 10:02:17 2025
# [ok]
