#                                                                            --- full sequence --- -------------- this domain -------------   hmm coord   ali coord   env coord
# target name        accession   tlen query name           accession   qlen   E-value  score  bias   #  of  c-Evalue  i-Evalue  score  bias  from    to  from    to  from    to  acc description of target
#------------------- ---------- ----- -------------------- ---------- ----- --------- ------ ----- --- --- --------- --------- ------ ----- ----- ----- ----- ----- ----- ----- ---- ---------------------
d1qora2c.2.1.1       -            179 d1gu7a2c.2.1.1.aln   -            178   6.1e-59  193.9   0.2   1   1   1.4e-60   6.7e-59  193.7   0.2     2   177     2   177     1   178 0.99 -
d2dm6a2c.2.1.1       -            182 d1gu7a2c.2.1.1.aln   -            178   1.3e-58  192.8   0.1   1   1   2.9e-60   1.4e-58  192.7   0.1     5   178     6   179     2   179 0.98 -
d1vj0a2c.2.1.1       -            182 d1gu7a2c.2.1.1.aln   -            178   1.7e-57  189.2   0.0   1   1   3.8e-59   1.9e-57  189.0   0.0     2   177     2   181     1   182 0.98 -
d1yb5a2c.2.1.1       -            174 d1gu7a2c.2.1.1.aln   -            178   1.2e-56  186.5   2.5   1   1   2.6e-58   1.3e-56  186.3   2.5     2   177     2   172     1   173 0.99 -
d1pqwa_c.2.1.1       -            183 d1gu7a2c.2.1.1.aln   -            178   3.5e-56  184.9   0.4   1   1   7.9e-58   3.9e-56  184.7   0.4     4   177     1   174     1   175 0.99 -
d1jqba2c.2.1.1       -            174 d1gu7a2c.2.1.1.aln   -            178   4.3e-56  184.6   4.7   1   1   9.6e-58   4.7e-56  184.5   4.7     3   173     2   173     1   174 0.98 -
d2jhfa2c.2.1.1       -            176 d1gu7a2c.2.1.1.aln   -            178   9.7e-56  183.5   1.3   1   1   2.2e-57   1.1e-55  183.3   1.3     2   172     2   175     1   176 0.98 -
d1h2ba2c.2.1.1       -            172 d1gu7a2c.2.1.1.aln   -            178   4.6e-51  168.2   1.9   1   1     1e-52     5e-51  168.1   1.9     2   167     5   171     4   172 0.98 -
d1kola2c.2.1.1       -            195 d1gu7a2c.2.1.1.aln   -            178   1.2e-50  166.9   1.3   1   1   2.7e-52   1.3e-50  166.7   1.3     6   177     3   190     1   191 0.99 -
d1pl8a2c.2.1.1       -            171 d1gu7a2c.2.1.1.aln   -            178   3.3e-50  165.4   4.7   1   1   7.2e-52   3.6e-50  165.3   4.7     5   168     3   169     1   171 0.97 -
d1piwa2c.2.1.1       -            168 d1gu7a2c.2.1.1.aln   -            178   1.4e-49  163.3   0.1   1   1   3.2e-51   1.6e-49  163.2   0.1     2   170     2   167     1   168 0.98 -
d1o89a2c.2.1.1       -            177 d1gu7a2c.2.1.1.aln   -            178   1.2e-47  157.0   0.5   1   1   2.8e-49   1.4e-47  156.9   0.5     2   177     2   173     1   174 0.98 -
d1gu7a2c.2.1.1       -            189 d1gu7a2c.2.1.1.aln   -            178   9.3e-10   33.7   0.0   1   1   2.1e-11     1e-09   33.5   0.0     3   121     3   138     1   179 0.80 -
d1c1da1c.2.1.7       -            201 d1gu7a2c.2.1.1.aln   -            178   6.4e-05   17.9   3.4   1   2   1.3e-06   6.4e-05   17.9   3.4    29    78    27    75     3    84 0.88 -
d1c1da1c.2.1.7       -            201 d1gu7a2c.2.1.1.aln   -            178   6.4e-05   17.9   3.4   2   2         2        97   -2.2   0.2    38    62    93   114    86   131 0.71 -
d1mv8a2c.2.1.6       -            202 d1gu7a2c.2.1.1.aln   -            178    0.0038   12.1   0.4   1   1   0.00014    0.0069   11.3   0.4    33    69     4    39     2    42 0.90 -
d1luaa1c.2.1.7       -            191 d1gu7a2c.2.1.1.aln   -            178     0.028    9.3   8.8   1   1    0.0012     0.059    8.2   8.8    21    69    15    63     4    67 0.79 -
#
# Program:         hmmsearch
# Version:         3.3.2 (Nov 2020)
# Pipeline mode:   SEARCH
# Query file:      /home/elise/Documents/M1-BIM/S2/TMEs/SBAS/tme08/models/scop30/d1gu7a2c.2.1.1.aln.hmm
# Target file:     /home/elise/Documents/M1-BIM/S2/TMEs/SBAS/tme08/scop/scop/scopTestSeq.fasta
# Option settings: hmmsearch --domtblout /home/elise/Documents/M1-BIM/S2/TMEs/SBAS/tme08/searchResults/scop30/d1gu7a2c.2.1.1.aln.out -E 1 /home/elise/Documents/M1-BIM/S2/TMEs/SBAS/tme08/models/scop30/d1gu7a2c.2.1.1.aln.hmm /home/elise/Documents/M1-BIM/S2/TMEs/SBAS/tme08/scop/scop/scopTestSeq.fasta 
# Current dir:     /home/elise/Documents/M1-BIM/S2/TMEs/SBAS/tme08
# Date:            Thu Apr 10 10:02:17 2025
# [ok]
