#                                                                            --- full sequence --- -------------- this domain -------------   hmm coord   ali coord   env coord
# target name        accession   tlen query name           accession   qlen   E-value  score  bias   #  of  c-Evalue  i-Evalue  score  bias  from    to  from    to  from    to  acc description of target
#------------------- ---------- ----- -------------------- ---------- ----- --------- ------ ----- --- --- --------- --------- ------ ----- ----- ----- ----- ----- ----- ----- ---- ---------------------
d1piwa1b.35.1.2      -            193 d1gu7a1b.35.1.2.aln  -            181   7.1e-66  217.0   0.6   1   1   1.1e-67   7.9e-66  216.9   0.6     2   180     4   186     3   187 0.98 -
d2jhfa1b.35.1.2      -            199 d1gu7a1b.35.1.2.aln  -            181   2.2e-64  212.2   0.0   1   1   3.5e-66   2.5e-64  212.0   0.0     2   178     7   198     6   199 0.98 -
d1pl8a1b.35.1.2      -            186 d1gu7a1b.35.1.2.aln  -            181   3.8e-63  208.1   0.0   1   1   5.9e-65   4.2e-63  208.0   0.0     2   180     5   180     4   181 0.98 -
d1f8fa1b.35.1.2      -            195 d1gu7a1b.35.1.2.aln  -            181   3.7e-61  201.6   0.1   1   1   5.8e-63   4.2e-61  201.5   0.1     2   180     2   195     1   195 0.98 -
d1jqba1b.35.1.2      -            178 d1gu7a1b.35.1.2.aln  -            181   1.2e-59  196.8   0.0   1   1   1.8e-61   1.3e-59  196.6   0.0     5   180     1   177     1   178 0.99 -
d1kola1b.35.1.2      -            202 d1gu7a1b.35.1.2.aln  -            181   3.1e-59  195.4   0.5   1   1   4.8e-61   3.4e-59  195.2   0.5     5   180     2   197     1   198 0.99 -
d1h2ba1b.35.1.2      -            172 d1gu7a1b.35.1.2.aln  -            181   4.3e-59  194.9   0.0   1   1   6.5e-61   4.7e-59  194.8   0.0     5   179     1   171     1   172 0.98 -
d1yb5a1b.35.1.2      -            151 d1gu7a1b.35.1.2.aln  -            181   5.1e-44  145.8   0.0   1   1   1.3e-43   9.6e-42  138.4   0.0     2   179     3   149     2   151 0.97 -
d1o89a1b.35.1.2      -            147 d1gu7a1b.35.1.2.aln  -            181   7.1e-36  119.3   0.0   1   1   4.2e-37     3e-35  117.2   0.0     3   179     2   146     1   147 0.97 -
d2dm6a1b.35.1.2      -            148 d1gu7a1b.35.1.2.aln  -            181   1.3e-34  115.1   0.0   1   1   6.9e-35   4.9e-33  110.0   0.0     1   180     7   148     7   148 0.97 -
d1gu7a1b.35.1.2      -            176 d1gu7a1b.35.1.2.aln  -            181   3.9e-08   28.9   0.0   1   1     1e-09   7.3e-08   28.0   0.0    24    98    29   113     5   133 0.84 -
#
# Program:         hmmsearch
# Version:         3.3.2 (Nov 2020)
# Pipeline mode:   SEARCH
# Query file:      /home/elise/Documents/M1-BIM/S2/TMEs/SBAS/tme08/models/scop30/d1gu7a1b.35.1.2.aln.hmm
# Target file:     /home/elise/Documents/M1-BIM/S2/TMEs/SBAS/tme08/scop/scop/scopTestSeq.fasta
# Option settings: hmmsearch --domtblout /home/elise/Documents/M1-BIM/S2/TMEs/SBAS/tme08/searchResults/scop30/d1gu7a1b.35.1.2.aln.out -E 1 /home/elise/Documents/M1-BIM/S2/TMEs/SBAS/tme08/models/scop30/d1gu7a1b.35.1.2.aln.hmm /home/elise/Documents/M1-BIM/S2/TMEs/SBAS/tme08/scop/scop/scopTestSeq.fasta 
# Current dir:     /home/elise/Documents/M1-BIM/S2/TMEs/SBAS/tme08
# Date:            Thu Apr 10 10:02:17 2025
# [ok]
