#                                                                            --- full sequence --- -------------- this domain -------------   hmm coord   ali coord   env coord
# target name        accession   tlen query name           accession   qlen   E-value  score  bias   #  of  c-Evalue  i-Evalue  score  bias  from    to  from    to  from    to  acc description of target
#------------------- ---------- ----- -------------------- ---------- ----- --------- ------ ----- --- --- --------- --------- ------ ----- ----- ----- ----- ----- ----- ----- ---- ---------------------
d1ji1a1b.1.18.2      -            122 d1h3ga1b.1.18.2.aln  -            108   2.7e-27   90.7   2.2   1   1   6.9e-29     3e-27   90.6   2.2     1   107     7   120     7   121 0.98 -
d2fhfa1b.1.18.2      -            115 d1h3ga1b.1.18.2.aln  -            108   9.8e-26   85.7   1.9   1   1   2.5e-27   1.1e-25   85.6   1.9     2   107     7   114     6   115 0.98 -
d1ut9a2b.1.18.2      -             98 d1h3ga1b.1.18.2.aln  -            108   2.4e-24   81.3   0.1   1   1   5.8e-26   2.5e-24   81.2   0.1    11   106     2    97     1    98 0.98 -
d1j0ha1b.1.18.2      -            123 d1h3ga1b.1.18.2.aln  -            108   3.1e-24   80.9   0.0   1   1   7.8e-26   3.4e-24   80.7   0.0     1   108     1   115     1   115 0.99 -
d1txka1b.1.18.2      -            115 d1h3ga1b.1.18.2.aln  -            108     2e-23   78.2   2.1   1   1   5.1e-25   2.2e-23   78.1   2.1     4   107     2   112     1   113 0.98 -
d1bf2a1b.1.18.2      -            162 d1h3ga1b.1.18.2.aln  -            108   2.2e-23   78.1   4.8   1   1   7.2e-25   3.2e-23   77.6   4.8     1   107     5   116     5   117 0.98 -
d1edqa1b.1.18.2      -            109 d1h3ga1b.1.18.2.aln  -            108   5.9e-23   76.8   3.9   1   1   1.5e-24   6.4e-23   76.6   3.9     2   107     1   107     1   108 0.98 -
d1m7xa1b.1.18.2      -            110 d1h3ga1b.1.18.2.aln  -            108   9.9e-23   76.0   0.0   1   1   2.5e-24   1.1e-22   75.9   0.0     2   105    10   109     9   110 0.97 -
d2fhfa2b.1.18.2      -            125 d1h3ga1b.1.18.2.aln  -            108   8.7e-21   69.8   0.3   1   1   2.2e-22   9.7e-21   69.7   0.3     2   107     5   117     4   118 0.98 -
d1qbaa1b.1.18.2      -            105 d1h3ga1b.1.18.2.aln  -            108   2.2e-20   68.5   0.0   1   1   5.5e-22   2.4e-20   68.4   0.0     4   106     2   105     1   105 0.98 -
d1k3ia1b.1.18.2      -            102 d1h3ga1b.1.18.2.aln  -            108     2e-19   65.4   2.3   1   1     5e-21   2.2e-19   65.3   2.3     2   101     2   102     1   102 0.98 -
d1w8oa1b.1.18.2      -            103 d1h3ga1b.1.18.2.aln  -            108   3.2e-19   64.8   2.0   1   1     8e-21   3.5e-19   64.6   2.0     7   107     2   101     1   102 0.97 -
d1clca2b.1.18.2      -            100 d1h3ga1b.1.18.2.aln  -            108   7.8e-19   63.5   0.2   1   1   1.9e-20   8.5e-19   63.4   0.2     1   100     5    99     5   100 0.97 -
d2bhua1b.1.18.2      -             97 d1h3ga1b.1.18.2.aln  -            108   1.7e-18   62.4   0.0   1   1   4.2e-20   1.8e-18   62.3   0.0    11   106     2    96     1    97 0.97 -
d2bvya1b.1.18.2      -             94 d1h3ga1b.1.18.2.aln  -            108   3.7e-16   54.9  11.3   1   1     9e-18   3.9e-16   54.8  11.3     9   103     2    93     1    94 0.97 -
d1ulva2b.1.18.2      -             89 d1h3ga1b.1.18.2.aln  -            108   6.8e-16   54.1   7.6   1   1   1.7e-17   7.4e-16   54.0   7.6    10    97     2    89     1    89 0.98 -
d3bmva1b.1.18.2      -             83 d1h3ga1b.1.18.2.aln  -            108   7.1e-14   47.6   1.8   1   1   1.7e-15   7.6e-14   47.5   1.8    12    98     2    81     1    83 0.96 -
d1f1sa2b.1.18.2      -             78 d1h3ga1b.1.18.2.aln  -            108     2e-13   46.2   0.8   1   1   4.8e-15   2.1e-13   46.1   0.8    18    97     2    77     1    78 0.96 -
#
# Program:         hmmsearch
# Version:         3.3.2 (Nov 2020)
# Pipeline mode:   SEARCH
# Query file:      /home/elise/Documents/M1-BIM/S2/TMEs/SBAS/tme08/models/scop30/d1h3ga1b.1.18.2.aln.hmm
# Target file:     /home/elise/Documents/M1-BIM/S2/TMEs/SBAS/tme08/scop/scop/scopTestSeq.fasta
# Option settings: hmmsearch --domtblout /home/elise/Documents/M1-BIM/S2/TMEs/SBAS/tme08/searchResults/scop30/d1h3ga1b.1.18.2.aln.out -E 1 /home/elise/Documents/M1-BIM/S2/TMEs/SBAS/tme08/models/scop30/d1h3ga1b.1.18.2.aln.hmm /home/elise/Documents/M1-BIM/S2/TMEs/SBAS/tme08/scop/scop/scopTestSeq.fasta 
# Current dir:     /home/elise/Documents/M1-BIM/S2/TMEs/SBAS/tme08
# Date:            Thu Apr 10 10:02:18 2025
# [ok]
