#                                                                            --- full sequence --- -------------- this domain -------------   hmm coord   ali coord   env coord
# target name        accession   tlen query name           accession   qlen   E-value  score  bias   #  of  c-Evalue  i-Evalue  score  bias  from    to  from    to  from    to  acc description of target
#------------------- ---------- ----- -------------------- ---------- ----- --------- ------ ----- --- --- --------- --------- ------ ----- ----- ----- ----- ----- ----- ----- ---- ---------------------
d1e29a_a.3.1.1       -            135 d1h32b_a.3.1.1.aln   -            109   1.7e-36  120.6   0.0   1   1     2e-38     2e-36  120.3   0.0     1   109    19   127    19   127 0.99 -
d1i8oa_a.3.1.1       -            114 d1h32b_a.3.1.1.aln   -            109   9.4e-34  111.7   0.2   1   1     1e-35     1e-33  111.6   0.2     8   104     2   113     1   114 0.98 -
d1gu2a_a.3.1.1       -            124 d1h32b_a.3.1.1.aln   -            109   2.5e-31  104.0   0.3   1   1   3.3e-33   3.2e-31  103.6   0.3     1   109    31   124    31   124 0.99 -
d1c52a_a.3.1.1       -            131 d1h32b_a.3.1.1.aln   -            109   1.2e-30  101.8   0.0   1   1   1.4e-32   1.4e-30  101.6   0.0     9   109     1   112     1   112 0.98 -
d1dw0a_a.3.1.1       -            112 d1h32b_a.3.1.1.aln   -            109   2.1e-27   91.3   0.0   1   1     3e-29     3e-27   90.8   0.0     1   104    25   112    25   112 0.98 -
d1wvec_a.3.1.1       -             75 d1h32b_a.3.1.1.aln   -            109   2.1e-17   59.1   0.0   1   1   2.4e-19   2.4e-17   58.9   0.0     6   106     1    74     1    75 0.97 -
d1c75a_a.3.1.1       -             71 d1h32b_a.3.1.1.aln   -            109     6e-16   54.4   0.1   1   1   6.8e-18   6.7e-16   54.3   0.1    10   105     2    71     1    71 0.97 -
d1h32b_a.3.1.1       -            138 d1h32b_a.3.1.1.aln   -            109   7.6e-05   18.7   0.0   1   1   1.2e-06   0.00012   18.1   0.0    18   105    41   137    36   138 0.85 -
#
# Program:         hmmsearch
# Version:         3.3.2 (Nov 2020)
# Pipeline mode:   SEARCH
# Query file:      /home/elise/Documents/M1-BIM/S2/TMEs/SBAS/tme08/models/scop30/d1h32b_a.3.1.1.aln.hmm
# Target file:     /home/elise/Documents/M1-BIM/S2/TMEs/SBAS/tme08/scop/scop/scopTestSeq.fasta
# Option settings: hmmsearch --domtblout /home/elise/Documents/M1-BIM/S2/TMEs/SBAS/tme08/searchResults/scop30/d1h32b_a.3.1.1.aln.out -E 1 /home/elise/Documents/M1-BIM/S2/TMEs/SBAS/tme08/models/scop30/d1h32b_a.3.1.1.aln.hmm /home/elise/Documents/M1-BIM/S2/TMEs/SBAS/tme08/scop/scop/scopTestSeq.fasta 
# Current dir:     /home/elise/Documents/M1-BIM/S2/TMEs/SBAS/tme08
# Date:            Thu Apr 10 10:02:18 2025
# [ok]
