#                                                                            --- full sequence --- -------------- this domain -------------   hmm coord   ali coord   env coord
# target name        accession   tlen query name           accession   qlen   E-value  score  bias   #  of  c-Evalue  i-Evalue  score  bias  from    to  from    to  from    to  acc description of target
#------------------- ---------- ----- -------------------- ---------- ----- --------- ------ ----- --- --- --------- --------- ------ ----- ----- ----- ----- ----- ----- ----- ---- ---------------------
d1uoka2c.1.8.1       -            479 d1h3ga3c.1.8.1.aln   -            433    2e-122  404.7  19.2   1   1  5.6e-124  2.2e-122  404.5  19.2     4   431     2   478     1   479 0.99 -
d1wzaa2c.1.8.1       -            409 d1h3ga3c.1.8.1.aln   -            433  2.8e-119  394.3  15.8   1   1    8e-121  3.1e-119  394.2  15.8     8   432     2   409     1   409 0.98 -
d1g5aa2c.1.8.1       -            554 d1h3ga3c.1.8.1.aln   -            433  3.9e-112  370.8   0.7   1   1  1.5e-113  5.7e-112  370.2   0.7     2   433    17   554    16   554 0.97 -
d1bf2a3c.1.8.1       -            475 d1h3ga3c.1.8.1.aln   -            433  1.6e-103  342.4  15.9   1   1  4.4e-105  1.7e-103  342.3  15.9     2   432     8   472     7   473 0.99 -
d2fhfa5c.1.8.1       -            563 d1h3ga3c.1.8.1.aln   -            433  1.2e-102  339.5   1.9   1   1  3.5e-104  1.4e-102  339.3   1.9     1   432    12   562    12   563 0.99 -
d3bmva4c.1.8.1       -            406 d1h3ga3c.1.8.1.aln   -            433    5e-102  337.5  15.7   1   1  1.4e-103  5.6e-102  337.3  15.7     4   432     8   406     5   406 0.98 -
d1wdpa_c.1.8.1       -            493 d1h3ga3c.1.8.1.aln   -            433  3.7e-101  334.6   0.1   1   1  1.1e-102  4.1e-101  334.5   0.1     3   431     2   489     1   491 0.99 -
d1ji1a3c.1.8.1       -            432 d1h3ga3c.1.8.1.aln   -            433  1.3e-100  332.8  24.5   1   1  3.8e-102  1.5e-100  332.6  24.5     2   432     2   431     1   432 0.99 -
d2bhua3c.1.8.1       -            420 d1h3ga3c.1.8.1.aln   -            433   3.8e-99  328.0   2.7   1   1  4.2e-100   1.6e-98  325.9   2.7     2   432     8   419     7   420 0.99 -
d2guya2c.1.8.1       -            381 d1h3ga3c.1.8.1.aln   -            433     2e-95  315.7  10.5   1   1   5.7e-97   2.2e-95  315.6  10.5     4   423     2   374     1   381 0.97 -
d1vema2c.1.8.1       -            417 d1h3ga3c.1.8.1.aln   -            433   1.4e-94  312.9   7.6   1   1   4.1e-96   1.6e-94  312.7   7.6     5   432     3   416     1   417 0.99 -
d1gjwa2c.1.8.1       -            572 d1h3ga3c.1.8.1.aln   -            433   4.1e-93  308.1   0.0   1   1   1.2e-94   4.7e-93  307.9   0.0     1   432    10   571    10   572 0.99 -
d1e43a2c.1.8.1       -            393 d1h3ga3c.1.8.1.aln   -            433   1.7e-87  289.6  17.8   1   1   4.8e-89   1.9e-87  289.4  17.8    10   424     2   391     1   393 0.96 -
d1m7xa3c.1.8.1       -            396 d1h3ga3c.1.8.1.aln   -            433   5.2e-87  288.0  16.9   1   1   1.7e-88   6.7e-87  287.6  16.9     2   432     8   395     7   396 0.97 -
d1x1na1c.1.8.1       -            523 d1h3ga3c.1.8.1.aln   -            433   5.4e-85  281.4   0.1   1   1   1.5e-86     6e-85  281.2   0.1     1   433     5   522     5   522 0.99 -
d1ht6a2c.1.8.1       -            347 d1h3ga3c.1.8.1.aln   -            433   9.6e-83  273.9   7.9   1   1   3.4e-84   1.4e-82  273.4   7.9    10   363     1   329     1   346 0.98 -
d1ua7a2c.1.8.1       -            344 d1h3ga3c.1.8.1.aln   -            433   8.7e-81  267.5  13.5   1   1   2.6e-82     1e-80  267.2  13.5     7   432     2   344     1   344 0.99 -
d1r7aa2c.1.8.1       -            434 d1h3ga3c.1.8.1.aln   -            433   1.7e-80  266.5   0.3   1   1   4.9e-82   1.9e-80  266.4   0.3     8   431     1   434     1   434 0.99 -
d1kwga2c.1.8.1       -            393 d1h3ga3c.1.8.1.aln   -            433     1e-69  231.0   0.0   1   1   2.8e-71   1.1e-69  230.9   0.0     1   426     3   390     3   393 0.97 -
d1h3ga3c.1.8.1       -            422 d1h3ga3c.1.8.1.aln   -            433   1.9e-30  101.6   9.5   1   2   8.3e-27   3.3e-25   84.4   5.0    12   203    13   220    11   256 0.86 -
d1h3ga3c.1.8.1       -            422 d1h3ga3c.1.8.1.aln   -            433   1.9e-30  101.6   9.5   2   2   3.3e-07   1.3e-05   19.8   0.1   307   429   306   418   282   422 0.61 -
#
# Program:         hmmsearch
# Version:         3.3.2 (Nov 2020)
# Pipeline mode:   SEARCH
# Query file:      /home/elise/Documents/M1-BIM/S2/TMEs/SBAS/tme08/models/scop30/d1h3ga3c.1.8.1.aln.hmm
# Target file:     /home/elise/Documents/M1-BIM/S2/TMEs/SBAS/tme08/scop/scop/scopTestSeq.fasta
# Option settings: hmmsearch --domtblout /home/elise/Documents/M1-BIM/S2/TMEs/SBAS/tme08/searchResults/scop30/d1h3ga3c.1.8.1.aln.out -E 1 /home/elise/Documents/M1-BIM/S2/TMEs/SBAS/tme08/models/scop30/d1h3ga3c.1.8.1.aln.hmm /home/elise/Documents/M1-BIM/S2/TMEs/SBAS/tme08/scop/scop/scopTestSeq.fasta 
# Current dir:     /home/elise/Documents/M1-BIM/S2/TMEs/SBAS/tme08
# Date:            Thu Apr 10 10:02:18 2025
# [ok]
