#                                                                            --- full sequence --- -------------- this domain -------------   hmm coord   ali coord   env coord
# target name        accession   tlen query name           accession   qlen   E-value  score  bias   #  of  c-Evalue  i-Evalue  score  bias  from    to  from    to  from    to  acc description of target
#------------------- ---------- ----- -------------------- ---------- ----- --------- ------ ----- --- --- --------- --------- ------ ----- ----- ----- ----- ----- ----- ----- ---- ---------------------
d2gv8a1c.3.1.5       -            336 d1h6va2c.3.1.5.aln   -            232   3.3e-74  244.3   0.0   1   2      0.95        37   -1.3   0.0    42    64     7    30     3    40 0.67 -
d2gv8a1c.3.1.5       -            336 d1h6va2c.3.1.5.aln   -            232   3.3e-74  244.3   0.0   2   2   2.3e-75   9.1e-74  242.8   0.0     1   232    88   321    88   321 0.99 -
d1w4xa1c.3.1.5       -            299 d1h6va2c.3.1.5.aln   -            232   1.3e-72  239.1   0.0   1   1   4.8e-74   1.9e-72  238.5   0.0     1   232    49   290    49   290 1.00 -
d1v59a1c.3.1.5       -            234 d1h6va2c.3.1.5.aln   -            232   4.3e-71  234.1   1.4   1   1   1.2e-72   4.8e-71  233.9   1.4     1   231     3   234     3   234 1.00 -
d1mo9a1c.3.1.5       -            262 d1h6va2c.3.1.5.aln   -            232   8.6e-68  223.3   0.0   1   1   2.5e-69   9.7e-68  223.1   0.0     1   232     4   244     4   244 1.00 -
d1w4xa2c.3.1.5       -            235 d1h6va2c.3.1.5.aln   -            232   1.7e-65  215.8   0.0   1   1   4.7e-67   1.9e-65  215.6   0.0     9   231     2   233     1   234 0.99 -
d1xdia1c.3.1.5       -            234 d1h6va2c.3.1.5.aln   -            232     4e-63  208.0   0.0   1   1   1.1e-64   4.4e-63  207.8   0.0     4   232     2   234     1   234 0.99 -
d1m6ia1c.3.1.5       -            214 d1h6va2c.3.1.5.aln   -            232   1.2e-60  199.9   0.0   1   1   3.4e-62   1.3e-60  199.7   0.0     1   214     1   214     1   214 1.00 -
d1nhpa1c.3.1.5       -            199 d1h6va2c.3.1.5.aln   -            232   5.6e-47  155.2   0.1   1   1   1.6e-48   6.2e-47  155.0   0.1     5   198     1   199     1   199 0.99 -
d1fl2a1c.3.1.5       -            185 d1h6va2c.3.1.5.aln   -            232   7.5e-38  125.3   0.5   1   1   2.1e-39   8.2e-38  125.2   0.5     4   183     2   184     1   185 0.99 -
d1aoga2c.3.1.5       -            117 d1h6va2c.3.1.5.aln   -            232   1.8e-25   84.8   0.0   1   1   5.4e-27   2.1e-25   84.6   0.0    21   134     2   115     1   116 0.98 -
d1fcda2c.3.1.5       -            141 d1h6va2c.3.1.5.aln   -            232   7.4e-24   79.5   0.0   1   1   2.2e-25   8.8e-24   79.3   0.0     9   147     2   139     1   140 0.98 -
d1mo9a2c.3.1.5       -            121 d1h6va2c.3.1.5.aln   -            232   1.2e-22   75.5   0.0   1   1   3.7e-24   1.5e-22   75.3   0.0    19   139     3   119     1   120 0.98 -
d1vdca2c.3.1.5       -            130 d1h6va2c.3.1.5.aln   -            232   3.7e-22   73.9   0.0   1   1     1e-23     4e-22   73.8   0.0     6   136     2   128     1   130 0.96 -
d1onfa2c.3.1.5       -            117 d1h6va2c.3.1.5.aln   -            232   2.7e-21   71.1   0.3   1   1   7.3e-23   2.9e-21   71.0   0.3    18   136     2   116     1   117 0.98 -
d1v59a2c.3.1.5       -            122 d1h6va2c.3.1.5.aln   -            232   3.1e-21   70.9   0.3   1   1   8.7e-23   3.4e-21   70.8   0.3    24   138     8   119     3   122 0.95 -
d1nhpa2c.3.1.5       -            123 d1h6va2c.3.1.5.aln   -            232   3.3e-21   70.8   0.3   1   1   8.9e-23   3.5e-21   70.7   0.3    11   135     2   122     1   123 0.97 -
d1m6ia2c.3.1.5       -            137 d1h6va2c.3.1.5.aln   -            232   8.4e-20   66.2   0.0   1   1   2.3e-21   9.1e-20   66.1   0.0     6   137     4   136     1   137 0.97 -
d1xhca2c.3.1.5       -            122 d1h6va2c.3.1.5.aln   -            232   6.6e-18   60.0   0.0   1   1   1.8e-19     7e-18   60.0   0.0    10   131     3   120     1   122 0.96 -
d1fl2a2c.3.1.5       -            126 d1h6va2c.3.1.5.aln   -            232   4.1e-16   54.2   0.0   1   1   1.1e-17   4.4e-16   54.1   0.0     7   139     3   125     1   126 0.96 -
d2gv8a2c.3.1.5       -            107 d1h6va2c.3.1.5.aln   -            232   4.8e-08   27.8   0.0   1   1   1.9e-09   7.7e-08   27.1   0.0    18   136     2   107     1   107 0.94 -
#
# Program:         hmmsearch
# Version:         3.3.2 (Nov 2020)
# Pipeline mode:   SEARCH
# Query file:      /home/elise/Documents/M1-BIM/S2/TMEs/SBAS/tme08/models/scop30/d1h6va2c.3.1.5.aln.hmm
# Target file:     /home/elise/Documents/M1-BIM/S2/TMEs/SBAS/tme08/scop/scop/scopTestSeq.fasta
# Option settings: hmmsearch --domtblout /home/elise/Documents/M1-BIM/S2/TMEs/SBAS/tme08/searchResults/scop30/d1h6va2c.3.1.5.aln.out -E 1 /home/elise/Documents/M1-BIM/S2/TMEs/SBAS/tme08/models/scop30/d1h6va2c.3.1.5.aln.hmm /home/elise/Documents/M1-BIM/S2/TMEs/SBAS/tme08/scop/scop/scopTestSeq.fasta 
# Current dir:     /home/elise/Documents/M1-BIM/S2/TMEs/SBAS/tme08
# Date:            Thu Apr 10 10:02:18 2025
# [ok]
