#                                                                            --- full sequence --- -------------- this domain -------------   hmm coord   ali coord   env coord
# target name        accession   tlen query name           accession   qlen   E-value  score  bias   #  of  c-Evalue  i-Evalue  score  bias  from    to  from    to  from    to  acc description of target
#------------------- ---------- ----- -------------------- ---------- ----- --------- ------ ----- --- --- --------- --------- ------ ----- ----- ----- ----- ----- ----- ----- ---- ---------------------
d2nvwa1c.2.1.3       -            238 d1h6da1c.2.1.3.aln   -            201   9.3e-45  148.5   0.0   1   1   3.6e-46     1e-44  148.3   0.0     1   199     1   238     1   238 1.00 -
d1p1ja1c.2.1.3       -            411 d1h6da1c.2.1.3.aln   -            201   1.5e-40  134.7   0.0   1   1     7e-42     2e-40  134.3   0.0     1   201    39   336    39   336 1.00 -
d1drua1c.2.1.3       -            161 d1h6da1c.2.1.3.aln   -            201   4.1e-35  117.0   0.2   1   1   1.5e-36   4.5e-35  116.9   0.2    20   183     3   160     1   161 0.97 -
d1tlta1c.2.1.3       -            165 d1h6da1c.2.1.3.aln   -            201   6.7e-35  116.3   0.0   1   1   2.5e-36   7.3e-35  116.2   0.0    19   187     1   164     1   165 0.99 -
d1xeaa1c.2.1.3       -            168 d1h6da1c.2.1.3.aln   -            201   7.1e-35  116.2   0.0   1   1   2.9e-36   8.4e-35  116.0   0.0    20   186     2   166     1   167 0.97 -
d3cina1c.2.1.3       -            276 d1h6da1c.2.1.3.aln   -            201   2.2e-33  111.3   0.0   1   1   1.2e-34   3.4e-33  110.7   0.0    19   201     1   276     1   276 1.00 -
d1zh8a1c.2.1.3       -            182 d1h6da1c.2.1.3.aln   -            201   3.6e-33  110.6   0.0   1   1   1.3e-34   3.9e-33  110.5   0.0    19   192     2   182     1   182 0.99 -
d1h9aa1c.2.1.3       -            196 d1h6da1c.2.1.3.aln   -            201   7.3e-33  109.6   0.1   1   1   2.8e-34   8.1e-33  109.5   0.1    15   194     1   195     1   196 0.99 -
d1f06a1c.2.1.3       -            171 d1h6da1c.2.1.3.aln   -            201   7.9e-33  109.5   0.1   1   1     3e-34   8.7e-33  109.4   0.1    18   186     1   171     1   171 0.99 -
d1ydwa1c.2.1.3       -            185 d1h6da1c.2.1.3.aln   -            201   2.3e-32  108.0   0.0   1   1   8.5e-34   2.5e-32  107.9   0.0    20   188     1   184     1   185 0.99 -
d1lc0a1c.2.1.3       -            173 d1h6da1c.2.1.3.aln   -            201   2.5e-31  104.6   0.0   1   1   9.6e-33   2.8e-31  104.5   0.0    14   188     1   173     1   173 0.99 -
d1e5qa1c.2.1.3       -            183 d1h6da1c.2.1.3.aln   -            201   5.3e-30  100.3   0.6   1   1     2e-31   5.9e-30  100.2   0.6    20   188     2   182     1   183 0.98 -
d1gr0a1c.2.1.3       -            244 d1h6da1c.2.1.3.aln   -            201   1.4e-29   99.0   1.0   1   1   5.2e-31   1.5e-29   98.8   1.0    20   193     2   244     1   244 0.99 -
d2g82a1c.2.1.3       -            169 d1h6da1c.2.1.3.aln   -            201   2.4e-29   98.2   0.2   1   1     9e-31   2.6e-29   98.0   0.2    21   183     1   164     1   168 0.94 -
d1qkia1c.2.1.3       -            204 d1h6da1c.2.1.3.aln   -            201     4e-29   97.4   0.0   1   1   1.5e-30   4.4e-29   97.3   0.0    16   190     1   203     1   204 0.99 -
d1cf2o1c.2.1.3       -            172 d1h6da1c.2.1.3.aln   -            201   1.7e-27   92.1   0.6   1   1   6.5e-29   1.9e-27   92.0   0.6    20   184     1   171     1   172 0.98 -
d1vkna1c.2.1.3       -            177 d1h6da1c.2.1.3.aln   -            201   1.7e-27   92.1   0.0   1   1     7e-29     2e-27   91.9   0.0    19   186     1   175     1   176 0.98 -
d1nvmb1c.2.1.3       -            158 d1h6da1c.2.1.3.aln   -            201     4e-27   90.9   0.2   1   1   1.5e-28   4.5e-27   90.7   0.2    17   184     1   157     1   158 0.98 -
d1q0qa2c.2.1.3       -            152 d1h6da1c.2.1.3.aln   -            201   5.5e-27   90.4   0.0   1   1   2.1e-28   6.1e-27   90.3   0.0    19   178     1   152     1   152 0.97 -
d1ebfa1c.2.1.3       -            169 d1h6da1c.2.1.3.aln   -            201     3e-26   88.1   0.4   1   1   1.1e-27   3.2e-26   87.9   0.4    18   187     2   168     1   169 0.98 -
d1yl7a1c.2.1.3       -            136 d1h6da1c.2.1.3.aln   -            201   2.2e-24   82.0   0.1   1   1   1.1e-25   3.1e-24   81.5   0.1    21   180     1   134     1   135 0.98 -
d1t4ba1c.2.1.3       -            147 d1h6da1c.2.1.3.aln   -            201     6e-24   80.5   0.0   1   1   2.3e-25   6.6e-24   80.4   0.0    19   182     1   146     1   147 0.98 -
d1j5pa4c.2.1.3       -            133 d1h6da1c.2.1.3.aln   -            201   5.8e-20   67.5   0.0   1   1   2.3e-21   6.8e-20   67.3   0.0    19   167     1   123     1   132 0.96 -
d1vm6a3c.2.1.3       -            129 d1h6da1c.2.1.3.aln   -            201   6.5e-19   64.1   0.1   1   1   6.5e-20   1.9e-18   62.6   0.1    20   179     1   127     1   128 0.97 -
d1h6da1c.2.1.3       -            222 d1h6da1c.2.1.3.aln   -            201   1.6e-06   23.6   0.0   1   1   6.5e-08   1.9e-06   23.4   0.0    51   126    65   151    52   214 0.84 -
d1jaya_c.2.1.6       -            212 d1h6da1c.2.1.3.aln   -            201   0.00043   15.7   0.1   1   1   1.9e-05   0.00056   15.3   0.1    20   135     1   124     1   146 0.71 -
d1t1ra3c.2.1.3       -             26 d1h6da1c.2.1.3.aln   -            201   0.00068   15.1   0.0   1   1   2.3e-05   0.00068   15.1   0.0   152   178     1    25     1    26 0.93 -
#
# Program:         hmmsearch
# Version:         3.3.2 (Nov 2020)
# Pipeline mode:   SEARCH
# Query file:      /home/elise/Documents/M1-BIM/S2/TMEs/SBAS/tme08/models/scop30/d1h6da1c.2.1.3.aln.hmm
# Target file:     /home/elise/Documents/M1-BIM/S2/TMEs/SBAS/tme08/scop/scop/scopTestSeq.fasta
# Option settings: hmmsearch --domtblout /home/elise/Documents/M1-BIM/S2/TMEs/SBAS/tme08/searchResults/scop30/d1h6da1c.2.1.3.aln.out -E 1 /home/elise/Documents/M1-BIM/S2/TMEs/SBAS/tme08/models/scop30/d1h6da1c.2.1.3.aln.hmm /home/elise/Documents/M1-BIM/S2/TMEs/SBAS/tme08/scop/scop/scopTestSeq.fasta 
# Current dir:     /home/elise/Documents/M1-BIM/S2/TMEs/SBAS/tme08
# Date:            Thu Apr 10 10:02:18 2025
# [ok]
