#                                                                            --- full sequence --- -------------- this domain -------------   hmm coord   ali coord   env coord
# target name        accession   tlen query name           accession   qlen   E-value  score  bias   #  of  c-Evalue  i-Evalue  score  bias  from    to  from    to  from    to  acc description of target
#------------------- ---------- ----- -------------------- ---------- ----- --------- ------ ----- --- --- --------- --------- ------ ----- ----- ----- ----- ----- ----- ----- ---- ---------------------
d1qdda_d.169.1.1     -            144 d1h8ua_d.169.1.1.aln -            131   4.9e-44  145.3   3.0   1   1   8.3e-46   5.4e-44  145.2   3.0     2   129    13   143    12   144 0.98 -
d1wmza_d.169.1.1     -            140 d1h8ua_d.169.1.1.aln -            131   1.1e-40  134.5   8.4   1   1   1.8e-42   1.2e-40  134.4   8.4     2   130     2   139     1   140 0.98 -
d2ziba_d.169.1.1     -            130 d1h8ua_d.169.1.1.aln -            131   4.2e-40  132.6   4.0   1   1   7.1e-42   4.7e-40  132.4   4.0     2   130     6   129     5   130 0.98 -
d3l9jc_d.169.1.1     -            134 d1h8ua_d.169.1.1.aln -            131   1.5e-39  130.8   2.6   1   1   2.6e-41   1.7e-39  130.6   2.6     2   129     2   133     1   134 0.97 -
d1qo3c_d.169.1.1     -            133 d1h8ua_d.169.1.1.aln -            131   4.1e-38  126.1   4.1   1   1     7e-40   4.6e-38  126.0   4.1     2   130    13   132    12   133 0.97 -
d1g1ta1d.169.1.1     -            118 d1h8ua_d.169.1.1.aln -            131   8.6e-38  125.1   5.6   1   1   1.4e-39   9.5e-38  125.0   5.6    13   127     1   118     1   118 0.98 -
d1gz2a_d.169.1.1     -            139 d1h8ua_d.169.1.1.aln -            131   7.2e-37  122.1   0.0   1   1   1.2e-38     8e-37  122.0   0.0     2   129     1   138     1   139 0.98 -
d3hupa_d.169.1.1     -            121 d1h8ua_d.169.1.1.aln -            131   7.3e-35  115.6  10.5   1   1   1.2e-36   8.1e-35  115.5  10.5     2   130     6   120     5   121 0.98 -
d1wk1a_d.169.1.1     -            150 d1h8ua_d.169.1.1.aln -            131   1.1e-34  115.1   0.0   1   1   1.8e-36   1.2e-34  114.9   0.0     7   130     3   131     1   132 0.97 -
d1pwba1d.169.1.1     -            121 d1h8ua_d.169.1.1.aln -            131   4.8e-34  113.0   0.0   1   1     8e-36   5.3e-34  112.9   0.0     6   128     2   121     1   121 0.95 -
d1byfa_d.169.1.1     -            123 d1h8ua_d.169.1.1.aln -            131   7.5e-34  112.4   0.1   1   1   1.2e-35   8.2e-34  112.2   0.1    13   130     2   122     1   123 0.98 -
d1kg0c_d.169.1.1     -            136 d1h8ua_d.169.1.1.aln -            131   5.3e-32  106.4   3.5   1   1   9.6e-34   6.3e-32  106.1   3.5     1   130    17   135    17   136 0.98 -
#
# Program:         hmmsearch
# Version:         3.3.2 (Nov 2020)
# Pipeline mode:   SEARCH
# Query file:      /home/elise/Documents/M1-BIM/S2/TMEs/SBAS/tme08/models/scop30/d1h8ua_d.169.1.1.aln.hmm
# Target file:     /home/elise/Documents/M1-BIM/S2/TMEs/SBAS/tme08/scop/scop/scopTestSeq.fasta
# Option settings: hmmsearch --domtblout /home/elise/Documents/M1-BIM/S2/TMEs/SBAS/tme08/searchResults/scop30/d1h8ua_d.169.1.1.aln.out -E 1 /home/elise/Documents/M1-BIM/S2/TMEs/SBAS/tme08/models/scop30/d1h8ua_d.169.1.1.aln.hmm /home/elise/Documents/M1-BIM/S2/TMEs/SBAS/tme08/scop/scop/scopTestSeq.fasta 
# Current dir:     /home/elise/Documents/M1-BIM/S2/TMEs/SBAS/tme08
# Date:            Thu Apr 10 10:02:18 2025
# [ok]
