#                                                                            --- full sequence --- -------------- this domain -------------   hmm coord   ali coord   env coord
# target name        accession   tlen query name           accession   qlen   E-value  score  bias   #  of  c-Evalue  i-Evalue  score  bias  from    to  from    to  from    to  acc description of target
#------------------- ---------- ----- -------------------- ---------- ----- --------- ------ ----- --- --- --------- --------- ------ ----- ----- ----- ----- ----- ----- ----- ---- ---------------------
d1gr0a1c.2.1.3       -            244 d1h9aa1c.2.1.3.aln   -            227   1.3e-54  180.7   1.7   1   1   5.1e-56   1.4e-54  180.5   1.7     1   221     1   244     1   244 0.99 -
d3cina1c.2.1.3       -            276 d1h9aa1c.2.1.3.aln   -            227   1.7e-51  170.5   0.0   1   1   6.7e-53   1.9e-51  170.3   0.0     1   227     1   276     1   276 0.99 -
d1h6da1c.2.1.3       -            222 d1h9aa1c.2.1.3.aln   -            227   2.7e-51  169.8   0.0   1   1   1.1e-52     3e-51  169.6   0.0    18   220     1   222     1   222 0.99 -
d1p1ja1c.2.1.3       -            411 d1h9aa1c.2.1.3.aln   -            227   7.8e-48  158.5   0.0   1   1   7.7e-49   2.2e-47  157.0   0.0     1   227     8   329     8   329 0.94 -
d1qkia1c.2.1.3       -            204 d1h9aa1c.2.1.3.aln   -            227   7.5e-39  129.1   0.0   1   1   3.2e-40     9e-39  128.8   0.0    31   222     1   203     1   203 0.99 -
d2nvwa1c.2.1.3       -            238 d1h9aa1c.2.1.3.aln   -            227   1.6e-36  121.5   0.0   1   1   6.4e-38   1.8e-36  121.3   0.0    32   227     1   237     1   237 0.99 -
d1xeaa1c.2.1.3       -            168 d1h9aa1c.2.1.3.aln   -            227   5.1e-36  119.8   0.0   1   1     2e-37   5.6e-36  119.7   0.0    51   217     2   168     1   168 0.98 -
d1tlta1c.2.1.3       -            165 d1h9aa1c.2.1.3.aln   -            227   2.9e-34  114.1   0.0   1   1   1.1e-35   3.1e-34  114.0   0.0    50   215     1   163     1   165 0.98 -
d1ydwa1c.2.1.3       -            185 d1h9aa1c.2.1.3.aln   -            227   1.1e-32  108.9   0.1   1   1   4.3e-34   1.2e-32  108.8   0.1    52   217     2   184     1   185 0.97 -
d1lc0a1c.2.1.3       -            173 d1h9aa1c.2.1.3.aln   -            227   1.4e-31  105.3   0.0   1   1   5.9e-33   1.7e-31  105.1   0.0    45   216     1   171     1   172 0.98 -
d1drua1c.2.1.3       -            161 d1h9aa1c.2.1.3.aln   -            227   4.9e-31  103.5   0.1   1   1   1.9e-32   5.3e-31  103.4   0.1    50   216     2   160     1   161 0.99 -
d1zh8a1c.2.1.3       -            182 d1h9aa1c.2.1.3.aln   -            227   4.7e-30  100.3   0.0   1   1   1.8e-31   5.1e-30  100.2   0.0    49   219     2   180     1   182 0.98 -
d1f06a1c.2.1.3       -            171 d1h9aa1c.2.1.3.aln   -            227   8.6e-30   99.5   0.1   1   1   3.3e-31   9.4e-30   99.3   0.1    49   217     1   169     1   171 0.98 -
d1cf2o1c.2.1.3       -            172 d1h9aa1c.2.1.3.aln   -            227   7.4e-29   96.4   1.1   1   1     3e-30   8.6e-29   96.2   1.1    51   216     1   170     1   171 0.98 -
d1e5qa1c.2.1.3       -            183 d1h9aa1c.2.1.3.aln   -            227   3.7e-28   94.1   0.6   1   1   1.4e-29   4.1e-28   94.0   0.6    52   221     3   182     1   183 0.99 -
d2g82a1c.2.1.3       -            169 d1h9aa1c.2.1.3.aln   -            227   4.3e-28   93.9   0.2   1   1   1.7e-29   4.7e-28   93.8   0.2    52   217     1   168     1   169 0.98 -
d1ebfa1c.2.1.3       -            169 d1h9aa1c.2.1.3.aln   -            227   1.2e-26   89.2   0.3   1   1   4.5e-28   1.3e-26   89.1   0.3    49   220     2   167     1   169 0.98 -
d1q0qa2c.2.1.3       -            152 d1h9aa1c.2.1.3.aln   -            227   7.2e-26   86.6   0.0   1   1   2.8e-27   7.9e-26   86.5   0.0    50   210     1   151     1   152 0.97 -
d1vkna1c.2.1.3       -            177 d1h9aa1c.2.1.3.aln   -            227   8.3e-26   86.4   0.0   1   1   3.3e-27   9.2e-26   86.3   0.0    50   220     1   176     1   177 0.99 -
d1nvmb1c.2.1.3       -            158 d1h9aa1c.2.1.3.aln   -            227   3.1e-23   78.0   0.2   1   1   1.2e-24   3.4e-23   77.9   0.2    48   217     1   157     1   158 0.92 -
d1t4ba1c.2.1.3       -            147 d1h9aa1c.2.1.3.aln   -            227   1.8e-22   75.5   0.0   1   1     7e-24     2e-22   75.4   0.0    50   215     1   146     1   147 0.98 -
d1yl7a1c.2.1.3       -            136 d1h9aa1c.2.1.3.aln   -            227   1.4e-21   72.6   0.0   1   1   7.1e-23     2e-21   72.1   0.0    52   213     1   134     1   136 0.98 -
d1vm6a3c.2.1.3       -            129 d1h9aa1c.2.1.3.aln   -            227   6.1e-18   60.7   0.0   1   1   6.7e-19   1.9e-17   59.1   0.0    51   212     1   127     1   128 0.97 -
d1j5pa4c.2.1.3       -            133 d1h9aa1c.2.1.3.aln   -            227   5.1e-17   57.7   0.0   1   1   2.1e-18   5.8e-17   57.5   0.0    50   208     1   128     1   133 0.94 -
d1jaya_c.2.1.6       -            212 d1h9aa1c.2.1.3.aln   -            227   2.6e-05   19.4   0.0   1   1   1.3e-06   3.7e-05   18.9   0.0    51   123     1    78     1    98 0.87 -
d1gpja2c.2.1.7       -            159 d1h9aa1c.2.1.3.aln   -            227     0.001   14.1   0.7   1   1   5.2e-05    0.0015   13.6   0.7    52   131    25   109    23   111 0.91 -
d2ahra2c.2.1.6       -            152 d1h9aa1c.2.1.3.aln   -            227    0.0016   13.5   0.0   1   2   0.00013    0.0037   12.4   0.0    52   111     1    59     1    63 0.84 -
d2ahra2c.2.1.6       -            152 d1h9aa1c.2.1.3.aln   -            227    0.0016   13.5   0.0   2   2       3.4        95   -2.1   0.0   195   220    96   121    86   123 0.77 -
d1t1ra3c.2.1.3       -             26 d1h9aa1c.2.1.3.aln   -            227    0.0022   13.0   0.0   1   1     8e-05    0.0022   13.0   0.0   187   211     1    25     1    26 0.94 -
#
# Program:         hmmsearch
# Version:         3.3.2 (Nov 2020)
# Pipeline mode:   SEARCH
# Query file:      /home/elise/Documents/M1-BIM/S2/TMEs/SBAS/tme08/models/scop30/d1h9aa1c.2.1.3.aln.hmm
# Target file:     /home/elise/Documents/M1-BIM/S2/TMEs/SBAS/tme08/scop/scop/scopTestSeq.fasta
# Option settings: hmmsearch --domtblout /home/elise/Documents/M1-BIM/S2/TMEs/SBAS/tme08/searchResults/scop30/d1h9aa1c.2.1.3.aln.out -E 1 /home/elise/Documents/M1-BIM/S2/TMEs/SBAS/tme08/models/scop30/d1h9aa1c.2.1.3.aln.hmm /home/elise/Documents/M1-BIM/S2/TMEs/SBAS/tme08/scop/scop/scopTestSeq.fasta 
# Current dir:     /home/elise/Documents/M1-BIM/S2/TMEs/SBAS/tme08
# Date:            Thu Apr 10 10:02:18 2025
# [ok]
