#                                                                            --- full sequence --- -------------- this domain -------------   hmm coord   ali coord   env coord
# target name        accession   tlen query name           accession   qlen   E-value  score  bias   #  of  c-Evalue  i-Evalue  score  bias  from    to  from    to  from    to  acc description of target
#------------------- ---------- ----- -------------------- ---------- ----- --------- ------ ----- --- --- --------- --------- ------ ----- ----- ----- ----- ----- ----- ----- ---- ---------------------
d1b8aa2d.104.1.1     -            335 d1hc7a2d.104.1.1.aln -            312   2.8e-87  288.6   5.5   1   1   5.6e-89   3.1e-87  288.4   5.5     3   308     7   334     5   335 0.99 -
d12asa_d.104.1.1     -            327 d1hc7a2d.104.1.1.aln -            312     2e-84  279.2   0.0   1   1   3.9e-86   2.2e-84  279.1   0.0     5   310     2   323     1   325 0.99 -
d1wu7a2d.104.1.1     -            327 d1hc7a2d.104.1.1.aln -            312   9.4e-84  277.0   0.3   1   1   1.9e-85   1.1e-83  276.9   0.3     2   311     6   319     5   320 0.99 -
d1atia2d.104.1.1     -            394 d1hc7a2d.104.1.1.aln -            312   1.8e-81  269.5   6.0   1   1   3.7e-83   2.1e-81  269.3   6.0     2   312    20   353    19   353 0.99 -
d1qf6a4d.104.1.1     -            291 d1hc7a2d.104.1.1.aln -            312     6e-81  267.8   0.3   1   1   1.2e-82   6.6e-81  267.7   0.3     1   310     1   290     1   291 0.99 -
d1nnha_d.104.1.1     -            293 d1hc7a2d.104.1.1.aln -            312   6.4e-77  254.6   1.6   1   1   1.3e-78   7.1e-77  254.4   1.6     2   309     2   292     1   293 0.99 -
d1z7ma1d.104.1.1     -            318 d1hc7a2d.104.1.1.aln -            312   2.5e-76  252.7   0.1   1   1   4.9e-78   2.7e-76  252.5   0.1     2   312     3   314     2   314 0.99 -
d1h4vb2d.104.1.1     -            324 d1hc7a2d.104.1.1.aln -            312   1.3e-75  250.3   6.8   1   1   2.5e-77   1.4e-75  250.2   6.8     1   312     3   316     3   316 0.99 -
d1seta2d.104.1.1     -            311 d1hc7a2d.104.1.1.aln -            312   1.6e-75  250.0   1.8   1   1   3.2e-77   1.8e-75  249.8   1.8     3   311     3   310     1   311 0.99 -
d1g5ha2d.104.1.1     -            290 d1hc7a2d.104.1.1.aln -            312   9.1e-72  237.6   0.0   1   1   1.8e-73     1e-71  237.5   0.0     5   311     2   285     1   286 0.99 -
d1j5wa_d.104.1.1     -            281 d1hc7a2d.104.1.1.aln -            312     1e-70  234.2   1.1   1   1     2e-72   1.1e-70  234.1   1.1     1   306     2   281     2   281 0.99 -
d1usya_d.104.1.1     -            275 d1hc7a2d.104.1.1.aln -            312     3e-60  199.8   0.1   1   1   5.9e-62   3.3e-60  199.7   0.1    14   306     2   275     1   275 0.99 -
d1yfsa2d.104.1.1     -            236 d1hc7a2d.104.1.1.aln -            312   1.9e-54  180.7   0.3   1   1   3.8e-56   2.2e-54  180.6   0.3    16   294     3   235     1   236 0.98 -
d1jjcb5d.104.1.1     -            207 d1hc7a2d.104.1.1.aln -            312     2e-35  118.3   2.8   1   1   4.3e-37   2.4e-35  118.0   2.8     2   255     2   207     1   207 0.99 -
#
# Program:         hmmsearch
# Version:         3.3.2 (Nov 2020)
# Pipeline mode:   SEARCH
# Query file:      /home/elise/Documents/M1-BIM/S2/TMEs/SBAS/tme08/models/scop30/d1hc7a2d.104.1.1.aln.hmm
# Target file:     /home/elise/Documents/M1-BIM/S2/TMEs/SBAS/tme08/scop/scop/scopTestSeq.fasta
# Option settings: hmmsearch --domtblout /home/elise/Documents/M1-BIM/S2/TMEs/SBAS/tme08/searchResults/scop30/d1hc7a2d.104.1.1.aln.out -E 1 /home/elise/Documents/M1-BIM/S2/TMEs/SBAS/tme08/models/scop30/d1hc7a2d.104.1.1.aln.hmm /home/elise/Documents/M1-BIM/S2/TMEs/SBAS/tme08/scop/scop/scopTestSeq.fasta 
# Current dir:     /home/elise/Documents/M1-BIM/S2/TMEs/SBAS/tme08
# Date:            Thu Apr 10 10:02:18 2025
# [ok]
