#                                                                            --- full sequence --- -------------- this domain -------------   hmm coord   ali coord   env coord
# target name        accession   tlen query name           accession   qlen   E-value  score  bias   #  of  c-Evalue  i-Evalue  score  bias  from    to  from    to  from    to  acc description of target
#------------------- ---------- ----- -------------------- ---------- ----- --------- ------ ----- --- --- --------- --------- ------ ----- ----- ----- ----- ----- ----- ----- ---- ---------------------
d1luza_b.40.4.5      -             85 d1hh2p1b.40.4.5.aln  -             92   4.9e-17   57.0   0.3   1   1   2.5e-18   5.2e-17   57.0   0.3     2    87     2    85     1    85 0.97 -
d2je6i1b.40.4.5      -             87 d1hh2p1b.40.4.5.aln  -             92   5.6e-17   56.8   0.5   1   1     3e-18   6.1e-17   56.7   0.5     2    87     1    86     1    87 0.98 -
d1jt8a_b.40.4.5      -            102 d1hh2p1b.40.4.5.aln  -             92   3.4e-16   54.3   0.3   1   1   1.8e-17   3.8e-16   54.2   0.3     2    92     2    95     1    95 0.97 -
d2ja9a1b.40.4.5      -             90 d1hh2p1b.40.4.5.aln  -             92   4.5e-16   54.0   0.0   1   1   2.3e-17   4.8e-16   53.9   0.0     2    90     1    86     1    88 0.97 -
d3bzka4b.40.4.5      -             94 d1hh2p1b.40.4.5.aln  -             92   3.1e-15   51.3   0.8   1   1   1.7e-16   3.6e-15   51.1   0.8     2    78    12    85    11    91 0.95 -
d2nn6i1b.40.4.5      -            125 d1hh2p1b.40.4.5.aln  -             92   3.8e-15   51.0   0.0   1   1   2.1e-16   4.4e-15   50.8   0.0     3    91     2    97     1    98 0.97 -
d1go3e1b.40.4.5      -            106 d1hh2p1b.40.4.5.aln  -             92   6.6e-15   50.2   0.6   1   1   3.7e-16   7.7e-15   50.0   0.6     6    92     1    94     1    94 0.98 -
d1y14b1b.40.4.5      -             91 d1hh2p1b.40.4.5.aln  -             92   2.3e-14   48.5   0.0   1   1   1.2e-15   2.6e-14   48.4   0.0     6    92     1    87     1    87 0.97 -
d1wi5a_b.40.4.5      -            119 d1hh2p1b.40.4.5.aln  -             92   8.1e-14   46.8   0.0   1   1   4.6e-15   9.4e-14   46.6   0.0     6    89    19   101    14   104 0.93 -
d2nn6h1b.40.4.5      -             95 d1hh2p1b.40.4.5.aln  -             92   1.3e-13   46.1   0.1   1   1     7e-15   1.5e-13   46.0   0.1     2    86     2    93     1    95 0.97 -
d2ix0a1b.40.4.5      -             90 d1hh2p1b.40.4.5.aln  -             92   1.7e-13   45.8   0.0   1   1   8.8e-15   1.8e-13   45.7   0.0    10    92     2    90     1    90 0.98 -
d1wfqa_b.40.4.5      -             89 d1hh2p1b.40.4.5.aln  -             92   5.9e-13   44.1   0.0   1   1     3e-14   6.3e-13   43.9   0.0     4    88     2    88     1    89 0.96 -
d2uubq1b.40.4.5      -            100 d1hh2p1b.40.4.5.aln  -             92   1.4e-12   42.8   2.5   1   1     8e-14   1.7e-12   42.6   2.5    10    92     4    86     1    86 0.96 -
d1smxa_b.40.4.5      -             87 d1hh2p1b.40.4.5.aln  -             92   2.2e-12   42.2   0.0   1   1   1.3e-13   2.6e-12   42.0   0.0    10    87     4    87     2    87 0.95 -
d1kl9a2b.40.4.5      -             86 d1hh2p1b.40.4.5.aln  -             92   4.8e-12   41.2   1.2   1   1   2.5e-13   5.2e-12   41.0   1.2     2    81     7    85     6    86 0.96 -
d1d7qa_b.40.4.5      -            143 d1hh2p1b.40.4.5.aln  -             92   5.3e-12   41.0   0.2   1   2   2.6e-13   5.3e-12   41.0   0.2     2    91     2   105     1   106 0.97 -
d1d7qa_b.40.4.5      -            143 d1hh2p1b.40.4.5.aln  -             92   5.3e-12   41.0   0.2   2   2       7.8   1.6e+02   -2.0   0.1    53    76   117   140   111   141 0.73 -
d2ix0a3b.40.4.5      -             87 d1hh2p1b.40.4.5.aln  -             92   1.5e-11   39.6   0.1   1   1   7.8e-13   1.6e-11   39.5   0.1     7    87     2    85     1    87 0.96 -
d2vnud2b.40.4.5      -             88 d1hh2p1b.40.4.5.aln  -             92   5.5e-11   37.8   0.6   1   1     3e-12   6.3e-11   37.6   0.6     2    77     5    84     4    87 0.96 -
d2vnud1b.40.4.5      -             95 d1hh2p1b.40.4.5.aln  -             92     1e-10   36.9   0.0   1   1   5.5e-12   1.1e-10   36.8   0.0     1    88    10    95    10    95 0.97 -
d2vnud3b.40.4.5      -            148 d1hh2p1b.40.4.5.aln  -             92   1.9e-10   36.1   0.0   1   1   1.2e-11   2.6e-10   35.6   0.0     1    92    14   124    14   124 0.97 -
d1e3pa2b.40.4.5      -             62 d1hh2p1b.40.4.5.aln  -             92   2.5e-10   35.7   0.1   1   1   1.3e-11   2.6e-10   35.6   0.1    14    72     1    60     1    62 0.96 -
d2uubl1b.40.4.5      -            118 d1hh2p1b.40.4.5.aln  -             92   5.8e-10   34.5   2.5   1   1   3.1e-11   6.5e-10   34.3   2.5     4    91     8   108     5   109 0.96 -
d1t9ha1b.40.4.5      -             67 d1hh2p1b.40.4.5.aln  -             92     6e-10   34.5   0.2   1   1   3.3e-11   6.9e-10   34.3   0.2    12    78     2    64     1    66 0.93 -
d1jjga_b.40.4.5      -            102 d1hh2p1b.40.4.5.aln  -             92   1.1e-09   33.6   0.3   1   1     6e-11   1.3e-09   33.4   0.3     3    90     2    93     1    95 0.95 -
d1a62a2b.40.4.5      -             78 d1hh2p1b.40.4.5.aln  -             92   3.3e-09   32.1   0.0   1   1   1.7e-10   3.5e-09   32.0   0.0    10    88     2    76     1    78 0.95 -
d3i4oa_b.40.4.5      -             68 d1hh2p1b.40.4.5.aln  -             92   6.5e-09   31.2   0.2   1   1   3.3e-10   6.7e-09   31.1   0.2     9    80     3    67     1    68 0.95 -
d1c9oa_b.40.4.5      -             66 d1hh2p1b.40.4.5.aln  -             92   6.6e-09   31.1   0.0   1   1   3.4e-10     7e-09   31.1   0.0    10    80     2    65     1    66 0.95 -
d1u0la1b.40.4.5      -             66 d1hh2p1b.40.4.5.aln  -             92   1.3e-08   30.2   0.3   1   1   6.6e-10   1.4e-08   30.1   0.3    11    80     2    65     1    66 0.93 -
d2asba1b.40.4.5      -             76 d1hh2p1b.40.4.5.aln  -             92   1.4e-08   30.1   0.2   1   1     7e-10   1.5e-08   30.0   0.2     7    81     3    75     1    76 0.95 -
d1khia2b.40.4.5      -             71 d1hh2p1b.40.4.5.aln  -             92   1.7e-08   29.9   0.1   1   1   8.5e-10   1.8e-08   29.8   0.1     3    72     1    69     1    71 0.95 -
d2ix0a2b.40.4.5      -             79 d1hh2p1b.40.4.5.aln  -             92   2.7e-08   29.2   0.0   1   1   1.4e-09   2.8e-08   29.1   0.0    10    81     7    76     1    78 0.89 -
d1ueba2b.40.4.5      -             63 d1hh2p1b.40.4.5.aln  -             92   4.1e-08   28.6   0.0   1   1   2.2e-09   4.7e-08   28.4   0.0     8    70     2    60     1    62 0.95 -
d1bkba2b.40.4.5      -             65 d1hh2p1b.40.4.5.aln  -             92   7.3e-08   27.8   0.2   1   1   3.6e-09   7.6e-08   27.8   0.2    11    77     2    64     1    65 0.95 -
d1ne3a_b.40.4.5      -             68 d1hh2p1b.40.4.5.aln  -             92   1.6e-06   23.6   0.1   1   1   7.6e-08   1.6e-06   23.6   0.1     9    75     2    66     1    68 0.92 -
d1x6oa2b.40.4.5      -             79 d1hh2p1b.40.4.5.aln  -             92   1.6e-06   23.6   0.0   1   1   7.8e-08   1.6e-06   23.5   0.0     7    81     2    77     1    79 0.94 -
d1rl2a2b.40.4.5      -             66 d1hh2p1b.40.4.5.aln  -             92   3.7e-05   19.2   0.1   1   1   1.9e-06   3.9e-05   19.1   0.1    10    77     2    65     1    66 0.95 -
d2r7da1b.40.4.5      -             58 d1hh2p1b.40.4.5.aln  -             92   0.00094   14.7   0.0   1   1   0.00032    0.0066   12.0   0.0    10    78     2    55     1    58 0.79 -
d1ueba3b.40.4.5      -             58 d1hh2p1b.40.4.5.aln  -             92    0.0043   12.6   0.5   1   1   0.00021    0.0045   12.6   0.5    11    73     1    56     1    58 0.93 -
#
# Program:         hmmsearch
# Version:         3.3.2 (Nov 2020)
# Pipeline mode:   SEARCH
# Query file:      /home/elise/Documents/M1-BIM/S2/TMEs/SBAS/tme08/models/scop30/d1hh2p1b.40.4.5.aln.hmm
# Target file:     /home/elise/Documents/M1-BIM/S2/TMEs/SBAS/tme08/scop/scop/scopTestSeq.fasta
# Option settings: hmmsearch --domtblout /home/elise/Documents/M1-BIM/S2/TMEs/SBAS/tme08/searchResults/scop30/d1hh2p1b.40.4.5.aln.out -E 1 /home/elise/Documents/M1-BIM/S2/TMEs/SBAS/tme08/models/scop30/d1hh2p1b.40.4.5.aln.hmm /home/elise/Documents/M1-BIM/S2/TMEs/SBAS/tme08/scop/scop/scopTestSeq.fasta 
# Current dir:     /home/elise/Documents/M1-BIM/S2/TMEs/SBAS/tme08
# Date:            Thu Apr 10 10:02:18 2025
# [ok]
