#                                                                            --- full sequence --- -------------- this domain -------------   hmm coord   ali coord   env coord
# target name        accession   tlen query name           accession   qlen   E-value  score  bias   #  of  c-Evalue  i-Evalue  score  bias  from    to  from    to  from    to  acc description of target
#------------------- ---------- ----- -------------------- ---------- ----- --------- ------ ----- --- --- --------- --------- ------ ----- ----- ----- ----- ----- ----- ----- ---- ---------------------
d1ji1a2b.71.1.1      -             83 d1ht6a1b.71.1.1.aln  -             84   1.2e-21   72.3   3.0   1   1   3.6e-23   1.3e-21   72.2   3.0     2    84     2    83     1    83 0.97 -
d1h3ga2b.71.1.1      -             83 d1ht6a1b.71.1.1.aln  -             84     4e-20   67.4   0.0   1   1   1.2e-21   4.3e-20   67.3   0.0     4    83     2    82     1    83 0.97 -
d1uasa1b.71.1.1      -             89 d1ht6a1b.71.1.1.aln  -             84   4.1e-20   67.4   0.6   1   1   1.2e-21   4.5e-20   67.3   0.6     2    83     5    85     4    86 0.97 -
d1ea9c2b.71.1.1      -             80 d1ht6a1b.71.1.1.aln  -             84   4.9e-20   67.1   0.0   1   1   1.5e-21   5.2e-20   67.0   0.0     2    79     2    79     1    80 0.97 -
d1j0ha2b.71.1.1      -             83 d1ht6a1b.71.1.1.aln  -             84   8.9e-19   63.1   0.0   1   1   2.7e-20   9.6e-19   63.0   0.0     3    80     4    83     2    83 0.98 -
d1szna1b.71.1.1      -            103 d1ht6a1b.71.1.1.aln  -             84   2.2e-18   61.9   0.2   1   1   7.1e-20   2.5e-18   61.7   0.2     2    83    16    95    15    96 0.97 -
d1bf2a2b.71.1.1      -            113 d1ht6a1b.71.1.1.aln  -             84   4.9e-18   60.8   2.7   1   1   1.7e-19   6.1e-18   60.4   2.7     1    83    20   106    20   107 0.98 -
d1e43a1b.71.1.1      -             90 d1ht6a1b.71.1.1.aln  -             84   3.1e-17   58.2   1.3   1   1   9.6e-19   3.5e-17   58.0   1.3     1    83     3    86     3    87 0.98 -
d2guya1b.71.1.1      -             95 d1ht6a1b.71.1.1.aln  -             84   5.4e-17   57.4   0.2   1   1   1.7e-18     6e-17   57.3   0.2     1    83     1    83     1    84 0.98 -
d1m7xa2b.71.1.1      -            106 d1ht6a1b.71.1.1.aln  -             84     6e-17   57.3   0.0   1   1     2e-18     7e-17   57.1   0.0     3    83     8    92     6    93 0.95 -
d1ua7a1b.71.1.1      -             78 d1ht6a1b.71.1.1.aln  -             84   2.6e-16   55.3   0.2   1   1   7.5e-18   2.7e-16   55.2   0.2     4    80     3    78     1    78 0.96 -
d1wzaa1b.71.1.1      -             79 d1ht6a1b.71.1.1.aln  -             84   3.9e-16   54.7   0.0   1   1   1.2e-17   4.2e-16   54.6   0.0     2    79     1    78     1    79 0.98 -
d1g5aa1b.71.1.1      -             74 d1ht6a1b.71.1.1.aln  -             84     7e-16   53.9   0.0   1   1   2.1e-17   7.5e-16   53.8   0.0     7    80     3    74     1    74 0.97 -
d2fhfa4b.71.1.1      -            118 d1ht6a1b.71.1.1.aln  -             84   2.7e-15   52.0   0.0   1   1   8.9e-17   3.2e-15   51.8   0.0     4    81    24   105    21   108 0.97 -
d3bmva3b.71.1.1      -             89 d1ht6a1b.71.1.1.aln  -             84   4.5e-15   51.3   1.8   1   1   1.4e-16   5.1e-15   51.1   1.8     2    82     1    81     1    83 0.96 -
d1mxga1b.71.1.1      -             74 d1ht6a1b.71.1.1.aln  -             84     6e-15   50.9   1.1   1   1   1.8e-16   6.3e-15   50.8   1.1     8    80     3    73     1    74 0.96 -
d1r7aa1b.71.1.1      -             70 d1ht6a1b.71.1.1.aln  -             84   4.4e-14   48.1   0.1   1   1   1.3e-15   4.6e-14   48.1   0.1    11    77     3    70     1    70 0.97 -
d2bhua2b.71.1.1      -             72 d1ht6a1b.71.1.1.aln  -             84     5e-11   38.4   0.1   1   1   1.5e-12   5.4e-11   38.3   0.1     2    78     3    71     2    72 0.96 -
d1gjwa1b.71.1.1      -             64 d1ht6a1b.71.1.1.aln  -             84   2.4e-10   36.2   0.0   1   1   8.1e-12   2.9e-10   35.9   0.0     2    77     1    64     1    64 0.96 -
d1lwha1b.71.1.1      -             50 d1ht6a1b.71.1.1.aln  -             84   4.2e-10   35.4   0.0   1   1   1.3e-11   4.7e-10   35.3   0.0     3    49     2    48     1    49 0.95 -
d1gcya1b.71.1.1      -             61 d1ht6a1b.71.1.1.aln  -             84     6e-10   34.9   0.2   1   1   1.7e-11   6.2e-10   34.9   0.2     3    59     4    60     2    61 0.95 -
d1kwga1b.71.1.1      -             54 d1ht6a1b.71.1.1.aln  -             84   2.5e-06   23.4   0.0   1   1     7e-08   2.5e-06   23.4   0.0    11    59     5    53     1    54 0.94 -
#
# Program:         hmmsearch
# Version:         3.3.2 (Nov 2020)
# Pipeline mode:   SEARCH
# Query file:      /home/elise/Documents/M1-BIM/S2/TMEs/SBAS/tme08/models/scop30/d1ht6a1b.71.1.1.aln.hmm
# Target file:     /home/elise/Documents/M1-BIM/S2/TMEs/SBAS/tme08/scop/scop/scopTestSeq.fasta
# Option settings: hmmsearch --domtblout /home/elise/Documents/M1-BIM/S2/TMEs/SBAS/tme08/searchResults/scop30/d1ht6a1b.71.1.1.aln.out -E 1 /home/elise/Documents/M1-BIM/S2/TMEs/SBAS/tme08/models/scop30/d1ht6a1b.71.1.1.aln.hmm /home/elise/Documents/M1-BIM/S2/TMEs/SBAS/tme08/scop/scop/scopTestSeq.fasta 
# Current dir:     /home/elise/Documents/M1-BIM/S2/TMEs/SBAS/tme08
# Date:            Thu Apr 10 10:02:18 2025
# [ok]
