#                                                                            --- full sequence --- -------------- this domain -------------   hmm coord   ali coord   env coord
# target name        accession   tlen query name           accession   qlen   E-value  score  bias   #  of  c-Evalue  i-Evalue  score  bias  from    to  from    to  from    to  acc description of target
#------------------- ---------- ----- -------------------- ---------- ----- --------- ------ ----- --- --- --------- --------- ------ ----- ----- ----- ----- ----- ----- ----- ---- ---------------------
d1evya2c.2.1.6       -            189 d1i36a2c.2.1.6.aln   -            181   1.7e-51  170.0   0.0   1   1   4.3e-53   1.9e-51  169.8   0.0     1   180     8   187     8   188 0.99 -
d1mv8a2c.2.1.6       -            202 d1i36a2c.2.1.6.aln   -            181   3.1e-50  165.9   0.0   1   1   7.8e-52   3.4e-50  165.8   0.0     1   180     1   193     1   194 0.99 -
d1bg6a2c.2.1.6       -            184 d1i36a2c.2.1.6.aln   -            181   9.6e-50  164.3   0.1   1   1   2.4e-51   1.1e-49  164.1   0.1     2   180     3   183     2   184 0.99 -
d1txga2c.2.1.6       -            180 d1i36a2c.2.1.6.aln   -            181   7.2e-47  154.9   0.0   1   1   1.8e-48   7.9e-47  154.8   0.0     1   180     1   179     1   180 0.99 -
d1f0ya2c.2.1.6       -            192 d1i36a2c.2.1.6.aln   -            181   9.6e-47  154.5   1.8   1   1   2.4e-48   1.1e-46  154.4   1.8     1   181     5   189     5   189 0.99 -
d1ks9a2c.2.1.6       -            167 d1i36a2c.2.1.6.aln   -            181   1.9e-45  150.3   0.0   1   1   4.8e-47   2.1e-45  150.1   0.0     1   181     1   167     1   167 0.99 -
d1dlja2c.2.1.6       -            196 d1i36a2c.2.1.6.aln   -            181     2e-45  150.2   0.1   1   1     5e-47   2.2e-45  150.1   0.1     1   180     1   187     1   188 0.99 -
d1lj8a4c.2.1.6       -            286 d1i36a2c.2.1.6.aln   -            181   2.3e-45  150.0   0.0   1   1   6.2e-47   2.7e-45  149.8   0.0     2   180    57   256    56   257 0.99 -
d1jaya_c.2.1.6       -            212 d1i36a2c.2.1.6.aln   -            181   1.8e-43  143.9   0.1   1   1   4.5e-45     2e-43  143.7   0.1     2   180     3   202     1   203 0.98 -
d2f1ka2c.2.1.6       -            165 d1i36a2c.2.1.6.aln   -            181   4.7e-43  142.5   0.0   1   1   1.2e-44   5.2e-43  142.3   0.0     1   180     1   165     1   165 0.99 -
d1vpda2c.2.1.6       -            161 d1i36a2c.2.1.6.aln   -            181   8.4e-38  125.4   0.5   1   1   2.1e-39   9.3e-38  125.2   0.5     1   180     1   160     1   161 0.98 -
d2pv7a2c.2.1.6       -            152 d1i36a2c.2.1.6.aln   -            181   1.9e-34  114.5   0.0   1   1   4.8e-36   2.1e-34  114.3   0.0     7   180     1   152     1   152 0.99 -
d2ahra2c.2.1.6       -            152 d1i36a2c.2.1.6.aln   -            181   4.9e-33  109.9   0.1   1   1   1.2e-34   5.5e-33  109.7   0.1     1   179     1   150     1   152 0.98 -
d1yqga2c.2.1.6       -            152 d1i36a2c.2.1.6.aln   -            181   6.3e-33  109.5   0.0   1   1   1.6e-34   7.1e-33  109.3   0.0     1   179     1   151     1   152 0.99 -
d2i76a2c.2.1.6       -            153 d1i36a2c.2.1.6.aln   -            181   2.1e-31  104.5   0.0   1   1   5.2e-33   2.3e-31  104.4   0.0     3   180     2   152     1   153 0.98 -
d1i36a2c.2.1.6       -            152 d1i36a2c.2.1.6.aln   -            181   0.00054   15.2   0.0   1   2   3.3e-05    0.0014   13.8   0.0     2    59     2    53     1    56 0.85 -
d1i36a2c.2.1.6       -            152 d1i36a2c.2.1.6.aln   -            181   0.00054   15.2   0.0   2   2       1.9        84   -1.7   0.0   141   175    70   107    62   108 0.67 -
d1gpja2c.2.1.7       -            159 d1i36a2c.2.1.6.aln   -            181    0.0011   14.1   0.2   1   1   3.9e-05    0.0017   13.6   0.2     1    36    25    60    25    74 0.80 -
d1xhca2c.3.1.5       -            122 d1i36a2c.2.1.6.aln   -            181    0.0086   11.3   1.6   1   2      0.62        27   -0.1   0.0    22    46     8    32     7    36 0.87 -
d1xhca2c.3.1.5       -            122 d1i36a2c.2.1.6.aln   -            181    0.0086   11.3   1.6   2   2   0.00046      0.02   10.1   1.0     4    31    36    63    34   110 0.92 -
#
# Program:         hmmsearch
# Version:         3.3.2 (Nov 2020)
# Pipeline mode:   SEARCH
# Query file:      /home/elise/Documents/M1-BIM/S2/TMEs/SBAS/tme08/models/scop30/d1i36a2c.2.1.6.aln.hmm
# Target file:     /home/elise/Documents/M1-BIM/S2/TMEs/SBAS/tme08/scop/scop/scopTestSeq.fasta
# Option settings: hmmsearch --domtblout /home/elise/Documents/M1-BIM/S2/TMEs/SBAS/tme08/searchResults/scop30/d1i36a2c.2.1.6.aln.out -E 1 /home/elise/Documents/M1-BIM/S2/TMEs/SBAS/tme08/models/scop30/d1i36a2c.2.1.6.aln.hmm /home/elise/Documents/M1-BIM/S2/TMEs/SBAS/tme08/scop/scop/scopTestSeq.fasta 
# Current dir:     /home/elise/Documents/M1-BIM/S2/TMEs/SBAS/tme08
# Date:            Thu Apr 10 10:02:18 2025
# [ok]
