#                                                                            --- full sequence --- -------------- this domain -------------   hmm coord   ali coord   env coord
# target name        accession   tlen query name           accession   qlen   E-value  score  bias   #  of  c-Evalue  i-Evalue  score  bias  from    to  from    to  from    to  acc description of target
#------------------- ---------- ----- -------------------- ---------- ----- --------- ------ ----- --- --- --------- --------- ------ ----- ----- ----- ----- ----- ----- ----- ---- ---------------------
d1jeta_c.94.1.1      -            517 d1i6aa_c.94.1.1.aln  -            345   5.2e-77  254.8   9.6   1   1   2.5e-78   6.5e-77  254.5   9.6     1   345   134   480   134   480 0.99 -
d1eu8a_c.94.1.1      -            407 d1i6aa_c.94.1.1.aln  -            345   2.9e-73  242.5   5.5   1   1   1.3e-74   3.4e-73  242.3   5.5     1   344    50   402    50   403 0.99 -
d1vr5a1c.94.1.1      -            535 d1i6aa_c.94.1.1.aln  -            345   1.7e-72  240.0   4.6   1   1     8e-74   2.1e-72  239.7   4.6     2   345   112   485   111   485 0.99 -
d2nooa_c.94.1.1      -            496 d1i6aa_c.94.1.1.aln  -            345   3.6e-72  238.9   0.5   1   1   1.8e-73   4.8e-72  238.5   0.5     1   344   105   461   105   462 0.99 -
d1uqwa_c.94.1.1      -            487 d1i6aa_c.94.1.1.aln  -            345   2.5e-71  236.2  11.0   1   2       3.2        84   -1.9   0.2    47   132     8    92     2    95 0.74 -
d1uqwa_c.94.1.1      -            487 d1i6aa_c.94.1.1.aln  -            345   2.5e-71  236.2  11.0   2   2   9.4e-73   2.5e-71  236.2  11.0     1   345   108   453   108   453 0.99 -
d3vlva_c.94.1.1      -            490 d1i6aa_c.94.1.1.aln  -            345   3.4e-70  232.4   7.0   1   1   1.6e-71   4.3e-70  232.1   7.0     1   345   103   458   103   458 0.99 -
d1xoca1c.94.1.1      -            504 d1i6aa_c.94.1.1.aln  -            345     4e-67  222.4  17.5   1   1   1.9e-68   5.1e-67  222.0  17.5     1   345   117   468   117   468 0.99 -
d1ursa_c.94.1.1      -            367 d1i6aa_c.94.1.1.aln  -            345   5.4e-66  218.7   7.6   1   1   2.5e-67   6.6e-66  218.4   7.6     9   344    30   366    27   367 0.99 -
d3thia_c.94.1.1      -            362 d1i6aa_c.94.1.1.aln  -            345   1.3e-63  210.9   0.7   1   1   5.4e-65   1.4e-63  210.7   0.7     8   345     1   356     1   356 0.99 -
d1q35a_c.94.1.1      -            318 d1i6aa_c.94.1.1.aln  -            345   1.5e-54  181.1   2.2   1   1   6.4e-56   1.7e-54  180.9   2.2     8   322     2   318     1   318 0.99 -
d1r9la_c.94.1.1      -            309 d1i6aa_c.94.1.1.aln  -            345   4.3e-54  179.6  10.6   1   1   1.8e-55   4.7e-54  179.5  10.6     1   308     1   309     1   309 0.99 -
d1pb7a_c.94.1.1      -            289 d1i6aa_c.94.1.1.aln  -            345   8.9e-51  168.7   0.0   1   1   3.7e-52   9.8e-51  168.6   0.0    26   310     3   288     1   289 0.99 -
d1ixha_c.94.1.1      -            321 d1i6aa_c.94.1.1.aln  -            345   6.8e-49  162.5  11.7   1   1   2.9e-50   7.6e-49  162.4  11.7     2   311     6   320     5   321 0.99 -
d1sbpa_c.94.1.1      -            309 d1i6aa_c.94.1.1.aln  -            345   9.3e-48  158.8   8.7   1   1   3.9e-49     1e-47  158.7   8.7     8   319     1   309     1   309 0.99 -
d1nnfa_c.94.1.1      -            308 d1i6aa_c.94.1.1.aln  -            345     1e-44  148.8  11.8   1   1   4.4e-46   1.2e-44  148.6  11.8     7   313     1   305     1   308 0.99 -
d2nxoa1c.94.1.1      -            277 d1i6aa_c.94.1.1.aln  -            345   2.1e-38  128.1   0.0   1   1   8.9e-40   2.3e-38  127.9   0.0    25   305     3   276     1   277 0.98 -
d2czla1c.94.1.1      -            270 d1i6aa_c.94.1.1.aln  -            345   6.9e-37  123.1   0.0   1   1     3e-38   7.9e-37  122.9   0.0    25   304     2   267     1   269 0.98 -
d1us5a_c.94.1.1      -            298 d1i6aa_c.94.1.1.aln  -            345   1.1e-35  119.2   1.0   1   1   4.6e-37   1.2e-35  119.0   1.0    21   322     2   298     1   298 0.98 -
d1twya_c.94.1.1      -            249 d1i6aa_c.94.1.1.aln  -            345   3.9e-33  110.8   0.1   1   1   1.6e-34   4.3e-33  110.7   0.1    49   306     6   249     1   249 0.98 -
d1sw5a_c.94.1.1      -            270 d1i6aa_c.94.1.1.aln  -            345   9.8e-33  109.5   3.6   1   1   4.1e-34   1.1e-32  109.4   3.6    20   291     2   267     1   270 0.98 -
d1xt8a1c.94.1.1      -            248 d1i6aa_c.94.1.1.aln  -            345   2.8e-30  101.4   5.2   1   1   1.2e-31     3e-30  101.3   5.2    31   278     5   247     1   248 0.98 -
d2i6ea1c.94.1.1      -            272 d1i6aa_c.94.1.1.aln  -            345   1.2e-29   99.3   0.0   1   1   5.3e-31   1.4e-29   99.2   0.0    26   295     3   269     1   271 0.97 -
d1al3a_c.94.1.1      -            237 d1i6aa_c.94.1.1.aln  -            345   1.5e-29   99.1   0.0   1   1   6.1e-31   1.6e-29   99.0   0.0    24   279     1   234     1   237 0.98 -
d1atga_c.94.1.1      -            231 d1i6aa_c.94.1.1.aln  -            345   2.5e-28   95.0   2.2   1   1   1.1e-29   2.8e-28   94.9   2.2    32   270     3   227     1   230 0.98 -
d1ii5a_c.94.1.1      -            226 d1i6aa_c.94.1.1.aln  -            345   3.6e-25   84.7   0.2   1   1   1.5e-26   3.9e-25   84.6   0.2    39   274     5   225     1   226 0.97 -
d2ozza1c.94.1.1      -            228 d1i6aa_c.94.1.1.aln  -            345   1.9e-24   82.3   0.0   1   1   8.5e-26   2.2e-24   82.1   0.0    44   273     1   226     1   227 0.98 -
d2esna2c.94.1.1      -            212 d1i6aa_c.94.1.1.aln  -            345   4.4e-23   77.8   0.0   1   1   1.8e-24   4.9e-23   77.7   0.0    40   261     2   208     1   211 0.97 -
d1ixca2c.94.1.1      -            205 d1i6aa_c.94.1.1.aln  -            345     1e-18   63.5   0.0   1   1   4.4e-20   1.2e-18   63.3   0.0    29   232     4   190     1   199 0.94 -
d2qmwa1c.94.1.1      -            184 d1i6aa_c.94.1.1.aln  -            345   1.9e-17   59.3   0.1   1   1   8.8e-19   2.3e-17   59.0   0.1    52   261     3   182     1   183 0.97 -
d1ve4a1c.94.1.1      -            206 d1i6aa_c.94.1.1.aln  -            345   3.1e-15   52.1   0.0   1   1   1.2e-16   3.2e-15   52.0   0.0    39   254    12   204     1   206 0.96 -
#
# Program:         hmmsearch
# Version:         3.3.2 (Nov 2020)
# Pipeline mode:   SEARCH
# Query file:      /home/elise/Documents/M1-BIM/S2/TMEs/SBAS/tme08/models/scop30/d1i6aa_c.94.1.1.aln.hmm
# Target file:     /home/elise/Documents/M1-BIM/S2/TMEs/SBAS/tme08/scop/scop/scopTestSeq.fasta
# Option settings: hmmsearch --domtblout /home/elise/Documents/M1-BIM/S2/TMEs/SBAS/tme08/searchResults/scop30/d1i6aa_c.94.1.1.aln.out -E 1 /home/elise/Documents/M1-BIM/S2/TMEs/SBAS/tme08/models/scop30/d1i6aa_c.94.1.1.aln.hmm /home/elise/Documents/M1-BIM/S2/TMEs/SBAS/tme08/scop/scop/scopTestSeq.fasta 
# Current dir:     /home/elise/Documents/M1-BIM/S2/TMEs/SBAS/tme08
# Date:            Thu Apr 10 10:02:19 2025
# [ok]
