#                                                                            --- full sequence --- -------------- this domain -------------   hmm coord   ali coord   env coord
# target name        accession   tlen query name           accession   qlen   E-value  score  bias   #  of  c-Evalue  i-Evalue  score  bias  from    to  from    to  from    to  acc description of target
#------------------- ---------- ----- -------------------- ---------- ----- --------- ------ ----- --- --- --------- --------- ------ ----- ----- ----- ----- ----- ----- ----- ---- ---------------------
d1sxja2c.37.1.20     -            253 d1in4a2c.37.1.20.aln -            256   4.5e-60  198.4   0.0   1   1   1.5e-61   5.1e-60  198.3   0.0     1   252     1   253     1   253 0.99 -
d1njfa_c.37.1.20     -            239 d1in4a2c.37.1.20.aln -            256   6.6e-58  191.4   0.0   1   1   2.2e-59   7.2e-58  191.2   0.0     3   246     1   238     1   239 0.99 -
d1iqpa2c.37.1.20     -            231 d1in4a2c.37.1.20.aln -            256   3.3e-55  182.5   0.3   1   1   1.2e-56     4e-55  182.2   0.3     5   244     4   229     1   230 0.98 -
d1g41a_c.37.1.20     -            443 d1in4a2c.37.1.20.aln -            256   1.6e-54  180.3   1.1   1   1   5.6e-56   1.8e-54  180.1   1.1     1   255     1   429     1   430 0.99 -
d1um8a_c.37.1.20     -            364 d1in4a2c.37.1.20.aln -            256     3e-53  176.1   1.8   1   1     1e-54   3.4e-53  175.9   1.8     5   254     8   357     4   359 0.98 -
d1fnna2c.37.1.20     -            276 d1in4a2c.37.1.20.aln -            256   3.3e-51  169.4   0.0   1   1   1.1e-52   3.7e-51  169.3   0.0     1   255     6   275     6   276 0.99 -
d2a5yb3c.37.1.20     -            277 d1in4a2c.37.1.20.aln -            256   4.2e-50  165.8   0.0   1   1   1.4e-51   4.7e-50  165.6   0.0     4   256     2   269     1   269 0.99 -
d1d2na_c.37.1.20     -            246 d1in4a2c.37.1.20.aln -            256   2.1e-49  163.5   0.1   1   1   6.9e-51   2.3e-49  163.4   0.1     6   255     1   241     1   242 0.99 -
d1r6bx3c.37.1.20     -            315 d1in4a2c.37.1.20.aln -            256   6.8e-48  158.5   0.1   1   1   2.3e-49   7.7e-48  158.4   0.1     5   256     1   308     1   308 0.99 -
d1u0ja_c.37.1.20     -            267 d1in4a2c.37.1.20.aln -            256   2.9e-47  156.5   0.0   1   1   9.9e-49   3.3e-47  156.3   0.0     2   251     6   266     5   267 0.99 -
d2fnaa2c.37.1.20     -            283 d1in4a2c.37.1.20.aln -            256   3.1e-47  156.4   3.0   1   1   1.1e-48   3.5e-47  156.2   3.0     2   256     7   282     6   282 0.99 -
d1svma_c.37.1.20     -            362 d1in4a2c.37.1.20.aln -            256   1.8e-46  153.9   0.1   1   1   6.2e-48     2e-46  153.7   0.1     1   255     5   357     5   358 0.99 -
d1w5sa2c.37.1.20     -            287 d1in4a2c.37.1.20.aln -            256   3.4e-45  149.7   0.0   1   1   1.2e-46   3.8e-45  149.6   0.0     2   253     7   287     6   287 0.99 -
d1lv7a_c.37.1.20     -            256 d1in4a2c.37.1.20.aln -            256   1.9e-42  140.7   0.0   1   1   6.5e-44   2.1e-42  140.6   0.0     3   236     1   256     1   256 0.99 -
d1tuea_c.37.1.20     -            205 d1in4a2c.37.1.20.aln -            256   5.2e-40  132.8   0.0   1   1   1.7e-41   5.7e-40  132.6   0.0     3   233     2   204     1   205 0.98 -
d1g8pa_c.37.1.20     -            333 d1in4a2c.37.1.20.aln -            256   8.7e-40  132.0   0.0   1   1     3e-41   9.8e-40  131.8   0.0     3   254     9   332     7   333 0.99 -
d1a5ta2c.37.1.20     -            207 d1in4a2c.37.1.20.aln -            256   4.4e-39  129.7   0.0   1   1   1.5e-40     5e-39  129.5   0.0    13   223     1   202     1   206 0.97 -
d1ny5a2c.37.1.20     -            247 d1in4a2c.37.1.20.aln -            256   9.3e-39  128.6   0.4   1   1   3.2e-40     1e-38  128.5   0.4     2   246     2   247     1   247 0.98 -
d1l8qa2c.37.1.20     -            213 d1in4a2c.37.1.20.aln -            256   1.3e-36  121.6   1.9   1   1   4.4e-38   1.4e-36  121.5   1.9     3   234     2   212     1   213 0.99 -
d2gnoa2c.37.1.20     -            198 d1in4a2c.37.1.20.aln -            256     3e-30  100.8   0.4   1   1     1e-31   3.3e-30  100.6   0.4     9   242     2   197     1   198 0.98 -
d2p65a_c.37.1.20     -            185 d1in4a2c.37.1.20.aln -            256   4.7e-26   87.0   0.2   1   1   1.6e-27   5.2e-26   86.9   0.2     9   228     3   184     1   185 0.97 -
d1jqlb_c.37.1.20     -            140 d1in4a2c.37.1.20.aln -            256   3.7e-15   51.4   0.0   1   2   1.1e-09   3.7e-08   28.5   0.0    16    99     3    76     1    78 0.92 -
d1jqlb_c.37.1.20     -            140 d1in4a2c.37.1.20.aln -            256   3.7e-15   51.4   0.0   2   2   8.2e-08   2.7e-06   22.3   0.0   149   216    76   139    73   140 0.94 -
d1qzma_c.37.1.20     -             94 d1in4a2c.37.1.20.aln -            256     1e-10   36.8   0.1   1   1   3.4e-12   1.1e-10   36.7   0.1     2    97     1    94     1    94 0.97 -
d1in4a2c.37.1.20     -            238 d1in4a2c.37.1.20.aln -            256    0.0026   12.6   0.0   1   1   0.00012    0.0038   12.0   0.0    45    71    33    59     5   111 0.82 -
#
# Program:         hmmsearch
# Version:         3.3.2 (Nov 2020)
# Pipeline mode:   SEARCH
# Query file:      /home/elise/Documents/M1-BIM/S2/TMEs/SBAS/tme08/models/scop30/d1in4a2c.37.1.20.aln.hmm
# Target file:     /home/elise/Documents/M1-BIM/S2/TMEs/SBAS/tme08/scop/scop/scopTestSeq.fasta
# Option settings: hmmsearch --domtblout /home/elise/Documents/M1-BIM/S2/TMEs/SBAS/tme08/searchResults/scop30/d1in4a2c.37.1.20.aln.out -E 1 /home/elise/Documents/M1-BIM/S2/TMEs/SBAS/tme08/models/scop30/d1in4a2c.37.1.20.aln.hmm /home/elise/Documents/M1-BIM/S2/TMEs/SBAS/tme08/scop/scop/scopTestSeq.fasta 
# Current dir:     /home/elise/Documents/M1-BIM/S2/TMEs/SBAS/tme08
# Date:            Thu Apr 10 10:02:19 2025
# [ok]
