#                                                                            --- full sequence --- -------------- this domain -------------   hmm coord   ali coord   env coord
# target name        accession   tlen query name           accession   qlen   E-value  score  bias   #  of  c-Evalue  i-Evalue  score  bias  from    to  from    to  from    to  acc description of target
#------------------- ---------- ----- -------------------- ---------- ----- --------- ------ ----- --- --- --------- --------- ------ ----- ----- ----- ----- ----- ----- ----- ---- ---------------------
d1g41a_c.37.1.20     -            443 d1iqpa2c.37.1.20.aln -            265   4.2e-61  202.0   0.0   1   2   2.2e-42     7e-41  135.8   0.0     5   185     1   285     1   287 0.98 -
d1g41a_c.37.1.20     -            443 d1iqpa2c.37.1.20.aln -            265   4.2e-61  202.0   0.0   2   2   1.9e-20   5.8e-19   64.0   0.0   152   263   307   428   297   430 0.95 -
d1u0ja_c.37.1.20     -            267 d1iqpa2c.37.1.20.aln -            265   1.7e-57  190.2   0.0   1   1   5.8e-59   1.8e-57  190.1   0.0     2   264     2   266     1   267 0.99 -
d1sxja2c.37.1.20     -            253 d1iqpa2c.37.1.20.aln -            265   8.5e-57  187.9   0.0   1   1     3e-58   9.5e-57  187.7   0.0     5   255     1   252     1   253 0.99 -
d1njfa_c.37.1.20     -            239 d1iqpa2c.37.1.20.aln -            265   2.4e-55  183.1   0.0   1   1   8.5e-57   2.7e-55  183.0   0.0     7   256     1   236     1   239 0.99 -
d1svma_c.37.1.20     -            362 d1iqpa2c.37.1.20.aln -            265   1.2e-54  180.9   0.0   1   1   4.3e-56   1.4e-54  180.7   0.0     2   265     2   334     1   334 0.99 -
d2a5yb3c.37.1.20     -            277 d1iqpa2c.37.1.20.aln -            265   8.1e-54  178.2   0.0   1   1   2.8e-55     9e-54  178.0   0.0     1   259     4   277     4   277 0.99 -
d1lv7a_c.37.1.20     -            256 d1iqpa2c.37.1.20.aln -            265   1.9e-53  176.9   0.0   1   1   6.8e-55   2.1e-53  176.8   0.0     7   259     1   256     1   256 0.98 -
d1um8a_c.37.1.20     -            364 d1iqpa2c.37.1.20.aln -            265     3e-53  176.3   0.0   1   1   1.8e-54   5.7e-53  175.4   0.0     4   265     3   359     1   359 0.99 -
d1r6bx3c.37.1.20     -            315 d1iqpa2c.37.1.20.aln -            265   3.3e-53  176.1   0.1   1   1   1.2e-54   3.7e-53  176.0   0.1     2   264     6   311     5   312 0.99 -
d1in4a2c.37.1.20     -            238 d1iqpa2c.37.1.20.aln -            265   4.1e-53  175.8   0.7   1   1   1.4e-54   4.5e-53  175.7   0.7    11   256     2   237     1   238 0.99 -
d1w5sa2c.37.1.20     -            287 d1iqpa2c.37.1.20.aln -            265   1.3e-50  167.7   0.0   1   1   4.5e-52   1.4e-50  167.5   0.0     1   265     2   286     2   286 0.99 -
d1fnna2c.37.1.20     -            276 d1iqpa2c.37.1.20.aln -            265   1.5e-50  167.4   0.0   1   1   5.4e-52   1.7e-50  167.3   0.0     2   265     3   272     2   272 0.99 -
d1d2na_c.37.1.20     -            246 d1iqpa2c.37.1.20.aln -            265   3.7e-50  166.1   0.1   1   1   1.3e-51   4.1e-50  166.0   0.1     3   261     1   245     1   246 0.99 -
d2fnaa2c.37.1.20     -            283 d1iqpa2c.37.1.20.aln -            265   7.2e-47  155.4   3.4   1   1   2.6e-48   8.1e-47  155.2   3.4     1   262     2   283     2   283 0.99 -
d1g8pa_c.37.1.20     -            333 d1iqpa2c.37.1.20.aln -            265   9.2e-46  151.8   0.0   1   1   3.3e-47     1e-45  151.6   0.0     1   264     3   314     3   315 0.99 -
d1ny5a2c.37.1.20     -            247 d1iqpa2c.37.1.20.aln -            265     2e-43  144.1   0.6   1   1   6.9e-45   2.2e-43  144.0   0.6     6   254     2   246     1   247 0.99 -
d1a5ta2c.37.1.20     -            207 d1iqpa2c.37.1.20.aln -            265   4.1e-37  123.4   0.0   1   1   1.4e-38   4.5e-37  123.3   0.0    10   237     1   205     1   207 0.98 -
d1tuea_c.37.1.20     -            205 d1iqpa2c.37.1.20.aln -            265   5.8e-37  122.9   0.0   1   1     2e-38   6.2e-37  122.8   0.0    23   256    12   204     1   205 0.96 -
d1l8qa2c.37.1.20     -            213 d1iqpa2c.37.1.20.aln -            265   3.7e-36  120.3   2.3   1   1   1.3e-37   4.1e-36  120.1   2.3     7   249     2   211     1   213 0.99 -
d2gnoa2c.37.1.20     -            198 d1iqpa2c.37.1.20.aln -            265   1.4e-32  108.5   0.5   1   1     5e-34   1.6e-32  108.4   0.5    54   259     2   197     1   198 0.98 -
d2p65a_c.37.1.20     -            185 d1iqpa2c.37.1.20.aln -            265   2.3e-29   98.1   0.2   1   1   7.8e-31   2.5e-29   98.0   0.2    13   215     3   184     1   185 0.97 -
d1jqlb_c.37.1.20     -            140 d1iqpa2c.37.1.20.aln -            265   3.7e-15   51.5   0.0   1   1   5.5e-15   1.7e-13   46.0   0.0    55   242     2   139     1   140 0.96 -
d1qzma_c.37.1.20     -             94 d1iqpa2c.37.1.20.aln -            265   3.2e-12   41.9   0.1   1   1   1.1e-13   3.5e-12   41.8   0.1    53   154     2    90     1    93 0.95 -
d1iqpa2c.37.1.20     -            231 d1iqpa2c.37.1.20.aln -            265   1.4e-09   33.3   0.1   1   2   1.1e-10   3.4e-09   32.0   0.0     3   123     9   130     7   143 0.74 -
d1iqpa2c.37.1.20     -            231 d1iqpa2c.37.1.20.aln -            265   1.4e-09   33.3   0.1   2   2       6.2   1.9e+02   -3.2   0.0     9    25   169   185   166   195 0.65 -
d1y63a_c.37.1.1      -            174 d1iqpa2c.37.1.20.aln -            265    0.0021   13.1   0.0   1   1   0.00012    0.0037   12.2   0.0    52    76     6    30     4    31 0.92 -
#
# Program:         hmmsearch
# Version:         3.3.2 (Nov 2020)
# Pipeline mode:   SEARCH
# Query file:      /home/elise/Documents/M1-BIM/S2/TMEs/SBAS/tme08/models/scop30/d1iqpa2c.37.1.20.aln.hmm
# Target file:     /home/elise/Documents/M1-BIM/S2/TMEs/SBAS/tme08/scop/scop/scopTestSeq.fasta
# Option settings: hmmsearch --domtblout /home/elise/Documents/M1-BIM/S2/TMEs/SBAS/tme08/searchResults/scop30/d1iqpa2c.37.1.20.aln.out -E 1 /home/elise/Documents/M1-BIM/S2/TMEs/SBAS/tme08/models/scop30/d1iqpa2c.37.1.20.aln.hmm /home/elise/Documents/M1-BIM/S2/TMEs/SBAS/tme08/scop/scop/scopTestSeq.fasta 
# Current dir:     /home/elise/Documents/M1-BIM/S2/TMEs/SBAS/tme08
# Date:            Thu Apr 10 10:02:19 2025
# [ok]
