#                                                                            --- full sequence --- -------------- this domain -------------   hmm coord   ali coord   env coord
# target name        accession   tlen query name           accession   qlen   E-value  score  bias   #  of  c-Evalue  i-Evalue  score  bias  from    to  from    to  from    to  acc description of target
#------------------- ---------- ----- -------------------- ---------- ----- --------- ------ ----- --- --- --------- --------- ------ ----- ----- ----- ----- ----- ----- ----- ---- ---------------------
d1uqwa_c.94.1.1      -            487 d1ixha_c.94.1.1.aln  -            360   1.7e-84  279.4  10.1   1   1   8.1e-86   2.1e-84  279.1  10.1     1   360    52   414    52   414 1.00 -
d2nooa_c.94.1.1      -            496 d1ixha_c.94.1.1.aln  -            360   6.6e-80  264.3   1.3   1   1     3e-81   7.8e-80  264.1   1.3     1   360    49   417    49   417 1.00 -
d1jeta_c.94.1.1      -            517 d1ixha_c.94.1.1.aln  -            360   4.3e-79  261.7  11.8   1   1   2.1e-80   5.5e-79  261.3  11.8     1   359    62   431    62   432 1.00 -
d1vr5a1c.94.1.1      -            535 d1ixha_c.94.1.1.aln  -            360     5e-77  254.8   5.9   1   1   2.3e-78   6.2e-77  254.5   5.9     2   360    55   437    54   437 0.99 -
d1eu8a_c.94.1.1      -            407 d1ixha_c.94.1.1.aln  -            360   9.1e-77  254.0   6.1   1   1   3.9e-78     1e-76  253.8   6.1     1   360    18   391    18   391 1.00 -
d1xoca1c.94.1.1      -            504 d1ixha_c.94.1.1.aln  -            360   2.7e-75  249.1  12.9   1   1   1.3e-76   3.4e-75  248.8  12.9     1   357    55   421    55   424 0.99 -
d3thia_c.94.1.1      -            362 d1ixha_c.94.1.1.aln  -            360   6.5e-73  241.3   0.2   1   1   2.7e-74   7.2e-73  241.2   0.2     2   359     2   361     1   362 0.99 -
d3vlva_c.94.1.1      -            490 d1ixha_c.94.1.1.aln  -            360   9.6e-69  227.6   6.7   1   1   4.4e-70   1.2e-68  227.4   6.7     1   359    25   399    25   400 1.00 -
d1ursa_c.94.1.1      -            367 d1ixha_c.94.1.1.aln  -            360   1.5e-67  223.7   7.7   1   1   6.6e-69   1.7e-67  223.5   7.7     1   360    15   355    15   355 0.99 -
d1q35a_c.94.1.1      -            318 d1ixha_c.94.1.1.aln  -            360   2.6e-54  180.2   1.9   1   1   1.1e-55   2.9e-54  180.1   1.9    45   359     2   318     1   318 0.99 -
d1r9la_c.94.1.1      -            309 d1ixha_c.94.1.1.aln  -            360   7.2e-54  178.8   8.8   1   1     3e-55   7.9e-54  178.6   8.8    57   358     2   308     1   309 0.99 -
d1sbpa_c.94.1.1      -            309 d1ixha_c.94.1.1.aln  -            360   4.4e-51  169.6   8.1   1   1   1.8e-52   4.9e-51  169.5   8.1    45   355     1   308     1   309 0.99 -
d1nnfa_c.94.1.1      -            308 d1ixha_c.94.1.1.aln  -            360   5.4e-50  166.1  10.7   1   1   2.3e-51     6e-50  165.9  10.7    46   351     1   306     1   308 0.99 -
d1pb7a_c.94.1.1      -            289 d1ixha_c.94.1.1.aln  -            360   1.2e-46  155.1   0.0   1   1   4.9e-48   1.3e-46  154.9   0.0    78   359     4   288     1   289 0.99 -
d2nxoa1c.94.1.1      -            277 d1ixha_c.94.1.1.aln  -            360   2.6e-41  137.6   0.0   1   1   1.1e-42   2.8e-41  137.4   0.0    81   352     3   274     1   277 0.98 -
d1us5a_c.94.1.1      -            298 d1ixha_c.94.1.1.aln  -            360     3e-41  137.3   0.8   1   1   1.2e-42   3.3e-41  137.2   0.8    62   349     2   296     1   298 0.99 -
d1al3a_c.94.1.1      -            237 d1ixha_c.94.1.1.aln  -            360   1.4e-35  118.7   0.0   1   1     6e-37   1.6e-35  118.5   0.0    81   328     2   234     1   236 0.98 -
d2czla1c.94.1.1      -            270 d1ixha_c.94.1.1.aln  -            360   1.8e-33  111.8   0.0   1   1   7.6e-35     2e-33  111.6   0.0    81   355     2   269     1   270 0.99 -
d1xt8a1c.94.1.1      -            248 d1ixha_c.94.1.1.aln  -            360   1.8e-31  105.2   4.0   1   1   7.8e-33     2e-31  105.0   4.0    84   335     2   246     1   247 0.97 -
d2i6ea1c.94.1.1      -            272 d1ixha_c.94.1.1.aln  -            360   2.6e-31  104.7   0.0   1   1   1.1e-32   2.8e-31  104.6   0.0    82   345     3   270     1   272 0.97 -
d1sw5a_c.94.1.1      -            270 d1ixha_c.94.1.1.aln  -            360   4.3e-31  104.0   3.5   1   1   1.8e-32   4.7e-31  103.8   3.5    81   340     3   268     1   270 0.97 -
d1twya_c.94.1.1      -            249 d1ixha_c.94.1.1.aln  -            360   1.1e-30  102.7   0.1   1   1   4.4e-32   1.2e-30  102.6   0.1    74   334     3   248     1   249 0.97 -
d2ozza1c.94.1.1      -            228 d1ixha_c.94.1.1.aln  -            360   1.3e-24   82.7   0.0   1   1   5.2e-26   1.4e-24   82.6   0.0    79   326     2   226     1   228 0.96 -
d1ii5a_c.94.1.1      -            226 d1ixha_c.94.1.1.aln  -            360   2.5e-24   81.8   0.2   1   1     1e-25   2.7e-24   81.6   0.2    84   326     3   224     1   226 0.98 -
d1atga_c.94.1.1      -            231 d1ixha_c.94.1.1.aln  -            360   3.8e-24   81.1   1.7   1   1   1.6e-25   4.1e-24   81.0   1.7    85   330     4   229     1   231 0.97 -
d1i6aa_c.94.1.1      -            212 d1ixha_c.94.1.1.aln  -            360   1.5e-22   75.9   0.0   1   1   6.3e-24   1.6e-22   75.8   0.0    82   318     2   210     1   212 0.92 -
d1ixca2c.94.1.1      -            205 d1ixha_c.94.1.1.aln  -            360   1.6e-19   65.9   0.0   1   1   6.4e-21   1.7e-19   65.9   0.0    87   296     4   188     1   205 0.93 -
d2esna2c.94.1.1      -            212 d1ixha_c.94.1.1.aln  -            360     5e-19   64.3   0.0   1   1   2.2e-20   5.7e-19   64.1   0.0    83   323     3   209     1   212 0.96 -
d2qmwa1c.94.1.1      -            184 d1ixha_c.94.1.1.aln  -            360   4.1e-14   48.2   0.1   1   1   3.3e-15   8.6e-14   47.1   0.1    99   330     2   183     1   184 0.96 -
d1ve4a1c.94.1.1      -            206 d1ixha_c.94.1.1.aln  -            360   3.5e-11   38.5   0.0   1   1   2.7e-12     7e-11   37.6   0.0    82   329     3   203     1   205 0.90 -
#
# Program:         hmmsearch
# Version:         3.3.2 (Nov 2020)
# Pipeline mode:   SEARCH
# Query file:      /home/elise/Documents/M1-BIM/S2/TMEs/SBAS/tme08/models/scop30/d1ixha_c.94.1.1.aln.hmm
# Target file:     /home/elise/Documents/M1-BIM/S2/TMEs/SBAS/tme08/scop/scop/scopTestSeq.fasta
# Option settings: hmmsearch --domtblout /home/elise/Documents/M1-BIM/S2/TMEs/SBAS/tme08/searchResults/scop30/d1ixha_c.94.1.1.aln.out -E 1 /home/elise/Documents/M1-BIM/S2/TMEs/SBAS/tme08/models/scop30/d1ixha_c.94.1.1.aln.hmm /home/elise/Documents/M1-BIM/S2/TMEs/SBAS/tme08/scop/scop/scopTestSeq.fasta 
# Current dir:     /home/elise/Documents/M1-BIM/S2/TMEs/SBAS/tme08
# Date:            Thu Apr 10 10:02:19 2025
# [ok]
