#                                                                            --- full sequence --- -------------- this domain -------------   hmm coord   ali coord   env coord
# target name        accession   tlen query name           accession   qlen   E-value  score  bias   #  of  c-Evalue  i-Evalue  score  bias  from    to  from    to  from    to  acc description of target
#------------------- ---------- ----- -------------------- ---------- ----- --------- ------ ----- --- --- --------- --------- ------ ----- ----- ----- ----- ----- ----- ----- ---- ---------------------
d1uqwa_c.94.1.1      -            487 d1ixca2c.94.1.1.aln  -            361   2.3e-85  282.4  11.7   1   1     1e-86   2.7e-85  282.2  11.7     1   361    36   430    36   430 1.00 -
d1eu8a_c.94.1.1      -            407 d1ixca2c.94.1.1.aln  -            361   3.6e-82  271.9   8.5   1   1   1.6e-83   4.1e-82  271.8   8.5     2   361    10   403     9   403 0.99 -
d1jeta_c.94.1.1      -            517 d1ixca2c.94.1.1.aln  -            361   6.1e-77  254.8  10.5   1   1   2.8e-78   7.5e-77  254.5  10.5     1   360    46   456    46   457 0.99 -
d2nooa_c.94.1.1      -            496 d1ixca2c.94.1.1.aln  -            361   2.5e-73  242.9   2.6   1   1   1.1e-74   2.9e-73  242.7   2.6     1   361    33   439    33   439 0.99 -
d1vr5a1c.94.1.1      -            535 d1ixca2c.94.1.1.aln  -            361     1e-72  240.9   6.4   1   1   4.8e-74   1.2e-72  240.6   6.4     1   361    38   462    38   462 0.99 -
d1ursa_c.94.1.1      -            367 d1ixca2c.94.1.1.aln  -            361   6.2e-71  235.0  10.9   1   1   2.6e-72   6.9e-71  234.9  10.9     1   360     6   366     6   367 1.00 -
d1xoca1c.94.1.1      -            504 d1ixca2c.94.1.1.aln  -            361   1.2e-69  230.8  15.6   1   1   5.5e-71   1.5e-69  230.5  15.6     1   360    39   444    39   445 0.99 -
d3vlva_c.94.1.1      -            490 d1ixca2c.94.1.1.aln  -            361   8.6e-63  208.3   6.1   1   1     4e-64   1.1e-62  208.0   6.1     2   361    32   435    31   435 0.99 -
d3thia_c.94.1.1      -            362 d1ixca2c.94.1.1.aln  -            361   1.7e-61  204.0   0.4   1   1   7.4e-63   1.9e-61  203.9   0.4    12   361     2   360     1   360 0.99 -
d1r9la_c.94.1.1      -            309 d1ixca2c.94.1.1.aln  -            361   2.8e-53  177.0  10.6   1   1   1.2e-54   3.2e-53  176.9  10.6    16   323     1   309     1   309 0.99 -
d1sbpa_c.94.1.1      -            309 d1ixca2c.94.1.1.aln  -            361   2.1e-51  170.9   8.5   1   1   8.7e-53   2.3e-51  170.8   8.5    31   336     3   309     1   309 0.99 -
d1q35a_c.94.1.1      -            318 d1ixca2c.94.1.1.aln  -            361     5e-50  166.4   1.5   1   1   2.1e-51   5.6e-50  166.2   1.5    31   337     2   317     1   318 0.99 -
d1ixha_c.94.1.1      -            321 d1ixca2c.94.1.1.aln  -            361     2e-49  164.4  12.2   1   1   8.4e-51   2.2e-49  164.3  12.2     2   315     2   320     1   321 0.99 -
d1pb7a_c.94.1.1      -            289 d1ixca2c.94.1.1.aln  -            361   1.1e-48  162.0   0.0   1   1   4.6e-50   1.2e-48  161.8   0.0    29   316     1   289     1   289 0.99 -
d2nxoa1c.94.1.1      -            277 d1ixca2c.94.1.1.aln  -            361   1.3e-48  161.7   0.0   1   1   5.5e-50   1.4e-48  161.6   0.0    29   302     1   276     1   277 0.99 -
d2czla1c.94.1.1      -            270 d1ixca2c.94.1.1.aln  -            361   2.8e-44  147.5   0.0   1   1   1.2e-45   3.1e-44  147.3   0.0    31   301     2   267     1   270 0.99 -
d1nnfa_c.94.1.1      -            308 d1ixca2c.94.1.1.aln  -            361   4.6e-44  146.8  11.3   1   1   1.9e-45   5.1e-44  146.6  11.3    33   330     2   306     1   308 0.99 -
d1us5a_c.94.1.1      -            298 d1ixca2c.94.1.1.aln  -            361   4.6e-37  123.8   0.7   1   1   1.9e-38   5.1e-37  123.6   0.7    31   314     2   297     1   298 0.99 -
d1sw5a_c.94.1.1      -            270 d1ixca2c.94.1.1.aln  -            361   5.2e-34  113.8   3.8   1   1   2.3e-35   6.1e-34  113.5   3.8    35   295     3   267     1   269 0.98 -
d1twya_c.94.1.1      -            249 d1ixca2c.94.1.1.aln  -            361   8.3e-34  113.1   0.1   1   1   3.5e-35   9.1e-34  113.0   0.1    44   290     5   249     1   249 0.98 -
d1al3a_c.94.1.1      -            237 d1ixca2c.94.1.1.aln  -            361   4.6e-32  107.4   0.0   1   1   1.9e-33     5e-32  107.2   0.0    52   294     3   237     1   237 0.98 -
d1xt8a1c.94.1.1      -            248 d1ixca2c.94.1.1.aln  -            361   1.2e-30  102.7   4.7   1   1   5.1e-32   1.3e-30  102.6   4.7    40   292     2   245     1   248 0.98 -
d2i6ea1c.94.1.1      -            272 d1ixca2c.94.1.1.aln  -            361   4.5e-28   94.3   0.0   1   1   1.9e-29   5.1e-28   94.1   0.0    31   292     2   269     1   271 0.99 -
d1ii5a_c.94.1.1      -            226 d1ixca2c.94.1.1.aln  -            361   4.7e-27   90.9   0.1   1   1   1.9e-28   5.1e-27   90.8   0.1    50   286     3   225     1   226 0.98 -
d1atga_c.94.1.1      -            231 d1ixca2c.94.1.1.aln  -            361   1.2e-26   89.6   2.0   1   1     5e-28   1.3e-26   89.4   2.0    46   290     2   230     1   231 0.99 -
d2esna2c.94.1.1      -            212 d1ixca2c.94.1.1.aln  -            361   2.1e-25   85.5   0.0   1   1   8.7e-27   2.3e-25   85.4   0.0    82   291     4   210     1   212 0.98 -
d2ozza1c.94.1.1      -            228 d1ixca2c.94.1.1.aln  -            361   4.8e-25   84.3   0.0   1   1   2.1e-26   5.5e-25   84.1   0.0    67   293    11   226     1   227 0.95 -
d1i6aa_c.94.1.1      -            212 d1ixca2c.94.1.1.aln  -            361   5.5e-23   77.5   0.0   1   1   2.3e-24     6e-23   77.4   0.0    52   276     2   210     1   212 0.98 -
d2qmwa1c.94.1.1      -            184 d1ixca2c.94.1.1.aln  -            361   2.3e-21   72.2   0.1   1   1   9.4e-23   2.5e-21   72.1   0.1    93   288     1   182     1   184 0.98 -
d1ve4a1c.94.1.1      -            206 d1ixca2c.94.1.1.aln  -            361   3.7e-19   65.0   0.0   1   1   1.6e-20   4.1e-19   64.8   0.0    70   290     2   204     1   206 0.98 -
#
# Program:         hmmsearch
# Version:         3.3.2 (Nov 2020)
# Pipeline mode:   SEARCH
# Query file:      /home/elise/Documents/M1-BIM/S2/TMEs/SBAS/tme08/models/scop30/d1ixca2c.94.1.1.aln.hmm
# Target file:     /home/elise/Documents/M1-BIM/S2/TMEs/SBAS/tme08/scop/scop/scopTestSeq.fasta
# Option settings: hmmsearch --domtblout /home/elise/Documents/M1-BIM/S2/TMEs/SBAS/tme08/searchResults/scop30/d1ixca2c.94.1.1.aln.out -E 1 /home/elise/Documents/M1-BIM/S2/TMEs/SBAS/tme08/models/scop30/d1ixca2c.94.1.1.aln.hmm /home/elise/Documents/M1-BIM/S2/TMEs/SBAS/tme08/scop/scop/scopTestSeq.fasta 
# Current dir:     /home/elise/Documents/M1-BIM/S2/TMEs/SBAS/tme08
# Date:            Thu Apr 10 10:02:19 2025
# [ok]
