#                                                                            --- full sequence --- -------------- this domain -------------   hmm coord   ali coord   env coord
# target name        accession   tlen query name           accession   qlen   E-value  score  bias   #  of  c-Evalue  i-Evalue  score  bias  from    to  from    to  from    to  acc description of target
#------------------- ---------- ----- -------------------- ---------- ----- --------- ------ ----- --- --- --------- --------- ------ ----- ----- ----- ----- ----- ----- ----- ---- ---------------------
d1ea9c2b.71.1.1      -             80 d1j0ha2b.71.1.1.aln  -             80   2.2e-21   71.1   0.0   1   1   6.5e-23   2.3e-21   71.1   0.0     2    79     2    79     1    80 0.96 -
d1ji1a2b.71.1.1      -             83 d1j0ha2b.71.1.1.aln  -             80   1.3e-18   62.3   3.0   1   1   3.9e-20   1.4e-18   62.2   3.0     2    76     2    82     1    83 0.98 -
d1uasa1b.71.1.1      -             89 d1j0ha2b.71.1.1.aln  -             80   2.3e-17   58.3   1.0   1   1   7.7e-19   2.8e-17   58.1   1.0     6    79     5    88     3    89 0.97 -
d1h3ga2b.71.1.1      -             83 d1j0ha2b.71.1.1.aln  -             80   4.6e-17   57.4   0.0   1   1   1.4e-18   4.9e-17   57.3   0.0     5    78     3    78     1    80 0.95 -
d1wzaa1b.71.1.1      -             79 d1j0ha2b.71.1.1.aln  -             80   6.7e-17   56.9   0.0   1   1     2e-18   7.2e-17   56.8   0.0     2    79     1    78     1    79 0.97 -
d1e43a1b.71.1.1      -             90 d1j0ha2b.71.1.1.aln  -             80   9.7e-17   56.3   1.3   1   1     3e-18   1.1e-16   56.2   1.3     1    77     3    89     3    90 0.98 -
d3bmva3b.71.1.1      -             89 d1j0ha2b.71.1.1.aln  -             80   1.4e-16   55.8   2.5   1   1   4.3e-18   1.5e-16   55.7   2.5     2    79     1    88     1    89 0.97 -
d2guya1b.71.1.1      -             95 d1j0ha2b.71.1.1.aln  -             80   4.9e-16   54.1   0.2   1   1   1.5e-17   5.4e-16   54.0   0.2     1    79     1    86     1    87 0.98 -
d1m7xa2b.71.1.1      -            106 d1j0ha2b.71.1.1.aln  -             80   1.4e-15   52.6   0.0   1   1   4.6e-17   1.6e-15   52.4   0.0     1    78     3    90     3    92 0.98 -
d1mxga1b.71.1.1      -             74 d1j0ha2b.71.1.1.aln  -             80   3.6e-15   51.3   0.9   1   1   1.1e-16   3.9e-15   51.2   0.9     3    76     4    74     2    74 0.97 -
d1szna1b.71.1.1      -            103 d1j0ha2b.71.1.1.aln  -             80   6.1e-15   50.6   0.3   1   1   1.9e-16   6.9e-15   50.4   0.3     1    79    11    98    11    99 0.98 -
d1ua7a1b.71.1.1      -             78 d1j0ha2b.71.1.1.aln  -             80   7.7e-15   50.3   0.2   1   1   2.3e-16   8.2e-15   50.2   0.2     3    77     3    77     1    78 0.97 -
d1g5aa1b.71.1.1      -             74 d1j0ha2b.71.1.1.aln  -             80     1e-13   46.7   0.0   1   1     3e-15   1.1e-13   46.6   0.0     6    77     2    72     1    74 0.96 -
d1bf2a2b.71.1.1      -            113 d1j0ha2b.71.1.1.aln  -             80   1.5e-13   46.2   2.9   1   1   5.6e-15     2e-13   45.8   2.9     2    80    18   106    17   106 0.98 -
d2fhfa4b.71.1.1      -            118 d1j0ha2b.71.1.1.aln  -             80   8.5e-13   43.8   0.0   1   1   2.9e-14     1e-12   43.5   0.0     2    79    18   105    17   106 0.97 -
d1r7aa1b.71.1.1      -             70 d1j0ha2b.71.1.1.aln  -             80   3.8e-11   38.5   0.1   1   1   1.2e-12   4.1e-11   38.4   0.1     2    73     5    70     4    70 0.96 -
d1gjwa1b.71.1.1      -             64 d1j0ha2b.71.1.1.aln  -             80   8.1e-11   37.5   0.0   1   1   2.4e-12   8.6e-11   37.4   0.0     7    69     2    63     1    64 0.95 -
d2bhua2b.71.1.1      -             72 d1j0ha2b.71.1.1.aln  -             80   8.8e-11   37.4   0.1   1   1   2.6e-12   9.4e-11   37.3   0.1     3    75     2    71     1    72 0.96 -
d1gcya1b.71.1.1      -             61 d1j0ha2b.71.1.1.aln  -             80   5.2e-08   28.6   0.3   1   1   1.5e-09   5.4e-08   28.5   0.3     3    67     3    60     1    61 0.93 -
d1ht6a1b.71.1.1      -             57 d1j0ha2b.71.1.1.aln  -             80   3.4e-06   22.8   0.1   1   1   1.1e-07   4.1e-06   22.5   0.1     2    67     3    55     2    56 0.95 -
d1kwga1b.71.1.1      -             54 d1j0ha2b.71.1.1.aln  -             80   3.8e-05   19.4   0.0   1   1   1.3e-06   4.5e-05   19.2   0.0    11    71     4    53     1    53 0.93 -
d1lwha1b.71.1.1      -             50 d1j0ha2b.71.1.1.aln  -             80   7.2e-05   18.5   0.0   1   1     4e-06   0.00015   17.6   0.0     3    55     2    33     1    50 0.82 -
#
# Program:         hmmsearch
# Version:         3.3.2 (Nov 2020)
# Pipeline mode:   SEARCH
# Query file:      /home/elise/Documents/M1-BIM/S2/TMEs/SBAS/tme08/models/scop30/d1j0ha2b.71.1.1.aln.hmm
# Target file:     /home/elise/Documents/M1-BIM/S2/TMEs/SBAS/tme08/scop/scop/scopTestSeq.fasta
# Option settings: hmmsearch --domtblout /home/elise/Documents/M1-BIM/S2/TMEs/SBAS/tme08/searchResults/scop30/d1j0ha2b.71.1.1.aln.out -E 1 /home/elise/Documents/M1-BIM/S2/TMEs/SBAS/tme08/models/scop30/d1j0ha2b.71.1.1.aln.hmm /home/elise/Documents/M1-BIM/S2/TMEs/SBAS/tme08/scop/scop/scopTestSeq.fasta 
# Current dir:     /home/elise/Documents/M1-BIM/S2/TMEs/SBAS/tme08
# Date:            Thu Apr 10 10:02:19 2025
# [ok]
