#                                                                            --- full sequence --- -------------- this domain -------------   hmm coord   ali coord   env coord
# target name        accession   tlen query name           accession   qlen   E-value  score  bias   #  of  c-Evalue  i-Evalue  score  bias  from    to  from    to  from    to  acc description of target
#------------------- ---------- ----- -------------------- ---------- ----- --------- ------ ----- --- --- --------- --------- ------ ----- ----- ----- ----- ----- ----- ----- ---- ---------------------
d1gr0a1c.2.1.3       -            244 d1j5pa4c.2.1.3.aln   -            230   1.5e-55  183.9   1.4   1   1   5.6e-57   1.7e-55  183.7   1.4     1   222     1   243     1   244 0.99 -
d3cina1c.2.1.3       -            276 d1j5pa4c.2.1.3.aln   -            230   4.9e-51  169.1   0.0   1   1   1.8e-52   5.5e-51  169.0   0.0     1   229     1   276     1   276 0.99 -
d1h6da1c.2.1.3       -            222 d1j5pa4c.2.1.3.aln   -            230   8.2e-51  168.4   0.0   1   1     3e-52   9.2e-51  168.2   0.0    18   222     1   222     1   222 0.99 -
d1p1ja1c.2.1.3       -            411 d1j5pa4c.2.1.3.aln   -            230   8.9e-49  161.7   0.0   1   1   6.6e-50     2e-48  160.6   0.0     1   230     8   330     8   330 0.99 -
d1qkia1c.2.1.3       -            204 d1j5pa4c.2.1.3.aln   -            230   1.7e-40  134.6   0.0   1   1   6.1e-42   1.9e-40  134.5   0.0    30   222     1   204     1   204 0.99 -
d1ydwa1c.2.1.3       -            185 d1j5pa4c.2.1.3.aln   -            230   4.4e-39  130.0   0.0   1   1   1.6e-40   4.9e-39  129.9   0.0    50   225     1   183     1   185 0.99 -
d1xeaa1c.2.1.3       -            168 d1j5pa4c.2.1.3.aln   -            230   9.1e-38  125.7   0.0   1   1   3.3e-39     1e-37  125.6   0.0    51   222     2   167     1   168 0.99 -
d1tlta1c.2.1.3       -            165 d1j5pa4c.2.1.3.aln   -            230   1.4e-36  121.8   0.0   1   1     5e-38   1.5e-36  121.7   0.0    50   218     1   164     1   165 0.99 -
d1zh8a1c.2.1.3       -            182 d1j5pa4c.2.1.3.aln   -            230   3.8e-35  117.1   0.0   1   1   1.4e-36   4.2e-35  117.0   0.0    49   225     2   181     1   182 0.99 -
d2nvwa1c.2.1.3       -            238 d1j5pa4c.2.1.3.aln   -            230   5.4e-34  113.4   0.0   1   1     2e-35     6e-34  113.2   0.0    35   230     1   238     1   238 0.99 -
d1lc0a1c.2.1.3       -            173 d1j5pa4c.2.1.3.aln   -            230   1.6e-31  105.3   0.0   1   1   5.8e-33   1.8e-31  105.1   0.0    45   219     1   171     1   173 0.98 -
d1f06a1c.2.1.3       -            171 d1j5pa4c.2.1.3.aln   -            230   1.3e-30  102.3   0.2   1   1   4.7e-32   1.4e-30  102.2   0.2    50   216     2   169     1   171 0.97 -
d1e5qa1c.2.1.3       -            183 d1j5pa4c.2.1.3.aln   -            230   2.4e-30  101.4   0.6   1   1   8.5e-32   2.6e-30  101.3   0.6    52   229     3   182     1   183 0.99 -
d1h9aa1c.2.1.3       -            196 d1j5pa4c.2.1.3.aln   -            230     3e-30  101.1   0.1   1   1   1.2e-31   3.5e-30  100.9   0.1    45   220     1   195     1   195 0.99 -
d1drua1c.2.1.3       -            161 d1j5pa4c.2.1.3.aln   -            230   6.1e-30  100.1   0.2   1   1   2.2e-31   6.7e-30  100.0   0.2    50   218     2   160     1   161 0.98 -
d2g82a1c.2.1.3       -            169 d1j5pa4c.2.1.3.aln   -            230   4.5e-29   97.3   0.2   1   1   1.6e-30   4.9e-29   97.1   0.2    53   219     2   168     1   169 0.98 -
d1ebfa1c.2.1.3       -            169 d1j5pa4c.2.1.3.aln   -            230   1.9e-28   95.2   0.2   1   1   6.9e-30   2.1e-28   95.1   0.2    48   223     1   168     1   169 0.99 -
d1cf2o1c.2.1.3       -            172 d1j5pa4c.2.1.3.aln   -            230   3.2e-26   87.9   0.9   1   1   1.2e-27   3.5e-26   87.8   0.9    51   218     1   170     1   172 0.98 -
d1q0qa2c.2.1.3       -            152 d1j5pa4c.2.1.3.aln   -            230   3.1e-25   84.7   0.0   1   1   1.1e-26   3.4e-25   84.6   0.0    50   212     1   151     1   152 0.98 -
d1nvmb1c.2.1.3       -            158 d1j5pa4c.2.1.3.aln   -            230   3.6e-25   84.5   0.3   1   1   1.3e-26   3.9e-25   84.4   0.3    48   211     1   154     1   158 0.95 -
d1t4ba1c.2.1.3       -            147 d1j5pa4c.2.1.3.aln   -            230   9.3e-25   83.1   0.0   1   1   3.3e-26   9.9e-25   83.0   0.0    50   201     1   143     1   147 0.95 -
d1vkna1c.2.1.3       -            177 d1j5pa4c.2.1.3.aln   -            230   4.2e-24   81.0   0.0   1   1   1.5e-25   4.7e-24   80.8   0.0    50   222     1   176     1   177 0.99 -
d1yl7a1c.2.1.3       -            136 d1j5pa4c.2.1.3.aln   -            230     3e-19   65.1   0.1   1   1   2.2e-20   6.6e-19   64.0   0.1    52   215     1   134     1   136 0.98 -
d1vm6a3c.2.1.3       -            129 d1j5pa4c.2.1.3.aln   -            230   1.2e-15   53.4   0.0   1   1     2e-16     6e-15   51.0   0.0    51   214     1   127     1   128 0.98 -
d1t1ra3c.2.1.3       -             26 d1j5pa4c.2.1.3.aln   -            230   0.00058   15.1   0.0   1   1   1.9e-05   0.00058   15.1   0.0   189   214     1    26     1    26 0.94 -
d1jaya_c.2.1.6       -            212 d1j5pa4c.2.1.3.aln   -            230    0.0038   12.4   0.1   1   1   0.00025    0.0076   11.4   0.1    51   141     1    87     1   161 0.74 -
#
# Program:         hmmsearch
# Version:         3.3.2 (Nov 2020)
# Pipeline mode:   SEARCH
# Query file:      /home/elise/Documents/M1-BIM/S2/TMEs/SBAS/tme08/models/scop30/d1j5pa4c.2.1.3.aln.hmm
# Target file:     /home/elise/Documents/M1-BIM/S2/TMEs/SBAS/tme08/scop/scop/scopTestSeq.fasta
# Option settings: hmmsearch --domtblout /home/elise/Documents/M1-BIM/S2/TMEs/SBAS/tme08/searchResults/scop30/d1j5pa4c.2.1.3.aln.out -E 1 /home/elise/Documents/M1-BIM/S2/TMEs/SBAS/tme08/models/scop30/d1j5pa4c.2.1.3.aln.hmm /home/elise/Documents/M1-BIM/S2/TMEs/SBAS/tme08/scop/scop/scopTestSeq.fasta 
# Current dir:     /home/elise/Documents/M1-BIM/S2/TMEs/SBAS/tme08
# Date:            Thu Apr 10 10:02:19 2025
# [ok]
