#                                                                            --- full sequence --- -------------- this domain -------------   hmm coord   ali coord   env coord
# target name        accession   tlen query name           accession   qlen   E-value  score  bias   #  of  c-Evalue  i-Evalue  score  bias  from    to  from    to  from    to  acc description of target
#------------------- ---------- ----- -------------------- ---------- ----- --------- ------ ----- --- --- --------- --------- ------ ----- ----- ----- ----- ----- ----- ----- ---- ---------------------
d1wu7a2d.104.1.1     -            327 d1j5wa_d.104.1.1.aln -            314   9.8e-88  289.9   0.5   1   1     2e-89   1.1e-87  289.8   0.5     2   314     6   322     5   322 0.98 -
d1b8aa2d.104.1.1     -            335 d1j5wa_d.104.1.1.aln -            314   2.1e-87  288.8   4.9   1   1   4.2e-89   2.4e-87  288.7   4.9     3   308     7   334     5   335 0.99 -
d12asa_d.104.1.1     -            327 d1j5wa_d.104.1.1.aln -            314   2.9e-84  278.5   0.1   1   1   5.7e-86   3.2e-84  278.4   0.1     5   312     2   325     1   327 0.99 -
d1atia2d.104.1.1     -            394 d1j5wa_d.104.1.1.aln -            314     5e-81  267.9   5.3   1   1     1e-82   5.8e-81  267.7   5.3     2   314    20   355    19   355 0.99 -
d1z7ma1d.104.1.1     -            318 d1j5wa_d.104.1.1.aln -            314   2.1e-79  262.6   0.1   1   1   4.2e-81   2.4e-79  262.4   0.1     2   314     3   316     2   316 0.99 -
d1h4vb2d.104.1.1     -            324 d1j5wa_d.104.1.1.aln -            314   2.7e-77  255.7   7.3   1   1   5.3e-79     3e-77  255.5   7.3     1   314     3   318     3   318 0.99 -
d1nnha_d.104.1.1     -            293 d1j5wa_d.104.1.1.aln -            314   2.4e-76  252.5   1.8   1   1   4.8e-78   2.7e-76  252.4   1.8     1   309     1   292     1   293 0.99 -
d1qf6a4d.104.1.1     -            291 d1j5wa_d.104.1.1.aln -            314   1.6e-75  249.8   0.1   1   1   3.2e-77   1.8e-75  249.7   0.1     1   310     1   290     1   291 0.99 -
d1seta2d.104.1.1     -            311 d1j5wa_d.104.1.1.aln -            314   5.3e-70  231.7   2.2   1   1   1.1e-71   5.9e-70  231.5   2.2     1   314     7   307     7   307 0.99 -
d1g5ha2d.104.1.1     -            290 d1j5wa_d.104.1.1.aln -            314     6e-70  231.5   0.0   1   1   1.2e-71   6.7e-70  231.4   0.0     5   313     2   287     1   288 0.99 -
d1hc7a2d.104.1.1     -            272 d1j5wa_d.104.1.1.aln -            314   1.8e-66  220.1   2.2   1   1   3.6e-68     2e-66  219.9   2.2     5   296     2   272     1   272 0.99 -
d1usya_d.104.1.1     -            275 d1j5wa_d.104.1.1.aln -            314   4.5e-60  199.1   0.0   1   1     9e-62   5.1e-60  198.9   0.0    14   306     2   275     1   275 0.99 -
d1yfsa2d.104.1.1     -            236 d1j5wa_d.104.1.1.aln -            314   8.9e-55  181.7   0.2   1   1   1.8e-56     1e-54  181.5   0.2    16   294     3   235     1   236 0.98 -
d1jjcb5d.104.1.1     -            207 d1j5wa_d.104.1.1.aln -            314   1.1e-35  119.0   2.1   1   1   2.3e-37   1.3e-35  118.7   2.1     2   257     2   207     1   207 0.98 -
#
# Program:         hmmsearch
# Version:         3.3.2 (Nov 2020)
# Pipeline mode:   SEARCH
# Query file:      /home/elise/Documents/M1-BIM/S2/TMEs/SBAS/tme08/models/scop30/d1j5wa_d.104.1.1.aln.hmm
# Target file:     /home/elise/Documents/M1-BIM/S2/TMEs/SBAS/tme08/scop/scop/scopTestSeq.fasta
# Option settings: hmmsearch --domtblout /home/elise/Documents/M1-BIM/S2/TMEs/SBAS/tme08/searchResults/scop30/d1j5wa_d.104.1.1.aln.out -E 1 /home/elise/Documents/M1-BIM/S2/TMEs/SBAS/tme08/models/scop30/d1j5wa_d.104.1.1.aln.hmm /home/elise/Documents/M1-BIM/S2/TMEs/SBAS/tme08/scop/scop/scopTestSeq.fasta 
# Current dir:     /home/elise/Documents/M1-BIM/S2/TMEs/SBAS/tme08
# Date:            Thu Apr 10 10:02:19 2025
# [ok]
