#                                                                            --- full sequence --- -------------- this domain -------------   hmm coord   ali coord   env coord
# target name        accession   tlen query name           accession   qlen   E-value  score  bias   #  of  c-Evalue  i-Evalue  score  bias  from    to  from    to  from    to  acc description of target
#------------------- ---------- ----- -------------------- ---------- ----- --------- ------ ----- --- --- --------- --------- ------ ----- ----- ----- ----- ----- ----- ----- ---- ---------------------
d1mv8a2c.2.1.6       -            202 d1jaya_c.2.1.6.aln   -            178   2.2e-49  163.0   0.0   1   1   6.3e-51   2.5e-49  162.8   0.0     1   177     1   193     1   194 0.99 -
d1evya2c.2.1.6       -            189 d1jaya_c.2.1.6.aln   -            178     3e-49  162.5   0.0   1   1   8.5e-51   3.4e-49  162.4   0.0     1   178     8   187     8   187 0.99 -
d1bg6a2c.2.1.6       -            184 d1jaya_c.2.1.6.aln   -            178     5e-49  161.8   0.1   1   1   1.4e-50   5.5e-49  161.7   0.1     2   176     3   182     2   184 0.99 -
d1txga2c.2.1.6       -            180 d1jaya_c.2.1.6.aln   -            178   1.1e-47  157.5   0.0   1   1   2.9e-49   1.2e-47  157.4   0.0     1   175     1   179     1   180 0.99 -
d1f0ya2c.2.1.6       -            192 d1jaya_c.2.1.6.aln   -            178   2.7e-46  152.9   1.6   1   1   7.7e-48     3e-46  152.8   1.6     1   178     5   189     5   189 0.99 -
d2f1ka2c.2.1.6       -            165 d1jaya_c.2.1.6.aln   -            178   1.6e-45  150.5   0.0   1   1   4.4e-47   1.7e-45  150.3   0.0     1   177     1   165     1   165 0.98 -
d1dlja2c.2.1.6       -            196 d1jaya_c.2.1.6.aln   -            178   6.8e-45  148.4   0.1   1   1   1.9e-46   7.6e-45  148.2   0.1     1   177     1   187     1   188 0.99 -
d1ks9a2c.2.1.6       -            167 d1jaya_c.2.1.6.aln   -            178   1.8e-44  147.0   0.0   1   1   5.2e-46   2.1e-44  146.8   0.0     1   178     1   167     1   167 0.99 -
d1lj8a4c.2.1.6       -            286 d1jaya_c.2.1.6.aln   -            178   1.3e-43  144.2   0.0   1   1   3.9e-45   1.6e-43  143.9   0.0     2   177    48   246    47   247 0.99 -
d1vpda2c.2.1.6       -            161 d1jaya_c.2.1.6.aln   -            178   5.5e-38  125.9   0.4   1   1   1.6e-39   6.2e-38  125.7   0.4     1   177     1   160     1   161 0.98 -
d2pv7a2c.2.1.6       -            152 d1jaya_c.2.1.6.aln   -            178     3e-36  120.2   0.0   1   1   8.5e-38   3.4e-36  120.1   0.0     7   177     1   152     1   152 0.99 -
d2ahra2c.2.1.6       -            152 d1jaya_c.2.1.6.aln   -            178     7e-35  115.8   0.1   1   1   1.9e-36   7.6e-35  115.6   0.1     1   176     1   150     1   152 0.98 -
d1yqga2c.2.1.6       -            152 d1jaya_c.2.1.6.aln   -            178   3.1e-34  113.7   0.1   1   1   8.6e-36   3.4e-34  113.5   0.1     1   176     1   151     1   152 0.99 -
d1i36a2c.2.1.6       -            152 d1jaya_c.2.1.6.aln   -            178     1e-33  112.0   0.3   1   1   2.8e-35   1.1e-33  111.8   0.3     2   174     2   149     1   152 0.97 -
d2i76a2c.2.1.6       -            153 d1jaya_c.2.1.6.aln   -            178   3.8e-33  110.1   0.0   1   1   1.1e-34   4.2e-33  110.0   0.0     3   177     2   152     1   153 0.98 -
d1jaya_c.2.1.6       -            212 d1jaya_c.2.1.6.aln   -            178   8.2e-06   21.1   0.5   1   1   8.3e-07   3.3e-05   19.1   0.5     7   128     8   148     1   166 0.77 -
d1gpja2c.2.1.7       -            159 d1jaya_c.2.1.6.aln   -            178   1.7e-05   20.0   0.1   1   1   5.5e-07   2.2e-05   19.7   0.1     2    42    26    66    25   106 0.83 -
d1edza1c.2.1.7       -            171 d1jaya_c.2.1.6.aln   -            178    0.0046   12.1   0.0   1   1   0.00018    0.0072   11.5   0.0    11    95    41   120    40   127 0.74 -
d2ivda1c.3.1.2       -            348 d1jaya_c.2.1.6.aln   -            178    0.0063   11.7   0.8   1   2   0.00033     0.013   10.6   0.3     1    28     1    28     1    36 0.88 -
d2ivda1c.3.1.2       -            348 d1jaya_c.2.1.6.aln   -            178    0.0063   11.7   0.8   2   2       2.7   1.1e+02   -2.1   0.0    11    23    40    52    35    70 0.75 -
d1ryia1c.3.1.2       -            277 d1jaya_c.2.1.6.aln   -            178    0.0088   11.2   0.1   1   1   0.00049     0.019   10.1   0.1     4    23     8    27     6    31 0.91 -
#
# Program:         hmmsearch
# Version:         3.3.2 (Nov 2020)
# Pipeline mode:   SEARCH
# Query file:      /home/elise/Documents/M1-BIM/S2/TMEs/SBAS/tme08/models/scop30/d1jaya_c.2.1.6.aln.hmm
# Target file:     /home/elise/Documents/M1-BIM/S2/TMEs/SBAS/tme08/scop/scop/scopTestSeq.fasta
# Option settings: hmmsearch --domtblout /home/elise/Documents/M1-BIM/S2/TMEs/SBAS/tme08/searchResults/scop30/d1jaya_c.2.1.6.aln.out -E 1 /home/elise/Documents/M1-BIM/S2/TMEs/SBAS/tme08/models/scop30/d1jaya_c.2.1.6.aln.hmm /home/elise/Documents/M1-BIM/S2/TMEs/SBAS/tme08/scop/scop/scopTestSeq.fasta 
# Current dir:     /home/elise/Documents/M1-BIM/S2/TMEs/SBAS/tme08
# Date:            Thu Apr 10 10:02:19 2025
# [ok]
