#                                                                            --- full sequence --- -------------- this domain -------------   hmm coord   ali coord   env coord
# target name        accession   tlen query name           accession   qlen   E-value  score  bias   #  of  c-Evalue  i-Evalue  score  bias  from    to  from    to  from    to  acc description of target
#------------------- ---------- ----- -------------------- ---------- ----- --------- ------ ----- --- --- --------- --------- ------ ----- ----- ----- ----- ----- ----- ----- ---- ---------------------
d1dz3a_c.23.1.1      -            123 d1jbea_c.23.1.1.aln  -            125   1.7e-44  146.1   0.1   1   1   4.1e-46   1.9e-44  146.0   0.1     3   122     2   122     1   123 0.98 -
d1kgsa2c.23.1.1      -            122 d1jbea_c.23.1.1.aln  -            125   6.2e-44  144.4   0.1   1   1   1.5e-45   6.8e-44  144.2   0.1     2   124     1   121     1   122 0.98 -
d1mb3a_c.23.1.1      -            123 d1jbea_c.23.1.1.aln  -            125   1.2e-43  143.4   0.1   1   1   2.9e-45   1.3e-43  143.3   0.1     3   123     2   122     1   123 0.98 -
d2r25b_c.23.1.1      -            133 d1jbea_c.23.1.1.aln  -            125   1.3e-42  140.1   0.1   1   1     3e-44   1.4e-42  140.0   0.1     2   124     2   129     1   130 0.97 -
d1s8na_c.23.1.1      -            190 d1jbea_c.23.1.1.aln  -            125   1.5e-41  136.7   0.1   1   1   4.6e-43   2.1e-41  136.2   0.1     2   124     3   123     2   124 0.98 -
d1k66a_c.23.1.1      -            149 d1jbea_c.23.1.1.aln  -            125   1.1e-40  133.9   0.0   1   1   2.6e-42   1.2e-40  133.7   0.0     2   124     6   140     5   141 0.98 -
d1dbwa_c.23.1.1      -            123 d1jbea_c.23.1.1.aln  -            125   2.5e-37  123.0   0.2   1   1   5.8e-39   2.7e-37  122.9   0.2     2   122     3   121     2   123 0.98 -
d2v0na2c.23.1.1      -            153 d1jbea_c.23.1.1.aln  -            125     4e-36  119.1   0.0   1   1     1e-37   4.7e-36  118.9   0.0     3   124    14   133    12   134 0.97 -
d2b4aa1c.23.1.1      -            118 d1jbea_c.23.1.1.aln  -            125   2.3e-33  110.2   0.0   1   1   5.3e-35   2.5e-33  110.1   0.0     1   121     1   117     1   118 0.97 -
d3cfya_c.23.1.0      -            130 d1jbea_c.23.1.1.aln  -            125   4.6e-26   86.6   0.1   1   1   1.2e-27   5.4e-26   86.4   0.1     4   122     4   120     1   122 0.96 -
d1jbea_c.23.1.1      -            128 d1jbea_c.23.1.1.aln  -            125   2.5e-25   84.2   0.0   1   1   6.1e-27   2.9e-25   84.1   0.0     4   122     6   125     3   127 0.96 -
d3heba_c.23.1.0      -            142 d1jbea_c.23.1.1.aln  -            125   2.2e-24   81.2   0.0   1   1   5.9e-26   2.7e-24   80.9   0.0     4   119     2   128     1   130 0.97 -
d3khta_c.23.1.0      -            132 d1jbea_c.23.1.1.aln  -            125   8.2e-22   72.9   0.2   1   1   2.1e-23   9.7e-22   72.6   0.2     3   105     2   106     1   112 0.97 -
d3eqza_c.23.1.0      -            124 d1jbea_c.23.1.1.aln  -            125   7.7e-13   43.9   0.0   1   1     2e-14   9.4e-13   43.6   0.0     4   119     3   120     1   124 0.73 -
d3ktoa_c.23.1.0      -            122 d1jbea_c.23.1.1.aln  -            125   2.3e-11   39.1   0.4   1   1   5.7e-13   2.7e-11   38.9   0.4     5   121     3   119     2   122 0.83 -
d2plna_c.23.1.0      -            118 d1jbea_c.23.1.1.aln  -            125   8.1e-10   34.1   0.1   1   1   2.1e-11   9.8e-10   33.9   0.1     3   118     5   115     3   118 0.83 -
d1q0qa2c.2.1.3       -            152 d1jbea_c.23.1.1.aln  -            125   0.00041   15.7   0.4   1   2     0.053       2.5    3.5   0.0    62    96    14    48    11    53 0.77 -
d1q0qa2c.2.1.3       -            152 d1jbea_c.23.1.1.aln  -            125   0.00041   15.7   0.4   2   2   0.00031     0.014   10.7   0.2     8    52    55    98    50   120 0.83 -
#
# Program:         hmmsearch
# Version:         3.3.2 (Nov 2020)
# Pipeline mode:   SEARCH
# Query file:      /home/elise/Documents/M1-BIM/S2/TMEs/SBAS/tme08/models/scop30/d1jbea_c.23.1.1.aln.hmm
# Target file:     /home/elise/Documents/M1-BIM/S2/TMEs/SBAS/tme08/scop/scop/scopTestSeq.fasta
# Option settings: hmmsearch --domtblout /home/elise/Documents/M1-BIM/S2/TMEs/SBAS/tme08/searchResults/scop30/d1jbea_c.23.1.1.aln.out -E 1 /home/elise/Documents/M1-BIM/S2/TMEs/SBAS/tme08/models/scop30/d1jbea_c.23.1.1.aln.hmm /home/elise/Documents/M1-BIM/S2/TMEs/SBAS/tme08/scop/scop/scopTestSeq.fasta 
# Current dir:     /home/elise/Documents/M1-BIM/S2/TMEs/SBAS/tme08
# Date:            Thu Apr 10 10:02:19 2025
# [ok]
