#                                                                            --- full sequence --- -------------- this domain -------------   hmm coord   ali coord   env coord
# target name        accession   tlen query name           accession   qlen   E-value  score  bias   #  of  c-Evalue  i-Evalue  score  bias  from    to  from    to  from    to  acc description of target
#------------------- ---------- ----- -------------------- ---------- ----- --------- ------ ----- --- --- --------- --------- ------ ----- ----- ----- ----- ----- ----- ----- ---- ---------------------
d1eu8a_c.94.1.1      -            407 d1jeta_c.94.1.1.aln  -            305   3.6e-53  176.1   5.4   1   1   1.6e-54   4.1e-53  175.9   5.4     3   303     2   407     1   407 0.99 -
d1uqwa_c.94.1.1      -            487 d1jeta_c.94.1.1.aln  -            305   1.2e-52  174.4   8.9   1   1   5.2e-54   1.4e-52  174.2   8.9     1   304    33   442    33   443 0.99 -
d1ursa_c.94.1.1      -            367 d1jeta_c.94.1.1.aln  -            305     3e-52  173.0   5.0   1   1   1.3e-53   3.4e-52  172.9   5.0     3   299    27   367    25   367 0.99 -
d1q35a_c.94.1.1      -            318 d1jeta_c.94.1.1.aln  -            305     9e-52  171.5   1.9   1   1   3.8e-53     1e-51  171.3   1.9     6   304     2   308     1   309 0.99 -
d1vr5a1c.94.1.1      -            535 d1jeta_c.94.1.1.aln  -            305   1.1e-51  171.2   3.7   1   1   5.4e-53   1.4e-51  170.8   3.7     1   305    35   489    35   489 0.99 -
d1pb7a_c.94.1.1      -            289 d1jeta_c.94.1.1.aln  -            305   1.9e-51  170.4   0.0   1   1   7.9e-53   2.1e-51  170.3   0.0     6   296     1   289     1   289 1.00 -
d2nooa_c.94.1.1      -            496 d1jeta_c.94.1.1.aln  -            305   6.1e-51  168.8   2.2   1   1   3.1e-52   8.1e-51  168.3   2.2     1   305    30   449    30   449 1.00 -
d3vlva_c.94.1.1      -            490 d1jeta_c.94.1.1.aln  -            305   8.1e-51  168.4   4.0   1   1   3.6e-52   9.6e-51  168.1   4.0     3   305    39   445    37   445 0.99 -
d1r9la_c.94.1.1      -            309 d1jeta_c.94.1.1.aln  -            305   1.1e-49  164.7   7.9   1   1   4.6e-51   1.2e-49  164.5   7.9     1   302    13   309    13   309 0.99 -
d1xoca1c.94.1.1      -            504 d1jeta_c.94.1.1.aln  -            305   4.8e-49  162.5  11.9   1   1   2.2e-50   5.7e-49  162.3  11.9     2   305    37   455    36   455 1.00 -
d3thia_c.94.1.1      -            362 d1jeta_c.94.1.1.aln  -            305     5e-49  162.5   0.5   1   1   2.1e-50   5.6e-49  162.3   0.5     6   303     3   360     1   362 0.99 -
d1nnfa_c.94.1.1      -            308 d1jeta_c.94.1.1.aln  -            305   6.9e-49  162.0  12.7   1   1   2.9e-50   7.6e-49  161.9  12.7     7   303     2   303     1   305 0.98 -
d1ixha_c.94.1.1      -            321 d1jeta_c.94.1.1.aln  -            305   4.4e-47  156.1   9.0   1   1   1.8e-48   4.9e-47  156.0   9.0     3   302     2   320     1   321 0.99 -
d1sbpa_c.94.1.1      -            309 d1jeta_c.94.1.1.aln  -            305   2.1e-46  153.9   8.0   1   1   8.7e-48   2.3e-46  153.8   8.0     7   304     3   307     1   308 0.98 -
d2nxoa1c.94.1.1      -            277 d1jeta_c.94.1.1.aln  -            305     3e-40  133.8   0.0   1   1   1.2e-41   3.3e-40  133.6   0.0     6   281     3   276     1   277 0.98 -
d2czla1c.94.1.1      -            270 d1jeta_c.94.1.1.aln  -            305   9.9e-40  132.1   0.0   1   1   4.1e-41   1.1e-39  131.9   0.0     6   280     2   267     1   270 0.98 -
d1sw5a_c.94.1.1      -            270 d1jeta_c.94.1.1.aln  -            305   1.9e-39  131.1   4.3   1   1   8.2e-41   2.2e-39  130.9   4.3     7   278     2   268     1   270 0.99 -
d1us5a_c.94.1.1      -            298 d1jeta_c.94.1.1.aln  -            305   3.8e-39  130.1   0.8   1   1   1.6e-40   4.2e-39  130.0   0.8     3   290    10   297     8   298 0.98 -
d1twya_c.94.1.1      -            249 d1jeta_c.94.1.1.aln  -            305   2.9e-33  110.9   0.1   1   1   1.2e-34   3.2e-33  110.8   0.1     4   266     2   249     1   249 0.98 -
d2i6ea1c.94.1.1      -            272 d1jeta_c.94.1.1.aln  -            305   1.2e-32  108.9   0.0   1   1   4.9e-34   1.3e-32  108.8   0.0     7   272     3   270     1   272 0.97 -
d1al3a_c.94.1.1      -            237 d1jeta_c.94.1.1.aln  -            305   1.3e-32  108.7   0.0   1   1   5.8e-34   1.5e-32  108.5   0.0     2   255     2   234     1   236 0.98 -
d2ozza1c.94.1.1      -            228 d1jeta_c.94.1.1.aln  -            305   8.9e-31  102.7   0.0   1   1   3.7e-32   9.8e-31  102.6   0.0    11   265     2   228     1   228 0.98 -
d1xt8a1c.94.1.1      -            248 d1jeta_c.94.1.1.aln  -            305   9.4e-31  102.7   4.0   1   1   4.5e-32   1.2e-30  102.3   4.0     8   267     5   246     2   247 0.98 -
d1atga_c.94.1.1      -            231 d1jeta_c.94.1.1.aln  -            305   2.9e-30  101.1   2.2   1   1   1.2e-31   3.2e-30  100.9   2.2    10   246     3   228     1   231 0.98 -
d1ii5a_c.94.1.1      -            226 d1jeta_c.94.1.1.aln  -            305   8.3e-30   99.6   0.1   1   1   3.5e-31   9.1e-30   99.4   0.1     4   254     2   224     1   226 0.97 -
d1i6aa_c.94.1.1      -            212 d1jeta_c.94.1.1.aln  -            305   1.3e-22   76.1   0.0   1   1   5.2e-24   1.4e-22   75.9   0.0     3   247     2   212     1   212 0.98 -
d2esna2c.94.1.1      -            212 d1jeta_c.94.1.1.aln  -            305   2.3e-22   75.2   0.0   1   1     1e-23   2.7e-22   75.0   0.0     9   251     3   210     1   211 0.97 -
d1ixca2c.94.1.1      -            205 d1jeta_c.94.1.1.aln  -            305     4e-21   71.1   0.0   1   1   1.8e-22   4.7e-21   70.9   0.0     6   250     2   203     1   205 0.97 -
d1ve4a1c.94.1.1      -            206 d1jeta_c.94.1.1.aln  -            305   3.5e-16   54.9   0.0   1   1   1.6e-17   4.2e-16   54.7   0.0    12   243     3   201     1   204 0.97 -
d2qmwa1c.94.1.1      -            184 d1jeta_c.94.1.1.aln  -            305   2.3e-14   49.0   0.3   1   1   1.3e-15   3.3e-14   48.5   0.3    15   251     2   182     1   183 0.98 -
#
# Program:         hmmsearch
# Version:         3.3.2 (Nov 2020)
# Pipeline mode:   SEARCH
# Query file:      /home/elise/Documents/M1-BIM/S2/TMEs/SBAS/tme08/models/scop30/d1jeta_c.94.1.1.aln.hmm
# Target file:     /home/elise/Documents/M1-BIM/S2/TMEs/SBAS/tme08/scop/scop/scopTestSeq.fasta
# Option settings: hmmsearch --domtblout /home/elise/Documents/M1-BIM/S2/TMEs/SBAS/tme08/searchResults/scop30/d1jeta_c.94.1.1.aln.out -E 1 /home/elise/Documents/M1-BIM/S2/TMEs/SBAS/tme08/models/scop30/d1jeta_c.94.1.1.aln.hmm /home/elise/Documents/M1-BIM/S2/TMEs/SBAS/tme08/scop/scop/scopTestSeq.fasta 
# Current dir:     /home/elise/Documents/M1-BIM/S2/TMEs/SBAS/tme08
# Date:            Thu Apr 10 10:02:19 2025
# [ok]
