#                                                                            --- full sequence --- -------------- this domain -------------   hmm coord   ali coord   env coord
# target name        accession   tlen query name           accession   qlen   E-value  score  bias   #  of  c-Evalue  i-Evalue  score  bias  from    to  from    to  from    to  acc description of target
#------------------- ---------- ----- -------------------- ---------- ----- --------- ------ ----- --- --- --------- --------- ------ ----- ----- ----- ----- ----- ----- ----- ---- ---------------------
d1qv0a_a.39.1.5      -            189 d1jfka_a.39.1.5.aln  -            178     6e-58  191.1   0.0   1   1   1.2e-59   6.7e-58  191.0   0.0     2   178     7   189     6   189 0.99 -
d1jbaa_a.39.1.5      -            189 d1jfka_a.39.1.5.aln  -            178   9.4e-58  190.5   1.7   1   1   1.9e-59     1e-57  190.3   1.7     2   173     2   188     1   189 0.99 -
d2sasa_a.39.1.5      -            185 d1jfka_a.39.1.5.aln  -            178   2.7e-57  189.0   0.6   1   1   5.4e-59     3e-57  188.8   0.6     1   178     8   185     8   185 0.99 -
d1omra_a.39.1.5      -            201 d1jfka_a.39.1.5.aln  -            178   3.4e-56  185.4   3.6   1   1   6.8e-58   3.9e-56  185.2   3.6     2   177     6   194     5   195 0.99 -
d2scpa_a.39.1.5      -            174 d1jfka_a.39.1.5.aln  -            178     5e-54  178.3   3.1   1   1   9.7e-56   5.4e-54  178.2   3.1     5   177     2   173     1   174 0.99 -
d2zfda1a.39.1.5      -            183 d1jfka_a.39.1.5.aln  -            178   1.5e-52  173.6   4.0   1   1   2.9e-54   1.6e-52  173.4   4.0     7   177     2   180     1   181 0.99 -
d1nyaa_a.39.1.5      -            176 d1jfka_a.39.1.5.aln  -            178   1.9e-51  169.9   0.9   1   1   3.8e-53   2.1e-51  169.8   0.9     1   170     6   174     6   176 0.98 -
d1exra_a.39.1.5      -            146 d1jfka_a.39.1.5.aln  -            178   7.9e-51  167.9   7.8   1   1   1.6e-52   8.8e-51  167.7   7.8    15   159     2   145     1   146 0.98 -
d1xo5a_a.39.1.5      -            180 d1jfka_a.39.1.5.aln  -            178   7.9e-51  167.9   0.0   1   1   1.6e-52   8.8e-51  167.8   0.0     4   172     2   180     1   180 0.99 -
d1s6ja_a.39.1.5      -             87 d1jfka_a.39.1.5.aln  -            178   7.5e-28   93.1   2.8   1   1   1.4e-29     8e-28   93.0   2.8    78   159     2    86     1    87 0.97 -
d1j7qa_a.39.1.5      -             86 d1jfka_a.39.1.5.aln  -            178   2.9e-25   84.6   0.2   1   1   5.6e-27   3.2e-25   84.5   0.2    94   167    11    85     4    86 0.95 -
d1jfka_a.39.1.5      -            134 d1jfka_a.39.1.5.aln  -            178   1.9e-19   65.7   7.7   1   2   2.5e-11   1.4e-09   33.6   0.7   100   156     4    60     1    65 0.95 -
d1jfka_a.39.1.5      -            134 d1jfka_a.39.1.5.aln  -            178   1.9e-19   65.7   7.7   2   2   3.9e-12   2.2e-10   36.2   1.1    96   156    73   131    63   134 0.90 -
d1ctaa_a.39.1.5      -             34 d1jfka_a.39.1.5.aln  -            178   3.1e-12   42.2   0.1   1   1   5.7e-14   3.2e-12   42.1   0.1    94   126     2    34     1    34 0.94 -
d2gf6a1d.38.1.1      -            134 d1jfka_a.39.1.5.aln  -            178    0.0038   12.6   0.2   1   2   0.00015    0.0086   11.4   0.1   100   134    10    44     2    45 0.90 -
d2gf6a1d.38.1.1      -            134 d1jfka_a.39.1.5.aln  -            178    0.0038   12.6   0.2   2   2       1.8     1e+02   -1.9   0.0    71    94    97   120    87   128 0.56 -
#
# Program:         hmmsearch
# Version:         3.3.2 (Nov 2020)
# Pipeline mode:   SEARCH
# Query file:      /home/elise/Documents/M1-BIM/S2/TMEs/SBAS/tme08/models/scop30/d1jfka_a.39.1.5.aln.hmm
# Target file:     /home/elise/Documents/M1-BIM/S2/TMEs/SBAS/tme08/scop/scop/scopTestSeq.fasta
# Option settings: hmmsearch --domtblout /home/elise/Documents/M1-BIM/S2/TMEs/SBAS/tme08/searchResults/scop30/d1jfka_a.39.1.5.aln.out -E 1 /home/elise/Documents/M1-BIM/S2/TMEs/SBAS/tme08/models/scop30/d1jfka_a.39.1.5.aln.hmm /home/elise/Documents/M1-BIM/S2/TMEs/SBAS/tme08/scop/scop/scopTestSeq.fasta 
# Current dir:     /home/elise/Documents/M1-BIM/S2/TMEs/SBAS/tme08
# Date:            Thu Apr 10 10:02:19 2025
# [ok]
