#                                                                            --- full sequence --- -------------- this domain -------------   hmm coord   ali coord   env coord
# target name        accession   tlen query name           accession   qlen   E-value  score  bias   #  of  c-Evalue  i-Evalue  score  bias  from    to  from    to  from    to  acc description of target
#------------------- ---------- ----- -------------------- ---------- ----- --------- ------ ----- --- --- --------- --------- ------ ----- ----- ----- ----- ----- ----- ----- ---- ---------------------
d2etha1a.4.5.28      -            140 d1jgsa_a.4.5.28.aln  -            141   3.2e-44  145.6   0.1   1   1   8.5e-46   3.5e-44  145.5   0.1     1   141     1   139     1   139 0.98 -
d2fxaa1a.4.5.28      -            162 d1jgsa_a.4.5.28.aln  -            141   6.2e-44  144.7   0.0   1   1   1.7e-45   6.9e-44  144.6   0.0     3   141    10   148     8   148 0.98 -
d2fbia1a.4.5.28      -            136 d1jgsa_a.4.5.28.aln  -            141   1.9e-43  143.1   0.5   1   1   5.1e-45   2.1e-43  143.0   0.5     7   139     3   135     1   136 0.98 -
d1s3ja_a.4.5.28      -            143 d1jgsa_a.4.5.28.aln  -            141   2.1e-41  136.5   4.4   1   1   5.6e-43   2.3e-41  136.4   4.4     2   140     3   141     2   142 0.98 -
d3echa_a.4.5.28      -            142 d1jgsa_a.4.5.28.aln  -            141   1.2e-39  130.8   0.1   1   1   3.2e-41   1.3e-39  130.7   0.1     2   138     5   141     4   142 0.98 -
d3broa1a.4.5.28      -            135 d1jgsa_a.4.5.28.aln  -            141   3.8e-39  129.2   6.8   1   1   9.9e-41   4.1e-39  129.1   6.8     5   137     2   134     1   135 0.98 -
d1lj9a_a.4.5.28      -            144 d1jgsa_a.4.5.28.aln  -            141   7.3e-39  128.3   1.9   1   1   1.9e-40     8e-39  128.2   1.9     7   140     2   135     1   136 0.98 -
d2a61a1a.4.5.28      -            139 d1jgsa_a.4.5.28.aln  -            141   1.3e-38  127.5   0.0   1   1   3.4e-40   1.4e-38  127.4   0.0     4   141     2   137     1   137 0.98 -
d2fbha1a.4.5.28      -            137 d1jgsa_a.4.5.28.aln  -            141   5.1e-37  122.3   0.1   1   1   1.3e-38   5.6e-37  122.2   0.1     7   141     2   136     1   136 0.99 -
d1p4xa1a.4.5.28      -            125 d1jgsa_a.4.5.28.aln  -            141   7.9e-37  121.7   3.4   1   1   2.1e-38   8.7e-37  121.6   3.4     1   123     3   125     3   125 0.98 -
d1p4xa2a.4.5.28      -            125 d1jgsa_a.4.5.28.aln  -            141   6.5e-36  118.7   4.5   1   1   1.7e-37     7e-36  118.6   4.5     2   123     3   124     2   125 0.97 -
d2fbka1a.4.5.28      -            172 d1jgsa_a.4.5.28.aln  -            141   7.3e-36  118.6   0.0   1   1   2.1e-37   8.6e-36  118.3   0.0     3   141    34   172    32   172 0.98 -
d2hr3a1a.4.5.28      -            145 d1jgsa_a.4.5.28.aln  -            141   9.3e-36  118.2   0.1   1   1   2.5e-37     1e-35  118.1   0.1     2   141     3   142     2   142 0.98 -
d1hsja1a.4.5.28      -            115 d1jgsa_a.4.5.28.aln  -            141   1.6e-33  111.0   5.2   1   1   4.1e-35   1.7e-33  110.9   5.2     1   114     1   114     1   115 0.98 -
d1ub9a_a.4.5.28      -            100 d1jgsa_a.4.5.28.aln  -            141   1.5e-24   81.9   0.0   1   1   3.8e-26   1.6e-24   81.8   0.0    17   116     1    98     1   100 0.97 -
d3jw4a_a.4.5.0       -            137 d1jgsa_a.4.5.28.aln  -            141   2.3e-20   68.3   0.3   1   1   6.2e-22   2.6e-20   68.2   0.3    18   133    16   131     4   137 0.93 -
d3bjaa_a.4.5.0       -            139 d1jgsa_a.4.5.28.aln  -            141   3.9e-20   67.6   0.2   1   1   1.1e-21   4.5e-20   67.4   0.2    23   138    24   137    15   139 0.92 -
d3ctaa1a.4.5.28      -             85 d1jgsa_a.4.5.28.aln  -            141   3.2e-17   58.1   0.4   1   1   1.1e-18   4.5e-17   57.7   0.4    34   113    17    83     1    84 0.86 -
d1jgsa_a.4.5.28      -            138 d1jgsa_a.4.5.28.aln  -            141   2.6e-16   55.2   0.0   1   1   7.5e-18   3.1e-16   55.0   0.0    10   136    10   137     8   138 0.95 -
#
# Program:         hmmsearch
# Version:         3.3.2 (Nov 2020)
# Pipeline mode:   SEARCH
# Query file:      /home/elise/Documents/M1-BIM/S2/TMEs/SBAS/tme08/models/scop30/d1jgsa_a.4.5.28.aln.hmm
# Target file:     /home/elise/Documents/M1-BIM/S2/TMEs/SBAS/tme08/scop/scop/scopTestSeq.fasta
# Option settings: hmmsearch --domtblout /home/elise/Documents/M1-BIM/S2/TMEs/SBAS/tme08/searchResults/scop30/d1jgsa_a.4.5.28.aln.out -E 1 /home/elise/Documents/M1-BIM/S2/TMEs/SBAS/tme08/models/scop30/d1jgsa_a.4.5.28.aln.hmm /home/elise/Documents/M1-BIM/S2/TMEs/SBAS/tme08/scop/scop/scopTestSeq.fasta 
# Current dir:     /home/elise/Documents/M1-BIM/S2/TMEs/SBAS/tme08
# Date:            Thu Apr 10 10:02:19 2025
# [ok]
