#                                                                            --- full sequence --- -------------- this domain -------------   hmm coord   ali coord   env coord
# target name        accession   tlen query name           accession   qlen   E-value  score  bias   #  of  c-Evalue  i-Evalue  score  bias  from    to  from    to  from    to  acc description of target
#------------------- ---------- ----- -------------------- ---------- ----- --------- ------ ----- --- --- --------- --------- ------ ----- ----- ----- ----- ----- ----- ----- ---- ---------------------
d1ea9c2b.71.1.1      -             80 d1ji1a2b.71.1.1.aln  -             80   5.1e-20   67.0   0.0   1   1   1.5e-21   5.4e-20   66.9   0.0     2    78     2    78     1    80 0.96 -
d1wzaa1b.71.1.1      -             79 d1ji1a2b.71.1.1.aln  -             80   1.8e-18   62.1   0.0   1   1   5.5e-20     2e-18   62.0   0.0     2    79     1    78     1    79 0.98 -
d1h3ga2b.71.1.1      -             83 d1ji1a2b.71.1.1.aln  -             80   7.5e-18   60.1   0.0   1   1   2.2e-19   8.1e-18   60.0   0.0     4    78     2    77     1    79 0.97 -
d1j0ha2b.71.1.1      -             83 d1ji1a2b.71.1.1.aln  -             80   1.3e-16   56.1   0.0   1   1     4e-18   1.4e-16   56.0   0.0     3    80     4    83     2    83 0.98 -
d3bmva3b.71.1.1      -             89 d1ji1a2b.71.1.1.aln  -             80   1.5e-16   56.0   2.1   1   1   4.7e-18   1.7e-16   55.8   2.1     2    79     1    86     1    87 0.98 -
d1uasa1b.71.1.1      -             89 d1ji1a2b.71.1.1.aln  -             80   2.7e-16   55.2   0.9   1   1   8.4e-18     3e-16   55.0   0.9     5    79     4    88     2    89 0.97 -
d1e43a1b.71.1.1      -             90 d1ji1a2b.71.1.1.aln  -             80   4.3e-16   54.5   0.9   1   1   1.3e-17   4.7e-16   54.4   0.9     1    79     3    89     3    90 0.98 -
d1ua7a1b.71.1.1      -             78 d1ji1a2b.71.1.1.aln  -             80   6.5e-15   50.8   0.2   1   1   1.9e-16   6.9e-15   50.7   0.2     5    80     4    78     1    78 0.96 -
d1bf2a2b.71.1.1      -            113 d1ji1a2b.71.1.1.aln  -             80   7.4e-15   50.6   3.6   1   1   2.4e-16   8.7e-15   50.4   3.6     2    79     6    96     5    97 0.97 -
d1szna1b.71.1.1      -            103 d1ji1a2b.71.1.1.aln  -             80   7.5e-15   50.6   0.4   1   1   2.4e-16   8.5e-15   50.4   0.4     1    79    11    98    11    99 0.98 -
d1mxga1b.71.1.1      -             74 d1ji1a2b.71.1.1.aln  -             80   9.2e-15   50.3   0.8   1   1   2.8e-16   9.9e-15   50.2   0.8     2    78     2    74     1    74 0.97 -
d2guya1b.71.1.1      -             95 d1ji1a2b.71.1.1.aln  -             80   3.2e-14   48.6   0.1   1   1   9.8e-16   3.5e-14   48.4   0.1     2    79     2    92     1    93 0.98 -
d1m7xa2b.71.1.1      -            106 d1ji1a2b.71.1.1.aln  -             80   4.5e-14   48.1   0.0   1   1   1.5e-15   5.2e-14   47.9   0.0     2    79     5    95     4    96 0.97 -
d1g5aa1b.71.1.1      -             74 d1ji1a2b.71.1.1.aln  -             80   5.3e-14   47.9   0.0   1   1   1.6e-15   5.6e-14   47.8   0.0     4    79     3    73     1    74 0.96 -
d1gjwa1b.71.1.1      -             64 d1ji1a2b.71.1.1.aln  -             80   4.3e-11   38.6   0.0   1   1   1.3e-12   4.5e-11   38.5   0.0     7    70     2    64     1    64 0.97 -
d2bhua2b.71.1.1      -             72 d1ji1a2b.71.1.1.aln  -             80   1.4e-10   37.0   0.1   1   1     4e-12   1.4e-10   36.9   0.1     2    78     2    72     1    72 0.97 -
d2fhfa4b.71.1.1      -            118 d1ji1a2b.71.1.1.aln  -             80   1.5e-10   36.9   0.1   1   1   5.2e-12   1.9e-10   36.6   0.1     1    79    14   105    14   106 0.98 -
d1r7aa1b.71.1.1      -             70 d1ji1a2b.71.1.1.aln  -             80   1.7e-10   36.7   0.1   1   1   5.3e-12   1.9e-10   36.6   0.1     2    76     4    70     3    70 0.97 -
d1gcya1b.71.1.1      -             61 d1ji1a2b.71.1.1.aln  -             80   2.9e-07   26.4   0.3   1   1   8.3e-09     3e-07   26.4   0.3     3    66     3    59     1    61 0.94 -
d1ht6a1b.71.1.1      -             57 d1ji1a2b.71.1.1.aln  -             80   6.4e-06   22.2   0.1   1   1   2.1e-07   7.6e-06   21.9   0.1     2    70     3    55     2    57 0.90 -
d1lwha1b.71.1.1      -             50 d1ji1a2b.71.1.1.aln  -             80   2.5e-05   20.3   0.0   1   1   9.9e-07   3.5e-05   19.8   0.0     3    33     2    32     1    50 0.89 -
d1kwga1b.71.1.1      -             54 d1ji1a2b.71.1.1.aln  -             80   0.00028   16.9   0.0   1   1     9e-06   0.00032   16.7   0.0    10    73     3    53     1    53 0.94 -
#
# Program:         hmmsearch
# Version:         3.3.2 (Nov 2020)
# Pipeline mode:   SEARCH
# Query file:      /home/elise/Documents/M1-BIM/S2/TMEs/SBAS/tme08/models/scop30/d1ji1a2b.71.1.1.aln.hmm
# Target file:     /home/elise/Documents/M1-BIM/S2/TMEs/SBAS/tme08/scop/scop/scopTestSeq.fasta
# Option settings: hmmsearch --domtblout /home/elise/Documents/M1-BIM/S2/TMEs/SBAS/tme08/searchResults/scop30/d1ji1a2b.71.1.1.aln.out -E 1 /home/elise/Documents/M1-BIM/S2/TMEs/SBAS/tme08/models/scop30/d1ji1a2b.71.1.1.aln.hmm /home/elise/Documents/M1-BIM/S2/TMEs/SBAS/tme08/scop/scop/scopTestSeq.fasta 
# Current dir:     /home/elise/Documents/M1-BIM/S2/TMEs/SBAS/tme08
# Date:            Thu Apr 10 10:02:19 2025
# [ok]
