#                                                                            --- full sequence --- -------------- this domain -------------   hmm coord   ali coord   env coord
# target name        accession   tlen query name           accession   qlen   E-value  score  bias   #  of  c-Evalue  i-Evalue  score  bias  from    to  from    to  from    to  acc description of target
#------------------- ---------- ----- -------------------- ---------- ----- --------- ------ ----- --- --- --------- --------- ------ ----- ----- ----- ----- ----- ----- ----- ---- ---------------------
d1g5aa2c.1.8.1       -            554 d1ji1a3c.1.8.1.aln   -            435  5.8e-115  380.1   4.4   1   1  1.7e-116  6.6e-115  379.9   4.4     2   434    44   553    43   554 0.97 -
d1uoka2c.1.8.1       -            479 d1ji1a3c.1.8.1.aln   -            435    7e-115  379.8  17.7   1   1    2e-116    8e-115  379.6  17.7     9   433     2   478     1   479 0.99 -
d1h3ga3c.1.8.1       -            422 d1ji1a3c.1.8.1.aln   -            435  1.2e-113  375.8  10.3   1   1  3.3e-115  1.3e-113  375.6  10.3     7   435     3   422     1   422 0.99 -
d1bf2a3c.1.8.1       -            475 d1ji1a3c.1.8.1.aln   -            435  2.4e-113  374.8  15.4   1   1  6.8e-115  2.7e-113  374.6  15.4     2   433     3   471     2   473 0.99 -
d1wzaa2c.1.8.1       -            409 d1ji1a3c.1.8.1.aln   -            435  6.9e-112  369.9  14.0   1   1    2e-113  7.8e-112  369.8  14.0    12   433     1   408     1   409 0.97 -
d3bmva4c.1.8.1       -            406 d1ji1a3c.1.8.1.aln   -            435  2.2e-108  358.4  14.0   1   1  6.3e-110  2.5e-108  358.2  14.0     3   433     2   405     1   406 0.99 -
d2guya2c.1.8.1       -            381 d1ji1a3c.1.8.1.aln   -            435  3.7e-103  341.2   8.9   1   1    1e-104  4.1e-103  341.0   8.9    10   427     3   376     1   381 0.98 -
d1gjwa2c.1.8.1       -            572 d1ji1a3c.1.8.1.aln   -            435   2.3e-97  322.1   0.0   1   1   6.7e-99   2.7e-97  321.9   0.0     2   434    65   571    64   572 0.99 -
d1wdpa_c.1.8.1       -            493 d1ji1a3c.1.8.1.aln   -            435   1.5e-95  316.1   0.1   1   1   4.3e-97   1.7e-95  315.9   0.1     1   434     1   490     1   491 0.99 -
d2bhua3c.1.8.1       -            420 d1ji1a3c.1.8.1.aln   -            435   4.3e-95  314.6   4.3   1   1   1.2e-96   4.8e-95  314.5   4.3     1   435     2   420     2   420 0.99 -
d1x1na1c.1.8.1       -            523 d1ji1a3c.1.8.1.aln   -            435   9.2e-95  313.5   0.1   1   1   2.6e-96     1e-94  313.4   0.1     1   434     8   521     8   522 0.99 -
d2fhfa5c.1.8.1       -            563 d1ji1a3c.1.8.1.aln   -            435   2.7e-94  312.0   2.1   1   1   7.9e-96   3.1e-94  311.8   2.1     3   434    49   562    47   563 0.99 -
d1r7aa2c.1.8.1       -            434 d1ji1a3c.1.8.1.aln   -            435     5e-92  304.5   0.4   1   1   1.4e-93   5.5e-92  304.4   0.4    13   428     1   432     1   434 0.99 -
d1m7xa3c.1.8.1       -            396 d1ji1a3c.1.8.1.aln   -            435   5.2e-91  301.2  16.8   1   1   3.3e-92   1.3e-90  299.8  16.8     2   434     3   392     2   393 0.97 -
d1ht6a2c.1.8.1       -            347 d1ji1a3c.1.8.1.aln   -            435   7.2e-91  300.7   6.0   1   1   2.1e-92   8.4e-91  300.5   6.0    15   429     1   346     1   347 0.98 -
d1vema2c.1.8.1       -            417 d1ji1a3c.1.8.1.aln   -            435   7.1e-89  294.1   7.3   1   1     2e-90   7.9e-89  294.0   7.3     2   434     3   413     2   414 0.99 -
d1e43a2c.1.8.1       -            393 d1ji1a3c.1.8.1.aln   -            435   2.4e-87  289.1  16.5   1   1   6.8e-89   2.7e-87  288.9  16.5    15   428     2   393     1   393 0.99 -
d1ua7a2c.1.8.1       -            344 d1ji1a3c.1.8.1.aln   -            435   2.1e-79  262.9  11.9   1   1   5.9e-81   2.3e-79  262.8  11.9    17   431     2   342     1   344 0.98 -
d1kwga2c.1.8.1       -            393 d1ji1a3c.1.8.1.aln   -            435   2.5e-79  262.7   0.0   1   1     7e-81   2.8e-79  262.5   0.0     3   428     1   390     1   393 0.99 -
d1ji1a3c.1.8.1       -            432 d1ji1a3c.1.8.1.aln   -            435   1.9e-29   98.3  18.9   1   2   2.2e-22   8.9e-21   69.7  13.2     9   248     4   264     3   301 0.88 -
d1ji1a3c.1.8.1       -            432 d1ji1a3c.1.8.1.aln   -            435   1.9e-29   98.3  18.9   2   2   6.7e-11   2.6e-09   31.9   0.3   326   433   339   430   328   432 0.81 -
#
# Program:         hmmsearch
# Version:         3.3.2 (Nov 2020)
# Pipeline mode:   SEARCH
# Query file:      /home/elise/Documents/M1-BIM/S2/TMEs/SBAS/tme08/models/scop30/d1ji1a3c.1.8.1.aln.hmm
# Target file:     /home/elise/Documents/M1-BIM/S2/TMEs/SBAS/tme08/scop/scop/scopTestSeq.fasta
# Option settings: hmmsearch --domtblout /home/elise/Documents/M1-BIM/S2/TMEs/SBAS/tme08/searchResults/scop30/d1ji1a3c.1.8.1.aln.out -E 1 /home/elise/Documents/M1-BIM/S2/TMEs/SBAS/tme08/models/scop30/d1ji1a3c.1.8.1.aln.hmm /home/elise/Documents/M1-BIM/S2/TMEs/SBAS/tme08/scop/scop/scopTestSeq.fasta 
# Current dir:     /home/elise/Documents/M1-BIM/S2/TMEs/SBAS/tme08
# Date:            Thu Apr 10 10:02:20 2025
# [ok]
