#                                                                            --- full sequence --- -------------- this domain -------------   hmm coord   ali coord   env coord
# target name        accession   tlen query name           accession   qlen   E-value  score  bias   #  of  c-Evalue  i-Evalue  score  bias  from    to  from    to  from    to  acc description of target
#------------------- ---------- ----- -------------------- ---------- ----- --------- ------ ----- --- --- --------- --------- ------ ----- ----- ----- ----- ----- ----- ----- ---- ---------------------
d1j0ha1b.1.18.2      -            123 d1ji1a1b.1.18.2.aln  -            109   7.2e-28   92.5   0.0   1   1   1.8e-29     8e-28   92.3   0.0     1   108    13   122    13   123 0.99 -
d1m7xa1b.1.18.2      -            110 d1ji1a1b.1.18.2.aln  -            109   3.5e-26   87.0   0.0   1   1   8.8e-28   3.9e-26   86.9   0.0     3   109     1   109     1   109 0.99 -
d1ut9a2b.1.18.2      -             98 d1ji1a1b.1.18.2.aln  -            109   1.7e-25   84.9   0.1   1   1   4.1e-27   1.8e-25   84.8   0.1    12   108     2    97     1    98 0.97 -
d2fhfa1b.1.18.2      -            115 d1ji1a1b.1.18.2.aln  -            109   3.7e-25   83.7   3.2   1   1   9.3e-27   4.1e-25   83.6   3.2     1   108     2   111     2   112 0.98 -
d1txka1b.1.18.2      -            115 d1ji1a1b.1.18.2.aln  -            109   1.5e-24   81.8   1.7   1   1   3.7e-26   1.6e-24   81.7   1.7     1   109     5   115     5   115 0.99 -
d1edqa1b.1.18.2      -            109 d1ji1a1b.1.18.2.aln  -            109   7.5e-24   79.6   2.6   1   1   1.9e-25   8.2e-24   79.4   2.6     2   106     7   108     6   109 0.98 -
d2fhfa2b.1.18.2      -            125 d1ji1a1b.1.18.2.aln  -            109   6.9e-23   76.5   0.3   1   1   1.8e-24   7.7e-23   76.3   0.3     1   108    13   122    13   123 0.98 -
d1bf2a1b.1.18.2      -            162 d1ji1a1b.1.18.2.aln  -            109   1.2e-22   75.7   5.0   1   1   3.7e-24   1.6e-22   75.3   5.0     1   108    13   122    13   123 0.98 -
d1w8oa1b.1.18.2      -            103 d1ji1a1b.1.18.2.aln  -            109   9.6e-22   72.8   2.2   1   1   2.4e-23     1e-21   72.7   2.2     1   108     1   102     1   103 0.98 -
d1qbaa1b.1.18.2      -            105 d1ji1a1b.1.18.2.aln  -            109   1.8e-20   68.7   0.0   1   1   4.4e-22   1.9e-20   68.6   0.0     2   102     2   102     1   105 0.97 -
d1clca2b.1.18.2      -            100 d1ji1a1b.1.18.2.aln  -            109   2.2e-20   68.4   0.1   1   1   5.6e-22   2.5e-20   68.3   0.1     2   103     5   100     4   100 0.97 -
d1k3ia1b.1.18.2      -            102 d1ji1a1b.1.18.2.aln  -            109   5.1e-20   67.2   1.8   1   1   1.2e-21   5.4e-20   67.1   1.8    10   107     2   101     1   102 0.97 -
d2bhua1b.1.18.2      -             97 d1ji1a1b.1.18.2.aln  -            109   1.3e-19   65.9   0.1   1   1   3.2e-21   1.4e-19   65.8   0.1    12   104     2    96     1    97 0.97 -
d1h3ga1b.1.18.2      -             93 d1ji1a1b.1.18.2.aln  -            109   4.1e-19   64.3   0.0   1   1     1e-20   4.4e-19   64.2   0.0    12   109     2    92     1    92 0.97 -
d2bvya1b.1.18.2      -             94 d1ji1a1b.1.18.2.aln  -            109   7.2e-16   53.9  11.2   1   1   1.8e-17   7.8e-16   53.8  11.2    11   106     1    92     1    94 0.96 -
d3bmva1b.1.18.2      -             83 d1ji1a1b.1.18.2.aln  -            109   1.3e-14   49.9   1.8   1   1   3.1e-16   1.4e-14   49.8   1.8    13   103     2    83     1    83 0.97 -
d1ulva2b.1.18.2      -             89 d1ji1a1b.1.18.2.aln  -            109   1.7e-12   43.1   8.1   1   1   4.1e-14   1.8e-12   43.0   8.1    10   106     1    88     1    89 0.97 -
d1f1sa2b.1.18.2      -             78 d1ji1a1b.1.18.2.aln  -            109   2.2e-12   42.7   0.5   1   1   5.3e-14   2.3e-12   42.6   0.5    18   100     2    76     1    78 0.95 -
#
# Program:         hmmsearch
# Version:         3.3.2 (Nov 2020)
# Pipeline mode:   SEARCH
# Query file:      /home/elise/Documents/M1-BIM/S2/TMEs/SBAS/tme08/models/scop30/d1ji1a1b.1.18.2.aln.hmm
# Target file:     /home/elise/Documents/M1-BIM/S2/TMEs/SBAS/tme08/scop/scop/scopTestSeq.fasta
# Option settings: hmmsearch --domtblout /home/elise/Documents/M1-BIM/S2/TMEs/SBAS/tme08/searchResults/scop30/d1ji1a1b.1.18.2.aln.out -E 1 /home/elise/Documents/M1-BIM/S2/TMEs/SBAS/tme08/models/scop30/d1ji1a1b.1.18.2.aln.hmm /home/elise/Documents/M1-BIM/S2/TMEs/SBAS/tme08/scop/scop/scopTestSeq.fasta 
# Current dir:     /home/elise/Documents/M1-BIM/S2/TMEs/SBAS/tme08
# Date:            Thu Apr 10 10:02:19 2025
# [ok]
