#                                                                            --- full sequence --- -------------- this domain -------------   hmm coord   ali coord   env coord
# target name        accession   tlen query name           accession   qlen   E-value  score  bias   #  of  c-Evalue  i-Evalue  score  bias  from    to  from    to  from    to  acc description of target
#------------------- ---------- ----- -------------------- ---------- ----- --------- ------ ----- --- --- --------- --------- ------ ----- ----- ----- ----- ----- ----- ----- ---- ---------------------
d1qora2c.2.1.1       -            179 d1jqba2c.2.1.1.aln   -            180     4e-62  204.4   0.4   1   1   7.8e-64   4.4e-62  204.2   0.4     2   180     2   179     1   179 0.99 -
d2dm6a2c.2.1.1       -            182 d1jqba2c.2.1.1.aln   -            180   8.1e-61  200.1   0.1   1   1   1.6e-62   8.9e-61  200.0   0.1     5   179     6   179     2   180 0.98 -
d1yb5a2c.2.1.1       -            174 d1jqba2c.2.1.1.aln   -            180     1e-59  196.5   1.9   1   1     2e-61   1.1e-59  196.4   1.9     2   180     2   174     1   174 0.99 -
d1pqwa_c.2.1.1       -            183 d1jqba2c.2.1.1.aln   -            180   4.7e-58  191.1   0.5   1   1   9.3e-60   5.3e-58  190.9   0.5     4   180     1   176     1   176 0.99 -
d1vj0a2c.2.1.1       -            182 d1jqba2c.2.1.1.aln   -            180   2.4e-57  188.8   0.0   1   1   4.6e-59   2.6e-57  188.7   0.0     2   179     2   181     1   182 0.98 -
d1gu7a2c.2.1.1       -            189 d1jqba2c.2.1.1.aln   -            180   2.5e-55  182.2   0.0   1   1   4.9e-57   2.8e-55  182.1   0.0     2   180     2   189     1   189 0.96 -
d2jhfa2c.2.1.1       -            176 d1jqba2c.2.1.1.aln   -            180   2.4e-52  172.5   1.1   1   1   4.6e-54   2.6e-52  172.4   1.1     2   173     2   175     1   176 0.98 -
d1o89a2c.2.1.1       -            177 d1jqba2c.2.1.1.aln   -            180   3.6e-50  165.4   0.2   1   1   7.1e-52     4e-50  165.3   0.2     2   180     5   175     4   175 0.98 -
d1h2ba2c.2.1.1       -            172 d1jqba2c.2.1.1.aln   -            180     4e-50  165.3   1.2   1   1   7.8e-52   4.4e-50  165.1   1.2     2   171     5   171     4   172 0.98 -
d1pl8a2c.2.1.1       -            171 d1jqba2c.2.1.1.aln   -            180     8e-50  164.3   3.6   1   1   1.5e-51   8.7e-50  164.2   3.6     5   170     3   170     1   171 0.97 -
d1kola2c.2.1.1       -            195 d1jqba2c.2.1.1.aln   -            180   1.4e-49  163.5   0.5   1   1   2.8e-51   1.6e-49  163.3   0.5     6   179     3   190     1   191 0.98 -
d1piwa2c.2.1.1       -            168 d1jqba2c.2.1.1.aln   -            180   7.1e-47  154.7   0.0   1   1   1.4e-48   7.8e-47  154.5   0.0     2   171     2   167     1   168 0.98 -
d1jqba2c.2.1.1       -            174 d1jqba2c.2.1.1.aln   -            180     4e-21   70.8   5.1   1   1   9.3e-23   5.2e-21   70.4   5.1     7   124     6   123     3   130 0.90 -
d1luaa1c.2.1.7       -            191 d1jqba2c.2.1.1.aln   -            180     0.013   10.4   7.3   1   1   0.00045     0.026    9.5   7.3    20    69    14    63     5    77 0.81 -
#
# Program:         hmmsearch
# Version:         3.3.2 (Nov 2020)
# Pipeline mode:   SEARCH
# Query file:      /home/elise/Documents/M1-BIM/S2/TMEs/SBAS/tme08/models/scop30/d1jqba2c.2.1.1.aln.hmm
# Target file:     /home/elise/Documents/M1-BIM/S2/TMEs/SBAS/tme08/scop/scop/scopTestSeq.fasta
# Option settings: hmmsearch --domtblout /home/elise/Documents/M1-BIM/S2/TMEs/SBAS/tme08/searchResults/scop30/d1jqba2c.2.1.1.aln.out -E 1 /home/elise/Documents/M1-BIM/S2/TMEs/SBAS/tme08/models/scop30/d1jqba2c.2.1.1.aln.hmm /home/elise/Documents/M1-BIM/S2/TMEs/SBAS/tme08/scop/scop/scopTestSeq.fasta 
# Current dir:     /home/elise/Documents/M1-BIM/S2/TMEs/SBAS/tme08
# Date:            Thu Apr 10 10:02:20 2025
# [ok]
