#                                                                            --- full sequence --- -------------- this domain -------------   hmm coord   ali coord   env coord
# target name        accession   tlen query name           accession   qlen   E-value  score  bias   #  of  c-Evalue  i-Evalue  score  bias  from    to  from    to  from    to  acc description of target
#------------------- ---------- ----- -------------------- ---------- ----- --------- ------ ----- --- --- --------- --------- ------ ----- ----- ----- ----- ----- ----- ----- ---- ---------------------
d1rh9a1c.1.8.3       -            370 d1jz8a5c.1.8.3.aln   -            348   1.1e-80  266.7  10.9   1   1   3.3e-82   1.2e-80  266.6  10.9     1   343     1   362     1   367 0.99 -
d1ecea_c.1.8.3       -            358 d1jz8a5c.1.8.3.aln   -            348   1.7e-77  256.2  16.0   1   1   5.8e-79   2.1e-77  255.9  16.0     7   346    16   357    11   358 0.98 -
d1ceoa_c.1.8.3       -            340 d1jz8a5c.1.8.3.aln   -            348   2.1e-77  255.9   1.8   1   1   6.4e-79   2.3e-77  255.8   1.8     3   346     1   336     1   338 0.99 -
d1edga_c.1.8.3       -            380 d1jz8a5c.1.8.3.aln   -            348   1.4e-76  253.2  18.2   1   1   4.5e-78   1.6e-76  253.0  18.2     2   345    22   377    21   380 0.99 -
d1ur4a_c.1.8.3       -            387 d1jz8a5c.1.8.3.aln   -            348   1.6e-75  249.7  12.0   1   1   6.7e-77   2.4e-75  249.1  12.0     2   347     5   384     4   385 0.99 -
d1qnra_c.1.8.3       -            344 d1jz8a5c.1.8.3.aln   -            348   3.1e-75  248.8  24.6   1   1   9.6e-77   3.4e-75  248.6  24.6     2   345     3   342     2   344 0.99 -
d1qw9a2c.1.8.3       -            367 d1jz8a5c.1.8.3.aln   -            348   9.3e-73  240.6   1.3   1   1   2.9e-74     1e-72  240.5   1.3     4   346     3   362     1   364 0.99 -
d1uuqa_c.1.8.3       -            410 d1jz8a5c.1.8.3.aln   -            348   3.5e-72  238.8  17.1   1   1   1.1e-73     4e-72  238.6  17.1     2   347     2   408     1   409 0.99 -
d2je8a5c.1.8.3       -            348 d1jz8a5c.1.8.3.aln   -            348   1.5e-69  230.1   7.0   1   1   4.6e-71   1.7e-69  229.9   7.0     2   346     6   347     5   348 0.99 -
d1vjza_c.1.8.3       -            325 d1jz8a5c.1.8.3.aln   -            348   4.3e-69  228.6   0.9   1   1   1.3e-70   4.8e-69  228.4   0.9    12   343     2   322     1   325 0.99 -
d2nt0a2c.1.8.3       -            354 d1jz8a5c.1.8.3.aln   -            348   6.9e-68  224.6   0.0   1   1   2.1e-69   7.7e-68  224.5   0.0     2   347     3   353     2   354 0.99 -
d1hjua_c.1.8.3       -            332 d1jz8a5c.1.8.3.aln   -            348   8.7e-68  224.3  17.5   1   1   2.9e-69     1e-67  224.0  17.5    12   344     4   332     2   332 0.98 -
d3n9ka_c.1.8.3       -            394 d1jz8a5c.1.8.3.aln   -            348   9.5e-68  224.2  23.1   1   1     3e-69   1.1e-67  224.0  23.1     1   347     6   386     6   387 0.99 -
d1odza_c.1.8.3       -            381 d1jz8a5c.1.8.3.aln   -            348   2.9e-67  222.6  11.2   1   1   8.9e-69   3.2e-67  222.4  11.2     2   348     4   378     3   378 0.99 -
d2vzsa5c.1.8.3       -            339 d1jz8a5c.1.8.3.aln   -            348     8e-67  221.1   2.5   1   1   2.5e-68   8.9e-67  221.0   2.5     4   345     7   338     4   339 0.99 -
d1w91a2c.1.8.3       -            347 d1jz8a5c.1.8.3.aln   -            348   5.2e-65  215.2   0.0   1   1   1.6e-66   5.8e-65  215.0   0.0     2   347     9   345     8   346 0.99 -
d1h1na_c.1.8.3       -            305 d1jz8a5c.1.8.3.aln   -            348   9.7e-65  214.3  15.2   1   1     3e-66   1.1e-64  214.1  15.2     3   347     2   301     1   302 0.99 -
d1bqca_c.1.8.3       -            302 d1jz8a5c.1.8.3.aln   -            348   5.3e-58  192.1   8.4   1   1   1.6e-59   5.8e-58  192.0   8.4     5   346     2   301     1   302 0.98 -
d7a3ha_c.1.8.3       -            300 d1jz8a5c.1.8.3.aln   -            348   1.3e-54  181.0  11.6   1   1   4.2e-56   1.5e-54  180.7  11.6     4   344     2   298     1   300 0.99 -
d1i1wa_c.1.8.3       -            303 d1jz8a5c.1.8.3.aln   -            348   2.2e-52  173.6   5.9   1   1   6.7e-54   2.4e-52  173.5   5.9     5   347     3   301     1   302 0.98 -
d2v3ga_c.1.8.3       -            273 d1jz8a5c.1.8.3.aln   -            348   1.9e-45  150.8  23.5   1   1   6.1e-47   2.2e-45  150.6  23.5     8   344     1   273     1   273 0.99 -
d1nofa2c.1.8.3       -            277 d1jz8a5c.1.8.3.aln   -            348   8.2e-44  145.4   5.2   1   1   2.5e-45   9.1e-44  145.3   5.2     9   347     2   275     1   276 0.98 -
#
# Program:         hmmsearch
# Version:         3.3.2 (Nov 2020)
# Pipeline mode:   SEARCH
# Query file:      /home/elise/Documents/M1-BIM/S2/TMEs/SBAS/tme08/models/scop30/d1jz8a5c.1.8.3.aln.hmm
# Target file:     /home/elise/Documents/M1-BIM/S2/TMEs/SBAS/tme08/scop/scop/scopTestSeq.fasta
# Option settings: hmmsearch --domtblout /home/elise/Documents/M1-BIM/S2/TMEs/SBAS/tme08/searchResults/scop30/d1jz8a5c.1.8.3.aln.out -E 1 /home/elise/Documents/M1-BIM/S2/TMEs/SBAS/tme08/models/scop30/d1jz8a5c.1.8.3.aln.hmm /home/elise/Documents/M1-BIM/S2/TMEs/SBAS/tme08/scop/scop/scopTestSeq.fasta 
# Current dir:     /home/elise/Documents/M1-BIM/S2/TMEs/SBAS/tme08
# Date:            Thu Apr 10 10:02:20 2025
# [ok]
