#                                                                            --- full sequence --- -------------- this domain -------------   hmm coord   ali coord   env coord
# target name        accession   tlen query name           accession   qlen   E-value  score  bias   #  of  c-Evalue  i-Evalue  score  bias  from    to  from    to  from    to  acc description of target
#------------------- ---------- ----- -------------------- ---------- ----- --------- ------ ----- --- --- --------- --------- ------ ----- ----- ----- ----- ----- ----- ----- ---- ---------------------
d1kdga1c.3.1.2       -            361 d1k0ia1c.3.1.2.aln   -            347     7e-96  317.2   0.0   1   1   2.6e-97   7.8e-96  317.1   0.0     3   345     1   359     1   361 0.99 -
d2dw4a2c.3.1.2       -            450 d1k0ia1c.3.1.2.aln   -            347   3.2e-94  311.8   0.0   1   1   1.2e-95   3.7e-94  311.6   0.0     1   346     2   447     2   448 0.99 -
d2f5va1c.3.1.2       -            380 d1k0ia1c.3.1.2.aln   -            347   3.2e-93  308.5   0.0   1   1   1.2e-94   3.5e-93  308.4   0.0     1   346     1   376     1   377 0.99 -
d1n4wa1c.3.1.2       -            368 d1k0ia1c.3.1.2.aln   -            347   3.1e-91  302.0   0.2   1   1   1.1e-92   3.4e-91  301.8   0.2     4   345     2   367     1   368 0.99 -
d2gmha1c.3.1.2       -            381 d1k0ia1c.3.1.2.aln   -            347   1.4e-90  299.8   0.0   1   1   5.4e-92   1.6e-90  299.6   0.0     2   347    30   381    29   381 0.99 -
d1seza1c.3.1.2       -            374 d1k0ia1c.3.1.2.aln   -            347   1.3e-89  296.6   0.0   1   1   4.8e-91   1.5e-89  296.5   0.0     5   345     2   371     1   373 0.99 -
d1b5qa1c.3.1.2       -            348 d1k0ia1c.3.1.2.aln   -            347     7e-88  290.9   0.0   1   1   2.6e-89   7.8e-88  290.8   0.0     5   346     1   342     1   343 0.99 -
d1pn0a1c.3.1.2       -            361 d1k0ia1c.3.1.2.aln   -            347   2.4e-86  285.9   0.0   1   1   8.9e-88   2.7e-86  285.7   0.0     2   346     5   358     4   359 0.98 -
d2iida1c.3.1.2       -            371 d1k0ia1c.3.1.2.aln   -            347     3e-85  282.3   0.0   1   1   1.1e-86   3.4e-85  282.1   0.0     1   346    27   368    27   369 0.99 -
d1ju2a1c.3.1.2       -            352 d1k0ia1c.3.1.2.aln   -            347   4.8e-83  275.0   0.1   1   1   1.8e-84   5.4e-83  274.9   0.1     1   346     7   350     7   351 0.99 -
d2ivda1c.3.1.2       -            348 d1k0ia1c.3.1.2.aln   -            347   2.1e-74  246.6   1.5   1   1   7.7e-76   2.3e-74  246.5   1.5     5   346     1   347     1   348 0.99 -
d1pj5a2c.3.1.2       -            306 d1k0ia1c.3.1.2.aln   -            347   1.7e-67  223.9   0.0   1   1   6.3e-69   1.9e-67  223.7   0.0     4   344     1   305     1   306 0.98 -
d1ryia1c.3.1.2       -            277 d1k0ia1c.3.1.2.aln   -            347   7.2e-64  212.0   0.0   1   1   2.7e-65   8.2e-64  211.8   0.0     1   337     1   276     1   277 0.98 -
d3c96a1c.3.1.2       -            289 d1k0ia1c.3.1.2.aln   -            347   1.4e-60  201.1   0.8   1   1   5.3e-62   1.6e-60  200.9   0.8     4   343     1   287     1   289 0.99 -
d2gf3a1c.3.1.2       -            282 d1k0ia1c.3.1.2.aln   -            347   3.7e-60  199.8   0.0   1   1   1.4e-61   4.2e-60  199.6   0.0     2   345     1   282     1   282 0.99 -
d2voua1c.3.1.2       -            266 d1k0ia1c.3.1.2.aln   -            347   2.1e-52  174.2   0.1   1   1   9.5e-54   2.9e-52  173.8   0.1     2   345     2   265     1   266 0.99 -
d1nhpa2c.3.1.5       -            123 d1k0ia1c.3.1.2.aln   -            347   4.9e-07   25.1   0.0   1   1     2e-08   6.2e-07   24.7   0.0     6    35    32    60    31    89 0.93 -
d1k0ia1c.3.1.2       -            293 d1k0ia1c.3.1.2.aln   -            347   6.1e-07   24.8   0.2   1   2     4e-08   1.2e-06   23.8   0.2     6    40     4    38     2    53 0.89 -
d1k0ia1c.3.1.2       -            293 d1k0ia1c.3.1.2.aln   -            347   6.1e-07   24.8   0.2   2   2       9.9     3e+02   -3.8   0.0   113   128   232   247   229   248 0.85 -
d1w4xa1c.3.1.5       -            299 d1k0ia1c.3.1.2.aln   -            347   1.1e-05   20.7   0.1   1   1   6.4e-07   1.9e-05   19.8   0.1     3    40     6    43     5    50 0.87 -
d1fl2a2c.3.1.5       -            126 d1k0ia1c.3.1.2.aln   -            347   5.9e-05   18.2   0.3   1   1   2.6e-06   7.9e-05   17.8   0.3     5    38    31    63    29    66 0.94 -
d2gv8a1c.3.1.5       -            336 d1k0ia1c.3.1.2.aln   -            347   6.2e-05   18.2   0.0   1   1   3.1e-06   9.5e-05   17.5   0.0     7    42     7    43     5    50 0.90 -
d1v59a2c.3.1.5       -            122 d1k0ia1c.3.1.2.aln   -            347   9.6e-05   17.5   0.0   1   1     4e-06   0.00012   17.2   0.0     4    45    23    63    21    86 0.82 -
d1v59a1c.3.1.5       -            234 d1k0ia1c.3.1.2.aln   -            347   0.00021   16.4   0.3   1   1     1e-05   0.00031   15.8   0.3     5    41     6    42     3    50 0.82 -
d1gpja2c.2.1.7       -            159 d1k0ia1c.3.1.2.aln   -            347   0.00023   16.3   0.5   1   1   8.9e-06   0.00027   16.1   0.5     6    33    26    53    24    99 0.92 -
d1xhca2c.3.1.5       -            122 d1k0ia1c.3.1.2.aln   -            347   0.00026   16.1   0.6   1   1   1.1e-05   0.00033   15.7   0.6     3    30    31    57    29    66 0.87 -
d1fl2a1c.3.1.5       -            185 d1k0ia1c.3.1.2.aln   -            347    0.0022   13.1   1.8   1   1    0.0001    0.0031   12.5   1.8     5    20     2    17     1    32 0.92 -
#
# Program:         hmmsearch
# Version:         3.3.2 (Nov 2020)
# Pipeline mode:   SEARCH
# Query file:      /home/elise/Documents/M1-BIM/S2/TMEs/SBAS/tme08/models/scop30/d1k0ia1c.3.1.2.aln.hmm
# Target file:     /home/elise/Documents/M1-BIM/S2/TMEs/SBAS/tme08/scop/scop/scopTestSeq.fasta
# Option settings: hmmsearch --domtblout /home/elise/Documents/M1-BIM/S2/TMEs/SBAS/tme08/searchResults/scop30/d1k0ia1c.3.1.2.aln.out -E 1 /home/elise/Documents/M1-BIM/S2/TMEs/SBAS/tme08/models/scop30/d1k0ia1c.3.1.2.aln.hmm /home/elise/Documents/M1-BIM/S2/TMEs/SBAS/tme08/scop/scop/scopTestSeq.fasta 
# Current dir:     /home/elise/Documents/M1-BIM/S2/TMEs/SBAS/tme08
# Date:            Thu Apr 10 10:02:20 2025
# [ok]
