#                                                                            --- full sequence --- -------------- this domain -------------   hmm coord   ali coord   env coord
# target name        accession   tlen query name           accession   qlen   E-value  score  bias   #  of  c-Evalue  i-Evalue  score  bias  from    to  from    to  from    to  acc description of target
#------------------- ---------- ----- -------------------- ---------- ----- --------- ------ ----- --- --- --------- --------- ------ ----- ----- ----- ----- ----- ----- ----- ---- ---------------------
d1jkna_d.113.1.1     -            165 d1k2ea_d.113.1.1.aln -            159   3.1e-46  152.6   0.0   1   1   6.9e-48   3.4e-46  152.5   0.0     5   158     4   157     1   158 0.98 -
d1g0sa_d.113.1.1     -            209 d1k2ea_d.113.1.1.aln -            159   2.2e-45  149.9   0.7   1   1     5e-47   2.5e-45  149.7   0.7     2   159    33   209    32   209 0.99 -
d2b06a1d.113.1.1     -            155 d1k2ea_d.113.1.1.aln -            159   1.9e-43  143.6   0.0   1   1   4.2e-45     2e-43  143.4   0.0     4   159     1   155     1   155 0.98 -
d2azwa1d.113.1.1     -            147 d1k2ea_d.113.1.1.aln -            159   2.2e-43  143.4   0.8   1   1   4.8e-45   2.4e-43  143.2   0.8     2   146     2   146     1   147 0.98 -
d3zr0a_d.113.1.1     -            154 d1k2ea_d.113.1.1.aln -            159   4.9e-42  139.0   0.0   1   1   1.1e-43   5.5e-42  138.8   0.0     7   158     2   147     1   148 0.98 -
d1sjya_d.113.1.1     -            158 d1k2ea_d.113.1.1.aln -            159   1.5e-41  137.4   0.1   1   1   3.3e-43   1.6e-41  137.3   0.1     5   154     2   156     1   158 0.98 -
d1q33a_d.113.1.1     -            292 d1k2ea_d.113.1.1.aln -            159   3.7e-40  132.9   0.0   1   1   9.9e-42   4.9e-40  132.5   0.0     1   158    85   274    85   275 0.99 -
d1nqza_d.113.1.1     -            187 d1k2ea_d.113.1.1.aln -            159   4.2e-40  132.7   0.0   1   1   9.6e-42   4.7e-40  132.5   0.0     2   158    18   179    17   180 0.98 -
d3o69a_d.113.1.1     -            190 d1k2ea_d.113.1.1.aln -            159   6.7e-40  132.0   0.0   1   1   1.5e-41   7.6e-40  131.8   0.0     1   153    20   189    20   190 0.99 -
d1ktga_d.113.1.1     -            137 d1k2ea_d.113.1.1.aln -            159   7.7e-40  131.8   0.1   1   1   1.8e-41   9.1e-40  131.6   0.1    13   147     3   135     1   136 0.97 -
d2fvva1d.113.1.1     -            135 d1k2ea_d.113.1.1.aln -            159   6.5e-39  128.8   0.6   1   1   1.5e-40   7.2e-39  128.7   0.6     4   137     1   134     1   135 0.98 -
d1v8ya_d.113.1.1     -            158 d1k2ea_d.113.1.1.aln -            159   1.7e-38  127.5   0.5   1   1   3.8e-40   1.9e-38  127.3   0.5     4   152     2   157     1   158 0.97 -
d1vhza_d.113.1.1     -            186 d1k2ea_d.113.1.1.aln -            159   1.9e-38  127.3   0.0   1   1   4.4e-40   2.2e-38  127.1   0.0     2   152    19   185    18   186 0.98 -
d2b0va1d.113.1.1     -            146 d1k2ea_d.113.1.1.aln -            159   5.9e-37  122.5   0.0   1   1   1.3e-38   6.4e-37  122.3   0.0     6   156     2   145     1   146 0.97 -
d3a6sa_d.113.1.1     -            129 d1k2ea_d.113.1.1.aln -            159   3.1e-36  120.1   0.6   1   1     7e-38   3.4e-36  120.0   0.6     4   142     1   128     1   129 0.97 -
d1k2ea_d.113.1.1     -            152 d1k2ea_d.113.1.1.aln -            159     1e-12   43.7   0.8   1   1   3.8e-14   1.9e-12   42.8   0.8    31    74    14    57     6   128 0.89 -
#
# Program:         hmmsearch
# Version:         3.3.2 (Nov 2020)
# Pipeline mode:   SEARCH
# Query file:      /home/elise/Documents/M1-BIM/S2/TMEs/SBAS/tme08/models/scop30/d1k2ea_d.113.1.1.aln.hmm
# Target file:     /home/elise/Documents/M1-BIM/S2/TMEs/SBAS/tme08/scop/scop/scopTestSeq.fasta
# Option settings: hmmsearch --domtblout /home/elise/Documents/M1-BIM/S2/TMEs/SBAS/tme08/searchResults/scop30/d1k2ea_d.113.1.1.aln.out -E 1 /home/elise/Documents/M1-BIM/S2/TMEs/SBAS/tme08/models/scop30/d1k2ea_d.113.1.1.aln.hmm /home/elise/Documents/M1-BIM/S2/TMEs/SBAS/tme08/scop/scop/scopTestSeq.fasta 
# Current dir:     /home/elise/Documents/M1-BIM/S2/TMEs/SBAS/tme08
# Date:            Thu Apr 10 10:02:20 2025
# [ok]
