#                                                                            --- full sequence --- -------------- this domain -------------   hmm coord   ali coord   env coord
# target name        accession   tlen query name           accession   qlen   E-value  score  bias   #  of  c-Evalue  i-Evalue  score  bias  from    to  from    to  from    to  acc description of target
#------------------- ---------- ----- -------------------- ---------- ----- --------- ------ ----- --- --- --------- --------- ------ ----- ----- ----- ----- ----- ----- ----- ---- ---------------------
d2fhfa1b.1.18.2      -            115 d1k3ia1b.1.18.2.aln  -            111   2.3e-29   97.5   1.9   1   1   5.6e-31   2.5e-29   97.4   1.9     3   109     8   113     6   115 0.96 -
d1ji1a1b.1.18.2      -            122 d1k3ia1b.1.18.2.aln  -            111   5.1e-29   96.4   2.6   1   1   1.3e-30   5.7e-29   96.2   2.6     1   110     6   114     6   115 0.98 -
d1j0ha1b.1.18.2      -            123 d1k3ia1b.1.18.2.aln  -            111   5.9e-28   93.0   0.0   1   1   1.5e-29   6.6e-28   92.8   0.0     1   110     1   108     1   109 0.98 -
d1txka1b.1.18.2      -            115 d1k3ia1b.1.18.2.aln  -            111   3.1e-25   84.2   2.1   1   1   7.9e-27   3.5e-25   84.1   2.1     1   111     5   115     5   115 0.99 -
d1ut9a2b.1.18.2      -             98 d1k3ia1b.1.18.2.aln  -            111   1.2e-24   82.3   0.2   1   1   3.1e-26   1.3e-24   82.2   0.2     7   109     2    98     1    98 0.98 -
d1edqa1b.1.18.2      -            109 d1k3ia1b.1.18.2.aln  -            111   3.5e-24   80.8   3.2   1   1   8.8e-26   3.9e-24   80.7   3.2     6   111     2   107     1   107 0.98 -
d2fhfa2b.1.18.2      -            125 d1k3ia1b.1.18.2.aln  -            111   4.1e-23   77.4   0.3   1   1     1e-24   4.6e-23   77.2   0.3     2   110    11   121    10   122 0.97 -
d2bhua1b.1.18.2      -             97 d1k3ia1b.1.18.2.aln  -            111   9.5e-23   76.2   0.1   1   1   2.3e-24     1e-22   76.1   0.1     4    98     2    96     1    97 0.98 -
d1qbaa1b.1.18.2      -            105 d1k3ia1b.1.18.2.aln  -            111   2.7e-22   74.7   0.0   1   1   6.8e-24     3e-22   74.6   0.0     6   110     2   104     1   105 0.98 -
d1m7xa1b.1.18.2      -            110 d1k3ia1b.1.18.2.aln  -            111     3e-22   74.6   0.0   1   1   7.5e-24   3.3e-22   74.5   0.0     2   109    10   110     9   110 0.97 -
d1bf2a1b.1.18.2      -            162 d1k3ia1b.1.18.2.aln  -            111   4.2e-22   74.1   8.4   1   1   1.7e-23   7.5e-22   73.3   8.4     1   110     5   142     5   143 0.98 -
d1w8oa1b.1.18.2      -            103 d1k3ia1b.1.18.2.aln  -            111   1.7e-20   68.9   1.7   1   1   4.2e-22   1.9e-20   68.8   1.7     5   105     2   102     1   103 0.97 -
d1h3ga1b.1.18.2      -             93 d1k3ia1b.1.18.2.aln  -            111   4.3e-18   61.2   0.0   1   1     1e-19   4.6e-18   61.2   0.0     9   102     3    93     1    93 0.97 -
d1clca2b.1.18.2      -            100 d1k3ia1b.1.18.2.aln  -            111   3.7e-14   48.6   0.1   1   1   9.5e-16   4.2e-14   48.4   0.1     2   102    10    99     9   100 0.97 -
d2bvya1b.1.18.2      -             94 d1k3ia1b.1.18.2.aln  -            111   5.5e-13   44.8  11.4   1   1   1.4e-14     6e-13   44.7  11.4     4   102     2    94     1    94 0.97 -
d3bmva1b.1.18.2      -             83 d1k3ia1b.1.18.2.aln  -            111   1.3e-12   43.6   1.7   1   1   3.1e-14   1.4e-12   43.5   1.7    11   103     3    83     1    83 0.95 -
d1ulva2b.1.18.2      -             89 d1k3ia1b.1.18.2.aln  -            111     2e-11   39.8   6.8   1   1   4.8e-13   2.1e-11   39.7   6.8     6   101     2    89     1    89 0.97 -
d1f1sa2b.1.18.2      -             78 d1k3ia1b.1.18.2.aln  -            111   4.3e-11   38.7   0.3   1   1   1.1e-12   4.6e-11   38.6   0.3     8   100     2    77     1    78 0.93 -
#
# Program:         hmmsearch
# Version:         3.3.2 (Nov 2020)
# Pipeline mode:   SEARCH
# Query file:      /home/elise/Documents/M1-BIM/S2/TMEs/SBAS/tme08/models/scop30/d1k3ia1b.1.18.2.aln.hmm
# Target file:     /home/elise/Documents/M1-BIM/S2/TMEs/SBAS/tme08/scop/scop/scopTestSeq.fasta
# Option settings: hmmsearch --domtblout /home/elise/Documents/M1-BIM/S2/TMEs/SBAS/tme08/searchResults/scop30/d1k3ia1b.1.18.2.aln.out -E 1 /home/elise/Documents/M1-BIM/S2/TMEs/SBAS/tme08/models/scop30/d1k3ia1b.1.18.2.aln.hmm /home/elise/Documents/M1-BIM/S2/TMEs/SBAS/tme08/scop/scop/scopTestSeq.fasta 
# Current dir:     /home/elise/Documents/M1-BIM/S2/TMEs/SBAS/tme08
# Date:            Thu Apr 10 10:02:20 2025
# [ok]
