#                                                                            --- full sequence --- -------------- this domain -------------   hmm coord   ali coord   env coord
# target name        accession   tlen query name           accession   qlen   E-value  score  bias   #  of  c-Evalue  i-Evalue  score  bias  from    to  from    to  from    to  acc description of target
#------------------- ---------- ----- -------------------- ---------- ----- --------- ------ ----- --- --- --------- --------- ------ ----- ----- ----- ----- ----- ----- ----- ---- ---------------------
d3hl8a_c.55.3.5      -            470 d1kfsa1c.55.3.5.aln  -            383    1e-140  464.5   0.5   1   1  2.2e-142  1.2e-140  464.2   0.5     1   383     6   436     6   436 1.00 -
d1s5ja1c.55.3.5      -            410 d1kfsa1c.55.3.5.aln  -            383  8.1e-140  461.5   1.0   1   1  1.6e-141  9.1e-140  461.3   1.0     1   378     1   410     1   410 1.00 -
d1q8ia1c.55.3.5      -            388 d1kfsa1c.55.3.5.aln  -            383  3.1e-131  433.3   0.0   1   1  6.2e-133  3.5e-131  433.1   0.0    18   383     1   388     1   388 1.00 -
d2hbja2c.55.3.5      -            292 d1kfsa1c.55.3.5.aln  -            383   9.2e-90  296.8   1.3   1   1   1.8e-91     1e-89  296.6   1.3    67   379     1   292     1   292 0.99 -
d3mxma_c.55.3.5      -            229 d1kfsa1c.55.3.5.aln  -            383   6.5e-48  159.0   0.0   1   1   1.3e-49   7.2e-48  158.9   0.0   161   375     2   228     1   229 0.99 -
d1yt3a3c.55.3.5      -            193 d1kfsa1c.55.3.5.aln  -            383   2.4e-46  153.8   0.0   1   1   4.7e-48   2.7e-46  153.7   0.0   165   361     1   192     1   193 0.99 -
d1w0ha_c.55.3.5      -            200 d1kfsa1c.55.3.5.aln  -            383     4e-46  153.1   0.0   1   1   7.7e-48   4.4e-46  153.0   0.0   171   364     1   198     1   200 0.99 -
d1x9ma1c.55.3.5      -            204 d1kfsa1c.55.3.5.aln  -            383   7.9e-46  152.1   0.0   1   1   1.5e-47   8.7e-46  152.0   0.0   165   363     1   203     1   204 0.99 -
d2f96a1c.55.3.5      -            202 d1kfsa1c.55.3.5.aln  -            383     1e-44  148.5   0.0   1   1     2e-46   1.1e-44  148.4   0.0   166   363     1   201     1   202 0.99 -
d1vk0a_c.55.3.5      -            206 d1kfsa1c.55.3.5.aln  -            383   3.5e-44  146.7   0.0   1   1   6.9e-46   3.9e-44  146.6   0.0   170   374     1   206     1   206 0.99 -
d2guia_c.55.3.5      -            176 d1kfsa1c.55.3.5.aln  -            383   1.6e-41  138.0   0.0   1   1   3.3e-43   1.9e-41  137.7   0.0   176   353     2   174     1   175 0.99 -
d2py5a1c.55.3.5      -            183 d1kfsa1c.55.3.5.aln  -            383   1.4e-40  134.9   0.0   1   1   2.7e-42   1.5e-40  134.7   0.0   173   366     2   183     1   183 0.99 -
d2igia_c.55.3.5      -            180 d1kfsa1c.55.3.5.aln  -            383   5.9e-37  122.9   0.1   1   1   1.1e-38   6.4e-37  122.8   0.1   173   366     2   179     1   180 0.99 -
d1wlja_c.55.3.5      -            173 d1kfsa1c.55.3.5.aln  -            383   2.3e-36  121.0   0.0   1   1   4.3e-38   2.5e-36  120.9   0.0   178   363     2   170     1   173 0.98 -
#
# Program:         hmmsearch
# Version:         3.3.2 (Nov 2020)
# Pipeline mode:   SEARCH
# Query file:      /home/elise/Documents/M1-BIM/S2/TMEs/SBAS/tme08/models/scop30/d1kfsa1c.55.3.5.aln.hmm
# Target file:     /home/elise/Documents/M1-BIM/S2/TMEs/SBAS/tme08/scop/scop/scopTestSeq.fasta
# Option settings: hmmsearch --domtblout /home/elise/Documents/M1-BIM/S2/TMEs/SBAS/tme08/searchResults/scop30/d1kfsa1c.55.3.5.aln.out -E 1 /home/elise/Documents/M1-BIM/S2/TMEs/SBAS/tme08/models/scop30/d1kfsa1c.55.3.5.aln.hmm /home/elise/Documents/M1-BIM/S2/TMEs/SBAS/tme08/scop/scop/scopTestSeq.fasta 
# Current dir:     /home/elise/Documents/M1-BIM/S2/TMEs/SBAS/tme08
# Date:            Thu Apr 10 10:02:20 2025
# [ok]
