#                                                                            --- full sequence --- -------------- this domain -------------   hmm coord   ali coord   env coord
# target name        accession   tlen query name           accession   qlen   E-value  score  bias   #  of  c-Evalue  i-Evalue  score  bias  from    to  from    to  from    to  acc description of target
#------------------- ---------- ----- -------------------- ---------- ----- --------- ------ ----- --- --- --------- --------- ------ ----- ----- ----- ----- ----- ----- ----- ---- ---------------------
d1kjwa2c.37.1.1      -            199 d1khta_c.37.1.1.aln  -            198   2.5e-54  179.3   0.1   1   1     8e-56   2.7e-54  179.2   0.1     2   197     3   198     2   199 0.99 -
d1p5zb_c.37.1.1      -            241 d1khta_c.37.1.1.aln  -            198   4.9e-54  178.3   0.1   1   2   2.2e-55   7.4e-54  177.8   0.0     3   198     2   204     1   204 0.99 -
d1p5zb_c.37.1.1      -            241 d1khta_c.37.1.1.aln  -            198   4.9e-54  178.3   0.1   2   2       8.3   2.9e+02   -3.7   0.0   164   182   216   234   210   236 0.77 -
d1deka_c.37.1.1      -            241 d1khta_c.37.1.1.aln  -            198   8.3e-52  171.1   0.0   1   1   2.8e-53   9.5e-52  170.9   0.0     3   198     1   204     1   204 0.99 -
d1lw7a2c.37.1.1      -            192 d1khta_c.37.1.1.aln  -            198   1.3e-50  167.2   0.0   1   1   4.2e-52   1.4e-50  167.0   0.0     2   187     6   190     5   192 0.98 -
d1vhta_c.37.1.1      -            208 d1khta_c.37.1.1.aln  -            198     4e-49  162.3   0.1   1   1   1.3e-50   4.4e-49  162.2   0.1     2   197     2   202     1   203 0.98 -
d1t0hb_c.37.1.1      -            219 d1khta_c.37.1.1.aln  -            198   2.7e-48  159.6   0.0   1   1   8.9e-50   3.1e-48  159.4   0.0     1   198    18   213    18   213 0.99 -
d1qf9a_c.37.1.1      -            194 d1khta_c.37.1.1.aln  -            198   2.8e-48  159.6   0.0   1   1     9e-50   3.1e-48  159.4   0.0     2   186     5   193     4   194 0.98 -
d1kgda_c.37.1.1      -            178 d1khta_c.37.1.1.aln  -            198   9.9e-48  157.8   0.1   1   1   3.2e-49   1.1e-47  157.6   0.1     1   186     1   178     1   178 0.99 -
d1e2ka_c.37.1.1      -            329 d1khta_c.37.1.1.aln  -            198   2.3e-47  156.6   0.0   1   1   8.5e-49   2.9e-47  156.2   0.0     2   198     3   206     2   206 0.99 -
d1zina1c.37.1.1      -            183 d1khta_c.37.1.1.aln  -            198   1.2e-44  147.7   0.0   1   1   3.8e-46   1.3e-44  147.6   0.0     4   186     1   182     1   183 0.97 -
d1gsia_c.37.1.1      -            208 d1khta_c.37.1.1.aln  -            198   4.9e-44  145.7   0.0   1   1   1.6e-45   5.4e-44  145.6   0.0     4   197     1   201     1   202 0.99 -
d2grja_c.37.1.1      -            179 d1khta_c.37.1.1.aln  -            198   1.1e-42  141.3   0.6   1   1   3.4e-44   1.2e-42  141.2   0.6     1   190     1   179     1   179 0.99 -
d1y63a_c.37.1.1      -            174 d1khta_c.37.1.1.aln  -            198   2.3e-42  140.3   1.1   1   1   7.3e-44   2.5e-42  140.1   1.1     1   186     3   174     3   174 0.99 -
d3kb2a_c.37.1.1      -            171 d1khta_c.37.1.1.aln  -            198   5.7e-42  139.0   0.1   1   1   1.8e-43   6.3e-42  138.8   0.1     5   188     2   171     1   171 0.99 -
d1yj5a2c.37.1.1      -            172 d1khta_c.37.1.1.aln  -            198   2.3e-39  130.4   0.0   1   1   8.2e-41   2.8e-39  130.2   0.0     8   187     1   170     1   171 0.99 -
d1ly1a_c.37.1.1      -            152 d1khta_c.37.1.1.aln  -            198   1.3e-36  121.4   0.0   1   1   4.3e-38   1.5e-36  121.3   0.0     2   167     1   151     1   152 0.98 -
d1um8a_c.37.1.20     -            364 d1khta_c.37.1.1.aln  -            198   2.2e-05   19.6   0.0   1   2       1.4        47   -1.1   0.0    88   111    16    39    15    41 0.87 -
d1um8a_c.37.1.20     -            364 d1khta_c.37.1.1.aln  -            198   2.2e-05   19.6   0.0   2   2   3.7e-06   0.00013   17.1   0.0     5    56    70   121    67   143 0.86 -
d2qora_c.37.1.0      -            196 d1khta_c.37.1.1.aln  -            198   5.6e-05   18.2   0.0   1   2   0.00018     0.006   11.6   0.0     6    78     7    76     3    86 0.81 -
d2qora_c.37.1.0      -            196 d1khta_c.37.1.1.aln  -            198   5.6e-05   18.2   0.0   2   2     0.021      0.71    4.8   0.1   143   186   145   190   121   193 0.66 -
d1in4a2c.37.1.20     -            238 d1khta_c.37.1.1.aln  -            198   0.00018   16.5   0.0   1   1   1.2e-05    0.0004   15.4   0.0     6    35    38    67    36    74 0.91 -
d3akea_c.37.1.0      -            208 d1khta_c.37.1.1.aln  -            198   0.00021   16.4   0.2   1   2   2.5e-05   0.00087   14.3   0.0     4    35     3    34     1    41 0.85 -
d3akea_c.37.1.0      -            208 d1khta_c.37.1.1.aln  -            198   0.00021   16.4   0.2   2   2      0.91        31   -0.5   0.1   166   192   156   182   152   187 0.77 -
d1g41a_c.37.1.20     -            443 d1khta_c.37.1.1.aln  -            198   0.00035   15.6   0.1   1   1   2.2e-05   0.00076   14.5   0.1     3    79    49   127    47   164 0.75 -
d2jaqa_c.37.1.0      -            201 d1khta_c.37.1.1.aln  -            198   0.00084   14.4   0.0   1   1   3.8e-05    0.0013   13.8   0.0     4    35     1    31     1    81 0.81 -
d1d2na_c.37.1.20     -            246 d1khta_c.37.1.1.aln  -            198    0.0034   12.4   0.0   1   1   0.00022    0.0077   11.2   0.0     6    30    43    67    42    71 0.93 -
#
# Program:         hmmsearch
# Version:         3.3.2 (Nov 2020)
# Pipeline mode:   SEARCH
# Query file:      /home/elise/Documents/M1-BIM/S2/TMEs/SBAS/tme08/models/scop30/d1khta_c.37.1.1.aln.hmm
# Target file:     /home/elise/Documents/M1-BIM/S2/TMEs/SBAS/tme08/scop/scop/scopTestSeq.fasta
# Option settings: hmmsearch --domtblout /home/elise/Documents/M1-BIM/S2/TMEs/SBAS/tme08/searchResults/scop30/d1khta_c.37.1.1.aln.out -E 1 /home/elise/Documents/M1-BIM/S2/TMEs/SBAS/tme08/models/scop30/d1khta_c.37.1.1.aln.hmm /home/elise/Documents/M1-BIM/S2/TMEs/SBAS/tme08/scop/scop/scopTestSeq.fasta 
# Current dir:     /home/elise/Documents/M1-BIM/S2/TMEs/SBAS/tme08
# Date:            Thu Apr 10 10:02:20 2025
# [ok]
