#                                                                            --- full sequence --- -------------- this domain -------------   hmm coord   ali coord   env coord
# target name        accession   tlen query name           accession   qlen   E-value  score  bias   #  of  c-Evalue  i-Evalue  score  bias  from    to  from    to  from    to  acc description of target
#------------------- ---------- ----- -------------------- ---------- ----- --------- ------ ----- --- --- --------- --------- ------ ----- ----- ----- ----- ----- ----- ----- ---- ---------------------
d1luza_b.40.4.5      -             85 d1kl9a2b.40.4.5.aln  -             91   3.2e-16   54.6   0.3   1   1   1.6e-17   3.4e-16   54.5   0.3     2    88     2    85     1    85 0.97 -
d2je6i1b.40.4.5      -             87 d1kl9a2b.40.4.5.aln  -             91   4.1e-16   54.3   0.5   1   1   2.1e-17   4.5e-16   54.1   0.5     2    88     1    86     1    87 0.97 -
d2ja9a1b.40.4.5      -             90 d1kl9a2b.40.4.5.aln  -             91   2.1e-15   52.0   0.0   1   1     1e-16   2.2e-15   51.9   0.0     2    89     1    84     1    86 0.98 -
d3bzka4b.40.4.5      -             94 d1kl9a2b.40.4.5.aln  -             91   1.2e-14   49.6   0.8   1   1   6.3e-16   1.4e-14   49.4   0.8     3    77    13    83    11    90 0.95 -
d1go3e1b.40.4.5      -            106 d1kl9a2b.40.4.5.aln  -             91     1e-13   46.6   0.5   1   1   5.5e-15   1.2e-13   46.4   0.5     6    89     1    90     1    92 0.97 -
d2nn6i1b.40.4.5      -            125 d1kl9a2b.40.4.5.aln  -             91   2.6e-13   45.4   0.0   1   1   1.4e-14   3.1e-13   45.2   0.0     3    88     2    93     1    96 0.96 -
d1y14b1b.40.4.5      -             91 d1kl9a2b.40.4.5.aln  -             91   7.3e-13   44.0   0.0   1   1   3.6e-14   7.9e-13   43.9   0.0     6    87     1    89     1    91 0.97 -
d2nn6h1b.40.4.5      -             95 d1kl9a2b.40.4.5.aln  -             91   1.1e-12   43.3   0.1   1   1   5.8e-14   1.3e-12   43.2   0.1     1    87     1    93     1    95 0.96 -
d1jt8a_b.40.4.5      -            102 d1kl9a2b.40.4.5.aln  -             91   1.2e-12   43.3   0.1   1   1   6.5e-14   1.4e-12   43.0   0.1     2    86    20   100    19   102 0.96 -
d1wfqa_b.40.4.5      -             89 d1kl9a2b.40.4.5.aln  -             91   1.2e-12   43.2   0.0   1   1   5.9e-14   1.3e-12   43.2   0.0     5    89     3    88     1    89 0.96 -
d1wi5a_b.40.4.5      -            119 d1kl9a2b.40.4.5.aln  -             91   1.4e-12   43.0   0.0   1   1   7.5e-14   1.6e-12   42.8   0.0     3    89    16   109    14   111 0.95 -
d1d7qa_b.40.4.5      -            143 d1kl9a2b.40.4.5.aln  -             91   7.9e-12   40.7   0.0   1   1     5e-13   1.1e-11   40.2   0.0     3    90    32   126    30   127 0.97 -
d2ix0a1b.40.4.5      -             90 d1kl9a2b.40.4.5.aln  -             91     3e-11   38.8   0.0   1   1   1.5e-12   3.3e-11   38.7   0.0     2    90     2    87     1    88 0.97 -
d2ix0a3b.40.4.5      -             87 d1kl9a2b.40.4.5.aln  -             91   7.4e-11   37.6   0.1   1   1   3.6e-12   7.9e-11   37.5   0.1     3    82     7    86     5    87 0.94 -
d2uubq1b.40.4.5      -            100 d1kl9a2b.40.4.5.aln  -             91   9.9e-11   37.2   2.1   1   1   4.9e-12   1.1e-10   37.1   2.1     5    90     3    95     1    96 0.96 -
d1smxa_b.40.4.5      -             87 d1kl9a2b.40.4.5.aln  -             91   1.9e-10   36.3   0.0   1   1   8.9e-12   1.9e-10   36.3   0.0    11    87     5    86     1    87 0.94 -
d1e3pa2b.40.4.5      -             62 d1kl9a2b.40.4.5.aln  -             91   3.5e-10   35.4   0.2   1   1   1.7e-11   3.7e-10   35.4   0.2    14    72     1    59     1    62 0.96 -
d2vnud1b.40.4.5      -             95 d1kl9a2b.40.4.5.aln  -             91   4.5e-10   35.1   0.0   1   1   2.2e-11   4.9e-10   35.0   0.0     1    90     1    92     1    93 0.98 -
d2vnud2b.40.4.5      -             88 d1kl9a2b.40.4.5.aln  -             91   1.1e-09   33.8   0.4   1   1   5.5e-11   1.2e-09   33.7   0.4     2    80     3    86     2    88 0.95 -
d2vnud3b.40.4.5      -            148 d1kl9a2b.40.4.5.aln  -             91   1.9e-09   33.1   0.0   1   1   1.2e-10   2.6e-09   32.7   0.0     4    89    28   120    25   122 0.96 -
d2uubl1b.40.4.5      -            118 d1kl9a2b.40.4.5.aln  -             91   9.3e-09   30.9   1.3   1   1   5.1e-10   1.1e-08   30.7   1.3     2    89    14   108    13   110 0.96 -
d1hh2p1b.40.4.5      -             72 d1kl9a2b.40.4.5.aln  -             91   1.3e-08   30.5   0.2   1   1     7e-10   1.5e-08   30.2   0.2     3    65     3    63     1    72 0.80 -
d2ix0a2b.40.4.5      -             79 d1kl9a2b.40.4.5.aln  -             91   1.5e-08   30.3   0.0   1   1   7.3e-10   1.6e-08   30.2   0.0     5    83     2    77     1    79 0.94 -
d1t9ha1b.40.4.5      -             67 d1kl9a2b.40.4.5.aln  -             91   1.6e-08   30.2   0.1   1   1   7.8e-10   1.7e-08   30.1   0.1    11    80     1    65     1    67 0.96 -
d2asba1b.40.4.5      -             76 d1kl9a2b.40.4.5.aln  -             91   2.3e-08   29.7   0.1   1   1   1.1e-09   2.4e-08   29.6   0.1     1    72     1    74     1    76 0.95 -
d3i4oa_b.40.4.5      -             68 d1kl9a2b.40.4.5.aln  -             91   2.7e-08   29.5   0.2   1   1   1.3e-09   2.9e-08   29.4   0.2     9    81     3    67     1    68 0.96 -
d1khia2b.40.4.5      -             71 d1kl9a2b.40.4.5.aln  -             91   3.6e-08   29.1   0.2   1   1   1.8e-09   3.9e-08   29.0   0.2     3    74     1    70     1    71 0.95 -
d1a62a2b.40.4.5      -             78 d1kl9a2b.40.4.5.aln  -             91   1.1e-07   27.5   0.0   1   1   5.3e-09   1.2e-07   27.5   0.0    10    89     2    76     1    78 0.95 -
d1jjga_b.40.4.5      -            102 d1kl9a2b.40.4.5.aln  -             91   1.2e-07   27.5   0.2   1   1   5.8e-09   1.3e-07   27.3   0.2     1    88     7   101     7   102 0.98 -
d1u0la1b.40.4.5      -             66 d1kl9a2b.40.4.5.aln  -             91   1.3e-07   27.3   0.3   1   1   6.3e-09   1.4e-07   27.2   0.3    13    74     4    65     1    66 0.94 -
d1c9oa_b.40.4.5      -             66 d1kl9a2b.40.4.5.aln  -             91     3e-07   26.1   0.0   1   1   1.4e-08   3.2e-07   26.1   0.0    10    81     2    65     1    66 0.94 -
d1bkba2b.40.4.5      -             65 d1kl9a2b.40.4.5.aln  -             91   2.9e-06   23.0   0.2   1   1   1.4e-07     3e-06   23.0   0.2     3    68     3    63     1    65 0.91 -
d1x6oa2b.40.4.5      -             79 d1kl9a2b.40.4.5.aln  -             91   3.1e-06   22.9   0.0   1   1   1.5e-07   3.3e-06   22.8   0.0     2    72     2    76     1    79 0.95 -
d1rl2a2b.40.4.5      -             66 d1kl9a2b.40.4.5.aln  -             91   9.9e-06   21.3   0.0   1   1   4.6e-07     1e-05   21.3   0.0     9    75     2    64     1    66 0.93 -
d1ueba2b.40.4.5      -             63 d1kl9a2b.40.4.5.aln  -             91     1e-05   21.3   0.0   1   1   4.6e-07     1e-05   21.3   0.0     9    72     3    61     1    63 0.89 -
d1ne3a_b.40.4.5      -             68 d1kl9a2b.40.4.5.aln  -             91   0.00068   15.5   0.1   1   1   3.1e-05   0.00068   15.5   0.1     9    72     2    62     1    68 0.88 -
#
# Program:         hmmsearch
# Version:         3.3.2 (Nov 2020)
# Pipeline mode:   SEARCH
# Query file:      /home/elise/Documents/M1-BIM/S2/TMEs/SBAS/tme08/models/scop30/d1kl9a2b.40.4.5.aln.hmm
# Target file:     /home/elise/Documents/M1-BIM/S2/TMEs/SBAS/tme08/scop/scop/scopTestSeq.fasta
# Option settings: hmmsearch --domtblout /home/elise/Documents/M1-BIM/S2/TMEs/SBAS/tme08/searchResults/scop30/d1kl9a2b.40.4.5.aln.out -E 1 /home/elise/Documents/M1-BIM/S2/TMEs/SBAS/tme08/models/scop30/d1kl9a2b.40.4.5.aln.hmm /home/elise/Documents/M1-BIM/S2/TMEs/SBAS/tme08/scop/scop/scopTestSeq.fasta 
# Current dir:     /home/elise/Documents/M1-BIM/S2/TMEs/SBAS/tme08
# Date:            Thu Apr 10 10:02:20 2025
# [ok]
