#                                                                            --- full sequence --- -------------- this domain -------------   hmm coord   ali coord   env coord
# target name        accession   tlen query name           accession   qlen   E-value  score  bias   #  of  c-Evalue  i-Evalue  score  bias  from    to  from    to  from    to  acc description of target
#------------------- ---------- ----- -------------------- ---------- ----- --------- ------ ----- --- --- --------- --------- ------ ----- ----- ----- ----- ----- ----- ----- ---- ---------------------
d1qora2c.2.1.1       -            179 d1kola2c.2.1.1.aln   -            180   4.9e-61  200.9   0.3   1   1   9.6e-63   5.4e-61  200.8   0.3     2   180     2   179     1   179 0.99 -
d2dm6a2c.2.1.1       -            182 d1kola2c.2.1.1.aln   -            180   9.3e-60  196.7   0.1   1   1   1.8e-61     1e-59  196.6   0.1     4   179     5   179     2   180 0.98 -
d1vj0a2c.2.1.1       -            182 d1kola2c.2.1.1.aln   -            180   5.1e-58  191.1   0.0   1   1   9.9e-60   5.6e-58  191.0   0.0     2   179     2   181     1   182 0.98 -
d1yb5a2c.2.1.1       -            174 d1kola2c.2.1.1.aln   -            180   2.3e-57  189.0   2.1   1   1   4.4e-59   2.5e-57  188.8   2.1     2   180     2   174     1   174 0.99 -
d1pqwa_c.2.1.1       -            183 d1kola2c.2.1.1.aln   -            180   9.8e-57  186.9   0.2   1   1   1.9e-58   1.1e-56  186.8   0.2     4   180     1   176     1   176 0.99 -
d1gu7a2c.2.1.1       -            189 d1kola2c.2.1.1.aln   -            180   3.8e-56  185.0   0.0   1   1   7.5e-58   4.2e-56  184.8   0.0     2   180     2   189     1   189 0.99 -
d1jqba2c.2.1.1       -            174 d1kola2c.2.1.1.aln   -            180   7.3e-56  184.1   3.6   1   1   1.4e-57     8e-56  183.9   3.6     3   175     2   173     1   174 0.99 -
d2jhfa2c.2.1.1       -            176 d1kola2c.2.1.1.aln   -            180   3.2e-53  175.5   1.0   1   1   6.2e-55   3.5e-53  175.3   1.0     2   173     2   175     1   176 0.98 -
d1h2ba2c.2.1.1       -            172 d1kola2c.2.1.1.aln   -            180   1.6e-52  173.2   1.1   1   1   3.1e-54   1.7e-52  173.1   1.1     2   170     5   171     4   172 0.98 -
d1piwa2c.2.1.1       -            168 d1kola2c.2.1.1.aln   -            180   4.7e-50  165.1   0.0   1   1   9.2e-52   5.2e-50  165.0   0.0     2   173     2   168     1   168 0.97 -
d1pl8a2c.2.1.1       -            171 d1kola2c.2.1.1.aln   -            180   5.3e-50  165.0   3.5   1   1     1e-51   5.8e-50  164.8   3.5     5   170     3   169     1   171 0.97 -
d1o89a2c.2.1.1       -            177 d1kola2c.2.1.1.aln   -            180   1.4e-49  163.6   0.1   1   1   2.7e-51   1.5e-49  163.5   0.1     2   179     2   174     1   175 0.98 -
d1kola2c.2.1.1       -            195 d1kola2c.2.1.1.aln   -            180   2.3e-16   55.4   0.5   1   1   6.3e-18   3.6e-16   54.7   0.5    16   109    13   105     5   109 0.92 -
d1c1da1c.2.1.7       -            201 d1kola2c.2.1.1.aln   -            180      0.04    9.0   7.1   1   2   7.5e-05    0.0042   12.1   2.8    30    78    28    74     3    83 0.86 -
d1c1da1c.2.1.7       -            201 d1kola2c.2.1.1.aln   -            180      0.04    9.0   7.1   2   2         3   1.7e+02   -2.9   0.1    37    59    91   111    84   123 0.65 -
#
# Program:         hmmsearch
# Version:         3.3.2 (Nov 2020)
# Pipeline mode:   SEARCH
# Query file:      /home/elise/Documents/M1-BIM/S2/TMEs/SBAS/tme08/models/scop30/d1kola2c.2.1.1.aln.hmm
# Target file:     /home/elise/Documents/M1-BIM/S2/TMEs/SBAS/tme08/scop/scop/scopTestSeq.fasta
# Option settings: hmmsearch --domtblout /home/elise/Documents/M1-BIM/S2/TMEs/SBAS/tme08/searchResults/scop30/d1kola2c.2.1.1.aln.out -E 1 /home/elise/Documents/M1-BIM/S2/TMEs/SBAS/tme08/models/scop30/d1kola2c.2.1.1.aln.hmm /home/elise/Documents/M1-BIM/S2/TMEs/SBAS/tme08/scop/scop/scopTestSeq.fasta 
# Current dir:     /home/elise/Documents/M1-BIM/S2/TMEs/SBAS/tme08
# Date:            Thu Apr 10 10:02:21 2025
# [ok]
