#                                                                            --- full sequence --- -------------- this domain -------------   hmm coord   ali coord   env coord
# target name        accession   tlen query name           accession   qlen   E-value  score  bias   #  of  c-Evalue  i-Evalue  score  bias  from    to  from    to  from    to  acc description of target
#------------------- ---------- ----- -------------------- ---------- ----- --------- ------ ----- --- --- --------- --------- ------ ----- ----- ----- ----- ----- ----- ----- ---- ---------------------
d1uasa1b.71.1.1      -             89 d1kwga1b.71.1.1.aln  -             85   2.1e-20   68.5   0.7   1   1   6.5e-22   2.3e-20   68.4   0.7     7    85     8    86     4    86 0.97 -
d1szna1b.71.1.1      -            103 d1kwga1b.71.1.1.aln  -             85   1.3e-19   66.0   0.3   1   1   4.2e-21   1.5e-19   65.8   0.3     2    83    14    94    13    96 0.97 -
d1ji1a2b.71.1.1      -             83 d1kwga1b.71.1.1.aln  -             85     1e-18   63.2   3.8   1   1   3.1e-20   1.1e-18   63.0   3.8     2    85     2    83     1    83 0.98 -
d1h3ga2b.71.1.1      -             83 d1kwga1b.71.1.1.aln  -             85   1.3e-18   62.8   0.0   1   1     4e-20   1.4e-18   62.7   0.0     4    84     2    82     1    83 0.97 -
d1j0ha2b.71.1.1      -             83 d1kwga1b.71.1.1.aln  -             85   1.4e-18   62.7   0.0   1   1   4.8e-20   1.7e-18   62.4   0.0     4    81     5    83     3    83 0.98 -
d1ea9c2b.71.1.1      -             80 d1kwga1b.71.1.1.aln  -             85   2.6e-18   61.9   0.1   1   1   7.6e-20   2.7e-18   61.8   0.1     2    80     2    79     1    80 0.96 -
d1wzaa1b.71.1.1      -             79 d1kwga1b.71.1.1.aln  -             85     8e-18   60.3   0.0   1   1   2.4e-19   8.5e-18   60.2   0.0     3    78     2    77     1    79 0.96 -
d3bmva3b.71.1.1      -             89 d1kwga1b.71.1.1.aln  -             85   1.5e-17   59.4   3.1   1   1   4.6e-19   1.7e-17   59.3   3.1     4    85     3    88     1    88 0.97 -
d1g5aa1b.71.1.1      -             74 d1kwga1b.71.1.1.aln  -             85   5.7e-17   57.6   0.0   1   1   1.7e-18   6.1e-17   57.5   0.0     6    79     2    74     1    74 0.97 -
d1e43a1b.71.1.1      -             90 d1kwga1b.71.1.1.aln  -             85   1.9e-16   55.9   1.6   1   1   5.7e-18   2.1e-16   55.8   1.6     3    85     2    89     1    89 0.98 -
d1m7xa2b.71.1.1      -            106 d1kwga1b.71.1.1.aln  -             85   2.9e-16   55.3   0.0   1   1   9.3e-18   3.3e-16   55.1   0.0     2    84     5    92     4    93 0.97 -
d1bf2a2b.71.1.1      -            113 d1kwga1b.71.1.1.aln  -             85   1.1e-15   53.4   4.7   1   1   3.9e-17   1.4e-15   53.2   4.7     5    85    17   102    13   102 0.97 -
d1mxga1b.71.1.1      -             74 d1kwga1b.71.1.1.aln  -             85   5.7e-15   51.2   0.9   1   1   1.7e-16     6e-15   51.1   0.9     3    78     3    73     1    74 0.96 -
d2guya1b.71.1.1      -             95 d1kwga1b.71.1.1.aln  -             85   4.5e-14   48.3   0.3   1   1   1.4e-15   4.9e-14   48.2   0.3     2    84     2    89     1    90 0.97 -
d1ua7a1b.71.1.1      -             78 d1kwga1b.71.1.1.aln  -             85   2.5e-13   45.9   0.2   1   1   7.5e-15   2.7e-13   45.8   0.2     2    79     1    78     1    78 0.97 -
d1gjwa1b.71.1.1      -             64 d1kwga1b.71.1.1.aln  -             85   2.9e-13   45.7   0.0   1   1   9.1e-15   3.2e-13   45.6   0.0     5    78     2    64     1    64 0.96 -
d2fhfa4b.71.1.1      -            118 d1kwga1b.71.1.1.aln  -             85     9e-13   44.2   0.0   1   1   3.2e-14   1.2e-12   43.8   0.0     3    84    21   107     7   108 0.97 -
d1r7aa1b.71.1.1      -             70 d1kwga1b.71.1.1.aln  -             85   7.8e-11   38.0   0.1   1   1   2.3e-12   8.3e-11   37.9   0.1     3    74     2    70     1    70 0.97 -
d2bhua2b.71.1.1      -             72 d1kwga1b.71.1.1.aln  -             85   2.4e-10   36.4   0.1   1   1   7.2e-12   2.6e-10   36.3   0.1     3    76     2    72     1    72 0.95 -
d1gcya1b.71.1.1      -             61 d1kwga1b.71.1.1.aln  -             85   8.8e-07   25.0   0.3   1   1   2.7e-08   9.5e-07   24.9   0.3     3    69     2    60     1    61 0.96 -
d1lwha1b.71.1.1      -             50 d1kwga1b.71.1.1.aln  -             85   1.4e-06   24.4   0.0   1   1     5e-08   1.8e-06   24.1   0.0     3    43     2    40     1    50 0.89 -
d1ht6a1b.71.1.1      -             57 d1kwga1b.71.1.1.aln  -             85   4.2e-06   22.9   0.0   1   1   1.3e-07   4.8e-06   22.7   0.0     2    50     2    50     1    56 0.91 -
#
# Program:         hmmsearch
# Version:         3.3.2 (Nov 2020)
# Pipeline mode:   SEARCH
# Query file:      /home/elise/Documents/M1-BIM/S2/TMEs/SBAS/tme08/models/scop30/d1kwga1b.71.1.1.aln.hmm
# Target file:     /home/elise/Documents/M1-BIM/S2/TMEs/SBAS/tme08/scop/scop/scopTestSeq.fasta
# Option settings: hmmsearch --domtblout /home/elise/Documents/M1-BIM/S2/TMEs/SBAS/tme08/searchResults/scop30/d1kwga1b.71.1.1.aln.out -E 1 /home/elise/Documents/M1-BIM/S2/TMEs/SBAS/tme08/models/scop30/d1kwga1b.71.1.1.aln.hmm /home/elise/Documents/M1-BIM/S2/TMEs/SBAS/tme08/scop/scop/scopTestSeq.fasta 
# Current dir:     /home/elise/Documents/M1-BIM/S2/TMEs/SBAS/tme08
# Date:            Thu Apr 10 10:02:21 2025
# [ok]
