#                                                                            --- full sequence --- -------------- this domain -------------   hmm coord   ali coord   env coord
# target name        accession   tlen query name           accession   qlen   E-value  score  bias   #  of  c-Evalue  i-Evalue  score  bias  from    to  from    to  from    to  acc description of target
#------------------- ---------- ----- -------------------- ---------- ----- --------- ------ ----- --- --- --------- --------- ------ ----- ----- ----- ----- ----- ----- ----- ---- ---------------------
d3s26a_b.60.1.1      -            176 d1kxoa_b.60.1.1.aln  -            168   1.1e-53  177.3   0.1   1   1   2.1e-55   1.2e-53  177.1   0.1     2   167     5   175     4   176 0.98 -
d1kt7a_b.60.1.1      -            175 d1kxoa_b.60.1.1.aln  -            168   2.4e-52  172.9   0.1   1   1   4.8e-54   2.7e-52  172.7   0.1     2   165     3   175     2   175 0.99 -
d3kffa_b.60.1.1      -            152 d1kxoa_b.60.1.1.aln  -            168   1.6e-51  170.2   0.2   1   1   3.1e-53   1.7e-51  170.1   0.2    15   167     2   151     1   152 0.98 -
d1i4ua_b.60.1.1      -            181 d1kxoa_b.60.1.1.aln  -            168   1.8e-49  163.5   0.3   1   1   3.6e-51     2e-49  163.3   0.3     2   168    14   177    13   177 0.99 -
d1lf7a_b.60.1.1      -            171 d1kxoa_b.60.1.1.aln  -            168   2.3e-49  163.2   0.0   1   1   4.5e-51   2.6e-49  163.0   0.0     3   167     2   162     1   163 0.98 -
d3saoa_b.60.1.1      -            155 d1kxoa_b.60.1.1.aln  -            168   3.7e-49  162.5   0.4   1   1   7.2e-51   4.1e-49  162.4   0.4    18   167     2   149     1   150 0.98 -
d1epba_b.60.1.1      -            160 d1kxoa_b.60.1.1.aln  -            168   7.4e-49  161.5   0.1   1   1   1.4e-50   8.1e-49  161.4   0.1    12   166     2   154     1   156 0.99 -
d1qfta_b.60.1.1      -            175 d1kxoa_b.60.1.1.aln  -            168   6.6e-45  148.7   8.1   1   1   1.3e-46   7.3e-45  148.5   8.1     1   167     2   174     2   175 0.99 -
d1qwda_b.60.1.1      -            167 d1kxoa_b.60.1.1.aln  -            168   4.4e-44  146.0   0.0   1   1   8.8e-46   4.9e-44  145.8   0.0     2   161    13   166    12   167 0.98 -
d1x8qa_b.60.1.1      -            184 d1kxoa_b.60.1.1.aln  -            168   2.6e-43  143.5   5.6   1   1   5.2e-45     3e-43  143.3   5.6     1   168     1   175     1   175 0.99 -
d1dzka_b.60.1.1      -            148 d1kxoa_b.60.1.1.aln  -            168   4.2e-41  136.3   0.2   1   1   8.3e-43   4.7e-41  136.1   0.2    18   166     2   148     1   148 0.99 -
d1xkia_b.60.1.1      -            139 d1kxoa_b.60.1.1.aln  -            168   1.9e-37  124.4   0.0   1   1   3.7e-39   2.1e-37  124.3   0.0    19   160     2   138     1   139 0.98 -
d2joza1b.60.1.1      -            126 d1kxoa_b.60.1.1.aln  -            168   2.2e-26   88.4   0.1   1   1   4.3e-28   2.4e-26   88.3   0.1    27   163     1   125     1   126 0.98 -
d1kxoa_b.60.1.1      -            171 d1kxoa_b.60.1.1.aln  -            168   1.4e-10   37.0   1.9   1   1   9.8e-12   5.5e-10   35.0   1.9     7   141    10   145     7   149 0.86 -
#
# Program:         hmmsearch
# Version:         3.3.2 (Nov 2020)
# Pipeline mode:   SEARCH
# Query file:      /home/elise/Documents/M1-BIM/S2/TMEs/SBAS/tme08/models/scop30/d1kxoa_b.60.1.1.aln.hmm
# Target file:     /home/elise/Documents/M1-BIM/S2/TMEs/SBAS/tme08/scop/scop/scopTestSeq.fasta
# Option settings: hmmsearch --domtblout /home/elise/Documents/M1-BIM/S2/TMEs/SBAS/tme08/searchResults/scop30/d1kxoa_b.60.1.1.aln.out -E 1 /home/elise/Documents/M1-BIM/S2/TMEs/SBAS/tme08/models/scop30/d1kxoa_b.60.1.1.aln.hmm /home/elise/Documents/M1-BIM/S2/TMEs/SBAS/tme08/scop/scop/scopTestSeq.fasta 
# Current dir:     /home/elise/Documents/M1-BIM/S2/TMEs/SBAS/tme08
# Date:            Thu Apr 10 10:02:21 2025
# [ok]
