#                                                                            --- full sequence --- -------------- this domain -------------   hmm coord   ali coord   env coord
# target name        accession   tlen query name           accession   qlen   E-value  score  bias   #  of  c-Evalue  i-Evalue  score  bias  from    to  from    to  from    to  acc description of target
#------------------- ---------- ----- -------------------- ---------- ----- --------- ------ ----- --- --- --------- --------- ------ ----- ----- ----- ----- ----- ----- ----- ---- ---------------------
d1r6bx3c.37.1.20     -            315 d1l8qa2c.37.1.20.aln -            259   1.8e-59  196.4   0.1   1   1   6.2e-61   2.1e-59  196.2   0.1     2   259     7   313     6   313 0.99 -
d1u0ja_c.37.1.20     -            267 d1l8qa2c.37.1.20.aln -            259   9.6e-57  187.5   0.0   1   1   3.2e-58   1.1e-56  187.3   0.0     2   254     2   266     1   267 0.99 -
d1g41a_c.37.1.20     -            443 d1l8qa2c.37.1.20.aln -            259   8.2e-56  184.4   2.6   1   2   5.9e-25   1.9e-23   78.4   0.0     5    93     2   101     1   142 0.90 -
d1g41a_c.37.1.20     -            443 d1l8qa2c.37.1.20.aln -            259   8.2e-56  184.4   2.6   2   2   2.5e-33   8.2e-32  105.8   0.8    59   257   161   433   158   435 0.98 -
d1njfa_c.37.1.20     -            239 d1l8qa2c.37.1.20.aln -            259   1.3e-55  183.8   0.0   1   1   4.7e-57   1.6e-55  183.5   0.0     7   246     2   237     1   238 0.99 -
d2a5yb3c.37.1.20     -            277 d1l8qa2c.37.1.20.aln -            259   1.5e-55  183.6   0.0   1   1   5.2e-57   1.7e-55  183.4   0.0     1   259     5   274     5   274 0.99 -
d1fnna2c.37.1.20     -            276 d1l8qa2c.37.1.20.aln -            259   2.1e-53  176.5   0.0   1   1   7.2e-55   2.4e-53  176.4   0.0     2   258     4   269     3   270 0.99 -
d1sxja2c.37.1.20     -            253 d1l8qa2c.37.1.20.aln -            259   2.4e-53  176.3   0.0   1   1   8.2e-55   2.7e-53  176.2   0.0     4   251     1   252     1   253 0.99 -
d1iqpa2c.37.1.20     -            231 d1l8qa2c.37.1.20.aln -            259   8.2e-53  174.6   0.3   1   1   2.8e-54   9.1e-53  174.5   0.3     2   244     9   229     8   231 0.98 -
d1lv7a_c.37.1.20     -            256 d1l8qa2c.37.1.20.aln -            259   2.4e-51  169.8   0.0   1   1   8.1e-53   2.7e-51  169.7   0.0     6   253     1   255     1   256 0.99 -
d1d2na_c.37.1.20     -            246 d1l8qa2c.37.1.20.aln -            259   3.5e-51  169.3   0.1   1   1   1.2e-52   3.9e-51  169.1   0.1     2   254     1   246     1   246 0.99 -
d1svma_c.37.1.20     -            362 d1l8qa2c.37.1.20.aln -            259     8e-51  168.1   0.1   1   1   2.8e-52   9.2e-51  167.9   0.1     2   259    10   339     9   339 0.99 -
d1in4a2c.37.1.20     -            238 d1l8qa2c.37.1.20.aln -            259   9.4e-51  167.9   0.8   1   1   3.2e-52     1e-50  167.7   0.8    10   245     2   237     1   238 0.99 -
d1um8a_c.37.1.20     -            364 d1l8qa2c.37.1.20.aln -            259   1.4e-50  167.3   0.0   1   1     7e-52   2.3e-50  166.6   0.0     3   257     3   362     1   364 0.99 -
d1w5sa2c.37.1.20     -            287 d1l8qa2c.37.1.20.aln -            259   2.5e-50  166.5   0.0   1   1   8.4e-52   2.8e-50  166.3   0.0     2   258     4   283     3   284 0.99 -
d2fnaa2c.37.1.20     -            283 d1l8qa2c.37.1.20.aln -            259   3.9e-45  149.5   2.3   1   1   1.3e-46   4.4e-45  149.3   2.3     2   258     7   282     6   283 0.99 -
d1g8pa_c.37.1.20     -            333 d1l8qa2c.37.1.20.aln -            259   3.9e-45  149.5   0.0   1   1   1.4e-46   4.4e-45  149.3   0.0     4   259     3   311     1   311 0.99 -
d1ny5a2c.37.1.20     -            247 d1l8qa2c.37.1.20.aln -            259   1.7e-44  147.4   0.3   1   1   5.6e-46   1.8e-44  147.3   0.3    18   250     2   246     1   247 0.99 -
d1tuea_c.37.1.20     -            205 d1l8qa2c.37.1.20.aln -            259   2.5e-42  140.3   0.0   1   1   8.3e-44   2.7e-42  140.1   0.0     6   246     2   204     1   205 0.99 -
d1a5ta2c.37.1.20     -            207 d1l8qa2c.37.1.20.aln -            259   3.8e-39  129.9   0.0   1   1   1.3e-40   4.3e-39  129.7   0.0    16   242     1   205     1   206 0.98 -
d2gnoa2c.37.1.20     -            198 d1l8qa2c.37.1.20.aln -            259   1.8e-32  108.0   0.2   1   1     6e-34     2e-32  107.9   0.2    12   241     2   193     1   198 0.97 -
d2p65a_c.37.1.20     -            185 d1l8qa2c.37.1.20.aln -            259   2.1e-25   84.9   0.4   1   1   2.7e-26   8.8e-25   82.8   0.4     2   245     5   184     4   185 0.98 -
d1jqlb_c.37.1.20     -            140 d1l8qa2c.37.1.20.aln -            259   2.7e-15   51.7   0.0   1   2   4.7e-10   1.6e-08   29.6   0.0    46   144     3    90     1    93 0.96 -
d1jqlb_c.37.1.20     -            140 d1l8qa2c.37.1.20.aln -            259   2.7e-15   51.7   0.0   2   2   1.5e-07   4.9e-06   21.4   0.0   194   243    91   140    89   140 0.96 -
d1qzma_c.37.1.20     -             94 d1l8qa2c.37.1.20.aln -            259   9.9e-14   46.6   0.1   1   1   3.2e-15     1e-13   46.5   0.1    39   135     3    92     1    94 0.97 -
d1y63a_c.37.1.1      -            174 d1l8qa2c.37.1.20.aln -            259   0.00046   15.0   0.0   1   1   2.6e-05   0.00087   14.0   0.0    43    66     7    30     7    68 0.91 -
#
# Program:         hmmsearch
# Version:         3.3.2 (Nov 2020)
# Pipeline mode:   SEARCH
# Query file:      /home/elise/Documents/M1-BIM/S2/TMEs/SBAS/tme08/models/scop30/d1l8qa2c.37.1.20.aln.hmm
# Target file:     /home/elise/Documents/M1-BIM/S2/TMEs/SBAS/tme08/scop/scop/scopTestSeq.fasta
# Option settings: hmmsearch --domtblout /home/elise/Documents/M1-BIM/S2/TMEs/SBAS/tme08/searchResults/scop30/d1l8qa2c.37.1.20.aln.out -E 1 /home/elise/Documents/M1-BIM/S2/TMEs/SBAS/tme08/models/scop30/d1l8qa2c.37.1.20.aln.hmm /home/elise/Documents/M1-BIM/S2/TMEs/SBAS/tme08/scop/scop/scopTestSeq.fasta 
# Current dir:     /home/elise/Documents/M1-BIM/S2/TMEs/SBAS/tme08
# Date:            Thu Apr 10 10:02:21 2025
# [ok]
