#                                                                            --- full sequence --- -------------- this domain -------------   hmm coord   ali coord   env coord
# target name        accession   tlen query name           accession   qlen   E-value  score  bias   #  of  c-Evalue  i-Evalue  score  bias  from    to  from    to  from    to  acc description of target
#------------------- ---------- ----- -------------------- ---------- ----- --------- ------ ----- --- --- --------- --------- ------ ----- ----- ----- ----- ----- ----- ----- ---- ---------------------
d3kffa_b.60.1.1      -            152 d1lf7a_b.60.1.1.aln  -            160   1.8e-52  173.1   0.3   1   1   3.6e-54     2e-52  173.0   0.3     8   159     2   151     1   152 0.98 -
d3s26a_b.60.1.1      -            176 d1lf7a_b.60.1.1.aln  -            160   9.8e-51  167.5   0.3   1   1   1.9e-52   1.1e-50  167.3   0.3     2   159    12   175    11   176 0.98 -
d3saoa_b.60.1.1      -            155 d1lf7a_b.60.1.1.aln  -            160   2.4e-49  163.0   0.4   1   1   4.7e-51   2.6e-49  162.8   0.4    10   159     1   149     1   150 0.98 -
d1kxoa_b.60.1.1      -            171 d1lf7a_b.60.1.1.aln  -            160   8.7e-49  161.2   1.1   1   1   1.7e-50   9.7e-49  161.0   1.1     1   158    11   170    11   171 0.99 -
d1i4ua_b.60.1.1      -            181 d1lf7a_b.60.1.1.aln  -            160   3.4e-48  159.2   0.2   1   1   6.9e-50   3.9e-48  159.0   0.2     2   159    21   176    20   177 0.98 -
d1kt7a_b.60.1.1      -            175 d1lf7a_b.60.1.1.aln  -            160   5.2e-47  155.4   0.0   1   1     1e-48   5.8e-47  155.2   0.0     2   157    10   175     9   175 0.99 -
d1epba_b.60.1.1      -            160 d1lf7a_b.60.1.1.aln  -            160   8.9e-47  154.6   0.1   1   1   1.7e-48   9.8e-47  154.5   0.1     5   158     2   154     1   156 0.98 -
d1qfta_b.60.1.1      -            175 d1lf7a_b.60.1.1.aln  -            160     6e-43  142.2   7.4   1   1   1.2e-44   6.6e-43  142.0   7.4     1   159    13   174    13   175 0.99 -
d1qwda_b.60.1.1      -            167 d1lf7a_b.60.1.1.aln  -            160   1.7e-41  137.5   0.0   1   1   3.3e-43   1.9e-41  137.3   0.0     2   153     2   166     1   167 0.98 -
d1dzka_b.60.1.1      -            148 d1lf7a_b.60.1.1.aln  -            160     2e-41  137.2   0.4   1   1     4e-43   2.2e-41  137.1   0.4    11   158     2   148     1   148 0.99 -
d1x8qa_b.60.1.1      -            184 d1lf7a_b.60.1.1.aln  -            160   1.9e-39  130.8   5.0   1   1   3.8e-41   2.1e-39  130.6   5.0     1   160     8   175     8   175 0.99 -
d1xkia_b.60.1.1      -            139 d1lf7a_b.60.1.1.aln  -            160   4.6e-37  123.1   0.0   1   1   8.9e-39     5e-37  122.9   0.0    12   152     2   138     1   139 0.99 -
d2joza1b.60.1.1      -            126 d1lf7a_b.60.1.1.aln  -            160   5.5e-27   90.3   0.1   1   1   1.1e-28     6e-27   90.2   0.1    20   155     1   125     1   126 0.98 -
d1lf7a_b.60.1.1      -            171 d1lf7a_b.60.1.1.aln  -            160   1.6e-15   53.0   0.0   1   1   3.4e-17   1.9e-15   52.8   0.0     2   158     8   161     7   163 0.93 -
#
# Program:         hmmsearch
# Version:         3.3.2 (Nov 2020)
# Pipeline mode:   SEARCH
# Query file:      /home/elise/Documents/M1-BIM/S2/TMEs/SBAS/tme08/models/scop30/d1lf7a_b.60.1.1.aln.hmm
# Target file:     /home/elise/Documents/M1-BIM/S2/TMEs/SBAS/tme08/scop/scop/scopTestSeq.fasta
# Option settings: hmmsearch --domtblout /home/elise/Documents/M1-BIM/S2/TMEs/SBAS/tme08/searchResults/scop30/d1lf7a_b.60.1.1.aln.out -E 1 /home/elise/Documents/M1-BIM/S2/TMEs/SBAS/tme08/models/scop30/d1lf7a_b.60.1.1.aln.hmm /home/elise/Documents/M1-BIM/S2/TMEs/SBAS/tme08/scop/scop/scopTestSeq.fasta 
# Current dir:     /home/elise/Documents/M1-BIM/S2/TMEs/SBAS/tme08
# Date:            Thu Apr 10 10:02:21 2025
# [ok]
