#                                                                            --- full sequence --- -------------- this domain -------------   hmm coord   ali coord   env coord
# target name        accession   tlen query name           accession   qlen   E-value  score  bias   #  of  c-Evalue  i-Evalue  score  bias  from    to  from    to  from    to  acc description of target
#------------------- ---------- ----- -------------------- ---------- ----- --------- ------ ----- --- --- --------- --------- ------ ----- ----- ----- ----- ----- ----- ----- ---- ---------------------
d1mv8a2c.2.1.6       -            202 d1lj8a4c.2.1.6.aln   -            179   5.1e-50  165.2   0.0   1   1   1.5e-51   5.7e-50  165.0   0.0     1   178     1   193     1   194 0.99 -
d1evya2c.2.1.6       -            189 d1lj8a4c.2.1.6.aln   -            179   2.5e-49  163.0   0.0   1   1     7e-51   2.8e-49  162.8   0.0     1   179     8   187     8   187 0.99 -
d1f0ya2c.2.1.6       -            192 d1lj8a4c.2.1.6.aln   -            179   2.3e-48  159.8   1.7   1   1   6.6e-50   2.6e-48  159.6   1.7     1   179     5   189     5   189 0.99 -
d1bg6a2c.2.1.6       -            184 d1lj8a4c.2.1.6.aln   -            179   4.1e-48  159.0   0.1   1   1   1.1e-49   4.5e-48  158.9   0.1     2   177     3   182     2   184 0.99 -
d1txga2c.2.1.6       -            180 d1lj8a4c.2.1.6.aln   -            179   2.3e-47  156.5   0.0   1   1   6.5e-49   2.6e-47  156.4   0.0     1   176     1   179     1   180 0.99 -
d1dlja2c.2.1.6       -            196 d1lj8a4c.2.1.6.aln   -            179   7.3e-46  151.7   0.1   1   1   2.1e-47   8.1e-46  151.5   0.1     1   178     1   187     1   188 0.99 -
d2f1ka2c.2.1.6       -            165 d1lj8a4c.2.1.6.aln   -            179   2.8e-44  146.5   0.0   1   1     8e-46   3.1e-44  146.3   0.0     1   178     1   165     1   165 0.99 -
d1ks9a2c.2.1.6       -            167 d1lj8a4c.2.1.6.aln   -            179     1e-43  144.7   0.0   1   1   2.9e-45   1.1e-43  144.5   0.0     1   179     1   167     1   167 0.99 -
d1jaya_c.2.1.6       -            212 d1lj8a4c.2.1.6.aln   -            179   1.1e-42  141.3   0.1   1   1   3.3e-44   1.3e-42  141.1   0.1     1   177     1   204     1   206 0.99 -
d1vpda2c.2.1.6       -            161 d1lj8a4c.2.1.6.aln   -            179   2.8e-41  136.7   0.5   1   1   7.9e-43   3.1e-41  136.6   0.5     1   178     1   160     1   161 0.99 -
d2pv7a2c.2.1.6       -            152 d1lj8a4c.2.1.6.aln   -            179   6.4e-36  119.3   0.0   1   1   1.8e-37   7.3e-36  119.1   0.0     7   178     1   152     1   152 0.99 -
d2ahra2c.2.1.6       -            152 d1lj8a4c.2.1.6.aln   -            179   4.8e-35  116.4   0.1   1   1   1.5e-36   5.9e-35  116.1   0.1     1   177     1   150     1   152 0.98 -
d1i36a2c.2.1.6       -            152 d1lj8a4c.2.1.6.aln   -            179   4.6e-33  110.0   0.5   1   1   1.3e-34   5.2e-33  109.8   0.5     2   175     2   149     1   152 0.98 -
d2i76a2c.2.1.6       -            153 d1lj8a4c.2.1.6.aln   -            179   2.4e-32  107.6   0.0   1   1   6.7e-34   2.6e-32  107.5   0.0     3   178     2   152     1   153 0.98 -
d1yqga2c.2.1.6       -            152 d1lj8a4c.2.1.6.aln   -            179   4.8e-32  106.7   0.2   1   1   1.4e-33   5.7e-32  106.4   0.2     1   177     1   151     1   152 0.96 -
d1gpja2c.2.1.7       -            159 d1lj8a4c.2.1.6.aln   -            179   2.2e-05   19.8   0.1   1   1   7.8e-07   3.1e-05   19.3   0.1     2    77    26    93    25   106 0.78 -
d1vm6a3c.2.1.3       -            129 d1lj8a4c.2.1.6.aln   -            179    0.0002   16.6   0.1   1   1   9.7e-06   0.00038   15.8   0.1     1    28     1    29     1    35 0.96 -
d1luaa1c.2.1.7       -            191 d1lj8a4c.2.1.6.aln   -            179   0.00067   15.0   0.5   1   1   2.7e-05     0.001   14.3   0.5     3    75    27    99    25   111 0.91 -
d1nhpa2c.3.1.5       -            123 d1lj8a4c.2.1.6.aln   -            179    0.0021   13.3   0.3   1   2   0.00014    0.0054   12.0   0.1     2    31    32    61    31    67 0.93 -
d1nhpa2c.3.1.5       -            123 d1lj8a4c.2.1.6.aln   -            179    0.0021   13.3   0.3   2   2       1.2        48   -0.9   0.0   157   157   100   100    69   123 0.45 -
d2iida1c.3.1.2       -            371 d1lj8a4c.2.1.6.aln   -            179    0.0031   12.8   2.9   1   2   7.8e-05    0.0031   12.8   0.9     1    32    31    62    31    69 0.91 -
d2iida1c.3.1.2       -            371 d1lj8a4c.2.1.6.aln   -            179    0.0031   12.8   2.9   2   2       2.3        92   -1.8   0.0   129   148   254   273   247   295 0.62 -
#
# Program:         hmmsearch
# Version:         3.3.2 (Nov 2020)
# Pipeline mode:   SEARCH
# Query file:      /home/elise/Documents/M1-BIM/S2/TMEs/SBAS/tme08/models/scop30/d1lj8a4c.2.1.6.aln.hmm
# Target file:     /home/elise/Documents/M1-BIM/S2/TMEs/SBAS/tme08/scop/scop/scopTestSeq.fasta
# Option settings: hmmsearch --domtblout /home/elise/Documents/M1-BIM/S2/TMEs/SBAS/tme08/searchResults/scop30/d1lj8a4c.2.1.6.aln.out -E 1 /home/elise/Documents/M1-BIM/S2/TMEs/SBAS/tme08/models/scop30/d1lj8a4c.2.1.6.aln.hmm /home/elise/Documents/M1-BIM/S2/TMEs/SBAS/tme08/scop/scop/scopTestSeq.fasta 
# Current dir:     /home/elise/Documents/M1-BIM/S2/TMEs/SBAS/tme08
# Date:            Thu Apr 10 10:02:21 2025
# [ok]
