#                                                                            --- full sequence --- -------------- this domain -------------   hmm coord   ali coord   env coord
# target name        accession   tlen query name           accession   qlen   E-value  score  bias   #  of  c-Evalue  i-Evalue  score  bias  from    to  from    to  from    to  acc description of target
#------------------- ---------- ----- -------------------- ---------- ----- --------- ------ ----- --- --- --------- --------- ------ ----- ----- ----- ----- ----- ----- ----- ---- ---------------------
d2oafa1d.38.1.1      -            143 d1lo7a_d.38.1.1.aln  -            139   3.2e-44  145.6   0.0   1   1   7.2e-46   3.5e-44  145.5   0.0     2   137     5   142     4   143 0.98 -
d2nuja1d.38.1.1      -            159 d1lo7a_d.38.1.1.aln  -            139   1.1e-43  143.9   0.0   1   1   2.6e-45   1.3e-43  143.7   0.0     2   136    20   154    19   157 0.98 -
d2oiwa1d.38.1.1      -            131 d1lo7a_d.38.1.1.aln  -            139   4.1e-43  142.0   0.3   1   1   9.2e-45   4.6e-43  141.9   0.3     5   138     1   130     1   131 0.99 -
d3qy3a1d.38.1.1      -            130 d1lo7a_d.38.1.1.aln  -            139   4.6e-43  141.9   0.1   1   1     1e-44     5e-43  141.8   0.1     4   132     2   129     1   130 0.98 -
d3bjka_d.38.1.1      -            140 d1lo7a_d.38.1.1.aln  -            139   2.3e-42  139.6   0.0   1   1   5.2e-44   2.6e-42  139.5   0.0     3   137     2   136     1   138 0.97 -
d2hx5a1d.38.1.1      -            144 d1lo7a_d.38.1.1.aln  -            139   6.5e-42  138.1   0.0   1   1   1.5e-43   7.2e-42  138.0   0.0     2   138     3   141     2   142 0.99 -
d2hlja1d.38.1.1      -            156 d1lo7a_d.38.1.1.aln  -            139   2.1e-41  136.5   0.1   1   1   4.8e-43   2.4e-41  136.3   0.1     2   139     1   139     1   139 0.99 -
d2gf6a1d.38.1.1      -            134 d1lo7a_d.38.1.1.aln  -            139   2.7e-41  136.1   0.0   1   1     6e-43     3e-41  136.0   0.0     1   134     1   133     1   134 0.98 -
d1s5ua_d.38.1.1      -            129 d1lo7a_d.38.1.1.aln  -            139   1.2e-40  134.1   0.8   1   1   2.6e-42   1.3e-40  134.0   0.8     5   131     2   128     1   129 0.95 -
d1njka_d.38.1.1      -            133 d1lo7a_d.38.1.1.aln  -            139   1.6e-40  133.7   0.1   1   1   3.5e-42   1.7e-40  133.5   0.1     5   137     1   133     1   133 0.99 -
d1vpma_d.38.1.1      -            155 d1lo7a_d.38.1.1.aln  -            139   4.3e-40  132.2   0.2   1   1     1e-41   4.9e-40  132.1   0.2     2   138     7   140     6   141 0.98 -
d2gvha1d.38.1.1      -            135 d1lo7a_d.38.1.1.aln  -            139   1.5e-39  130.5   0.2   1   1   3.4e-41   1.7e-39  130.3   0.2     2   134     5   134     4   135 0.98 -
d1lo7a_d.38.1.1      -            140 d1lo7a_d.38.1.1.aln  -            139    0.0001   17.7   0.0   1   1   2.6e-06   0.00013   17.3   0.0     7    72     5    71     3   118 0.72 -
d2hboa1d.38.1.5      -            142 d1lo7a_d.38.1.1.aln  -            139   0.00027   16.3   0.0   1   1   6.9e-06   0.00034   16.0   0.0     7    72    33    97    29   120 0.89 -
d3f5oa_d.38.1.5      -            138 d1lo7a_d.38.1.1.aln  -            139    0.0028   13.0   0.0   1   1   7.4e-05    0.0037   12.6   0.0     9    83    40   114    33   134 0.87 -
d1wlua_d.38.1.5      -            117 d1lo7a_d.38.1.1.aln  -            139     0.004   12.5   0.1   1   1    0.0001     0.005   12.2   0.1    11    37    26    52    17   103 0.82 -
#
# Program:         hmmsearch
# Version:         3.3.2 (Nov 2020)
# Pipeline mode:   SEARCH
# Query file:      /home/elise/Documents/M1-BIM/S2/TMEs/SBAS/tme08/models/scop30/d1lo7a_d.38.1.1.aln.hmm
# Target file:     /home/elise/Documents/M1-BIM/S2/TMEs/SBAS/tme08/scop/scop/scopTestSeq.fasta
# Option settings: hmmsearch --domtblout /home/elise/Documents/M1-BIM/S2/TMEs/SBAS/tme08/searchResults/scop30/d1lo7a_d.38.1.1.aln.out -E 1 /home/elise/Documents/M1-BIM/S2/TMEs/SBAS/tme08/models/scop30/d1lo7a_d.38.1.1.aln.hmm /home/elise/Documents/M1-BIM/S2/TMEs/SBAS/tme08/scop/scop/scopTestSeq.fasta 
# Current dir:     /home/elise/Documents/M1-BIM/S2/TMEs/SBAS/tme08
# Date:            Thu Apr 10 10:02:21 2025
# [ok]
