#                                                                            --- full sequence --- -------------- this domain -------------   hmm coord   ali coord   env coord
# target name        accession   tlen query name           accession   qlen   E-value  score  bias   #  of  c-Evalue  i-Evalue  score  bias  from    to  from    to  from    to  acc description of target
#------------------- ---------- ----- -------------------- ---------- ----- --------- ------ ----- --- --- --------- --------- ------ ----- ----- ----- ----- ----- ----- ----- ---- ---------------------
d1g41a_c.37.1.20     -            443 d1lv7a_c.37.1.20.aln -            264   4.4e-58  192.2   1.6   1   1   1.8e-59   5.8e-58  191.8   1.6     3   262     2   437     1   439 0.99 -
d1sxja2c.37.1.20     -            253 d1lv7a_c.37.1.20.aln -            264   1.6e-56  187.1   0.0   1   1   5.7e-58   1.8e-56  186.9   0.0     3   260     2   252     1   253 0.99 -
d1u0ja_c.37.1.20     -            267 d1lv7a_c.37.1.20.aln -            264   2.3e-56  186.6   0.0   1   1   7.9e-58   2.5e-56  186.4   0.0     1   262     1   266     1   267 0.98 -
d2a5yb3c.37.1.20     -            277 d1lv7a_c.37.1.20.aln -            264   4.2e-55  182.4   0.0   1   1   1.5e-56   4.7e-55  182.3   0.0     1   263     3   276     3   277 0.99 -
d1r6bx3c.37.1.20     -            315 d1lv7a_c.37.1.20.aln -            264   1.1e-53  177.8   0.1   1   1     4e-55   1.3e-53  177.6   0.1     2   264     5   304     4   304 0.99 -
d1um8a_c.37.1.20     -            364 d1lv7a_c.37.1.20.aln -            264     3e-53  176.4   1.5   1   1   1.2e-54   3.7e-53  176.1   1.5     1   258     3   362     3   364 0.99 -
d1fnna2c.37.1.20     -            276 d1lv7a_c.37.1.20.aln -            264   7.6e-53  175.0   0.0   1   1   2.7e-54   8.4e-53  174.9   0.0     2   263     2   271     1   272 0.99 -
d1iqpa2c.37.1.20     -            231 d1lv7a_c.37.1.20.aln -            264   7.9e-52  171.7   0.4   1   1   2.8e-53   8.7e-52  171.6   0.4     4   254     2   230     1   231 0.98 -
d1svma_c.37.1.20     -            362 d1lv7a_c.37.1.20.aln -            264   5.9e-51  168.9   0.0   1   1   2.1e-52   6.7e-51  168.7   0.0     2   264    12   347    11   347 0.99 -
d2fnaa2c.37.1.20     -            283 d1lv7a_c.37.1.20.aln -            264   1.3e-48  161.2   3.3   1   1   4.6e-50   1.5e-48  161.0   3.3     2   263     3   282     2   283 0.99 -
d1d2na_c.37.1.20     -            246 d1lv7a_c.37.1.20.aln -            264   1.6e-48  160.9   0.1   1   1   5.7e-50   1.8e-48  160.7   0.1     8   257     2   244     1   246 0.99 -
d1njfa_c.37.1.20     -            239 d1lv7a_c.37.1.20.aln -            264   4.8e-48  159.3   0.0   1   1   1.8e-49   5.7e-48  159.1   0.0     5   255     2   237     1   238 0.98 -
d1w5sa2c.37.1.20     -            287 d1lv7a_c.37.1.20.aln -            264     4e-47  156.3   0.0   1   1   1.4e-48   4.5e-47  156.1   0.0     3   261     3   286     1   287 0.99 -
d1in4a2c.37.1.20     -            238 d1lv7a_c.37.1.20.aln -            264   5.1e-44  146.1   0.7   1   1   1.8e-45   5.7e-44  146.0   0.7     8   254     2   237     1   238 0.97 -
d1g8pa_c.37.1.20     -            333 d1lv7a_c.37.1.20.aln -            264     2e-43  144.2   0.0   1   1   7.4e-45   2.3e-43  144.0   0.0     2   263     2   324     1   325 0.99 -
d1ny5a2c.37.1.20     -            247 d1lv7a_c.37.1.20.aln -            264   5.2e-43  142.8   0.6   1   1   1.8e-44   5.8e-43  142.7   0.6     2   259     2   246     1   247 0.99 -
d1tuea_c.37.1.20     -            205 d1lv7a_c.37.1.20.aln -            264   4.1e-38  126.8   0.0   1   1   1.4e-39   4.6e-38  126.7   0.0     5   255     1   204     1   205 0.99 -
d1a5ta2c.37.1.20     -            207 d1lv7a_c.37.1.20.aln -            264     5e-36  120.0   0.0   1   1   1.7e-37   5.5e-36  119.8   0.0     8   247     2   201     1   207 0.97 -
d1l8qa2c.37.1.20     -            213 d1lv7a_c.37.1.20.aln -            264   1.8e-35  118.2   2.1   1   1   6.2e-37     2e-35  118.0   2.1     3   255     1   212     1   213 0.98 -
d2gnoa2c.37.1.20     -            198 d1lv7a_c.37.1.20.aln -            264   7.9e-29   96.4   0.4   1   1   2.9e-30   9.1e-29   96.2   0.4    10   254     2   197     1   198 0.98 -
d2p65a_c.37.1.20     -            185 d1lv7a_c.37.1.20.aln -            264   4.8e-23   77.5   0.3   1   1   1.8e-24   5.7e-23   77.2   0.3     8   233     2   181     1   184 0.95 -
d1jqlb_c.37.1.20     -            140 d1lv7a_c.37.1.20.aln -            264   1.2e-15   53.3   0.0   1   1   4.4e-17   1.4e-15   53.0   0.0    27   203     8   137     2   140 0.92 -
d1qzma_c.37.1.20     -             94 d1lv7a_c.37.1.20.aln -            264   2.2e-11   39.3   0.1   1   1   7.5e-13   2.4e-11   39.2   0.1    58   178     2    94     1    94 0.96 -
d1lv7a_c.37.1.20     -            256 d1lv7a_c.37.1.20.aln -            264   8.1e-08   27.6   0.0   1   1   3.8e-09   1.2e-07   27.1   0.0    11    86     8    83     1    86 0.93 -
d1y63a_c.37.1.1      -            174 d1lv7a_c.37.1.20.aln -            264   0.00025   16.2   0.0   1   1   1.7e-05   0.00052   15.1   0.0    49    74     6    31     4    34 0.90 -
#
# Program:         hmmsearch
# Version:         3.3.2 (Nov 2020)
# Pipeline mode:   SEARCH
# Query file:      /home/elise/Documents/M1-BIM/S2/TMEs/SBAS/tme08/models/scop30/d1lv7a_c.37.1.20.aln.hmm
# Target file:     /home/elise/Documents/M1-BIM/S2/TMEs/SBAS/tme08/scop/scop/scopTestSeq.fasta
# Option settings: hmmsearch --domtblout /home/elise/Documents/M1-BIM/S2/TMEs/SBAS/tme08/searchResults/scop30/d1lv7a_c.37.1.20.aln.out -E 1 /home/elise/Documents/M1-BIM/S2/TMEs/SBAS/tme08/models/scop30/d1lv7a_c.37.1.20.aln.hmm /home/elise/Documents/M1-BIM/S2/TMEs/SBAS/tme08/scop/scop/scopTestSeq.fasta 
# Current dir:     /home/elise/Documents/M1-BIM/S2/TMEs/SBAS/tme08
# Date:            Thu Apr 10 10:02:21 2025
# [ok]
