#                                                                            --- full sequence --- -------------- this domain -------------   hmm coord   ali coord   env coord
# target name        accession   tlen query name           accession   qlen   E-value  score  bias   #  of  c-Evalue  i-Evalue  score  bias  from    to  from    to  from    to  acc description of target
#------------------- ---------- ----- -------------------- ---------- ----- --------- ------ ----- --- --- --------- --------- ------ ----- ----- ----- ----- ----- ----- ----- ---- ---------------------
d1p5zb_c.37.1.1      -            241 d1lw7a2c.37.1.1.aln  -            196   5.2e-55  181.7   0.0   1   1   1.6e-56   6.1e-55  181.5   0.0     3   195     2   227     1   228 0.99 -
d1qf9a_c.37.1.1      -            194 d1lw7a2c.37.1.1.aln  -            196   1.4e-54  180.3   0.0   1   1   4.1e-56   1.5e-54  180.2   0.0     1   195     4   193     4   194 0.99 -
d1khta_c.37.1.1      -            190 d1lw7a2c.37.1.1.aln  -            196   1.6e-49  163.8   0.1   1   1   4.7e-51   1.8e-49  163.7   0.1     3   192     1   190     1   190 0.99 -
d1deka_c.37.1.1      -            241 d1lw7a2c.37.1.1.aln  -            196     2e-47  157.0   0.0   1   1   6.2e-49   2.3e-47  156.7   0.0     3   195     1   218     1   219 0.99 -
d1vhta_c.37.1.1      -            208 d1lw7a2c.37.1.1.aln  -            196   4.4e-47  155.8   0.1   1   1   1.3e-48   4.9e-47  155.7   0.1     3   195     3   198     1   199 0.99 -
d1t0hb_c.37.1.1      -            219 d1lw7a2c.37.1.1.aln  -            196   5.4e-47  155.5   0.0   1   1   1.6e-48   6.1e-47  155.4   0.0     1   196     1   205     1   205 0.99 -
d1zina1c.37.1.1      -            183 d1lw7a2c.37.1.1.aln  -            196   1.4e-46  154.2   0.0   1   1   4.2e-48   1.6e-46  154.0   0.0     4   195     1   182     1   183 0.98 -
d1gsia_c.37.1.1      -            208 d1lw7a2c.37.1.1.aln  -            196   2.2e-46  153.6   0.0   1   1   6.6e-48   2.5e-46  153.4   0.0     4   196     1   191     1   191 0.99 -
d1kjwa2c.37.1.1      -            199 d1lw7a2c.37.1.1.aln  -            196   1.7e-45  150.7   0.1   1   1     5e-47   1.9e-45  150.5   0.1     2   195     5   190     4   191 0.98 -
d1e2ka_c.37.1.1      -            329 d1lw7a2c.37.1.1.aln  -            196     4e-45  149.4   0.0   1   1   1.3e-46   4.9e-45  149.2   0.0     3   195     4   278     2   279 0.99 -
d1kgda_c.37.1.1      -            178 d1lw7a2c.37.1.1.aln  -            196   1.5e-44  147.6   0.2   1   1   4.4e-46   1.6e-44  147.5   0.2     1   192     1   178     1   178 0.99 -
d2grja_c.37.1.1      -            179 d1lw7a2c.37.1.1.aln  -            196   7.1e-43  142.1   1.0   1   1   2.1e-44   7.8e-43  142.0   1.0     1   192     1   179     1   179 0.99 -
d1y63a_c.37.1.1      -            174 d1lw7a2c.37.1.1.aln  -            196   3.4e-42  139.9   1.3   1   1   9.9e-44   3.7e-42  139.8   1.3     1   194     3   173     3   174 0.98 -
d1yj5a2c.37.1.1      -            172 d1lw7a2c.37.1.1.aln  -            196   2.4e-39  130.6   0.0   1   1   7.1e-41   2.7e-39  130.4   0.0     1   175    12   171    12   172 0.97 -
d3kb2a_c.37.1.1      -            171 d1lw7a2c.37.1.1.aln  -            196   2.7e-37  123.9   0.0   1   1   7.9e-39     3e-37  123.8   0.0     5   192     2   171     1   171 0.99 -
d1ly1a_c.37.1.1      -            152 d1lw7a2c.37.1.1.aln  -            196   3.2e-32  107.3   0.0   1   1   9.8e-34   3.7e-32  107.2   0.0     2   173     1   148     1   152 0.96 -
d2qora_c.37.1.0      -            196 d1lw7a2c.37.1.1.aln  -            196   4.2e-05   18.9   0.0   1   2   5.7e-06   0.00021   16.6   0.0     7    57     8    58     7    69 0.93 -
d2qora_c.37.1.0      -            196 d1lw7a2c.37.1.1.aln  -            196   4.2e-05   18.9   0.0   2   2      0.71        27   -0.1   0.0   173   191   171   186   120   190 0.67 -
d2jaqa_c.37.1.0      -            201 d1lw7a2c.37.1.1.aln  -            196   8.1e-05   17.9   0.0   1   2   6.1e-06   0.00023   16.4   0.0     4    31     1    28     1    45 0.94 -
d2jaqa_c.37.1.0      -            201 d1lw7a2c.37.1.1.aln  -            196   8.1e-05   17.9   0.0   2   2       2.9   1.1e+02   -2.1   0.0   128   147   126   145   101   150 0.60 -
d1in4a2c.37.1.20     -            238 d1lw7a2c.37.1.1.aln  -            196   0.00039   15.7   0.2   1   2   7.9e-05     0.003   12.8   0.0     6    37    38    69    37    76 0.86 -
d1in4a2c.37.1.20     -            238 d1lw7a2c.37.1.1.aln  -            196   0.00039   15.7   0.2   2   2      0.39        15    0.8   0.0    85   157   156   228    89   235 0.65 -
d1g41a_c.37.1.20     -            443 d1lw7a2c.37.1.1.aln  -            196    0.0026   13.0   0.0   1   1   0.00013     0.005   12.1   0.0     2    41    48    87    47   164 0.74 -
d1um8a_c.37.1.20     -            364 d1lw7a2c.37.1.1.aln  -            196    0.0048   12.1   0.7   1   3         1        38   -0.6   0.0    32    80    17    63    14    70 0.80 -
d1um8a_c.37.1.20     -            364 d1lw7a2c.37.1.1.aln  -            196    0.0048   12.1   0.7   2   3   0.00059     0.022   10.0   0.0     5    32    70    97    67   112 0.88 -
d1um8a_c.37.1.20     -            364 d1lw7a2c.37.1.1.aln  -            196    0.0048   12.1   0.7   3   3       8.4   3.1e+02   -3.6   0.0    75    94   211   230   206   242 0.56 -
#
# Program:         hmmsearch
# Version:         3.3.2 (Nov 2020)
# Pipeline mode:   SEARCH
# Query file:      /home/elise/Documents/M1-BIM/S2/TMEs/SBAS/tme08/models/scop30/d1lw7a2c.37.1.1.aln.hmm
# Target file:     /home/elise/Documents/M1-BIM/S2/TMEs/SBAS/tme08/scop/scop/scopTestSeq.fasta
# Option settings: hmmsearch --domtblout /home/elise/Documents/M1-BIM/S2/TMEs/SBAS/tme08/searchResults/scop30/d1lw7a2c.37.1.1.aln.out -E 1 /home/elise/Documents/M1-BIM/S2/TMEs/SBAS/tme08/models/scop30/d1lw7a2c.37.1.1.aln.hmm /home/elise/Documents/M1-BIM/S2/TMEs/SBAS/tme08/scop/scop/scopTestSeq.fasta 
# Current dir:     /home/elise/Documents/M1-BIM/S2/TMEs/SBAS/tme08
# Date:            Thu Apr 10 10:02:21 2025
# [ok]
