#                                                                            --- full sequence --- -------------- this domain -------------   hmm coord   ali coord   env coord
# target name        accession   tlen query name           accession   qlen   E-value  score  bias   #  of  c-Evalue  i-Evalue  score  bias  from    to  from    to  from    to  acc description of target
#------------------- ---------- ----- -------------------- ---------- ----- --------- ------ ----- --- --- --------- --------- ------ ----- ----- ----- ----- ----- ----- ----- ---- ---------------------
d1kjwa2c.37.1.1      -            199 d1ly1a_c.37.1.1.aln  -            199   2.1e-55  183.0   0.1   1   1     6e-57   2.4e-55  182.9   0.1     1   199     4   199     4   199 0.99 -
d1p5zb_c.37.1.1      -            241 d1ly1a_c.37.1.1.aln  -            199   6.8e-55  181.4   0.0   1   1   2.1e-56   8.4e-55  181.1   0.0     3   198     2   202     1   203 0.99 -
d1qf9a_c.37.1.1      -            194 d1ly1a_c.37.1.1.aln  -            199   6.4e-49  161.9   0.0   1   1   1.8e-50   7.1e-49  161.7   0.0     2   189     5   192     4   194 0.98 -
d1zina1c.37.1.1      -            183 d1ly1a_c.37.1.1.aln  -            199   8.5e-49  161.5   0.0   1   1   2.4e-50   9.4e-49  161.3   0.0     4   190     1   182     1   183 0.99 -
d1t0hb_c.37.1.1      -            219 d1ly1a_c.37.1.1.aln  -            199   1.6e-48  160.5   0.0   1   1   4.7e-50   1.8e-48  160.4   0.0     1   198    18   212    18   213 0.99 -
d1lw7a2c.37.1.1      -            192 d1ly1a_c.37.1.1.aln  -            199     3e-48  159.7   0.0   1   1   8.3e-50   3.3e-48  159.5   0.0     2   197     6   192     5   192 0.98 -
d1khta_c.37.1.1      -            190 d1ly1a_c.37.1.1.aln  -            199   9.3e-48  158.1   0.0   1   1   2.6e-49     1e-47  157.9   0.0     3   193     1   189     1   190 0.99 -
d1deka_c.37.1.1      -            241 d1ly1a_c.37.1.1.aln  -            199   1.4e-47  157.5   0.0   1   1   4.1e-49   1.6e-47  157.3   0.0     3   198     1   203     1   204 0.99 -
d1vhta_c.37.1.1      -            208 d1ly1a_c.37.1.1.aln  -            199   1.3e-46  154.4   0.2   1   1   3.6e-48   1.4e-46  154.2   0.2     3   198     3   206     1   207 0.98 -
d1kgda_c.37.1.1      -            178 d1ly1a_c.37.1.1.aln  -            199   2.2e-46  153.6   0.1   1   1   6.3e-48   2.5e-46  153.4   0.1     1   187     1   178     1   178 0.99 -
d2grja_c.37.1.1      -            179 d1ly1a_c.37.1.1.aln  -            199   3.3e-45  149.7   0.4   1   1   9.3e-47   3.7e-45  149.6   0.4     1   187     1   179     1   179 0.99 -
d1e2ka_c.37.1.1      -            329 d1ly1a_c.37.1.1.aln  -            199   3.5e-45  149.6   0.0   1   1   1.1e-46   4.4e-45  149.3   0.0     2   198     3   217     2   218 0.99 -
d1gsia_c.37.1.1      -            208 d1ly1a_c.37.1.1.aln  -            199   3.1e-43  143.3   0.0   1   1   8.7e-45   3.4e-43  143.1   0.0     4   198     1   202     1   203 0.99 -
d1y63a_c.37.1.1      -            174 d1ly1a_c.37.1.1.aln  -            199   7.1e-42  138.9   0.9   1   1   2.1e-43   8.3e-42  138.6   0.9     1   189     3   173     3   174 0.98 -
d1yj5a2c.37.1.1      -            172 d1ly1a_c.37.1.1.aln  -            199   7.1e-41  135.6   0.0   1   1   2.1e-42   8.5e-41  135.3   0.0    21   191     4   171     1   171 0.98 -
d3kb2a_c.37.1.1      -            171 d1ly1a_c.37.1.1.aln  -            199   3.6e-38  126.8   0.1   1   1   1.5e-39     6e-38  126.1   0.1     5   191     2   171     1   171 0.99 -
d2qora_c.37.1.0      -            196 d1ly1a_c.37.1.1.aln  -            199   6.1e-08   28.1   0.0   1   2   4.1e-09   1.6e-07   26.7   0.0     6    79     7    76     3   103 0.85 -
d2qora_c.37.1.0      -            196 d1ly1a_c.37.1.1.aln  -            199   6.1e-08   28.1   0.0   2   2       1.8        70   -1.5   0.0   119   148   130   158   118   186 0.60 -
d2jaqa_c.37.1.0      -            201 d1ly1a_c.37.1.1.aln  -            199   0.00019   16.7   0.3   1   1   1.1e-05   0.00044   15.5   0.2     4    33     1    28     1    46 0.88 -
d1um8a_c.37.1.20     -            364 d1ly1a_c.37.1.1.aln  -            199   0.00026   16.3   0.0   1   1   1.6e-05   0.00061   15.0   0.0     5    53    70   118    68   134 0.79 -
d1in4a2c.37.1.20     -            238 d1ly1a_c.37.1.1.aln  -            199    0.0004   15.6   0.0   1   1     2e-05   0.00081   14.6   0.0     6    36    38    68    36    77 0.87 -
#
# Program:         hmmsearch
# Version:         3.3.2 (Nov 2020)
# Pipeline mode:   SEARCH
# Query file:      /home/elise/Documents/M1-BIM/S2/TMEs/SBAS/tme08/models/scop30/d1ly1a_c.37.1.1.aln.hmm
# Target file:     /home/elise/Documents/M1-BIM/S2/TMEs/SBAS/tme08/scop/scop/scopTestSeq.fasta
# Option settings: hmmsearch --domtblout /home/elise/Documents/M1-BIM/S2/TMEs/SBAS/tme08/searchResults/scop30/d1ly1a_c.37.1.1.aln.out -E 1 /home/elise/Documents/M1-BIM/S2/TMEs/SBAS/tme08/models/scop30/d1ly1a_c.37.1.1.aln.hmm /home/elise/Documents/M1-BIM/S2/TMEs/SBAS/tme08/scop/scop/scopTestSeq.fasta 
# Current dir:     /home/elise/Documents/M1-BIM/S2/TMEs/SBAS/tme08
# Date:            Thu Apr 10 10:02:21 2025
# [ok]
