#                                                                            --- full sequence --- -------------- this domain -------------   hmm coord   ali coord   env coord
# target name        accession   tlen query name           accession   qlen   E-value  score  bias   #  of  c-Evalue  i-Evalue  score  bias  from    to  from    to  from    to  acc description of target
#------------------- ---------- ----- -------------------- ---------- ----- --------- ------ ----- --- --- --------- --------- ------ ----- ----- ----- ----- ----- ----- ----- ---- ---------------------
d2p0wa_d.108.1.1     -            319 d1m4ia_d.108.1.1.aln -            299  1.1e-124  411.5   2.2   1   1  6.6e-126  1.2e-124  411.3   2.2     1   299     4   319     4   319 1.00 -
d1boba_d.108.1.1     -            315 d1m4ia_d.108.1.1.aln -            299  1.1e-118  391.7   4.1   1   1  7.1e-120  1.3e-118  391.5   4.1     1   299     1   315     1   315 1.00 -
d2pq8a_d.108.1.1     -            271 d1m4ia_d.108.1.1.aln -            299   7.1e-70  231.5   0.1   1   1   4.5e-71   8.1e-70  231.3   0.1    76   299     1   244     1   244 1.00 -
d1u6ma_d.108.1.1     -            189 d1m4ia_d.108.1.1.aln -            299   1.7e-38  128.5   0.0   1   1     1e-39   1.8e-38  128.3   0.0   101   286     2   187     1   189 0.99 -
d2gana1d.108.1.1     -            182 d1m4ia_d.108.1.1.aln -            299   1.5e-33  112.2   0.2   1   1   9.2e-35   1.7e-33  112.1   0.2   105   286     1   181     1   182 0.96 -
d1tiqa_d.108.1.1     -            173 d1m4ia_d.108.1.1.aln -            299   1.9e-30  102.0   1.8   1   1   1.2e-31   2.1e-30  101.9   1.8   123   293     2   172     1   173 0.98 -
d1ufha_d.108.1.1     -            155 d1m4ia_d.108.1.1.aln -            299   1.7e-24   82.5   0.4   1   1   9.7e-26   1.7e-24   82.4   0.4   130   276     7   153     1   155 0.96 -
d2ae6a1d.108.1.1     -            161 d1m4ia_d.108.1.1.aln -            299   6.4e-24   80.6   0.0   1   1   3.8e-25   6.9e-24   80.5   0.0   135   291     3   159     1   161 0.97 -
d1z4ea1d.108.1.1     -            150 d1m4ia_d.108.1.1.aln -            299   9.2e-24   80.1   0.1   1   1     6e-25   1.1e-23   79.9   0.1   125   273     1   145     1   149 0.97 -
d1i12a_d.108.1.1     -            157 d1m4ia_d.108.1.1.aln -            299   2.6e-23   78.6   0.0   1   1   1.6e-24   2.9e-23   78.4   0.0   124   277     6   156     2   157 0.97 -
d1mk4a_d.108.1.1     -            157 d1m4ia_d.108.1.1.aln -            299   6.2e-23   77.4   0.0   1   1   3.7e-24   6.7e-23   77.2   0.0   137   298     2   156     1   157 0.97 -
d2b5ga_d.108.1.1     -            168 d1m4ia_d.108.1.1.aln -            299   9.3e-23   76.8   0.0   1   1   5.5e-24   9.8e-23   76.7   0.0   128   289     5   166     1   168 0.96 -
d1wwza1d.108.1.1     -            157 d1m4ia_d.108.1.1.aln -            299   1.1e-22   76.6   0.2   1   1   6.5e-24   1.2e-22   76.5   0.2   126   279     2   153     1   157 0.94 -
d1vkca_d.108.1.1     -            149 d1m4ia_d.108.1.1.aln -            299   2.6e-22   75.3   0.6   1   1   1.9e-23   3.3e-22   75.0   0.6   137   275     9   146     3   148 0.96 -
d1ghea_d.108.1.1     -            170 d1m4ia_d.108.1.1.aln -            299   8.4e-22   73.6   0.0   1   1   4.9e-23   8.8e-22   73.6   0.0   127   290     4   166     1   170 0.94 -
d2euia1d.108.1.1     -            153 d1m4ia_d.108.1.1.aln -            299   1.4e-21   72.9   0.1   1   1   8.5e-23   1.5e-21   72.8   0.1   138   278     8   146     1   152 0.92 -
d1qsma_d.108.1.1     -            150 d1m4ia_d.108.1.1.aln -            299   3.8e-21   71.5   0.0   1   1   2.2e-22     4e-21   71.4   0.0   137   278     8   149     1   150 0.95 -
d1nsla_d.108.1.1     -            180 d1m4ia_d.108.1.1.aln -            299   5.6e-21   70.9   0.0   1   1   3.4e-22     6e-21   70.8   0.0   120   294     3   178     1   180 0.95 -
d2fcka1d.108.1.1     -            178 d1m4ia_d.108.1.1.aln -            299   1.3e-20   69.7   0.0   1   1   7.9e-22   1.4e-20   69.6   0.0   119   282     3   167     1   177 0.92 -
d2fiaa1d.108.1.1     -            157 d1m4ia_d.108.1.1.aln -            299   3.7e-20   68.3   0.6   1   1     2e-21   3.7e-20   68.3   0.6   165   290    30   155     1   157 0.88 -
d2fl4a1d.108.1.1     -            146 d1m4ia_d.108.1.1.aln -            299   3.7e-20   68.2   0.5   1   1   2.2e-21   3.9e-20   68.2   0.5   135   283     4   143     1   146 0.91 -
d1y9wa1d.108.1.1     -            140 d1m4ia_d.108.1.1.aln -            299   3.8e-20   68.2   0.7   1   1   2.3e-21   4.1e-20   68.1   0.7   140   288     2   139     1   140 0.85 -
d2cy2a1d.108.1.1     -            174 d1m4ia_d.108.1.1.aln -            299   1.1e-19   66.7   0.0   1   1   7.1e-21   1.3e-19   66.5   0.0   124   291     2   169     1   173 0.96 -
d2jdca1d.108.1.1     -            145 d1m4ia_d.108.1.1.aln -            299   3.5e-19   65.0   0.1   1   1   2.2e-20     4e-19   64.8   0.1   144   289     5   144     2   145 0.95 -
d1y9ka1d.108.1.1     -            152 d1m4ia_d.108.1.1.aln -            299     5e-19   64.5   0.0   1   1   3.3e-20   5.9e-19   64.3   0.0   189   288    38   147    14   151 0.90 -
d2atra1d.108.1.1     -            137 d1m4ia_d.108.1.1.aln -            299     7e-19   64.0   0.0   1   1   4.1e-20   7.3e-19   64.0   0.0   142   283     7   136     1   137 0.95 -
d1cjwa_d.108.1.1     -            166 d1m4ia_d.108.1.1.aln -            299   9.2e-19   63.7   0.0   1   1   5.4e-20   9.7e-19   63.6   0.0   125   286     4   163     1   166 0.96 -
d1z4ra1d.108.1.1     -            162 d1m4ia_d.108.1.1.aln -            299   1.2e-18   63.2   0.0   1   1   7.7e-20   1.4e-18   63.1   0.0   141   296     8   160     2   162 0.95 -
d1bo4a_d.108.1.1     -            137 d1m4ia_d.108.1.1.aln -            299   9.2e-17   57.1   0.0   1   1   6.1e-18   1.1e-16   56.8   0.0   128   266     3   137     2   137 0.93 -
d1yx0a1d.108.1.1     -            151 d1m4ia_d.108.1.1.aln -            299   1.7e-16   56.2   0.0   1   1   9.7e-18   1.7e-16   56.2   0.0   136   288     5   150     1   151 0.93 -
d1n71a_d.108.1.1     -            180 d1m4ia_d.108.1.1.aln -            299   1.8e-16   56.2   0.0   1   1   1.1e-17     2e-16   56.0   0.0   125   289     3   174     1   179 0.96 -
d2fiwa1d.108.1.1     -            156 d1m4ia_d.108.1.1.aln -            299   3.3e-15   52.0   0.0   1   1   2.1e-16   3.7e-15   51.8   0.0   157   290    25   155     9   156 0.90 -
d1p0ha_d.108.1.1     -            308 d1m4ia_d.108.1.1.aln -            299   3.5e-15   51.9   0.0   1   2     3e-13   5.4e-12   41.4   0.0   121   297     2   198     1   200 0.96 -
d1p0ha_d.108.1.1     -            308 d1m4ia_d.108.1.1.aln -            299   3.5e-15   51.9   0.0   2   2     0.019      0.34    6.0   0.0   205   268   225   298   213   306 0.55 -
d1y7ra1d.108.1.1     -            133 d1m4ia_d.108.1.1.aln -            299   4.3e-15   51.6   0.0   1   1   2.5e-16   4.5e-15   51.6   0.0   141   279     3   131     1   133 0.94 -
d1q2ya_d.108.1.1     -            140 d1m4ia_d.108.1.1.aln -            299   7.2e-15   50.9   0.1   1   1   4.2e-16   7.6e-15   50.8   0.1   137   286     2   138     1   140 0.94 -
d2g3aa1d.108.1.1     -            137 d1m4ia_d.108.1.1.aln -            299   2.5e-14   49.1   0.0   1   1   1.6e-15   2.8e-14   48.9   0.0   149   289    11   137     1   137 0.80 -
d1yk3a1d.108.1.1     -            198 d1m4ia_d.108.1.1.aln -            299   6.8e-13   44.4   0.0   1   1   4.6e-14   8.2e-13   44.1   0.0   122   297     2   197     1   198 0.96 -
d1xeba_d.108.1.1     -            149 d1m4ia_d.108.1.1.aln -            299   8.8e-13   44.0   0.0   1   1   5.5e-14   9.8e-13   43.9   0.0   134   280     4   142     1   148 0.93 -
d2aj6a1d.108.1.1     -            118 d1m4ia_d.108.1.1.aln -            299   1.8e-12   43.0   0.2   1   1     1e-13   1.9e-12   42.9   0.2   132   248     2   116     1   118 0.96 -
d2fsra1d.108.1.1     -            164 d1m4ia_d.108.1.1.aln -            299   1.1e-09   33.8   0.0   1   1   6.6e-11   1.2e-09   33.7   0.0   130   268     6   145     1   162 0.89 -
d1r57a_d.108.1.1     -            102 d1m4ia_d.108.1.1.aln -            299   8.3e-09   31.0   0.1   1   1   4.9e-10   8.8e-09   30.9   0.1   184   255    13    80     2   101 0.75 -
d1xmta_d.108.1.1     -             95 d1m4ia_d.108.1.1.aln -            299   6.9e-08   28.0   0.0   1   1   4.2e-09   7.6e-08   27.8   0.0   183   254     5    76     2    90 0.89 -
d2d4pa1d.108.1.1     -            130 d1m4ia_d.108.1.1.aln -            299    0.0009   14.4   0.0   1   1   5.5e-05   0.00098   14.3   0.0   183   268    31   116     2   129 0.81 -
d1m4ia_d.108.1.1     -            181 d1m4ia_d.108.1.1.aln -            299    0.0042   12.2   0.0   1   1   0.00024    0.0043   12.2   0.0   194   266    62   130     2   156 0.72 -
#
# Program:         hmmsearch
# Version:         3.3.2 (Nov 2020)
# Pipeline mode:   SEARCH
# Query file:      /home/elise/Documents/M1-BIM/S2/TMEs/SBAS/tme08/models/scop30/d1m4ia_d.108.1.1.aln.hmm
# Target file:     /home/elise/Documents/M1-BIM/S2/TMEs/SBAS/tme08/scop/scop/scopTestSeq.fasta
# Option settings: hmmsearch --domtblout /home/elise/Documents/M1-BIM/S2/TMEs/SBAS/tme08/searchResults/scop30/d1m4ia_d.108.1.1.aln.out -E 1 /home/elise/Documents/M1-BIM/S2/TMEs/SBAS/tme08/models/scop30/d1m4ia_d.108.1.1.aln.hmm /home/elise/Documents/M1-BIM/S2/TMEs/SBAS/tme08/scop/scop/scopTestSeq.fasta 
# Current dir:     /home/elise/Documents/M1-BIM/S2/TMEs/SBAS/tme08
# Date:            Thu Apr 10 10:02:21 2025
# [ok]
