#                                                                            --- full sequence --- -------------- this domain -------------   hmm coord   ali coord   env coord
# target name        accession   tlen query name           accession   qlen   E-value  score  bias   #  of  c-Evalue  i-Evalue  score  bias  from    to  from    to  from    to  acc description of target
#------------------- ---------- ----- -------------------- ---------- ----- --------- ------ ----- --- --- --------- --------- ------ ----- ----- ----- ----- ----- ----- ----- ---- ---------------------
d1gdea_c.67.1.1      -            388 d1m6sa_c.67.1.1.aln  -            380  1.7e-143  473.8   0.0   1   1  3.3e-145  1.9e-143  473.6   0.0     1   379     2   387     2   388 1.00 -
d3fvsa_c.67.1.1      -            419 d1m6sa_c.67.1.1.aln  -            380  6.1e-143  471.9   0.0   1   1  1.2e-144  6.8e-143  471.8   0.0     1   380     2   406     2   406 0.99 -
d2gb3a1c.67.1.1      -            389 d1m6sa_c.67.1.1.aln  -            380  1.3e-134  444.6   0.0   1   1  2.5e-136  1.4e-134  444.4   0.0     1   379     1   375     1   376 0.99 -
d1bw0a_c.67.1.1      -            412 d1m6sa_c.67.1.1.aln  -            380  1.4e-132  437.8   0.0   1   1  2.8e-134  1.6e-132  437.7   0.0     1   380     3   404     3   404 0.99 -
d2hoxa_c.67.1.1      -            425 d1m6sa_c.67.1.1.aln  -            380  1.6e-126  417.9   0.0   1   1  3.2e-128  1.8e-126  417.7   0.0     1   380     2   419     2   419 1.00 -
d1lc5a_c.67.1.1      -            355 d1m6sa_c.67.1.1.aln  -            380  2.4e-118  391.0   0.0   1   1  4.7e-120  2.7e-118  390.8   0.0     5   377     2   355     1   355 0.99 -
d1fg7a_c.67.1.1      -            354 d1m6sa_c.67.1.1.aln  -            380  3.2e-112  370.8   0.0   1   1  6.3e-114  3.5e-112  370.7   0.0     2   377     1   354     1   354 0.99 -
d1svva_c.67.1.1      -            340 d1m6sa_c.67.1.1.aln  -            380  1.1e-106  352.5   0.0   1   1  2.3e-108  1.3e-106  352.4   0.0    12   377     1   340     1   340 0.99 -
d1v72a1c.67.1.1      -            345 d1m6sa_c.67.1.1.aln  -            380  8.1e-106  349.7   0.0   1   1  1.6e-107    9e-106  349.6   0.0    10   377     2   344     1   345 0.99 -
d3ftba_c.67.1.0      -            334 d1m6sa_c.67.1.1.aln  -            380   3.8e-31  104.0   0.0   1   1     8e-33   4.5e-31  103.7   0.0    88   366    54   320     5   331 0.87 -
d3piua_c.67.1.4      -            416 d1m6sa_c.67.1.1.aln  -            380     4e-30  100.6   0.0   1   1   8.6e-32   4.9e-30  100.3   0.0    60   318    68   342    46   384 0.87 -
d1m6sa_c.67.1.1      -            343 d1m6sa_c.67.1.1.aln  -            380   2.6e-06   22.2   0.0   1   1   5.6e-08   3.2e-06   21.9   0.0    95   233    59   201    37   317 0.71 -
d2c81a_c.67.1.0      -            409 d1m6sa_c.67.1.1.aln  -            380   1.8e-05   19.4   0.0   1   2     8e-07   4.5e-05   18.1   0.0    49   199    13   158     5   171 0.88 -
d2c81a_c.67.1.0      -            409 d1m6sa_c.67.1.1.aln  -            380   1.8e-05   19.4   0.0   2   2       1.6        92   -2.6   0.0   315   328   237   250   228   271 0.73 -
d2fnua_c.67.1.4      -            373 d1m6sa_c.67.1.1.aln  -            380   5.2e-05   17.9   0.0   1   1   1.5e-06   8.3e-05   17.3   0.0    85   197    47   154    16   159 0.85 -
#
# Program:         hmmsearch
# Version:         3.3.2 (Nov 2020)
# Pipeline mode:   SEARCH
# Query file:      /home/elise/Documents/M1-BIM/S2/TMEs/SBAS/tme08/models/scop30/d1m6sa_c.67.1.1.aln.hmm
# Target file:     /home/elise/Documents/M1-BIM/S2/TMEs/SBAS/tme08/scop/scop/scopTestSeq.fasta
# Option settings: hmmsearch --domtblout /home/elise/Documents/M1-BIM/S2/TMEs/SBAS/tme08/searchResults/scop30/d1m6sa_c.67.1.1.aln.out -E 1 /home/elise/Documents/M1-BIM/S2/TMEs/SBAS/tme08/models/scop30/d1m6sa_c.67.1.1.aln.hmm /home/elise/Documents/M1-BIM/S2/TMEs/SBAS/tme08/scop/scop/scopTestSeq.fasta 
# Current dir:     /home/elise/Documents/M1-BIM/S2/TMEs/SBAS/tme08
# Date:            Thu Apr 10 10:02:22 2025
# [ok]
