#                                                                            --- full sequence --- -------------- this domain -------------   hmm coord   ali coord   env coord
# target name        accession   tlen query name           accession   qlen   E-value  score  bias   #  of  c-Evalue  i-Evalue  score  bias  from    to  from    to  from    to  acc description of target
#------------------- ---------- ----- -------------------- ---------- ----- --------- ------ ----- --- --- --------- --------- ------ ----- ----- ----- ----- ----- ----- ----- ---- ---------------------
d1mo9a1c.3.1.5       -            262 d1m6ia1c.3.1.5.aln   -            248   2.9e-79  261.0   0.0   1   1   9.1e-81   3.2e-79  260.9   0.0     4   248     2   262     1   262 0.99 -
d2gv8a1c.3.1.5       -            336 d1m6ia1c.3.1.5.aln   -            248   1.1e-73  242.8   0.0   1   1   3.5e-75   1.2e-73  242.6   0.0     2   248    19   336    18   336 0.99 -
d1w4xa1c.3.1.5       -            299 d1m6ia1c.3.1.5.aln   -            248   1.1e-68  226.4   0.0   1   1   3.5e-70   1.3e-68  226.2   0.0     2   246    10   299     9   299 0.99 -
d1w4xa2c.3.1.5       -            235 d1m6ia1c.3.1.5.aln   -            248   1.1e-61  203.4   0.0   1   1   3.5e-63   1.2e-61  203.3   0.0     3   236     1   235     1   235 0.99 -
d1v59a1c.3.1.5       -            234 d1m6ia1c.3.1.5.aln   -            248   4.7e-60  198.1   1.3   1   1   1.5e-61   5.2e-60  198.0   1.3     1   248     3   234     3   234 0.99 -
d1xdia1c.3.1.5       -            234 d1m6ia1c.3.1.5.aln   -            248   4.9e-53  175.1   0.0   1   1   1.5e-54   5.5e-53  175.0   0.0     3   247     1   232     1   233 0.99 -
d1nhpa1c.3.1.5       -            199 d1m6ia1c.3.1.5.aln   -            248   7.3e-35  115.6   0.1   1   1   2.4e-36   8.5e-35  115.4   0.1     1   213     1   199     1   199 0.99 -
d1fl2a1c.3.1.5       -            185 d1m6ia1c.3.1.5.aln   -            248     6e-34  112.6   0.7   1   1   1.9e-35   6.8e-34  112.4   0.7     3   203     1   185     1   185 0.99 -
d1vdca2c.3.1.5       -            130 d1m6ia1c.3.1.5.aln   -            248   2.5e-29   97.5   0.0   1   1   7.3e-31   2.6e-29   97.4   0.0    11   139     8   129     1   130 0.94 -
d1fcda2c.3.1.5       -            141 d1m6ia1c.3.1.5.aln   -            248   1.4e-28   95.1   0.0   1   1   4.1e-30   1.5e-28   95.0   0.0     4   140     2   140     1   141 0.98 -
d1m6ia2c.3.1.5       -            137 d1m6ia1c.3.1.5.aln   -            248   2.6e-27   90.9   0.0   1   1     8e-29   2.9e-27   90.7   0.0     4   141     2   136     1   137 0.98 -
d1nhpa2c.3.1.5       -            123 d1m6ia1c.3.1.5.aln   -            248   1.1e-26   88.8   1.1   1   1   3.5e-28   1.2e-26   88.6   1.1     9   140     1   123     1   123 0.98 -
d1fl2a2c.3.1.5       -            126 d1m6ia1c.3.1.5.aln   -            248   1.4e-25   85.2   0.1   1   1   4.2e-27   1.5e-25   85.1   0.1     4   141     1   125     1   126 0.99 -
d1v59a2c.3.1.5       -            122 d1m6ia1c.3.1.5.aln   -            248   1.5e-24   81.8   0.7   1   1   4.5e-26   1.6e-24   81.7   0.7    14   139     5   122     1   122 0.96 -
d1aoga2c.3.1.5       -            117 d1m6ia1c.3.1.5.aln   -            248     5e-24   80.1   0.0   1   1   1.5e-25   5.5e-24   80.0   0.0     9   139     1   116     1   117 0.96 -
d1xhca2c.3.1.5       -            122 d1m6ia1c.3.1.5.aln   -            248   8.4e-24   79.4   0.1   1   1   2.5e-25   9.1e-24   79.3   0.1     4   136     2   121     1   122 0.97 -
d1h6va2c.3.1.5       -            122 d1m6ia1c.3.1.5.aln   -            248     3e-23   77.6   0.0   1   1     9e-25   3.2e-23   77.5   0.0    26   141     5   122     1   122 0.98 -
d1onfa2c.3.1.5       -            117 d1m6ia1c.3.1.5.aln   -            248     1e-21   72.6   0.7   1   1   3.1e-23   1.1e-21   72.5   0.7     7   140     2   117     1   117 0.96 -
d1mo9a2c.3.1.5       -            121 d1m6ia1c.3.1.5.aln   -            248   1.7e-21   71.8   0.1   1   1   5.2e-23   1.9e-21   71.7   0.1     7   141     2   121     1   121 0.97 -
d2gv8a2c.3.1.5       -            107 d1m6ia1c.3.1.5.aln   -            248   3.4e-13   44.6   0.0   1   1     1e-14   3.8e-13   44.5   0.0    28   139     1   107     1   107 0.98 -
d2iida1c.3.1.2       -            371 d1m6ia1c.3.1.5.aln   -            248    0.0025   12.3   0.0   1   1   0.00014     0.005   11.3   0.0    34    80    23    68    18    76 0.88 -
d2dw4a2c.3.1.2       -            450 d1m6ia1c.3.1.5.aln   -            248     0.004   11.6   1.3   1   3   0.00036     0.013   10.0   0.0    42    96     6    59     2    92 0.79 -
d2dw4a2c.3.1.2       -            450 d1m6ia1c.3.1.5.aln   -            248     0.004   11.6   1.3   2   3       1.5        54   -1.9   0.1    65    90   148   174   136   208 0.69 -
d2dw4a2c.3.1.2       -            450 d1m6ia1c.3.1.5.aln   -            248     0.004   11.6   1.3   3   3         1        37   -1.3   0.0    40    62   424   446   403   448 0.85 -
#
# Program:         hmmsearch
# Version:         3.3.2 (Nov 2020)
# Pipeline mode:   SEARCH
# Query file:      /home/elise/Documents/M1-BIM/S2/TMEs/SBAS/tme08/models/scop30/d1m6ia1c.3.1.5.aln.hmm
# Target file:     /home/elise/Documents/M1-BIM/S2/TMEs/SBAS/tme08/scop/scop/scopTestSeq.fasta
# Option settings: hmmsearch --domtblout /home/elise/Documents/M1-BIM/S2/TMEs/SBAS/tme08/searchResults/scop30/d1m6ia1c.3.1.5.aln.out -E 1 /home/elise/Documents/M1-BIM/S2/TMEs/SBAS/tme08/models/scop30/d1m6ia1c.3.1.5.aln.hmm /home/elise/Documents/M1-BIM/S2/TMEs/SBAS/tme08/scop/scop/scopTestSeq.fasta 
# Current dir:     /home/elise/Documents/M1-BIM/S2/TMEs/SBAS/tme08
# Date:            Thu Apr 10 10:02:21 2025
# [ok]
