#                                                                            --- full sequence --- -------------- this domain -------------   hmm coord   ali coord   env coord
# target name        accession   tlen query name           accession   qlen   E-value  score  bias   #  of  c-Evalue  i-Evalue  score  bias  from    to  from    to  from    to  acc description of target
#------------------- ---------- ----- -------------------- ---------- ----- --------- ------ ----- --- --- --------- --------- ------ ----- ----- ----- ----- ----- ----- ----- ---- ---------------------
d1v59a1c.3.1.5       -            234 d1m6ia2c.3.1.5.aln   -            225   1.2e-62  206.7   1.4   1   1   3.6e-64   1.3e-62  206.6   1.4     1   225     3   234     3   234 1.00 -
d1w4xa1c.3.1.5       -            299 d1m6ia2c.3.1.5.aln   -            225   4.8e-62  204.7   0.0   1   1   1.5e-63   5.5e-62  204.6   0.0     2   225     8   274     7   274 0.99 -
d1mo9a1c.3.1.5       -            262 d1m6ia2c.3.1.5.aln   -            225   1.2e-60  200.2   0.0   1   1   3.6e-62   1.4e-60  200.0   0.0     1   225     4   262     4   262 1.00 -
d2gv8a1c.3.1.5       -            336 d1m6ia2c.3.1.5.aln   -            225   1.7e-60  199.7   0.0   1   1   6.4e-62   2.4e-60  199.2   0.0     2   225    42   307    41   307 0.99 -
d1xdia1c.3.1.5       -            234 d1m6ia2c.3.1.5.aln   -            225   9.5e-58  190.7   0.0   1   1   2.8e-59   1.1e-57  190.6   0.0     4   225     2   233     1   233 0.99 -
d1m6ia1c.3.1.5       -            214 d1m6ia2c.3.1.5.aln   -            225   4.9e-52  172.0   0.0   1   1   1.4e-53   5.4e-52  171.9   0.0     2   209     2   214     1   214 0.99 -
d1nhpa1c.3.1.5       -            199 d1m6ia2c.3.1.5.aln   -            225   3.6e-49  162.7   0.1   1   1   1.1e-50     4e-49  162.5   0.1     4   204     1   199     1   199 0.99 -
d1fl2a1c.3.1.5       -            185 d1m6ia2c.3.1.5.aln   -            225   1.8e-40  134.2   0.7   1   1   5.3e-42     2e-40  134.0   0.7     4   178     2   185     1   185 0.99 -
d1w4xa2c.3.1.5       -            235 d1m6ia2c.3.1.5.aln   -            225   1.1e-39  131.6   0.0   1   1   3.2e-41   1.2e-39  131.5   0.0     4   206     1   235     1   235 0.99 -
d1vdca2c.3.1.5       -            130 d1m6ia2c.3.1.5.aln   -            225   9.4e-33  108.9   0.0   1   1   2.7e-34     1e-32  108.8   0.0     7   144     3   130     1   130 0.98 -
d1fcda2c.3.1.5       -            141 d1m6ia2c.3.1.5.aln   -            225     4e-30  100.3   0.0   1   1   1.2e-31   4.4e-30  100.2   0.0     9   146     2   140     1   141 0.98 -
d1fl2a2c.3.1.5       -            126 d1m6ia2c.3.1.5.aln   -            225   8.7e-29   96.0   0.1   1   1   2.5e-30   9.5e-29   95.8   0.1     5   146     1   126     1   126 0.97 -
d1aoga2c.3.1.5       -            117 d1m6ia2c.3.1.5.aln   -            225   1.1e-28   95.6   0.0   1   1   3.3e-30   1.2e-28   95.5   0.0    20   144     1   117     1   117 0.98 -
d1h6va2c.3.1.5       -            122 d1m6ia2c.3.1.5.aln   -            225   3.2e-28   94.1   0.0   1   1   9.1e-30   3.4e-28   94.0   0.0    22   145     3   122     1   122 0.98 -
d1nhpa2c.3.1.5       -            123 d1m6ia2c.3.1.5.aln   -            225   5.4e-28   93.4   1.3   1   1   1.6e-29   5.9e-28   93.3   1.3    10   143     2   122     1   123 0.98 -
d1xhca2c.3.1.5       -            122 d1m6ia2c.3.1.5.aln   -            225   1.5e-25   85.4   0.1   1   1   4.3e-27   1.6e-25   85.3   0.1    10   144     3   121     1   122 0.97 -
d1onfa2c.3.1.5       -            117 d1m6ia2c.3.1.5.aln   -            225   7.8e-25   83.0   0.3   1   1   2.3e-26   8.5e-25   82.9   0.3    17   143     1   116     1   117 0.98 -
d1mo9a2c.3.1.5       -            121 d1m6ia2c.3.1.5.aln   -            225   1.8e-23   78.6   0.3   1   1   5.1e-25   1.9e-23   78.5   0.3    19   145     3   121     1   121 0.98 -
d1v59a2c.3.1.5       -            122 d1m6ia2c.3.1.5.aln   -            225   6.4e-21   70.3   0.4   1   1   1.8e-22   6.9e-21   70.1   0.4    19   143     3   122     1   122 0.97 -
d2gv8a2c.3.1.5       -            107 d1m6ia2c.3.1.5.aln   -            225     2e-17   58.8   0.0   1   1     6e-19   2.2e-17   58.6   0.0     7   112     1    95     1   105 0.94 -
d1m6ia2c.3.1.5       -            137 d1m6ia2c.3.1.5.aln   -            225    0.0034   12.3   0.0   1   1    0.0001    0.0038   12.1   0.0    38   112    37   105    21   137 0.77 -
#
# Program:         hmmsearch
# Version:         3.3.2 (Nov 2020)
# Pipeline mode:   SEARCH
# Query file:      /home/elise/Documents/M1-BIM/S2/TMEs/SBAS/tme08/models/scop30/d1m6ia2c.3.1.5.aln.hmm
# Target file:     /home/elise/Documents/M1-BIM/S2/TMEs/SBAS/tme08/scop/scop/scopTestSeq.fasta
# Option settings: hmmsearch --domtblout /home/elise/Documents/M1-BIM/S2/TMEs/SBAS/tme08/searchResults/scop30/d1m6ia2c.3.1.5.aln.out -E 1 /home/elise/Documents/M1-BIM/S2/TMEs/SBAS/tme08/models/scop30/d1m6ia2c.3.1.5.aln.hmm /home/elise/Documents/M1-BIM/S2/TMEs/SBAS/tme08/scop/scop/scopTestSeq.fasta 
# Current dir:     /home/elise/Documents/M1-BIM/S2/TMEs/SBAS/tme08
# Date:            Thu Apr 10 10:02:21 2025
# [ok]
