#                                                                            --- full sequence --- -------------- this domain -------------   hmm coord   ali coord   env coord
# target name        accession   tlen query name           accession   qlen   E-value  score  bias   #  of  c-Evalue  i-Evalue  score  bias  from    to  from    to  from    to  acc description of target
#------------------- ---------- ----- -------------------- ---------- ----- --------- ------ ----- --- --- --------- --------- ------ ----- ----- ----- ----- ----- ----- ----- ---- ---------------------
d1ji1a2b.71.1.1      -             83 d1m7xa2b.71.1.1.aln  -             82     1e-20   69.2   3.0   1   1     3e-22   1.1e-20   69.1   3.0     2    81     2    83     1    83 0.98 -
d1uasa1b.71.1.1      -             89 d1m7xa2b.71.1.1.aln  -             82   2.2e-19   64.9   0.9   1   1   6.7e-21   2.4e-19   64.8   0.9     4    81     6    88     4    89 0.96 -
d1j0ha2b.71.1.1      -             83 d1m7xa2b.71.1.1.aln  -             82     3e-19   64.5   0.0   1   1     9e-21   3.2e-19   64.4   0.0     3    82     4    83     2    83 0.97 -
d1h3ga2b.71.1.1      -             83 d1m7xa2b.71.1.1.aln  -             82   1.4e-18   62.3   0.0   1   1   4.2e-20   1.5e-18   62.2   0.0     4    81     2    79     1    80 0.97 -
d1ea9c2b.71.1.1      -             80 d1m7xa2b.71.1.1.aln  -             82   2.2e-18   61.7   0.0   1   1   6.6e-20   2.4e-18   61.6   0.0     1    79     1    77     1    80 0.92 -
d2guya1b.71.1.1      -             95 d1m7xa2b.71.1.1.aln  -             82   9.3e-18   59.7   0.4   1   1   2.8e-19     1e-17   59.6   0.4     2    81     2    84     1    85 0.98 -
d1bf2a2b.71.1.1      -            113 d1m7xa2b.71.1.1.aln  -             82   1.2e-17   59.4   4.8   1   1     4e-19   1.4e-17   59.1   4.8     2    81     6    96     5    97 0.97 -
d3bmva3b.71.1.1      -             89 d1m7xa2b.71.1.1.aln  -             82   2.3e-17   58.4   3.0   1   1     7e-19   2.5e-17   58.3   3.0     2    81     1    86     1    87 0.97 -
d1g5aa1b.71.1.1      -             74 d1m7xa2b.71.1.1.aln  -             82   3.4e-17   57.9   0.0   1   1     1e-18   3.6e-17   57.8   0.0     8    81     4    73     1    74 0.96 -
d1e43a1b.71.1.1      -             90 d1m7xa2b.71.1.1.aln  -             82   7.3e-17   56.8   1.0   1   1   2.2e-18   7.9e-17   56.7   1.0     2    81     3    89     2    90 0.97 -
d1wzaa1b.71.1.1      -             79 d1m7xa2b.71.1.1.aln  -             82     9e-17   56.5   0.0   1   1   2.7e-18   9.8e-17   56.4   0.0     2    81     1    78     1    79 0.97 -
d1ua7a1b.71.1.1      -             78 d1m7xa2b.71.1.1.aln  -             82   1.6e-16   55.8   0.2   1   1   4.6e-18   1.7e-16   55.7   0.2     5    82     4    78     1    78 0.97 -
d2fhfa4b.71.1.1      -            118 d1m7xa2b.71.1.1.aln  -             82   9.6e-16   53.3   0.1   1   1   3.3e-17   1.2e-15   53.0   0.1     2    82    21   106    20   106 0.97 -
d1mxga1b.71.1.1      -             74 d1m7xa2b.71.1.1.aln  -             82   1.8e-15   52.4   0.9   1   1   5.4e-17     2e-15   52.3   0.9     2    77     2    73     1    74 0.97 -
d1szna1b.71.1.1      -            103 d1m7xa2b.71.1.1.aln  -             82   7.1e-14   47.3   0.3   1   1   2.3e-15   8.3e-14   47.0   0.3     2    81    15    98    14    99 0.97 -
d1r7aa1b.71.1.1      -             70 d1m7xa2b.71.1.1.aln  -             82   1.4e-12   43.1   0.1   1   1   4.2e-14   1.5e-12   43.0   0.1     3    77     6    70     4    70 0.96 -
d2bhua2b.71.1.1      -             72 d1m7xa2b.71.1.1.aln  -             82     3e-12   42.1   0.1   1   1   9.1e-14   3.3e-12   42.0   0.1     2    79     2    71     1    72 0.95 -
d1gjwa1b.71.1.1      -             64 d1m7xa2b.71.1.1.aln  -             82   4.1e-10   35.3   0.0   1   1   1.2e-11   4.1e-10   35.2   0.0     7    71     5    63     1    64 0.91 -
d1gcya1b.71.1.1      -             61 d1m7xa2b.71.1.1.aln  -             82   9.1e-09   30.9   0.5   1   1   3.6e-10   1.3e-08   30.4   0.5     2    80     2    60     1    61 0.95 -
d1lwha1b.71.1.1      -             50 d1m7xa2b.71.1.1.aln  -             82     3e-07   26.1   0.0   1   1   8.5e-09     3e-07   26.1   0.0     3    63     2    43     1    50 0.85 -
d1ht6a1b.71.1.1      -             57 d1m7xa2b.71.1.1.aln  -             82   5.9e-07   25.1   0.1   1   1     2e-08   7.2e-07   24.9   0.1     2    73     3    56     2    56 0.95 -
d1kwga1b.71.1.1      -             54 d1m7xa2b.71.1.1.aln  -             82    0.0002   17.1   0.0   1   1   8.4e-06    0.0003   16.5   0.0     4    72     3    52     1    53 0.86 -
#
# Program:         hmmsearch
# Version:         3.3.2 (Nov 2020)
# Pipeline mode:   SEARCH
# Query file:      /home/elise/Documents/M1-BIM/S2/TMEs/SBAS/tme08/models/scop30/d1m7xa2b.71.1.1.aln.hmm
# Target file:     /home/elise/Documents/M1-BIM/S2/TMEs/SBAS/tme08/scop/scop/scopTestSeq.fasta
# Option settings: hmmsearch --domtblout /home/elise/Documents/M1-BIM/S2/TMEs/SBAS/tme08/searchResults/scop30/d1m7xa2b.71.1.1.aln.out -E 1 /home/elise/Documents/M1-BIM/S2/TMEs/SBAS/tme08/models/scop30/d1m7xa2b.71.1.1.aln.hmm /home/elise/Documents/M1-BIM/S2/TMEs/SBAS/tme08/scop/scop/scopTestSeq.fasta 
# Current dir:     /home/elise/Documents/M1-BIM/S2/TMEs/SBAS/tme08
# Date:            Thu Apr 10 10:02:22 2025
# [ok]
