#                                                                            --- full sequence --- -------------- this domain -------------   hmm coord   ali coord   env coord
# target name        accession   tlen query name           accession   qlen   E-value  score  bias   #  of  c-Evalue  i-Evalue  score  bias  from    to  from    to  from    to  acc description of target
#------------------- ---------- ----- -------------------- ---------- ----- --------- ------ ----- --- --- --------- --------- ------ ----- ----- ----- ----- ----- ----- ----- ---- ---------------------
d2p0wa_d.108.1.1     -            319 d1mk4a_d.108.1.1.aln -            303  5.7e-124  409.0   2.1   1   1  3.6e-125  6.4e-124  408.8   2.1     1   299     4   319     4   319 1.00 -
d1boba_d.108.1.1     -            315 d1mk4a_d.108.1.1.aln -            303  4.6e-118  389.6   3.9   1   1  2.8e-119  5.1e-118  389.4   3.9     1   299     1   315     1   315 1.00 -
d2pq8a_d.108.1.1     -            271 d1mk4a_d.108.1.1.aln -            303   4.5e-73  241.8   0.1   1   1   2.8e-74   5.1e-73  241.7   0.1    76   303     1   248     1   248 1.00 -
d1u6ma_d.108.1.1     -            189 d1mk4a_d.108.1.1.aln -            303   8.5e-38  126.0   0.0   1   1   5.2e-39   9.3e-38  125.9   0.0   101   286     2   187     1   189 0.99 -
d2gana1d.108.1.1     -            182 d1mk4a_d.108.1.1.aln -            303   5.4e-33  110.2   0.2   1   1   3.3e-34   5.9e-33  110.1   0.2   105   286     1   181     1   182 0.96 -
d1tiqa_d.108.1.1     -            173 d1mk4a_d.108.1.1.aln -            303     1e-29   99.4   1.4   1   1   6.3e-31   1.1e-29   99.3   1.4   123   293     2   172     1   173 0.98 -
d1z4ea1d.108.1.1     -            150 d1mk4a_d.108.1.1.aln -            303   7.1e-25   83.6   0.1   1   1   4.6e-26   8.2e-25   83.4   0.1   125   273     1   145     1   149 0.97 -
d1y9ka1d.108.1.1     -            152 d1mk4a_d.108.1.1.aln -            303   2.6e-24   81.7   0.0   1   1   1.5e-25   2.7e-24   81.7   0.0   149   301     7   150     1   152 0.92 -
d1i12a_d.108.1.1     -            157 d1mk4a_d.108.1.1.aln -            303   6.6e-24   80.4   0.0   1   1   4.1e-25   7.4e-24   80.2   0.0   124   277     6   156     2   157 0.97 -
d1vkca_d.108.1.1     -            149 d1mk4a_d.108.1.1.aln -            303   2.7e-23   78.3   0.6   1   1   1.9e-24   3.3e-23   78.1   0.6   133   274     8   145     3   148 0.96 -
d1ghea_d.108.1.1     -            170 d1mk4a_d.108.1.1.aln -            303   4.5e-23   77.6   0.0   1   1   2.6e-24   4.6e-23   77.6   0.0   130   290     7   166     1   170 0.94 -
d1wwza1d.108.1.1     -            157 d1mk4a_d.108.1.1.aln -            303   6.5e-23   77.1   0.1   1   1   4.3e-24   7.7e-23   76.9   0.1   126   278     2   152     1   156 0.95 -
d1ufha_d.108.1.1     -            155 d1mk4a_d.108.1.1.aln -            303   1.1e-22   76.3   0.4   1   1   7.4e-24   1.3e-22   76.1   0.4   131   276     8   153     2   155 0.95 -
d2ae6a1d.108.1.1     -            161 d1mk4a_d.108.1.1.aln -            303   1.6e-22   75.8   0.1   1   1   9.3e-24   1.7e-22   75.8   0.1   131   291     4   159     1   161 0.95 -
d2euia1d.108.1.1     -            153 d1mk4a_d.108.1.1.aln -            303   1.9e-22   75.6   0.1   1   1   1.1e-23     2e-22   75.5   0.1   138   279     8   147     1   152 0.89 -
d2b5ga_d.108.1.1     -            168 d1mk4a_d.108.1.1.aln -            303     2e-22   75.5   0.0   1   1   1.1e-23   2.1e-22   75.5   0.0   128   289     5   166     1   168 0.95 -
d1y9wa1d.108.1.1     -            140 d1mk4a_d.108.1.1.aln -            303     2e-22   75.5   0.6   1   1   1.2e-23   2.2e-22   75.4   0.6   139   288     1   139     1   140 0.97 -
d1qsma_d.108.1.1     -            150 d1mk4a_d.108.1.1.aln -            303   1.9e-21   72.3   0.0   1   1   1.1e-22     2e-21   72.2   0.0   135   277     6   148     1   150 0.95 -
d2fcka1d.108.1.1     -            178 d1mk4a_d.108.1.1.aln -            303   2.4e-21   72.0   0.0   1   1   1.5e-22   2.6e-21   71.8   0.0   119   284     3   169     1   177 0.94 -
d1nsla_d.108.1.1     -            180 d1mk4a_d.108.1.1.aln -            303   7.1e-21   70.4   0.0   1   1   4.3e-22   7.6e-21   70.3   0.0   120   294     3   178     1   180 0.95 -
d2fl4a1d.108.1.1     -            146 d1mk4a_d.108.1.1.aln -            303   1.8e-20   69.1   0.5   1   1     1e-21   1.9e-20   69.0   0.5   135   283     4   143     1   146 0.90 -
d2atra1d.108.1.1     -            137 d1mk4a_d.108.1.1.aln -            303   2.1e-20   68.9   0.0   1   1   1.3e-21   2.2e-20   68.8   0.0   139   283     4   136     1   137 0.96 -
d1m4ia_d.108.1.1     -            181 d1mk4a_d.108.1.1.aln -            303   1.2e-19   66.4   0.0   1   1   7.2e-21   1.3e-19   66.3   0.0   132   299     1   179     1   181 0.95 -
d2cy2a1d.108.1.1     -            174 d1mk4a_d.108.1.1.aln -            303   2.4e-19   65.4   0.0   1   1   1.5e-20   2.7e-19   65.2   0.0   124   291     2   169     1   173 0.96 -
d1z4ra1d.108.1.1     -            162 d1mk4a_d.108.1.1.aln -            303   8.9e-19   63.5   0.0   1   1   5.3e-20   9.6e-19   63.4   0.0   128   296     3   160     1   162 0.97 -
d2fiaa1d.108.1.1     -            157 d1mk4a_d.108.1.1.aln -            303   1.1e-18   63.3   0.8   1   1   6.3e-20   1.1e-18   63.2   0.8   130   290     3   155     1   157 0.94 -
d1p0ha_d.108.1.1     -            308 d1mk4a_d.108.1.1.aln -            303   1.7e-18   62.6   0.0   1   2   2.5e-16   4.5e-15   51.4   0.0   121   302     2   203     1   204 0.97 -
d1p0ha_d.108.1.1     -            308 d1mk4a_d.108.1.1.aln -            303   1.7e-18   62.6   0.0   2   2    0.0079      0.14    7.0   0.0   205   272   225   302   213   307 0.60 -
d1cjwa_d.108.1.1     -            166 d1mk4a_d.108.1.1.aln -            303   5.5e-18   60.9   0.0   1   1   3.2e-19   5.8e-18   60.9   0.0   126   286     5   163     1   166 0.95 -
d1bo4a_d.108.1.1     -            137 d1mk4a_d.108.1.1.aln -            303   6.4e-18   60.7   0.0   1   1   3.9e-19     7e-18   60.6   0.0   128   266     3   137     1   137 0.98 -
d1yx0a1d.108.1.1     -            151 d1mk4a_d.108.1.1.aln -            303   1.6e-17   59.4   0.0   1   1   9.3e-19   1.7e-17   59.3   0.0   133   288     2   150     1   151 0.95 -
d2jdca1d.108.1.1     -            145 d1mk4a_d.108.1.1.aln -            303   1.1e-16   56.6   0.0   1   1   6.7e-18   1.2e-16   56.5   0.0   132   289     3   144     1   145 0.92 -
d1n71a_d.108.1.1     -            180 d1mk4a_d.108.1.1.aln -            303   6.1e-16   54.2   0.0   1   1   3.6e-17   6.4e-16   54.1   0.0   126   291     4   176     1   180 0.95 -
d2g3aa1d.108.1.1     -            137 d1mk4a_d.108.1.1.aln -            303   2.4e-15   52.3   0.0   1   1   1.5e-16   2.6e-15   52.1   0.0   142   289     4   137     1   137 0.86 -
d1y7ra1d.108.1.1     -            133 d1mk4a_d.108.1.1.aln -            303   2.6e-15   52.1   0.0   1   1   1.5e-16   2.8e-15   52.1   0.0   142   280     4   132     1   133 0.94 -
d1q2ya_d.108.1.1     -            140 d1mk4a_d.108.1.1.aln -            303   4.2e-15   51.5   0.1   1   1   2.4e-16   4.4e-15   51.4   0.1   140   286     5   138     1   140 0.92 -
d2fiwa1d.108.1.1     -            156 d1mk4a_d.108.1.1.aln -            303   5.8e-15   51.0   0.0   1   1   3.8e-16   6.8e-15   50.8   0.0   131   289     5   154     2   156 0.90 -
d2aj6a1d.108.1.1     -            118 d1mk4a_d.108.1.1.aln -            303   4.3e-14   48.1   0.2   1   1   2.6e-15   4.6e-14   48.1   0.2   126   248     2   116     1   118 0.97 -
d1xeba_d.108.1.1     -            149 d1mk4a_d.108.1.1.aln -            303   1.1e-13   46.8   0.1   1   1   6.6e-15   1.2e-13   46.7   0.1   131   280     3   142     1   148 0.94 -
d1yk3a1d.108.1.1     -            198 d1mk4a_d.108.1.1.aln -            303     2e-12   42.6   0.0   1   1   1.4e-13   2.5e-12   42.4   0.0   123   297     3   197     1   198 0.95 -
d1mk4a_d.108.1.1     -            157 d1mk4a_d.108.1.1.aln -            303     2e-10   36.1   0.0   1   1   1.3e-11   2.3e-10   35.9   0.0   182   270    49   128     8   142 0.82 -
d2fsra1d.108.1.1     -            164 d1mk4a_d.108.1.1.aln -            303     2e-09   32.8   0.0   1   1   1.2e-10   2.2e-09   32.7   0.0   136   268    12   145     1   162 0.88 -
d1r57a_d.108.1.1     -            102 d1mk4a_d.108.1.1.aln -            303   5.7e-09   31.3   0.1   1   1   3.4e-10     6e-09   31.2   0.1   184   255    13    80     2   101 0.77 -
d1xmta_d.108.1.1     -             95 d1mk4a_d.108.1.1.aln -            303   1.1e-07   27.1   0.0   1   1   6.8e-09   1.2e-07   27.0   0.0   183   255     5    77     2    93 0.89 -
d2d4pa1d.108.1.1     -            130 d1mk4a_d.108.1.1.aln -            303    0.0002   16.4   0.0   1   1   1.2e-05   0.00022   16.2   0.0   144   268     2   116     1   129 0.90 -
#
# Program:         hmmsearch
# Version:         3.3.2 (Nov 2020)
# Pipeline mode:   SEARCH
# Query file:      /home/elise/Documents/M1-BIM/S2/TMEs/SBAS/tme08/models/scop30/d1mk4a_d.108.1.1.aln.hmm
# Target file:     /home/elise/Documents/M1-BIM/S2/TMEs/SBAS/tme08/scop/scop/scopTestSeq.fasta
# Option settings: hmmsearch --domtblout /home/elise/Documents/M1-BIM/S2/TMEs/SBAS/tme08/searchResults/scop30/d1mk4a_d.108.1.1.aln.out -E 1 /home/elise/Documents/M1-BIM/S2/TMEs/SBAS/tme08/models/scop30/d1mk4a_d.108.1.1.aln.hmm /home/elise/Documents/M1-BIM/S2/TMEs/SBAS/tme08/scop/scop/scopTestSeq.fasta 
# Current dir:     /home/elise/Documents/M1-BIM/S2/TMEs/SBAS/tme08
# Date:            Thu Apr 10 10:02:22 2025
# [ok]
