#                                                                            --- full sequence --- -------------- this domain -------------   hmm coord   ali coord   env coord
# target name        accession   tlen query name           accession   qlen   E-value  score  bias   #  of  c-Evalue  i-Evalue  score  bias  from    to  from    to  from    to  acc description of target
#------------------- ---------- ----- -------------------- ---------- ----- --------- ------ ----- --- --- --------- --------- ------ ----- ----- ----- ----- ----- ----- ----- ---- ---------------------
d1mo9a1c.3.1.5       -            262 d1mo9a2c.3.1.5.aln   -            226   2.6e-65  215.3   0.0   1   1   7.4e-67   2.9e-65  215.1   0.0     1   226     1   262     1   262 0.99 -
d1v59a1c.3.1.5       -            234 d1mo9a2c.3.1.5.aln   -            226   6.5e-61  200.9   1.4   1   1   1.8e-62   7.2e-61  200.7   1.4     2   226     6   234     5   234 0.99 -
d1xdia1c.3.1.5       -            234 d1mo9a2c.3.1.5.aln   -            226     3e-58  192.2   0.0   1   1   8.4e-60   3.3e-58  192.0   0.0     2   225     2   232     1   233 0.99 -
d1w4xa1c.3.1.5       -            299 d1mo9a2c.3.1.5.aln   -            226   1.9e-55  183.1   0.0   1   1   5.3e-57   2.1e-55  182.9   0.0     3   226    13   291    11   291 0.99 -
d2gv8a1c.3.1.5       -            336 d1mo9a2c.3.1.5.aln   -            226   2.3e-55  182.8   0.0   1   1   6.9e-57   2.7e-55  182.5   0.0     2   226    21   327    20   327 0.99 -
d1w4xa2c.3.1.5       -            235 d1mo9a2c.3.1.5.aln   -            226   4.5e-51  168.7   0.0   1   1   1.3e-52     5e-51  168.6   0.0     2   217     2   235     1   235 0.99 -
d1m6ia1c.3.1.5       -            214 d1mo9a2c.3.1.5.aln   -            226   1.1e-49  164.2   0.0   1   1     3e-51   1.2e-49  164.1   0.0     1   205     4   214     4   214 1.00 -
d1nhpa1c.3.1.5       -            199 d1mo9a2c.3.1.5.aln   -            226   2.3e-49  163.1   0.1   1   1   6.5e-51   2.6e-49  163.0   0.1     2   205     1   199     1   199 0.99 -
d1fl2a1c.3.1.5       -            185 d1mo9a2c.3.1.5.aln   -            226   4.1e-36  119.8   0.8   1   1   1.1e-37   4.5e-36  119.6   0.8     1   189     1   184     1   185 0.99 -
d1fcda2c.3.1.5       -            141 d1mo9a2c.3.1.5.aln   -            226   5.2e-31  103.1   0.0   1   1   1.4e-32   5.6e-31  103.0   0.0     2   144     2   140     1   141 0.98 -
d1vdca2c.3.1.5       -            130 d1mo9a2c.3.1.5.aln   -            226   1.1e-27   92.2   0.0   1   1     3e-29   1.2e-27   92.1   0.0     7   142     6   130     1   130 0.94 -
d1h6va2c.3.1.5       -            122 d1mo9a2c.3.1.5.aln   -            226   3.5e-25   84.0   0.0   1   1     1e-26   4.1e-25   83.8   0.0    27   143     5   122     2   122 0.99 -
d1m6ia2c.3.1.5       -            137 d1mo9a2c.3.1.5.aln   -            226   4.5e-25   83.7   0.1   1   1   1.3e-26     5e-25   83.5   0.1     2   144     2   137     1   137 0.98 -
d1fl2a2c.3.1.5       -            126 d1mo9a2c.3.1.5.aln   -            226   1.9e-24   81.6   0.1   1   1   5.2e-26   2.1e-24   81.5   0.1     2   144     1   126     1   126 0.99 -
d1v59a2c.3.1.5       -            122 d1mo9a2c.3.1.5.aln   -            226     8e-24   79.6   0.8   1   1   2.2e-25   8.6e-24   79.5   0.8    26   141     7   122     1   122 0.97 -
d1nhpa2c.3.1.5       -            123 d1mo9a2c.3.1.5.aln   -            226     1e-23   79.2   1.1   1   1   2.9e-25   1.2e-23   79.1   1.1     7   142     1   123     1   123 0.99 -
d1xhca2c.3.1.5       -            122 d1mo9a2c.3.1.5.aln   -            226   2.7e-23   77.9   0.2   1   1   7.5e-25   2.9e-23   77.7   0.2     2   139     2   122     1   122 0.97 -
d1aoga2c.3.1.5       -            117 d1mo9a2c.3.1.5.aln   -            226   1.9e-22   75.1   0.0   1   1   5.1e-24     2e-22   75.0   0.0     7   142     1   117     1   117 0.97 -
d1onfa2c.3.1.5       -            117 d1mo9a2c.3.1.5.aln   -            226   2.8e-21   71.3   0.8   1   1   7.6e-23     3e-21   71.2   0.8     6   142     3   117     1   117 0.96 -
d2gv8a2c.3.1.5       -            107 d1mo9a2c.3.1.5.aln   -            226     1e-13   46.5   0.0   1   1   2.9e-15   1.1e-13   46.4   0.0    29   141     1   107     1   107 0.99 -
#
# Program:         hmmsearch
# Version:         3.3.2 (Nov 2020)
# Pipeline mode:   SEARCH
# Query file:      /home/elise/Documents/M1-BIM/S2/TMEs/SBAS/tme08/models/scop30/d1mo9a2c.3.1.5.aln.hmm
# Target file:     /home/elise/Documents/M1-BIM/S2/TMEs/SBAS/tme08/scop/scop/scopTestSeq.fasta
# Option settings: hmmsearch --domtblout /home/elise/Documents/M1-BIM/S2/TMEs/SBAS/tme08/searchResults/scop30/d1mo9a2c.3.1.5.aln.out -E 1 /home/elise/Documents/M1-BIM/S2/TMEs/SBAS/tme08/models/scop30/d1mo9a2c.3.1.5.aln.hmm /home/elise/Documents/M1-BIM/S2/TMEs/SBAS/tme08/scop/scop/scopTestSeq.fasta 
# Current dir:     /home/elise/Documents/M1-BIM/S2/TMEs/SBAS/tme08
# Date:            Thu Apr 10 10:02:22 2025
# [ok]
