#                                                                            --- full sequence --- -------------- this domain -------------   hmm coord   ali coord   env coord
# target name        accession   tlen query name           accession   qlen   E-value  score  bias   #  of  c-Evalue  i-Evalue  score  bias  from    to  from    to  from    to  acc description of target
#------------------- ---------- ----- -------------------- ---------- ----- --------- ------ ----- --- --- --------- --------- ------ ----- ----- ----- ----- ----- ----- ----- ---- ---------------------
d2gv8a1c.3.1.5       -            336 d1mo9a1c.3.1.5.aln   -            238   8.3e-78  256.2   0.0   1   2      0.76        25   -0.7   0.1     8    20     7    19     5    24 0.84 -
d2gv8a1c.3.1.5       -            336 d1mo9a1c.3.1.5.aln   -            238   8.3e-78  256.2   0.0   2   2   9.5e-79   3.1e-77  254.4   0.0     1   238    34   269    34   269 0.99 -
d1v59a1c.3.1.5       -            234 d1mo9a1c.3.1.5.aln   -            238   2.2e-76  251.6   0.7   1   1   7.3e-78   2.4e-76  251.5   0.7     1   236     1   234     1   234 0.99 -
d1w4xa1c.3.1.5       -            299 d1mo9a1c.3.1.5.aln   -            238   1.2e-75  249.2   0.0   1   1   4.1e-77   1.4e-75  249.0   0.0     1   238     3   248     3   248 0.99 -
d1w4xa2c.3.1.5       -            235 d1mo9a1c.3.1.5.aln   -            238     4e-74  244.2   0.0   1   1   1.3e-75   4.4e-74  244.1   0.0     4   238     1   235     1   235 0.99 -
d1xdia1c.3.1.5       -            234 d1mo9a1c.3.1.5.aln   -            238   6.4e-71  233.7   0.1   1   1   2.2e-72   7.1e-71  233.6   0.1     6   238     2   234     1   234 0.99 -
d1m6ia1c.3.1.5       -            214 d1mo9a1c.3.1.5.aln   -            238   1.3e-62  206.5   0.0   1   1   4.5e-64   1.5e-62  206.3   0.0     1   213     2   214     2   214 1.00 -
d1nhpa1c.3.1.5       -            199 d1mo9a1c.3.1.5.aln   -            238   1.9e-51  170.0   0.0   1   1   6.3e-53   2.1e-51  169.8   0.0     6   203     1   198     1   199 0.99 -
d1fl2a1c.3.1.5       -            185 d1mo9a1c.3.1.5.aln   -            238   3.8e-41  136.3   0.6   1   1   1.3e-42   4.2e-41  136.1   0.6     6   198     2   184     1   185 0.99 -
d1fcda2c.3.1.5       -            141 d1mo9a1c.3.1.5.aln   -            238   1.9e-25   84.9   0.0   1   1   6.8e-27   2.2e-25   84.6   0.0    64   205     2   140     1   140 0.98 -
d1aoga2c.3.1.5       -            117 d1mo9a1c.3.1.5.aln   -            238   6.1e-25   83.2   0.0   1   1     2e-26   6.5e-25   83.1   0.0    78   194     3   116     1   117 0.98 -
d1h6va2c.3.1.5       -            122 d1mo9a1c.3.1.5.aln   -            238   1.8e-21   71.9   0.0   1   1   6.1e-23     2e-21   71.7   0.0    78   201     3   119     1   121 0.97 -
d1onfa2c.3.1.5       -            117 d1mo9a1c.3.1.5.aln   -            238   5.1e-21   70.4   0.4   1   1   1.7e-22   5.5e-21   70.3   0.4    76   195     4   116     1   117 0.98 -
d1vdca2c.3.1.5       -            130 d1mo9a1c.3.1.5.aln   -            238   1.6e-20   68.7   0.0   1   1   5.2e-22   1.7e-20   68.6   0.0    63   195     3   128     1   130 0.96 -
d1xhca2c.3.1.5       -            122 d1mo9a1c.3.1.5.aln   -            238   4.1e-20   67.4   0.0   1   1   1.4e-21   4.5e-20   67.3   0.0    64   192     1   120     1   122 0.96 -
d1m6ia2c.3.1.5       -            137 d1mo9a1c.3.1.5.aln   -            238   5.5e-20   67.0   0.0   1   1   1.8e-21   5.9e-20   66.9   0.0    61   196     3   136     1   137 0.97 -
d1mo9a2c.3.1.5       -            121 d1mo9a1c.3.1.5.aln   -            238   8.7e-20   66.3   0.1   1   1   3.1e-21     1e-19   66.1   0.1    76   198     4   119     1   120 0.97 -
d1v59a2c.3.1.5       -            122 d1mo9a1c.3.1.5.aln   -            238   3.3e-19   64.4   0.5   1   1   1.1e-20   3.5e-19   64.3   0.5    73   198     1   120     1   122 0.97 -
d1nhpa2c.3.1.5       -            123 d1mo9a1c.3.1.5.aln   -            238   8.2e-19   63.1   0.7   1   1   2.7e-20   8.8e-19   63.0   0.7    68   195     3   123     1   123 0.97 -
d1fl2a2c.3.1.5       -            126 d1mo9a1c.3.1.5.aln   -            238   9.6e-15   49.8   0.0   1   1   3.1e-16     1e-14   49.7   0.0    63   198     3   125     1   126 0.96 -
d2gv8a2c.3.1.5       -            107 d1mo9a1c.3.1.5.aln   -            238   3.1e-11   38.3   0.0   1   1     1e-12   3.3e-11   38.2   0.0    83   194     2   105     1   107 0.96 -
d1seza1c.3.1.2       -            374 d1mo9a1c.3.1.5.aln   -            238   4.5e-05   18.1   0.1   1   1   2.1e-06   6.8e-05   17.6   0.1     7    51     3    47     1    58 0.92 -
d2dw4a2c.3.1.2       -            450 d1mo9a1c.3.1.5.aln   -            238   9.1e-05   17.2   0.0   1   1   4.3e-06   0.00014   16.5   0.0     4    45     4    45     1    55 0.87 -
d2gmha1c.3.1.2       -            381 d1mo9a1c.3.1.5.aln   -            238   0.00024   15.8   0.0   1   1   1.1e-05   0.00037   15.1   0.0     3    27    30    54    28    59 0.89 -
d2iida1c.3.1.2       -            371 d1mo9a1c.3.1.5.aln   -            238   0.00074   14.2   0.6   1   1   4.5e-05    0.0015   13.2   0.6     7    35    32    60    28    69 0.88 -
#
# Program:         hmmsearch
# Version:         3.3.2 (Nov 2020)
# Pipeline mode:   SEARCH
# Query file:      /home/elise/Documents/M1-BIM/S2/TMEs/SBAS/tme08/models/scop30/d1mo9a1c.3.1.5.aln.hmm
# Target file:     /home/elise/Documents/M1-BIM/S2/TMEs/SBAS/tme08/scop/scop/scopTestSeq.fasta
# Option settings: hmmsearch --domtblout /home/elise/Documents/M1-BIM/S2/TMEs/SBAS/tme08/searchResults/scop30/d1mo9a1c.3.1.5.aln.out -E 1 /home/elise/Documents/M1-BIM/S2/TMEs/SBAS/tme08/models/scop30/d1mo9a1c.3.1.5.aln.hmm /home/elise/Documents/M1-BIM/S2/TMEs/SBAS/tme08/scop/scop/scopTestSeq.fasta 
# Current dir:     /home/elise/Documents/M1-BIM/S2/TMEs/SBAS/tme08
# Date:            Thu Apr 10 10:02:22 2025
# [ok]
