#                                                                            --- full sequence --- -------------- this domain -------------   hmm coord   ali coord   env coord
# target name        accession   tlen query name           accession   qlen   E-value  score  bias   #  of  c-Evalue  i-Evalue  score  bias  from    to  from    to  from    to  acc description of target
#------------------- ---------- ----- -------------------- ---------- ----- --------- ------ ----- --- --- --------- --------- ------ ----- ----- ----- ----- ----- ----- ----- ---- ---------------------
d1ks9a2c.2.1.6       -            167 d1mv8a2c.2.1.6.aln   -            169   9.7e-47  154.5   0.0   1   1   2.7e-48   1.1e-46  154.4   0.0     1   168     1   166     1   167 0.99 -
d2f1ka2c.2.1.6       -            165 d1mv8a2c.2.1.6.aln   -            169   9.4e-45  148.1   0.0   1   1   2.6e-46     1e-44  147.9   0.0     1   168     1   165     1   165 0.99 -
d1evya2c.2.1.6       -            189 d1mv8a2c.2.1.6.aln   -            169   1.4e-44  147.5   0.0   1   1   3.9e-46   1.5e-44  147.4   0.0     1   169     8   187     8   187 0.99 -
d1txga2c.2.1.6       -            180 d1mv8a2c.2.1.6.aln   -            169     1e-43  144.6   0.0   1   1   2.9e-45   1.2e-43  144.5   0.0     1   166     1   179     1   180 0.99 -
d1f0ya2c.2.1.6       -            192 d1mv8a2c.2.1.6.aln   -            169     1e-41  138.2   1.2   1   1   2.8e-43   1.1e-41  138.0   1.2     1   169     5   189     5   189 0.99 -
d1jaya_c.2.1.6       -            212 d1mv8a2c.2.1.6.aln   -            169   1.4e-41  137.7   0.2   1   1     4e-43   1.6e-41  137.6   0.2     3   167     4   178     1   180 0.97 -
d1bg6a2c.2.1.6       -            184 d1mv8a2c.2.1.6.aln   -            169   3.9e-41  136.3   0.2   1   1   1.1e-42   4.3e-41  136.1   0.2     1   168     2   183     2   184 0.99 -
d2pv7a2c.2.1.6       -            152 d1mv8a2c.2.1.6.aln   -            169   1.2e-40  134.7   0.0   1   1   3.3e-42   1.3e-40  134.6   0.0     7   168     1   152     1   152 0.99 -
d1dlja2c.2.1.6       -            196 d1mv8a2c.2.1.6.aln   -            169   1.4e-40  134.5   0.0   1   1     4e-42   1.6e-40  134.3   0.0     1   168     1   186     1   187 0.99 -
d1vpda2c.2.1.6       -            161 d1mv8a2c.2.1.6.aln   -            169   2.6e-39  130.4   0.7   1   1   7.2e-41   2.8e-39  130.2   0.7     1   168     1   160     1   161 0.99 -
d1lj8a4c.2.1.6       -            286 d1mv8a2c.2.1.6.aln   -            169   9.6e-39  128.5   0.0   1   1   2.9e-40   1.2e-38  128.2   0.0     2   169    28   217    27   217 0.99 -
d1yqga2c.2.1.6       -            152 d1mv8a2c.2.1.6.aln   -            169   1.2e-35  118.4   0.1   1   1   3.5e-37   1.4e-35  118.2   0.1     1   168     1   152     1   152 0.99 -
d2ahra2c.2.1.6       -            152 d1mv8a2c.2.1.6.aln   -            169   9.6e-35  115.5   0.1   1   1   2.7e-36   1.1e-34  115.3   0.1     1   167     1   150     1   152 0.99 -
d2i76a2c.2.1.6       -            153 d1mv8a2c.2.1.6.aln   -            169   2.3e-34  114.3   0.0   1   1   6.3e-36   2.5e-34  114.1   0.0     3   167     2   152     1   153 0.98 -
d1i36a2c.2.1.6       -            152 d1mv8a2c.2.1.6.aln   -            169   1.1e-32  108.8   0.2   1   1     3e-34   1.2e-32  108.7   0.2     2   165     2   152     1   152 0.99 -
d1gpja2c.2.1.7       -            159 d1mv8a2c.2.1.6.aln   -            169     7e-08   28.1   0.1   1   1   2.5e-09   9.9e-08   27.6   0.1     1    84    25   109    25   123 0.71 -
d1mv8a2c.2.1.6       -            202 d1mv8a2c.2.1.6.aln   -            169   9.1e-06   21.2   0.1   1   1   3.3e-07   1.3e-05   20.7   0.1     1    47     1    50     1    80 0.71 -
d1v59a2c.3.1.5       -            122 d1mv8a2c.2.1.6.aln   -            169   0.00025   16.5   1.2   1   2   0.00097     0.038    9.4   0.2     2    36    25    59    24    62 0.78 -
d1v59a2c.3.1.5       -            122 d1mv8a2c.2.1.6.aln   -            169   0.00025   16.5   1.2   2   2    0.0085      0.34    6.3   0.0     9    63    64   119    64   122 0.82 -
d1ryia1c.3.1.2       -            277 d1mv8a2c.2.1.6.aln   -            169    0.0049   12.3   0.2   1   1   0.00023    0.0091   11.4   0.2     3    23     7    27     6    45 0.89 -
d2ivda1c.3.1.2       -            348 d1mv8a2c.2.1.6.aln   -            169      0.01   11.3   2.6   1   3   0.00057     0.022   10.1   0.4     1    31     1    31     1    36 0.83 -
d2ivda1c.3.1.2       -            348 d1mv8a2c.2.1.6.aln   -            169      0.01   11.3   2.6   2   3      0.86        34   -0.2   0.0    11    24    40    55    33    75 0.72 -
d2ivda1c.3.1.2       -            348 d1mv8a2c.2.1.6.aln   -            169      0.01   11.3   2.6   3   3       4.8   1.9e+02   -2.6   0.0    85   111   180   206   178   217 0.81 -
#
# Program:         hmmsearch
# Version:         3.3.2 (Nov 2020)
# Pipeline mode:   SEARCH
# Query file:      /home/elise/Documents/M1-BIM/S2/TMEs/SBAS/tme08/models/scop30/d1mv8a2c.2.1.6.aln.hmm
# Target file:     /home/elise/Documents/M1-BIM/S2/TMEs/SBAS/tme08/scop/scop/scopTestSeq.fasta
# Option settings: hmmsearch --domtblout /home/elise/Documents/M1-BIM/S2/TMEs/SBAS/tme08/searchResults/scop30/d1mv8a2c.2.1.6.aln.out -E 1 /home/elise/Documents/M1-BIM/S2/TMEs/SBAS/tme08/models/scop30/d1mv8a2c.2.1.6.aln.hmm /home/elise/Documents/M1-BIM/S2/TMEs/SBAS/tme08/scop/scop/scopTestSeq.fasta 
# Current dir:     /home/elise/Documents/M1-BIM/S2/TMEs/SBAS/tme08
# Date:            Thu Apr 10 10:02:22 2025
# [ok]
