#                                                                            --- full sequence --- -------------- this domain -------------   hmm coord   ali coord   env coord
# target name        accession   tlen query name           accession   qlen   E-value  score  bias   #  of  c-Evalue  i-Evalue  score  bias  from    to  from    to  from    to  acc description of target
#------------------- ---------- ----- -------------------- ---------- ----- --------- ------ ----- --- --- --------- --------- ------ ----- ----- ----- ----- ----- ----- ----- ---- ---------------------
d1boba_d.108.1.1     -            315 d1n71a_d.108.1.1.aln -            292  1.2e-119  394.5   3.8   1   1  7.3e-121  1.3e-119  394.3   3.8     1   290     1   315     1   315 1.00 -
d2p0wa_d.108.1.1     -            319 d1n71a_d.108.1.1.aln -            292  1.1e-116  384.7   1.5   1   1  7.2e-118  1.3e-116  384.5   1.5     1   287     9   319     9   319 1.00 -
d2pq8a_d.108.1.1     -            271 d1n71a_d.108.1.1.aln -            292   1.9e-70  233.0   0.1   1   1   1.2e-71   2.1e-70  232.8   0.1    75   292     1   246     1   246 1.00 -
d1u6ma_d.108.1.1     -            189 d1n71a_d.108.1.1.aln -            292   1.7e-33  111.7   0.0   1   1   1.1e-34     2e-33  111.4   0.0   100   281     2   187     1   188 0.99 -
d1tiqa_d.108.1.1     -            173 d1n71a_d.108.1.1.aln -            292   2.9e-31  104.3   1.3   1   1   1.8e-32   3.2e-31  104.2   1.3   115   284     2   172     1   173 0.92 -
d2gana1d.108.1.1     -            182 d1n71a_d.108.1.1.aln -            292   2.1e-29   98.3   0.1   1   1   1.4e-30   2.5e-29   98.0   0.1   104   281     2   180     1   181 0.93 -
d1z4ea1d.108.1.1     -            150 d1n71a_d.108.1.1.aln -            292     8e-28   93.1   0.1   1   1   4.8e-29   8.5e-28   93.0   0.1   118   264     2   145     1   150 0.96 -
d1i12a_d.108.1.1     -            157 d1n71a_d.108.1.1.aln -            292   3.3e-24   81.2   0.0   1   1   2.2e-25   3.9e-24   81.0   0.0   113   262     3   150     1   156 0.94 -
d1m4ia_d.108.1.1     -            181 d1n71a_d.108.1.1.aln -            292   6.5e-24   80.2   0.0   1   1     4e-25   7.1e-24   80.1   0.0   124   291     1   180     1   181 0.98 -
d1ufha_d.108.1.1     -            155 d1n71a_d.108.1.1.aln -            292   8.2e-24   79.9   0.5   1   1   4.8e-25   8.7e-24   79.8   0.5   116   260     3   146     1   155 0.94 -
d2ae6a1d.108.1.1     -            161 d1n71a_d.108.1.1.aln -            292   1.1e-23   79.5   0.1   1   1   6.7e-25   1.2e-23   79.4   0.1   118   282     2   159     1   161 0.97 -
d1vkca_d.108.1.1     -            149 d1n71a_d.108.1.1.aln -            292   2.2e-23   78.5   0.8   1   1   1.3e-24   2.3e-23   78.4   0.8   123   258     6   138     1   148 0.94 -
d1wwza1d.108.1.1     -            157 d1n71a_d.108.1.1.aln -            292     4e-23   77.6   0.1   1   1   2.6e-24   4.6e-23   77.4   0.1   120   266     4   149     1   155 0.96 -
d2cy2a1d.108.1.1     -            174 d1n71a_d.108.1.1.aln -            292   5.2e-23   77.3   0.0   1   1   3.4e-24   6.1e-23   77.0   0.0   122   281     9   168     2   173 0.96 -
d2b5ga_d.108.1.1     -            168 d1n71a_d.108.1.1.aln -            292   1.8e-22   75.5   0.0   1   1   1.1e-23     2e-22   75.4   0.0   114   276     2   162     1   167 0.95 -
d2euia1d.108.1.1     -            153 d1n71a_d.108.1.1.aln -            292   2.2e-22   75.2   0.1   1   1   1.4e-23   2.5e-22   75.0   0.1   124   264     2   141     1   151 0.89 -
d1qsma_d.108.1.1     -            150 d1n71a_d.108.1.1.aln -            292     3e-22   74.8   0.0   1   1     2e-23   3.7e-22   74.5   0.0   129   259     8   139     2   149 0.94 -
d2fl4a1d.108.1.1     -            146 d1n71a_d.108.1.1.aln -            292   1.2e-21   72.8   0.5   1   1   7.5e-23   1.3e-21   72.6   0.5   133   263     2   132     1   145 0.88 -
d2fcka1d.108.1.1     -            178 d1n71a_d.108.1.1.aln -            292   2.9e-21   71.5   0.0   1   1   1.7e-22   3.1e-21   71.4   0.0   114   283     3   177     1   178 0.95 -
d2fiaa1d.108.1.1     -            157 d1n71a_d.108.1.1.aln -            292   4.6e-21   70.9   1.0   1   1   2.8e-22     5e-21   70.7   1.0   124   282     2   156     1   157 0.97 -
d1ghea_d.108.1.1     -            170 d1n71a_d.108.1.1.aln -            292     9e-21   69.9   0.0   1   1     5e-22     9e-21   69.9   0.0   117   257     4   142     1   170 0.93 -
d1y9wa1d.108.1.1     -            140 d1n71a_d.108.1.1.aln -            292   1.4e-20   69.3   0.6   1   1   8.4e-22   1.5e-20   69.2   0.6   131   281     1   139     1   140 0.96 -
d1nsla_d.108.1.1     -            180 d1n71a_d.108.1.1.aln -            292     2e-20   68.8   0.0   1   1   1.2e-21   2.2e-20   68.6   0.0   115   284     3   177     1   180 0.96 -
d1mk4a_d.108.1.1     -            157 d1n71a_d.108.1.1.aln -            292   2.1e-20   68.7   0.0   1   1   1.3e-21   2.3e-20   68.6   0.0   125   268     1   129     1   155 0.92 -
d1yx0a1d.108.1.1     -            151 d1n71a_d.108.1.1.aln -            292   7.4e-20   66.9   0.0   1   1   4.4e-21   7.9e-20   66.8   0.0   125   281     2   150     1   151 0.92 -
d2jdca1d.108.1.1     -            145 d1n71a_d.108.1.1.aln -            292     1e-19   66.5   0.1   1   1   6.3e-21   1.1e-19   66.3   0.1   135   281     6   143     2   145 0.96 -
d1p0ha_d.108.1.1     -            308 d1n71a_d.108.1.1.aln -            292   1.5e-19   65.9   0.0   1   2   3.9e-18     7e-17   57.1   0.0   113   292     2   202     1   202 0.97 -
d1p0ha_d.108.1.1     -            308 d1n71a_d.108.1.1.aln -            292   1.5e-19   65.9   0.0   2   2     0.026      0.47    5.2   0.0   195   222   224   251   208   306 0.72 -
d1bo4a_d.108.1.1     -            137 d1n71a_d.108.1.1.aln -            292   2.3e-19   65.3   0.0   1   1   1.4e-20   2.5e-19   65.2   0.0   120   257     3   137     1   137 0.97 -
d1cjwa_d.108.1.1     -            166 d1n71a_d.108.1.1.aln -            292     9e-19   63.4   0.0   1   1   5.3e-20   9.5e-19   63.3   0.0   120   281     8   165     1   166 0.95 -
d2fiwa1d.108.1.1     -            156 d1n71a_d.108.1.1.aln -            292   3.1e-18   61.6   0.0   1   1   1.8e-19   3.3e-18   61.5   0.0   120   282     2   156     1   156 0.94 -
d2atra1d.108.1.1     -            137 d1n71a_d.108.1.1.aln -            292   4.8e-18   61.0   0.0   1   1   2.8e-19     5e-18   60.9   0.0   129   276     4   132     1   137 0.91 -
d2aj6a1d.108.1.1     -            118 d1n71a_d.108.1.1.aln -            292   5.3e-17   57.5   0.2   1   1   3.2e-18   5.7e-17   57.4   0.2   117   239     1   116     1   118 0.97 -
d1y9ka1d.108.1.1     -            152 d1n71a_d.108.1.1.aln -            292   5.3e-17   57.5   0.0   1   1   3.5e-18   6.3e-17   57.3   0.0   180   277    36   145     9   151 0.82 -
d2g3aa1d.108.1.1     -            137 d1n71a_d.108.1.1.aln -            292   6.4e-17   57.3   0.0   1   1   4.4e-18   7.9e-17   57.0   0.0   141   279    11   136     3   137 0.89 -
d1q2ya_d.108.1.1     -            140 d1n71a_d.108.1.1.aln -            292   3.9e-16   54.7   0.1   1   1   2.4e-17   4.3e-16   54.6   0.1   130   280     6   139     1   140 0.95 -
d1z4ra1d.108.1.1     -            162 d1n71a_d.108.1.1.aln -            292   5.3e-16   54.3   0.0   1   1   3.3e-17   5.8e-16   54.1   0.0   126   283    10   160     3   162 0.86 -
d1y7ra1d.108.1.1     -            133 d1n71a_d.108.1.1.aln -            292   2.6e-14   48.7   0.0   1   1   1.6e-15   2.8e-14   48.6   0.0   131   269     6   130     1   133 0.88 -
d1xeba_d.108.1.1     -            149 d1n71a_d.108.1.1.aln -            292   4.2e-14   48.0   0.1   1   1   2.4e-15   4.3e-14   48.0   0.1   126   271     3   139     1   149 0.90 -
d2fsra1d.108.1.1     -            164 d1n71a_d.108.1.1.aln -            292   5.4e-12   41.1   0.0   1   1   3.3e-13   5.9e-12   41.0   0.0   127   281    13   163     2   164 0.89 -
d1yk3a1d.108.1.1     -            198 d1n71a_d.108.1.1.aln -            292   1.2e-10   36.7   0.0   1   1   1.1e-11   1.9e-10   36.0   0.0   114   236     2   129     1   197 0.94 -
d1r57a_d.108.1.1     -            102 d1n71a_d.108.1.1.aln -            292   1.3e-09   33.3   0.0   1   1   7.2e-11   1.3e-09   33.3   0.0   196   250    30    85     4   101 0.79 -
d1xmta_d.108.1.1     -             95 d1n71a_d.108.1.1.aln -            292   1.7e-07   26.3   0.0   1   1   1.1e-08   1.9e-07   26.2   0.0   181   246    12    77     2    89 0.86 -
d1n71a_d.108.1.1     -            180 d1n71a_d.108.1.1.aln -            292   0.00081   14.3   0.0   1   1     5e-05    0.0009   14.1   0.0   186   257    55   151     5   178 0.75 -
d2d4pa1d.108.1.1     -            130 d1n71a_d.108.1.1.aln -            292     0.004   12.0   0.0   1   1   0.00027    0.0049   11.7   0.0   192   257    49   114     1   124 0.80 -
#
# Program:         hmmsearch
# Version:         3.3.2 (Nov 2020)
# Pipeline mode:   SEARCH
# Query file:      /home/elise/Documents/M1-BIM/S2/TMEs/SBAS/tme08/models/scop30/d1n71a_d.108.1.1.aln.hmm
# Target file:     /home/elise/Documents/M1-BIM/S2/TMEs/SBAS/tme08/scop/scop/scopTestSeq.fasta
# Option settings: hmmsearch --domtblout /home/elise/Documents/M1-BIM/S2/TMEs/SBAS/tme08/searchResults/scop30/d1n71a_d.108.1.1.aln.out -E 1 /home/elise/Documents/M1-BIM/S2/TMEs/SBAS/tme08/models/scop30/d1n71a_d.108.1.1.aln.hmm /home/elise/Documents/M1-BIM/S2/TMEs/SBAS/tme08/scop/scop/scopTestSeq.fasta 
# Current dir:     /home/elise/Documents/M1-BIM/S2/TMEs/SBAS/tme08
# Date:            Thu Apr 10 10:02:22 2025
# [ok]
