#                                                                            --- full sequence --- -------------- this domain -------------   hmm coord   ali coord   env coord
# target name        accession   tlen query name           accession   qlen   E-value  score  bias   #  of  c-Evalue  i-Evalue  score  bias  from    to  from    to  from    to  acc description of target
#------------------- ---------- ----- -------------------- ---------- ----- --------- ------ ----- --- --- --------- --------- ------ ----- ----- ----- ----- ----- ----- ----- ---- ---------------------
d1tu7a1a.45.1.1      -            131 d1nhya1a.45.1.1.aln  -            137   2.1e-46  153.0   0.0   1   1   3.5e-48   2.3e-46  152.9   0.0     3   136     1   131     1   131 0.99 -
d2c4ja1a.45.1.1      -            133 d1nhya1a.45.1.1.aln  -            137   1.7e-41  137.1   0.1   1   1   2.9e-43   1.9e-41  137.0   0.1     1   137     1   130     1   130 0.99 -
d1tw9a1a.45.1.1      -            129 d1nhya1a.45.1.1.aln  -            137   1.8e-41  137.0   0.0   1   1   3.1e-43     2e-41  136.9   0.0     2   128     1   129     1   129 0.99 -
d1eema1a.45.1.1      -            139 d1nhya1a.45.1.1.aln  -            137   2.1e-41  136.9   0.4   1   1   3.5e-43   2.3e-41  136.7   0.4     3   136     2   130     1   131 0.98 -
d2cvda1a.45.1.1      -            124 d1nhya1a.45.1.1.aln  -            137   2.5e-41  136.6   0.0   1   1   4.2e-43   2.7e-41  136.5   0.0     1   128     2   124     2   124 0.99 -
d1k3ya1a.45.1.1      -            142 d1nhya1a.45.1.1.aln  -            137   4.8e-41  135.7   0.0   1   1   8.2e-43   5.4e-41  135.5   0.0     1   136     1   134     1   135 0.98 -
d1okta1a.45.1.1      -            126 d1nhya1a.45.1.1.aln  -            137   5.3e-40  132.3   0.4   1   1   8.9e-42   5.8e-40  132.2   0.4     2   128     1   126     1   126 0.97 -
d1k0ma1a.45.1.1      -            149 d1nhya1a.45.1.1.aln  -            137   2.4e-36  120.5   0.0   1   1     4e-38   2.6e-36  120.3   0.0     2   136     6   148     5   149 0.98 -
d1z9ha1a.45.1.1      -            161 d1nhya1a.45.1.1.aln  -            137   1.9e-34  114.3   0.0   1   1   3.3e-36   2.2e-34  114.1   0.0     2   137     3   147     2   147 0.99 -
d2fnoa1a.45.1.1      -            149 d1nhya1a.45.1.1.aln  -            137   9.6e-34  112.0   0.0   1   1   1.6e-35   1.1e-33  111.9   0.0     3   136     2   140     1   141 0.98 -
d1gnwa1a.45.1.1      -            126 d1nhya1a.45.1.1.aln  -            137   1.8e-33  111.2   0.3   1   1     3e-35     2e-33  111.0   0.3     2   120     3   126     2   126 0.98 -
d1nhya1a.45.1.1      -            144 d1nhya1a.45.1.1.aln  -            137   0.00042   16.0   0.0   1   1   7.6e-06    0.0005   15.8   0.0    51   114    62   124    27   137 0.80 -
#
# Program:         hmmsearch
# Version:         3.3.2 (Nov 2020)
# Pipeline mode:   SEARCH
# Query file:      /home/elise/Documents/M1-BIM/S2/TMEs/SBAS/tme08/models/scop30/d1nhya1a.45.1.1.aln.hmm
# Target file:     /home/elise/Documents/M1-BIM/S2/TMEs/SBAS/tme08/scop/scop/scopTestSeq.fasta
# Option settings: hmmsearch --domtblout /home/elise/Documents/M1-BIM/S2/TMEs/SBAS/tme08/searchResults/scop30/d1nhya1a.45.1.1.aln.out -E 1 /home/elise/Documents/M1-BIM/S2/TMEs/SBAS/tme08/models/scop30/d1nhya1a.45.1.1.aln.hmm /home/elise/Documents/M1-BIM/S2/TMEs/SBAS/tme08/scop/scop/scopTestSeq.fasta 
# Current dir:     /home/elise/Documents/M1-BIM/S2/TMEs/SBAS/tme08
# Date:            Thu Apr 10 10:02:22 2025
# [ok]
