#                                                                            --- full sequence --- -------------- this domain -------------   hmm coord   ali coord   env coord
# target name        accession   tlen query name           accession   qlen   E-value  score  bias   #  of  c-Evalue  i-Evalue  score  bias  from    to  from    to  from    to  acc description of target
#------------------- ---------- ----- -------------------- ---------- ----- --------- ------ ----- --- --- --------- --------- ------ ----- ----- ----- ----- ----- ----- ----- ---- ---------------------
d1w4xa1c.3.1.5       -            299 d1nhpa2c.3.1.5.aln   -            219   7.5e-62  204.3   0.0   1   1   2.2e-63   8.8e-62  204.1   0.0     1   219     3   246     3   246 0.99 -
d1v59a1c.3.1.5       -            234 d1nhpa2c.3.1.5.aln   -            219   2.1e-61  202.9   1.7   1   1   5.9e-63   2.3e-61  202.7   1.7     2   219     2   234     1   234 0.99 -
d1mo9a1c.3.1.5       -            262 d1nhpa2c.3.1.5.aln   -            219   2.4e-59  196.1   0.0   1   1   6.8e-61   2.7e-59  196.0   0.0     1   219     1   262     1   262 0.99 -
d1xdia1c.3.1.5       -            234 d1nhpa2c.3.1.5.aln   -            219   1.5e-57  190.3   0.0   1   1   4.1e-59   1.6e-57  190.1   0.0     4   219     2   233     1   233 0.99 -
d2gv8a1c.3.1.5       -            336 d1nhpa2c.3.1.5.aln   -            219   1.6e-55  183.7   0.0   1   1   5.5e-57   2.2e-55  183.2   0.0     2   219     3   267     2   267 0.99 -
d1m6ia1c.3.1.5       -            214 d1nhpa2c.3.1.5.aln   -            219   4.9e-52  172.2   0.0   1   1   1.4e-53   5.5e-52  172.1   0.0     3   203     2   214     1   214 0.99 -
d1nhpa1c.3.1.5       -            199 d1nhpa2c.3.1.5.aln   -            219   7.7e-44  145.4   0.0   1   1   2.2e-45   8.6e-44  145.3   0.0     4   192     1   199     1   199 0.99 -
d1fl2a1c.3.1.5       -            185 d1nhpa2c.3.1.5.aln   -            219   8.4e-43  142.1   0.7   1   1   2.3e-44   9.3e-43  141.9   0.7     5   184     1   184     1   185 0.99 -
d1w4xa2c.3.1.5       -            235 d1nhpa2c.3.1.5.aln   -            219   2.9e-40  133.7   0.0   1   1   8.3e-42   3.3e-40  133.6   0.0     6   202     3   235     1   235 0.98 -
d1aoga2c.3.1.5       -            117 d1nhpa2c.3.1.5.aln   -            219   4.4e-29   97.2   0.0   1   1   1.2e-30   4.8e-29   97.1   0.0    10   134     1   115     1   117 0.98 -
d1fcda2c.3.1.5       -            141 d1nhpa2c.3.1.5.aln   -            219   1.1e-27   92.6   0.0   1   1   3.2e-29   1.2e-27   92.4   0.0     1   145     2   140     2   141 0.98 -
d1h6va2c.3.1.5       -            122 d1nhpa2c.3.1.5.aln   -            219   4.7e-27   90.6   0.0   1   1   1.4e-28   5.7e-27   90.3   0.0    11   139     2   120     1   121 0.97 -
d1mo9a2c.3.1.5       -            121 d1nhpa2c.3.1.5.aln   -            219   7.6e-26   86.6   0.2   1   1   2.1e-27   8.2e-26   86.5   0.2     8   139     2   121     1   121 0.98 -
d1onfa2c.3.1.5       -            117 d1nhpa2c.3.1.5.aln   -            219     5e-25   83.9   0.3   1   1   1.4e-26   5.5e-25   83.8   0.3     8   136     2   117     1   117 0.98 -
d1vdca2c.3.1.5       -            130 d1nhpa2c.3.1.5.aln   -            219   2.4e-24   81.7   0.0   1   1   6.6e-26   2.6e-24   81.6   0.0     6   137     2   129     1   130 0.98 -
d1m6ia2c.3.1.5       -            137 d1nhpa2c.3.1.5.aln   -            219   4.2e-24   80.9   0.1   1   1   1.2e-25   4.6e-24   80.8   0.1     3   135     1   135     1   137 0.98 -
d1fl2a2c.3.1.5       -            126 d1nhpa2c.3.1.5.aln   -            219   6.3e-24   80.3   0.1   1   1   1.7e-25   6.9e-24   80.2   0.1     5   139     1   125     1   126 0.99 -
d1xhca2c.3.1.5       -            122 d1nhpa2c.3.1.5.aln   -            219   1.9e-22   75.5   0.2   1   1   5.3e-24   2.1e-22   75.4   0.2     4   136     1   121     1   122 0.99 -
d1v59a2c.3.1.5       -            122 d1nhpa2c.3.1.5.aln   -            219   3.6e-22   74.6   0.8   1   1   9.7e-24   3.8e-22   74.5   0.8     9   136     3   121     1   122 0.97 -
d2gv8a2c.3.1.5       -            107 d1nhpa2c.3.1.5.aln   -            219   9.3e-16   53.6   0.0   1   1   2.7e-17     1e-15   53.5   0.0     7   125     1   104     1   106 0.97 -
#
# Program:         hmmsearch
# Version:         3.3.2 (Nov 2020)
# Pipeline mode:   SEARCH
# Query file:      /home/elise/Documents/M1-BIM/S2/TMEs/SBAS/tme08/models/scop30/d1nhpa2c.3.1.5.aln.hmm
# Target file:     /home/elise/Documents/M1-BIM/S2/TMEs/SBAS/tme08/scop/scop/scopTestSeq.fasta
# Option settings: hmmsearch --domtblout /home/elise/Documents/M1-BIM/S2/TMEs/SBAS/tme08/searchResults/scop30/d1nhpa2c.3.1.5.aln.out -E 1 /home/elise/Documents/M1-BIM/S2/TMEs/SBAS/tme08/models/scop30/d1nhpa2c.3.1.5.aln.hmm /home/elise/Documents/M1-BIM/S2/TMEs/SBAS/tme08/scop/scop/scopTestSeq.fasta 
# Current dir:     /home/elise/Documents/M1-BIM/S2/TMEs/SBAS/tme08
# Date:            Thu Apr 10 10:02:22 2025
# [ok]
