#                                                                            --- full sequence --- -------------- this domain -------------   hmm coord   ali coord   env coord
# target name        accession   tlen query name           accession   qlen   E-value  score  bias   #  of  c-Evalue  i-Evalue  score  bias  from    to  from    to  from    to  acc description of target
#------------------- ---------- ----- -------------------- ---------- ----- --------- ------ ----- --- --- --------- --------- ------ ----- ----- ----- ----- ----- ----- ----- ---- ---------------------
d1u0ja_c.37.1.20     -            267 d1njfa_c.37.1.20.aln -            258   1.9e-59  196.4   0.0   1   1   6.3e-61   2.1e-59  196.2   0.0     3   257     2   265     1   266 0.99 -
d1um8a_c.37.1.20     -            364 d1njfa_c.37.1.20.aln -            258   2.4e-57  189.5   2.1   1   1     8e-59   2.6e-57  189.3   2.1     3   258     4   359     2   359 0.99 -
d1sxja2c.37.1.20     -            253 d1njfa_c.37.1.20.aln -            258   1.1e-55  184.0   0.0   1   1   3.9e-57   1.3e-55  183.8   0.0     4   251     2   252     1   253 0.99 -
d1iqpa2c.37.1.20     -            231 d1njfa_c.37.1.20.aln -            258   5.4e-55  181.8   0.5   1   1   1.8e-56     6e-55  181.6   0.5     5   243     2   228     1   231 0.98 -
d2a5yb3c.37.1.20     -            277 d1njfa_c.37.1.20.aln -            258   5.2e-52  172.0   0.0   1   1   1.8e-53   5.8e-52  171.8   0.0     4   258     1   275     1   275 0.99 -
d1fnna2c.37.1.20     -            276 d1njfa_c.37.1.20.aln -            258     1e-51  171.0   0.0   1   1   3.4e-53   1.1e-51  170.9   0.0     1   255     5   275     5   276 0.99 -
d1r6bx3c.37.1.20     -            315 d1njfa_c.37.1.20.aln -            258   1.7e-51  170.3   0.1   1   1   5.9e-53   1.9e-51  170.1   0.1     1   257     1   307     1   308 0.99 -
d1g41a_c.37.1.20     -            443 d1njfa_c.37.1.20.aln -            258   3.4e-50  166.0   1.9   1   1   1.4e-51   4.6e-50  165.6   1.9     3   256     1   428     1   430 0.99 -
d1d2na_c.37.1.20     -            246 d1njfa_c.37.1.20.aln -            258   3.8e-50  165.9   0.1   1   1   1.3e-51   4.2e-50  165.7   0.1     7   253     1   245     1   246 0.99 -
d1svma_c.37.1.20     -            362 d1njfa_c.37.1.20.aln -            258   3.9e-50  165.9   0.1   1   1   1.3e-51   4.4e-50  165.7   0.1     2   257    11   353    10   354 0.99 -
d1lv7a_c.37.1.20     -            256 d1njfa_c.37.1.20.aln -            258   1.3e-49  164.1   0.0   1   1   4.5e-51   1.5e-49  164.0   0.0     7   237     3   255     1   256 0.98 -
d1in4a2c.37.1.20     -            238 d1njfa_c.37.1.20.aln -            258     3e-49  162.9   0.9   1   1     1e-50   3.4e-49  162.8   0.9     8   257     1   237     1   238 0.99 -
d2fnaa2c.37.1.20     -            283 d1njfa_c.37.1.20.aln -            258   1.6e-46  154.0   3.3   1   1   5.5e-48   1.8e-46  153.9   3.3     2   256     7   282     6   283 0.99 -
d1w5sa2c.37.1.20     -            287 d1njfa_c.37.1.20.aln -            258   3.4e-44  146.4   0.0   1   1   1.2e-45   3.8e-44  146.2   0.0     1   253     5   287     5   287 0.99 -
d1g8pa_c.37.1.20     -            333 d1njfa_c.37.1.20.aln -            258   6.9e-43  142.1   0.0   1   1   2.4e-44   7.8e-43  141.9   0.0     1   258     5   329     5   329 0.99 -
d1ny5a2c.37.1.20     -            247 d1njfa_c.37.1.20.aln -            258   1.5e-42  141.0   1.0   1   1     5e-44   1.6e-42  140.9   1.0     2   253     1   247     1   247 0.99 -
d1tuea_c.37.1.20     -            205 d1njfa_c.37.1.20.aln -            258   2.5e-39  130.5   0.0   1   1   8.5e-41   2.8e-39  130.3   0.0     1   245     3   204     3   205 0.99 -
d1l8qa2c.37.1.20     -            213 d1njfa_c.37.1.20.aln -            258   1.1e-38  128.4   2.0   1   1   3.6e-40   1.2e-38  128.3   2.0     9   244     3   211     1   213 0.97 -
d1a5ta2c.37.1.20     -            207 d1njfa_c.37.1.20.aln -            258   1.4e-32  108.3   0.0   1   1   4.8e-34   1.6e-32  108.2   0.0     4   255     1   206     1   207 0.99 -
d2gnoa2c.37.1.20     -            198 d1njfa_c.37.1.20.aln -            258   5.9e-30   99.8   1.1   1   1   2.2e-31   7.2e-30   99.5   1.1    11   253     2   195     1   197 0.98 -
d2p65a_c.37.1.20     -            185 d1njfa_c.37.1.20.aln -            258   1.7e-26   88.4   0.5   1   1   6.6e-28   2.2e-26   88.1   0.5    12   229     4   183     1   184 0.97 -
d1jqlb_c.37.1.20     -            140 d1njfa_c.37.1.20.aln -            258   1.3e-17   59.3   0.0   1   1   6.4e-17   2.1e-15   52.1   0.0    17   234     2   139     1   140 0.97 -
d1qzma_c.37.1.20     -             94 d1njfa_c.37.1.20.aln -            258   3.4e-09   31.8   0.1   1   1   1.1e-10   3.7e-09   31.6   0.1     4   131     2    93     1    94 0.96 -
d1njfa_c.37.1.20     -            239 d1njfa_c.37.1.20.aln -            258    0.0022   12.8   0.1   1   2    0.0026     0.086    7.5   0.0    51    74    36    59     7    64 0.84 -
d1njfa_c.37.1.20     -            239 d1njfa_c.37.1.20.aln -            258    0.0022   12.8   0.1   2   2     0.046       1.5    3.4   0.0   111   131   108   137    82   205 0.79 -
#
# Program:         hmmsearch
# Version:         3.3.2 (Nov 2020)
# Pipeline mode:   SEARCH
# Query file:      /home/elise/Documents/M1-BIM/S2/TMEs/SBAS/tme08/models/scop30/d1njfa_c.37.1.20.aln.hmm
# Target file:     /home/elise/Documents/M1-BIM/S2/TMEs/SBAS/tme08/scop/scop/scopTestSeq.fasta
# Option settings: hmmsearch --domtblout /home/elise/Documents/M1-BIM/S2/TMEs/SBAS/tme08/searchResults/scop30/d1njfa_c.37.1.20.aln.out -E 1 /home/elise/Documents/M1-BIM/S2/TMEs/SBAS/tme08/models/scop30/d1njfa_c.37.1.20.aln.hmm /home/elise/Documents/M1-BIM/S2/TMEs/SBAS/tme08/scop/scop/scopTestSeq.fasta 
# Current dir:     /home/elise/Documents/M1-BIM/S2/TMEs/SBAS/tme08
# Date:            Thu Apr 10 10:02:23 2025
# [ok]
