#                                                                            --- full sequence --- -------------- this domain -------------   hmm coord   ali coord   env coord
# target name        accession   tlen query name           accession   qlen   E-value  score  bias   #  of  c-Evalue  i-Evalue  score  bias  from    to  from    to  from    to  acc description of target
#------------------- ---------- ----- -------------------- ---------- ----- --------- ------ ----- --- --- --------- --------- ------ ----- ----- ----- ----- ----- ----- ----- ---- ---------------------
d1uqwa_c.94.1.1      -            487 d1nnfa_c.94.1.1.aln  -            317   7.5e-63  208.2   8.5   1   1   4.4e-64   1.2e-62  207.6   8.5     2   314   102   485    97   487 0.99 -
d1vr5a1c.94.1.1      -            535 d1nnfa_c.94.1.1.aln  -            317   2.9e-58  193.2   7.8   1   1   1.4e-59   3.6e-58  192.9   7.8     2   317   107   520   101   520 0.99 -
d1xoca1c.94.1.1      -            504 d1nnfa_c.94.1.1.aln  -            317   6.4e-58  192.1  15.4   1   1   3.1e-59   8.1e-58  191.7  15.4     2   316   111   502   107   503 0.99 -
d3thia_c.94.1.1      -            362 d1nnfa_c.94.1.1.aln  -            317   1.7e-57  190.7   0.3   1   1   7.7e-59     2e-57  190.4   0.3     2   316    26   355    22   356 0.99 -
d1jeta_c.94.1.1      -            517 d1nnfa_c.94.1.1.aln  -            317   3.4e-57  189.7  11.1   1   1   1.6e-58   4.2e-57  189.4  11.1     2   315   116   513   112   515 0.99 -
d3vlva_c.94.1.1      -            490 d1nnfa_c.94.1.1.aln  -            317   1.1e-56  188.0   8.5   1   1   5.3e-58   1.4e-56  187.7   8.5     2   317   117   484   113   484 0.99 -
d1sbpa_c.94.1.1      -            309 d1nnfa_c.94.1.1.aln  -            317   8.4e-54  178.6   8.4   1   1   3.6e-55   9.4e-54  178.4   8.4     5   313     1   309     1   309 0.99 -
d1ursa_c.94.1.1      -            367 d1nnfa_c.94.1.1.aln  -            317   1.7e-52  174.3   9.2   1   1   7.3e-54   1.9e-52  174.1   9.2     2   316     5   366     1   367 0.99 -
d2nooa_c.94.1.1      -            496 d1nnfa_c.94.1.1.aln  -            317   6.5e-52  172.4   0.7   1   1   3.2e-53   8.3e-52  172.0   0.7     2   316    99   496    95   496 0.99 -
d1r9la_c.94.1.1      -            309 d1nnfa_c.94.1.1.aln  -            317   9.4e-52  171.9   9.5   1   1     4e-53     1e-51  171.7   9.5     5   313     2   309     1   309 0.99 -
d1q35a_c.94.1.1      -            318 d1nnfa_c.94.1.1.aln  -            317   3.8e-50  166.6   2.2   1   1   1.6e-51   4.3e-50  166.4   2.2     4   313     2   318     1   318 0.99 -
d1pb7a_c.94.1.1      -            289 d1nnfa_c.94.1.1.aln  -            317   7.2e-50  165.7   0.0   1   1     3e-51   7.9e-50  165.5   0.0    20   309     2   288     1   289 0.99 -
d1ixha_c.94.1.1      -            321 d1nnfa_c.94.1.1.aln  -            317   1.8e-49  164.4  10.3   1   1   7.5e-51     2e-49  164.3  10.3     7   316     4   314     1   315 0.99 -
d1eu8a_c.94.1.1      -            407 d1nnfa_c.94.1.1.aln  -            317   2.6e-45  150.8   5.4   1   1   1.1e-46   2.9e-45  150.6   5.4    25   316     3   402     1   403 0.99 -
d2czla1c.94.1.1      -            270 d1nnfa_c.94.1.1.aln  -            317   7.2e-42  139.5   0.0   1   1   3.3e-43   8.6e-42  139.2   0.0    28   296     3   265     1   269 0.97 -
d1us5a_c.94.1.1      -            298 d1nnfa_c.94.1.1.aln  -            317   9.2e-42  139.1   0.6   1   1   3.9e-43     1e-41  139.0   0.6    10   308     2   297     1   298 0.99 -
d2nxoa1c.94.1.1      -            277 d1nnfa_c.94.1.1.aln  -            317   3.5e-38  127.4   0.0   1   1   1.6e-39   4.2e-38  127.1   0.0    27   298     3   275     1   276 0.97 -
d1sw5a_c.94.1.1      -            270 d1nnfa_c.94.1.1.aln  -            317   9.8e-37  122.7   4.7   1   1   4.1e-38   1.1e-36  122.5   4.7    27   307     2   268     1   270 0.99 -
d1xt8a1c.94.1.1      -            248 d1nnfa_c.94.1.1.aln  -            317   1.9e-35  118.4   4.7   1   1   8.6e-37   2.2e-35  118.2   4.7    17   271     2   246     1   247 0.98 -
d1twya_c.94.1.1      -            249 d1nnfa_c.94.1.1.aln  -            317   2.1e-35  118.3   0.1   1   1     1e-36   2.6e-35  118.0   0.1    29   287     2   248     1   248 0.99 -
d1al3a_c.94.1.1      -            237 d1nnfa_c.94.1.1.aln  -            317   3.2e-33  111.2   0.0   1   1   1.4e-34   3.7e-33  110.9   0.0    23   273     2   234     1   236 0.98 -
d2i6ea1c.94.1.1      -            272 d1nnfa_c.94.1.1.aln  -            317   4.3e-31  104.2   0.0   1   1   1.8e-32   4.8e-31  104.0   0.0    28   289     3   269     1   271 0.94 -
d2ozza1c.94.1.1      -            228 d1nnfa_c.94.1.1.aln  -            317   2.5e-28   95.1   0.0   1   1   1.1e-29   2.8e-28   94.9   0.0    20   266     1   227     1   228 0.98 -
d1atga_c.94.1.1      -            231 d1nnfa_c.94.1.1.aln  -            317   2.2e-27   92.0   1.9   1   1   9.4e-29   2.5e-27   91.9   1.9    30   263     2   227     1   230 0.98 -
d1ii5a_c.94.1.1      -            226 d1nnfa_c.94.1.1.aln  -            317   2.8e-24   81.8   0.1   1   1   1.2e-25   3.2e-24   81.6   0.1    27   268     4   224     1   225 0.96 -
d1i6aa_c.94.1.1      -            212 d1nnfa_c.94.1.1.aln  -            317   1.2e-23   79.7   0.0   1   1   5.2e-25   1.4e-23   79.6   0.0    25   265     3   212     1   212 0.98 -
d2esna2c.94.1.1      -            212 d1nnfa_c.94.1.1.aln  -            317   3.8e-22   74.9   0.0   1   1   1.8e-23   4.8e-22   74.5   0.0    22   269     3   210     1   211 0.98 -
d1ixca2c.94.1.1      -            205 d1nnfa_c.94.1.1.aln  -            317   3.5e-21   71.7   0.0   1   1   1.6e-22   4.2e-21   71.4   0.0    29   269     4   204     2   205 0.98 -
d2qmwa1c.94.1.1      -            184 d1nnfa_c.94.1.1.aln  -            317   1.2e-17   60.1   0.2   1   1   1.2e-17   3.2e-16   55.5   0.2    30   180     3   146     1   183 0.90 -
d1ve4a1c.94.1.1      -            206 d1nnfa_c.94.1.1.aln  -            317   3.6e-16   55.3   0.0   1   1   1.6e-17   4.1e-16   55.1   0.0    28   216     2   174     1   193 0.93 -
#
# Program:         hmmsearch
# Version:         3.3.2 (Nov 2020)
# Pipeline mode:   SEARCH
# Query file:      /home/elise/Documents/M1-BIM/S2/TMEs/SBAS/tme08/models/scop30/d1nnfa_c.94.1.1.aln.hmm
# Target file:     /home/elise/Documents/M1-BIM/S2/TMEs/SBAS/tme08/scop/scop/scopTestSeq.fasta
# Option settings: hmmsearch --domtblout /home/elise/Documents/M1-BIM/S2/TMEs/SBAS/tme08/searchResults/scop30/d1nnfa_c.94.1.1.aln.out -E 1 /home/elise/Documents/M1-BIM/S2/TMEs/SBAS/tme08/models/scop30/d1nnfa_c.94.1.1.aln.hmm /home/elise/Documents/M1-BIM/S2/TMEs/SBAS/tme08/scop/scop/scopTestSeq.fasta 
# Current dir:     /home/elise/Documents/M1-BIM/S2/TMEs/SBAS/tme08
# Date:            Thu Apr 10 10:02:23 2025
# [ok]
