#                                                                            --- full sequence --- -------------- this domain -------------   hmm coord   ali coord   env coord
# target name        accession   tlen query name           accession   qlen   E-value  score  bias   #  of  c-Evalue  i-Evalue  score  bias  from    to  from    to  from    to  acc description of target
#------------------- ---------- ----- -------------------- ---------- ----- --------- ------ ----- --- --- --------- --------- ------ ----- ----- ----- ----- ----- ----- ----- ---- ---------------------
d1euza1c.2.1.7       -            239 d1o0sa1c.2.1.7.aln   -            197   4.9e-68  224.2   1.6   1   1   1.7e-69   5.6e-68  224.0   1.6     1   197    10   227    10   227 0.99 -
d3mw9a1c.2.1.7       -            293 d1o0sa1c.2.1.7.aln   -            197   3.8e-66  218.0   0.0   1   1   1.3e-67   4.4e-66  217.8   0.0     1   197    10   281    10   281 0.99 -
d1bgva1c.2.1.7       -            255 d1o0sa1c.2.1.7.aln   -            197   7.4e-65  213.8   1.0   1   1   2.6e-66   8.5e-65  213.6   1.0     1   197    14   244    14   244 0.99 -
d1c1da1c.2.1.7       -            201 d1o0sa1c.2.1.7.aln   -            197   7.7e-62  204.0   3.9   1   1   2.6e-63   8.6e-62  203.8   3.9     1   197     4   197     4   197 0.99 -
d1vl6a1c.2.1.7       -            222 d1o0sa1c.2.1.7.aln   -            197   2.2e-60  199.2   0.4   1   1   7.4e-62   2.4e-60  199.1   0.4     2   197     1   218     1   218 0.99 -
d1luaa1c.2.1.7       -            191 d1o0sa1c.2.1.7.aln   -            197   4.4e-54  178.6   5.6   1   1   1.5e-55   4.9e-54  178.5   5.6     2   197     2   191     1   191 0.99 -
d1edza1c.2.1.7       -            171 d1o0sa1c.2.1.7.aln   -            197   1.2e-48  160.9   0.0   1   1     4e-50   1.3e-48  160.8   0.0     2   178     8   171     7   171 0.99 -
d1npya1c.2.1.7       -            167 d1o0sa1c.2.1.7.aln   -            197   1.2e-44  147.8   2.7   1   1   4.1e-46   1.3e-44  147.7   2.7     2   194     1   167     1   167 0.99 -
d1nyta1c.2.1.7       -            170 d1o0sa1c.2.1.7.aln   -            197   2.2e-43  143.7   0.0   1   1   7.3e-45   2.4e-43  143.6   0.0     2   193     1   169     1   170 0.98 -
d1gpja2c.2.1.7       -            159 d1o0sa1c.2.1.7.aln   -            197   2.2e-40  133.9   1.6   1   1   7.9e-42   2.6e-40  133.7   1.6     5   181     2   158     1   159 0.98 -
d1kola2c.2.1.1       -            195 d1o0sa1c.2.1.7.aln   -            197   1.7e-05   20.1   0.7   1   1   7.1e-07   2.3e-05   19.6   0.7    23    79    25    75    17    96 0.81 -
d1cf2o1c.2.1.3       -            172 d1o0sa1c.2.1.7.aln   -            197   4.6e-05   18.7   0.6   1   1   1.7e-06   5.4e-05   18.4   0.1    25    69     2    56     1   103 0.75 -
d2g82a1c.2.1.3       -            169 d1o0sa1c.2.1.7.aln   -            197   0.00011   17.4   0.1   1   1     6e-06    0.0002   16.6   0.0    26    60     2    36     1    94 0.91 -
d1vpda2c.2.1.6       -            161 d1o0sa1c.2.1.7.aln   -            197   0.00021   16.5   0.2   1   1   7.3e-06   0.00024   16.3   0.2    30   111     6    84     1   122 0.81 -
d1vj0a2c.2.1.1       -            182 d1o0sa1c.2.1.7.aln   -            197   0.00028   16.1   0.0   1   1   1.1e-05   0.00037   15.7   0.0    20    57    26    62    13    99 0.80 -
d2iida1c.3.1.2       -            371 d1o0sa1c.2.1.7.aln   -            197   0.00035   15.8   0.1   1   1   2.2e-05   0.00071   14.8   0.1    18    55    27    61    12    82 0.77 -
d1pl8a2c.2.1.1       -            171 d1o0sa1c.2.1.7.aln   -            197   0.00043   15.5   0.8   1   1   1.8e-05   0.00059   15.1   0.8    16    55    20    58    12    95 0.85 -
d1e5qa1c.2.1.3       -            183 d1o0sa1c.2.1.7.aln   -            197   0.00064   14.9   0.2   1   1   2.6e-05   0.00086   14.5   0.2    25   125     3   105     1   120 0.83 -
d1f0ya2c.2.1.6       -            192 d1o0sa1c.2.1.7.aln   -            197    0.0011   14.2   3.0   1   1     4e-05    0.0013   13.9   3.0    25    69     5    62     1   140 0.79 -
d2gf3a1c.3.1.2       -            282 d1o0sa1c.2.1.7.aln   -            197    0.0011   14.1   0.1   1   2    0.0003    0.0099   11.0   0.0    27    55     6    34     3    44 0.95 -
d2gf3a1c.3.1.2       -            282 d1o0sa1c.2.1.7.aln   -            197    0.0011   14.1   0.1   2   2      0.49        16    0.6   0.0    42    69   158   186   154   221 0.81 -
d1o89a2c.2.1.1       -            177 d1o0sa1c.2.1.7.aln   -            197    0.0016   13.6   0.1   1   1   6.2e-05     0.002   13.3   0.1    26    58    34    67    15    93 0.84 -
d1jaya_c.2.1.6       -            212 d1o0sa1c.2.1.7.aln   -            197    0.0018   13.5   0.9   1   2   0.00011    0.0035   12.5   0.7    28    83     5    59     3    95 0.76 -
d1jaya_c.2.1.6       -            212 d1o0sa1c.2.1.7.aln   -            197    0.0018   13.5   0.9   2   2      0.93        30   -0.3   0.1   116   179    54   125    48   135 0.60 -
d1b5qa1c.3.1.2       -            348 d1o0sa1c.2.1.7.aln   -            197    0.0023   13.1   0.0   1   1   0.00011    0.0035   12.5   0.0    26   107     2   127     1   133 0.92 -
d1h2ba2c.2.1.1       -            172 d1o0sa1c.2.1.7.aln   -            197    0.0075   11.4   1.6   1   1   0.00037     0.012   10.7   1.6    11    59    20    68    17   115 0.84 -
#
# Program:         hmmsearch
# Version:         3.3.2 (Nov 2020)
# Pipeline mode:   SEARCH
# Query file:      /home/elise/Documents/M1-BIM/S2/TMEs/SBAS/tme08/models/scop30/d1o0sa1c.2.1.7.aln.hmm
# Target file:     /home/elise/Documents/M1-BIM/S2/TMEs/SBAS/tme08/scop/scop/scopTestSeq.fasta
# Option settings: hmmsearch --domtblout /home/elise/Documents/M1-BIM/S2/TMEs/SBAS/tme08/searchResults/scop30/d1o0sa1c.2.1.7.aln.out -E 1 /home/elise/Documents/M1-BIM/S2/TMEs/SBAS/tme08/models/scop30/d1o0sa1c.2.1.7.aln.hmm /home/elise/Documents/M1-BIM/S2/TMEs/SBAS/tme08/scop/scop/scopTestSeq.fasta 
# Current dir:     /home/elise/Documents/M1-BIM/S2/TMEs/SBAS/tme08
# Date:            Thu Apr 10 10:02:23 2025
# [ok]
