#                                                                            --- full sequence --- -------------- this domain -------------   hmm coord   ali coord   env coord
# target name        accession   tlen query name           accession   qlen   E-value  score  bias   #  of  c-Evalue  i-Evalue  score  bias  from    to  from    to  from    to  acc description of target
#------------------- ---------- ----- -------------------- ---------- ----- --------- ------ ----- --- --- --------- --------- ------ ----- ----- ----- ----- ----- ----- ----- ---- ---------------------
d3bpza_b.82.3.2      -            194 d1o7fa2b.82.3.2.aln  -            137   3.5e-45  148.5   0.0   1   1   6.7e-47   4.4e-45  148.2   0.0     2   136    64   193    63   194 0.98 -
d1cx4a1b.82.3.2      -            136 d1o7fa2b.82.3.2.aln  -            137   9.5e-44  143.9   0.0   1   1   1.6e-45   1.1e-43  143.7   0.0     2   127    12   136    11   136 0.98 -
d1cx4a2b.82.3.2      -            147 d1o7fa2b.82.3.2.aln  -            137   1.6e-43  143.1   0.1   1   1   2.7e-45   1.8e-43  143.0   0.1     6   135     2   137     1   139 0.98 -
d1zyba2b.82.3.2      -            147 d1o7fa2b.82.3.2.aln  -            137   2.8e-43  142.4   0.0   1   1   4.7e-45   3.1e-43  142.2   0.0     1   136     1   146     1   147 0.98 -
d1vp6a_b.82.3.2      -            133 d1o7fa2b.82.3.2.aln  -            137   5.1e-42  138.3   0.0   1   1   8.6e-44   5.6e-42  138.1   0.0     2   134     7   132     6   133 0.98 -
d1wgpa_b.82.3.2      -            137 d1o7fa2b.82.3.2.aln  -            137   3.8e-41  135.5   0.0   1   1   6.2e-43   4.1e-41  135.4   0.0     3   133     3   136     1   137 0.98 -
d2gaua2b.82.3.2      -            142 d1o7fa2b.82.3.2.aln  -            137   4.4e-41  135.2   0.0   1   1   7.5e-43   4.9e-41  135.1   0.0     7   136     2   131     1   132 0.98 -
d1o7fa3b.82.3.2      -            124 d1o7fa2b.82.3.2.aln  -            137   3.5e-38  125.9   0.0   1   1   5.8e-40   3.8e-38  125.7   0.0     2   121     7   123     6   124 0.98 -
d3e5ua2b.82.3.2      -            139 d1o7fa2b.82.3.2.aln  -            137   4.1e-38  125.6   0.0   1   1   6.9e-40   4.5e-38  125.5   0.0     5   136     2   139     1   139 0.98 -
d1o5la1b.82.3.2      -            129 d1o7fa2b.82.3.2.aln  -            137   2.7e-35  116.5   0.0   1   1   4.5e-37     3e-35  116.4   0.0    20   136     1   118     1   119 0.98 -
d2zcwa2b.82.3.2      -            112 d1o7fa2b.82.3.2.aln  -            137   1.2e-23   78.8   0.0   1   1     2e-25   1.3e-23   78.7   0.0    34   136     5   111     1   112 0.92 -
d1o7fa2b.82.3.2      -            155 d1o7fa2b.82.3.2.aln  -            137   5.7e-18   60.4   0.0   1   1     1e-19   6.8e-18   60.1   0.0    10   123    28   142    21   147 0.92 -
#
# Program:         hmmsearch
# Version:         3.3.2 (Nov 2020)
# Pipeline mode:   SEARCH
# Query file:      /home/elise/Documents/M1-BIM/S2/TMEs/SBAS/tme08/models/scop30/d1o7fa2b.82.3.2.aln.hmm
# Target file:     /home/elise/Documents/M1-BIM/S2/TMEs/SBAS/tme08/scop/scop/scopTestSeq.fasta
# Option settings: hmmsearch --domtblout /home/elise/Documents/M1-BIM/S2/TMEs/SBAS/tme08/searchResults/scop30/d1o7fa2b.82.3.2.aln.out -E 1 /home/elise/Documents/M1-BIM/S2/TMEs/SBAS/tme08/models/scop30/d1o7fa2b.82.3.2.aln.hmm /home/elise/Documents/M1-BIM/S2/TMEs/SBAS/tme08/scop/scop/scopTestSeq.fasta 
# Current dir:     /home/elise/Documents/M1-BIM/S2/TMEs/SBAS/tme08
# Date:            Thu Apr 10 10:02:23 2025
# [ok]
