#                                                                            --- full sequence --- -------------- this domain -------------   hmm coord   ali coord   env coord
# target name        accession   tlen query name           accession   qlen   E-value  score  bias   #  of  c-Evalue  i-Evalue  score  bias  from    to  from    to  from    to  acc description of target
#------------------- ---------- ----- -------------------- ---------- ----- --------- ------ ----- --- --- --------- --------- ------ ----- ----- ----- ----- ----- ----- ----- ---- ---------------------
d1piwa1b.35.1.2      -            193 d1o89a1b.35.1.2.aln  -            181   2.1e-66  218.9   0.6   1   1   3.2e-68   2.3e-66  218.7   0.6     2   180     4   186     3   187 0.98 -
d1pl8a1b.35.1.2      -            186 d1o89a1b.35.1.2.aln  -            181   2.2e-64  212.3   0.0   1   1   3.4e-66   2.4e-64  212.1   0.0     2   180     3   180     2   181 0.98 -
d2jhfa1b.35.1.2      -            199 d1o89a1b.35.1.2.aln  -            181   1.5e-63  209.5   0.0   1   1   2.5e-65   1.8e-63  209.3   0.0     2   178     7   198     6   199 0.98 -
d1kola1b.35.1.2      -            202 d1o89a1b.35.1.2.aln  -            181   4.6e-60  198.2   0.4   1   1   7.1e-62   5.1e-60  198.1   0.4     4   180     2   197     1   198 0.98 -
d1f8fa1b.35.1.2      -            195 d1o89a1b.35.1.2.aln  -            181   5.1e-60  198.1   0.1   1   1   7.9e-62   5.7e-60  197.9   0.1     2   180     2   195     1   195 0.99 -
d1h2ba1b.35.1.2      -            172 d1o89a1b.35.1.2.aln  -            181   7.1e-59  194.3   0.0   1   1   1.1e-60   7.8e-59  194.2   0.0     5   179     1   171     1   172 0.98 -
d1jqba1b.35.1.2      -            178 d1o89a1b.35.1.2.aln  -            181   7.2e-59  194.3   0.0   1   1   1.1e-60   7.8e-59  194.2   0.0    10   180     2   177     1   178 0.98 -
d1gu7a1b.35.1.2      -            176 d1o89a1b.35.1.2.aln  -            181     2e-44  147.3   0.0   1   1   3.9e-46   2.8e-44  146.8   0.0     3   180     2   173     1   174 0.98 -
d1yb5a1b.35.1.2      -            151 d1o89a1b.35.1.2.aln  -            181   2.7e-44  146.8   0.0   1   1   6.3e-44   4.5e-42  139.6   0.0     3   179     2   149     1   151 0.97 -
d2dm6a1b.35.1.2      -            148 d1o89a1b.35.1.2.aln  -            181     4e-35  116.9   0.0   1   1   2.7e-36   1.9e-34  114.7   0.0     2   179     4   147     3   148 0.97 -
d1o89a1b.35.1.2      -            147 d1o89a1b.35.1.2.aln  -            181   0.00094   14.7   0.0   1   1   1.9e-05    0.0014   14.2   0.0    11    90     8    85     2    94 0.82 -
#
# Program:         hmmsearch
# Version:         3.3.2 (Nov 2020)
# Pipeline mode:   SEARCH
# Query file:      /home/elise/Documents/M1-BIM/S2/TMEs/SBAS/tme08/models/scop30/d1o89a1b.35.1.2.aln.hmm
# Target file:     /home/elise/Documents/M1-BIM/S2/TMEs/SBAS/tme08/scop/scop/scopTestSeq.fasta
# Option settings: hmmsearch --domtblout /home/elise/Documents/M1-BIM/S2/TMEs/SBAS/tme08/searchResults/scop30/d1o89a1b.35.1.2.aln.out -E 1 /home/elise/Documents/M1-BIM/S2/TMEs/SBAS/tme08/models/scop30/d1o89a1b.35.1.2.aln.hmm /home/elise/Documents/M1-BIM/S2/TMEs/SBAS/tme08/scop/scop/scopTestSeq.fasta 
# Current dir:     /home/elise/Documents/M1-BIM/S2/TMEs/SBAS/tme08
# Date:            Thu Apr 10 10:02:23 2025
# [ok]
