#                                                                            --- full sequence --- -------------- this domain -------------   hmm coord   ali coord   env coord
# target name        accession   tlen query name           accession   qlen   E-value  score  bias   #  of  c-Evalue  i-Evalue  score  bias  from    to  from    to  from    to  acc description of target
#------------------- ---------- ----- -------------------- ---------- ----- --------- ------ ----- --- --- --------- --------- ------ ----- ----- ----- ----- ----- ----- ----- ---- ---------------------
d1vj0a2c.2.1.1       -            182 d1o89a2c.2.1.1.aln   -            180   1.9e-60  199.0   0.0   1   1   3.8e-62   2.1e-60  198.9   0.0     2   179     2   181     1   182 0.98 -
d1qora2c.2.1.1       -            179 d1o89a2c.2.1.1.aln   -            180   1.8e-59  195.8   0.2   1   1   3.5e-61     2e-59  195.7   0.2     2   179     2   176     1   177 0.98 -
d1pqwa_c.2.1.1       -            183 d1o89a2c.2.1.1.aln   -            180   2.7e-58  192.0   0.2   1   1   5.4e-60   3.1e-58  191.8   0.2     4   179     1   174     1   175 0.99 -
d1jqba2c.2.1.1       -            174 d1o89a2c.2.1.1.aln   -            180   2.7e-57  188.8   2.9   1   1   5.2e-59   2.9e-57  188.6   2.9     3   175     2   173     1   174 0.98 -
d2dm6a2c.2.1.1       -            182 d1o89a2c.2.1.1.aln   -            180   3.9e-57  188.2   0.1   1   1   7.7e-59   4.3e-57  188.1   0.1     4   180     5   178     2   178 0.98 -
d1yb5a2c.2.1.1       -            174 d1o89a2c.2.1.1.aln   -            180   3.8e-56  185.0   2.6   1   1   7.5e-58   4.2e-56  184.9   2.6     2   180     2   172     1   172 0.98 -
d1gu7a2c.2.1.1       -            189 d1o89a2c.2.1.1.aln   -            180     4e-55  181.7   0.0   1   1   7.9e-57   4.4e-55  181.5   0.0     2   179     2   188     1   189 0.98 -
d2jhfa2c.2.1.1       -            176 d1o89a2c.2.1.1.aln   -            180   2.8e-54  178.9   0.9   1   1   5.5e-56   3.1e-54  178.8   0.9     2   174     2   175     1   176 0.98 -
d1pl8a2c.2.1.1       -            171 d1o89a2c.2.1.1.aln   -            180   3.5e-52  172.1   3.2   1   1   6.7e-54   3.8e-52  172.0   3.2     5   170     3   169     1   171 0.97 -
d1h2ba2c.2.1.1       -            172 d1o89a2c.2.1.1.aln   -            180     1e-51  170.5   1.0   1   1     2e-53   1.1e-51  170.4   1.0     2   169     5   171     4   172 0.98 -
d1kola2c.2.1.1       -            195 d1o89a2c.2.1.1.aln   -            180   6.2e-51  168.0   0.3   1   1   1.2e-52   6.9e-51  167.9   0.3     6   180     3   191     1   191 0.98 -
d1piwa2c.2.1.1       -            168 d1o89a2c.2.1.1.aln   -            180   1.3e-48  160.5   0.1   1   1   2.5e-50   1.4e-48  160.4   0.1     2   172     2   167     1   168 0.97 -
d1o89a2c.2.1.1       -            177 d1o89a2c.2.1.1.aln   -            180     4e-11   38.3   5.3   1   1   1.7e-12   9.3e-11   37.1   5.3     5   135     5   132     1   150 0.82 -
d1c1da1c.2.1.7       -            201 d1o89a2c.2.1.1.aln   -            180   0.00016   16.8   2.7   1   2   2.9e-06   0.00016   16.8   2.7    28    81    26    77    17    83 0.91 -
d1c1da1c.2.1.7       -            201 d1o89a2c.2.1.1.aln   -            180   0.00016   16.8   2.7   2   2       1.8     1e+02   -2.1   0.0    42    61    94   113    77   123 0.72 -
#
# Program:         hmmsearch
# Version:         3.3.2 (Nov 2020)
# Pipeline mode:   SEARCH
# Query file:      /home/elise/Documents/M1-BIM/S2/TMEs/SBAS/tme08/models/scop30/d1o89a2c.2.1.1.aln.hmm
# Target file:     /home/elise/Documents/M1-BIM/S2/TMEs/SBAS/tme08/scop/scop/scopTestSeq.fasta
# Option settings: hmmsearch --domtblout /home/elise/Documents/M1-BIM/S2/TMEs/SBAS/tme08/searchResults/scop30/d1o89a2c.2.1.1.aln.out -E 1 /home/elise/Documents/M1-BIM/S2/TMEs/SBAS/tme08/models/scop30/d1o89a2c.2.1.1.aln.hmm /home/elise/Documents/M1-BIM/S2/TMEs/SBAS/tme08/scop/scop/scopTestSeq.fasta 
# Current dir:     /home/elise/Documents/M1-BIM/S2/TMEs/SBAS/tme08
# Date:            Thu Apr 10 10:02:23 2025
# [ok]
