#                                                                            --- full sequence --- -------------- this domain -------------   hmm coord   ali coord   env coord
# target name        accession   tlen query name           accession   qlen   E-value  score  bias   #  of  c-Evalue  i-Evalue  score  bias  from    to  from    to  from    to  acc description of target
#------------------- ---------- ----- -------------------- ---------- ----- --------- ------ ----- --- --- --------- --------- ------ ----- ----- ----- ----- ----- ----- ----- ---- ---------------------
d1qv0a_a.39.1.5      -            189 d1omra_a.39.1.5.aln  -            172   4.7e-57  187.9   0.2   1   1   8.6e-59   5.2e-57  187.8   0.2     2   171     4   182     3   183 0.99 -
d1jbaa_a.39.1.5      -            189 d1omra_a.39.1.5.aln  -            172   1.1e-55  183.5   2.0   1   1     2e-57   1.2e-55  183.4   2.0     2   172     2   187     1   187 0.99 -
d2sasa_a.39.1.5      -            185 d1omra_a.39.1.5.aln  -            172   2.1e-53  176.1   1.5   1   1   3.8e-55   2.3e-53  175.9   1.5     1   170     3   185     3   185 0.99 -
d1exra_a.39.1.5      -            146 d1omra_a.39.1.5.aln  -            172   5.9e-52  171.4   7.9   1   1   1.1e-53   6.7e-52  171.2   7.9    15   160     2   146     1   146 0.98 -
d1xo5a_a.39.1.5      -            180 d1omra_a.39.1.5.aln  -            172   1.2e-50  167.1   0.0   1   1   2.2e-52   1.3e-50  166.9   0.0     2   171     2   179     1   180 0.98 -
d1nyaa_a.39.1.5      -            176 d1omra_a.39.1.5.aln  -            172   9.9e-50  164.1   1.1   1   1   1.8e-51   1.1e-49  164.0   1.1     2   170     2   174     1   176 0.98 -
d2zfda1a.39.1.5      -            183 d1omra_a.39.1.5.aln  -            172   2.4e-49  162.8   3.6   1   1   4.5e-51   2.7e-49  162.7   3.6     6   172     2   175     1   175 0.99 -
d2scpa_a.39.1.5      -            174 d1omra_a.39.1.5.aln  -            172   8.5e-49  161.1   4.9   1   1   1.6e-50   9.4e-49  160.9   4.9     6   171     1   167     1   168 0.98 -
d1jfka_a.39.1.5      -            134 d1omra_a.39.1.5.aln  -            172   4.6e-42  139.1   6.3   1   1   8.3e-44     5e-42  139.0   6.3    23   158     1   133     1   134 0.98 -
d1s6ja_a.39.1.5      -             87 d1omra_a.39.1.5.aln  -            172   2.4e-27   91.2   2.8   1   1   4.3e-29   2.6e-27   91.1   2.8    77   159     2    86     1    87 0.97 -
d1j7qa_a.39.1.5      -             86 d1omra_a.39.1.5.aln  -            172   1.7e-23   78.7   0.1   1   1     3e-25   1.8e-23   78.6   0.1    82   167     2    86     1    86 0.96 -
d1omra_a.39.1.5      -            201 d1omra_a.39.1.5.aln  -            172   3.9e-19   64.5   1.4   1   2   8.3e-20   5.1e-18   60.9   0.1    21   128    25   131     9   144 0.89 -
d1omra_a.39.1.5      -            201 d1omra_a.39.1.5.aln  -            172   3.9e-19   64.5   1.4   2   2      0.05       3.1    3.0   0.2    50    83   141   174   133   177 0.84 -
d1ctaa_a.39.1.5      -             34 d1omra_a.39.1.5.aln  -            172   1.5e-11   39.9   0.1   1   1   2.5e-13   1.5e-11   39.8   0.1    92   126     1    34     1    34 0.93 -
#
# Program:         hmmsearch
# Version:         3.3.2 (Nov 2020)
# Pipeline mode:   SEARCH
# Query file:      /home/elise/Documents/M1-BIM/S2/TMEs/SBAS/tme08/models/scop30/d1omra_a.39.1.5.aln.hmm
# Target file:     /home/elise/Documents/M1-BIM/S2/TMEs/SBAS/tme08/scop/scop/scopTestSeq.fasta
# Option settings: hmmsearch --domtblout /home/elise/Documents/M1-BIM/S2/TMEs/SBAS/tme08/searchResults/scop30/d1omra_a.39.1.5.aln.out -E 1 /home/elise/Documents/M1-BIM/S2/TMEs/SBAS/tme08/models/scop30/d1omra_a.39.1.5.aln.hmm /home/elise/Documents/M1-BIM/S2/TMEs/SBAS/tme08/scop/scop/scopTestSeq.fasta 
# Current dir:     /home/elise/Documents/M1-BIM/S2/TMEs/SBAS/tme08
# Date:            Thu Apr 10 10:02:24 2025
# [ok]
