#                                                                            --- full sequence --- -------------- this domain -------------   hmm coord   ali coord   env coord
# target name        accession   tlen query name           accession   qlen   E-value  score  bias   #  of  c-Evalue  i-Evalue  score  bias  from    to  from    to  from    to  acc description of target
#------------------- ---------- ----- -------------------- ---------- ----- --------- ------ ----- --- --- --------- --------- ------ ----- ----- ----- ----- ----- ----- ----- ---- ---------------------
d1mo9a1c.3.1.5       -            262 d1onfa2c.3.1.5.aln   -            226   4.5e-69  227.6   0.0   1   1   1.3e-70   5.1e-69  227.4   0.0     1   226    29   255    29   255 1.00 -
d1w4xa1c.3.1.5       -            299 d1onfa2c.3.1.5.aln   -            226   1.3e-67  222.8   0.0   1   1   3.9e-69   1.6e-67  222.6   0.0     1   226    16   252    16   252 1.00 -
d2gv8a1c.3.1.5       -            336 d1onfa2c.3.1.5.aln   -            226   1.7e-65  215.9   0.0   1   1   5.1e-67     2e-65  215.7   0.0     1   226     5   273     5   273 0.99 -
d1w4xa2c.3.1.5       -            235 d1onfa2c.3.1.5.aln   -            226   5.8e-64  210.9   0.0   1   1   1.6e-65   6.5e-64  210.8   0.0     1   219    13   235    13   235 0.99 -
d1v59a1c.3.1.5       -            234 d1onfa2c.3.1.5.aln   -            226   2.6e-63  208.8   0.6   1   1   7.4e-65   2.9e-63  208.6   0.6    10   226     1   234     1   234 0.99 -
d1m6ia1c.3.1.5       -            214 d1onfa2c.3.1.5.aln   -            226   3.4e-62  205.1   0.0   1   1   9.6e-64   3.8e-62  205.0   0.0     1   213     1   214     1   214 1.00 -
d1xdia1c.3.1.5       -            234 d1onfa2c.3.1.5.aln   -            226   6.8e-55  181.2   0.1   1   1   1.9e-56   7.6e-55  181.1   0.1    14   225     1   225     1   226 0.99 -
d1nhpa1c.3.1.5       -            199 d1onfa2c.3.1.5.aln   -            226   2.3e-47  156.6   0.0   1   1   6.5e-49   2.6e-47  156.5   0.0    15   198     1   198     1   199 0.99 -
d1fl2a1c.3.1.5       -            185 d1onfa2c.3.1.5.aln   -            226   9.1e-43  141.6   0.8   1   1   2.6e-44     1e-42  141.4   0.8    15   195     2   185     1   185 0.99 -
d1nhpa2c.3.1.5       -            123 d1onfa2c.3.1.5.aln   -            226   1.8e-26   88.3   0.5   1   1   4.9e-28   1.9e-26   88.2   0.5    51   178     1   122     1   123 0.98 -
d1fcda2c.3.1.5       -            141 d1onfa2c.3.1.5.aln   -            226   2.9e-26   87.6   0.0   1   1   8.7e-28   3.4e-26   87.4   0.0    49   187     2   140     1   140 0.98 -
d1m6ia2c.3.1.5       -            137 d1onfa2c.3.1.5.aln   -            226   5.2e-26   86.8   0.0   1   1   1.5e-27   5.8e-26   86.6   0.0    45   177     2   134     1   136 0.97 -
d1aoga2c.3.1.5       -            117 d1onfa2c.3.1.5.aln   -            226   6.9e-26   86.4   0.0   1   1   1.9e-27   7.4e-26   86.3   0.0    62   178     2   116     1   117 0.98 -
d1mo9a2c.3.1.5       -            121 d1onfa2c.3.1.5.aln   -            226   1.5e-24   82.0   0.1   1   1   4.2e-26   1.6e-24   81.9   0.1    60   184     2   121     1   121 0.98 -
d1vdca2c.3.1.5       -            130 d1onfa2c.3.1.5.aln   -            226   1.9e-24   81.7   0.0   1   1   5.1e-26     2e-24   81.6   0.0    46   181     1   130     1   130 0.98 -
d1h6va2c.3.1.5       -            122 d1onfa2c.3.1.5.aln   -            226   7.8e-24   79.7   0.0   1   1   2.3e-25   8.9e-24   79.5   0.0    63   186     3   120     1   121 0.98 -
d1xhca2c.3.1.5       -            122 d1onfa2c.3.1.5.aln   -            226   6.4e-23   76.7   0.0   1   1   1.9e-24   7.4e-23   76.5   0.0    51   173     3   119     1   121 0.97 -
d1fl2a2c.3.1.5       -            126 d1onfa2c.3.1.5.aln   -            226   1.7e-21   72.0   0.0   1   1   4.5e-23   1.8e-21   71.9   0.0    52   183     7   126     1   126 0.95 -
d1v59a2c.3.1.5       -            122 d1onfa2c.3.1.5.aln   -            226   5.6e-21   70.3   0.4   1   1   1.6e-22   6.5e-21   70.1   0.4    60   180     3   118     1   121 0.96 -
d2gv8a2c.3.1.5       -            107 d1onfa2c.3.1.5.aln   -            226     7e-14   47.1   0.0   1   1     2e-15   7.7e-14   47.0   0.0    58   171     3   107     1   107 0.97 -
#
# Program:         hmmsearch
# Version:         3.3.2 (Nov 2020)
# Pipeline mode:   SEARCH
# Query file:      /home/elise/Documents/M1-BIM/S2/TMEs/SBAS/tme08/models/scop30/d1onfa2c.3.1.5.aln.hmm
# Target file:     /home/elise/Documents/M1-BIM/S2/TMEs/SBAS/tme08/scop/scop/scopTestSeq.fasta
# Option settings: hmmsearch --domtblout /home/elise/Documents/M1-BIM/S2/TMEs/SBAS/tme08/searchResults/scop30/d1onfa2c.3.1.5.aln.out -E 1 /home/elise/Documents/M1-BIM/S2/TMEs/SBAS/tme08/models/scop30/d1onfa2c.3.1.5.aln.hmm /home/elise/Documents/M1-BIM/S2/TMEs/SBAS/tme08/scop/scop/scopTestSeq.fasta 
# Current dir:     /home/elise/Documents/M1-BIM/S2/TMEs/SBAS/tme08
# Date:            Thu Apr 10 10:02:24 2025
# [ok]
