#                                                                            --- full sequence --- -------------- this domain -------------   hmm coord   ali coord   env coord
# target name        accession   tlen query name           accession   qlen   E-value  score  bias   #  of  c-Evalue  i-Evalue  score  bias  from    to  from    to  from    to  acc description of target
#------------------- ---------- ----- -------------------- ---------- ----- --------- ------ ----- --- --- --------- --------- ------ ----- ----- ----- ----- ----- ----- ----- ---- ---------------------
d2fbia1a.4.5.28      -            136 d1p4xa1a.4.5.28.aln  -            140   3.6e-43  142.2   0.6   1   1   9.5e-45   3.9e-43  142.1   0.6     7   139     3   135     1   136 0.98 -
d1jgsa_a.4.5.28      -            138 d1p4xa1a.4.5.28.aln  -            140   1.5e-41  136.9   0.0   1   1     4e-43   1.7e-41  136.8   0.0     3   136     3   136     1   138 0.97 -
d2etha1a.4.5.28      -            140 d1p4xa1a.4.5.28.aln  -            140   1.6e-41  136.9   0.0   1   1   4.1e-43   1.7e-41  136.8   0.0     1   139     1   137     1   138 0.98 -
d1s3ja_a.4.5.28      -            143 d1p4xa1a.4.5.28.aln  -            140   2.2e-40  133.2   3.8   1   1   5.8e-42   2.4e-40  133.1   3.8     2   139     3   140     2   141 0.98 -
d3echa_a.4.5.28      -            142 d1p4xa1a.4.5.28.aln  -            140   8.5e-40  131.3   0.1   1   1   2.2e-41   9.3e-40  131.2   0.1     2   139     5   142     4   142 0.98 -
d1lj9a_a.4.5.28      -            144 d1p4xa1a.4.5.28.aln  -            140   2.4e-39  129.8   1.3   1   1   6.3e-41   2.6e-39  129.7   1.3     7   139     2   134     1   135 0.98 -
d2fxaa1a.4.5.28      -            162 d1p4xa1a.4.5.28.aln  -            140   3.7e-39  129.2   0.0   1   1     1e-40   4.1e-39  129.1   0.0     3   139    10   153     8   154 0.97 -
d2a61a1a.4.5.28      -            139 d1p4xa1a.4.5.28.aln  -            140   6.9e-38  125.1   0.0   1   1   1.8e-39   7.5e-38  125.0   0.0     4   139     2   135     1   136 0.97 -
d2hr3a1a.4.5.28      -            145 d1p4xa1a.4.5.28.aln  -            140   9.9e-36  118.1   0.2   1   1   2.6e-37   1.1e-35  118.0   0.2     2   139     3   140     2   141 0.98 -
d3broa1a.4.5.28      -            135 d1p4xa1a.4.5.28.aln  -            140   1.6e-35  117.4   5.9   1   1   4.2e-37   1.7e-35  117.3   5.9     5   134     2   134     1   135 0.98 -
d2fbka1a.4.5.28      -            172 d1p4xa1a.4.5.28.aln  -            140   2.6e-34  113.5   0.0   1   1   7.3e-36     3e-34  113.3   0.0     3   139    34   170    32   171 0.98 -
d2fbha1a.4.5.28      -            137 d1p4xa1a.4.5.28.aln  -            140   1.7e-33  110.8   0.3   1   1   4.5e-35   1.9e-33  110.7   0.3     7   138     2   136     1   137 0.98 -
d1p4xa2a.4.5.28      -            125 d1p4xa1a.4.5.28.aln  -            140   1.2e-31  104.9   4.2   1   1   3.2e-33   1.3e-31  104.7   4.2     2   134     3   124     2   125 0.98 -
d1hsja1a.4.5.28      -            115 d1p4xa1a.4.5.28.aln  -            140   6.7e-30   99.2   3.8   1   1   1.8e-31   7.3e-30   99.1   3.8     1   125     1   114     1   115 0.98 -
d1ub9a_a.4.5.28      -            100 d1p4xa1a.4.5.28.aln  -            140   2.7e-21   71.3   0.0   1   1   7.1e-23   2.9e-21   71.2   0.0    20   128     2    99     1   100 0.97 -
d3bjaa_a.4.5.0       -            139 d1p4xa1a.4.5.28.aln  -            140   4.8e-21   70.5   0.1   1   1   1.4e-22   5.7e-21   70.3   0.1    19   137    18   136    13   139 0.92 -
d3jw4a_a.4.5.0       -            137 d1p4xa1a.4.5.28.aln  -            140   4.7e-20   67.3   0.2   1   1   1.3e-21   5.5e-20   67.1   0.2    18   134    16   132     4   136 0.94 -
d1p4xa1a.4.5.28      -            125 d1p4xa1a.4.5.28.aln  -            140   2.9e-13   45.3   0.8   1   1   8.4e-15   3.5e-13   45.0   0.8    11   104    13   106     4   119 0.87 -
d3ctaa1a.4.5.28      -             85 d1p4xa1a.4.5.28.aln  -            140   3.6e-13   45.0   0.2   1   1   1.1e-14   4.7e-13   44.6   0.2    45   106    18    76     1    83 0.82 -
#
# Program:         hmmsearch
# Version:         3.3.2 (Nov 2020)
# Pipeline mode:   SEARCH
# Query file:      /home/elise/Documents/M1-BIM/S2/TMEs/SBAS/tme08/models/scop30/d1p4xa1a.4.5.28.aln.hmm
# Target file:     /home/elise/Documents/M1-BIM/S2/TMEs/SBAS/tme08/scop/scop/scopTestSeq.fasta
# Option settings: hmmsearch --domtblout /home/elise/Documents/M1-BIM/S2/TMEs/SBAS/tme08/searchResults/scop30/d1p4xa1a.4.5.28.aln.out -E 1 /home/elise/Documents/M1-BIM/S2/TMEs/SBAS/tme08/models/scop30/d1p4xa1a.4.5.28.aln.hmm /home/elise/Documents/M1-BIM/S2/TMEs/SBAS/tme08/scop/scop/scopTestSeq.fasta 
# Current dir:     /home/elise/Documents/M1-BIM/S2/TMEs/SBAS/tme08
# Date:            Thu Apr 10 10:02:24 2025
# [ok]
