#                                                                            --- full sequence --- -------------- this domain -------------   hmm coord   ali coord   env coord
# target name        accession   tlen query name           accession   qlen   E-value  score  bias   #  of  c-Evalue  i-Evalue  score  bias  from    to  from    to  from    to  acc description of target
#------------------- ---------- ----- -------------------- ---------- ----- --------- ------ ----- --- --- --------- --------- ------ ----- ----- ----- ----- ----- ----- ----- ---- ---------------------
d1kgda_c.37.1.1      -            178 d1p5zb_c.37.1.1.aln  -            191   9.1e-50  164.5   0.1   1   1   2.4e-51     1e-49  164.4   0.1     1   184     1   178     1   178 0.99 -
d1kjwa2c.37.1.1      -            199 d1p5zb_c.37.1.1.aln  -            191   2.4e-49  163.1   0.1   1   1   6.4e-51   2.7e-49  163.0   0.1     2   190     5   193     4   194 0.99 -
d1lw7a2c.37.1.1      -            192 d1p5zb_c.37.1.1.aln  -            191     3e-49  162.8   0.0   1   1   8.1e-51   3.3e-49  162.7   0.0     2   189     6   187     5   189 0.98 -
d1khta_c.37.1.1      -            190 d1p5zb_c.37.1.1.aln  -            191   2.6e-48  159.8   0.1   1   1   6.9e-50   2.9e-48  159.6   0.1     3   189     1   188     1   190 0.99 -
d1qf9a_c.37.1.1      -            194 d1p5zb_c.37.1.1.aln  -            191   2.7e-48  159.7   0.0   1   1   7.2e-50     3e-48  159.6   0.0     1   187     4   193     4   194 0.99 -
d1deka_c.37.1.1      -            241 d1p5zb_c.37.1.1.aln  -            191   1.5e-47  157.3   0.0   1   1   4.2e-49   1.8e-47  157.0   0.0     3   190     1   203     1   204 0.99 -
d1t0hb_c.37.1.1      -            219 d1p5zb_c.37.1.1.aln  -            191   5.4e-46  152.2   0.0   1   1   1.4e-47     6e-46  152.0   0.0     1   190     1   207     1   208 0.99 -
d1vhta_c.37.1.1      -            208 d1p5zb_c.37.1.1.aln  -            191   6.2e-46  152.0   0.1   1   1   1.7e-47   6.9e-46  151.8   0.1     2   190     2   201     1   202 0.99 -
d1zina1c.37.1.1      -            183 d1p5zb_c.37.1.1.aln  -            191   8.1e-45  148.4   0.0   1   1   2.2e-46     9e-45  148.2   0.0     4   188     1   183     1   183 0.99 -
d1e2ka_c.37.1.1      -            329 d1p5zb_c.37.1.1.aln  -            191   1.5e-43  144.3   0.0   1   1   4.4e-45   1.8e-43  143.9   0.0     3   190     4   208     2   209 0.98 -
d1y63a_c.37.1.1      -            174 d1p5zb_c.37.1.1.aln  -            191   4.6e-43  142.6   0.6   1   1   1.2e-44   5.1e-43  142.5   0.6     2   186     4   173     3   174 0.98 -
d1gsia_c.37.1.1      -            208 d1p5zb_c.37.1.1.aln  -            191     2e-42  140.5   0.0   1   1   5.4e-44   2.2e-42  140.4   0.0     4   189     1   203     1   205 0.99 -
d2grja_c.37.1.1      -            179 d1p5zb_c.37.1.1.aln  -            191   2.1e-42  140.5   1.0   1   1   5.6e-44   2.3e-42  140.4   1.0     1   184     1   179     1   179 0.99 -
d1yj5a2c.37.1.1      -            172 d1p5zb_c.37.1.1.aln  -            191   4.8e-42  139.3   0.0   1   1   1.3e-43   5.3e-42  139.2   0.0     5   188     1   171     1   172 0.99 -
d3kb2a_c.37.1.1      -            171 d1p5zb_c.37.1.1.aln  -            191     4e-41  136.3   0.0   1   1   1.1e-42   4.4e-41  136.2   0.0     5   188     2   171     1   171 0.99 -
d1ly1a_c.37.1.1      -            152 d1p5zb_c.37.1.1.aln  -            191     2e-36  121.0   0.0   1   1   5.2e-38   2.2e-36  120.9   0.0     2   167     1   150     1   152 0.97 -
d2qora_c.37.1.0      -            196 d1p5zb_c.37.1.1.aln  -            191     7e-07   24.6   0.1   1   2   3.3e-07   1.4e-05   20.4   0.0     7    72     8    76     7    82 0.86 -
d2qora_c.37.1.0      -            196 d1p5zb_c.37.1.1.aln  -            191     7e-07   24.6   0.1   2   2      0.13       5.6    2.1   0.1   126   170   138   183   126   187 0.75 -
d1in4a2c.37.1.20     -            238 d1p5zb_c.37.1.1.aln  -            191   0.00017   16.9   0.0   1   1   8.4e-06   0.00035   15.8   0.0     6    41    38    73    37    78 0.91 -
d1um8a_c.37.1.20     -            364 d1p5zb_c.37.1.1.aln  -            191    0.0033   12.6   0.0   1   1   0.00019     0.008   11.4   0.0     5    33    70    98    68   116 0.81 -
#
# Program:         hmmsearch
# Version:         3.3.2 (Nov 2020)
# Pipeline mode:   SEARCH
# Query file:      /home/elise/Documents/M1-BIM/S2/TMEs/SBAS/tme08/models/scop30/d1p5zb_c.37.1.1.aln.hmm
# Target file:     /home/elise/Documents/M1-BIM/S2/TMEs/SBAS/tme08/scop/scop/scopTestSeq.fasta
# Option settings: hmmsearch --domtblout /home/elise/Documents/M1-BIM/S2/TMEs/SBAS/tme08/searchResults/scop30/d1p5zb_c.37.1.1.aln.out -E 1 /home/elise/Documents/M1-BIM/S2/TMEs/SBAS/tme08/models/scop30/d1p5zb_c.37.1.1.aln.hmm /home/elise/Documents/M1-BIM/S2/TMEs/SBAS/tme08/scop/scop/scopTestSeq.fasta 
# Current dir:     /home/elise/Documents/M1-BIM/S2/TMEs/SBAS/tme08
# Date:            Thu Apr 10 10:02:24 2025
# [ok]
