#                                                                            --- full sequence --- -------------- this domain -------------   hmm coord   ali coord   env coord
# target name        accession   tlen query name           accession   qlen   E-value  score  bias   #  of  c-Evalue  i-Evalue  score  bias  from    to  from    to  from    to  acc description of target
#------------------- ---------- ----- -------------------- ---------- ----- --------- ------ ----- --- --- --------- --------- ------ ----- ----- ----- ----- ----- ----- ----- ---- ---------------------
d1pvma4d.37.1.1      -            142 d1pbja3d.37.1.1.aln  -            136   3.7e-43  142.5   0.9   1   1   9.4e-45   4.1e-43  142.3   0.9     2   135     1   130     1   131 0.98 -
d2yzia1d.37.1.1      -            132 d1pbja3d.37.1.1.aln  -            136     1e-39  131.3   1.0   1   1   2.6e-41   1.1e-39  131.2   1.0     2   136     3   131     2   131 0.97 -
d2yzqa2d.37.1.1      -            122 d1pbja3d.37.1.1.aln  -            136   2.1e-39  130.3   2.0   1   1   5.2e-41   2.3e-39  130.2   2.0     4   135     1   121     1   122 0.98 -
d1o50a3d.37.1.1      -            145 d1pbja3d.37.1.1.aln  -            136   2.6e-39  130.0   1.2   1   1   6.6e-41   2.9e-39  129.8   1.2     2   135     2   144     1   145 0.98 -
d3ddja1d.37.1.1      -            141 d1pbja3d.37.1.1.aln  -            136     4e-39  129.4   6.5   1   1     1e-40   4.4e-39  129.3   6.5     4   135     2   134     1   135 0.98 -
d2yzqa1d.37.1.1      -            156 d1pbja3d.37.1.1.aln  -            136   1.1e-38  128.0   0.1   1   1   2.7e-40   1.2e-38  127.8   0.1     3   130     3   155     1   156 0.98 -
d2nyca1d.37.1.1      -            140 d1pbja3d.37.1.1.aln  -            136   2.9e-38  126.6   0.6   1   1   7.3e-40   3.2e-38  126.5   0.6     3   131     8   138     6   140 0.97 -
d1y5ha3d.37.1.1      -            123 d1pbja3d.37.1.1.aln  -            136   4.5e-38  126.0   0.0   1   1   1.1e-39   4.8e-38  125.9   0.0     6   130     3   122     1   123 0.97 -
d1vr9a3d.37.1.1      -            121 d1pbja3d.37.1.1.aln  -            136   8.1e-37  121.9   0.1   1   1     2e-38   8.9e-37  121.8   0.1     4   134     1   120     1   121 0.98 -
d2rc3a1d.37.1.1      -            127 d1pbja3d.37.1.1.aln  -            136     2e-36  120.7   1.7   1   1   4.9e-38   2.1e-36  120.6   1.7     3   130     4   125     2   127 0.96 -
d3ddja2d.37.1.1      -            135 d1pbja3d.37.1.1.aln  -            136   4.6e-36  119.5   0.1   1   1   1.1e-37     5e-36  119.4   0.1     4   134     1   134     1   135 0.98 -
d2j9la1d.37.1.1      -            169 d1pbja3d.37.1.1.aln  -            136   1.7e-35  117.6   0.4   1   1   4.5e-37     2e-35  117.4   0.4     2   135     9   160     8   161 0.98 -
d2v8qe2d.37.1.1      -            159 d1pbja3d.37.1.1.aln  -            136     6e-34  112.6   0.0   1   1   1.5e-35   6.7e-34  112.5   0.0     2   135    13   157    12   158 0.97 -
d2ouxa2d.37.1.1      -            127 d1pbja3d.37.1.1.aln  -            136   3.9e-33  110.0   6.6   1   1   9.6e-35   4.2e-33  109.9   6.6     3   135     5   126     3   127 0.97 -
d2riha_d.37.1.1      -            131 d1pbja3d.37.1.1.aln  -            136   5.9e-33  109.4   0.3   1   1   1.5e-34   6.6e-33  109.3   0.3     4   135     1   127     1   128 0.96 -
d1zfja4d.37.1.1      -            126 d1pbja3d.37.1.1.aln  -            136   5.7e-32  106.2   0.1   1   1   1.4e-33   6.3e-32  106.1   0.1     7   135     2   121     1   122 0.97 -
d2d4za3d.37.1.1      -            161 d1pbja3d.37.1.1.aln  -            136   3.8e-31  103.6   0.0   1   1   1.2e-32   5.2e-31  103.1   0.0     1   135     8   147     8   159 0.98 -
d1pbja3d.37.1.1      -            120 d1pbja3d.37.1.1.aln  -            136   1.2e-18   63.1   4.9   1   1   7.1e-19   3.1e-17   58.5   4.9     5   129     1   118     1   120 0.92 -
#
# Program:         hmmsearch
# Version:         3.3.2 (Nov 2020)
# Pipeline mode:   SEARCH
# Query file:      /home/elise/Documents/M1-BIM/S2/TMEs/SBAS/tme08/models/scop30/d1pbja3d.37.1.1.aln.hmm
# Target file:     /home/elise/Documents/M1-BIM/S2/TMEs/SBAS/tme08/scop/scop/scopTestSeq.fasta
# Option settings: hmmsearch --domtblout /home/elise/Documents/M1-BIM/S2/TMEs/SBAS/tme08/searchResults/scop30/d1pbja3d.37.1.1.aln.out -E 1 /home/elise/Documents/M1-BIM/S2/TMEs/SBAS/tme08/models/scop30/d1pbja3d.37.1.1.aln.hmm /home/elise/Documents/M1-BIM/S2/TMEs/SBAS/tme08/scop/scop/scopTestSeq.fasta 
# Current dir:     /home/elise/Documents/M1-BIM/S2/TMEs/SBAS/tme08
# Date:            Thu Apr 10 10:02:24 2025
# [ok]
