#                                                                            --- full sequence --- -------------- this domain -------------   hmm coord   ali coord   env coord
# target name        accession   tlen query name           accession   qlen   E-value  score  bias   #  of  c-Evalue  i-Evalue  score  bias  from    to  from    to  from    to  acc description of target
#------------------- ---------- ----- -------------------- ---------- ----- --------- ------ ----- --- --- --------- --------- ------ ----- ----- ----- ----- ----- ----- ----- ---- ---------------------
d2nooa_c.94.1.1      -            496 d1pb7a_c.94.1.1.aln  -            360   8.3e-80  264.0   0.6   1   1   4.6e-81   1.2e-79  263.5   0.6     1   360   116   493   116   493 1.00 -
d1xoca1c.94.1.1      -            504 d1pb7a_c.94.1.1.aln  -            360   9.1e-80  263.9  17.6   1   1   4.3e-81   1.1e-79  263.6  17.6     2   360   123   499   122   499 0.98 -
d1jeta_c.94.1.1      -            517 d1pb7a_c.94.1.1.aln  -            360   1.2e-79  263.4  12.7   1   1   6.8e-81   1.8e-79  262.9  12.7     1   360   145   511   145   511 1.00 -
d1uqwa_c.94.1.1      -            487 d1pb7a_c.94.1.1.aln  -            360   7.7e-79  260.8  11.7   1   1   3.9e-80     1e-78  260.4  11.7     1   359   119   483   119   484 0.99 -
d1vr5a1c.94.1.1      -            535 d1pb7a_c.94.1.1.aln  -            360   2.3e-75  249.4  10.7   1   1     1e-76   2.7e-75  249.2  10.7     1   360   120   519   120   519 1.00 -
d1ursa_c.94.1.1      -            367 d1pb7a_c.94.1.1.aln  -            360   6.6e-75  247.9  12.2   1   1   2.8e-76   7.4e-75  247.8  12.2     1   360     1   367     1   367 0.99 -
d1eu8a_c.94.1.1      -            407 d1pb7a_c.94.1.1.aln  -            360   1.6e-74  246.7   9.0   1   1   6.7e-76   1.8e-74  246.5   9.0     1   360    16   403    16   403 1.00 -
d3vlva_c.94.1.1      -            490 d1pb7a_c.94.1.1.aln  -            360   2.2e-72  239.7  11.9   1   1   9.7e-74   2.5e-72  239.4  11.9     1   360    98   489    98   489 1.00 -
d3thia_c.94.1.1      -            362 d1pb7a_c.94.1.1.aln  -            360   3.2e-64  212.8   0.9   1   1   1.3e-65   3.5e-64  212.7   0.9    11   345     4   362     1   362 0.98 -
d1q35a_c.94.1.1      -            318 d1pb7a_c.94.1.1.aln  -            360   9.1e-54  178.5   1.9   1   1   3.9e-55     1e-53  178.3   1.9    31   345     2   318     1   318 0.99 -
d1nnfa_c.94.1.1      -            308 d1pb7a_c.94.1.1.aln  -            360   1.1e-51  171.7  12.7   1   1   4.4e-53   1.2e-51  171.5  12.7    32   338     1   307     1   308 0.99 -
d1r9la_c.94.1.1      -            309 d1pb7a_c.94.1.1.aln  -            360   1.1e-50  168.3   9.3   1   1   4.7e-52   1.2e-50  168.2   9.3    45   341     3   309     1   309 0.99 -
d1ixha_c.94.1.1      -            321 d1pb7a_c.94.1.1.aln  -            360     1e-48  161.8  10.1   1   1   4.4e-50   1.2e-48  161.7  10.1    35   341     2   319     1   321 0.99 -
d1sbpa_c.94.1.1      -            309 d1pb7a_c.94.1.1.aln  -            360   2.6e-48  160.5   8.2   1   1   1.1e-49   2.9e-48  160.4   8.2    45   341     2   309     1   309 0.99 -
d1us5a_c.94.1.1      -            298 d1pb7a_c.94.1.1.aln  -            360     9e-47  155.5   0.6   1   1   3.8e-48     1e-46  155.3   0.6    47   340     3   298     1   298 0.99 -
d2nxoa1c.94.1.1      -            277 d1pb7a_c.94.1.1.aln  -            360   1.9e-43  144.5   0.0   1   1   8.1e-45   2.1e-43  144.4   0.0    48   333     2   276     1   277 0.98 -
d1sw5a_c.94.1.1      -            270 d1pb7a_c.94.1.1.aln  -            360   4.2e-36  120.4   4.7   1   1   1.8e-37   4.6e-36  120.3   4.7    48   318     2   266     1   269 0.98 -
d1xt8a1c.94.1.1      -            248 d1pb7a_c.94.1.1.aln  -            360   2.8e-34  114.4   3.5   1   1   1.3e-35   3.3e-34  114.2   3.5    45   290     3   245     1   247 0.98 -
d2i6ea1c.94.1.1      -            272 d1pb7a_c.94.1.1.aln  -            360     6e-34  113.3   0.0   1   1   2.7e-35   7.1e-34  113.1   0.0    53   322     6   268     1   270 0.93 -
d1al3a_c.94.1.1      -            237 d1pb7a_c.94.1.1.aln  -            360   2.8e-33  111.2   0.0   1   1   1.2e-34   3.1e-33  111.0   0.0    49   310     2   237     1   237 0.98 -
d2czla1c.94.1.1      -            270 d1pb7a_c.94.1.1.aln  -            360   4.4e-32  107.2   0.0   1   1   1.9e-33   4.9e-32  107.1   0.0    50   333     3   268     1   270 0.96 -
d1ii5a_c.94.1.1      -            226 d1pb7a_c.94.1.1.aln  -            360   2.8e-31  104.6   0.3   1   1   1.2e-32     3e-31  104.5   0.3    43   270     2   224     1   226 0.98 -
d1twya_c.94.1.1      -            249 d1pb7a_c.94.1.1.aln  -            360   9.6e-31  102.8   0.1   1   1   4.3e-32   1.1e-30  102.6   0.1    48   333     2   247     1   248 0.98 -
d1atga_c.94.1.1      -            231 d1pb7a_c.94.1.1.aln  -            360   1.4e-29   99.0   3.3   1   1   6.1e-31   1.6e-29   98.8   3.3    56   291     4   231     2   231 0.97 -
d2ozza1c.94.1.1      -            228 d1pb7a_c.94.1.1.aln  -            360   1.8e-28   95.3   0.0   1   1   7.9e-30   2.1e-28   95.1   0.0    53   286     1   226     1   227 0.99 -
d2esna2c.94.1.1      -            212 d1pb7a_c.94.1.1.aln  -            360   1.4e-26   89.1   0.0   1   1     6e-28   1.6e-26   89.0   0.0    51   275     2   210     1   211 0.98 -
d2qmwa1c.94.1.1      -            184 d1pb7a_c.94.1.1.aln  -            360   5.6e-22   74.0   0.1   1   1   2.3e-23   6.2e-22   73.9   0.1    46   236     1   182     1   184 0.98 -
d1i6aa_c.94.1.1      -            212 d1pb7a_c.94.1.1.aln  -            360   8.2e-20   66.9   0.0   1   1   3.5e-21   9.1e-20   66.7   0.0    50   298     2   211     1   212 0.97 -
d1ve4a1c.94.1.1      -            206 d1pb7a_c.94.1.1.aln  -            360   1.8e-16   55.9   0.0   1   1   7.4e-18   1.9e-16   55.8   0.0    56   273     4   203     1   206 0.96 -
d1ixca2c.94.1.1      -            205 d1pb7a_c.94.1.1.aln  -            360   7.9e-16   53.8   0.0   1   1   3.8e-17   9.9e-16   53.5   0.0    53   237     2   171     1   180 0.97 -
#
# Program:         hmmsearch
# Version:         3.3.2 (Nov 2020)
# Pipeline mode:   SEARCH
# Query file:      /home/elise/Documents/M1-BIM/S2/TMEs/SBAS/tme08/models/scop30/d1pb7a_c.94.1.1.aln.hmm
# Target file:     /home/elise/Documents/M1-BIM/S2/TMEs/SBAS/tme08/scop/scop/scopTestSeq.fasta
# Option settings: hmmsearch --domtblout /home/elise/Documents/M1-BIM/S2/TMEs/SBAS/tme08/searchResults/scop30/d1pb7a_c.94.1.1.aln.out -E 1 /home/elise/Documents/M1-BIM/S2/TMEs/SBAS/tme08/models/scop30/d1pb7a_c.94.1.1.aln.hmm /home/elise/Documents/M1-BIM/S2/TMEs/SBAS/tme08/scop/scop/scopTestSeq.fasta 
# Current dir:     /home/elise/Documents/M1-BIM/S2/TMEs/SBAS/tme08
# Date:            Thu Apr 10 10:02:24 2025
# [ok]
