#                                                                            --- full sequence --- -------------- this domain -------------   hmm coord   ali coord   env coord
# target name        accession   tlen query name           accession   qlen   E-value  score  bias   #  of  c-Evalue  i-Evalue  score  bias  from    to  from    to  from    to  acc description of target
#------------------- ---------- ----- -------------------- ---------- ----- --------- ------ ----- --- --- --------- --------- ------ ----- ----- ----- ----- ----- ----- ----- ---- ---------------------
d1piwa1b.35.1.2      -            193 d1pl8a1b.35.1.2.aln  -            184   6.5e-67  220.5   0.5   1   1   9.9e-69   7.1e-67  220.4   0.5     1   183     1   192     1   193 0.99 -
d2jhfa1b.35.1.2      -            199 d1pl8a1b.35.1.2.aln  -            184   2.2e-64  212.3   0.0   1   1   3.3e-66   2.4e-64  212.1   0.0     2   183     7   198     6   199 0.98 -
d1f8fa1b.35.1.2      -            195 d1pl8a1b.35.1.2.aln  -            184   1.1e-61  203.4   0.1   1   1   1.7e-63   1.2e-61  203.3   0.1     2   184     2   194     1   194 0.98 -
d1kola1b.35.1.2      -            202 d1pl8a1b.35.1.2.aln  -            184   1.9e-59  196.2   0.3   1   1   2.9e-61   2.1e-59  196.0   0.3     4   183     2   200     1   201 0.98 -
d1jqba1b.35.1.2      -            178 d1pl8a1b.35.1.2.aln  -            184     8e-58  190.9   0.0   1   1   1.2e-59   8.9e-58  190.7   0.0     9   184     1   177     1   177 0.99 -
d1h2ba1b.35.1.2      -            172 d1pl8a1b.35.1.2.aln  -            184   3.5e-57  188.8   0.0   1   1   5.6e-59     4e-57  188.6   0.0     5   181     1   169     1   171 0.97 -
d1gu7a1b.35.1.2      -            176 d1pl8a1b.35.1.2.aln  -            184   1.1e-50  167.6   0.0   1   1   1.7e-52   1.2e-50  167.5   0.0     1   184     1   176     1   176 0.99 -
d1yb5a1b.35.1.2      -            151 d1pl8a1b.35.1.2.aln  -            184   2.1e-43  143.9   0.0   1   1   6.6e-45   4.8e-43  142.7   0.0     3   183     2   149     1   150 0.98 -
d1o89a1b.35.1.2      -            147 d1pl8a1b.35.1.2.aln  -            184   1.6e-35  118.2   0.0   1   1     3e-37   2.2e-35  117.7   0.0     5   183     2   146     1   147 0.98 -
d2dm6a1b.35.1.2      -            148 d1pl8a1b.35.1.2.aln  -            184   1.7e-34  114.8   0.0   1   1   4.1e-36   2.9e-34  114.1   0.0     2   183     4   147     3   148 0.98 -
d1pl8a1b.35.1.2      -            186 d1pl8a1b.35.1.2.aln  -            184   4.1e-25   84.3   0.0   1   1     7e-27     5e-25   84.0   0.0    16   179    17   174    11   179 0.88 -
#
# Program:         hmmsearch
# Version:         3.3.2 (Nov 2020)
# Pipeline mode:   SEARCH
# Query file:      /home/elise/Documents/M1-BIM/S2/TMEs/SBAS/tme08/models/scop30/d1pl8a1b.35.1.2.aln.hmm
# Target file:     /home/elise/Documents/M1-BIM/S2/TMEs/SBAS/tme08/scop/scop/scopTestSeq.fasta
# Option settings: hmmsearch --domtblout /home/elise/Documents/M1-BIM/S2/TMEs/SBAS/tme08/searchResults/scop30/d1pl8a1b.35.1.2.aln.out -E 1 /home/elise/Documents/M1-BIM/S2/TMEs/SBAS/tme08/models/scop30/d1pl8a1b.35.1.2.aln.hmm /home/elise/Documents/M1-BIM/S2/TMEs/SBAS/tme08/scop/scop/scopTestSeq.fasta 
# Current dir:     /home/elise/Documents/M1-BIM/S2/TMEs/SBAS/tme08
# Date:            Thu Apr 10 10:02:24 2025
# [ok]
