#                                                                            --- full sequence --- -------------- this domain -------------   hmm coord   ali coord   env coord
# target name        accession   tlen query name           accession   qlen   E-value  score  bias   #  of  c-Evalue  i-Evalue  score  bias  from    to  from    to  from    to  acc description of target
#------------------- ---------- ----- -------------------- ---------- ----- --------- ------ ----- --- --- --------- --------- ------ ----- ----- ----- ----- ----- ----- ----- ---- ---------------------
d2dm6a2c.2.1.1       -            182 d1pqwa_c.2.1.1.aln   -            178   9.1e-60  196.6   0.1   1   1     2e-61     1e-59  196.5   0.1     5   177     6   179     2   180 0.98 -
d1vj0a2c.2.1.1       -            182 d1pqwa_c.2.1.1.aln   -            178   2.4e-58  192.0   0.0   1   1   5.5e-60   2.7e-58  191.8   0.0     2   177     2   178     1   179 0.98 -
d1qora2c.2.1.1       -            179 d1pqwa_c.2.1.1.aln   -            178   4.8e-58  191.0   0.2   1   1   1.1e-59   5.3e-58  190.9   0.2     2   177     2   178     1   179 0.99 -
d2jhfa2c.2.1.1       -            176 d1pqwa_c.2.1.1.aln   -            178   2.3e-56  185.6   1.2   1   1   5.1e-58   2.5e-56  185.4   1.2     2   175     2   175     1   176 0.98 -
d1jqba2c.2.1.1       -            174 d1pqwa_c.2.1.1.aln   -            178   1.8e-55  182.6   3.7   1   1   4.1e-57     2e-55  182.5   3.7     3   176     2   173     1   174 0.98 -
d1yb5a2c.2.1.1       -            174 d1pqwa_c.2.1.1.aln   -            178   1.1e-54  180.1   1.7   1   1   2.5e-56   1.2e-54  179.9   1.7     2   178     2   174     1   174 0.99 -
d1gu7a2c.2.1.1       -            189 d1pqwa_c.2.1.1.aln   -            178   1.3e-52  173.4   0.0   1   1   2.8e-54   1.4e-52  173.2   0.0     2   177     2   185     1   186 0.99 -
d1pl8a2c.2.1.1       -            171 d1pqwa_c.2.1.1.aln   -            178   8.9e-52  170.6   4.1   1   1     2e-53   9.7e-52  170.5   4.1     5   175     3   170     1   171 0.97 -
d1kola2c.2.1.1       -            195 d1pqwa_c.2.1.1.aln   -            178   5.1e-51  168.1   0.4   1   1   1.2e-52   5.7e-51  168.0   0.4     6   177     3   187     1   188 0.98 -
d1h2ba2c.2.1.1       -            172 d1pqwa_c.2.1.1.aln   -            178   4.8e-50  165.0   1.3   1   1   1.1e-51   5.2e-50  164.9   1.3     2   169     5   170     4   172 0.98 -
d1piwa2c.2.1.1       -            168 d1pqwa_c.2.1.1.aln   -            178   3.1e-49  162.3   0.0   1   1     7e-51   3.4e-49  162.2   0.0     2   173     2   167     1   168 0.98 -
d1o89a2c.2.1.1       -            177 d1pqwa_c.2.1.1.aln   -            178   1.3e-47  157.0   0.2   1   1     3e-49   1.5e-47  156.9   0.2     2   176     2   173     1   175 0.98 -
d1pqwa_c.2.1.1       -            183 d1pqwa_c.2.1.1.aln   -            178   4.8e-22   73.8   0.8   1   1   1.3e-23   6.2e-22   73.4   0.8     5   121     2   119     1   126 0.93 -
d1c1da1c.2.1.7       -            201 d1pqwa_c.2.1.1.aln   -            178   0.00072   14.6   5.0   1   2   1.5e-05   0.00072   14.6   5.0    28    77    26    74     4    80 0.88 -
d1c1da1c.2.1.7       -            201 d1pqwa_c.2.1.1.aln   -            178   0.00072   14.6   5.0   2   2       4.3   2.1e+02   -3.3   0.2    41    60    94   112    90   121 0.66 -
d1k0ia1c.3.1.2       -            293 d1pqwa_c.2.1.1.aln   -            178    0.0032   12.4   0.1   1   2   0.00015    0.0073   11.3   0.0    30    63     3    36     1    40 0.87 -
d1k0ia1c.3.1.2       -            293 d1pqwa_c.2.1.1.aln   -            178    0.0032   12.4   0.1   2   2       3.8   1.9e+02   -3.1   0.0    66    83   110   127    91   131 0.63 -
d1luaa1c.2.1.7       -            191 d1pqwa_c.2.1.1.aln   -            178     0.053    8.5   8.8   1   1    0.0023      0.11    7.4   8.8    20    67    14    62     5    67 0.72 -
#
# Program:         hmmsearch
# Version:         3.3.2 (Nov 2020)
# Pipeline mode:   SEARCH
# Query file:      /home/elise/Documents/M1-BIM/S2/TMEs/SBAS/tme08/models/scop30/d1pqwa_c.2.1.1.aln.hmm
# Target file:     /home/elise/Documents/M1-BIM/S2/TMEs/SBAS/tme08/scop/scop/scopTestSeq.fasta
# Option settings: hmmsearch --domtblout /home/elise/Documents/M1-BIM/S2/TMEs/SBAS/tme08/searchResults/scop30/d1pqwa_c.2.1.1.aln.out -E 1 /home/elise/Documents/M1-BIM/S2/TMEs/SBAS/tme08/models/scop30/d1pqwa_c.2.1.1.aln.hmm /home/elise/Documents/M1-BIM/S2/TMEs/SBAS/tme08/scop/scop/scopTestSeq.fasta 
# Current dir:     /home/elise/Documents/M1-BIM/S2/TMEs/SBAS/tme08
# Date:            Thu Apr 10 10:02:24 2025
# [ok]
