#                                                                            --- full sequence --- -------------- this domain -------------   hmm coord   ali coord   env coord
# target name        accession   tlen query name           accession   qlen   E-value  score  bias   #  of  c-Evalue  i-Evalue  score  bias  from    to  from    to  from    to  acc description of target
#------------------- ---------- ----- -------------------- ---------- ----- --------- ------ ----- --- --- --------- --------- ------ ----- ----- ----- ----- ----- ----- ----- ---- ---------------------
d1qdda_d.169.1.1     -            144 d1pwba1d.169.1.1.aln -            130   6.8e-44  144.7   3.0   1   1   1.3e-45   7.7e-44  144.5   3.0     2   128    13   143    12   144 0.98 -
d2ziba_d.169.1.1     -            130 d1pwba1d.169.1.1.aln -            130   3.4e-40  132.7   5.1   1   1   6.2e-42   3.8e-40  132.6   5.1     2   129     6   129     5   130 0.98 -
d1wmza_d.169.1.1     -            140 d1pwba1d.169.1.1.aln -            130   1.1e-39  131.1   8.6   1   1     2e-41   1.2e-39  130.9   8.6     2   129     2   139     1   140 0.98 -
d1qo3c_d.169.1.1     -            133 d1pwba1d.169.1.1.aln -            130   1.9e-37  123.8   4.6   1   1   3.6e-39   2.2e-37  123.7   4.6     3   129    14   132    12   133 0.97 -
d1gz2a_d.169.1.1     -            139 d1pwba1d.169.1.1.aln -            130   6.3e-37  122.2   0.1   1   1   1.1e-38     7e-37  122.0   0.1     3   128     2   138     1   139 0.98 -
d3l9jc_d.169.1.1     -            134 d1pwba1d.169.1.1.aln -            130   1.4e-36  121.1   3.1   1   1   2.5e-38   1.5e-36  121.0   3.1     2   128     2   133     1   134 0.96 -
d1g1ta1d.169.1.1     -            118 d1pwba1d.169.1.1.aln -            130   2.1e-34  114.0   5.6   1   1   3.8e-36   2.3e-34  113.9   5.6    13   126     1   118     1   118 0.97 -
d1wk1a_d.169.1.1     -            150 d1pwba1d.169.1.1.aln -            130     4e-34  113.1   0.0   1   1   7.3e-36   4.4e-34  113.0   0.0     7   129     3   131     1   132 0.97 -
d1h8ua_d.169.1.1     -            115 d1pwba1d.169.1.1.aln -            130   1.1e-32  108.5   5.7   1   1   1.9e-34   1.2e-32  108.4   5.7    15   126     2   114     1   115 0.97 -
d1byfa_d.169.1.1     -            123 d1pwba1d.169.1.1.aln -            130   3.4e-32  106.9   0.1   1   1     6e-34   3.7e-32  106.8   0.1    13   129     2   122     1   123 0.97 -
d3hupa_d.169.1.1     -            121 d1pwba1d.169.1.1.aln -            130   1.1e-31  105.3  10.1   1   1   1.9e-33   1.2e-31  105.1  10.1     2   129     6   120     5   121 0.95 -
d1kg0c_d.169.1.1     -            136 d1pwba1d.169.1.1.aln -            130   5.3e-29   96.6   3.6   1   1   1.2e-30   7.1e-29   96.1   3.6     1   129    17   135    17   136 0.95 -
d1pwba1d.169.1.1     -            121 d1pwba1d.169.1.1.aln -            130   3.9e-19   64.6   0.0   1   1   7.5e-21   4.5e-19   64.4   0.0    13   127     9   121     3   121 0.92 -
#
# Program:         hmmsearch
# Version:         3.3.2 (Nov 2020)
# Pipeline mode:   SEARCH
# Query file:      /home/elise/Documents/M1-BIM/S2/TMEs/SBAS/tme08/models/scop30/d1pwba1d.169.1.1.aln.hmm
# Target file:     /home/elise/Documents/M1-BIM/S2/TMEs/SBAS/tme08/scop/scop/scopTestSeq.fasta
# Option settings: hmmsearch --domtblout /home/elise/Documents/M1-BIM/S2/TMEs/SBAS/tme08/searchResults/scop30/d1pwba1d.169.1.1.aln.out -E 1 /home/elise/Documents/M1-BIM/S2/TMEs/SBAS/tme08/models/scop30/d1pwba1d.169.1.1.aln.hmm /home/elise/Documents/M1-BIM/S2/TMEs/SBAS/tme08/scop/scop/scopTestSeq.fasta 
# Current dir:     /home/elise/Documents/M1-BIM/S2/TMEs/SBAS/tme08
# Date:            Thu Apr 10 10:02:24 2025
# [ok]
