#                                                                            --- full sequence --- -------------- this domain -------------   hmm coord   ali coord   env coord
# target name        accession   tlen query name           accession   qlen   E-value  score  bias   #  of  c-Evalue  i-Evalue  score  bias  from    to  from    to  from    to  acc description of target
#------------------- ---------- ----- -------------------- ---------- ----- --------- ------ ----- --- --- --------- --------- ------ ----- ----- ----- ----- ----- ----- ----- ---- ---------------------
d3cina1c.2.1.3       -            276 d1q0qa2c.2.1.3.aln   -            216   2.6e-51  170.0   0.1   1   1   9.8e-53     3e-51  169.8   0.1     5   216     1   270     1   270 1.00 -
d1p1ja1c.2.1.3       -            411 d1q0qa2c.2.1.3.aln   -            216   2.2e-50  167.0   0.0   1   1   8.9e-52   2.7e-50  166.7   0.0     2   216    54   308    53   308 0.99 -
d1gr0a1c.2.1.3       -            244 d1q0qa2c.2.1.3.aln   -            216     2e-48  160.6   1.3   1   1   7.3e-50   2.2e-48  160.4   1.3     6   214     2   244     1   244 0.99 -
d2nvwa1c.2.1.3       -            238 d1q0qa2c.2.1.3.aln   -            216   2.9e-48  160.0   0.0   1   1   1.1e-49   3.2e-48  159.9   0.0     5   216     1   238     1   238 0.99 -
d1ydwa1c.2.1.3       -            185 d1q0qa2c.2.1.3.aln   -            216   2.1e-44  147.4   0.0   1   1   7.7e-46   2.3e-44  147.3   0.0     6   185     1   184     1   185 0.99 -
d1h6da1c.2.1.3       -            222 d1q0qa2c.2.1.3.aln   -            216   5.6e-44  146.0   0.0   1   1   2.1e-45   6.2e-44  145.9   0.0     2   189     2   222     1   222 0.98 -
d1h9aa1c.2.1.3       -            196 d1q0qa2c.2.1.3.aln   -            216   1.4e-41  138.3   0.2   1   1   4.9e-43   1.5e-41  138.1   0.2     6   195     3   195     1   196 0.99 -
d1zh8a1c.2.1.3       -            182 d1q0qa2c.2.1.3.aln   -            216   6.9e-38  126.1   0.0   1   1   2.6e-39   7.9e-38  125.9   0.0     5   179     2   179     1   181 0.98 -
d1xeaa1c.2.1.3       -            168 d1q0qa2c.2.1.3.aln   -            216   1.1e-37  125.5   0.0   1   1   3.9e-39   1.2e-37  125.4   0.0     7   176     2   167     1   168 0.99 -
d1tlta1c.2.1.3       -            165 d1q0qa2c.2.1.3.aln   -            216   4.9e-37  123.3   0.0   1   1   1.8e-38   5.4e-37  123.2   0.0     6   172     1   164     1   165 0.98 -
d1qkia1c.2.1.3       -            204 d1q0qa2c.2.1.3.aln   -            216   6.7e-37  122.9   0.0   1   1   2.5e-38   7.4e-37  122.8   0.0     1   191    13   203    13   204 0.99 -
d1e5qa1c.2.1.3       -            183 d1q0qa2c.2.1.3.aln   -            216   5.4e-35  116.7   0.3   1   1   1.9e-36   5.9e-35  116.5   0.3     7   189     3   182     1   183 0.98 -
d1lc0a1c.2.1.3       -            173 d1q0qa2c.2.1.3.aln   -            216   3.7e-33  110.7   0.0   1   1   1.3e-34   4.1e-33  110.5   0.0     2   176     3   172     2   173 0.98 -
d2g82a1c.2.1.3       -            169 d1q0qa2c.2.1.3.aln   -            216   1.2e-32  109.0   0.2   1   1   4.5e-34   1.4e-32  108.8   0.2     7   173     1   164     1   168 0.97 -
d1f06a1c.2.1.3       -            171 d1q0qa2c.2.1.3.aln   -            216   1.5e-31  105.4   0.1   1   1   5.5e-33   1.7e-31  105.3   0.1     4   171     1   170     1   171 0.98 -
d1nvmb1c.2.1.3       -            158 d1q0qa2c.2.1.3.aln   -            216   3.8e-31  104.1   0.2   1   1   1.4e-32   4.1e-31  104.0   0.2     3   171     1   158     1   158 0.98 -
d1vkna1c.2.1.3       -            177 d1q0qa2c.2.1.3.aln   -            216   6.9e-30  100.0   0.0   1   1   2.5e-31   7.6e-30   99.8   0.0     5   180     1   176     1   177 0.99 -
d1drua1c.2.1.3       -            161 d1q0qa2c.2.1.3.aln   -            216     2e-28   95.2   0.1   1   1   7.3e-30   2.2e-28   95.1   0.1     5   169     2   160     1   161 0.98 -
d1cf2o1c.2.1.3       -            172 d1q0qa2c.2.1.3.aln   -            216   2.2e-27   91.8   1.0   1   1     8e-29   2.4e-27   91.7   1.0     6   171     1   171     1   172 0.99 -
d1ebfa1c.2.1.3       -            169 d1q0qa2c.2.1.3.aln   -            216   8.4e-27   89.9   0.4   1   1     3e-28   9.2e-27   89.8   0.4     4   170     2   168     1   169 0.98 -
d1t4ba1c.2.1.3       -            147 d1q0qa2c.2.1.3.aln   -            216     3e-23   78.3   0.0   1   1   1.1e-24   3.3e-23   78.2   0.0     5   168     1   147     1   147 0.99 -
d1yl7a1c.2.1.3       -            136 d1q0qa2c.2.1.3.aln   -            216   5.8e-19   64.3   0.0   1   1   2.1e-20   6.3e-19   64.1   0.0     8   167     2   135     1   136 0.97 -
d1j5pa4c.2.1.3       -            133 d1q0qa2c.2.1.3.aln   -            216     8e-18   60.5   0.0   1   1   2.8e-19   8.6e-18   60.4   0.0     5   158     1   129     1   133 0.96 -
d1vm6a3c.2.1.3       -            129 d1q0qa2c.2.1.3.aln   -            216   3.6e-17   58.4   0.0   1   1   1.3e-18   4.1e-17   58.2   0.0     6   166     1   128     1   129 0.97 -
d1nhpa2c.3.1.5       -            123 d1q0qa2c.2.1.3.aln   -            216   0.00017   17.0   0.4   1   1   6.4e-06   0.00019   16.8   0.4     7    77    31   119    29   123 0.92 -
d2ahra2c.2.1.6       -            152 d1q0qa2c.2.1.3.aln   -            216   0.00048   15.5   0.0   1   1   2.1e-05   0.00063   15.1   0.0     7    49     1    45     1    70 0.75 -
#
# Program:         hmmsearch
# Version:         3.3.2 (Nov 2020)
# Pipeline mode:   SEARCH
# Query file:      /home/elise/Documents/M1-BIM/S2/TMEs/SBAS/tme08/models/scop30/d1q0qa2c.2.1.3.aln.hmm
# Target file:     /home/elise/Documents/M1-BIM/S2/TMEs/SBAS/tme08/scop/scop/scopTestSeq.fasta
# Option settings: hmmsearch --domtblout /home/elise/Documents/M1-BIM/S2/TMEs/SBAS/tme08/searchResults/scop30/d1q0qa2c.2.1.3.aln.out -E 1 /home/elise/Documents/M1-BIM/S2/TMEs/SBAS/tme08/models/scop30/d1q0qa2c.2.1.3.aln.hmm /home/elise/Documents/M1-BIM/S2/TMEs/SBAS/tme08/scop/scop/scopTestSeq.fasta 
# Current dir:     /home/elise/Documents/M1-BIM/S2/TMEs/SBAS/tme08
# Date:            Thu Apr 10 10:02:24 2025
# [ok]
