#                                                                            --- full sequence --- -------------- this domain -------------   hmm coord   ali coord   env coord
# target name        accession   tlen query name           accession   qlen   E-value  score  bias   #  of  c-Evalue  i-Evalue  score  bias  from    to  from    to  from    to  acc description of target
#------------------- ---------- ----- -------------------- ---------- ----- --------- ------ ----- --- --- --------- --------- ------ ----- ----- ----- ----- ----- ----- ----- ---- ---------------------
d2p0wa_d.108.1.1     -            319 d1q2ya_d.108.1.1.aln -            292  1.2e-115  381.5   1.9   1   1  7.4e-117  1.3e-115  381.3   1.9     1   292     5   319     5   319 1.00 -
d1boba_d.108.1.1     -            315 d1q2ya_d.108.1.1.aln -            292  2.3e-114  377.3   4.1   1   1  1.4e-115  2.5e-114  377.1   4.1     1   292     1   315     1   315 1.00 -
d2pq8a_d.108.1.1     -            271 d1q2ya_d.108.1.1.aln -            292   2.9e-67  222.6   0.1   1   1   1.9e-68   3.3e-67  222.5   0.1    75   292     1   241     1   241 1.00 -
d1u6ma_d.108.1.1     -            189 d1q2ya_d.108.1.1.aln -            292   4.1e-34  113.8   0.0   1   1   2.5e-35   4.6e-34  113.7   0.0   100   279     2   187     1   189 0.97 -
d1yk3a1d.108.1.1     -            198 d1q2ya_d.108.1.1.aln -            292   1.1e-33  112.5   0.0   1   1   6.6e-35   1.2e-33  112.3   0.0    94   281     2   197     1   198 0.98 -
d1tiqa_d.108.1.1     -            173 d1q2ya_d.108.1.1.aln -            292   3.2e-33  110.9   1.1   1   1   1.9e-34   3.5e-33  110.8   1.1   115   286     2   172     1   173 0.98 -
d1i12a_d.108.1.1     -            157 d1q2ya_d.108.1.1.aln -            292   1.2e-27   92.6   0.0   1   1   7.7e-29   1.4e-27   92.4   0.0   117   269     5   155     2   157 0.96 -
d2gana1d.108.1.1     -            182 d1q2ya_d.108.1.1.aln -            292   1.9e-26   88.7   0.2   1   1   1.2e-27   2.1e-26   88.6   0.2   104   279     1   181     1   182 0.96 -
d1z4ea1d.108.1.1     -            150 d1q2ya_d.108.1.1.aln -            292   5.3e-26   87.2   0.1   1   1   3.4e-27     6e-26   87.0   0.1   118   265     2   144     1   148 0.96 -
d1mk4a_d.108.1.1     -            157 d1q2ya_d.108.1.1.aln -            292   1.5e-25   85.7   0.0   1   1   9.4e-27   1.7e-25   85.6   0.0   122   291     3   156     1   157 0.96 -
d1ufha_d.108.1.1     -            155 d1q2ya_d.108.1.1.aln -            292   2.1e-25   85.2   0.6   1   1   1.3e-26   2.3e-25   85.1   0.6   118   269     3   153     1   155 0.97 -
d2ae6a1d.108.1.1     -            161 d1q2ya_d.108.1.1.aln -            292   4.8e-25   84.1   0.1   1   1   2.9e-26   5.2e-25   84.0   0.1   117   284     1   159     1   161 0.97 -
d2fl4a1d.108.1.1     -            146 d1q2ya_d.108.1.1.aln -            292   7.5e-24   80.2   0.7   1   1   4.5e-25   8.1e-24   80.1   0.7   126   278     3   145     1   146 0.90 -
d2b5ga_d.108.1.1     -            168 d1q2ya_d.108.1.1.aln -            292   1.3e-23   79.3   0.0   1   1     8e-25   1.4e-23   79.2   0.0   116   281     2   165     1   168 0.94 -
d1ghea_d.108.1.1     -            170 d1q2ya_d.108.1.1.aln -            292   1.4e-23   79.3   0.0   1   1   8.5e-25   1.5e-23   79.1   0.0   134   286    19   169     4   170 0.93 -
d1wwza1d.108.1.1     -            157 d1q2ya_d.108.1.1.aln -            292   1.9e-23   78.8   0.2   1   1   1.1e-24   2.1e-23   78.7   0.2   118   273     2   154     1   157 0.95 -
d2cy2a1d.108.1.1     -            174 d1q2ya_d.108.1.1.aln -            292     3e-23   78.2   0.0   1   1   1.7e-24   3.1e-23   78.1   0.0   121   287     7   172     1   174 0.96 -
d1qsma_d.108.1.1     -            150 d1q2ya_d.108.1.1.aln -            292   1.6e-22   75.8   0.0   1   1   9.8e-24   1.8e-22   75.7   0.0   132   270    11   148     2   150 0.94 -
d2fcka1d.108.1.1     -            178 d1q2ya_d.108.1.1.aln -            292   2.2e-22   75.3   0.0   1   1   1.4e-23   2.4e-22   75.2   0.0   116   276     2   168     1   177 0.94 -
d1z4ra1d.108.1.1     -            162 d1q2ya_d.108.1.1.aln -            292   5.6e-22   74.0   0.0   1   1   3.6e-23   6.5e-22   73.8   0.0   118   289     5   160     1   161 0.96 -
d1vkca_d.108.1.1     -            149 d1q2ya_d.108.1.1.aln -            292   1.1e-21   73.1   0.9   1   1   6.4e-23   1.1e-21   73.0   0.9   118   268     2   146     1   149 0.96 -
d2euia1d.108.1.1     -            153 d1q2ya_d.108.1.1.aln -            292   4.1e-21   71.2   0.1   1   1   2.4e-22   4.4e-21   71.1   0.1   126   271     4   146     1   152 0.91 -
d1p0ha_d.108.1.1     -            308 d1q2ya_d.108.1.1.aln -            292   4.8e-21   71.0   0.0   1   3   1.5e-18   2.8e-17   58.6   0.0   113   291     2   199     1   200 0.98 -
d1p0ha_d.108.1.1     -            308 d1q2ya_d.108.1.1.aln -            292   4.8e-21   71.0   0.0   2   3     0.049      0.88    4.4   0.0   196   223   224   251   212   264 0.88 -
d1p0ha_d.108.1.1     -            308 d1q2ya_d.108.1.1.aln -            292   4.8e-21   71.0   0.0   3   3     0.049      0.87    4.4   0.0   237   264   277   301   272   306 0.71 -
d1y9wa1d.108.1.1     -            140 d1q2ya_d.108.1.1.aln -            292     2e-20   68.9   0.4   1   1   1.3e-21   2.3e-20   68.7   0.4   121   281     2   139     1   140 0.94 -
d1nsla_d.108.1.1     -            180 d1q2ya_d.108.1.1.aln -            292   3.4e-20   68.2   0.0   1   1     2e-21   3.7e-20   68.1   0.0   116   286     2   177     1   180 0.95 -
d2fiaa1d.108.1.1     -            157 d1q2ya_d.108.1.1.aln -            292   4.5e-20   67.8   1.0   1   1   2.7e-21   4.8e-20   67.7   1.0   117   284     1   156     1   157 0.96 -
d1yx0a1d.108.1.1     -            151 d1q2ya_d.108.1.1.aln -            292   6.3e-20   67.3   0.0   1   1   3.8e-21   6.7e-20   67.2   0.0   127   280     4   149     1   151 0.95 -
d1cjwa_d.108.1.1     -            166 d1q2ya_d.108.1.1.aln -            292   6.6e-20   67.2   0.0   1   1   3.9e-21   7.1e-20   67.1   0.0   118   280     1   164     1   166 0.96 -
d1m4ia_d.108.1.1     -            181 d1q2ya_d.108.1.1.aln -            292     1e-19   66.6   0.0   1   1   6.4e-21   1.1e-19   66.4   0.0   117   292     2   179     1   179 0.97 -
d2jdca1d.108.1.1     -            145 d1q2ya_d.108.1.1.aln -            292   6.5e-19   63.9   0.1   1   1   3.9e-20   6.9e-19   63.9   0.1   125   281     4   143     1   145 0.95 -
d2atra1d.108.1.1     -            137 d1q2ya_d.108.1.1.aln -            292   1.4e-18   62.9   0.0   1   1   8.5e-20   1.5e-18   62.7   0.0   124   276     3   136     1   137 0.96 -
d1y9ka1d.108.1.1     -            152 d1q2ya_d.108.1.1.aln -            292   1.4e-18   62.9   0.0   1   1   8.7e-20   1.6e-18   62.7   0.0   177   279    34   145     2   151 0.83 -
d1bo4a_d.108.1.1     -            137 d1q2ya_d.108.1.1.aln -            292   1.7e-17   59.3   0.0   1   1     1e-18   1.9e-17   59.2   0.0   119   259     2   137     1   137 0.96 -
d1n71a_d.108.1.1     -            180 d1q2ya_d.108.1.1.aln -            292   2.8e-17   58.6   0.0   1   1   1.7e-18     3e-17   58.5   0.0   115   283     1   175     1   180 0.97 -
d2fiwa1d.108.1.1     -            156 d1q2ya_d.108.1.1.aln -            292   1.3e-16   56.4   0.0   1   1   7.4e-18   1.3e-16   56.4   0.0   126   283     8   155     1   156 0.91 -
d2g3aa1d.108.1.1     -            137 d1q2ya_d.108.1.1.aln -            292   6.3e-16   54.2   0.0   1   1   4.5e-17     8e-16   53.8   0.0   139   282     9   137     1   137 0.87 -
d1xeba_d.108.1.1     -            149 d1q2ya_d.108.1.1.aln -            292     8e-15   50.5   0.1   1   1     5e-16   8.9e-15   50.4   0.1   121   274     4   143     1   148 0.95 -
d1y7ra1d.108.1.1     -            133 d1q2ya_d.108.1.1.aln -            292   1.6e-14   49.6   0.0   1   1   9.4e-16   1.7e-14   49.5   0.0   128   273     8   132     1   133 0.89 -
d2aj6a1d.108.1.1     -            118 d1q2ya_d.108.1.1.aln -            292   1.4e-13   46.5   0.1   1   1   8.3e-15   1.5e-13   46.4   0.1   120   240     2   116     1   118 0.94 -
d2fsra1d.108.1.1     -            164 d1q2ya_d.108.1.1.aln -            292   4.9e-12   41.4   0.0   1   1   3.1e-13   5.5e-12   41.2   0.0   117   261     2   145     1   162 0.94 -
d1xmta_d.108.1.1     -             95 d1q2ya_d.108.1.1.aln -            292   1.6e-07   26.6   0.0   1   1   9.3e-09   1.7e-07   26.5   0.0   190   247    20    77     5    91 0.88 -
d1r57a_d.108.1.1     -            102 d1q2ya_d.108.1.1.aln -            292   3.3e-07   25.5   0.0   1   1   2.4e-08   4.4e-07   25.1   0.0   195   247    28    80     1    92 0.80 -
d1q2ya_d.108.1.1     -            140 d1q2ya_d.108.1.1.aln -            292   1.4e-05   20.2   0.1   1   1   9.1e-07   1.6e-05   20.0   0.1   157   261    21   120     4   138 0.74 -
d2d4pa1d.108.1.1     -            130 d1q2ya_d.108.1.1.aln -            292    0.0094   10.9   0.0   1   1   0.00053    0.0094   10.9   0.0   203   262    59   117     3   129 0.82 -
#
# Program:         hmmsearch
# Version:         3.3.2 (Nov 2020)
# Pipeline mode:   SEARCH
# Query file:      /home/elise/Documents/M1-BIM/S2/TMEs/SBAS/tme08/models/scop30/d1q2ya_d.108.1.1.aln.hmm
# Target file:     /home/elise/Documents/M1-BIM/S2/TMEs/SBAS/tme08/scop/scop/scopTestSeq.fasta
# Option settings: hmmsearch --domtblout /home/elise/Documents/M1-BIM/S2/TMEs/SBAS/tme08/searchResults/scop30/d1q2ya_d.108.1.1.aln.out -E 1 /home/elise/Documents/M1-BIM/S2/TMEs/SBAS/tme08/models/scop30/d1q2ya_d.108.1.1.aln.hmm /home/elise/Documents/M1-BIM/S2/TMEs/SBAS/tme08/scop/scop/scopTestSeq.fasta 
# Current dir:     /home/elise/Documents/M1-BIM/S2/TMEs/SBAS/tme08
# Date:            Thu Apr 10 10:02:25 2025
# [ok]
