#                                                                            --- full sequence --- -------------- this domain -------------   hmm coord   ali coord   env coord
# target name        accession   tlen query name           accession   qlen   E-value  score  bias   #  of  c-Evalue  i-Evalue  score  bias  from    to  from    to  from    to  acc description of target
#------------------- ---------- ----- -------------------- ---------- ----- --------- ------ ----- --- --- --------- --------- ------ ----- ----- ----- ----- ----- ----- ----- ---- ---------------------
d1vr5a1c.94.1.1      -            535 d1q35a_c.94.1.1.aln  -            322   1.3e-61  204.1   9.3   1   1   8.5e-63   2.2e-61  203.4   9.3     1   322    69   479    69   479 0.99 -
d1jeta_c.94.1.1      -            517 d1q35a_c.94.1.1.aln  -            322   1.8e-61  203.7  10.2   1   1   8.7e-63   2.3e-61  203.4  10.2     2   322    61   474    60   474 1.00 -
d3vlva_c.94.1.1      -            490 d1q35a_c.94.1.1.aln  -            322   6.2e-58  192.1   4.5   1   1     3e-59   7.9e-58  191.8   4.5     2   321    56   448    55   449 0.99 -
d1xoca1c.94.1.1      -            504 d1q35a_c.94.1.1.aln  -            322   1.4e-57  191.0  13.9   1   2       8.7   2.3e+02   -3.2   0.0   135   169    15    50    12    56 0.84 -
d1xoca1c.94.1.1      -            504 d1q35a_c.94.1.1.aln  -            322   1.4e-57  191.0  13.9   2   2   7.4e-59   1.9e-57  190.5  13.6     1   321    70   461    70   462 0.99 -
d2nooa_c.94.1.1      -            496 d1q35a_c.94.1.1.aln  -            322   9.4e-57  188.2   1.5   1   1   4.2e-58   1.1e-56  188.0   1.5     1   322    64   456    64   456 1.00 -
d1ursa_c.94.1.1      -            367 d1q35a_c.94.1.1.aln  -            322   5.8e-56  185.7   9.3   1   1   2.5e-57   6.5e-56  185.5   9.3     1   312     8   366     8   367 0.99 -
d1uqwa_c.94.1.1      -            487 d1q35a_c.94.1.1.aln  -            322     2e-55  183.9  11.0   1   1   9.1e-57   2.4e-55  183.6  11.0     2   322    67   447    66   447 0.99 -
d1eu8a_c.94.1.1      -            407 d1q35a_c.94.1.1.aln  -            322   6.6e-54  178.9   5.8   1   1   3.2e-55   8.4e-54  178.6   5.8    21   317     3   407     1   407 0.99 -
d3thia_c.94.1.1      -            362 d1q35a_c.94.1.1.aln  -            322   5.1e-53  176.0   0.8   1   1   2.2e-54   5.8e-53  175.8   0.8     5   318     2   361     1   362 0.99 -
d1sbpa_c.94.1.1      -            309 d1q35a_c.94.1.1.aln  -            322   1.2e-50  168.3   8.9   1   1   4.9e-52   1.3e-50  168.1   8.9     1   309     1   309     1   309 0.99 -
d1r9la_c.94.1.1      -            309 d1q35a_c.94.1.1.aln  -            322   3.3e-49  163.5   9.9   1   1   1.4e-50   3.6e-49  163.4   9.9     6   309     2   309     1   309 0.99 -
d1pb7a_c.94.1.1      -            289 d1q35a_c.94.1.1.aln  -            322   9.4e-48  158.7   0.0   1   1     4e-49     1e-47  158.6   0.0    24   309     2   289     1   289 0.99 -
d2nxoa1c.94.1.1      -            277 d1q35a_c.94.1.1.aln  -            322   5.6e-44  146.3   0.0   1   1   2.3e-45   6.2e-44  146.2   0.0    23   294     3   275     1   277 0.98 -
d1ixha_c.94.1.1      -            321 d1q35a_c.94.1.1.aln  -            322     1e-43  145.5   9.3   1   1   4.2e-45   1.1e-43  145.4   9.3    27   321     4   311     1   312 0.98 -
d1nnfa_c.94.1.1      -            308 d1q35a_c.94.1.1.aln  -            322   3.8e-41  137.1  12.8   1   1   1.6e-42   4.2e-41  136.9  12.8    24   321     2   307     1   308 0.99 -
d1us5a_c.94.1.1      -            298 d1q35a_c.94.1.1.aln  -            322   1.7e-40  135.0   0.9   1   1     7e-42   1.8e-40  134.8   0.9    24   311     2   297     1   298 0.99 -
d2czla1c.94.1.1      -            270 d1q35a_c.94.1.1.aln  -            322   2.4e-39  131.2   0.0   1   1   9.9e-41   2.6e-39  131.1   0.0    24   293     3   266     1   270 0.96 -
d1twya_c.94.1.1      -            249 d1q35a_c.94.1.1.aln  -            322   3.5e-34  114.2   0.2   1   1   1.5e-35   3.9e-34  114.1   0.2    26   287     3   248     1   249 0.98 -
d2i6ea1c.94.1.1      -            272 d1q35a_c.94.1.1.aln  -            322   5.3e-32  107.1   0.0   1   1   2.2e-33   5.7e-32  107.0   0.0    24   285     3   269     1   272 0.94 -
d1al3a_c.94.1.1      -            237 d1q35a_c.94.1.1.aln  -            322   4.6e-31  104.0   0.0   1   1   1.9e-32   5.1e-31  103.9   0.0    19   269     2   234     1   237 0.98 -
d1atga_c.94.1.1      -            231 d1q35a_c.94.1.1.aln  -            322   7.1e-30  100.1   3.7   1   1     3e-31   7.8e-30  100.0   3.7    27   261     3   229     1   231 0.98 -
d1sw5a_c.94.1.1      -            270 d1q35a_c.94.1.1.aln  -            322   2.2e-27   92.0   3.4   1   1   9.2e-29   2.4e-27   91.8   3.4    14   303     2   268     1   270 0.98 -
d1i6aa_c.94.1.1      -            212 d1q35a_c.94.1.1.aln  -            322   3.7e-26   87.9   0.0   1   1   1.6e-27   4.2e-26   87.8   0.0    20   261     2   212     1   212 0.97 -
d1xt8a1c.94.1.1      -            248 d1q35a_c.94.1.1.aln  -            322   7.7e-25   83.6   3.3   1   1   3.2e-26   8.5e-25   83.5   3.3    20   287     2   246     1   248 0.98 -
d2ozza1c.94.1.1      -            228 d1q35a_c.94.1.1.aln  -            322   1.8e-24   82.4   0.0   1   1   7.6e-26     2e-24   82.3   0.0    32   293     2   227     1   228 0.99 -
d1ii5a_c.94.1.1      -            226 d1q35a_c.94.1.1.aln  -            322   4.6e-22   74.5   0.1   1   1   1.9e-23   5.1e-22   74.4   0.1    22   275     3   224     1   226 0.97 -
d2esna2c.94.1.1      -            212 d1q35a_c.94.1.1.aln  -            322     2e-21   72.4   0.0   1   1   8.4e-23   2.2e-21   72.3   0.0    26   265     1   210     1   212 0.97 -
d1ixca2c.94.1.1      -            205 d1q35a_c.94.1.1.aln  -            322   1.9e-18   62.6   0.0   1   1     8e-20   2.1e-18   62.5   0.0    23   265     2   204     1   205 0.97 -
d2qmwa1c.94.1.1      -            184 d1q35a_c.94.1.1.aln  -            322   1.3e-15   53.4   0.3   1   1   5.5e-17   1.5e-15   53.2   0.3    21   254     2   183     1   184 0.98 -
d1ve4a1c.94.1.1      -            206 d1q35a_c.94.1.1.aln  -            322   1.7e-13   46.4   0.0   1   1     7e-15   1.8e-13   46.3   0.0    29   191     3   159     1   203 0.89 -
#
# Program:         hmmsearch
# Version:         3.3.2 (Nov 2020)
# Pipeline mode:   SEARCH
# Query file:      /home/elise/Documents/M1-BIM/S2/TMEs/SBAS/tme08/models/scop30/d1q35a_c.94.1.1.aln.hmm
# Target file:     /home/elise/Documents/M1-BIM/S2/TMEs/SBAS/tme08/scop/scop/scopTestSeq.fasta
# Option settings: hmmsearch --domtblout /home/elise/Documents/M1-BIM/S2/TMEs/SBAS/tme08/searchResults/scop30/d1q35a_c.94.1.1.aln.out -E 1 /home/elise/Documents/M1-BIM/S2/TMEs/SBAS/tme08/models/scop30/d1q35a_c.94.1.1.aln.hmm /home/elise/Documents/M1-BIM/S2/TMEs/SBAS/tme08/scop/scop/scopTestSeq.fasta 
# Current dir:     /home/elise/Documents/M1-BIM/S2/TMEs/SBAS/tme08
# Date:            Thu Apr 10 10:02:25 2025
# [ok]
