#                                                                            --- full sequence --- -------------- this domain -------------   hmm coord   ali coord   env coord
# target name        accession   tlen query name           accession   qlen   E-value  score  bias   #  of  c-Evalue  i-Evalue  score  bias  from    to  from    to  from    to  acc description of target
#------------------- ---------- ----- -------------------- ---------- ----- --------- ------ ----- --- --- --------- --------- ------ ----- ----- ----- ----- ----- ----- ----- ---- ---------------------
d3f5oa_d.38.1.5      -            138 d1q4ta_d.38.1.5.aln  -            133   3.6e-46  151.8   0.7   1   1   8.5e-48     4e-46  151.6   0.7     1   132     4   137     4   138 0.99 -
d2hboa1d.38.1.5      -            142 d1q4ta_d.38.1.5.aln  -            133   1.5e-45  149.7   0.0   1   1   3.6e-47   1.7e-45  149.6   0.0     4   132     2   131     1   132 0.98 -
d1vh5a_d.38.1.5      -            138 d1q4ta_d.38.1.5.aln  -            133   8.1e-43  140.9   0.0   1   1   1.9e-44     9e-43  140.7   0.0     1   132     4   137     4   138 0.99 -
d1yoca1d.38.1.5      -            145 d1q4ta_d.38.1.5.aln  -            133   8.5e-43  140.8   0.0   1   1   2.1e-44   9.6e-43  140.7   0.0     1   133     9   143     9   143 0.99 -
d2ov9a1d.38.1.5      -            203 d1q4ta_d.38.1.5.aln  -            133   1.2e-40  133.9   0.0   1   1   3.5e-42   1.6e-40  133.4   0.0     1   130    73   202    73   203 0.99 -
d1t82a_d.38.1.5      -            143 d1q4ta_d.38.1.5.aln  -            133   5.4e-38  125.3   0.0   1   1   1.3e-39   5.9e-38  125.1   0.0     6   131     1   142     1   143 0.98 -
d1sh8a_d.38.1.5      -            153 d1q4ta_d.38.1.5.aln  -            133     9e-38  124.6   0.0   1   1   2.2e-39     1e-37  124.4   0.0     1   132     1   146     1   147 0.99 -
d1wlua_d.38.1.5      -            117 d1q4ta_d.38.1.5.aln  -            133     1e-37  124.4   0.2   1   1   2.4e-39   1.1e-37  124.3   0.2    13   130     1   116     1   117 0.97 -
d1ixla_d.38.1.5      -            130 d1q4ta_d.38.1.5.aln  -            133   1.1e-37  124.3   0.4   1   1   2.5e-39   1.2e-37  124.2   0.4     6   132     1   123     1   124 0.98 -
d2f41a1d.38.1.5      -            111 d1q4ta_d.38.1.5.aln  -            133   1.6e-37  123.7   0.6   1   1   3.8e-39   1.8e-37  123.6   0.6    19   131     1   111     1   111 0.99 -
d1q4ta_d.38.1.5      -            142 d1q4ta_d.38.1.5.aln  -            133   4.2e-18   60.9   0.7   1   1   1.1e-19   4.9e-18   60.7   0.7    25   125    28   131    17   138 0.94 -
d2gvha1d.38.1.1      -            135 d1q4ta_d.38.1.5.aln  -            133   1.5e-09   33.2   0.1   1   1     4e-11   1.9e-09   32.9   0.1    44   117    19    94     6   112 0.91 -
d1vpma_d.38.1.1      -            155 d1q4ta_d.38.1.5.aln  -            133   1.3e-08   30.2   0.2   1   1   3.9e-10   1.8e-08   29.7   0.2    38   127    15   104     9   109 0.83 -
d1s5ua_d.38.1.1      -            129 d1q4ta_d.38.1.5.aln  -            133   2.6e-06   22.7   0.4   1   1   6.5e-08     3e-06   22.5   0.4    51   128    20   107     7   112 0.76 -
d3bjka_d.38.1.1      -            140 d1q4ta_d.38.1.5.aln  -            133   0.00015   17.0   0.0   1   1   4.3e-06    0.0002   16.7   0.0    45   118    16    91     9   110 0.85 -
d2gf6a1d.38.1.1      -            134 d1q4ta_d.38.1.5.aln  -            133    0.0039   12.5   0.0   1   1   9.4e-05    0.0044   12.3   0.0    75   118    57   100    18   106 0.85 -
d1njka_d.38.1.1      -            133 d1q4ta_d.38.1.5.aln  -            133    0.0055   12.0   0.0   1   1   0.00018    0.0082   11.4   0.0    74   129    51   106    42   109 0.88 -
#
# Program:         hmmsearch
# Version:         3.3.2 (Nov 2020)
# Pipeline mode:   SEARCH
# Query file:      /home/elise/Documents/M1-BIM/S2/TMEs/SBAS/tme08/models/scop30/d1q4ta_d.38.1.5.aln.hmm
# Target file:     /home/elise/Documents/M1-BIM/S2/TMEs/SBAS/tme08/scop/scop/scopTestSeq.fasta
# Option settings: hmmsearch --domtblout /home/elise/Documents/M1-BIM/S2/TMEs/SBAS/tme08/searchResults/scop30/d1q4ta_d.38.1.5.aln.out -E 1 /home/elise/Documents/M1-BIM/S2/TMEs/SBAS/tme08/models/scop30/d1q4ta_d.38.1.5.aln.hmm /home/elise/Documents/M1-BIM/S2/TMEs/SBAS/tme08/scop/scop/scopTestSeq.fasta 
# Current dir:     /home/elise/Documents/M1-BIM/S2/TMEs/SBAS/tme08
# Date:            Thu Apr 10 10:02:25 2025
# [ok]
