#                                                                            --- full sequence --- -------------- this domain -------------   hmm coord   ali coord   env coord
# target name        accession   tlen query name           accession   qlen   E-value  score  bias   #  of  c-Evalue  i-Evalue  score  bias  from    to  from    to  from    to  acc description of target
#------------------- ---------- ----- -------------------- ---------- ----- --------- ------ ----- --- --- --------- --------- ------ ----- ----- ----- ----- ----- ----- ----- ---- ---------------------
d3hl8a_c.55.3.5      -            470 d1q8ia1c.55.3.5.aln  -            400  1.4e-164  543.3   0.1   1   1  2.7e-166  1.5e-164  543.1   0.1     1   400    14   454    14   454 1.00 -
d1s5ja1c.55.3.5      -            410 d1q8ia1c.55.3.5.aln  -            400  2.9e-161  532.3   3.3   1   1  5.8e-163  3.3e-161  532.1   3.3     1   398     1   410     1   410 1.00 -
d2hbja2c.55.3.5      -            292 d1q8ia1c.55.3.5.aln  -            400   3.4e-97  321.3   1.2   1   1   6.8e-99   3.8e-97  321.1   1.2   106   399     1   292     1   292 0.99 -
d3mxma_c.55.3.5      -            229 d1q8ia1c.55.3.5.aln  -            400   2.2e-52  173.7   0.0   1   1   4.3e-54   2.4e-52  173.6   0.0   185   399     2   228     1   229 0.99 -
d1w0ha_c.55.3.5      -            200 d1q8ia1c.55.3.5.aln  -            400     4e-52  172.9   0.0   1   1   7.7e-54   4.4e-52  172.8   0.0   187   385     1   199     1   200 0.99 -
d1x9ma1c.55.3.5      -            204 d1q8ia1c.55.3.5.aln  -            400   1.2e-51  171.3   0.0   1   1   2.4e-53   1.4e-51  171.1   0.0   192   393     1   203     1   204 0.99 -
d2f96a1c.55.3.5      -            202 d1q8ia1c.55.3.5.aln  -            400   4.8e-48  159.5   0.0   1   1   9.4e-50   5.3e-48  159.3   0.0   180   383     1   201     1   202 0.99 -
d1yt3a3c.55.3.5      -            193 d1q8ia1c.55.3.5.aln  -            400     6e-48  159.1   0.0   1   1   1.2e-49   6.6e-48  159.0   0.0   188   381     1   192     1   193 0.99 -
d1vk0a_c.55.3.5      -            206 d1q8ia1c.55.3.5.aln  -            400   2.3e-47  157.2   0.0   1   1   4.4e-49   2.5e-47  157.1   0.0   180   382     2   205     1   206 0.99 -
d1kfsa1c.55.3.5      -            195 d1q8ia1c.55.3.5.aln  -            400   6.6e-46  152.4   0.2   1   1   1.3e-47   7.3e-46  152.3   0.2   185   378     1   194     1   195 0.99 -
d2py5a1c.55.3.5      -            183 d1q8ia1c.55.3.5.aln  -            400     6e-44  146.0   0.0   1   1   1.2e-45   6.6e-44  145.8   0.0   190   373     2   183     1   183 0.99 -
d2guia_c.55.3.5      -            176 d1q8ia1c.55.3.5.aln  -            400   8.4e-42  138.9   0.0   1   1   1.6e-43   9.2e-42  138.8   0.0   190   374     2   175     1   176 0.98 -
d2igia_c.55.3.5      -            180 d1q8ia1c.55.3.5.aln  -            400   5.2e-40  133.0   0.1   1   1     1e-41   5.7e-40  132.9   0.1   187   375     2   179     1   180 0.99 -
d1wlja_c.55.3.5      -            173 d1q8ia1c.55.3.5.aln  -            400   4.6e-34  113.4   0.0   1   1     9e-36   5.1e-34  113.3   0.0   198   380     1   171     1   173 0.98 -
#
# Program:         hmmsearch
# Version:         3.3.2 (Nov 2020)
# Pipeline mode:   SEARCH
# Query file:      /home/elise/Documents/M1-BIM/S2/TMEs/SBAS/tme08/models/scop30/d1q8ia1c.55.3.5.aln.hmm
# Target file:     /home/elise/Documents/M1-BIM/S2/TMEs/SBAS/tme08/scop/scop/scopTestSeq.fasta
# Option settings: hmmsearch --domtblout /home/elise/Documents/M1-BIM/S2/TMEs/SBAS/tme08/searchResults/scop30/d1q8ia1c.55.3.5.aln.out -E 1 /home/elise/Documents/M1-BIM/S2/TMEs/SBAS/tme08/models/scop30/d1q8ia1c.55.3.5.aln.hmm /home/elise/Documents/M1-BIM/S2/TMEs/SBAS/tme08/scop/scop/scopTestSeq.fasta 
# Current dir:     /home/elise/Documents/M1-BIM/S2/TMEs/SBAS/tme08
# Date:            Thu Apr 10 10:02:25 2025
# [ok]
