#                                                                            --- full sequence --- -------------- this domain -------------   hmm coord   ali coord   env coord
# target name        accession   tlen query name           accession   qlen   E-value  score  bias   #  of  c-Evalue  i-Evalue  score  bias  from    to  from    to  from    to  acc description of target
#------------------- ---------- ----- -------------------- ---------- ----- --------- ------ ----- --- --- --------- --------- ------ ----- ----- ----- ----- ----- ----- ----- ---- ---------------------
d1fsga_c.61.1.1      -            233 d1qb7a_c.61.1.1.aln  -            198   2.7e-63  208.2   0.0   1   1   5.6e-65   3.1e-63  208.0   0.0     1   198    26   222    26   222 0.99 -
d1dqna_c.61.1.1      -            230 d1qb7a_c.61.1.1.aln  -            198     4e-59  194.6   0.0   1   1   8.3e-61   4.7e-59  194.4   0.0     1   198    12   200    12   200 0.99 -
d1p4aa2c.61.1.1      -            202 d1qb7a_c.61.1.1.aln  -            198     7e-55  180.8   0.1   1   1   1.4e-56   7.7e-55  180.7   0.1     1   195     1   202     1   202 0.99 -
d1ecfa1c.61.1.1      -            243 d1qb7a_c.61.1.1.aln  -            198   2.3e-54  179.1   0.3   1   1   4.6e-56   2.6e-54  179.0   0.3     2   198    28   230    27   230 0.99 -
d1xtta1c.61.1.1      -            215 d1qb7a_c.61.1.1.aln  -            198   3.1e-54  178.7   2.1   1   1   6.1e-56   3.4e-54  178.5   2.1     2   197    16   214    15   215 0.99 -
d2aeea1c.61.1.1      -            208 d1qb7a_c.61.1.1.aln  -            198   9.4e-54  177.1   0.0   1   1   1.9e-55   1.1e-53  177.0   0.0     1   198     1   198     1   198 0.99 -
d1tc1a_c.61.1.1      -            184 d1qb7a_c.61.1.1.aln  -            198   6.5e-52  171.1   0.1   1   1   1.3e-53   7.1e-52  171.0   0.1    18   197     2   179     1   180 0.98 -
d1y0ba1c.61.1.1      -            191 d1qb7a_c.61.1.1.aln  -            198   6.5e-51  167.9   0.2   1   1   1.3e-52   7.2e-51  167.7   0.2     2   189     3   191     2   191 0.99 -
d1a3ca_c.61.1.1      -            178 d1qb7a_c.61.1.1.aln  -            198   1.9e-49  163.1   3.3   1   1   3.6e-51   2.1e-49  163.0   3.3    21   197     2   177     1   178 0.98 -
d1wd5a_c.61.1.1      -            208 d1qb7a_c.61.1.1.aln  -            198   2.8e-49  162.5   2.1   1   1   5.5e-51   3.1e-49  162.4   2.1     1   197     5   201     5   202 0.98 -
d1vdma1c.61.1.1      -            153 d1qb7a_c.61.1.1.aln  -            198   2.5e-44  146.4   1.0   1   1   4.8e-46   2.7e-44  146.2   1.0    20   191     1   152     1   153 0.98 -
d1vcha1c.61.1.1      -            174 d1qb7a_c.61.1.1.aln  -            198   2.5e-41  136.6   0.1   1   1   4.8e-43   2.7e-41  136.5   0.1    17   189     1   173     1   174 0.98 -
d1nula_c.61.1.1      -            150 d1qb7a_c.61.1.1.aln  -            198     4e-40  132.6   0.0   1   1   7.9e-42   4.4e-40  132.5   0.0    21   191     1   150     1   150 0.96 -
d1qb7a_c.61.1.1      -            236 d1qb7a_c.61.1.1.aln  -            198   5.7e-11   37.5   0.1   1   1   1.5e-12   8.6e-11   36.9   0.1    90   158   112   181   105   208 0.88 -
#
# Program:         hmmsearch
# Version:         3.3.2 (Nov 2020)
# Pipeline mode:   SEARCH
# Query file:      /home/elise/Documents/M1-BIM/S2/TMEs/SBAS/tme08/models/scop30/d1qb7a_c.61.1.1.aln.hmm
# Target file:     /home/elise/Documents/M1-BIM/S2/TMEs/SBAS/tme08/scop/scop/scopTestSeq.fasta
# Option settings: hmmsearch --domtblout /home/elise/Documents/M1-BIM/S2/TMEs/SBAS/tme08/searchResults/scop30/d1qb7a_c.61.1.1.aln.out -E 1 /home/elise/Documents/M1-BIM/S2/TMEs/SBAS/tme08/models/scop30/d1qb7a_c.61.1.1.aln.hmm /home/elise/Documents/M1-BIM/S2/TMEs/SBAS/tme08/scop/scop/scopTestSeq.fasta 
# Current dir:     /home/elise/Documents/M1-BIM/S2/TMEs/SBAS/tme08
# Date:            Thu Apr 10 10:02:25 2025
# [ok]
