#                                                                            --- full sequence --- -------------- this domain -------------   hmm coord   ali coord   env coord
# target name        accession   tlen query name           accession   qlen   E-value  score  bias   #  of  c-Evalue  i-Evalue  score  bias  from    to  from    to  from    to  acc description of target
#------------------- ---------- ----- -------------------- ---------- ----- --------- ------ ----- --- --- --------- --------- ------ ----- ----- ----- ----- ----- ----- ----- ---- ---------------------
d1ji1a1b.1.18.2      -            122 d1qbaa1b.1.18.2.aln  -            105   1.6e-27   91.0   3.4   1   1   4.4e-29   1.9e-27   90.8   3.4     2   104    19   121    18   122 0.98 -
d1j0ha1b.1.18.2      -            123 d1qbaa1b.1.18.2.aln  -            105   2.9e-25   83.8   0.0   1   1   7.4e-27   3.3e-25   83.7   0.0     1   105    12   116    12   116 0.99 -
d1m7xa1b.1.18.2      -            110 d1qbaa1b.1.18.2.aln  -            105   7.6e-24   79.3   0.0   1   1   1.9e-25   8.3e-24   79.2   0.0     1   104     6   109     6   110 0.98 -
d1ut9a2b.1.18.2      -             98 d1qbaa1b.1.18.2.aln  -            105     1e-23   78.9   0.1   1   1   2.5e-25   1.1e-23   78.8   0.1    10   104     2    96     1    97 0.98 -
d2fhfa1b.1.18.2      -            115 d1qbaa1b.1.18.2.aln  -            105   1.1e-23   78.7   1.9   1   1   2.9e-25   1.3e-23   78.6   1.9     1   102    13   114    13   115 0.98 -
d1txka1b.1.18.2      -            115 d1qbaa1b.1.18.2.aln  -            105   9.9e-23   75.7   0.9   1   1   2.6e-24   1.2e-22   75.5   0.9     1   104    12   115    12   115 0.98 -
d1edqa1b.1.18.2      -            109 d1qbaa1b.1.18.2.aln  -            105   4.5e-22   73.6   2.8   1   1   1.1e-23     5e-22   73.5   2.8     2   104     2   104     1   105 0.98 -
d2fhfa2b.1.18.2      -            125 d1qbaa1b.1.18.2.aln  -            105   8.9e-22   72.7   0.3   1   1   2.3e-23     1e-21   72.5   0.3     1   104    16   119    16   120 0.99 -
d1w8oa1b.1.18.2      -            103 d1qbaa1b.1.18.2.aln  -            105   8.9e-21   69.5   2.8   1   1   2.2e-22   9.6e-21   69.4   2.8     7   104     2    99     1   100 0.97 -
d1k3ia1b.1.18.2      -            102 d1qbaa1b.1.18.2.aln  -            105   1.2e-20   69.0   2.3   1   1     3e-22   1.3e-20   68.9   2.3     5   104     2   101     1   102 0.97 -
d1clca2b.1.18.2      -            100 d1qbaa1b.1.18.2.aln  -            105   2.6e-18   61.5   0.2   1   1   6.5e-20   2.9e-18   61.4   0.2     1    99     6    99     6   100 0.97 -
d1bf2a1b.1.18.2      -            162 d1qbaa1b.1.18.2.aln  -            105   2.7e-18   61.5   5.7   1   1   8.7e-20   3.8e-18   61.0   5.7     1   105    36   156    36   156 0.99 -
d2bhua1b.1.18.2      -             97 d1qbaa1b.1.18.2.aln  -            105   4.7e-18   60.7   0.1   1   1   1.2e-19     5e-18   60.6   0.1     7   101     2    96     1    97 0.97 -
d1h3ga1b.1.18.2      -             93 d1qbaa1b.1.18.2.aln  -            105   4.3e-17   57.7   0.0   1   1   1.1e-18   4.6e-17   57.5   0.0     6   105     2    93     1    93 0.97 -
d2bvya1b.1.18.2      -             94 d1qbaa1b.1.18.2.aln  -            105   7.4e-15   50.5  11.2   1   1   1.8e-16     8e-15   50.4  11.2     9   100     2    93     1    94 0.98 -
d1f1sa2b.1.18.2      -             78 d1qbaa1b.1.18.2.aln  -            105   5.5e-14   47.7   0.7   1   1   1.3e-15   5.9e-14   47.6   0.7     6    80     2    76     1    78 0.97 -
d1ulva2b.1.18.2      -             89 d1qbaa1b.1.18.2.aln  -            105   1.4e-13   46.3   6.2   1   1   3.5e-15   1.5e-13   46.3   6.2     8   100     1    87     1    89 0.93 -
d3bmva1b.1.18.2      -             83 d1qbaa1b.1.18.2.aln  -            105   5.4e-13   44.5   2.4   1   1   1.3e-14   5.7e-13   44.4   2.4     9    86     2    79     1    83 0.93 -
#
# Program:         hmmsearch
# Version:         3.3.2 (Nov 2020)
# Pipeline mode:   SEARCH
# Query file:      /home/elise/Documents/M1-BIM/S2/TMEs/SBAS/tme08/models/scop30/d1qbaa1b.1.18.2.aln.hmm
# Target file:     /home/elise/Documents/M1-BIM/S2/TMEs/SBAS/tme08/scop/scop/scopTestSeq.fasta
# Option settings: hmmsearch --domtblout /home/elise/Documents/M1-BIM/S2/TMEs/SBAS/tme08/searchResults/scop30/d1qbaa1b.1.18.2.aln.out -E 1 /home/elise/Documents/M1-BIM/S2/TMEs/SBAS/tme08/models/scop30/d1qbaa1b.1.18.2.aln.hmm /home/elise/Documents/M1-BIM/S2/TMEs/SBAS/tme08/scop/scop/scopTestSeq.fasta 
# Current dir:     /home/elise/Documents/M1-BIM/S2/TMEs/SBAS/tme08
# Date:            Thu Apr 10 10:02:25 2025
# [ok]
