#                                                                            --- full sequence --- -------------- this domain -------------   hmm coord   ali coord   env coord
# target name        accession   tlen query name           accession   qlen   E-value  score  bias   #  of  c-Evalue  i-Evalue  score  bias  from    to  from    to  from    to  acc description of target
#------------------- ---------- ----- -------------------- ---------- ----- --------- ------ ----- --- --- --------- --------- ------ ----- ----- ----- ----- ----- ----- ----- ---- ---------------------
d1wmza_d.169.1.1     -            140 d1qdda_d.169.1.1.aln -            130   1.3e-39  130.9   8.3   1   1   2.4e-41   1.5e-39  130.7   8.3     2   129     2   139     1   140 0.97 -
d2ziba_d.169.1.1     -            130 d1qdda_d.169.1.1.aln -            130   4.6e-39  129.1   4.6   1   1   8.4e-41   5.1e-39  128.9   4.6     2   129     6   129     5   130 0.94 -
d3l9jc_d.169.1.1     -            134 d1qdda_d.169.1.1.aln -            130   5.6e-38  125.6   3.0   1   1     1e-39   6.2e-38  125.4   3.0     2   128     2   133     1   134 0.96 -
d1qo3c_d.169.1.1     -            133 d1qdda_d.169.1.1.aln -            130   3.7e-37  122.9   4.7   1   1   6.8e-39   4.1e-37  122.8   4.7     2   129    13   132    12   133 0.95 -
d1pwba1d.169.1.1     -            121 d1qdda_d.169.1.1.aln -            130   4.2e-37  122.8   0.0   1   1   7.5e-39   4.6e-37  122.6   0.0     6   127     2   121     1   121 0.98 -
d1g1ta1d.169.1.1     -            118 d1qdda_d.169.1.1.aln -            130   2.4e-35  117.0   5.2   1   1   4.4e-37   2.7e-35  116.9   5.2    13   126     1   118     1   118 0.98 -
d1gz2a_d.169.1.1     -            139 d1qdda_d.169.1.1.aln -            130   3.3e-35  116.6   0.1   1   1     6e-37   3.7e-35  116.5   0.1     3   128     2   138     1   139 0.97 -
d1wk1a_d.169.1.1     -            150 d1qdda_d.169.1.1.aln -            130   5.4e-34  112.7   0.0   1   1     1e-35   6.1e-34  112.5   0.0     7   129     3   131     1   132 0.97 -
d3hupa_d.169.1.1     -            121 d1qdda_d.169.1.1.aln -            130   6.4e-34  112.5   9.9   1   1   1.2e-35   7.1e-34  112.3   9.9     2   129     6   120     5   121 0.97 -
d1byfa_d.169.1.1     -            123 d1qdda_d.169.1.1.aln -            130   1.3e-33  111.4   0.1   1   1   2.4e-35   1.4e-33  111.3   0.1    13   129     2   122     1   123 0.97 -
d1h8ua_d.169.1.1     -            115 d1qdda_d.169.1.1.aln -            130   2.2e-33  110.7   4.9   1   1   3.9e-35   2.4e-33  110.6   4.9    15   126     2   114     1   115 0.96 -
d1kg0c_d.169.1.1     -            136 d1qdda_d.169.1.1.aln -            130     1e-29   98.9   3.8   1   1   2.1e-31   1.3e-29   98.6   3.8     1   129    17   135    17   136 0.98 -
d1qdda_d.169.1.1     -            144 d1qdda_d.169.1.1.aln -            130   1.7e-28   94.9   2.8   1   1   3.1e-30   1.9e-28   94.8   2.8     2   127    13   142    12   144 0.94 -
#
# Program:         hmmsearch
# Version:         3.3.2 (Nov 2020)
# Pipeline mode:   SEARCH
# Query file:      /home/elise/Documents/M1-BIM/S2/TMEs/SBAS/tme08/models/scop30/d1qdda_d.169.1.1.aln.hmm
# Target file:     /home/elise/Documents/M1-BIM/S2/TMEs/SBAS/tme08/scop/scop/scopTestSeq.fasta
# Option settings: hmmsearch --domtblout /home/elise/Documents/M1-BIM/S2/TMEs/SBAS/tme08/searchResults/scop30/d1qdda_d.169.1.1.aln.out -E 1 /home/elise/Documents/M1-BIM/S2/TMEs/SBAS/tme08/models/scop30/d1qdda_d.169.1.1.aln.hmm /home/elise/Documents/M1-BIM/S2/TMEs/SBAS/tme08/scop/scop/scopTestSeq.fasta 
# Current dir:     /home/elise/Documents/M1-BIM/S2/TMEs/SBAS/tme08
# Date:            Thu Apr 10 10:02:25 2025
# [ok]
