#                                                                            --- full sequence --- -------------- this domain -------------   hmm coord   ali coord   env coord
# target name        accession   tlen query name           accession   qlen   E-value  score  bias   #  of  c-Evalue  i-Evalue  score  bias  from    to  from    to  from    to  acc description of target
#------------------- ---------- ----- -------------------- ---------- ----- --------- ------ ----- --- --- --------- --------- ------ ----- ----- ----- ----- ----- ----- ----- ---- ---------------------
d3s26a_b.60.1.1      -            176 d1qfta_b.60.1.1.aln  -            167   6.9e-54  177.8   0.1   1   1   1.3e-55   7.6e-54  177.7   0.1     2   166     6   175     5   176 0.98 -
d3kffa_b.60.1.1      -            152 d1qfta_b.60.1.1.aln  -            167   7.8e-52  171.2   0.2   1   1   1.4e-53   8.6e-52  171.0   0.2    14   166     2   151     1   152 0.98 -
d1kt7a_b.60.1.1      -            175 d1qfta_b.60.1.1.aln  -            167   2.1e-51  169.8   0.1   1   1   3.8e-53   2.3e-51  169.6   0.1     1   164     3   175     3   175 0.99 -
d1kxoa_b.60.1.1      -            171 d1qfta_b.60.1.1.aln  -            167   4.2e-51  168.8   0.5   1   1   7.7e-53   4.7e-51  168.6   0.5     2   165     6   170     5   171 0.98 -
d1i4ua_b.60.1.1      -            181 d1qfta_b.60.1.1.aln  -            167   1.5e-49  163.7   0.3   1   1   2.9e-51   1.7e-49  163.5   0.3     2   166    15   176    14   177 0.99 -
d1lf7a_b.60.1.1      -            171 d1qfta_b.60.1.1.aln  -            167   7.1e-49  161.5   0.0   1   1   1.3e-50     8e-49  161.4   0.0     2   166     2   162     1   163 0.98 -
d3saoa_b.60.1.1      -            155 d1qfta_b.60.1.1.aln  -            167   1.1e-48  161.0   0.3   1   1   1.9e-50   1.2e-48  160.8   0.3    16   166     1   149     1   150 0.98 -
d1epba_b.60.1.1      -            160 d1qfta_b.60.1.1.aln  -            167   2.1e-48  160.0   0.1   1   1   3.8e-50   2.3e-48  159.9   0.1    10   165     1   154     1   156 0.99 -
d1qwda_b.60.1.1      -            167 d1qfta_b.60.1.1.aln  -            167   1.4e-44  147.5   0.0   1   1   2.7e-46   1.7e-44  147.3   0.0     1   160    13   166    13   167 0.98 -
d1x8qa_b.60.1.1      -            184 d1qfta_b.60.1.1.aln  -            167   7.4e-43  142.0   4.5   1   1   1.4e-44   8.4e-43  141.8   4.5     1   167     2   175     2   175 0.99 -
d1dzka_b.60.1.1      -            148 d1qfta_b.60.1.1.aln  -            167   5.6e-42  139.1   0.1   1   1     1e-43   6.2e-42  139.0   0.1    17   164     2   147     1   148 0.99 -
d1xkia_b.60.1.1      -            139 d1qfta_b.60.1.1.aln  -            167   2.3e-37  124.1   0.0   1   1   4.1e-39   2.5e-37  124.0   0.0    18   159     2   138     1   139 0.98 -
d2joza1b.60.1.1      -            126 d1qfta_b.60.1.1.aln  -            167   8.8e-25   83.2   0.1   1   1   1.6e-26   9.7e-25   83.0   0.1    27   162     2   125     1   126 0.98 -
#
# Program:         hmmsearch
# Version:         3.3.2 (Nov 2020)
# Pipeline mode:   SEARCH
# Query file:      /home/elise/Documents/M1-BIM/S2/TMEs/SBAS/tme08/models/scop30/d1qfta_b.60.1.1.aln.hmm
# Target file:     /home/elise/Documents/M1-BIM/S2/TMEs/SBAS/tme08/scop/scop/scopTestSeq.fasta
# Option settings: hmmsearch --domtblout /home/elise/Documents/M1-BIM/S2/TMEs/SBAS/tme08/searchResults/scop30/d1qfta_b.60.1.1.aln.out -E 1 /home/elise/Documents/M1-BIM/S2/TMEs/SBAS/tme08/models/scop30/d1qfta_b.60.1.1.aln.hmm /home/elise/Documents/M1-BIM/S2/TMEs/SBAS/tme08/scop/scop/scopTestSeq.fasta 
# Current dir:     /home/elise/Documents/M1-BIM/S2/TMEs/SBAS/tme08
# Date:            Thu Apr 10 10:02:25 2025
# [ok]
