#                                                                            --- full sequence --- -------------- this domain -------------   hmm coord   ali coord   env coord
# target name        accession   tlen query name           accession   qlen   E-value  score  bias   #  of  c-Evalue  i-Evalue  score  bias  from    to  from    to  from    to  acc description of target
#------------------- ---------- ----- -------------------- ---------- ----- --------- ------ ----- --- --- --------- --------- ------ ----- ----- ----- ----- ----- ----- ----- ---- ---------------------
d1kjwa2c.37.1.1      -            199 d1qf9a_c.37.1.1.aln  -            197   3.8e-52  172.5   0.1   1   1   9.1e-54   4.2e-52  172.4   0.1     1   196     5   195     5   196 0.99 -
d1p5zb_c.37.1.1      -            241 d1qf9a_c.37.1.1.aln  -            197   2.8e-51  169.7   0.0   1   1   6.9e-53   3.2e-51  169.5   0.0     1   197    24   233    24   233 0.99 -
d1vhta_c.37.1.1      -            208 d1qf9a_c.37.1.1.aln  -            197   1.1e-49  164.6   0.2   1   1   2.5e-51   1.2e-49  164.4   0.2     5   197     3   204     1   204 0.99 -
d1khta_c.37.1.1      -            190 d1qf9a_c.37.1.1.aln  -            197   1.3e-48  161.0   0.0   1   1   3.1e-50   1.4e-48  160.9   0.0     5   194     1   189     1   190 0.99 -
d1deka_c.37.1.1      -            241 d1qf9a_c.37.1.1.aln  -            197   2.6e-48  160.0   0.0   1   2      0.43        20    0.5   0.0    14    35     7    28     3    30 0.89 -
d1deka_c.37.1.1      -            241 d1qf9a_c.37.1.1.aln  -            197   2.6e-48  160.0   0.0   2   2   3.4e-49   1.6e-47  157.5   0.0     1   196    31   240    31   241 0.99 -
d1lw7a2c.37.1.1      -            192 d1qf9a_c.37.1.1.aln  -            197   3.7e-47  156.3   0.0   1   1   8.7e-49     4e-47  156.1   0.0     2   193     4   191     3   192 0.98 -
d2grja_c.37.1.1      -            179 d1qf9a_c.37.1.1.aln  -            197   9.9e-45  148.3   0.3   1   1   2.4e-46   1.1e-44  148.2   0.3     3   188     1   179     1   179 0.99 -
d1kgda_c.37.1.1      -            178 d1qf9a_c.37.1.1.aln  -            197   1.5e-44  147.8   0.1   1   1   3.5e-46   1.6e-44  147.6   0.1     3   188     1   178     1   178 0.99 -
d1t0hb_c.37.1.1      -            219 d1qf9a_c.37.1.1.aln  -            197   7.3e-43  142.3   0.0   1   1   1.8e-44   8.2e-43  142.1   0.0     1   197    16   210    16   210 0.99 -
d1e2ka_c.37.1.1      -            329 d1qf9a_c.37.1.1.aln  -            197   7.3e-43  142.2   0.0   1   2       2.3   1.1e+02   -1.9   0.0    12    36    11    35     7    36 0.83 -
d1e2ka_c.37.1.1      -            329 d1qf9a_c.37.1.1.aln  -            197   7.3e-43  142.2   0.0   2   2   3.8e-44   1.8e-42  141.0   0.0     1   197    80   290    80   290 0.99 -
d1y63a_c.37.1.1      -            174 d1qf9a_c.37.1.1.aln  -            197     2e-42  140.8   1.4   1   1   4.8e-44   2.2e-42  140.7   1.4     1   191     1   174     1   174 0.99 -
d1zina1c.37.1.1      -            183 d1qf9a_c.37.1.1.aln  -            197   1.1e-41  138.5   0.0   1   1   2.5e-43   1.2e-41  138.3   0.0     6   192     1   183     1   183 0.99 -
d1gsia_c.37.1.1      -            208 d1qf9a_c.37.1.1.aln  -            197   3.2e-41  136.9   0.0   1   1   8.6e-43     4e-41  136.6   0.0     2   196     9   202     2   203 0.98 -
d1yj5a2c.37.1.1      -            172 d1qf9a_c.37.1.1.aln  -            197   5.8e-41  136.0   0.0   1   1   1.4e-42   6.4e-41  135.9   0.0    22   197     3   172     1   172 0.98 -
d3kb2a_c.37.1.1      -            171 d1qf9a_c.37.1.1.aln  -            197   1.7e-37  124.7   0.0   1   1     4e-39   1.9e-37  124.6   0.0     7   192     2   171     1   171 0.99 -
d1ly1a_c.37.1.1      -            152 d1qf9a_c.37.1.1.aln  -            197   4.2e-34  113.6   0.0   1   1   1.1e-35     5e-34  113.4   0.0     4   134     1   126     1   149 0.95 -
d2qora_c.37.1.0      -            196 d1qf9a_c.37.1.1.aln  -            197   7.7e-06   21.4   0.0   1   2    0.0013      0.06    8.7   0.0     7    59     6    59     5    72 0.90 -
d2qora_c.37.1.0      -            196 d1qf9a_c.37.1.1.aln  -            197   7.7e-06   21.4   0.0   2   2   0.00029     0.013   10.8   0.0   128   195   130   194   126   196 0.93 -
#
# Program:         hmmsearch
# Version:         3.3.2 (Nov 2020)
# Pipeline mode:   SEARCH
# Query file:      /home/elise/Documents/M1-BIM/S2/TMEs/SBAS/tme08/models/scop30/d1qf9a_c.37.1.1.aln.hmm
# Target file:     /home/elise/Documents/M1-BIM/S2/TMEs/SBAS/tme08/scop/scop/scopTestSeq.fasta
# Option settings: hmmsearch --domtblout /home/elise/Documents/M1-BIM/S2/TMEs/SBAS/tme08/searchResults/scop30/d1qf9a_c.37.1.1.aln.out -E 1 /home/elise/Documents/M1-BIM/S2/TMEs/SBAS/tme08/models/scop30/d1qf9a_c.37.1.1.aln.hmm /home/elise/Documents/M1-BIM/S2/TMEs/SBAS/tme08/scop/scop/scopTestSeq.fasta 
# Current dir:     /home/elise/Documents/M1-BIM/S2/TMEs/SBAS/tme08
# Date:            Thu Apr 10 10:02:25 2025
# [ok]
