#                                                                            --- full sequence --- -------------- this domain -------------   hmm coord   ali coord   env coord
# target name        accession   tlen query name           accession   qlen   E-value  score  bias   #  of  c-Evalue  i-Evalue  score  bias  from    to  from    to  from    to  acc description of target
#------------------- ---------- ----- -------------------- ---------- ----- --------- ------ ----- --- --- --------- --------- ------ ----- ----- ----- ----- ----- ----- ----- ---- ---------------------
d2p0wa_d.108.1.1     -            319 d1qsma_d.108.1.1.aln -            292  4.9e-117  386.1   1.3   1   1  3.1e-118  5.5e-117  385.9   1.3     1   290     9   319     9   319 1.00 -
d1boba_d.108.1.1     -            315 d1qsma_d.108.1.1.aln -            292  7.1e-117  385.6   3.6   1   1  4.4e-118    8e-117  385.4   3.6     1   290     1   315     1   315 1.00 -
d2pq8a_d.108.1.1     -            271 d1qsma_d.108.1.1.aln -            292     1e-69  230.8   0.1   1   1   6.7e-71   1.2e-69  230.6   0.1    75   292     1   243     1   243 1.00 -
d1u6ma_d.108.1.1     -            189 d1qsma_d.108.1.1.aln -            292   2.2e-33  111.5   0.0   1   1   1.3e-34   2.4e-33  111.4   0.0   100   277     2   187     1   189 0.98 -
d1tiqa_d.108.1.1     -            173 d1qsma_d.108.1.1.aln -            292   2.2e-31  104.9   1.1   1   1   1.4e-32   2.5e-31  104.8   1.1   115   284     2   172     1   173 0.97 -
d1yk3a1d.108.1.1     -            198 d1qsma_d.108.1.1.aln -            292   6.9e-31  103.3   0.0   1   1   4.2e-32   7.5e-31  103.2   0.0    93   278     1   196     1   198 0.98 -
d2ae6a1d.108.1.1     -            161 d1qsma_d.108.1.1.aln -            292   6.1e-28   93.7   0.1   1   1   3.7e-29   6.7e-28   93.5   0.1   117   281     1   158     1   161 0.97 -
d1i12a_d.108.1.1     -            157 d1qsma_d.108.1.1.aln -            292   1.6e-27   92.3   0.0   1   1   9.6e-29   1.7e-27   92.2   0.0   117   266     5   154     1   157 0.94 -
d2gana1d.108.1.1     -            182 d1qsma_d.108.1.1.aln -            292   4.6e-26   87.5   0.1   1   1   2.8e-27     5e-26   87.4   0.1   105   277     2   181     1   182 0.95 -
d1z4ea1d.108.1.1     -            150 d1qsma_d.108.1.1.aln -            292   6.6e-26   87.0   0.1   1   1   4.3e-27   7.8e-26   86.8   0.1   118   263     2   144     1   148 0.97 -
d1mk4a_d.108.1.1     -            157 d1qsma_d.108.1.1.aln -            292   4.6e-25   84.2   0.0   1   1   2.8e-26     5e-25   84.1   0.0   121   289     2   156     1   157 0.96 -
d1wwza1d.108.1.1     -            157 d1qsma_d.108.1.1.aln -            292   6.3e-25   83.8   0.2   1   1   3.8e-26   6.8e-25   83.7   0.2   118   271     2   154     1   157 0.97 -
d1ufha_d.108.1.1     -            155 d1qsma_d.108.1.1.aln -            292     3e-24   81.6   0.6   1   1   1.8e-25   3.2e-24   81.5   0.6   116   267     3   153     1   155 0.96 -
d2b5ga_d.108.1.1     -            168 d1qsma_d.108.1.1.aln -            292     2e-23   78.9   0.0   1   1   1.2e-24   2.1e-23   78.8   0.0   118   279     4   165     1   168 0.95 -
d1nsla_d.108.1.1     -            180 d1qsma_d.108.1.1.aln -            292   5.4e-23   77.4   0.0   1   1   3.2e-24   5.8e-23   77.3   0.0   110   285     2   178     1   180 0.96 -
d1m4ia_d.108.1.1     -            181 d1qsma_d.108.1.1.aln -            292   5.8e-23   77.3   0.0   1   1   3.5e-24   6.3e-23   77.2   0.0   116   291     1   180     1   181 0.96 -
d1p0ha_d.108.1.1     -            308 d1qsma_d.108.1.1.aln -            292   1.3e-22   76.2   0.0   1   3   4.2e-20   7.6e-19   63.8   0.0   113   291     2   201     1   202 0.98 -
d1p0ha_d.108.1.1     -            308 d1qsma_d.108.1.1.aln -            292   1.3e-22   76.2   0.0   2   3     0.047      0.85    4.6   0.0   195   222   224   251   210   256 0.85 -
d1p0ha_d.108.1.1     -            308 d1qsma_d.108.1.1.aln -            292   1.3e-22   76.2   0.0   3   3     0.055      0.99    4.4   0.0   236   263   277   302   272   307 0.72 -
d1vkca_d.108.1.1     -            149 d1qsma_d.108.1.1.aln -            292   2.1e-22   75.5   1.0   1   1   1.3e-23   2.3e-22   75.4   1.0   118   266     2   146     1   149 0.96 -
d2cy2a1d.108.1.1     -            174 d1qsma_d.108.1.1.aln -            292   4.6e-22   74.4   0.0   1   1   2.7e-23   4.8e-22   74.3   0.0   123   285     9   172     1   174 0.95 -
d1ghea_d.108.1.1     -            170 d1qsma_d.108.1.1.aln -            292   5.9e-22   74.0   0.0   1   1   3.8e-23   6.8e-22   73.8   0.0   128   284    13   169     3   170 0.93 -
d2fl4a1d.108.1.1     -            146 d1qsma_d.108.1.1.aln -            292   7.4e-22   73.7   0.5   1   1   4.4e-23     8e-22   73.6   0.5   120   275     2   144     1   146 0.90 -
d2euia1d.108.1.1     -            153 d1qsma_d.108.1.1.aln -            292   5.2e-21   70.9   0.1   1   1   3.1e-22   5.5e-21   70.8   0.1   129   268     7   145     1   152 0.91 -
d1y9wa1d.108.1.1     -            140 d1qsma_d.108.1.1.aln -            292   1.7e-20   69.3   0.4   1   1     1e-21   1.9e-20   69.1   0.4   122   279     3   139     1   140 0.89 -
d2fiaa1d.108.1.1     -            157 d1qsma_d.108.1.1.aln -            292   2.9e-20   68.4   0.9   1   1   1.8e-21   3.2e-20   68.3   0.9   117   282     1   156     1   157 0.92 -
d1z4ra1d.108.1.1     -            162 d1qsma_d.108.1.1.aln -            292   3.1e-20   68.4   0.0   1   1   2.1e-21   3.7e-20   68.1   0.0   131   287    15   160     3   161 0.92 -
d1cjwa_d.108.1.1     -            166 d1qsma_d.108.1.1.aln -            292   3.4e-20   68.2   0.0   1   1     2e-21   3.6e-20   68.1   0.0   115   278     2   164     1   166 0.96 -
d1bo4a_d.108.1.1     -            137 d1qsma_d.108.1.1.aln -            292   1.1e-19   66.6   0.0   1   1   6.5e-21   1.2e-19   66.5   0.0   119   257     2   137     1   137 0.98 -
d2fcka1d.108.1.1     -            178 d1qsma_d.108.1.1.aln -            292   1.3e-19   66.3   0.0   1   1   8.1e-21   1.5e-19   66.2   0.0   113   275     2   169     1   177 0.93 -
d1yx0a1d.108.1.1     -            151 d1qsma_d.108.1.1.aln -            292   3.4e-19   65.0   0.0   1   1     2e-20   3.6e-19   64.9   0.0   127   279     4   150     1   151 0.95 -
d2jdca1d.108.1.1     -            145 d1qsma_d.108.1.1.aln -            292   2.9e-18   61.9   0.1   1   1   1.7e-19   3.1e-18   61.8   0.1   124   280     3   144     1   145 0.94 -
d2atra1d.108.1.1     -            137 d1qsma_d.108.1.1.aln -            292     1e-17   60.1   0.0   1   1   6.1e-19   1.1e-17   60.0   0.0   130   274    12   136     1   137 0.86 -
d2fiwa1d.108.1.1     -            156 d1qsma_d.108.1.1.aln -            292   1.5e-17   59.6   0.0   1   1   8.8e-19   1.6e-17   59.5   0.0   124   281     6   155     1   156 0.92 -
d1y9ka1d.108.1.1     -            152 d1qsma_d.108.1.1.aln -            292   1.5e-16   56.2   0.0   1   1   1.1e-17   1.9e-16   55.9   0.0   180   258    34   124     2   151 0.72 -
d1n71a_d.108.1.1     -            180 d1qsma_d.108.1.1.aln -            292   1.9e-15   52.7   0.0   1   1   1.1e-16     2e-15   52.6   0.0   116   281     2   175     1   180 0.96 -
d2aj6a1d.108.1.1     -            118 d1qsma_d.108.1.1.aln -            292   2.9e-15   52.1   0.1   1   1   1.7e-16   3.1e-15   52.0   0.1   118   239     3   116     1   118 0.96 -
d2g3aa1d.108.1.1     -            137 d1qsma_d.108.1.1.aln -            292   5.1e-15   51.3   0.0   1   1   3.5e-16   6.2e-15   51.0   0.0   146   280    16   137     2   137 0.79 -
d1y7ra1d.108.1.1     -            133 d1qsma_d.108.1.1.aln -            292   1.1e-14   50.1   0.0   1   1   6.8e-16   1.2e-14   50.0   0.0   135   271    15   132     2   133 0.83 -
d1xeba_d.108.1.1     -            149 d1qsma_d.108.1.1.aln -            292   1.6e-14   49.7   0.1   1   1     1e-15   1.8e-14   49.4   0.1   121   273     4   144     1   148 0.94 -
d1q2ya_d.108.1.1     -            140 d1qsma_d.108.1.1.aln -            292   7.2e-14   47.5   0.1   1   1   4.6e-15   8.3e-14   47.3   0.1   121   277     5   138     1   140 0.87 -
d2fsra1d.108.1.1     -            164 d1qsma_d.108.1.1.aln -            292     1e-11   40.4   0.0   1   1   6.2e-13   1.1e-11   40.3   0.0   118   260     3   146     1   163 0.91 -
d1r57a_d.108.1.1     -            102 d1qsma_d.108.1.1.aln -            292   2.6e-10   35.8   0.1   1   1   1.4e-11   2.6e-10   35.8   0.1   194   261    28    90     3   102 0.77 -
d1qsma_d.108.1.1     -            150 d1qsma_d.108.1.1.aln -            292   4.1e-09   31.9   0.0   1   1   2.7e-10   4.8e-09   31.6   0.0   132   260    12   140     6   149 0.86 -
d1xmta_d.108.1.1     -             95 d1qsma_d.108.1.1.aln -            292   2.3e-08   29.4   0.0   1   1   1.3e-09   2.4e-08   29.3   0.0   186   246    17    77     5    93 0.87 -
d2d4pa1d.108.1.1     -            130 d1qsma_d.108.1.1.aln -            292    0.0026   12.8   0.1   1   1   0.00022    0.0039   12.3   0.1   194   259    51   116     1   129 0.78 -
#
# Program:         hmmsearch
# Version:         3.3.2 (Nov 2020)
# Pipeline mode:   SEARCH
# Query file:      /home/elise/Documents/M1-BIM/S2/TMEs/SBAS/tme08/models/scop30/d1qsma_d.108.1.1.aln.hmm
# Target file:     /home/elise/Documents/M1-BIM/S2/TMEs/SBAS/tme08/scop/scop/scopTestSeq.fasta
# Option settings: hmmsearch --domtblout /home/elise/Documents/M1-BIM/S2/TMEs/SBAS/tme08/searchResults/scop30/d1qsma_d.108.1.1.aln.out -E 1 /home/elise/Documents/M1-BIM/S2/TMEs/SBAS/tme08/models/scop30/d1qsma_d.108.1.1.aln.hmm /home/elise/Documents/M1-BIM/S2/TMEs/SBAS/tme08/scop/scop/scopTestSeq.fasta 
# Current dir:     /home/elise/Documents/M1-BIM/S2/TMEs/SBAS/tme08
# Date:            Thu Apr 10 10:02:25 2025
# [ok]
