#                                                                            --- full sequence --- -------------- this domain -------------   hmm coord   ali coord   env coord
# target name        accession   tlen query name           accession   qlen   E-value  score  bias   #  of  c-Evalue  i-Evalue  score  bias  from    to  from    to  from    to  acc description of target
#------------------- ---------- ----- -------------------- ---------- ----- --------- ------ ----- --- --- --------- --------- ------ ----- ----- ----- ----- ----- ----- ----- ---- ---------------------
d3kffa_b.60.1.1      -            152 d1qwda_b.60.1.1.aln  -            162   7.1e-53  174.5   0.3   1   1   1.4e-54   7.8e-53  174.4   0.3    10   161     2   151     1   152 0.98 -
d3s26a_b.60.1.1      -            176 d1qwda_b.60.1.1.aln  -            162   9.3e-52  170.9   0.2   1   1   1.9e-53     1e-51  170.7   0.2     2   161    10   175     9   176 0.99 -
d3saoa_b.60.1.1      -            155 d1qwda_b.60.1.1.aln  -            162   8.2e-50  164.6   0.3   1   1   1.6e-51   9.1e-50  164.4   0.3    12   161     1   149     1   150 0.98 -
d1kxoa_b.60.1.1      -            171 d1qwda_b.60.1.1.aln  -            162   1.3e-49  163.9   0.5   1   1   2.6e-51   1.5e-49  163.8   0.5     2   160    10   170     9   171 0.99 -
d1kt7a_b.60.1.1      -            175 d1qwda_b.60.1.1.aln  -            162   4.7e-48  158.9   0.1   1   1   9.6e-50   5.4e-48  158.7   0.1     1   159     7   175     7   175 0.99 -
d1epba_b.60.1.1      -            160 d1qwda_b.60.1.1.aln  -            162   2.3e-47  156.6   0.1   1   1   4.4e-49   2.5e-47  156.5   0.1     7   160     2   154     1   156 0.98 -
d1i4ua_b.60.1.1      -            181 d1qwda_b.60.1.1.aln  -            162   1.3e-46  154.2   0.3   1   1   2.7e-48   1.5e-46  154.0   0.3     5   161    22   176    13   177 0.96 -
d1lf7a_b.60.1.1      -            171 d1qwda_b.60.1.1.aln  -            162   3.4e-46  152.8   0.0   1   1   6.9e-48   3.9e-46  152.6   0.0     1   161     5   162     5   163 0.98 -
d1qfta_b.60.1.1      -            175 d1qwda_b.60.1.1.aln  -            162   5.6e-43  142.4   7.9   1   1   1.1e-44   6.2e-43  142.2   7.9     5   161    15   174     6   175 0.97 -
d1dzka_b.60.1.1      -            148 d1qwda_b.60.1.1.aln  -            162   1.5e-41  137.7   0.2   1   1   2.9e-43   1.6e-41  137.6   0.2    13   160     2   148     1   148 0.99 -
d1x8qa_b.60.1.1      -            184 d1qwda_b.60.1.1.aln  -            162   8.2e-40  132.1   5.9   1   1   1.6e-41     9e-40  131.9   5.9     4   162     9   175     1   175 0.97 -
d1xkia_b.60.1.1      -            139 d1qwda_b.60.1.1.aln  -            162   1.9e-37  124.4   0.0   1   1   3.6e-39     2e-37  124.3   0.0    14   154     2   138     1   139 0.98 -
d2joza1b.60.1.1      -            126 d1qwda_b.60.1.1.aln  -            162   1.7e-26   88.8   0.1   1   1   3.3e-28   1.8e-26   88.7   0.1    22   157     1   125     1   126 0.98 -
d1qwda_b.60.1.1      -            167 d1qwda_b.60.1.1.aln  -            162     3e-07   26.2   0.0   1   2   6.7e-06   0.00038   16.1   0.0     4    41    20    57    12    70 0.87 -
d1qwda_b.60.1.1      -            167 d1qwda_b.60.1.1.aln  -            162     3e-07   26.2   0.0   2   2    0.0018     0.099    8.3   0.0   114   147   125   158   104   165 0.83 -
#
# Program:         hmmsearch
# Version:         3.3.2 (Nov 2020)
# Pipeline mode:   SEARCH
# Query file:      /home/elise/Documents/M1-BIM/S2/TMEs/SBAS/tme08/models/scop30/d1qwda_b.60.1.1.aln.hmm
# Target file:     /home/elise/Documents/M1-BIM/S2/TMEs/SBAS/tme08/scop/scop/scopTestSeq.fasta
# Option settings: hmmsearch --domtblout /home/elise/Documents/M1-BIM/S2/TMEs/SBAS/tme08/searchResults/scop30/d1qwda_b.60.1.1.aln.out -E 1 /home/elise/Documents/M1-BIM/S2/TMEs/SBAS/tme08/models/scop30/d1qwda_b.60.1.1.aln.hmm /home/elise/Documents/M1-BIM/S2/TMEs/SBAS/tme08/scop/scop/scopTestSeq.fasta 
# Current dir:     /home/elise/Documents/M1-BIM/S2/TMEs/SBAS/tme08
# Date:            Thu Apr 10 10:02:25 2025
# [ok]
