#                                                                            --- full sequence --- -------------- this domain -------------   hmm coord   ali coord   env coord
# target name        accession   tlen query name           accession   qlen   E-value  score  bias   #  of  c-Evalue  i-Evalue  score  bias  from    to  from    to  from    to  acc description of target
#------------------- ---------- ----- -------------------- ---------- ----- --------- ------ ----- --- --- --------- --------- ------ ----- ----- ----- ----- ----- ----- ----- ---- ---------------------
d1u0ja_c.37.1.20     -            267 d1qzma_c.37.1.20.aln -            263   2.6e-60  199.6   0.0   1   1     9e-62   2.8e-60  199.5   0.0     2   262     2   266     1   267 0.99 -
d1r6bx3c.37.1.20     -            315 d1qzma_c.37.1.20.aln -            263   1.5e-59  197.1   0.1   1   1   5.4e-61   1.7e-59  196.9   0.1     2   262     7   305     6   306 0.99 -
d1sxja2c.37.1.20     -            253 d1qzma_c.37.1.20.aln -            263   1.7e-58  193.7   0.0   1   1   5.8e-60   1.8e-58  193.5   0.0     4   248     1   252     1   253 0.99 -
d1g41a_c.37.1.20     -            443 d1qzma_c.37.1.20.aln -            263   9.8e-58  191.1   0.0   1   1   4.8e-59   1.5e-57  190.5   0.0     5   262     2   427     1   428 0.99 -
d1fnna2c.37.1.20     -            276 d1qzma_c.37.1.20.aln -            263     7e-57  188.3   0.0   1   1   2.5e-58   7.8e-57  188.2   0.0     3   262     2   273     1   274 0.99 -
d2a5yb3c.37.1.20     -            277 d1qzma_c.37.1.20.aln -            263   1.1e-56  187.7   0.0   1   1   3.8e-58   1.2e-56  187.6   0.0     5   263     2   266     1   266 0.99 -
d1njfa_c.37.1.20     -            239 d1qzma_c.37.1.20.aln -            263     4e-55  182.6   0.0   1   1   1.4e-56   4.4e-55  182.4   0.0     8   243     3   237     1   239 0.99 -
d1in4a2c.37.1.20     -            238 d1qzma_c.37.1.20.aln -            263   3.4e-54  179.5   1.2   1   1   1.2e-55   3.8e-54  179.4   1.2    10   256     2   237     1   238 0.99 -
d1lv7a_c.37.1.20     -            256 d1qzma_c.37.1.20.aln -            263   1.2e-53  177.8   0.0   1   1   4.1e-55   1.3e-53  177.6   0.0     6   253     1   255     1   256 0.97 -
d1svma_c.37.1.20     -            362 d1qzma_c.37.1.20.aln -            263   1.9e-53  177.1   0.1   1   1     7e-55   2.2e-53  176.9   0.1     1   260    38   361    38   362 0.99 -
d1um8a_c.37.1.20     -            364 d1qzma_c.37.1.20.aln -            263   1.4e-52  174.3   0.0   1   1   1.1e-53   3.6e-52  172.9   0.0     2   262     2   356     1   357 0.99 -
d1iqpa2c.37.1.20     -            231 d1qzma_c.37.1.20.aln -            263   9.4e-52  171.5   0.4   1   1   3.3e-53     1e-51  171.4   0.4     3   242    10   230     8   231 0.99 -
d2fnaa2c.37.1.20     -            283 d1qzma_c.37.1.20.aln -            263   5.4e-50  165.8   3.2   1   1   1.9e-51   6.1e-50  165.6   3.2     2   259     7   282     6   283 0.99 -
d1d2na_c.37.1.20     -            246 d1qzma_c.37.1.20.aln -            263   8.7e-50  165.1   0.1   1   1   3.2e-51     1e-49  164.9   0.1     6   248     2   243     1   245 0.99 -
d1w5sa2c.37.1.20     -            287 d1qzma_c.37.1.20.aln -            263     2e-49  163.9   0.0   1   1   7.1e-51   2.3e-49  163.7   0.0     3   262     2   287     1   287 0.99 -
d1g8pa_c.37.1.20     -            333 d1qzma_c.37.1.20.aln -            263   9.6e-46  151.9   0.0   1   1   3.4e-47   1.1e-45  151.7   0.0     3   262    22   326    20   327 0.99 -
d1ny5a2c.37.1.20     -            247 d1qzma_c.37.1.20.aln -            263     8e-45  148.8   0.8   1   1   2.8e-46   8.9e-45  148.7   0.8     7   254     1   246     1   247 0.99 -
d1tuea_c.37.1.20     -            205 d1qzma_c.37.1.20.aln -            263   7.2e-39  129.3   0.0   1   1   2.5e-40     8e-39  129.2   0.0    12   254     2   204     1   205 0.98 -
d1l8qa2c.37.1.20     -            213 d1qzma_c.37.1.20.aln -            263   2.4e-37  124.4   1.9   1   1     9e-39   2.8e-37  124.1   1.9     9   240     2   211     1   212 0.98 -
d1a5ta2c.37.1.20     -            207 d1qzma_c.37.1.20.aln -            263   4.7e-36  120.1   0.0   1   1   1.7e-37   5.2e-36  120.0   0.0     5   234     1   200     1   206 0.97 -
d2gnoa2c.37.1.20     -            198 d1qzma_c.37.1.20.aln -            263   2.7e-32  107.8   0.3   1   1   9.4e-34     3e-32  107.7   0.3    41   242    11   197     1   198 0.95 -
d2p65a_c.37.1.20     -            185 d1qzma_c.37.1.20.aln -            263   3.9e-26   87.6   0.3   1   1   1.4e-27   4.5e-26   87.4   0.3     2   219     5   184     4   185 0.96 -
d1jqlb_c.37.1.20     -            140 d1qzma_c.37.1.20.aln -            263   8.1e-17   57.1   0.0   1   1   2.8e-18   8.9e-17   57.0   0.0    60   223     1   139     1   140 0.98 -
d1y63a_c.37.1.1      -            174 d1qzma_c.37.1.20.aln -            263   0.00052   15.1   0.1   1   1   2.9e-05   0.00091   14.3   0.1    46    72     7    33     5    42 0.91 -
d3kb2a_c.37.1.1      -            171 d1qzma_c.37.1.20.aln -            263    0.0014   13.7   0.0   1   1   9.9e-05    0.0031   12.6   0.0    47    86     3    42     2    45 0.86 -
#
# Program:         hmmsearch
# Version:         3.3.2 (Nov 2020)
# Pipeline mode:   SEARCH
# Query file:      /home/elise/Documents/M1-BIM/S2/TMEs/SBAS/tme08/models/scop30/d1qzma_c.37.1.20.aln.hmm
# Target file:     /home/elise/Documents/M1-BIM/S2/TMEs/SBAS/tme08/scop/scop/scopTestSeq.fasta
# Option settings: hmmsearch --domtblout /home/elise/Documents/M1-BIM/S2/TMEs/SBAS/tme08/searchResults/scop30/d1qzma_c.37.1.20.aln.out -E 1 /home/elise/Documents/M1-BIM/S2/TMEs/SBAS/tme08/models/scop30/d1qzma_c.37.1.20.aln.hmm /home/elise/Documents/M1-BIM/S2/TMEs/SBAS/tme08/scop/scop/scopTestSeq.fasta 
# Current dir:     /home/elise/Documents/M1-BIM/S2/TMEs/SBAS/tme08
# Date:            Thu Apr 10 10:02:25 2025
# [ok]
