#                                                                            --- full sequence --- -------------- this domain -------------   hmm coord   ali coord   env coord
# target name        accession   tlen query name           accession   qlen   E-value  score  bias   #  of  c-Evalue  i-Evalue  score  bias  from    to  from    to  from    to  acc description of target
#------------------- ---------- ----- -------------------- ---------- ----- --------- ------ ----- --- --- --------- --------- ------ ----- ----- ----- ----- ----- ----- ----- ---- ---------------------
d1ceoa_c.1.8.3       -            340 d1rh9a1c.1.8.3.aln   -            338     3e-79  262.3   1.4   1   1   9.1e-81   3.3e-79  262.2   1.4    10   337     1   337     1   338 0.99 -
d1edga_c.1.8.3       -            380 d1rh9a1c.1.8.3.aln   -            338   8.4e-79  260.8  15.5   1   1   2.7e-80   9.5e-79  260.6  15.5     1   337    25   377    25   378 0.99 -
d3n9ka_c.1.8.3       -            394 d1rh9a1c.1.8.3.aln   -            338   3.2e-74  245.7  22.4   1   1     1e-75   3.6e-74  245.6  22.4     1   338    32   393    32   393 0.98 -
d1ecea_c.1.8.3       -            358 d1rh9a1c.1.8.3.aln   -            338   1.3e-73  243.8  15.9   1   1     4e-75   1.4e-73  243.6  15.9     2   337     9   356     8   357 0.99 -
d2vzsa5c.1.8.3       -            339 d1rh9a1c.1.8.3.aln   -            338   3.2e-72  239.2   2.0   1   1   9.8e-74   3.5e-72  239.0   2.0     2   337     4   338     3   339 0.99 -
d1vjza_c.1.8.3       -            325 d1rh9a1c.1.8.3.aln   -            338   3.5e-72  239.1   0.4   1   1   1.1e-73   3.8e-72  238.9   0.4     9   335     3   322     1   325 0.98 -
d2je8a5c.1.8.3       -            348 d1rh9a1c.1.8.3.aln   -            338   2.2e-71  236.4   6.3   1   1   6.9e-73   2.5e-71  236.3   6.3     3   337     2   346     1   347 0.99 -
d1qw9a2c.1.8.3       -            367 d1rh9a1c.1.8.3.aln   -            338   3.4e-70  232.5   2.5   1   1   1.1e-71   3.8e-70  232.4   2.5     2   337    24   366    23   367 0.99 -
d1w91a2c.1.8.3       -            347 d1rh9a1c.1.8.3.aln   -            338   9.2e-69  227.8   0.1   1   1   2.9e-70     1e-68  227.6   0.1     1   337     1   346     1   347 0.99 -
d1odza_c.1.8.3       -            381 d1rh9a1c.1.8.3.aln   -            338   9.1e-68  224.5  11.1   1   1   2.8e-69     1e-67  224.4  11.1     2   336    16   379    15   381 0.99 -
d1qnra_c.1.8.3       -            344 d1rh9a1c.1.8.3.aln   -            338   6.9e-67  221.6  22.7   1   1   2.1e-68   7.7e-67  221.5  22.7     4   338     3   342     1   342 0.99 -
d2nt0a2c.1.8.3       -            354 d1rh9a1c.1.8.3.aln   -            338     1e-66  221.1   0.1   1   1   3.1e-68   1.1e-66  221.0   0.1     2   336     5   348     4   350 0.98 -
d1uuqa_c.1.8.3       -            410 d1rh9a1c.1.8.3.aln   -            338   7.1e-66  218.3  17.0   1   1   2.2e-67   8.1e-66  218.1  17.0     2   338     6   406     5   406 0.99 -
d1h1na_c.1.8.3       -            305 d1rh9a1c.1.8.3.aln   -            338   1.2e-63  210.9  13.2   1   1   3.8e-65   1.4e-63  210.8  13.2     6   334     4   304     1   305 0.98 -
d1ur4a_c.1.8.3       -            387 d1rh9a1c.1.8.3.aln   -            338   2.1e-63  210.2  11.3   1   1   6.6e-65   2.4e-63  210.0  11.3     1   337     6   382     6   383 0.99 -
d1bqca_c.1.8.3       -            302 d1rh9a1c.1.8.3.aln   -            338   2.7e-63  209.8   8.8   1   1   8.3e-65     3e-63  209.7   8.8     7   338     2   301     1   301 0.99 -
d1hjua_c.1.8.3       -            332 d1rh9a1c.1.8.3.aln   -            338   3.3e-63  209.5  17.3   1   1     1e-64   3.6e-63  209.4  17.3    10   335     4   331     1   332 0.98 -
d1jz8a5c.1.8.3       -            292 d1rh9a1c.1.8.3.aln   -            338   1.9e-56  187.3   0.5   1   1   6.3e-58   2.2e-56  187.1   0.5     2   330     2   291     1   292 0.99 -
d7a3ha_c.1.8.3       -            300 d1rh9a1c.1.8.3.aln   -            338   4.7e-55  182.7  11.9   1   1   1.5e-56   5.2e-55  182.6  11.9     4   328     3   298     1   300 0.98 -
d1i1wa_c.1.8.3       -            303 d1rh9a1c.1.8.3.aln   -            338   5.1e-50  166.2   5.7   1   1   1.6e-51   5.6e-50  166.0   5.7    12   336     3   302     1   303 0.98 -
d1nofa2c.1.8.3       -            277 d1rh9a1c.1.8.3.aln   -            338   4.3e-48  159.8   3.7   1   1   1.3e-49   4.8e-48  159.7   3.7    18   332     1   276     1   277 0.99 -
d2v3ga_c.1.8.3       -            273 d1rh9a1c.1.8.3.aln   -            338   3.3e-46  153.6  23.1   1   1     1e-47   3.6e-46  153.5  23.1     4   326     1   272     1   273 0.97 -
#
# Program:         hmmsearch
# Version:         3.3.2 (Nov 2020)
# Pipeline mode:   SEARCH
# Query file:      /home/elise/Documents/M1-BIM/S2/TMEs/SBAS/tme08/models/scop30/d1rh9a1c.1.8.3.aln.hmm
# Target file:     /home/elise/Documents/M1-BIM/S2/TMEs/SBAS/tme08/scop/scop/scopTestSeq.fasta
# Option settings: hmmsearch --domtblout /home/elise/Documents/M1-BIM/S2/TMEs/SBAS/tme08/searchResults/scop30/d1rh9a1c.1.8.3.aln.out -E 1 /home/elise/Documents/M1-BIM/S2/TMEs/SBAS/tme08/models/scop30/d1rh9a1c.1.8.3.aln.hmm /home/elise/Documents/M1-BIM/S2/TMEs/SBAS/tme08/scop/scop/scopTestSeq.fasta 
# Current dir:     /home/elise/Documents/M1-BIM/S2/TMEs/SBAS/tme08
# Date:            Thu Apr 10 10:02:26 2025
# [ok]
