#                                                                            --- full sequence --- -------------- this domain -------------   hmm coord   ali coord   env coord
# target name        accession   tlen query name           accession   qlen   E-value  score  bias   #  of  c-Evalue  i-Evalue  score  bias  from    to  from    to  from    to  acc description of target
#------------------- ---------- ----- -------------------- ---------- ----- --------- ------ ----- --- --- --------- --------- ------ ----- ----- ----- ----- ----- ----- ----- ---- ---------------------
d2hyja2a.121.1.1     -            118 d1rkta2a.121.1.1.aln -            123   2.2e-22   75.0   5.1   1   1   8.6e-24   2.3e-22   74.9   5.1     3   115     3   115     1   118 0.97 -
d1t56a2a.121.1.1     -            120 d1rkta2a.121.1.1.aln -            123     1e-21   72.8   2.3   1   1   4.1e-23   1.1e-21   72.7   2.3     5   118     2   115     1   120 0.97 -
d1z0xa2a.121.1.1     -            149 d1rkta2a.121.1.1.aln -            123   9.4e-21   69.7   0.0   1   1     4e-22   1.1e-20   69.6   0.0     2   122    21   141    20   142 0.98 -
d2g7sa2a.121.1.1     -            116 d1rkta2a.121.1.1.aln -            123     1e-20   69.6   2.5   1   1     4e-22   1.1e-20   69.5   2.5     3   116     2   115     1   116 0.98 -
d2fbqa2a.121.1.1     -            134 d1rkta2a.121.1.1.aln -            123   1.3e-20   69.3   0.1   1   1   5.2e-22   1.4e-20   69.2   0.1     2   122     8   128     7   129 0.98 -
d2id3a2a.121.1.1     -            123 d1rkta2a.121.1.1.aln -            123   1.7e-20   68.9   7.4   1   1   6.7e-22   1.8e-20   68.8   7.4     3   122     3   122     1   123 0.96 -
d2i10a2a.121.1.1     -            116 d1rkta2a.121.1.1.aln -            123   2.2e-20   68.5   3.2   1   1   8.8e-22   2.4e-20   68.4   3.2     3   115     3   115     1   116 0.97 -
d1t33a2a.121.1.1     -            132 d1rkta2a.121.1.1.aln -            123   5.2e-20   67.4   0.1   1   1   2.1e-21   5.8e-20   67.2   0.1     4   123    13   132    10   132 0.98 -
d2gfna2a.121.1.1     -            119 d1rkta2a.121.1.1.aln -            123   7.9e-20   66.8   7.9   1   1   3.2e-21   8.6e-20   66.7   7.9     3   120     2   118     1   119 0.98 -
d1vi0a2a.121.1.1     -            117 d1rkta2a.121.1.1.aln -            123   1.3e-19   66.1   0.0   1   1   5.1e-21   1.4e-19   66.0   0.0     7   121     2   116     1   117 0.97 -
d2fx0a2a.121.1.1     -            122 d1rkta2a.121.1.1.aln -            123   1.5e-19   65.9   0.0   1   1   5.9e-21   1.6e-19   65.8   0.0     3   121     2   120     1   122 0.97 -
d3c07a2a.121.1.1     -            146 d1rkta2a.121.1.1.aln -            123     3e-19   64.9   1.4   1   1   1.4e-20   3.9e-19   64.6   1.4     3   121    24   142    22   144 0.96 -
d2g3ba2a.121.1.1     -            116 d1rkta2a.121.1.1.aln -            123   2.3e-18   62.1   2.2   1   1   9.4e-20   2.6e-18   61.9   2.2     4   118     2   116     1   116 0.98 -
d2g7la2a.121.1.1     -            144 d1rkta2a.121.1.1.aln -            123   2.6e-18   61.9   6.4   1   1   1.3e-19   3.6e-18   61.5   6.4     3   122    19   138    17   139 0.98 -
d2gena2a.121.1.1     -            118 d1rkta2a.121.1.1.aln -            123   9.2e-18   60.1   5.9   1   1   3.6e-19   9.9e-18   60.0   5.9     5   121     6   117     2   118 0.96 -
d2id6a2a.121.1.1     -            125 d1rkta2a.121.1.1.aln -            123   1.3e-17   59.6   0.0   1   1   5.4e-19   1.5e-17   59.5   0.0     3   122     2   121     1   122 0.98 -
d2oi8a2a.121.1.1     -            130 d1rkta2a.121.1.1.aln -            123   1.4e-17   59.5   1.0   1   1   6.2e-19   1.7e-17   59.3   1.0     2   120    11   129    10   130 0.97 -
d2fq4a2a.121.1.1     -            115 d1rkta2a.121.1.1.aln -            123   1.7e-17   59.3   0.0   1   1   6.8e-19   1.8e-17   59.2   0.0     6   117     3   114     1   115 0.97 -
d2iu5a2a.121.1.1     -            109 d1rkta2a.121.1.1.aln -            123   1.9e-16   55.9   0.0   1   1   7.5e-18     2e-16   55.8   0.0    11   115     3   107     1   109 0.96 -
d2d6ya2a.121.1.1     -            118 d1rkta2a.121.1.1.aln -            123   2.4e-16   55.6   1.5   1   1   9.6e-18   2.6e-16   55.5   1.5     1   118     1   118     1   118 0.99 -
d1ui5a2a.121.1.1     -            133 d1rkta2a.121.1.1.aln -            123   2.4e-16   55.6   1.9   1   1     1e-17   2.7e-16   55.4   1.9     3   122    11   130     9   131 0.98 -
d1sgma2a.121.1.1     -            111 d1rkta2a.121.1.1.aln -            123   1.5e-15   53.0   0.0   1   1   6.1e-17   1.6e-15   52.9   0.0     2   120     2   111     1   111 0.96 -
d2hkua2a.121.1.1     -            121 d1rkta2a.121.1.1.aln -            123   7.6e-15   50.8   0.1   1   1     3e-16   8.2e-15   50.7   0.1     2   122     5   119     4   120 0.96 -
d2np5a2a.121.1.1     -            118 d1rkta2a.121.1.1.aln -            123   1.5e-14   49.8   4.2   1   1   6.2e-16   1.7e-14   49.7   4.2     2   121     2   113     1   115 0.97 -
d2fd5a2a.121.1.1     -            104 d1rkta2a.121.1.1.aln -            123   5.1e-14   48.1   3.0   1   1     2e-15   5.5e-14   48.0   3.0     3   114     4   103     2   104 0.97 -
d2o7ta2a.121.1.1     -            110 d1rkta2a.121.1.1.aln -            123   5.6e-13   44.8   0.0   1   1   2.2e-14     6e-13   44.7   0.0     7   113     2   108     1   110 0.96 -
d2g7ga2a.121.1.1     -            132 d1rkta2a.121.1.1.aln -            123   6.1e-13   44.7   9.6   1   1   2.5e-14   6.7e-13   44.5   9.6     2   122     9   129     8   130 0.98 -
d1zk8a2a.121.1.1     -            105 d1rkta2a.121.1.1.aln -            123   5.9e-12   41.5   0.0   1   1   2.4e-13   6.5e-12   41.4   0.0     7   122     2   105     1   105 0.97 -
d2np3a2a.121.1.1     -            112 d1rkta2a.121.1.1.aln -            123     1e-09   34.3   7.6   1   1   4.6e-11   1.2e-09   34.0   7.6     2   121     2   107     1   109 0.96 -
#
# Program:         hmmsearch
# Version:         3.3.2 (Nov 2020)
# Pipeline mode:   SEARCH
# Query file:      /home/elise/Documents/M1-BIM/S2/TMEs/SBAS/tme08/models/scop30/d1rkta2a.121.1.1.aln.hmm
# Target file:     /home/elise/Documents/M1-BIM/S2/TMEs/SBAS/tme08/scop/scop/scopTestSeq.fasta
# Option settings: hmmsearch --domtblout /home/elise/Documents/M1-BIM/S2/TMEs/SBAS/tme08/searchResults/scop30/d1rkta2a.121.1.1.aln.out -E 1 /home/elise/Documents/M1-BIM/S2/TMEs/SBAS/tme08/models/scop30/d1rkta2a.121.1.1.aln.hmm /home/elise/Documents/M1-BIM/S2/TMEs/SBAS/tme08/scop/scop/scopTestSeq.fasta 
# Current dir:     /home/elise/Documents/M1-BIM/S2/TMEs/SBAS/tme08
# Date:            Thu Apr 10 10:02:26 2025
# [ok]
