#                                                                            --- full sequence --- -------------- this domain -------------   hmm coord   ali coord   env coord
# target name        accession   tlen query name           accession   qlen   E-value  score  bias   #  of  c-Evalue  i-Evalue  score  bias  from    to  from    to  from    to  acc description of target
#------------------- ---------- ----- -------------------- ---------- ----- --------- ------ ----- --- --- --------- --------- ------ ----- ----- ----- ----- ----- ----- ----- ---- ---------------------
d2je6i1b.40.4.5      -             87 d1rl2a2b.40.4.5.aln  -             91   1.3e-16   55.8   0.4   1   1   6.7e-18   1.4e-16   55.7   0.4     2    86     1    86     1    87 0.98 -
d1wi5a_b.40.4.5      -            119 d1rl2a2b.40.4.5.aln  -             91   2.1e-16   55.2   0.0   1   1   1.1e-17   2.4e-16   55.0   0.0     6    88    19   101    14   104 0.95 -
d1jt8a_b.40.4.5      -            102 d1rl2a2b.40.4.5.aln  -             91     4e-16   54.3   0.5   1   1     2e-17   4.3e-16   54.2   0.5     3    91     4    95     2    95 0.97 -
d3bzka4b.40.4.5      -             94 d1rl2a2b.40.4.5.aln  -             91   1.5e-15   52.4   0.8   1   1   8.3e-17   1.8e-15   52.2   0.8     2    77    12    85    11    91 0.95 -
d1luza_b.40.4.5      -             85 d1rl2a2b.40.4.5.aln  -             91   2.7e-15   51.6   0.4   1   1   1.4e-16     3e-15   51.5   0.4     2    86     2    85     1    85 0.96 -
d2ja9a1b.40.4.5      -             90 d1rl2a2b.40.4.5.aln  -             91   6.7e-15   50.4   0.0   1   1   3.4e-16   7.2e-15   50.3   0.0     3    89     2    86     1    88 0.97 -
d1go3e1b.40.4.5      -            106 d1rl2a2b.40.4.5.aln  -             91   1.2e-14   49.6   0.7   1   1   6.5e-16   1.4e-14   49.4   0.7     6    91     1    94     1    94 0.98 -
d2nn6i1b.40.4.5      -            125 d1rl2a2b.40.4.5.aln  -             91   2.3e-14   48.7   0.0   1   1   1.3e-15   2.7e-14   48.5   0.0     2    90     1    97     1    98 0.97 -
d1wfqa_b.40.4.5      -             89 d1rl2a2b.40.4.5.aln  -             91   6.2e-14   47.3   0.0   1   1   3.1e-15   6.6e-14   47.2   0.0     5    87     3    88     1    89 0.95 -
d1kl9a2b.40.4.5      -             86 d1rl2a2b.40.4.5.aln  -             91   6.6e-14   47.2   1.1   1   1   3.4e-15   7.1e-14   47.1   1.1     2    81     7    86     6    86 0.97 -
d1y14b1b.40.4.5      -             91 d1rl2a2b.40.4.5.aln  -             91   1.6e-13   46.0   0.0   1   1   8.3e-15   1.8e-13   45.9   0.0     6    87     1    89     1    91 0.97 -
d2nn6h1b.40.4.5      -             95 d1rl2a2b.40.4.5.aln  -             91   2.7e-13   45.3   0.1   1   1   1.4e-14     3e-13   45.2   0.1     2    86     2    94     1    95 0.97 -
d2ix0a1b.40.4.5      -             90 d1rl2a2b.40.4.5.aln  -             91   5.9e-13   44.2   0.0   1   1     3e-14   6.3e-13   44.1   0.0     4    91     3    90     1    90 0.97 -
d1smxa_b.40.4.5      -             87 d1rl2a2b.40.4.5.aln  -             91   1.4e-12   43.0   0.0   1   1   7.3e-14   1.6e-12   42.9   0.0    11    85     5    86     2    87 0.94 -
d2uubq1b.40.4.5      -            100 d1rl2a2b.40.4.5.aln  -             91   8.8e-12   40.5   2.9   1   1   5.1e-13   1.1e-11   40.2   2.9    13    91     7    86     2    86 0.96 -
d1jjga_b.40.4.5      -            102 d1rl2a2b.40.4.5.aln  -             91   2.2e-11   39.2   0.2   1   1   1.1e-12   2.4e-11   39.0   0.2     2    88     6    92     5    95 0.96 -
d2ix0a3b.40.4.5      -             87 d1rl2a2b.40.4.5.aln  -             91   5.6e-11   37.9   0.1   1   1   2.8e-12   5.9e-11   37.8   0.1     8    87     3    86     1    87 0.96 -
d2vnud1b.40.4.5      -             95 d1rl2a2b.40.4.5.aln  -             91   6.1e-11   37.8   0.0   1   1   3.2e-12   6.9e-11   37.6   0.0     2    87    11    95    10    95 0.97 -
d1d7qa_b.40.4.5      -            143 d1rl2a2b.40.4.5.aln  -             91   6.5e-11   37.7   0.1   1   1   4.1e-12   8.7e-11   37.3   0.1     3    89    15   104    13   106 0.96 -
d1e3pa2b.40.4.5      -             62 d1rl2a2b.40.4.5.aln  -             91   7.1e-11   37.6   0.2   1   1   3.5e-12   7.5e-11   37.5   0.2    14    72     1    61     1    62 0.95 -
d2asba1b.40.4.5      -             76 d1rl2a2b.40.4.5.aln  -             91   4.1e-10   35.1   0.2   1   1   2.1e-11   4.4e-10   35.1   0.2     7    80     3    75     1    76 0.96 -
d1u0la1b.40.4.5      -             66 d1rl2a2b.40.4.5.aln  -             91     5e-10   34.9   0.4   1   1   2.7e-11   5.8e-10   34.7   0.4    13    79     4    65     2    66 0.94 -
d2vnud2b.40.4.5      -             88 d1rl2a2b.40.4.5.aln  -             91   5.7e-10   34.7   0.6   1   1   3.2e-11   6.7e-10   34.5   0.6     2    76     5    84     4    87 0.96 -
d2uubl1b.40.4.5      -            118 d1rl2a2b.40.4.5.aln  -             91   8.8e-10   34.1   1.6   1   1   5.1e-11   1.1e-09   33.8   1.6     3    90    12   102    10   103 0.97 -
d1x6oa2b.40.4.5      -             79 d1rl2a2b.40.4.5.aln  -             91     1e-09   33.9   0.0   1   1     5e-11   1.1e-09   33.8   0.0     5    78     2    75     1    79 0.94 -
d2vnud3b.40.4.5      -            148 d1rl2a2b.40.4.5.aln  -             91     1e-09   33.9   0.0   1   1   7.2e-11   1.5e-09   33.3   0.0     2    91    15   124    14   124 0.97 -
d1a62a2b.40.4.5      -             78 d1rl2a2b.40.4.5.aln  -             91   1.2e-09   33.6   0.0   1   1   6.3e-11   1.3e-09   33.5   0.0    11    86     3    75     1    77 0.95 -
d1t9ha1b.40.4.5      -             67 d1rl2a2b.40.4.5.aln  -             91   2.3e-09   32.7   0.2   1   1   1.3e-10   2.7e-09   32.5   0.2    11    77     1    64     1    66 0.94 -
d1khia2b.40.4.5      -             71 d1rl2a2b.40.4.5.aln  -             91   6.8e-09   31.3   0.2   1   1   3.4e-10   7.2e-09   31.2   0.2     3    71     1    69     1    71 0.95 -
d3i4oa_b.40.4.5      -             68 d1rl2a2b.40.4.5.aln  -             91   7.7e-09   31.1   0.2   1   1   3.8e-10   8.1e-09   31.0   0.2     9    79     3    67     1    68 0.95 -
d2ix0a2b.40.4.5      -             79 d1rl2a2b.40.4.5.aln  -             91   7.9e-09   31.1   0.0   1   1   3.9e-10   8.4e-09   31.0   0.0     9    80     6    76     1    78 0.90 -
d1hh2p1b.40.4.5      -             72 d1rl2a2b.40.4.5.aln  -             91   9.7e-09   30.8   0.4   1   1   4.8e-10     1e-08   30.7   0.4     7    80     2    71     1    72 0.95 -
d1c9oa_b.40.4.5      -             66 d1rl2a2b.40.4.5.aln  -             91   3.5e-08   29.0   0.1   1   1   1.7e-09   3.7e-08   28.9   0.1    10    78     2    64     1    66 0.94 -
d1bkba2b.40.4.5      -             65 d1rl2a2b.40.4.5.aln  -             91   7.2e-08   28.0   0.3   1   1   3.5e-09   7.5e-08   27.9   0.3    11    76     2    64     1    65 0.95 -
d1ueba2b.40.4.5      -             63 d1rl2a2b.40.4.5.aln  -             91   2.8e-07   26.1   0.0   1   1   1.4e-08   2.9e-07   26.1   0.0     7    69     1    60     1    63 0.95 -
d1ne3a_b.40.4.5      -             68 d1rl2a2b.40.4.5.aln  -             91   4.4e-07   25.5   0.1   1   1   2.1e-08   4.4e-07   25.5   0.1    10    74     4    66     1    68 0.90 -
d2r7da1b.40.4.5      -             58 d1rl2a2b.40.4.5.aln  -             91    0.0012   14.6   0.0   1   1   5.8e-05    0.0012   14.5   0.0    10    68     2    56     1    58 0.94 -
#
# Program:         hmmsearch
# Version:         3.3.2 (Nov 2020)
# Pipeline mode:   SEARCH
# Query file:      /home/elise/Documents/M1-BIM/S2/TMEs/SBAS/tme08/models/scop30/d1rl2a2b.40.4.5.aln.hmm
# Target file:     /home/elise/Documents/M1-BIM/S2/TMEs/SBAS/tme08/scop/scop/scopTestSeq.fasta
# Option settings: hmmsearch --domtblout /home/elise/Documents/M1-BIM/S2/TMEs/SBAS/tme08/searchResults/scop30/d1rl2a2b.40.4.5.aln.out -E 1 /home/elise/Documents/M1-BIM/S2/TMEs/SBAS/tme08/models/scop30/d1rl2a2b.40.4.5.aln.hmm /home/elise/Documents/M1-BIM/S2/TMEs/SBAS/tme08/scop/scop/scopTestSeq.fasta 
# Current dir:     /home/elise/Documents/M1-BIM/S2/TMEs/SBAS/tme08
# Date:            Thu Apr 10 10:02:26 2025
# [ok]
