#                                                                            --- full sequence --- -------------- this domain -------------   hmm coord   ali coord   env coord
# target name        accession   tlen query name           accession   qlen   E-value  score  bias   #  of  c-Evalue  i-Evalue  score  bias  from    to  from    to  from    to  acc description of target
#------------------- ---------- ----- -------------------- ---------- ----- --------- ------ ----- --- --- --------- --------- ------ ----- ----- ----- ----- ----- ----- ----- ---- ---------------------
d1r3na1c.56.5.4      -            323 d1rtqa_c.56.5.4.aln  -            276   8.4e-94  309.5   0.0   1   1   1.2e-95   9.4e-94  309.3   0.0     2   275    16   316    15   317 0.99 -
d1z2la1c.56.5.4      -            294 d1rtqa_c.56.5.4.aln  -            276     2e-91  301.7   0.0   1   1   2.9e-93   2.3e-91  301.5   0.0     1   276     1   293     1   293 0.99 -
d1tkja_c.56.5.4      -            277 d1rtqa_c.56.5.4.aln  -            276   2.9e-89  294.6   0.0   1   1   4.1e-91   3.2e-89  294.5   0.0     2   275     3   275     2   276 0.99 -
d1y7ea2c.56.5.4      -            323 d1rtqa_c.56.5.4.aln  -            276   1.8e-85  282.1   0.2   1   1   2.6e-87   2.1e-85  282.0   0.2     1   272    15   323    15   323 0.99 -
d1cg2a1c.56.5.4      -            277 d1rtqa_c.56.5.4.aln  -            276   1.6e-84  279.1   0.8   1   1   2.2e-86   1.7e-84  279.0   0.8     1   274     4   275     4   277 0.99 -
d1fnoa4c.56.5.4      -            296 d1rtqa_c.56.5.4.aln  -            276   5.3e-84  277.4   0.0   1   1   7.5e-86   5.9e-84  277.2   0.0     8   275     1   294     1   295 0.99 -
d1lfwa1c.56.5.4      -            273 d1rtqa_c.56.5.4.aln  -            276   2.6e-83  275.1   0.1   1   1   3.7e-85   2.9e-83  274.9   0.1     1   275     2   271     2   272 0.99 -
d1vgya1c.56.5.4      -            263 d1rtqa_c.56.5.4.aln  -            276   5.5e-80  264.2   0.0   1   1   7.7e-82   6.1e-80  264.1   0.0    18   273     1   262     1   263 0.99 -
d1y0ya3c.56.5.4      -            256 d1rtqa_c.56.5.4.aln  -            276   1.7e-75  249.4   0.9   1   1   2.4e-77   1.9e-75  249.3   0.9     6   275     1   255     1   256 0.99 -
d2grea2c.56.5.4      -            234 d1rtqa_c.56.5.4.aln  -            276   3.7e-66  218.8   2.2   1   1   5.3e-68   4.1e-66  218.7   2.2    17   275     1   234     1   234 0.99 -
#
# Program:         hmmsearch
# Version:         3.3.2 (Nov 2020)
# Pipeline mode:   SEARCH
# Query file:      /home/elise/Documents/M1-BIM/S2/TMEs/SBAS/tme08/models/scop30/d1rtqa_c.56.5.4.aln.hmm
# Target file:     /home/elise/Documents/M1-BIM/S2/TMEs/SBAS/tme08/scop/scop/scopTestSeq.fasta
# Option settings: hmmsearch --domtblout /home/elise/Documents/M1-BIM/S2/TMEs/SBAS/tme08/searchResults/scop30/d1rtqa_c.56.5.4.aln.out -E 1 /home/elise/Documents/M1-BIM/S2/TMEs/SBAS/tme08/models/scop30/d1rtqa_c.56.5.4.aln.hmm /home/elise/Documents/M1-BIM/S2/TMEs/SBAS/tme08/scop/scop/scopTestSeq.fasta 
# Current dir:     /home/elise/Documents/M1-BIM/S2/TMEs/SBAS/tme08
# Date:            Thu Apr 10 10:02:26 2025
# [ok]
