#                                                                            --- full sequence --- -------------- this domain -------------   hmm coord   ali coord   env coord
# target name        accession   tlen query name           accession   qlen   E-value  score  bias   #  of  c-Evalue  i-Evalue  score  bias  from    to  from    to  from    to  acc description of target
#------------------- ---------- ----- -------------------- ---------- ----- --------- ------ ----- --- --- --------- --------- ------ ----- ----- ----- ----- ----- ----- ----- ---- ---------------------
d1b5qa1c.3.1.2       -            348 d1ryia1c.3.1.2.aln   -            347   7.7e-95  313.4   0.1   1   1   2.6e-96   8.7e-95  313.2   0.1     4   346     1   344     1   345 0.99 -
d2dw4a2c.3.1.2       -            450 d1ryia1c.3.1.2.aln   -            347     2e-94  312.1   0.0   1   1   7.1e-96   2.3e-94  311.8   0.0     2   345     4   448     3   450 0.99 -
d1kdga1c.3.1.2       -            361 d1ryia1c.3.1.2.aln   -            347   1.1e-92  306.4   0.0   1   1   3.6e-94   1.2e-92  306.2   0.0     2   346     1   358     1   359 0.99 -
d2f5va1c.3.1.2       -            380 d1ryia1c.3.1.2.aln   -            347     2e-91  302.1   0.0   1   1   6.9e-93   2.3e-91  302.0   0.0     2   346     3   374     2   375 0.99 -
d2iida1c.3.1.2       -            371 d1ryia1c.3.1.2.aln   -            347   4.5e-91  301.0   0.0   1   1   1.5e-92     5e-91  300.8   0.0     2   346    29   370    28   371 0.99 -
d1seza1c.3.1.2       -            374 d1ryia1c.3.1.2.aln   -            347   1.8e-90  299.0   0.0   1   1   6.2e-92     2e-90  298.8   0.0     4   344     2   372     1   374 0.99 -
d1pn0a1c.3.1.2       -            361 d1ryia1c.3.1.2.aln   -            347   1.6e-87  289.3   0.0   1   1   5.3e-89   1.8e-87  289.2   0.0     2   346     6   360     5   361 0.99 -
d2gmha1c.3.1.2       -            381 d1ryia1c.3.1.2.aln   -            347   1.3e-85  283.1   0.0   1   1   4.4e-87   1.4e-85  282.9   0.0     2   347     6   378     5   378 0.99 -
d1n4wa1c.3.1.2       -            368 d1ryia1c.3.1.2.aln   -            347   4.7e-85  281.2   0.2   1   1   1.6e-86   5.2e-85  281.0   0.2     3   346     2   366     1   367 0.99 -
d1ju2a1c.3.1.2       -            352 d1ryia1c.3.1.2.aln   -            347   2.4e-81  269.0   0.2   1   1     8e-83   2.6e-81  268.9   0.2     2   346     3   348     2   349 0.99 -
d2ivda1c.3.1.2       -            348 d1ryia1c.3.1.2.aln   -            347   2.2e-75  249.4   3.5   1   1   7.6e-77   2.5e-75  249.2   3.5     4   343     1   346     1   348 0.99 -
d1pj5a2c.3.1.2       -            306 d1ryia1c.3.1.2.aln   -            347   1.1e-68  227.3   0.2   1   1   3.8e-70   1.2e-68  227.2   0.2     3   346     1   305     1   306 0.99 -
d1k0ia1c.3.1.2       -            293 d1ryia1c.3.1.2.aln   -            347     3e-66  219.4   0.1   1   1     1e-67   3.3e-66  219.2   0.1     2   340     1   293     1   293 0.99 -
d3c96a1c.3.1.2       -            289 d1ryia1c.3.1.2.aln   -            347     3e-64  212.8   1.6   1   1     1e-65   3.4e-64  212.6   1.6     3   338     1   288     1   289 0.99 -
d2gf3a1c.3.1.2       -            282 d1ryia1c.3.1.2.aln   -            347   3.9e-62  205.8   0.0   1   1   1.3e-63   4.3e-62  205.7   0.0     1   335     1   280     1   282 0.99 -
d2voua1c.3.1.2       -            266 d1ryia1c.3.1.2.aln   -            347   6.2e-56  185.4   0.4   1   1   2.2e-57   7.3e-56  185.2   0.4     2   332     3   265     2   266 0.99 -
d2gv8a1c.3.1.5       -            336 d1ryia1c.3.1.2.aln   -            347   6.2e-07   24.3   0.0   1   1   2.8e-08   9.1e-07   23.7   0.0     5    57     6    51     3    61 0.89 -
d1w4xa1c.3.1.5       -            299 d1ryia1c.3.1.2.aln   -            347   5.3e-06   21.2   0.1   1   1   2.6e-07   8.6e-06   20.6   0.1     4    41     8    44     6    56 0.91 -
d1nhpa2c.3.1.5       -            123 d1ryia1c.3.1.2.aln   -            347   2.2e-05   19.2   0.0   1   1   7.3e-07   2.4e-05   19.1   0.0     5    40    32    66    31    97 0.90 -
d1v59a2c.3.1.5       -            122 d1ryia1c.3.1.2.aln   -            347   9.8e-05   17.1   0.2   1   1     4e-06   0.00013   16.7   0.2     2    46    22    65    21    70 0.94 -
d1xhca2c.3.1.5       -            122 d1ryia1c.3.1.2.aln   -            347   0.00088   13.9   0.7   1   1   3.9e-05    0.0013   13.4   0.7     6    29    35    58    31    65 0.88 -
d1gpja2c.2.1.7       -            159 d1ryia1c.3.1.2.aln   -            347    0.0021   12.7   0.3   1   1     9e-05     0.003   12.2   0.3     6    33    27    54    24    59 0.90 -
d1fl2a2c.3.1.5       -            126 d1ryia1c.3.1.2.aln   -            347    0.0023   12.6   0.1   1   1   8.4e-05    0.0028   12.3   0.1     4    38    31    64    29    81 0.93 -
d1fl2a1c.3.1.5       -            185 d1ryia1c.3.1.2.aln   -            347     0.017    9.7   3.0   1   1   0.00087     0.029    9.0   3.0     4    19     2    17     1    19 0.95 -
#
# Program:         hmmsearch
# Version:         3.3.2 (Nov 2020)
# Pipeline mode:   SEARCH
# Query file:      /home/elise/Documents/M1-BIM/S2/TMEs/SBAS/tme08/models/scop30/d1ryia1c.3.1.2.aln.hmm
# Target file:     /home/elise/Documents/M1-BIM/S2/TMEs/SBAS/tme08/scop/scop/scopTestSeq.fasta
# Option settings: hmmsearch --domtblout /home/elise/Documents/M1-BIM/S2/TMEs/SBAS/tme08/searchResults/scop30/d1ryia1c.3.1.2.aln.out -E 1 /home/elise/Documents/M1-BIM/S2/TMEs/SBAS/tme08/models/scop30/d1ryia1c.3.1.2.aln.hmm /home/elise/Documents/M1-BIM/S2/TMEs/SBAS/tme08/scop/scop/scopTestSeq.fasta 
# Current dir:     /home/elise/Documents/M1-BIM/S2/TMEs/SBAS/tme08
# Date:            Thu Apr 10 10:02:26 2025
# [ok]
