#                                                                            --- full sequence --- -------------- this domain -------------   hmm coord   ali coord   env coord
# target name        accession   tlen query name           accession   qlen   E-value  score  bias   #  of  c-Evalue  i-Evalue  score  bias  from    to  from    to  from    to  acc description of target
#------------------- ---------- ----- -------------------- ---------- ----- --------- ------ ----- --- --- --------- --------- ------ ----- ----- ----- ----- ----- ----- ----- ---- ---------------------
d2fbia1a.4.5.28      -            136 d1s3ja_a.4.5.28.aln  -            139   2.5e-44  145.9   0.4   1   1   6.7e-46   2.7e-44  145.8   0.4     5   137     3   134     1   136 0.98 -
d2etha1a.4.5.28      -            140 d1s3ja_a.4.5.28.aln  -            139     1e-43  144.0   0.1   1   1   2.8e-45   1.1e-43  143.8   0.1     3   138     3   137     1   138 0.98 -
d2fxaa1a.4.5.28      -            162 d1s3ja_a.4.5.28.aln  -            139   8.3e-42  137.8   0.0   1   1   2.4e-43   9.3e-42  137.6   0.0     4   138    10   146     7   147 0.98 -
d2a61a1a.4.5.28      -            139 d1s3ja_a.4.5.28.aln  -            139   3.5e-41  135.7   0.0   1   1   9.8e-43   3.9e-41  135.6   0.0     4   139     2   136     1   136 0.98 -
d1jgsa_a.4.5.28      -            138 d1s3ja_a.4.5.28.aln  -            139   5.8e-41  135.0   0.0   1   1   1.6e-42   6.3e-41  134.9   0.0     2   135     4   136     3   138 0.98 -
d1lj9a_a.4.5.28      -            144 d1s3ja_a.4.5.28.aln  -            139   2.8e-40  132.8   1.3   1   1   7.8e-42   3.1e-40  132.7   1.3     5   138     2   134     1   135 0.99 -
d3broa1a.4.5.28      -            135 d1s3ja_a.4.5.28.aln  -            139   9.1e-40  131.2   6.5   1   1   2.5e-41   9.9e-40  131.0   6.5     5   136     2   134     1   135 0.99 -
d3echa_a.4.5.28      -            142 d1s3ja_a.4.5.28.aln  -            139   7.7e-39  128.1   0.1   1   1   2.2e-40   8.5e-39  128.0   0.1     1   137     3   141     3   142 0.98 -
d2fbha1a.4.5.28      -            137 d1s3ja_a.4.5.28.aln  -            139     3e-38  126.2   0.1   1   1   8.4e-40   3.3e-38  126.1   0.1     7   139     2   135     1   135 0.97 -
d1p4xa1a.4.5.28      -            125 d1s3ja_a.4.5.28.aln  -            139   3.9e-37  122.6   3.2   1   1   1.1e-38   4.3e-37  122.5   3.2     1   122     3   125     3   125 0.98 -
d1p4xa2a.4.5.28      -            125 d1s3ja_a.4.5.28.aln  -            139   9.9e-37  121.3   4.5   1   1   2.7e-38   1.1e-36  121.2   4.5     2   122     3   124     2   125 0.97 -
d2fbka1a.4.5.28      -            172 d1s3ja_a.4.5.28.aln  -            139   1.1e-35  117.9   0.0   1   1   3.2e-37   1.3e-35  117.7   0.0     4   138    31   170    28   171 0.97 -
d2hr3a1a.4.5.28      -            145 d1s3ja_a.4.5.28.aln  -            139   2.2e-35  116.9   0.0   1   1   6.2e-37   2.5e-35  116.8   0.0     3   138     2   140     1   141 0.98 -
d1hsja1a.4.5.28      -            115 d1s3ja_a.4.5.28.aln  -            139   6.6e-35  115.4   5.3   1   1   1.8e-36   7.2e-35  115.3   5.3     1   113     1   114     1   115 0.98 -
d1ub9a_a.4.5.28      -            100 d1s3ja_a.4.5.28.aln  -            139   7.1e-26   86.1   0.0   1   1   1.9e-27   7.7e-26   86.0   0.0    17   115     1    98     1   100 0.97 -
d3bjaa_a.4.5.0       -            139 d1s3ja_a.4.5.28.aln  -            139   3.4e-23   77.5   0.3   1   1   8.7e-25   3.5e-23   77.4   0.3    19   137    20   137     2   139 0.92 -
d3jw4a_a.4.5.0       -            137 d1s3ja_a.4.5.28.aln  -            139     3e-22   74.4   0.1   1   1   8.9e-24   3.5e-22   74.2   0.1     8   133     6   132     2   137 0.95 -
d1s3ja_a.4.5.28      -            143 d1s3ja_a.4.5.28.aln  -            139   3.4e-20   67.7   1.9   1   1   1.3e-21   5.3e-20   67.1   1.9    25   135    28   137     4   141 0.90 -
d3ctaa1a.4.5.28      -             85 d1s3ja_a.4.5.28.aln  -            139   3.6e-17   57.9   0.4   1   1   1.2e-18   4.9e-17   57.5   0.4    20   112     3    83     1    84 0.85 -
d3k69a_a.4.5.0       -            155 d1s3ja_a.4.5.28.aln  -            139   0.00095   14.4   0.0   1   1   4.7e-05    0.0018   13.5   0.0    35    78     9    53     4    57 0.93 -
#
# Program:         hmmsearch
# Version:         3.3.2 (Nov 2020)
# Pipeline mode:   SEARCH
# Query file:      /home/elise/Documents/M1-BIM/S2/TMEs/SBAS/tme08/models/scop30/d1s3ja_a.4.5.28.aln.hmm
# Target file:     /home/elise/Documents/M1-BIM/S2/TMEs/SBAS/tme08/scop/scop/scopTestSeq.fasta
# Option settings: hmmsearch --domtblout /home/elise/Documents/M1-BIM/S2/TMEs/SBAS/tme08/searchResults/scop30/d1s3ja_a.4.5.28.aln.out -E 1 /home/elise/Documents/M1-BIM/S2/TMEs/SBAS/tme08/models/scop30/d1s3ja_a.4.5.28.aln.hmm /home/elise/Documents/M1-BIM/S2/TMEs/SBAS/tme08/scop/scop/scopTestSeq.fasta 
# Current dir:     /home/elise/Documents/M1-BIM/S2/TMEs/SBAS/tme08
# Date:            Thu Apr 10 10:02:26 2025
# [ok]
