#                                                                            --- full sequence --- -------------- this domain -------------   hmm coord   ali coord   env coord
# target name        accession   tlen query name           accession   qlen   E-value  score  bias   #  of  c-Evalue  i-Evalue  score  bias  from    to  from    to  from    to  acc description of target
#------------------- ---------- ----- -------------------- ---------- ----- --------- ------ ----- --- --- --------- --------- ------ ----- ----- ----- ----- ----- ----- ----- ---- ---------------------
d1dz3a_c.23.1.1      -            123 d1s8na_c.23.1.1.aln  -            125   9.1e-45  147.2   0.0   1   1   2.1e-46   9.9e-45  147.1   0.0     3   123     2   122     1   123 0.98 -
d1kgsa2c.23.1.1      -            122 d1s8na_c.23.1.1.aln  -            125   7.9e-43  140.9   0.1   1   1   1.9e-44   8.7e-43  140.8   0.1     2   124     1   120     1   121 0.98 -
d2r25b_c.23.1.1      -            133 d1s8na_c.23.1.1.aln  -            125   8.3e-43  140.8   0.1   1   1     2e-44   9.2e-43  140.7   0.1     2   124     2   128     1   129 0.97 -
d1jbea_c.23.1.1      -            128 d1s8na_c.23.1.1.aln  -            125   3.5e-42  138.8   0.0   1   1   8.4e-44   3.9e-42  138.7   0.0     2   123     4   125     3   127 0.98 -
d1mb3a_c.23.1.1      -            123 d1s8na_c.23.1.1.aln  -            125   5.5e-42  138.2   0.1   1   1   1.3e-43     6e-42  138.1   0.1     3   124     2   122     1   123 0.97 -
d1k66a_c.23.1.1      -            149 d1s8na_c.23.1.1.aln  -            125   3.6e-41  135.5   0.0   1   1   8.8e-43   4.1e-41  135.4   0.0     2   124     6   139     5   140 0.98 -
d1dbwa_c.23.1.1      -            123 d1s8na_c.23.1.1.aln  -            125   6.9e-38  124.9   0.1   1   1   1.6e-39   7.5e-38  124.8   0.1     1   123     2   121     2   123 0.98 -
d2v0na2c.23.1.1      -            153 d1s8na_c.23.1.1.aln  -            125   1.9e-35  117.1   0.0   1   1   4.8e-37   2.2e-35  116.9   0.0     3   124    14   132    12   133 0.97 -
d2b4aa1c.23.1.1      -            118 d1s8na_c.23.1.1.aln  -            125   6.9e-33  108.8   0.0   1   1   1.6e-34   7.5e-33  108.7   0.0     2   122     2   117     1   118 0.98 -
d1s8na_c.23.1.1      -            190 d1s8na_c.23.1.1.aln  -            125   2.3e-28   94.2   0.1   1   1   7.1e-30   3.3e-28   93.7   0.1     3   121     4   119     2   123 0.96 -
d3cfya_c.23.1.0      -            130 d1s8na_c.23.1.1.aln  -            125   1.2e-24   82.2   0.1   1   1   3.1e-26   1.5e-24   81.9   0.1     4   123     4   120     2   122 0.95 -
d3heba_c.23.1.0      -            142 d1s8na_c.23.1.1.aln  -            125   2.2e-24   81.3   0.0   1   1   5.9e-26   2.8e-24   81.0   0.0     4   120     2   128     1   129 0.97 -
d3khta_c.23.1.0      -            132 d1s8na_c.23.1.1.aln  -            125   1.7e-22   75.2   0.2   1   1   4.4e-24   2.1e-22   75.0   0.2     3   106     2   106     1   111 0.97 -
d3eqza_c.23.1.0      -            124 d1s8na_c.23.1.1.aln  -            125   3.5e-12   41.9   0.0   1   1     1e-13   4.6e-12   41.5   0.0     4   119     3   119     2   124 0.72 -
d3ktoa_c.23.1.0      -            122 d1s8na_c.23.1.1.aln  -            125     7e-12   40.9   0.3   1   1   1.7e-13   8.1e-12   40.7   0.3     5   122     3   119     2   122 0.85 -
d2plna_c.23.1.0      -            118 d1s8na_c.23.1.1.aln  -            125   4.9e-09   31.7   0.1   1   1   1.3e-10   5.9e-09   31.5   0.1     2   118     4   114     3   118 0.78 -
d1q0qa2c.2.1.3       -            152 d1s8na_c.23.1.1.aln  -            125   0.00052   15.5   0.3   1   2     0.047       2.2    3.8   0.0    63    97    14    48    11    53 0.80 -
d1q0qa2c.2.1.3       -            152 d1s8na_c.23.1.1.aln  -            125   0.00052   15.5   0.3   2   2    0.0005     0.023   10.2   0.2     8    53    55    98    50   120 0.76 -
#
# Program:         hmmsearch
# Version:         3.3.2 (Nov 2020)
# Pipeline mode:   SEARCH
# Query file:      /home/elise/Documents/M1-BIM/S2/TMEs/SBAS/tme08/models/scop30/d1s8na_c.23.1.1.aln.hmm
# Target file:     /home/elise/Documents/M1-BIM/S2/TMEs/SBAS/tme08/scop/scop/scopTestSeq.fasta
# Option settings: hmmsearch --domtblout /home/elise/Documents/M1-BIM/S2/TMEs/SBAS/tme08/searchResults/scop30/d1s8na_c.23.1.1.aln.out -E 1 /home/elise/Documents/M1-BIM/S2/TMEs/SBAS/tme08/models/scop30/d1s8na_c.23.1.1.aln.hmm /home/elise/Documents/M1-BIM/S2/TMEs/SBAS/tme08/scop/scop/scopTestSeq.fasta 
# Current dir:     /home/elise/Documents/M1-BIM/S2/TMEs/SBAS/tme08
# Date:            Thu Apr 10 10:02:26 2025
# [ok]
