#                                                                            --- full sequence --- -------------- this domain -------------   hmm coord   ali coord   env coord
# target name        accession   tlen query name           accession   qlen   E-value  score  bias   #  of  c-Evalue  i-Evalue  score  bias  from    to  from    to  from    to  acc description of target
#------------------- ---------- ----- -------------------- ---------- ----- --------- ------ ----- --- --- --------- --------- ------ ----- ----- ----- ----- ----- ----- ----- ---- ---------------------
d1b5qa1c.3.1.2       -            348 d1seza1c.3.1.2.aln   -            347     6e-97  320.6   0.0   1   1     2e-98   6.6e-97  320.5   0.0     4   346     1   346     1   347 0.99 -
d1kdga1c.3.1.2       -            361 d1seza1c.3.1.2.aln   -            347   1.1e-96  319.7   0.0   1   1   3.9e-98   1.3e-96  319.6   0.0     2   345     1   358     1   360 0.99 -
d2f5va1c.3.1.2       -            380 d1seza1c.3.1.2.aln   -            347   1.6e-92  306.1   0.0   1   1   5.3e-94   1.8e-92  305.9   0.0     2   346     3   375     2   376 0.99 -
d2iida1c.3.1.2       -            371 d1seza1c.3.1.2.aln   -            347   4.7e-92  304.5   0.0   1   1   1.6e-93   5.3e-92  304.4   0.0     2   344    29   370    28   371 0.99 -
d2dw4a2c.3.1.2       -            450 d1seza1c.3.1.2.aln   -            347   1.1e-91  303.3   0.0   1   1   3.9e-93   1.3e-91  303.1   0.0     2   343     4   448     3   450 0.99 -
d2gmha1c.3.1.2       -            381 d1seza1c.3.1.2.aln   -            347   3.1e-91  301.8   0.0   1   1   1.1e-92   3.7e-91  301.6   0.0     3   346    32   379    30   380 0.99 -
d1pn0a1c.3.1.2       -            361 d1seza1c.3.1.2.aln   -            347   1.8e-89  296.0   0.0   1   1   6.2e-91     2e-89  295.9   0.0     2   344     6   360     5   361 0.99 -
d1n4wa1c.3.1.2       -            368 d1seza1c.3.1.2.aln   -            347   1.1e-88  293.4   0.2   1   1   3.9e-90   1.3e-88  293.2   0.2     3   346     2   367     1   368 0.99 -
d1ju2a1c.3.1.2       -            352 d1seza1c.3.1.2.aln   -            347   1.3e-87  289.9   0.1   1   1   4.3e-89   1.4e-87  289.8   0.1     4   346     3   349     1   350 0.99 -
d1k0ia1c.3.1.2       -            293 d1seza1c.3.1.2.aln   -            347   1.9e-70  233.5   0.2   1   1   6.3e-72   2.1e-70  233.4   0.2     2   345     1   292     1   293 0.99 -
d2ivda1c.3.1.2       -            348 d1seza1c.3.1.2.aln   -            347   2.2e-70  233.2   4.9   1   1   7.6e-72   2.5e-70  233.1   4.9     4   342     1   347     1   348 0.99 -
d3c96a1c.3.1.2       -            289 d1seza1c.3.1.2.aln   -            347     1e-67  224.5   2.1   1   1   3.5e-69   1.2e-67  224.3   2.1     3   330     1   286     1   289 0.98 -
d1pj5a2c.3.1.2       -            306 d1seza1c.3.1.2.aln   -            347   7.6e-67  221.6   0.2   1   1   2.6e-68   8.4e-67  221.5   0.2     3   346     1   303     1   304 0.99 -
d1ryia1c.3.1.2       -            277 d1seza1c.3.1.2.aln   -            347   6.2e-63  208.8   0.0   1   1   2.1e-64   6.9e-63  208.6   0.0     2   346     3   276     2   277 0.98 -
d2gf3a1c.3.1.2       -            282 d1seza1c.3.1.2.aln   -            347   8.8e-60  198.4   0.0   1   1   3.1e-61     1e-59  198.2   0.0     1   345     1   280     1   282 0.99 -
d2voua1c.3.1.2       -            266 d1seza1c.3.1.2.aln   -            347   1.5e-56  187.8   0.7   1   1   5.3e-58   1.8e-56  187.6   0.7     2   330     3   265     2   266 0.99 -
d1seza1c.3.1.2       -            374 d1seza1c.3.1.2.aln   -            347   2.9e-07   25.7   0.4   1   1   1.3e-08   4.2e-07   25.2   0.4     4    40     2    38     1    62 0.84 -
d1w4xa1c.3.1.5       -            299 d1seza1c.3.1.2.aln   -            347   1.3e-06   23.5   0.1   1   1   6.5e-08   2.1e-06   22.9   0.1     3    41     7    44     5    58 0.82 -
d1nhpa2c.3.1.5       -            123 d1seza1c.3.1.2.aln   -            347   2.3e-05   19.4   0.6   1   1   9.5e-07   3.1e-05   19.0   0.5     5    36    32    64    31   100 0.85 -
d1v59a1c.3.1.5       -            234 d1seza1c.3.1.2.aln   -            347   9.9e-05   17.4   0.1   1   1   4.3e-06   0.00014   16.9   0.1     5    40     7    42     4    82 0.78 -
d1xhca2c.3.1.5       -            122 d1seza1c.3.1.2.aln   -            347   0.00014   16.8   0.2   1   1   5.2e-06   0.00017   16.6   0.2     5    33    34    62    30    73 0.88 -
d2gv8a1c.3.1.5       -            336 d1seza1c.3.1.2.aln   -            347   0.00019   16.4   0.0   1   1     1e-05   0.00033   15.6   0.0     6    42     7    44     5    55 0.79 -
d1gpja2c.2.1.7       -            159 d1seza1c.3.1.2.aln   -            347   0.00053   15.0   0.4   1   1     2e-05   0.00065   14.7   0.4     5    33    26    54    24    93 0.84 -
d1fl2a1c.3.1.5       -            185 d1seza1c.3.1.2.aln   -            347    0.0046   11.9   3.9   1   1   0.00022    0.0073   11.2   3.9     4    19     2    17     1    19 0.94 -
#
# Program:         hmmsearch
# Version:         3.3.2 (Nov 2020)
# Pipeline mode:   SEARCH
# Query file:      /home/elise/Documents/M1-BIM/S2/TMEs/SBAS/tme08/models/scop30/d1seza1c.3.1.2.aln.hmm
# Target file:     /home/elise/Documents/M1-BIM/S2/TMEs/SBAS/tme08/scop/scop/scopTestSeq.fasta
# Option settings: hmmsearch --domtblout /home/elise/Documents/M1-BIM/S2/TMEs/SBAS/tme08/searchResults/scop30/d1seza1c.3.1.2.aln.out -E 1 /home/elise/Documents/M1-BIM/S2/TMEs/SBAS/tme08/models/scop30/d1seza1c.3.1.2.aln.hmm /home/elise/Documents/M1-BIM/S2/TMEs/SBAS/tme08/scop/scop/scopTestSeq.fasta 
# Current dir:     /home/elise/Documents/M1-BIM/S2/TMEs/SBAS/tme08
# Date:            Thu Apr 10 10:02:26 2025
# [ok]
