#                                                                            --- full sequence --- -------------- this domain -------------   hmm coord   ali coord   env coord
# target name        accession   tlen query name           accession   qlen   E-value  score  bias   #  of  c-Evalue  i-Evalue  score  bias  from    to  from    to  from    to  acc description of target
#------------------- ---------- ----- -------------------- ---------- ----- --------- ------ ----- --- --- --------- --------- ------ ----- ----- ----- ----- ----- ----- ----- ---- ---------------------
d2i10a2a.121.1.1     -            116 d1sgma2a.121.1.1.aln -            122     5e-21   70.6   3.1   1   1   2.2e-22   5.8e-21   70.4   3.1     9   116    11   116     4   116 0.96 -
d2gfna2a.121.1.1     -            119 d1sgma2a.121.1.1.aln -            122   5.5e-21   70.5   8.4   1   1   2.3e-22     6e-21   70.3   8.4     2   121     2   119     1   119 0.98 -
d1z0xa2a.121.1.1     -            149 d1sgma2a.121.1.1.aln -            122   5.8e-21   70.4   0.0   1   1   2.8e-22   7.3e-21   70.1   0.0     2   119     2   135     1   138 0.97 -
d2fx0a2a.121.1.1     -            122 d1sgma2a.121.1.1.aln -            122   2.4e-20   68.4   0.0   1   1   9.7e-22   2.5e-20   68.3   0.0     2   121     2   120     1   121 0.97 -
d2g7la2a.121.1.1     -            144 d1sgma2a.121.1.1.aln -            122   3.2e-20   68.0   7.7   1   1   1.3e-21   3.5e-20   67.9   7.7     2   121     2   134     1   135 0.98 -
d2g7sa2a.121.1.1     -            116 d1sgma2a.121.1.1.aln -            122   3.9e-20   67.7   2.2   1   1   1.6e-21   4.2e-20   67.6   2.2     2   116     2   115     1   116 0.98 -
d2d6ya2a.121.1.1     -            118 d1sgma2a.121.1.1.aln -            122   7.3e-20   66.9   2.0   1   1     3e-21     8e-20   66.7   2.0     1   116     2   117     2   118 0.99 -
d2g3ba2a.121.1.1     -            116 d1sgma2a.121.1.1.aln -            122   3.3e-19   64.7   2.6   1   1   1.4e-20   3.6e-19   64.6   2.6     2   118     2   116     1   116 0.98 -
d3c07a2a.121.1.1     -            146 d1sgma2a.121.1.1.aln -            122   4.9e-19   64.2   1.8   1   1   2.4e-20   6.3e-19   63.8   1.8     1   121     1   123     1   124 0.98 -
d1rkta2a.121.1.1     -            123 d1sgma2a.121.1.1.aln -            122   5.3e-19   64.1   0.0   1   1   2.2e-20   5.7e-19   64.0   0.0     2   121     2   119     1   120 0.97 -
d2id6a2a.121.1.1     -            125 d1sgma2a.121.1.1.aln -            122   5.4e-19   64.1   0.0   1   1   2.2e-20   5.9e-19   63.9   0.0     1   121     1   120     1   121 0.98 -
d1t56a2a.121.1.1     -            120 d1sgma2a.121.1.1.aln -            122   1.2e-18   63.0   2.2   1   1   4.9e-20   1.3e-18   62.8   2.2     1   119     3   118     3   120 0.97 -
d2iu5a2a.121.1.1     -            109 d1sgma2a.121.1.1.aln -            122   4.8e-18   61.0   0.0   1   1     2e-19   5.2e-18   60.9   0.0     8   118     2   109     1   109 0.98 -
d1t33a2a.121.1.1     -            132 d1sgma2a.121.1.1.aln -            122   5.2e-18   60.9   0.1   1   1   2.2e-19   5.8e-18   60.8   0.1     1   121     4   125     4   126 0.98 -
d2fbqa2a.121.1.1     -            134 d1sgma2a.121.1.1.aln -            122   5.7e-18   60.8   0.1   1   1   2.4e-19   6.3e-18   60.6   0.1     4   121     9   126     6   127 0.97 -
d2hyja2a.121.1.1     -            118 d1sgma2a.121.1.1.aln -            122   6.8e-18   60.5   6.4   1   1   2.8e-19   7.4e-18   60.4   6.4     4   116     6   116     3   118 0.96 -
d2gena2a.121.1.1     -            118 d1sgma2a.121.1.1.aln -            122   8.2e-18   60.3   7.2   1   1   3.4e-19   8.9e-18   60.1   7.2     2   120     2   117     1   118 0.97 -
d1vi0a2a.121.1.1     -            117 d1sgma2a.121.1.1.aln -            122     1e-17   59.9   0.0   1   1   4.2e-19   1.1e-17   59.8   0.0     4   121     4   116     1   117 0.95 -
d2oi8a2a.121.1.1     -            130 d1sgma2a.121.1.1.aln -            122   1.5e-17   59.4   2.6   1   1   6.3e-19   1.6e-17   59.3   2.6     2   121     2   125     1   126 0.97 -
d2id3a2a.121.1.1     -            123 d1sgma2a.121.1.1.aln -            122   2.6e-17   58.7   7.9   1   1   1.1e-18   2.8e-17   58.5   7.9     4   120     5   120     2   122 0.95 -
d2fq4a2a.121.1.1     -            115 d1sgma2a.121.1.1.aln -            122   1.6e-16   56.1   0.0   1   1   6.4e-18   1.7e-16   56.0   0.0     5   117     2   114     1   115 0.97 -
d1ui5a2a.121.1.1     -            133 d1sgma2a.121.1.1.aln -            122     1e-15   53.5   2.2   1   1   4.3e-17   1.1e-15   53.4   2.2     2   121     5   128     4   129 0.98 -
d2hkua2a.121.1.1     -            121 d1sgma2a.121.1.1.aln -            122   3.6e-15   51.8   0.1   1   1   1.5e-16   3.9e-15   51.7   0.1     3   121     4   120     2   121 0.96 -
d2np5a2a.121.1.1     -            118 d1sgma2a.121.1.1.aln -            122   3.9e-15   51.7   4.1   1   1   1.6e-16   4.3e-15   51.5   4.1     1   121     2   113     2   114 0.97 -
d2g7ga2a.121.1.1     -            132 d1sgma2a.121.1.1.aln -            122   1.8e-14   49.5   9.4   1   1   7.5e-16     2e-14   49.4   9.4     2   121     2   121     1   122 0.97 -
d2o7ta2a.121.1.1     -            110 d1sgma2a.121.1.1.aln -            122   1.5e-12   43.3   0.0   1   1   6.2e-14   1.6e-12   43.2   0.0     1   114     1   109     1   110 0.98 -
d1zk8a2a.121.1.1     -            105 d1sgma2a.121.1.1.aln -            122   2.4e-12   42.7   0.0   1   1   1.1e-13   2.8e-12   42.5   0.0     3   116     3   102     1   105 0.96 -
d2fd5a2a.121.1.1     -            104 d1sgma2a.121.1.1.aln -            122   2.4e-11   39.5   2.7   1   1   1.1e-12   2.9e-11   39.2   2.7     5   113     4   102     2   104 0.96 -
d2np3a2a.121.1.1     -            112 d1sgma2a.121.1.1.aln -            122   6.7e-11   38.1   7.8   1   1     3e-12     8e-11   37.8   7.8     2   121     3   107     2   108 0.96 -
d1xeaa1c.2.1.3       -            168 d1sgma2a.121.1.1.aln -            122    0.0017   14.3   0.2   1   2       3.3        87   -0.9   0.0    21    62    35    72    29    85 0.63 -
d1xeaa1c.2.1.3       -            168 d1sgma2a.121.1.1.aln -            122    0.0017   14.3   0.2   2   2   0.00021    0.0056   12.6   0.0    31    89    95   163    89   167 0.93 -
#
# Program:         hmmsearch
# Version:         3.3.2 (Nov 2020)
# Pipeline mode:   SEARCH
# Query file:      /home/elise/Documents/M1-BIM/S2/TMEs/SBAS/tme08/models/scop30/d1sgma2a.121.1.1.aln.hmm
# Target file:     /home/elise/Documents/M1-BIM/S2/TMEs/SBAS/tme08/scop/scop/scopTestSeq.fasta
# Option settings: hmmsearch --domtblout /home/elise/Documents/M1-BIM/S2/TMEs/SBAS/tme08/searchResults/scop30/d1sgma2a.121.1.1.aln.out -E 1 /home/elise/Documents/M1-BIM/S2/TMEs/SBAS/tme08/models/scop30/d1sgma2a.121.1.1.aln.hmm /home/elise/Documents/M1-BIM/S2/TMEs/SBAS/tme08/scop/scop/scopTestSeq.fasta 
# Current dir:     /home/elise/Documents/M1-BIM/S2/TMEs/SBAS/tme08
# Date:            Thu Apr 10 10:02:27 2025
# [ok]
