#                                                                            --- full sequence --- -------------- this domain -------------   hmm coord   ali coord   env coord
# target name        accession   tlen query name           accession   qlen   E-value  score  bias   #  of  c-Evalue  i-Evalue  score  bias  from    to  from    to  from    to  acc description of target
#------------------- ---------- ----- -------------------- ---------- ----- --------- ------ ----- --- --- --------- --------- ------ ----- ----- ----- ----- ----- ----- ----- ---- ---------------------
d1wuea2d.54.1.1      -            126 d1sjda2d.54.1.1.aln  -            127   4.9e-48  158.0   0.0   1   1   7.6e-50   5.4e-48  157.9   0.0     2   126     1   125     1   126 0.99 -
d1r0ma2d.54.1.1      -            127 d1sjda2d.54.1.1.aln  -            127   1.8e-41  136.8   0.1   1   1   2.7e-43     2e-41  136.7   0.1     2   127     3   127     2   127 0.99 -
d2mnra2d.54.1.1      -            130 d1sjda2d.54.1.1.aln  -            127   2.8e-39  129.8   0.3   1   1   4.3e-41   3.1e-39  129.6   0.3     2   127     2   127     1   127 0.99 -
d1jpdx2d.54.1.1      -            116 d1sjda2d.54.1.1.aln  -            127   1.6e-38  127.3   0.0   1   1   2.5e-40   1.8e-38  127.2   0.0     2   126     2   115     1   116 0.99 -
d2gdqa2d.54.1.1      -            115 d1sjda2d.54.1.1.aln  -            127   1.3e-37  124.4   0.0   1   1     2e-39   1.4e-37  124.3   0.0     2   127     1   115     1   115 0.99 -
d1kkoa2d.54.1.1      -            160 d1sjda2d.54.1.1.aln  -            127   3.9e-37  122.8   0.0   1   1   6.2e-39   4.5e-37  122.6   0.0     2   127    21   156    20   156 0.99 -
d1yeya2d.54.1.1      -            139 d1sjda2d.54.1.1.aln  -            127   4.3e-37  122.7   0.2   1   1   6.6e-39   4.8e-37  122.5   0.2     3   127     2   137     1   137 0.99 -
d2gl5a2d.54.1.1      -            122 d1sjda2d.54.1.1.aln  -            127   2.3e-36  120.3   0.0   1   1   3.6e-38   2.6e-36  120.2   0.0     3   127     2   122     1   122 0.99 -
d2akza2d.54.1.1      -            139 d1sjda2d.54.1.1.aln  -            127     1e-34  115.0   0.0   1   1   1.6e-36   1.1e-34  114.9   0.0     2   127     3   135     2   135 0.99 -
d1r6wa2d.54.1.1      -            101 d1sjda2d.54.1.1.aln  -            127   6.8e-28   93.0   0.0   1   1     1e-29   7.4e-28   92.8   0.0     2   116     1   100     1   101 0.98 -
d1sjda2d.54.1.1      -            125 d1sjda2d.54.1.1.aln  -            127     1e-18   63.3   0.1   1   1   1.6e-20   1.1e-18   63.2   0.1     3   122     2   120     1   125 0.94 -
#
# Program:         hmmsearch
# Version:         3.3.2 (Nov 2020)
# Pipeline mode:   SEARCH
# Query file:      /home/elise/Documents/M1-BIM/S2/TMEs/SBAS/tme08/models/scop30/d1sjda2d.54.1.1.aln.hmm
# Target file:     /home/elise/Documents/M1-BIM/S2/TMEs/SBAS/tme08/scop/scop/scopTestSeq.fasta
# Option settings: hmmsearch --domtblout /home/elise/Documents/M1-BIM/S2/TMEs/SBAS/tme08/searchResults/scop30/d1sjda2d.54.1.1.aln.out -E 1 /home/elise/Documents/M1-BIM/S2/TMEs/SBAS/tme08/models/scop30/d1sjda2d.54.1.1.aln.hmm /home/elise/Documents/M1-BIM/S2/TMEs/SBAS/tme08/scop/scop/scopTestSeq.fasta 
# Current dir:     /home/elise/Documents/M1-BIM/S2/TMEs/SBAS/tme08
# Date:            Thu Apr 10 10:02:27 2025
# [ok]
