#                                                                            --- full sequence --- -------------- this domain -------------   hmm coord   ali coord   env coord
# target name        accession   tlen query name           accession   qlen   E-value  score  bias   #  of  c-Evalue  i-Evalue  score  bias  from    to  from    to  from    to  acc description of target
#------------------- ---------- ----- -------------------- ---------- ----- --------- ------ ----- --- --- --------- --------- ------ ----- ----- ----- ----- ----- ----- ----- ---- ---------------------
d2je6i1b.40.4.5      -             87 d1smxa_b.40.4.5.aln  -             93   9.8e-17   56.2   0.5   1   1     5e-18   1.1e-16   56.1   0.5     3    87     1    87     1    87 0.98 -
d1jt8a_b.40.4.5      -            102 d1smxa_b.40.4.5.aln  -             93   1.5e-16   55.7   0.4   1   1   7.6e-18   1.6e-16   55.5   0.4     3    92     3    96     1    97 0.97 -
d1luza_b.40.4.5      -             85 d1smxa_b.40.4.5.aln  -             93   5.8e-16   53.8   0.5   1   1   2.9e-17   6.2e-16   53.7   0.5     3    86     2    85     1    85 0.97 -
d3bzka4b.40.4.5      -             94 d1smxa_b.40.4.5.aln  -             93   1.7e-15   52.2   1.1   1   1   9.4e-17     2e-15   52.1   1.1     1    77    10    85    10    92 0.94 -
d2ja9a1b.40.4.5      -             90 d1smxa_b.40.4.5.aln  -             93   1.9e-15   52.1   0.0   1   1   9.9e-17   2.1e-15   52.0   0.0     3    92     1    89     1    90 0.96 -
d1wi5a_b.40.4.5      -            119 d1smxa_b.40.4.5.aln  -             93     4e-15   51.1   0.0   1   1   2.2e-16   4.6e-15   50.9   0.0     5    91    17   104    13   106 0.94 -
d1go3e1b.40.4.5      -            106 d1smxa_b.40.4.5.aln  -             93     2e-14   48.9   0.8   1   1   1.1e-15   2.4e-14   48.6   0.8     7    92     1    95     1    96 0.98 -
d1y14b1b.40.4.5      -             91 d1smxa_b.40.4.5.aln  -             93     5e-14   47.6   0.0   1   1   2.6e-15   5.4e-14   47.5   0.0     7    92     1    88     1    89 0.97 -
d2nn6i1b.40.4.5      -            125 d1smxa_b.40.4.5.aln  -             93   1.8e-13   45.9   0.0   1   1   9.6e-15     2e-13   45.7   0.0     3    92     1    99     1   100 0.97 -
d1kl9a2b.40.4.5      -             86 d1smxa_b.40.4.5.aln  -             93   4.3e-13   44.6   1.0   1   1   2.2e-14   4.7e-13   44.5   1.0     2    80     6    85     5    86 0.97 -
d2nn6h1b.40.4.5      -             95 d1smxa_b.40.4.5.aln  -             93   7.2e-13   43.9   0.1   1   1   3.8e-14     8e-13   43.8   0.1     2    85     1    93     1    95 0.97 -
d1wfqa_b.40.4.5      -             89 d1smxa_b.40.4.5.aln  -             93   1.5e-12   42.9   0.0   1   1   7.6e-14   1.6e-12   42.8   0.0     5    87     2    88     1    89 0.96 -
d2ix0a1b.40.4.5      -             90 d1smxa_b.40.4.5.aln  -             93   3.9e-12   41.6   0.0   1   1     2e-13   4.2e-12   41.5   0.0     5    91     3    90     1    90 0.97 -
d1d7qa_b.40.4.5      -            143 d1smxa_b.40.4.5.aln  -             93   6.6e-12   40.9   0.1   1   1   3.1e-13   6.6e-12   40.9   0.1     3    92    14   107    12   108 0.96 -
d2uubq1b.40.4.5      -            100 d1smxa_b.40.4.5.aln  -             93   1.9e-11   39.4   3.1   1   1     1e-12   2.2e-11   39.2   3.1     7    92     2    87     1    88 0.96 -
d1jjga_b.40.4.5      -            102 d1smxa_b.40.4.5.aln  -             93   4.1e-11   38.3   0.4   1   1   2.1e-12   4.5e-11   38.2   0.4     2    91     5    95     4    97 0.96 -
d2vnud1b.40.4.5      -             95 d1smxa_b.40.4.5.aln  -             93     5e-11   38.1   0.0   1   1   2.6e-12   5.5e-11   37.9   0.0     2    87    10    95     9    95 0.97 -
d1e3pa2b.40.4.5      -             62 d1smxa_b.40.4.5.aln  -             93   1.8e-10   36.3   0.2   1   1   8.8e-12   1.9e-10   36.2   0.2    15    71     1    60     1    62 0.96 -
d1hh2p1b.40.4.5      -             72 d1smxa_b.40.4.5.aln  -             93   9.2e-10   34.0   0.3   1   1   4.5e-11   9.7e-10   33.9   0.3     8    80     2    71     1    72 0.95 -
d1khia2b.40.4.5      -             71 d1smxa_b.40.4.5.aln  -             93     1e-09   33.9   0.2   1   1   5.1e-11   1.1e-09   33.8   0.2     4    70     1    68     1    71 0.95 -
d2vnud2b.40.4.5      -             88 d1smxa_b.40.4.5.aln  -             93     1e-09   33.9   0.6   1   1   5.8e-11   1.2e-09   33.6   0.6     1    76     3    84     3    87 0.96 -
d2vnud3b.40.4.5      -            148 d1smxa_b.40.4.5.aln  -             93   1.2e-09   33.7   0.0   1   1   9.6e-11     2e-09   32.9   0.0     1    92    13   125    13   126 0.98 -
d3i4oa_b.40.4.5      -             68 d1smxa_b.40.4.5.aln  -             93   1.6e-09   33.2   0.2   1   1     8e-11   1.7e-09   33.2   0.2    10    79     3    67     1    68 0.94 -
d2asba1b.40.4.5      -             76 d1smxa_b.40.4.5.aln  -             93   1.8e-09   33.1   0.2   1   1   8.9e-11   1.9e-09   33.0   0.2     7    80     2    75     1    76 0.96 -
d2uubl1b.40.4.5      -            118 d1smxa_b.40.4.5.aln  -             93   1.9e-09   33.0   2.6   1   1     1e-10   2.2e-09   32.8   2.6     2    92    12   110    11   111 0.97 -
d2ix0a3b.40.4.5      -             87 d1smxa_b.40.4.5.aln  -             93   2.7e-09   32.6   0.1   1   1   1.4e-10   2.9e-09   32.4   0.1     2    81     4    87     3    87 0.97 -
d1x6oa2b.40.4.5      -             79 d1smxa_b.40.4.5.aln  -             93     3e-09   32.4   0.0   1   1   1.5e-10   3.1e-09   32.3   0.0     6    79     2    76     1    79 0.94 -
d2ix0a2b.40.4.5      -             79 d1smxa_b.40.4.5.aln  -             93   5.1e-09   31.7   0.0   1   1   2.5e-10   5.3e-09   31.6   0.0    10    80     6    76     1    78 0.91 -
d1u0la1b.40.4.5      -             66 d1smxa_b.40.4.5.aln  -             93   6.1e-09   31.4   0.3   1   1   2.9e-10   6.2e-09   31.4   0.3    13    78     3    64     1    66 0.90 -
d1a62a2b.40.4.5      -             78 d1smxa_b.40.4.5.aln  -             93     1e-08   30.7   0.0   1   1     5e-10   1.1e-08   30.6   0.0    12    87     3    76     1    78 0.95 -
d1t9ha1b.40.4.5      -             67 d1smxa_b.40.4.5.aln  -             93   1.2e-08   30.5   0.2   1   1   5.7e-10   1.2e-08   30.4   0.2    12    78     1    65     1    67 0.94 -
d1c9oa_b.40.4.5      -             66 d1smxa_b.40.4.5.aln  -             93   4.4e-08   28.7   0.0   1   1   2.1e-09   4.5e-08   28.6   0.0    11    78     2    64     1    66 0.94 -
d1bkba2b.40.4.5      -             65 d1smxa_b.40.4.5.aln  -             93   8.8e-08   27.7   0.3   1   1   4.4e-09   9.3e-08   27.6   0.3    12    76     2    64     1    65 0.96 -
d1ueba2b.40.4.5      -             63 d1smxa_b.40.4.5.aln  -             93   1.9e-07   26.7   0.0   1   1   9.3e-09     2e-07   26.6   0.0     8    70     1    61     1    63 0.95 -
d1ne3a_b.40.4.5      -             68 d1smxa_b.40.4.5.aln  -             93   3.5e-06   22.6   0.1   1   1   1.6e-07   3.5e-06   22.6   0.1    13    74     6    66     1    68 0.89 -
d1rl2a2b.40.4.5      -             66 d1smxa_b.40.4.5.aln  -             93   3.2e-05   19.6   0.1   1   1   1.6e-06   3.4e-05   19.5   0.1    10    76     2    65     1    66 0.95 -
d2r7da1b.40.4.5      -             58 d1smxa_b.40.4.5.aln  -             93    0.0043   12.8   0.0   1   1   0.00072     0.015   11.0   0.0    12    79     2    57     1    58 0.87 -
#
# Program:         hmmsearch
# Version:         3.3.2 (Nov 2020)
# Pipeline mode:   SEARCH
# Query file:      /home/elise/Documents/M1-BIM/S2/TMEs/SBAS/tme08/models/scop30/d1smxa_b.40.4.5.aln.hmm
# Target file:     /home/elise/Documents/M1-BIM/S2/TMEs/SBAS/tme08/scop/scop/scopTestSeq.fasta
# Option settings: hmmsearch --domtblout /home/elise/Documents/M1-BIM/S2/TMEs/SBAS/tme08/searchResults/scop30/d1smxa_b.40.4.5.aln.out -E 1 /home/elise/Documents/M1-BIM/S2/TMEs/SBAS/tme08/models/scop30/d1smxa_b.40.4.5.aln.hmm /home/elise/Documents/M1-BIM/S2/TMEs/SBAS/tme08/scop/scop/scopTestSeq.fasta 
# Current dir:     /home/elise/Documents/M1-BIM/S2/TMEs/SBAS/tme08
# Date:            Thu Apr 10 10:02:27 2025
# [ok]
