#                                                                            --- full sequence --- -------------- this domain -------------   hmm coord   ali coord   env coord
# target name        accession   tlen query name           accession   qlen   E-value  score  bias   #  of  c-Evalue  i-Evalue  score  bias  from    to  from    to  from    to  acc description of target
#------------------- ---------- ----- -------------------- ---------- ----- --------- ------ ----- --- --- --------- --------- ------ ----- ----- ----- ----- ----- ----- ----- ---- ---------------------
d1r6bx3c.37.1.20     -            315 d1svma_c.37.1.20.aln -            266   2.7e-62  206.1   0.1   1   1   9.7e-64   3.1e-62  206.0   0.1     1   266     4   312     4   312 1.00 -
d2a5yb3c.37.1.20     -            277 d1svma_c.37.1.20.aln -            266   3.7e-61  202.4   0.0   1   1   1.3e-62   4.2e-61  202.2   0.0     1   266     3   272     3   272 0.99 -
d1u0ja_c.37.1.20     -            267 d1svma_c.37.1.20.aln -            266   5.2e-60  198.7   0.0   1   1   1.8e-61   5.7e-60  198.5   0.0     4   263     2   267     1   267 0.99 -
d1g41a_c.37.1.20     -            443 d1svma_c.37.1.20.aln -            266   9.9e-59  194.5   1.2   1   1     8e-60   2.5e-58  193.1   1.2     7   265     2   433     1   434 0.99 -
d1sxja2c.37.1.20     -            253 d1svma_c.37.1.20.aln -            266   1.7e-58  193.7   0.0   1   1   6.1e-60   1.9e-58  193.5   0.0     6   245     1   252     1   253 0.99 -
d1um8a_c.37.1.20     -            364 d1svma_c.37.1.20.aln -            266   5.9e-57  188.6   1.2   1   1   8.4e-58   2.7e-56  186.5   1.2     4   265     2   362     1   363 0.99 -
d1fnna2c.37.1.20     -            276 d1svma_c.37.1.20.aln -            266   2.6e-56  186.5   0.0   1   1   9.1e-58   2.9e-56  186.4   0.0     1   262     1   276     1   276 0.99 -
d1in4a2c.37.1.20     -            238 d1svma_c.37.1.20.aln -            266   3.8e-56  186.0   1.5   1   1   1.3e-57   4.2e-56  185.8   1.5    11   253     1   237     1   238 0.99 -
d1njfa_c.37.1.20     -            239 d1svma_c.37.1.20.aln -            266   7.1e-56  185.1   0.0   1   1   2.5e-57   7.8e-56  185.0   0.0     8   240     1   237     1   239 0.99 -
d1iqpa2c.37.1.20     -            231 d1svma_c.37.1.20.aln -            266   1.4e-53  177.6   0.4   1   1   4.8e-55   1.5e-53  177.5   0.4     2   238     7   229     6   231 0.98 -
d2fnaa2c.37.1.20     -            283 d1svma_c.37.1.20.aln -            266   2.1e-52  173.7   3.2   1   1   7.6e-54   2.4e-52  173.5   3.2     1   266     4   282     4   282 0.99 -
d1lv7a_c.37.1.20     -            256 d1svma_c.37.1.20.aln -            266     4e-52  172.8   0.0   1   1   1.4e-53   4.4e-52  172.7   0.0     8   248     1   256     1   256 0.97 -
d1w5sa2c.37.1.20     -            287 d1svma_c.37.1.20.aln -            266   1.8e-51  170.7   0.1   1   1   6.2e-53     2e-51  170.5   0.1     2   265     2   286     1   287 0.99 -
d1ny5a2c.37.1.20     -            247 d1svma_c.37.1.20.aln -            266   3.7e-48  159.8   0.8   1   1   1.3e-49   4.2e-48  159.6   0.8     7   253     2   247     1   247 0.99 -
d1g8pa_c.37.1.20     -            333 d1svma_c.37.1.20.aln -            266   4.1e-48  159.6   0.0   1   1   1.5e-49   4.6e-48  159.5   0.0     2   265    19   332    18   333 0.99 -
d1d2na_c.37.1.20     -            246 d1svma_c.37.1.20.aln -            266   4.7e-48  159.5   0.0   1   1   1.6e-49   5.2e-48  159.3   0.0     5   246     2   244     1   246 0.98 -
d1tuea_c.37.1.20     -            205 d1svma_c.37.1.20.aln -            266   7.9e-41  135.8   0.0   1   1     3e-42   9.5e-41  135.5   0.0    21   246     8   204     2   205 0.97 -
d1l8qa2c.37.1.20     -            213 d1svma_c.37.1.20.aln -            266   1.2e-39  131.9   2.4   1   1   4.4e-41   1.4e-39  131.7   2.4     8   240     2   213     1   213 0.98 -
d1a5ta2c.37.1.20     -            207 d1svma_c.37.1.20.aln -            266   4.1e-38  126.9   0.0   1   1   1.4e-39   4.5e-38  126.7   0.0     7   241     1   206     1   207 0.99 -
d2gnoa2c.37.1.20     -            198 d1svma_c.37.1.20.aln -            266   1.1e-33  112.4   0.3   1   1   3.7e-35   1.2e-33  112.3   0.3    14   239     2   197     1   198 0.98 -
d2p65a_c.37.1.20     -            185 d1svma_c.37.1.20.aln -            266   4.1e-24   81.0   0.8   1   1   1.5e-25   4.7e-24   80.8   0.8    22   234    12   183     1   184 0.94 -
d1jqlb_c.37.1.20     -            140 d1svma_c.37.1.20.aln -            266     2e-17   59.1   0.0   1   1   6.8e-19   2.1e-17   59.0   0.0    61   220     1   139     1   140 0.98 -
d1qzma_c.37.1.20     -             94 d1svma_c.37.1.20.aln -            266   1.4e-13   46.5   0.1   1   1   4.8e-15   1.5e-13   46.4   0.1   117   212     3    92     1    93 0.95 -
d3kb2a_c.37.1.1      -            171 d1svma_c.37.1.20.aln -            266   0.00011   17.3   0.0   1   1     5e-06   0.00016   16.8   0.0    48    88     3    43     2    76 0.89 -
d1y63a_c.37.1.1      -            174 d1svma_c.37.1.20.aln -            266    0.0026   12.8   0.0   1   1   0.00014    0.0045   12.0   0.0    47    74     7    34     5    46 0.88 -
#
# Program:         hmmsearch
# Version:         3.3.2 (Nov 2020)
# Pipeline mode:   SEARCH
# Query file:      /home/elise/Documents/M1-BIM/S2/TMEs/SBAS/tme08/models/scop30/d1svma_c.37.1.20.aln.hmm
# Target file:     /home/elise/Documents/M1-BIM/S2/TMEs/SBAS/tme08/scop/scop/scopTestSeq.fasta
# Option settings: hmmsearch --domtblout /home/elise/Documents/M1-BIM/S2/TMEs/SBAS/tme08/searchResults/scop30/d1svma_c.37.1.20.aln.out -E 1 /home/elise/Documents/M1-BIM/S2/TMEs/SBAS/tme08/models/scop30/d1svma_c.37.1.20.aln.hmm /home/elise/Documents/M1-BIM/S2/TMEs/SBAS/tme08/scop/scop/scopTestSeq.fasta 
# Current dir:     /home/elise/Documents/M1-BIM/S2/TMEs/SBAS/tme08
# Date:            Thu Apr 10 10:02:27 2025
# [ok]
