#                                                                            --- full sequence --- -------------- this domain -------------   hmm coord   ali coord   env coord
# target name        accession   tlen query name           accession   qlen   E-value  score  bias   #  of  c-Evalue  i-Evalue  score  bias  from    to  from    to  from    to  acc description of target
#------------------- ---------- ----- -------------------- ---------- ----- --------- ------ ----- --- --- --------- --------- ------ ----- ----- ----- ----- ----- ----- ----- ---- ---------------------
d1g41a_c.37.1.20     -            443 d1sxja2c.37.1.20.aln -            268   1.9e-60  199.7   0.4   1   1   1.6e-61   5.1e-60  198.4   0.4     7   267     2   434     1   435 0.99 -
d1r6bx3c.37.1.20     -            315 d1sxja2c.37.1.20.aln -            268   1.4e-59  196.9   0.1   1   1     5e-61   1.6e-59  196.7   0.1     1   267     4   312     4   313 0.99 -
d1njfa_c.37.1.20     -            239 d1sxja2c.37.1.20.aln -            268   2.5e-59  196.1   0.0   1   1   8.8e-61   2.8e-59  195.9   0.0     9   255     2   237     1   239 0.98 -
d2a5yb3c.37.1.20     -            277 d1sxja2c.37.1.20.aln -            268   5.8e-59  194.9   0.0   1   1   2.1e-60   6.5e-59  194.7   0.0     1   268     3   273     3   273 0.99 -
d1um8a_c.37.1.20     -            364 d1sxja2c.37.1.20.aln -            268   2.3e-57  189.7   1.3   1   1   9.9e-59   3.1e-57  189.2   1.3     5   267     3   363     1   364 0.99 -
d1u0ja_c.37.1.20     -            267 d1sxja2c.37.1.20.aln -            268   8.2e-56  184.6   0.0   1   1   2.9e-57   9.1e-56  184.4   0.0     6   263     2   267     1   267 0.99 -
d1in4a2c.37.1.20     -            238 d1sxja2c.37.1.20.aln -            268   1.6e-54  180.4   1.0   1   1   5.6e-56   1.8e-54  180.2   1.0    11   255     1   238     1   238 0.99 -
d1svma_c.37.1.20     -            362 d1sxja2c.37.1.20.aln -            268   1.9e-54  180.1   0.0   1   1   6.9e-56   2.2e-54  179.9   0.0     2   267     8   338     7   339 0.99 -
d1fnna2c.37.1.20     -            276 d1sxja2c.37.1.20.aln -            268   4.8e-53  175.5   0.0   1   1   1.7e-54   5.4e-53  175.3   0.0     2   263     2   276     1   276 0.99 -
d1w5sa2c.37.1.20     -            287 d1sxja2c.37.1.20.aln -            268   8.4e-53  174.7   0.1   1   1     3e-54   9.4e-53  174.5   0.1     2   268     2   281     1   281 0.99 -
d1iqpa2c.37.1.20     -            231 d1sxja2c.37.1.20.aln -            268     2e-52  173.5   0.3   1   1     7e-54   2.2e-52  173.3   0.3     1   254     6   230     6   231 0.99 -
d2fnaa2c.37.1.20     -            283 d1sxja2c.37.1.20.aln -            268   2.3e-51  170.0   3.6   1   1     8e-53   2.5e-51  169.9   3.6     4   268     1   283     1   283 0.99 -
d1g8pa_c.37.1.20     -            333 d1sxja2c.37.1.20.aln -            268   4.3e-49  162.6   0.0   1   1   1.5e-50   4.9e-49  162.4   0.0     1   268     2   309     2   309 1.00 -
d1d2na_c.37.1.20     -            246 d1sxja2c.37.1.20.aln -            268   5.2e-49  162.3   0.1   1   1   1.8e-50   5.8e-49  162.1   0.1     4   263     1   246     1   246 0.99 -
d1lv7a_c.37.1.20     -            256 d1sxja2c.37.1.20.aln -            268   1.5e-46  154.2   0.0   1   1   5.4e-48   1.7e-46  154.0   0.0     7   257     1   256     1   256 0.99 -
d1ny5a2c.37.1.20     -            247 d1sxja2c.37.1.20.aln -            268   2.2e-46  153.7   1.4   1   1   7.6e-48   2.4e-46  153.5   1.4    12   267     1   246     1   247 0.99 -
d1a5ta2c.37.1.20     -            207 d1sxja2c.37.1.20.aln -            268   5.2e-44  145.9   0.0   1   1   1.9e-45   6.1e-44  145.7   0.0     7   236     1   206     1   206 0.98 -
d1tuea_c.37.1.20     -            205 d1sxja2c.37.1.20.aln -            268     2e-39  130.8   0.0   1   1   7.1e-41   2.3e-39  130.7   0.0     6   254     2   204     1   205 0.99 -
d1l8qa2c.37.1.20     -            213 d1sxja2c.37.1.20.aln -            268   2.9e-38  127.0   3.2   1   1     1e-39   3.2e-38  126.9   3.2     8   249     2   211     1   213 0.98 -
d2gnoa2c.37.1.20     -            198 d1sxja2c.37.1.20.aln -            268   4.9e-34  113.2   0.5   1   1   1.7e-35   5.3e-34  113.1   0.5    47   257    17   197     1   198 0.95 -
d2p65a_c.37.1.20     -            185 d1sxja2c.37.1.20.aln -            268   1.1e-29   98.9   0.4   1   1     4e-31   1.2e-29   98.8   0.4    12   213     2   184     1   185 0.98 -
d1jqlb_c.37.1.20     -            140 d1sxja2c.37.1.20.aln -            268   1.3e-22   75.8   0.0   1   1   4.8e-24   1.5e-22   75.5   0.0   109   252     2   139     1   139 0.98 -
d1qzma_c.37.1.20     -             94 d1sxja2c.37.1.20.aln -            268   1.9e-07   26.0   0.1   1   1   7.7e-09   2.4e-07   25.7   0.1   110   186    19    91    18    93 0.95 -
d1y63a_c.37.1.1      -            174 d1sxja2c.37.1.20.aln -            268   2.2e-05   19.3   0.0   1   1   1.2e-06   3.7e-05   18.6   0.0    47    74     7    34     6    70 0.90 -
d1sxja2c.37.1.20     -            253 d1sxja2c.37.1.20.aln -            268    0.0045   11.7   0.0   1   2   0.00027    0.0085   10.8   0.0    47    69    54    76    32   136 0.91 -
d1sxja2c.37.1.20     -            253 d1sxja2c.37.1.20.aln -            268    0.0045   11.7   0.0   2   2       3.9   1.2e+02   -2.8   0.0   180   203   173   200   171   203 0.78 -
#
# Program:         hmmsearch
# Version:         3.3.2 (Nov 2020)
# Pipeline mode:   SEARCH
# Query file:      /home/elise/Documents/M1-BIM/S2/TMEs/SBAS/tme08/models/scop30/d1sxja2c.37.1.20.aln.hmm
# Target file:     /home/elise/Documents/M1-BIM/S2/TMEs/SBAS/tme08/scop/scop/scopTestSeq.fasta
# Option settings: hmmsearch --domtblout /home/elise/Documents/M1-BIM/S2/TMEs/SBAS/tme08/searchResults/scop30/d1sxja2c.37.1.20.aln.out -E 1 /home/elise/Documents/M1-BIM/S2/TMEs/SBAS/tme08/models/scop30/d1sxja2c.37.1.20.aln.hmm /home/elise/Documents/M1-BIM/S2/TMEs/SBAS/tme08/scop/scop/scopTestSeq.fasta 
# Current dir:     /home/elise/Documents/M1-BIM/S2/TMEs/SBAS/tme08
# Date:            Thu Apr 10 10:02:27 2025
# [ok]
