#                                                                            --- full sequence --- -------------- this domain -------------   hmm coord   ali coord   env coord
# target name        accession   tlen query name           accession   qlen   E-value  score  bias   #  of  c-Evalue  i-Evalue  score  bias  from    to  from    to  from    to  acc description of target
#------------------- ---------- ----- -------------------- ---------- ----- --------- ------ ----- --- --- --------- --------- ------ ----- ----- ----- ----- ----- ----- ----- ---- ---------------------
d1p5zb_c.37.1.1      -            241 d1t0hb_c.37.1.1.aln  -            194   2.3e-50  166.6   0.0   1   1   6.9e-52   2.6e-50  166.5   0.0     3   193     2   240     1   241 0.99 -
d1kjwa2c.37.1.1      -            199 d1t0hb_c.37.1.1.aln  -            194   5.5e-50  165.4   0.0   1   1   1.6e-51   6.1e-50  165.3   0.0     1   194     4   193     4   193 0.99 -
d1vhta_c.37.1.1      -            208 d1t0hb_c.37.1.1.aln  -            194   9.3e-48  158.1   0.1   1   1   2.8e-49     1e-47  158.0   0.1     2   194     2   201     1   201 0.99 -
d1qf9a_c.37.1.1      -            194 d1t0hb_c.37.1.1.aln  -            194   3.1e-47  156.5   0.0   1   1     9e-49   3.4e-47  156.3   0.0     2   191     5   193     4   194 0.99 -
d1kgda_c.37.1.1      -            178 d1t0hb_c.37.1.1.aln  -            194   5.6e-47  155.6   0.1   1   1   1.7e-48   6.3e-47  155.4   0.1     1   188     1   178     1   178 0.99 -
d1lw7a2c.37.1.1      -            192 d1t0hb_c.37.1.1.aln  -            194   7.5e-47  155.2   0.0   1   1   2.2e-48   8.3e-47  155.0   0.0     2   194     6   192     5   192 0.99 -
d1khta_c.37.1.1      -            190 d1t0hb_c.37.1.1.aln  -            194   2.1e-46  153.7   0.1   1   1   6.2e-48   2.3e-46  153.6   0.1     3   188     1   190     1   190 0.99 -
d1deka_c.37.1.1      -            241 d1t0hb_c.37.1.1.aln  -            194   3.3e-46  153.1   0.0   1   1   9.9e-48   3.7e-46  152.9   0.0     3   193     1   229     1   230 0.99 -
d1zina1c.37.1.1      -            183 d1t0hb_c.37.1.1.aln  -            194   1.7e-45  150.8   0.0   1   1   4.9e-47   1.9e-45  150.6   0.0     4   191     1   182     1   183 0.99 -
d1e2ka_c.37.1.1      -            329 d1t0hb_c.37.1.1.aln  -            194   2.4e-42  140.5   0.0   1   1     8e-44     3e-42  140.2   0.0     3   193     4   227     2   228 0.98 -
d1gsia_c.37.1.1      -            208 d1t0hb_c.37.1.1.aln  -            194   2.7e-42  140.3   0.0   1   1   7.9e-44   2.9e-42  140.2   0.0     4   192     1   207     1   208 0.98 -
d2grja_c.37.1.1      -            179 d1t0hb_c.37.1.1.aln  -            194   3.4e-42  140.0   1.4   1   1     1e-43   3.8e-42  139.8   1.4     1   188     1   179     1   179 0.99 -
d1y63a_c.37.1.1      -            174 d1t0hb_c.37.1.1.aln  -            194   5.2e-40  132.9   1.1   1   1   1.5e-41   5.7e-40  132.7   1.1     1   190     3   173     3   174 0.98 -
d1yj5a2c.37.1.1      -            172 d1t0hb_c.37.1.1.aln  -            194   6.3e-39  129.3   0.0   1   1   1.8e-40   6.9e-39  129.2   0.0     6   185     1   171     1   172 0.99 -
d3kb2a_c.37.1.1      -            171 d1t0hb_c.37.1.1.aln  -            194   6.7e-38  126.0   0.0   1   1     2e-39   7.5e-38  125.8   0.0     5   186     2   171     1   171 0.99 -
d1ly1a_c.37.1.1      -            152 d1t0hb_c.37.1.1.aln  -            194   2.4e-35  117.7   0.0   1   1     7e-37   2.6e-35  117.5   0.0     2   171     1   150     1   152 0.96 -
d2qora_c.37.1.0      -            196 d1t0hb_c.37.1.1.aln  -            194   1.4e-08   30.3   0.5   1   2   2.4e-07   9.1e-06   21.1   0.0     7    59     8    60     7    89 0.90 -
d2qora_c.37.1.0      -            196 d1t0hb_c.37.1.1.aln  -            194   1.4e-08   30.3   0.5   2   2    0.0099      0.37    6.1   0.3   124   191   130   190   120   193 0.64 -
d1in4a2c.37.1.20     -            238 d1t0hb_c.37.1.1.aln  -            194   4.2e-05   19.0   0.0   1   1   2.1e-06   8.1e-05   18.1   0.0     6    38    38    70    37   114 0.82 -
d2jaqa_c.37.1.0      -            201 d1t0hb_c.37.1.1.aln  -            194   0.00075   14.9   0.0   1   1   3.5e-05    0.0013   14.1   0.0     4    33     1    30     1    65 0.82 -
d1um8a_c.37.1.20     -            364 d1t0hb_c.37.1.1.aln  -            194   0.00084   14.7   0.7   1   2         1        38   -0.5   0.1   154   187    32    65    19    68 0.85 -
d1um8a_c.37.1.20     -            364 d1t0hb_c.37.1.1.aln  -            194   0.00084   14.7   0.7   2   2    0.0001    0.0038   12.6   0.0     5    32    70    97    66   117 0.88 -
d1g41a_c.37.1.20     -            443 d1t0hb_c.37.1.1.aln  -            194    0.0032   12.8   0.0   1   1   0.00018    0.0069   11.7   0.0     3    53    49    96    47   116 0.88 -
#
# Program:         hmmsearch
# Version:         3.3.2 (Nov 2020)
# Pipeline mode:   SEARCH
# Query file:      /home/elise/Documents/M1-BIM/S2/TMEs/SBAS/tme08/models/scop30/d1t0hb_c.37.1.1.aln.hmm
# Target file:     /home/elise/Documents/M1-BIM/S2/TMEs/SBAS/tme08/scop/scop/scopTestSeq.fasta
# Option settings: hmmsearch --domtblout /home/elise/Documents/M1-BIM/S2/TMEs/SBAS/tme08/searchResults/scop30/d1t0hb_c.37.1.1.aln.out -E 1 /home/elise/Documents/M1-BIM/S2/TMEs/SBAS/tme08/models/scop30/d1t0hb_c.37.1.1.aln.hmm /home/elise/Documents/M1-BIM/S2/TMEs/SBAS/tme08/scop/scop/scopTestSeq.fasta 
# Current dir:     /home/elise/Documents/M1-BIM/S2/TMEs/SBAS/tme08
# Date:            Thu Apr 10 10:02:27 2025
# [ok]
