#                                                                            --- full sequence --- -------------- this domain -------------   hmm coord   ali coord   env coord
# target name        accession   tlen query name           accession   qlen   E-value  score  bias   #  of  c-Evalue  i-Evalue  score  bias  from    to  from    to  from    to  acc description of target
#------------------- ---------- ----- -------------------- ---------- ----- --------- ------ ----- --- --- --------- --------- ------ ----- ----- ----- ----- ----- ----- ----- ---- ---------------------
d1p1ja1c.2.1.3       -            411 d1t1ra3c.2.1.3.aln   -            234   8.9e-58  191.2   0.0   1   1   3.6e-59   1.1e-57  190.9   0.0     1   234     8   288     8   288 1.00 -
d1h6da1c.2.1.3       -            222 d1t1ra3c.2.1.3.aln   -            234   1.2e-57  190.7   0.1   1   1   4.5e-59   1.4e-57  190.6   0.1    18   234     1   222     1   222 0.99 -
d1gr0a1c.2.1.3       -            244 d1t1ra3c.2.1.3.aln   -            234   3.8e-56  185.9   0.9   1   1   1.4e-57   4.2e-56  185.7   0.9     1   231     1   244     1   244 0.99 -
d3cina1c.2.1.3       -            276 d1t1ra3c.2.1.3.aln   -            234   2.3e-55  183.3   0.0   1   1   8.5e-57   2.6e-55  183.1   0.0     1   234     1   271     1   271 1.00 -
d2nvwa1c.2.1.3       -            238 d1t1ra3c.2.1.3.aln   -            234   1.3e-50  167.7   0.0   1   1   4.9e-52   1.5e-50  167.5   0.0     8   228     1   238     1   238 1.00 -
d1ydwa1c.2.1.3       -            185 d1t1ra3c.2.1.3.aln   -            234   6.1e-41  136.1   0.0   1   1   2.2e-42   6.6e-41  136.0   0.0    52   230     2   184     1   185 0.99 -
d1qkia1c.2.1.3       -            204 d1t1ra3c.2.1.3.aln   -            234   9.1e-41  135.5   0.0   1   1   3.3e-42     1e-40  135.4   0.0    31   228     1   203     1   204 0.99 -
d1tlta1c.2.1.3       -            165 d1t1ra3c.2.1.3.aln   -            234   2.3e-38  127.7   0.0   1   1   8.4e-40   2.5e-38  127.5   0.0    50   217     1   164     1   165 0.99 -
d1zh8a1c.2.1.3       -            182 d1t1ra3c.2.1.3.aln   -            234   4.6e-36  120.1   0.0   1   1   1.8e-37   5.4e-36  119.9   0.0    49   225     2   180     1   181 0.99 -
d1xeaa1c.2.1.3       -            168 d1t1ra3c.2.1.3.aln   -            234   9.2e-36  119.1   0.0   1   1   3.3e-37     1e-35  119.0   0.0    51   221     2   167     1   168 0.98 -
d1h9aa1c.2.1.3       -            196 d1t1ra3c.2.1.3.aln   -            234   3.4e-34  114.0   0.2   1   1   1.2e-35   3.7e-34  113.9   0.2    46   232     1   195     1   196 0.99 -
d1f06a1c.2.1.3       -            171 d1t1ra3c.2.1.3.aln   -            234   1.2e-33  112.2   0.1   1   1   4.8e-35   1.4e-33  112.0   0.1    50   217     2   169     1   170 0.98 -
d1lc0a1c.2.1.3       -            173 d1t1ra3c.2.1.3.aln   -            234   2.2e-33  111.3   0.0   1   1   8.1e-35   2.4e-33  111.2   0.0    45   221     1   172     1   173 0.99 -
d1e5qa1c.2.1.3       -            183 d1t1ra3c.2.1.3.aln   -            234   1.2e-30  102.4   0.3   1   1   4.4e-32   1.3e-30  102.3   0.3    51   221     2   182     1   183 0.99 -
d1vkna1c.2.1.3       -            177 d1t1ra3c.2.1.3.aln   -            234   2.3e-29   98.2   0.0   1   1   8.8e-31   2.7e-29   98.0   0.0    50   215     1   173     1   176 0.98 -
d2g82a1c.2.1.3       -            169 d1t1ra3c.2.1.3.aln   -            234   3.9e-29   97.5   0.2   1   1   1.5e-30   4.4e-29   97.3   0.2    52   213     1   166     1   168 0.98 -
d1nvmb1c.2.1.3       -            158 d1t1ra3c.2.1.3.aln   -            234   7.3e-28   93.3   0.4   1   1   2.6e-29     8e-28   93.2   0.4    49   208     2   157     1   158 0.98 -
d1cf2o1c.2.1.3       -            172 d1t1ra3c.2.1.3.aln   -            234   2.6e-26   88.2   0.7   1   1   9.5e-28   2.9e-26   88.1   0.7    51   209     1   171     1   172 0.99 -
d1q0qa2c.2.1.3       -            152 d1t1ra3c.2.1.3.aln   -            234   4.1e-25   84.3   0.0   1   1   1.5e-26   4.7e-25   84.1   0.0    50   205     1   150     1   151 0.99 -
d1ebfa1c.2.1.3       -            169 d1t1ra3c.2.1.3.aln   -            234   4.6e-25   84.1   0.2   1   1   1.7e-26     5e-25   84.0   0.2    49   216     2   168     1   169 0.98 -
d1drua1c.2.1.3       -            161 d1t1ra3c.2.1.3.aln   -            234   7.2e-24   80.2   0.2   1   1   2.6e-25   7.8e-24   80.1   0.2    50   205     2   158     1   161 0.97 -
d1t4ba1c.2.1.3       -            147 d1t1ra3c.2.1.3.aln   -            234   5.9e-20   67.4   0.0   1   1   2.4e-21   7.2e-20   67.1   0.0    50   208     1   146     1   147 0.98 -
d1yl7a1c.2.1.3       -            136 d1t1ra3c.2.1.3.aln   -            234   4.7e-19   64.5   0.0   1   1   1.7e-20     5e-19   64.4   0.0    52   204     1   134     1   136 0.97 -
d1j5pa4c.2.1.3       -            133 d1t1ra3c.2.1.3.aln   -            234   1.2e-18   63.2   0.0   1   1   4.1e-20   1.3e-18   63.1   0.0    50   198     1   131     1   133 0.97 -
d1vm6a3c.2.1.3       -            129 d1t1ra3c.2.1.3.aln   -            234   9.4e-16   53.7   0.0   1   1   3.4e-17     1e-15   53.5   0.0    51   204     1   128     1   129 0.97 -
d2ahra2c.2.1.6       -            152 d1t1ra3c.2.1.3.aln   -            234    0.0049   12.0   0.0   1   1   0.00022    0.0067   11.6   0.0    53   127     2    78     1    85 0.85 -
#
# Program:         hmmsearch
# Version:         3.3.2 (Nov 2020)
# Pipeline mode:   SEARCH
# Query file:      /home/elise/Documents/M1-BIM/S2/TMEs/SBAS/tme08/models/scop30/d1t1ra3c.2.1.3.aln.hmm
# Target file:     /home/elise/Documents/M1-BIM/S2/TMEs/SBAS/tme08/scop/scop/scopTestSeq.fasta
# Option settings: hmmsearch --domtblout /home/elise/Documents/M1-BIM/S2/TMEs/SBAS/tme08/searchResults/scop30/d1t1ra3c.2.1.3.aln.out -E 1 /home/elise/Documents/M1-BIM/S2/TMEs/SBAS/tme08/models/scop30/d1t1ra3c.2.1.3.aln.hmm /home/elise/Documents/M1-BIM/S2/TMEs/SBAS/tme08/scop/scop/scopTestSeq.fasta 
# Current dir:     /home/elise/Documents/M1-BIM/S2/TMEs/SBAS/tme08
# Date:            Thu Apr 10 10:02:27 2025
# [ok]
