#                                                                            --- full sequence --- -------------- this domain -------------   hmm coord   ali coord   env coord
# target name        accession   tlen query name           accession   qlen   E-value  score  bias   #  of  c-Evalue  i-Evalue  score  bias  from    to  from    to  from    to  acc description of target
#------------------- ---------- ----- -------------------- ---------- ----- --------- ------ ----- --- --- --------- --------- ------ ----- ----- ----- ----- ----- ----- ----- ---- ---------------------
d1z0xa2a.121.1.1     -            149 d1t33a2a.121.1.1.aln -            121   3.3e-24   80.5   0.0   1   1   1.5e-25     4e-24   80.2   0.0     2   118     6   122     5   125 0.97 -
d1rkta2a.121.1.1     -            123 d1t33a2a.121.1.1.aln -            121   1.3e-22   75.3   0.0   1   1   5.4e-24   1.5e-22   75.2   0.0     3   120     2   119     1   120 0.97 -
d2g7sa2a.121.1.1     -            116 d1t33a2a.121.1.1.aln -            121   1.3e-21   72.2   2.0   1   1   5.2e-23   1.4e-21   72.1   2.0     2   115     2   115     1   116 0.98 -
d2fx0a2a.121.1.1     -            122 d1t33a2a.121.1.1.aln -            121   2.1e-21   71.5   0.0   1   1   8.4e-23   2.3e-21   71.4   0.0     2   119     2   119     1   121 0.97 -
d2i10a2a.121.1.1     -            116 d1t33a2a.121.1.1.aln -            121   3.2e-21   70.9   3.4   1   1   1.3e-22   3.5e-21   70.8   3.4     4   115     5   116     2   116 0.97 -
d2d6ya2a.121.1.1     -            118 d1t33a2a.121.1.1.aln -            121   9.3e-21   69.4   1.3   1   1   3.7e-22     1e-20   69.3   1.3     5   119     2   116     1   118 0.98 -
d1vi0a2a.121.1.1     -            117 d1t33a2a.121.1.1.aln -            121   1.1e-20   69.2   0.0   1   1   4.5e-22   1.2e-20   69.1   0.0     6   120     2   116     1   117 0.97 -
d2g3ba2a.121.1.1     -            116 d1t33a2a.121.1.1.aln -            121   1.2e-20   69.1   2.0   1   1   4.6e-22   1.3e-20   69.0   2.0     3   117     2   116     1   116 0.96 -
d2hyja2a.121.1.1     -            118 d1t33a2a.121.1.1.aln -            121   1.5e-20   68.7   5.6   1   1   6.1e-22   1.7e-20   68.6   5.6     3   116     4   117     2   118 0.96 -
d2fbqa2a.121.1.1     -            134 d1t33a2a.121.1.1.aln -            121   2.1e-20   68.3   0.1   1   1   9.8e-22   2.7e-20   68.0   0.1     3   119    14   130    13   132 0.98 -
d2hkua2a.121.1.1     -            121 d1t33a2a.121.1.1.aln -            121   3.1e-20   67.8   0.1   1   1   1.2e-21   3.4e-20   67.6   0.1     2   121     2   121     1   121 0.98 -
d1ui5a2a.121.1.1     -            133 d1t33a2a.121.1.1.aln -            121     5e-20   67.1   0.8   1   1   2.2e-21   5.9e-20   66.9   0.8     2   120     2   120     1   121 0.98 -
d2gfna2a.121.1.1     -            119 d1t33a2a.121.1.1.aln -            121   6.4e-20   66.7   8.0   1   1   2.6e-21     7e-20   66.6   8.0     2   119     2   118     1   119 0.98 -
d2id6a2a.121.1.1     -            125 d1t33a2a.121.1.1.aln -            121   8.5e-20   66.4   0.0   1   1   3.4e-21   9.3e-20   66.2   0.0     2   120     2   120     1   121 0.98 -
d1t56a2a.121.1.1     -            120 d1t33a2a.121.1.1.aln -            121   2.1e-19   65.1   2.0   1   1   8.1e-21   2.2e-19   65.0   2.0     1   115     2   116     2   120 0.97 -
d2gena2a.121.1.1     -            118 d1t33a2a.121.1.1.aln -            121   4.1e-19   64.1   6.6   1   1   1.7e-20   4.5e-19   64.0   6.6     6   120     3   117     1   118 0.98 -
d3c07a2a.121.1.1     -            146 d1t33a2a.121.1.1.aln -            121   8.2e-19   63.2   1.5   1   1   3.7e-20     1e-18   62.9   1.5     4   119    26   141    23   143 0.97 -
d2id3a2a.121.1.1     -            123 d1t33a2a.121.1.1.aln -            121   1.1e-18   62.8   7.4   1   1   4.3e-20   1.2e-18   62.7   7.4     2   119     3   120     2   122 0.96 -
d2iu5a2a.121.1.1     -            109 d1t33a2a.121.1.1.aln -            121   1.2e-18   62.7   0.0   1   1   4.8e-20   1.3e-18   62.5   0.0    10   117     2   109     1   109 0.99 -
d2oi8a2a.121.1.1     -            130 d1t33a2a.121.1.1.aln -            121     9e-18   59.8   0.9   1   1   3.9e-19   1.1e-17   59.6   0.9     2   118    12   128    11   130 0.97 -
d2fq4a2a.121.1.1     -            115 d1t33a2a.121.1.1.aln -            121   1.5e-16   55.9   0.0   1   1   5.9e-18   1.6e-16   55.8   0.0     5   116     3   114     1   115 0.96 -
d2g7la2a.121.1.1     -            144 d1t33a2a.121.1.1.aln -            121   4.7e-16   54.3   7.0   1   1   1.7e-17   4.7e-16   54.3   7.0     1   120    14   133    14   134 0.97 -
d1sgma2a.121.1.1     -            111 d1t33a2a.121.1.1.aln -            121   7.5e-16   53.7   0.0   1   1   2.9e-17     8e-16   53.6   0.0     9   119    10   111     2   111 0.94 -
d2g7ga2a.121.1.1     -            132 d1t33a2a.121.1.1.aln -            121   1.3e-15   52.9   9.3   1   1   5.2e-17   1.4e-15   52.8   9.3     2   119     6   123     5   125 0.97 -
d2np5a2a.121.1.1     -            118 d1t33a2a.121.1.1.aln -            121   4.8e-15   51.1   4.3   1   1   1.9e-16   5.3e-15   51.0   4.3     2   120     3   113     2   114 0.98 -
d1zk8a2a.121.1.1     -            105 d1t33a2a.121.1.1.aln -            121   1.9e-13   46.0   0.0   1   1   7.7e-15   2.1e-13   45.8   0.0     3   116     3   103     1   105 0.97 -
d2fd5a2a.121.1.1     -            104 d1t33a2a.121.1.1.aln -            121   1.4e-12   43.2   3.2   1   1   5.4e-14   1.5e-12   43.1   3.2     5   112     3   102     1   104 0.96 -
d2o7ta2a.121.1.1     -            110 d1t33a2a.121.1.1.aln -            121   7.7e-12   40.8   0.0   1   1   3.1e-13   8.4e-12   40.7   0.0     2   117     1   110     1   110 0.97 -
d2np3a2a.121.1.1     -            112 d1t33a2a.121.1.1.aln -            121   5.8e-11   38.0   6.8   1   1   2.8e-12   7.7e-11   37.6   6.8     2   120     3   107     2   108 0.96 -
#
# Program:         hmmsearch
# Version:         3.3.2 (Nov 2020)
# Pipeline mode:   SEARCH
# Query file:      /home/elise/Documents/M1-BIM/S2/TMEs/SBAS/tme08/models/scop30/d1t33a2a.121.1.1.aln.hmm
# Target file:     /home/elise/Documents/M1-BIM/S2/TMEs/SBAS/tme08/scop/scop/scopTestSeq.fasta
# Option settings: hmmsearch --domtblout /home/elise/Documents/M1-BIM/S2/TMEs/SBAS/tme08/searchResults/scop30/d1t33a2a.121.1.1.aln.out -E 1 /home/elise/Documents/M1-BIM/S2/TMEs/SBAS/tme08/models/scop30/d1t33a2a.121.1.1.aln.hmm /home/elise/Documents/M1-BIM/S2/TMEs/SBAS/tme08/scop/scop/scopTestSeq.fasta 
# Current dir:     /home/elise/Documents/M1-BIM/S2/TMEs/SBAS/tme08
# Date:            Thu Apr 10 10:02:27 2025
# [ok]
