#                                                                            --- full sequence --- -------------- this domain -------------   hmm coord   ali coord   env coord
# target name        accession   tlen query name           accession   qlen   E-value  score  bias   #  of  c-Evalue  i-Evalue  score  bias  from    to  from    to  from    to  acc description of target
#------------------- ---------- ----- -------------------- ---------- ----- --------- ------ ----- --- --- --------- --------- ------ ----- ----- ----- ----- ----- ----- ----- ---- ---------------------
d1q4ta_d.38.1.5      -            142 d1t82a_d.38.1.5.aln  -            142     1e-49  163.6   0.9   1   1     2e-51   1.1e-49  163.5   0.9     2   141     2   141     1   142 0.98 -
d3f5oa_d.38.1.5      -            138 d1t82a_d.38.1.5.aln  -            142   2.5e-47  155.8   0.7   1   1     5e-49   2.8e-47  155.7   0.7     2   139     2   138     1   138 0.98 -
d1yoca1d.38.1.5      -            145 d1t82a_d.38.1.5.aln  -            142   3.2e-47  155.5   0.1   1   1   6.3e-49   3.6e-47  155.4   0.1     1   141     6   145     6   145 0.99 -
d2hboa1d.38.1.5      -            142 d1t82a_d.38.1.5.aln  -            142   1.4e-46  153.4   0.0   1   1   2.8e-48   1.6e-46  153.3   0.0     7   141     2   134     1   135 0.98 -
d1vh5a_d.38.1.5      -            138 d1t82a_d.38.1.5.aln  -            142   1.1e-45  150.5   0.0   1   1   2.2e-47   1.3e-45  150.4   0.0     2   138     2   137     1   138 0.98 -
d1sh8a_d.38.1.5      -            153 d1t82a_d.38.1.5.aln  -            142   5.6e-42  138.5   0.1   1   1   1.1e-43   6.3e-42  138.4   0.1     4   141     1   149     1   150 0.99 -
d1ixla_d.38.1.5      -            130 d1t82a_d.38.1.5.aln  -            142   2.5e-39  130.0   0.4   1   1   4.8e-41   2.7e-39  129.8   0.4    10   142     2   127     1   127 0.98 -
d2f41a1d.38.1.5      -            111 d1t82a_d.38.1.5.aln  -            142   1.7e-37  124.0   0.4   1   1   3.4e-39   1.9e-37  123.8   0.4    22   137     1   111     1   111 0.99 -
d2ov9a1d.38.1.5      -            203 d1t82a_d.38.1.5.aln  -            142     6e-37  122.2   0.0   1   1   1.3e-38   7.4e-37  121.9   0.0     2   141    27   179    26   180 0.99 -
d1wlua_d.38.1.5      -            117 d1t82a_d.38.1.5.aln  -            142   4.1e-36  119.5   0.7   1   1     8e-38   4.5e-36  119.4   0.7    16   137     1   117     1   117 0.97 -
d2gvha1d.38.1.1      -            135 d1t82a_d.38.1.5.aln  -            142   1.9e-08   29.8   0.1   1   1   4.3e-10   2.4e-08   29.5   0.1    48   123    20    94    11   112 0.90 -
d1vpma_d.38.1.1      -            155 d1t82a_d.38.1.5.aln  -            142   6.3e-06   21.7   0.2   1   1   1.7e-07   9.3e-06   21.1   0.2    48   135    22   106    15   110 0.80 -
d3bjka_d.38.1.1      -            140 d1t82a_d.38.1.5.aln  -            142    0.0005   15.5   0.0   1   1   1.2e-05   0.00065   15.1   0.0    48   124    16    91    11   110 0.88 -
d1s5ua_d.38.1.1      -            129 d1t82a_d.38.1.5.aln  -            142    0.0014   14.1   0.1   1   1   3.3e-05    0.0018   13.7   0.1    79   124    52    97    12   112 0.81 -
#
# Program:         hmmsearch
# Version:         3.3.2 (Nov 2020)
# Pipeline mode:   SEARCH
# Query file:      /home/elise/Documents/M1-BIM/S2/TMEs/SBAS/tme08/models/scop30/d1t82a_d.38.1.5.aln.hmm
# Target file:     /home/elise/Documents/M1-BIM/S2/TMEs/SBAS/tme08/scop/scop/scopTestSeq.fasta
# Option settings: hmmsearch --domtblout /home/elise/Documents/M1-BIM/S2/TMEs/SBAS/tme08/searchResults/scop30/d1t82a_d.38.1.5.aln.out -E 1 /home/elise/Documents/M1-BIM/S2/TMEs/SBAS/tme08/models/scop30/d1t82a_d.38.1.5.aln.hmm /home/elise/Documents/M1-BIM/S2/TMEs/SBAS/tme08/scop/scop/scopTestSeq.fasta 
# Current dir:     /home/elise/Documents/M1-BIM/S2/TMEs/SBAS/tme08
# Date:            Thu Apr 10 10:02:27 2025
# [ok]
