#                                                                            --- full sequence --- -------------- this domain -------------   hmm coord   ali coord   env coord
# target name        accession   tlen query name           accession   qlen   E-value  score  bias   #  of  c-Evalue  i-Evalue  score  bias  from    to  from    to  from    to  acc description of target
#------------------- ---------- ----- -------------------- ---------- ----- --------- ------ ----- --- --- --------- --------- ------ ----- ----- ----- ----- ----- ----- ----- ---- ---------------------
d1fsga_c.61.1.1      -            233 d1tc1a_c.61.1.1.aln  -            208   5.7e-64  210.9   0.0   1   1   1.1e-65   6.3e-64  210.7   0.0     2   208    20   232    19   232 0.99 -
d1qb7a_c.61.1.1      -            236 d1tc1a_c.61.1.1.aln  -            208   4.3e-61  201.5   0.0   1   1   8.4e-63   4.8e-61  201.4   0.0     2   207     4   227     3   228 0.99 -
d2aeea1c.61.1.1      -            208 d1tc1a_c.61.1.1.aln  -            208   1.2e-60  200.1   0.1   1   1   2.3e-62   1.3e-60  199.9   0.1     3   208     4   205     2   205 0.99 -
d1dqna_c.61.1.1      -            230 d1tc1a_c.61.1.1.aln  -            208   8.4e-60  197.3   0.0   1   1   1.7e-61   9.4e-60  197.1   0.0     1   208    10   227    10   227 0.99 -
d1ecfa1c.61.1.1      -            243 d1tc1a_c.61.1.1.aln  -            208   1.7e-56  186.5   0.4   1   1   3.4e-58   1.9e-56  186.3   0.4     2   208    23   236    22   236 0.99 -
d1xtta1c.61.1.1      -            215 d1tc1a_c.61.1.1.aln  -            208   5.5e-54  178.3   2.5   1   1   1.1e-55   6.1e-54  178.1   2.5     2   201     9   215     8   215 0.99 -
d1p4aa2c.61.1.1      -            202 d1tc1a_c.61.1.1.aln  -            208   1.3e-53  177.1   0.1   1   1   2.6e-55   1.4e-53  176.9   0.1     1   207     1   197     1   198 0.98 -
d1wd5a_c.61.1.1      -            208 d1tc1a_c.61.1.1.aln  -            208   1.4e-52  173.7   1.1   1   1   2.7e-54   1.5e-52  173.6   1.1     3   205     2   207     1   208 0.99 -
d1y0ba1c.61.1.1      -            191 d1tc1a_c.61.1.1.aln  -            208   1.3e-48  160.7   0.3   1   1   2.5e-50   1.4e-48  160.6   0.3     1   208     1   191     1   191 0.99 -
d1a3ca_c.61.1.1      -            178 d1tc1a_c.61.1.1.aln  -            208   1.1e-44  147.9   2.2   1   1   2.1e-46   1.2e-44  147.8   2.2     2   200     2   178     1   178 0.99 -
d1vdma1c.61.1.1      -            153 d1tc1a_c.61.1.1.aln  -            208   8.3e-40  132.0   1.5   1   1   1.6e-41   9.2e-40  131.8   1.5     1   188     1   153     1   153 0.99 -
d1vcha1c.61.1.1      -            174 d1tc1a_c.61.1.1.aln  -            208   1.2e-39  131.5   0.1   1   1   2.3e-41   1.3e-39  131.4   0.1     2   202     1   173     1   174 0.98 -
d1nula_c.61.1.1      -            150 d1tc1a_c.61.1.1.aln  -            208   6.7e-33  109.4   0.0   1   1   1.3e-34   7.4e-33  109.3   0.0     2   191     1   149     1   150 0.98 -
d1tc1a_c.61.1.1      -            184 d1tc1a_c.61.1.1.aln  -            208   2.3e-05   19.5   0.0   1   1   6.4e-07   3.6e-05   18.8   0.0   116   189    98   171    79   181 0.89 -
#
# Program:         hmmsearch
# Version:         3.3.2 (Nov 2020)
# Pipeline mode:   SEARCH
# Query file:      /home/elise/Documents/M1-BIM/S2/TMEs/SBAS/tme08/models/scop30/d1tc1a_c.61.1.1.aln.hmm
# Target file:     /home/elise/Documents/M1-BIM/S2/TMEs/SBAS/tme08/scop/scop/scopTestSeq.fasta
# Option settings: hmmsearch --domtblout /home/elise/Documents/M1-BIM/S2/TMEs/SBAS/tme08/searchResults/scop30/d1tc1a_c.61.1.1.aln.out -E 1 /home/elise/Documents/M1-BIM/S2/TMEs/SBAS/tme08/models/scop30/d1tc1a_c.61.1.1.aln.hmm /home/elise/Documents/M1-BIM/S2/TMEs/SBAS/tme08/scop/scop/scopTestSeq.fasta 
# Current dir:     /home/elise/Documents/M1-BIM/S2/TMEs/SBAS/tme08
# Date:            Thu Apr 10 10:02:27 2025
# [ok]
