#                                                                            --- full sequence --- -------------- this domain -------------   hmm coord   ali coord   env coord
# target name        accession   tlen query name           accession   qlen   E-value  score  bias   #  of  c-Evalue  i-Evalue  score  bias  from    to  from    to  from    to  acc description of target
#------------------- ---------- ----- -------------------- ---------- ----- --------- ------ ----- --- --- --------- --------- ------ ----- ----- ----- ----- ----- ----- ----- ---- ---------------------
d3bvfa_a.25.1.1      -            172 d1tjoa_a.25.1.1.aln  -            166   2.9e-54  178.9   6.1   1   1     5e-56   3.3e-54  178.8   6.1     1   165     2   164     2   165 0.99 -
d1z6om1a.25.1.1      -            191 d1tjoa_a.25.1.1.aln  -            166     4e-54  178.5   0.0   1   1   6.7e-56   4.4e-54  178.4   0.0     1   165     8   186     8   187 0.99 -
d1lb3a_a.25.1.1      -            179 d1tjoa_a.25.1.1.aln  -            166   1.1e-53  177.1   0.0   1   1   1.8e-55   1.2e-53  176.9   0.0     1   165     1   167     1   168 0.99 -
d1nf4a_a.25.1.1      -            169 d1tjoa_a.25.1.1.aln  -            166   1.2e-53  176.9   4.3   1   1     2e-55   1.3e-53  176.8   4.3     3   165     1   160     1   161 0.98 -
d2y3qa_a.25.1.1      -            158 d1tjoa_a.25.1.1.aln  -            166   7.8e-49  161.3   2.2   1   1   1.3e-50   8.6e-49  161.2   2.2     5   164     1   157     1   158 0.98 -
d1z6oa1a.25.1.1      -            200 d1tjoa_a.25.1.1.aln  -            166   4.1e-46  152.4   8.8   1   1   7.1e-48   4.7e-46  152.2   8.8     1   165    12   192    12   193 0.98 -
d2cf7a_a.25.1.1      -            159 d1tjoa_a.25.1.1.aln  -            166   3.3e-44  146.2   0.0   1   1   5.5e-46   3.6e-44  146.1   0.0     1   165     2   159     2   159 0.98 -
d1zs3a1a.25.1.1      -            171 d1tjoa_a.25.1.1.aln  -            166   1.3e-43  144.3   1.1   1   1   2.1e-45   1.4e-43  144.2   1.1     2   163     4   171     3   171 0.99 -
d1vjxa_a.25.1.1      -            149 d1tjoa_a.25.1.1.aln  -            166   1.6e-39  131.0   8.3   1   1   2.8e-41   1.8e-39  130.8   8.3     5   160     1   149     1   149 0.99 -
d2fzfa1a.25.1.1      -            158 d1tjoa_a.25.1.1.aln  -            166   5.1e-39  129.4  11.1   1   1   8.5e-41   5.6e-39  129.2  11.1     5   166     3   158     1   158 0.98 -
d1yuza1a.25.1.1      -            135 d1tjoa_a.25.1.1.aln  -            166   7.3e-37  122.3   0.9   1   1   1.2e-38   8.1e-37  122.2   0.9     8   141     1   135     1   135 0.99 -
d1tjoa_a.25.1.1      -            180 d1tjoa_a.25.1.1.aln  -            166    0.0001   17.8   5.4   1   1   3.2e-06   0.00021   16.8   5.3    14   139    32   166    19   175 0.77 -
#
# Program:         hmmsearch
# Version:         3.3.2 (Nov 2020)
# Pipeline mode:   SEARCH
# Query file:      /home/elise/Documents/M1-BIM/S2/TMEs/SBAS/tme08/models/scop30/d1tjoa_a.25.1.1.aln.hmm
# Target file:     /home/elise/Documents/M1-BIM/S2/TMEs/SBAS/tme08/scop/scop/scopTestSeq.fasta
# Option settings: hmmsearch --domtblout /home/elise/Documents/M1-BIM/S2/TMEs/SBAS/tme08/searchResults/scop30/d1tjoa_a.25.1.1.aln.out -E 1 /home/elise/Documents/M1-BIM/S2/TMEs/SBAS/tme08/models/scop30/d1tjoa_a.25.1.1.aln.hmm /home/elise/Documents/M1-BIM/S2/TMEs/SBAS/tme08/scop/scop/scopTestSeq.fasta 
# Current dir:     /home/elise/Documents/M1-BIM/S2/TMEs/SBAS/tme08
# Date:            Thu Apr 10 10:02:27 2025
# [ok]
