#                                                                            --- full sequence --- -------------- this domain -------------   hmm coord   ali coord   env coord
# target name        accession   tlen query name           accession   qlen   E-value  score  bias   #  of  c-Evalue  i-Evalue  score  bias  from    to  from    to  from    to  acc description of target
#------------------- ---------- ----- -------------------- ---------- ----- --------- ------ ----- --- --- --------- --------- ------ ----- ----- ----- ----- ----- ----- ----- ---- ---------------------
d1r3na1c.56.5.4      -            323 d1tkja_c.56.5.4.aln  -            285   5.6e-95  313.2   0.0   1   1   8.8e-97   6.3e-95  313.0   0.0     2   285     9   317     8   317 0.99 -
d1rtqa_c.56.5.4      -            291 d1tkja_c.56.5.4.aln  -            285   1.9e-94  311.5   0.3   1   1     3e-96   2.1e-94  311.3   0.3     1   284     1   284     1   285 0.99 -
d1z2la1c.56.5.4      -            294 d1tkja_c.56.5.4.aln  -            285   2.6e-94  311.0   0.0   1   1     4e-96   2.9e-94  310.9   0.0     8   285     1   293     1   293 0.99 -
d1y7ea2c.56.5.4      -            323 d1tkja_c.56.5.4.aln  -            285   2.4e-88  291.5   0.2   1   1   3.7e-90   2.7e-88  291.3   0.2     1   284     1   318     1   319 0.99 -
d1fnoa4c.56.5.4      -            296 d1tkja_c.56.5.4.aln  -            285   3.3e-84  277.9   0.0   1   1   5.1e-86   3.6e-84  277.7   0.0     2   283     5   295     4   296 0.99 -
d1lfwa1c.56.5.4      -            273 d1tkja_c.56.5.4.aln  -            285   1.4e-82  272.5   0.0   1   1   2.2e-84   1.6e-82  272.3   0.0     2   284     3   273     2   273 0.99 -
d1cg2a1c.56.5.4      -            277 d1tkja_c.56.5.4.aln  -            285   2.7e-82  271.6   0.1   1   1   4.2e-84     3e-82  271.4   0.1     1   283     1   275     1   277 0.99 -
d1vgya1c.56.5.4      -            263 d1tkja_c.56.5.4.aln  -            285     6e-79  260.6   0.0   1   1   9.3e-81   6.6e-79  260.5   0.0     9   280     2   262     1   263 0.98 -
d1y0ya3c.56.5.4      -            256 d1tkja_c.56.5.4.aln  -            285     6e-75  247.5   0.4   1   1   9.3e-77   6.7e-75  247.3   0.4    11   284     2   255     1   256 0.99 -
d2grea2c.56.5.4      -            234 d1tkja_c.56.5.4.aln  -            285     3e-65  215.7   3.2   1   1   1.2e-66   8.4e-65  214.2   3.2     7   281     1   233     1   234 0.99 -
d1tkja_c.56.5.4      -            277 d1tkja_c.56.5.4.aln  -            285   3.7e-06   21.8   0.0   1   1   2.2e-07   1.6e-05   19.7   0.0    63   204    66   190    65   231 0.89 -
#
# Program:         hmmsearch
# Version:         3.3.2 (Nov 2020)
# Pipeline mode:   SEARCH
# Query file:      /home/elise/Documents/M1-BIM/S2/TMEs/SBAS/tme08/models/scop30/d1tkja_c.56.5.4.aln.hmm
# Target file:     /home/elise/Documents/M1-BIM/S2/TMEs/SBAS/tme08/scop/scop/scopTestSeq.fasta
# Option settings: hmmsearch --domtblout /home/elise/Documents/M1-BIM/S2/TMEs/SBAS/tme08/searchResults/scop30/d1tkja_c.56.5.4.aln.out -E 1 /home/elise/Documents/M1-BIM/S2/TMEs/SBAS/tme08/models/scop30/d1tkja_c.56.5.4.aln.hmm /home/elise/Documents/M1-BIM/S2/TMEs/SBAS/tme08/scop/scop/scopTestSeq.fasta 
# Current dir:     /home/elise/Documents/M1-BIM/S2/TMEs/SBAS/tme08
# Date:            Thu Apr 10 10:02:27 2025
# [ok]
