#                                                                            --- full sequence --- -------------- this domain -------------   hmm coord   ali coord   env coord
# target name        accession   tlen query name           accession   qlen   E-value  score  bias   #  of  c-Evalue  i-Evalue  score  bias  from    to  from    to  from    to  acc description of target
#------------------- ---------- ----- -------------------- ---------- ----- --------- ------ ----- --- --- --------- --------- ------ ----- ----- ----- ----- ----- ----- ----- ---- ---------------------
d1tw9a1a.45.1.1      -            129 d1tu7a1a.45.1.1.aln  -            133   9.9e-41  134.4   0.0   1   1   1.7e-42   1.1e-40  134.3   0.0     2   133     4   129     3   129 0.98 -
d2cvda1a.45.1.1      -            124 d1tu7a1a.45.1.1.aln  -            133   2.9e-40  132.9   0.1   1   1   4.8e-42   3.2e-40  132.8   0.1     2   132     2   123     1   124 0.98 -
d2c4ja1a.45.1.1      -            133 d1tu7a1a.45.1.1.aln  -            133   1.9e-39  130.2   0.1   1   1   3.2e-41   2.1e-39  130.1   0.1     2   133     1   126     1   126 0.99 -
d1nhya1a.45.1.1      -            144 d1tu7a1a.45.1.1.aln  -            133   2.5e-39  129.9   0.0   1   1   4.2e-41   2.8e-39  129.7   0.0     2   132     9   142     8   143 0.98 -
d1eema1a.45.1.1      -            139 d1tu7a1a.45.1.1.aln  -            133   9.6e-39  128.0   0.3   1   1   1.6e-40   1.1e-38  127.8   0.3     4   132     2   132     1   133 0.98 -
d1k3ya1a.45.1.1      -            142 d1tu7a1a.45.1.1.aln  -            133   1.2e-38  127.6   0.0   1   1     2e-40   1.3e-38  127.5   0.0     2   133     1   142     1   142 0.99 -
d1okta1a.45.1.1      -            126 d1tu7a1a.45.1.1.aln  -            133   2.8e-37  123.2   0.6   1   1   4.7e-39   3.1e-37  123.1   0.6     3   132     1   125     1   126 0.98 -
d1gnwa1a.45.1.1      -            126 d1tu7a1a.45.1.1.aln  -            133   1.9e-34  114.0   0.2   1   1   3.2e-36   2.1e-34  113.9   0.2     2   119     7   125     6   126 0.98 -
d1k0ma1a.45.1.1      -            149 d1tu7a1a.45.1.1.aln  -            133     1e-33  111.7   0.0   1   1   1.8e-35   1.2e-33  111.5   0.0     2   132     2   146     1   147 0.98 -
d1z9ha1a.45.1.1      -            161 d1tu7a1a.45.1.1.aln  -            133   1.7e-33  111.0   0.0   1   1   2.8e-35   1.9e-33  110.9   0.0     2   133    10   161     9   161 0.99 -
d2fnoa1a.45.1.1      -            149 d1tu7a1a.45.1.1.aln  -            133   1.7e-32  107.7   0.0   1   1   2.7e-34   1.8e-32  107.7   0.0     2   123     1   130     1   148 0.93 -
d1tu7a1a.45.1.1      -            131 d1tu7a1a.45.1.1.aln  -            133   9.9e-15   50.3   0.0   1   1   1.8e-16   1.2e-14   50.0   0.0     4   122     1   117     1   125 0.90 -
#
# Program:         hmmsearch
# Version:         3.3.2 (Nov 2020)
# Pipeline mode:   SEARCH
# Query file:      /home/elise/Documents/M1-BIM/S2/TMEs/SBAS/tme08/models/scop30/d1tu7a1a.45.1.1.aln.hmm
# Target file:     /home/elise/Documents/M1-BIM/S2/TMEs/SBAS/tme08/scop/scop/scopTestSeq.fasta
# Option settings: hmmsearch --domtblout /home/elise/Documents/M1-BIM/S2/TMEs/SBAS/tme08/searchResults/scop30/d1tu7a1a.45.1.1.aln.out -E 1 /home/elise/Documents/M1-BIM/S2/TMEs/SBAS/tme08/models/scop30/d1tu7a1a.45.1.1.aln.hmm /home/elise/Documents/M1-BIM/S2/TMEs/SBAS/tme08/scop/scop/scopTestSeq.fasta 
# Current dir:     /home/elise/Documents/M1-BIM/S2/TMEs/SBAS/tme08
# Date:            Thu Apr 10 10:02:27 2025
# [ok]
