#                                                                            --- full sequence --- -------------- this domain -------------   hmm coord   ali coord   env coord
# target name        accession   tlen query name           accession   qlen   E-value  score  bias   #  of  c-Evalue  i-Evalue  score  bias  from    to  from    to  from    to  acc description of target
#------------------- ---------- ----- -------------------- ---------- ----- --------- ------ ----- --- --- --------- --------- ------ ----- ----- ----- ----- ----- ----- ----- ---- ---------------------
d1tu7a1a.45.1.1      -            131 d1tw9a1a.45.1.1.aln  -            139   5.6e-46  151.7   0.0   1   1   9.4e-48   6.2e-46  151.6   0.0     3   138     1   131     1   131 0.99 -
d2cvda1a.45.1.1      -            124 d1tw9a1a.45.1.1.aln  -            139   2.4e-42  140.0   0.1   1   1     4e-44   2.6e-42  139.9   0.1     1   130     2   124     2   124 0.99 -
d1k3ya1a.45.1.1      -            142 d1tw9a1a.45.1.1.aln  -            139     7e-42  138.5   0.0   1   1   1.2e-43   7.8e-42  138.3   0.0     1   138     1   134     1   135 0.98 -
d1eema1a.45.1.1      -            139 d1tw9a1a.45.1.1.aln  -            139   1.4e-41  137.5   0.3   1   1   2.4e-43   1.6e-41  137.3   0.3     2   138     1   130     1   131 0.98 -
d2c4ja1a.45.1.1      -            133 d1tw9a1a.45.1.1.aln  -            139   1.9e-41  137.0   0.1   1   1   3.2e-43   2.1e-41  136.9   0.1     1   139     1   130     1   130 0.99 -
d1nhya1a.45.1.1      -            144 d1tw9a1a.45.1.1.aln  -            139   3.6e-40  132.9   0.0   1   1   6.2e-42   4.1e-40  132.8   0.0     2   136    10   144     9   144 0.98 -
d1okta1a.45.1.1      -            126 d1tw9a1a.45.1.1.aln  -            139   7.4e-40  131.9   1.1   1   1   1.2e-41   8.1e-40  131.8   1.1     2   129     1   125     1   126 0.99 -
d1z9ha1a.45.1.1      -            161 d1tw9a1a.45.1.1.aln  -            139   5.5e-39  129.1   0.0   1   1   9.6e-41   6.3e-39  128.9   0.0     1   139    10   152    10   152 0.99 -
d1k0ma1a.45.1.1      -            149 d1tw9a1a.45.1.1.aln  -            139   1.5e-37  124.5   0.0   1   1   2.5e-39   1.6e-37  124.3   0.0     2   138     7   148     6   149 0.98 -
d2fnoa1a.45.1.1      -            149 d1tw9a1a.45.1.1.aln  -            139   2.8e-36  120.3   0.0   1   1   4.8e-38   3.2e-36  120.2   0.0     2   138     1   140     1   141 0.98 -
d1gnwa1a.45.1.1      -            126 d1tw9a1a.45.1.1.aln  -            139   1.5e-33  111.5   0.2   1   1   2.5e-35   1.6e-33  111.4   0.2     2   131     1   126     1   126 0.99 -
d1tw9a1a.45.1.1      -            129 d1tw9a1a.45.1.1.aln  -            139   2.1e-14   49.5   0.1   1   2       4.5   2.9e+02   -2.9   0.0    53    68    15    28     7    33 0.57 -
d1tw9a1a.45.1.1      -            129 d1tw9a1a.45.1.1.aln  -            139   2.1e-14   49.5   0.1   2   2     5e-16   3.3e-14   48.8   0.0    51   128    54   127    36   129 0.88 -
#
# Program:         hmmsearch
# Version:         3.3.2 (Nov 2020)
# Pipeline mode:   SEARCH
# Query file:      /home/elise/Documents/M1-BIM/S2/TMEs/SBAS/tme08/models/scop30/d1tw9a1a.45.1.1.aln.hmm
# Target file:     /home/elise/Documents/M1-BIM/S2/TMEs/SBAS/tme08/scop/scop/scopTestSeq.fasta
# Option settings: hmmsearch --domtblout /home/elise/Documents/M1-BIM/S2/TMEs/SBAS/tme08/searchResults/scop30/d1tw9a1a.45.1.1.aln.out -E 1 /home/elise/Documents/M1-BIM/S2/TMEs/SBAS/tme08/models/scop30/d1tw9a1a.45.1.1.aln.hmm /home/elise/Documents/M1-BIM/S2/TMEs/SBAS/tme08/scop/scop/scopTestSeq.fasta 
# Current dir:     /home/elise/Documents/M1-BIM/S2/TMEs/SBAS/tme08
# Date:            Thu Apr 10 10:02:28 2025
# [ok]
