#                                                                            --- full sequence --- -------------- this domain -------------   hmm coord   ali coord   env coord
# target name        accession   tlen query name           accession   qlen   E-value  score  bias   #  of  c-Evalue  i-Evalue  score  bias  from    to  from    to  from    to  acc description of target
#------------------- ---------- ----- -------------------- ---------- ----- --------- ------ ----- --- --- --------- --------- ------ ----- ----- ----- ----- ----- ----- ----- ---- ---------------------
d1mv8a2c.2.1.6       -            202 d1txga2c.2.1.6.aln   -            179   5.2e-50  165.4   0.0   1   1   1.5e-51   5.8e-50  165.3   0.0     1   178     1   193     1   194 0.99 -
d1f0ya2c.2.1.6       -            192 d1txga2c.2.1.6.aln   -            179   2.1e-49  163.4   1.5   1   1     6e-51   2.4e-49  163.3   1.5     1   179     5   189     5   189 0.99 -
d1evya2c.2.1.6       -            189 d1txga2c.2.1.6.aln   -            179     4e-49  162.5   0.0   1   1   1.1e-50   4.5e-49  162.4   0.0     2   179     9   187     8   187 0.99 -
d1bg6a2c.2.1.6       -            184 d1txga2c.2.1.6.aln   -            179   6.7e-48  158.6   0.1   1   1   1.9e-49   7.4e-48  158.4   0.1     2   178     3   183     2   184 0.99 -
d1lj8a4c.2.1.6       -            286 d1txga2c.2.1.6.aln   -            179   3.7e-46  152.9   0.0   1   1   1.1e-47   4.4e-46  152.7   0.0     2   178    31   228    30   229 0.99 -
d1dlja2c.2.1.6       -            196 d1txga2c.2.1.6.aln   -            179   7.6e-45  148.6   0.1   1   1   2.2e-46   8.5e-45  148.5   0.1     1   178     1   187     1   188 0.99 -
d2f1ka2c.2.1.6       -            165 d1txga2c.2.1.6.aln   -            179   2.3e-44  147.1   0.0   1   1   6.4e-46   2.5e-44  146.9   0.0     1   178     1   165     1   165 0.99 -
d1jaya_c.2.1.6       -            212 d1txga2c.2.1.6.aln   -            179   2.2e-43  143.9   0.1   1   1   6.2e-45   2.4e-43  143.7   0.1     1   177     1   204     1   206 0.99 -
d1ks9a2c.2.1.6       -            167 d1txga2c.2.1.6.aln   -            179   2.6e-43  143.6   0.0   1   1   7.4e-45   2.9e-43  143.5   0.0     1   179     1   167     1   167 0.99 -
d1vpda2c.2.1.6       -            161 d1txga2c.2.1.6.aln   -            179   5.1e-39  129.6   0.5   1   1   1.4e-40   5.6e-39  129.5   0.5     1   178     1   160     1   161 0.99 -
d2pv7a2c.2.1.6       -            152 d1txga2c.2.1.6.aln   -            179   3.2e-35  117.3   0.0   1   1   9.1e-37   3.6e-35  117.1   0.0     7   178     1   152     1   152 0.98 -
d2ahra2c.2.1.6       -            152 d1txga2c.2.1.6.aln   -            179   1.5e-34  115.0   0.1   1   1   4.3e-36   1.7e-34  114.9   0.1     1   177     1   150     1   152 0.98 -
d1i36a2c.2.1.6       -            152 d1txga2c.2.1.6.aln   -            179   1.5e-33  111.8   0.3   1   1   4.3e-35   1.7e-33  111.6   0.3     2   175     2   149     1   152 0.97 -
d1yqga2c.2.1.6       -            152 d1txga2c.2.1.6.aln   -            179   2.3e-32  107.9   0.1   1   1   6.6e-34   2.6e-32  107.8   0.1     1   178     1   151     1   152 0.95 -
d2i76a2c.2.1.6       -            153 d1txga2c.2.1.6.aln   -            179   1.2e-31  105.6   0.0   1   1   3.4e-33   1.4e-31  105.4   0.0     3   178     2   152     1   153 0.98 -
d3l77a_c.2.1.0       -            235 d1txga2c.2.1.6.aln   -            179   0.00022   16.8   0.2   1   1   7.6e-06    0.0003   16.4   0.2     1    65     2    75     2   114 0.77 -
d1vm6a3c.2.1.3       -            129 d1txga2c.2.1.6.aln   -            179   0.00043   15.8   0.1   1   1   1.7e-05   0.00068   15.2   0.1     1    28     1    29     1    34 0.96 -
d1txga2c.2.1.6       -            180 d1txga2c.2.1.6.aln   -            179    0.0018   13.8   0.0   1   1   6.9e-05    0.0027   13.2   0.0     1    74     1    77     1   107 0.74 -
d1piwa2c.2.1.1       -            168 d1txga2c.2.1.6.aln   -            179    0.0029   13.1   0.1   1   1   0.00012    0.0048   12.4   0.1     1    75    29   100    29   124 0.87 -
d2iida1c.3.1.2       -            371 d1txga2c.2.1.6.aln   -            179    0.0098   11.4   0.8   1   1   0.00055     0.022   10.3   0.8     1    32    31    62    31    70 0.91 -
#
# Program:         hmmsearch
# Version:         3.3.2 (Nov 2020)
# Pipeline mode:   SEARCH
# Query file:      /home/elise/Documents/M1-BIM/S2/TMEs/SBAS/tme08/models/scop30/d1txga2c.2.1.6.aln.hmm
# Target file:     /home/elise/Documents/M1-BIM/S2/TMEs/SBAS/tme08/scop/scop/scopTestSeq.fasta
# Option settings: hmmsearch --domtblout /home/elise/Documents/M1-BIM/S2/TMEs/SBAS/tme08/searchResults/scop30/d1txga2c.2.1.6.aln.out -E 1 /home/elise/Documents/M1-BIM/S2/TMEs/SBAS/tme08/models/scop30/d1txga2c.2.1.6.aln.hmm /home/elise/Documents/M1-BIM/S2/TMEs/SBAS/tme08/scop/scop/scopTestSeq.fasta 
# Current dir:     /home/elise/Documents/M1-BIM/S2/TMEs/SBAS/tme08
# Date:            Thu Apr 10 10:02:28 2025
# [ok]
