#                                                                            --- full sequence --- -------------- this domain -------------   hmm coord   ali coord   env coord
# target name        accession   tlen query name           accession   qlen   E-value  score  bias   #  of  c-Evalue  i-Evalue  score  bias  from    to  from    to  from    to  acc description of target
#------------------- ---------- ----- -------------------- ---------- ----- --------- ------ ----- --- --- --------- --------- ------ ----- ----- ----- ----- ----- ----- ----- ---- ---------------------
d2je6i1b.40.4.5      -             87 d1u0la1b.40.4.5.aln  -             93   4.6e-17   57.2   0.5   1   1   2.3e-18   4.9e-17   57.1   0.5     2    86     1    86     1    87 0.97 -
d1jt8a_b.40.4.5      -            102 d1u0la1b.40.4.5.aln  -             93   7.4e-17   56.6   0.6   1   1   3.8e-18   8.1e-17   56.4   0.6     3    92     4    96     2    97 0.96 -
d1wi5a_b.40.4.5      -            119 d1u0la1b.40.4.5.aln  -             93   1.2e-16   55.9   0.0   1   1   6.4e-18   1.4e-16   55.7   0.0     6    91    19   104    14   106 0.95 -
d1luza_b.40.4.5      -             85 d1u0la1b.40.4.5.aln  -             93   1.4e-16   55.7   0.5   1   1   7.2e-18   1.5e-16   55.6   0.5     2    86     2    85     1    85 0.97 -
d3bzka4b.40.4.5      -             94 d1u0la1b.40.4.5.aln  -             93     1e-15   52.9   0.7   1   1   5.4e-17   1.2e-15   52.8   0.7     3    77    13    85    11    92 0.93 -
d1y14b1b.40.4.5      -             91 d1u0la1b.40.4.5.aln  -             93   5.9e-15   50.5   0.0   1   1     3e-16   6.4e-15   50.4   0.0     6    92     1    88     1    89 0.98 -
d2nn6i1b.40.4.5      -            125 d1u0la1b.40.4.5.aln  -             93   1.1e-14   49.6   0.0   1   1     6e-16   1.3e-14   49.4   0.0     3    92     2    99     1   100 0.97 -
d2ja9a1b.40.4.5      -             90 d1u0la1b.40.4.5.aln  -             93   1.4e-14   49.4   0.0   1   1   6.8e-16   1.5e-14   49.3   0.0     3    91     2    88     1    90 0.96 -
d1kl9a2b.40.4.5      -             86 d1u0la1b.40.4.5.aln  -             93   3.1e-14   48.2   1.1   1   1   1.6e-15   3.3e-14   48.1   1.1     2    80     7    85     6    86 0.98 -
d1go3e1b.40.4.5      -            106 d1u0la1b.40.4.5.aln  -             93   8.9e-14   46.7   0.8   1   1   4.9e-15   1.1e-13   46.5   0.8     6    92     1    95     1    96 0.97 -
d1wfqa_b.40.4.5      -             89 d1u0la1b.40.4.5.aln  -             93     2e-13   45.6   0.0   1   1     1e-14   2.2e-13   45.5   0.0     6    87     4    88     1    89 0.95 -
d2ix0a1b.40.4.5      -             90 d1u0la1b.40.4.5.aln  -             93   7.5e-13   43.8   0.0   1   1   3.7e-14     8e-13   43.7   0.0     4    91     3    90     1    90 0.97 -
d2nn6h1b.40.4.5      -             95 d1u0la1b.40.4.5.aln  -             93   1.2e-12   43.2   0.1   1   1   6.2e-14   1.3e-12   43.0   0.1     2    85     2    93     1    95 0.97 -
d1d7qa_b.40.4.5      -            143 d1u0la1b.40.4.5.aln  -             93   2.9e-12   41.9   0.1   1   1     2e-13   4.2e-12   41.4   0.1     3    92    15   107    13   108 0.96 -
d1smxa_b.40.4.5      -             87 d1u0la1b.40.4.5.aln  -             93   4.1e-12   41.4   0.0   1   1   2.3e-13   4.8e-12   41.2   0.0    10    86     4    87     2    87 0.95 -
d2ix0a3b.40.4.5      -             87 d1u0la1b.40.4.5.aln  -             93     2e-11   39.2   0.1   1   1     1e-12   2.1e-11   39.2   0.1     8    86     3    85     1    87 0.96 -
d1jjga_b.40.4.5      -            102 d1u0la1b.40.4.5.aln  -             93   2.9e-11   38.8   0.3   1   1   1.5e-12   3.1e-11   38.6   0.3     3    91     7    95     5    97 0.96 -
d1x6oa2b.40.4.5      -             79 d1u0la1b.40.4.5.aln  -             93     5e-11   38.0   0.0   1   1   2.5e-12   5.3e-11   37.9   0.0     5    79     2    76     1    79 0.95 -
d2vnud1b.40.4.5      -             95 d1u0la1b.40.4.5.aln  -             93   6.9e-11   37.5   0.0   1   1   3.5e-12   7.5e-11   37.4   0.0     2    91     3    94     2    95 0.96 -
d2uubl1b.40.4.5      -            118 d1u0la1b.40.4.5.aln  -             93   7.4e-11   37.5   2.5   1   1   3.9e-12   8.4e-11   37.3   2.5     3    92    12   110    10   111 0.97 -
d2vnud3b.40.4.5      -            148 d1u0la1b.40.4.5.aln  -             93   2.2e-10   36.0   0.0   1   1   1.5e-11   3.3e-10   35.4   0.0     2    92    15   125    14   126 0.97 -
d2vnud2b.40.4.5      -             88 d1u0la1b.40.4.5.aln  -             93   3.4e-10   35.3   0.5   1   1   1.9e-11     4e-10   35.1   0.5     2    76     5    84     4    87 0.96 -
d1a62a2b.40.4.5      -             78 d1u0la1b.40.4.5.aln  -             93   4.9e-10   34.8   0.0   1   1   2.4e-11   5.1e-10   34.8   0.0    10    86     2    75     1    78 0.94 -
d1e3pa2b.40.4.5      -             62 d1u0la1b.40.4.5.aln  -             93   5.7e-10   34.6   0.1   1   1   2.8e-11     6e-10   34.6   0.1    14    71     1    60     1    62 0.95 -
d2uubq1b.40.4.5      -            100 d1u0la1b.40.4.5.aln  -             93     1e-09   33.8   2.9   1   1   5.4e-11   1.2e-09   33.7   2.9     7    92     3    87     1    88 0.96 -
d1hh2p1b.40.4.5      -             72 d1u0la1b.40.4.5.aln  -             93     2e-09   32.9   0.4   1   1   9.9e-11   2.1e-09   32.8   0.4     7    80     2    71     1    72 0.95 -
d3i4oa_b.40.4.5      -             68 d1u0la1b.40.4.5.aln  -             93   2.6e-09   32.5   0.2   1   1   1.3e-10   2.8e-09   32.4   0.2     8    79     2    67     1    68 0.95 -
d1khia2b.40.4.5      -             71 d1u0la1b.40.4.5.aln  -             93   5.4e-09   31.5   0.1   1   1   2.7e-10   5.8e-09   31.4   0.1     3    72     1    70     1    71 0.96 -
d1t9ha1b.40.4.5      -             67 d1u0la1b.40.4.5.aln  -             93   7.2e-09   31.1   0.2   1   1     4e-10   8.4e-09   30.9   0.2    11    78     1    65     1    66 0.93 -
d2ix0a2b.40.4.5      -             79 d1u0la1b.40.4.5.aln  -             93   2.1e-08   29.7   0.0   1   1     1e-09   2.2e-08   29.6   0.0     9    80     6    76     1    78 0.90 -
d2asba1b.40.4.5      -             76 d1u0la1b.40.4.5.aln  -             93   4.6e-08   28.6   0.2   1   1   2.3e-09   4.8e-08   28.5   0.2     7    80     3    75     1    76 0.94 -
d1c9oa_b.40.4.5      -             66 d1u0la1b.40.4.5.aln  -             93   5.2e-08   28.4   0.0   1   1   2.6e-09   5.5e-08   28.3   0.0    10    79     2    65     1    66 0.96 -
d1bkba2b.40.4.5      -             65 d1u0la1b.40.4.5.aln  -             93     8e-08   27.8   0.3   1   1   3.9e-09   8.4e-08   27.7   0.3    11    76     2    64     1    65 0.96 -
d1ueba2b.40.4.5      -             63 d1u0la1b.40.4.5.aln  -             93   8.8e-07   24.5   0.0   1   1   4.3e-08   9.2e-07   24.4   0.0     7    70     1    61     1    63 0.96 -
d1ne3a_b.40.4.5      -             68 d1u0la1b.40.4.5.aln  -             93   1.9e-06   23.4   0.1   1   1   8.8e-08   1.9e-06   23.4   0.1    11    72     5    64     1    68 0.87 -
d1rl2a2b.40.4.5      -             66 d1u0la1b.40.4.5.aln  -             93   5.7e-05   18.7   0.1   1   1   2.8e-06     6e-05   18.6   0.1     8    76     3    65     1    66 0.92 -
d2r7da1b.40.4.5      -             58 d1u0la1b.40.4.5.aln  -             93   0.00042   16.0   0.0   1   1     2e-05   0.00044   15.9   0.0    10    68     2    56     1    58 0.95 -
#
# Program:         hmmsearch
# Version:         3.3.2 (Nov 2020)
# Pipeline mode:   SEARCH
# Query file:      /home/elise/Documents/M1-BIM/S2/TMEs/SBAS/tme08/models/scop30/d1u0la1b.40.4.5.aln.hmm
# Target file:     /home/elise/Documents/M1-BIM/S2/TMEs/SBAS/tme08/scop/scop/scopTestSeq.fasta
# Option settings: hmmsearch --domtblout /home/elise/Documents/M1-BIM/S2/TMEs/SBAS/tme08/searchResults/scop30/d1u0la1b.40.4.5.aln.out -E 1 /home/elise/Documents/M1-BIM/S2/TMEs/SBAS/tme08/models/scop30/d1u0la1b.40.4.5.aln.hmm /home/elise/Documents/M1-BIM/S2/TMEs/SBAS/tme08/scop/scop/scopTestSeq.fasta 
# Current dir:     /home/elise/Documents/M1-BIM/S2/TMEs/SBAS/tme08
# Date:            Thu Apr 10 10:02:28 2025
# [ok]
