#                                                                            --- full sequence --- -------------- this domain -------------   hmm coord   ali coord   env coord
# target name        accession   tlen query name           accession   qlen   E-value  score  bias   #  of  c-Evalue  i-Evalue  score  bias  from    to  from    to  from    to  acc description of target
#------------------- ---------- ----- -------------------- ---------- ----- --------- ------ ----- --- --- --------- --------- ------ ----- ----- ----- ----- ----- ----- ----- ---- ---------------------
d1sxja2c.37.1.20     -            253 d1u0ja_c.37.1.20.aln -            262   8.5e-59  194.4   0.0   1   1   2.8e-60   9.5e-59  194.3   0.0     3   248     2   252     1   253 0.99 -
d1g41a_c.37.1.20     -            443 d1u0ja_c.37.1.20.aln -            262   1.7e-58  193.5   0.0   1   1   9.1e-60   3.1e-58  192.6   0.0     2   261     1   429     1   430 0.99 -
d2a5yb3c.37.1.20     -            277 d1u0ja_c.37.1.20.aln -            262   6.1e-57  188.4   0.0   1   1     2e-58   6.8e-57  188.2   0.0     4   262    10   268     7   268 0.99 -
d1fnna2c.37.1.20     -            276 d1u0ja_c.37.1.20.aln -            262   5.5e-56  185.2   0.0   1   1   1.8e-57   6.1e-56  185.1   0.0     2   262     7   276     6   276 0.99 -
d1njfa_c.37.1.20     -            239 d1u0ja_c.37.1.20.aln -            262   4.3e-55  182.3   0.0   1   1   1.4e-56   4.8e-55  182.2   0.0     5   244     2   238     1   239 0.98 -
d1in4a2c.37.1.20     -            238 d1u0ja_c.37.1.20.aln -            262   3.4e-54  179.4   1.5   1   1   1.1e-55   3.7e-54  179.2   1.5     8   254     2   238     1   238 0.99 -
d1r6bx3c.37.1.20     -            315 d1u0ja_c.37.1.20.aln -            262   1.5e-53  177.2   0.1   1   1     5e-55   1.7e-53  177.1   0.1     2   262     2   308     1   308 0.99 -
d1lv7a_c.37.1.20     -            256 d1u0ja_c.37.1.20.aln -            262   1.9e-53  176.9   0.0   1   1   6.2e-55   2.1e-53  176.8   0.0     4   255     1   255     1   256 0.98 -
d1svma_c.37.1.20     -            362 d1u0ja_c.37.1.20.aln -            262     2e-53  176.8   0.1   1   1   6.6e-55   2.3e-53  176.7   0.1     2   262    12   354    11   354 0.99 -
d1um8a_c.37.1.20     -            364 d1u0ja_c.37.1.20.aln -            262   3.9e-53  175.9   0.1   1   1   2.2e-54   7.5e-53  175.0   0.1     4   262     6   359     3   359 0.99 -
d1iqpa2c.37.1.20     -            231 d1u0ja_c.37.1.20.aln -            262   1.3e-50  167.7   0.9   1   1   4.1e-52   1.4e-50  167.5   0.9     4   242     2   230     1   231 0.98 -
d1w5sa2c.37.1.20     -            287 d1u0ja_c.37.1.20.aln -            262   2.1e-50  166.9   0.1   1   1     7e-52   2.4e-50  166.8   0.1     2   256     7   287     6   287 0.99 -
d1d2na_c.37.1.20     -            246 d1u0ja_c.37.1.20.aln -            262   3.7e-50  166.1   0.1   1   1   1.2e-51   4.1e-50  166.0   0.1     8   251     2   246     1   246 0.99 -
d2fnaa2c.37.1.20     -            283 d1u0ja_c.37.1.20.aln -            262   2.2e-48  160.4   4.3   1   1   7.1e-50   2.4e-48  160.2   4.3     2   262     6   278     5   278 0.99 -
d1g8pa_c.37.1.20     -            333 d1u0ja_c.37.1.20.aln -            262   2.7e-47  156.8   0.0   1   1     9e-49   3.1e-47  156.6   0.0     2   261     7   314     6   315 0.99 -
d1ny5a2c.37.1.20     -            247 d1u0ja_c.37.1.20.aln -            262   1.3e-40  134.9   1.2   1   1   4.2e-42   1.4e-40  134.7   1.2     3   250     2   247     1   247 0.99 -
d1tuea_c.37.1.20     -            205 d1u0ja_c.37.1.20.aln -            262   1.5e-40  134.7   0.0   1   1   4.8e-42   1.6e-40  134.6   0.0     4   226     2   203     1   205 0.98 -
d1a5ta2c.37.1.20     -            207 d1u0ja_c.37.1.20.aln -            262   1.8e-38  127.9   0.0   1   1     6e-40   2.1e-38  127.7   0.0     3   224     1   206     1   206 0.99 -
d1l8qa2c.37.1.20     -            213 d1u0ja_c.37.1.20.aln -            262   3.3e-38  127.0   2.5   1   1     1e-39   3.6e-38  126.9   2.5     8   231     3   212     1   213 0.98 -
d2gnoa2c.37.1.20     -            198 d1u0ja_c.37.1.20.aln -            262   1.2e-34  115.4   1.0   1   1   3.9e-36   1.3e-34  115.2   1.0    10   239     2   197     1   198 0.97 -
d2p65a_c.37.1.20     -            185 d1u0ja_c.37.1.20.aln -            262   3.9e-29   97.3   0.2   1   1   1.2e-30   4.2e-29   97.2   0.2    12   211     5   183     1   185 0.97 -
d1jqlb_c.37.1.20     -            140 d1u0ja_c.37.1.20.aln -            262   7.6e-19   63.6   0.0   1   1   2.4e-20   8.3e-19   63.5   0.0     5   164     1   140     1   140 0.98 -
d1qzma_c.37.1.20     -             94 d1u0ja_c.37.1.20.aln -            262   6.2e-10   34.4   0.1   1   1   1.9e-11   6.6e-10   34.3   0.1    54   156     3    93     1    94 0.96 -
#
# Program:         hmmsearch
# Version:         3.3.2 (Nov 2020)
# Pipeline mode:   SEARCH
# Query file:      /home/elise/Documents/M1-BIM/S2/TMEs/SBAS/tme08/models/scop30/d1u0ja_c.37.1.20.aln.hmm
# Target file:     /home/elise/Documents/M1-BIM/S2/TMEs/SBAS/tme08/scop/scop/scopTestSeq.fasta
# Option settings: hmmsearch --domtblout /home/elise/Documents/M1-BIM/S2/TMEs/SBAS/tme08/searchResults/scop30/d1u0ja_c.37.1.20.aln.out -E 1 /home/elise/Documents/M1-BIM/S2/TMEs/SBAS/tme08/models/scop30/d1u0ja_c.37.1.20.aln.hmm /home/elise/Documents/M1-BIM/S2/TMEs/SBAS/tme08/scop/scop/scopTestSeq.fasta 
# Current dir:     /home/elise/Documents/M1-BIM/S2/TMEs/SBAS/tme08
# Date:            Thu Apr 10 10:02:28 2025
# [ok]
