#                                                                            --- full sequence --- -------------- this domain -------------   hmm coord   ali coord   env coord
# target name        accession   tlen query name           accession   qlen   E-value  score  bias   #  of  c-Evalue  i-Evalue  score  bias  from    to  from    to  from    to  acc description of target
#------------------- ---------- ----- -------------------- ---------- ----- --------- ------ ----- --- --- --------- --------- ------ ----- ----- ----- ----- ----- ----- ----- ---- ---------------------
d1tiqa_d.108.1.1     -            173 d1u6ma_d.108.1.1.aln -            177   2.8e-36  120.6   0.1   1   1   1.7e-37     3e-36  120.5   0.1     5   171     3   171     1   173 0.98 -
d2ae6a1d.108.1.1     -            161 d1u6ma_d.108.1.1.aln -            177   3.7e-34  113.7   0.1   1   1   2.2e-35     4e-34  113.6   0.1    12   171     3   160     1   161 0.97 -
d1vkca_d.108.1.1     -            149 d1u6ma_d.108.1.1.aln -            177     2e-33  111.3   2.5   1   1   1.3e-34   2.4e-33  111.1   2.5     8   154     3   146     1   148 0.97 -
d1ufha_d.108.1.1     -            155 d1u6ma_d.108.1.1.aln -            177   1.3e-32  108.7   0.5   1   1   7.8e-34   1.4e-32  108.6   0.5     4   155     2   153     1   155 0.98 -
d1i12a_d.108.1.1     -            157 d1u6ma_d.108.1.1.aln -            177   1.4e-32  108.6   0.0   1   1   8.6e-34   1.5e-32  108.4   0.0     3   155     3   155     1   157 0.97 -
d2euia1d.108.1.1     -            153 d1u6ma_d.108.1.1.aln -            177   5.1e-32  106.7   0.1   1   1   3.1e-33   5.6e-32  106.6   0.1    12   160     1   149     1   152 0.96 -
d1z4ea1d.108.1.1     -            150 d1u6ma_d.108.1.1.aln -            177   6.2e-32  106.5   0.2   1   1   3.7e-33   6.7e-32  106.4   0.2     7   153     2   146     1   150 0.97 -
d1mk4a_d.108.1.1     -            157 d1u6ma_d.108.1.1.aln -            177   7.6e-32  106.2   0.0   1   1   4.6e-33   8.3e-32  106.1   0.0    13   175     1   154     1   156 0.98 -
d2cy2a1d.108.1.1     -            174 d1u6ma_d.108.1.1.aln -            177   1.2e-31  105.6   1.5   1   1   7.7e-33   1.4e-31  105.4   1.5    13   175    11   174     2   174 0.97 -
d1y9wa1d.108.1.1     -            140 d1u6ma_d.108.1.1.aln -            177   1.8e-29   98.4   1.6   1   1   1.1e-30     2e-29   98.3   1.6    20   167     2   139     1   140 0.98 -
d2b5ga_d.108.1.1     -            168 d1u6ma_d.108.1.1.aln -            177   2.1e-29   98.2   0.3   1   1   1.4e-30   2.5e-29   98.0   0.3     7   168     3   166     1   167 0.96 -
d1z4ra1d.108.1.1     -            162 d1u6ma_d.108.1.1.aln -            177   2.7e-29   97.9   0.1   1   1   1.6e-30   2.9e-29   97.8   0.1     8   176     2   161     1   162 0.98 -
d1cjwa_d.108.1.1     -            166 d1u6ma_d.108.1.1.aln -            177   5.8e-29   96.8   0.0   1   1   3.9e-30     7e-29   96.5   0.0     2   166     2   164     1   165 0.98 -
d1wwza1d.108.1.1     -            157 d1u6ma_d.108.1.1.aln -            177   6.2e-29   96.7   1.0   1   1     4e-30   7.2e-29   96.5   1.0     6   159     1   154     1   156 0.98 -
d2fiaa1d.108.1.1     -            157 d1u6ma_d.108.1.1.aln -            177   6.6e-29   96.6   1.2   1   1     4e-30   7.2e-29   96.5   1.2     6   170     1   156     1   157 0.98 -
d1qsma_d.108.1.1     -            150 d1u6ma_d.108.1.1.aln -            177     7e-29   96.5   0.0   1   1   4.3e-30   7.6e-29   96.4   0.0    14   157     4   149     1   150 0.97 -
d2gana1d.108.1.1     -            182 d1u6ma_d.108.1.1.aln -            177   7.2e-29   96.5   0.3   1   1   4.5e-30   8.1e-29   96.3   0.3     5   165     3   181     1   182 0.95 -
d1ghea_d.108.1.1     -            170 d1u6ma_d.108.1.1.aln -            177   1.5e-28   95.5   0.0   1   1   8.8e-30   1.6e-28   95.4   0.0     6   172     3   169     1   170 0.97 -
d2fcka1d.108.1.1     -            178 d1u6ma_d.108.1.1.aln -            177   2.1e-28   95.0   0.1   1   1   1.3e-29   2.3e-28   94.9   0.1     3   171     1   177     1   178 0.97 -
d1nsla_d.108.1.1     -            180 d1u6ma_d.108.1.1.aln -            177   1.5e-26   89.0   0.1   1   1     9e-28   1.6e-26   88.8   0.1     3   175     2   180     1   180 0.98 -
d2jdca1d.108.1.1     -            145 d1u6ma_d.108.1.1.aln -            177   2.2e-26   88.4   0.1   1   1   1.3e-27   2.4e-26   88.3   0.1     9   168     1   144     1   145 0.98 -
d1yk3a1d.108.1.1     -            198 d1u6ma_d.108.1.1.aln -            177   1.1e-25   86.1   0.0   1   1   7.2e-27   1.3e-25   85.9   0.0     2   167    22   197    21   198 0.98 -
d2fl4a1d.108.1.1     -            146 d1u6ma_d.108.1.1.aln -            177   1.4e-25   85.8   0.4   1   1   8.7e-27   1.6e-25   85.6   0.4    10   159     1   140     1   145 0.92 -
d1yx0a1d.108.1.1     -            151 d1u6ma_d.108.1.1.aln -            177   6.2e-25   83.7   0.0   1   1   3.8e-26   6.8e-25   83.6   0.0    12   167     1   150     1   151 0.98 -
d1bo4a_d.108.1.1     -            137 d1u6ma_d.108.1.1.aln -            177   9.2e-25   83.1   0.0   1   1   5.6e-26     1e-24   83.0   0.0     8   145     2   137     1   137 0.96 -
d1y9ka1d.108.1.1     -            152 d1u6ma_d.108.1.1.aln -            177   3.3e-24   81.3   0.0   1   1   2.1e-25   3.8e-24   81.1   0.0    13   167     2   147     1   151 0.96 -
d2fiwa1d.108.1.1     -            156 d1u6ma_d.108.1.1.aln -            177   1.1e-23   79.6   0.0   1   1   6.6e-25   1.2e-23   79.5   0.0     9   170     1   156     1   156 0.97 -
d2atra1d.108.1.1     -            137 d1u6ma_d.108.1.1.aln -            177   1.8e-23   78.9   0.1   1   1   1.1e-24     2e-23   78.8   0.1    18   162     3   136     1   137 0.97 -
d1n71a_d.108.1.1     -            180 d1u6ma_d.108.1.1.aln -            177     2e-23   78.8   0.0   1   1   1.2e-24   2.2e-23   78.6   0.0     5   174     2   180     1   180 0.95 -
d1xeba_d.108.1.1     -            149 d1u6ma_d.108.1.1.aln -            177   1.4e-22   76.1   0.5   1   1   8.2e-24   1.5e-22   76.0   0.5    10   161     2   144     1   149 0.97 -
d2pq8a_d.108.1.1     -            271 d1u6ma_d.108.1.1.aln -            177   2.2e-22   75.4   0.0   1   1   1.5e-23   2.7e-22   75.1   0.0     1   177    28   244    28   244 0.99 -
d1m4ia_d.108.1.1     -            181 d1u6ma_d.108.1.1.aln -            177   5.7e-22   74.0   0.0   1   1   3.5e-23   6.3e-22   73.9   0.0     9   171     1   181     1   181 0.91 -
d1q2ya_d.108.1.1     -            140 d1u6ma_d.108.1.1.aln -            177   1.4e-21   72.8   0.2   1   1   8.4e-23   1.5e-21   72.7   0.2    17   166     3   139     1   140 0.96 -
d1p0ha_d.108.1.1     -            308 d1u6ma_d.108.1.1.aln -            177   1.5e-21   72.6   0.0   1   3   5.2e-17   9.4e-16   53.8   0.0     2   177     2   199     1   199 0.98 -
d1p0ha_d.108.1.1     -            308 d1u6ma_d.108.1.1.aln -            177   1.5e-21   72.6   0.0   2   3    0.0041     0.073    8.6   0.0    83   107   224   248   200   251 0.81 -
d1p0ha_d.108.1.1     -            308 d1u6ma_d.108.1.1.aln -            177   1.5e-21   72.6   0.0   3   3     0.013      0.23    6.9   0.0   127   150   278   301   274   306 0.77 -
d2g3aa1d.108.1.1     -            137 d1u6ma_d.108.1.1.aln -            177   1.9e-21   72.3   0.0   1   1   1.2e-22   2.2e-21   72.1   0.0    42   168    23   137     2   137 0.86 -
d1boba_d.108.1.1     -            315 d1u6ma_d.108.1.1.aln -            177   1.5e-20   69.4   0.0   1   1   1.4e-21   2.5e-20   68.7   0.0     1   177     5   220     5   220 0.99 -
d2aj6a1d.108.1.1     -            118 d1u6ma_d.108.1.1.aln -            177   2.2e-20   68.9   0.0   1   1   1.3e-21   2.3e-20   68.8   0.0     9   127     2   116     1   118 0.96 -
d2fsra1d.108.1.1     -            164 d1u6ma_d.108.1.1.aln -            177   7.5e-20   67.1   0.0   1   1   4.5e-21   8.1e-20   67.0   0.0     7   166     3   163     1   164 0.94 -
d2p0wa_d.108.1.1     -            319 d1u6ma_d.108.1.1.aln -            177   8.5e-20   67.0   0.0   1   2   1.6e-20   2.9e-19   65.2   0.0     1   177     8   224     8   224 0.99 -
d2p0wa_d.108.1.1     -            319 d1u6ma_d.108.1.1.aln -            177   8.5e-20   67.0   0.0   2   2       2.1        37   -0.3   0.1   100   112   224   236   223   238 0.88 -
d1y7ra1d.108.1.1     -            133 d1u6ma_d.108.1.1.aln -            177   1.5e-19   66.1   0.0   1   1   9.1e-21   1.6e-19   66.0   0.0    11   159     2   132     1   133 0.97 -
d1r57a_d.108.1.1     -            102 d1u6ma_d.108.1.1.aln -            177   7.4e-15   50.9   0.1   1   1   6.5e-16   1.2e-14   50.2   0.1    27   155     3    97     1   102 0.89 -
d1u6ma_d.108.1.1     -            189 d1u6ma_d.108.1.1.aln -            177   7.1e-14   47.7   0.0   1   1     7e-15   1.3e-13   46.9   0.0    78   164   100   186    57   188 0.85 -
d1xmta_d.108.1.1     -             95 d1u6ma_d.108.1.1.aln -            177   1.9e-11   39.8   0.0   1   1   1.2e-12   2.2e-11   39.6   0.0    78   133    21    76     1    91 0.87 -
d2d4pa1d.108.1.1     -            130 d1u6ma_d.108.1.1.aln -            177   6.7e-10   34.7   0.1   1   1   4.8e-11   8.5e-10   34.4   0.1    12   151     1   120     1   129 0.94 -
#
# Program:         hmmsearch
# Version:         3.3.2 (Nov 2020)
# Pipeline mode:   SEARCH
# Query file:      /home/elise/Documents/M1-BIM/S2/TMEs/SBAS/tme08/models/scop30/d1u6ma_d.108.1.1.aln.hmm
# Target file:     /home/elise/Documents/M1-BIM/S2/TMEs/SBAS/tme08/scop/scop/scopTestSeq.fasta
# Option settings: hmmsearch --domtblout /home/elise/Documents/M1-BIM/S2/TMEs/SBAS/tme08/searchResults/scop30/d1u6ma_d.108.1.1.aln.out -E 1 /home/elise/Documents/M1-BIM/S2/TMEs/SBAS/tme08/models/scop30/d1u6ma_d.108.1.1.aln.hmm /home/elise/Documents/M1-BIM/S2/TMEs/SBAS/tme08/scop/scop/scopTestSeq.fasta 
# Current dir:     /home/elise/Documents/M1-BIM/S2/TMEs/SBAS/tme08
# Date:            Thu Apr 10 10:02:28 2025
# [ok]
