#                                                                            --- full sequence --- -------------- this domain -------------   hmm coord   ali coord   env coord
# target name        accession   tlen query name           accession   qlen   E-value  score  bias   #  of  c-Evalue  i-Evalue  score  bias  from    to  from    to  from    to  acc description of target
#------------------- ---------- ----- -------------------- ---------- ----- --------- ------ ----- --- --- --------- --------- ------ ----- ----- ----- ----- ----- ----- ----- ---- ---------------------
d1uoka2c.1.8.1       -            479 d1ua7a2c.1.8.1.aln   -            427  5.3e-117  386.8  18.3   1   1  1.5e-118    6e-117  386.6  18.3     8   425     2   478     1   479 0.99 -
d1g5aa2c.1.8.1       -            554 d1ua7a2c.1.8.1.aln   -            427    1e-113  376.0   4.2   1   1    3e-115  1.2e-113  375.8   4.2     2   426    42   553    41   554 0.99 -
d1wzaa2c.1.8.1       -            409 d1ua7a2c.1.8.1.aln   -            427  2.7e-113  374.6  15.6   1   1  7.8e-115  3.1e-113  374.4  15.6    11   425     1   408     1   409 0.99 -
d1h3ga3c.1.8.1       -            422 d1ua7a2c.1.8.1.aln   -            427  3.6e-111  367.6  10.4   1   1    1e-112    4e-111  367.5  10.4     7   427     4   422     1   422 0.99 -
d1ji1a3c.1.8.1       -            432 d1ua7a2c.1.8.1.aln   -            427  1.5e-109  362.3  23.8   1   1  4.3e-111  1.7e-109  362.1  23.8     5   427     1   432     1   432 0.98 -
d1bf2a3c.1.8.1       -            475 d1ua7a2c.1.8.1.aln   -            427    1e-107  356.2  22.9   1   1  1.2e-108  4.6e-107  354.1  22.9     2   426     4   472     3   473 0.99 -
d2bhua3c.1.8.1       -            420 d1ua7a2c.1.8.1.aln   -            427  7.4e-104  343.5   3.3   1   1  2.1e-105  8.3e-104  343.3   3.3     2   426     4   419     3   420 0.99 -
d3bmva4c.1.8.1       -            406 d1ua7a2c.1.8.1.aln   -            427  1.3e-101  336.1  16.1   1   1  3.6e-103  1.4e-101  336.0  16.1     3   426     3   406     1   406 0.98 -
d1gjwa2c.1.8.1       -            572 d1ua7a2c.1.8.1.aln   -            427  6.6e-100  330.5   0.0   1   1  1.9e-101  7.5e-100  330.3   0.0     2   426    71   571    70   572 0.99 -
d2guya2c.1.8.1       -            381 d1ua7a2c.1.8.1.aln   -            427  8.4e-100  330.2   9.4   1   1  2.6e-101     1e-99  329.9   9.4     8   419     2   370     1   376 0.98 -
d2fhfa5c.1.8.1       -            563 d1ua7a2c.1.8.1.aln   -            427   1.1e-91  303.4   2.0   1   1   3.6e-93   1.4e-91  303.0   2.0     1   426     8   562     8   563 0.99 -
d1m7xa3c.1.8.1       -            396 d1ua7a2c.1.8.1.aln   -            427   2.2e-90  299.1  16.1   1   1   6.3e-92   2.5e-90  299.0  16.1     2   426     4   392     3   393 0.99 -
d1e43a2c.1.8.1       -            393 d1ua7a2c.1.8.1.aln   -            427   1.4e-89  296.5  16.0   1   1   3.9e-91   1.5e-89  296.3  16.0    14   420     2   393     1   393 0.98 -
d1ht6a2c.1.8.1       -            347 d1ua7a2c.1.8.1.aln   -            427   5.2e-89  294.6   6.8   1   1   1.6e-90   6.2e-89  294.3   6.8    14   376     1   329     1   346 0.97 -
d1r7aa2c.1.8.1       -            434 d1ua7a2c.1.8.1.aln   -            427   1.6e-88  293.0   0.4   1   1   4.5e-90   1.8e-88  292.9   0.4     2   426     4   431     3   432 0.99 -
d1wdpa_c.1.8.1       -            493 d1ua7a2c.1.8.1.aln   -            427   3.1e-87  288.8   0.4   1   1   8.8e-89   3.5e-87  288.6   0.4     7   426     2   490     1   491 0.98 -
d1vema2c.1.8.1       -            417 d1ua7a2c.1.8.1.aln   -            427     2e-86  286.1   8.2   1   1   5.8e-88   2.3e-86  285.9   8.2     8   425     2   415     1   417 0.99 -
d1x1na1c.1.8.1       -            523 d1ua7a2c.1.8.1.aln   -            427   3.3e-85  282.1   0.0   1   1   9.3e-87   3.7e-85  281.9   0.0     3   425    28   521    26   523 0.99 -
d1kwga2c.1.8.1       -            393 d1ua7a2c.1.8.1.aln   -            427   3.2e-80  265.6   0.0   1   1   9.1e-82   3.6e-80  265.5   0.0    11   426     1   392     1   393 0.99 -
d1ua7a2c.1.8.1       -            344 d1ua7a2c.1.8.1.aln   -            427   1.2e-14   49.6   9.8   1   1   1.4e-15   5.4e-14   47.4   9.8    41   283    19   252     9   337 0.82 -
#
# Program:         hmmsearch
# Version:         3.3.2 (Nov 2020)
# Pipeline mode:   SEARCH
# Query file:      /home/elise/Documents/M1-BIM/S2/TMEs/SBAS/tme08/models/scop30/d1ua7a2c.1.8.1.aln.hmm
# Target file:     /home/elise/Documents/M1-BIM/S2/TMEs/SBAS/tme08/scop/scop/scopTestSeq.fasta
# Option settings: hmmsearch --domtblout /home/elise/Documents/M1-BIM/S2/TMEs/SBAS/tme08/searchResults/scop30/d1ua7a2c.1.8.1.aln.out -E 1 /home/elise/Documents/M1-BIM/S2/TMEs/SBAS/tme08/models/scop30/d1ua7a2c.1.8.1.aln.hmm /home/elise/Documents/M1-BIM/S2/TMEs/SBAS/tme08/scop/scop/scopTestSeq.fasta 
# Current dir:     /home/elise/Documents/M1-BIM/S2/TMEs/SBAS/tme08
# Date:            Thu Apr 10 10:02:28 2025
# [ok]
