#                                                                            --- full sequence --- -------------- this domain -------------   hmm coord   ali coord   env coord
# target name        accession   tlen query name           accession   qlen   E-value  score  bias   #  of  c-Evalue  i-Evalue  score  bias  from    to  from    to  from    to  acc description of target
#------------------- ---------- ----- -------------------- ---------- ----- --------- ------ ----- --- --- --------- --------- ------ ----- ----- ----- ----- ----- ----- ----- ---- ---------------------
d1jt8a_b.40.4.5      -            102 d1ueba3b.40.4.5.aln  -             91   1.2e-15   52.8   0.4   1   1     6e-17   1.3e-15   52.7   0.4     2    90     3    93     2    94 0.98 -
d2je6i1b.40.4.5      -             87 d1ueba3b.40.4.5.aln  -             91   6.8e-15   50.3   0.5   1   1   3.5e-16   7.5e-15   50.2   0.5     1    88     1    87     1    87 0.97 -
d1luza_b.40.4.5      -             85 d1ueba3b.40.4.5.aln  -             91   1.7e-14   49.1   0.4   1   1   8.4e-16   1.8e-14   49.0   0.4     1    87     2    85     2    85 0.97 -
d2ja9a1b.40.4.5      -             90 d1ueba3b.40.4.5.aln  -             91   1.1e-13   46.5   0.0   1   1   5.7e-15   1.2e-13   46.4   0.0     2    90     2    86     1    87 0.95 -
d2nn6i1b.40.4.5      -            125 d1ueba3b.40.4.5.aln  -             91   1.2e-13   46.4   0.0   1   1   6.4e-15   1.4e-13   46.2   0.0     2    90     2    96     1    97 0.96 -
d3bzka4b.40.4.5      -             94 d1ueba3b.40.4.5.aln  -             91   1.5e-13   46.1   0.8   1   1   8.1e-15   1.7e-13   45.9   0.8     3    78    14    85    12    91 0.93 -
d2nn6h1b.40.4.5      -             95 d1ueba3b.40.4.5.aln  -             91   3.5e-13   44.9   0.0   1   1   1.9e-14     4e-13   44.7   0.0     2    87     3    94     2    95 0.97 -
d1kl9a2b.40.4.5      -             86 d1ueba3b.40.4.5.aln  -             91   3.8e-13   44.8   1.2   1   1     2e-14   4.2e-13   44.7   1.2     2    81     8    85     7    86 0.97 -
d1y14b1b.40.4.5      -             91 d1ueba3b.40.4.5.aln  -             91     5e-13   44.4   0.0   1   1   2.5e-14   5.4e-13   44.3   0.0     5    88     1    89     1    91 0.97 -
d1go3e1b.40.4.5      -            106 d1ueba3b.40.4.5.aln  -             91   9.6e-13   43.5   0.6   1   1   5.5e-14   1.2e-12   43.2   0.6     5    90     1    92     1    93 0.97 -
d1wi5a_b.40.4.5      -            119 d1ueba3b.40.4.5.aln  -             91     5e-12   41.2   0.0   1   1   2.6e-13   5.5e-12   41.1   0.0     2    88     7   100     6   103 0.91 -
d2uubq1b.40.4.5      -            100 d1ueba3b.40.4.5.aln  -             91     5e-12   41.2   2.1   1   1   2.8e-13   5.9e-12   41.0   2.1    11    89     6    83     1    85 0.95 -
d1d7qa_b.40.4.5      -            143 d1ueba3b.40.4.5.aln  -             91   6.5e-12   40.9   0.1   1   1   3.1e-13   6.5e-12   40.9   0.1     3    89    10   103     8   105 0.96 -
d1wfqa_b.40.4.5      -             89 d1ueba3b.40.4.5.aln  -             91   6.5e-12   40.9   0.0   1   1   3.2e-13   6.9e-12   40.8   0.0     5    88     4    88     1    89 0.95 -
d2ix0a3b.40.4.5      -             87 d1ueba3b.40.4.5.aln  -             91   1.3e-11   40.0   0.1   1   1   6.3e-13   1.3e-11   39.9   0.1     7    88     3    86     1    87 0.96 -
d1smxa_b.40.4.5      -             87 d1ueba3b.40.4.5.aln  -             91   2.4e-11   39.1   0.0   1   1   1.2e-12   2.6e-11   39.0   0.0    10    86     3    86     1    87 0.97 -
d2ix0a1b.40.4.5      -             90 d1ueba3b.40.4.5.aln  -             91     3e-11   38.8   0.0   1   1   1.5e-12   3.2e-11   38.7   0.0     5    90     2    89     1    90 0.97 -
d2vnud1b.40.4.5      -             95 d1ueba3b.40.4.5.aln  -             91   3.4e-10   35.4   0.0   1   1   1.8e-11   3.7e-10   35.3   0.0     1    88     1    95     1    95 0.98 -
d1e3pa2b.40.4.5      -             62 d1ueba3b.40.4.5.aln  -             91   5.1e-10   34.9   0.2   1   1   2.5e-11   5.4e-10   34.8   0.2    13    73     1    61     1    62 0.96 -
d1hh2p1b.40.4.5      -             72 d1ueba3b.40.4.5.aln  -             91   1.9e-09   33.0   0.2   1   1   9.6e-11     2e-09   32.9   0.2    14    81     6    71     2    72 0.91 -
d2vnud2b.40.4.5      -             88 d1ueba3b.40.4.5.aln  -             91   2.4e-09   32.7   0.5   1   1   1.3e-10   2.8e-09   32.5   0.5     3    77     3    84     1    87 0.95 -
d1khia2b.40.4.5      -             71 d1ueba3b.40.4.5.aln  -             91   3.9e-09   32.0   0.2   1   1   1.9e-10   4.2e-09   32.0   0.2     2    71     1    68     1    71 0.96 -
d1t9ha1b.40.4.5      -             67 d1ueba3b.40.4.5.aln  -             91   5.8e-09   31.5   0.2   1   1   3.2e-10   6.7e-09   31.3   0.2    10    78     1    64     1    66 0.94 -
d2vnud3b.40.4.5      -            148 d1ueba3b.40.4.5.aln  -             91   1.2e-08   30.5   0.0   1   1   7.8e-10   1.7e-08   30.1   0.0     2    89    27   121    26   123 0.97 -
d1a62a2b.40.4.5      -             78 d1ueba3b.40.4.5.aln  -             91   1.7e-08   30.0   0.0   1   1   8.3e-10   1.8e-08   30.0   0.0    10    87     2    75     1    78 0.93 -
d2uubl1b.40.4.5      -            118 d1ueba3b.40.4.5.aln  -             91   1.9e-08   29.9   1.4   1   1     1e-09   2.2e-08   29.7   1.4     2    90    12   107    11   108 0.96 -
d1jjga_b.40.4.5      -            102 d1ueba3b.40.4.5.aln  -             91     3e-08   29.2   0.3   1   1   1.6e-09   3.4e-08   29.1   0.3     1    87     8   101     8   102 0.98 -
d1bkba2b.40.4.5      -             65 d1ueba3b.40.4.5.aln  -             91     3e-08   29.2   0.3   1   1   1.5e-09   3.2e-08   29.2   0.3    10    77     2    64     1    65 0.93 -
d1x6oa2b.40.4.5      -             79 d1ueba3b.40.4.5.aln  -             91   1.2e-07   27.3   0.0   1   1   5.7e-09   1.2e-07   27.3   0.0     6    77     2    73     1    79 0.94 -
d1u0la1b.40.4.5      -             66 d1ueba3b.40.4.5.aln  -             91   1.2e-07   27.3   0.3   1   1   5.7e-09   1.2e-07   27.3   0.3    14    79     4    64     1    66 0.91 -
d2asba1b.40.4.5      -             76 d1ueba3b.40.4.5.aln  -             91   1.5e-07   27.0   0.2   1   1   7.9e-09   1.7e-07   26.9   0.2    12    81     4    75     1    76 0.94 -
d2ix0a2b.40.4.5      -             79 d1ueba3b.40.4.5.aln  -             91   4.1e-07   25.6   0.0   1   1   2.1e-08   4.4e-07   25.5   0.0    11    81     6    76     1    78 0.93 -
d1ne3a_b.40.4.5      -             68 d1ueba3b.40.4.5.aln  -             91   9.6e-07   24.5   0.1   1   1   4.5e-08   9.6e-07   24.5   0.1     8    73     3    64     1    68 0.88 -
d3i4oa_b.40.4.5      -             68 d1ueba3b.40.4.5.aln  -             91   6.3e-06   21.9   0.2   1   1   3.1e-07   6.6e-06   21.8   0.2    11    80     3    67     1    68 0.94 -
d1c9oa_b.40.4.5      -             66 d1ueba3b.40.4.5.aln  -             91   1.4e-05   20.8   0.0   1   1   6.7e-07   1.4e-05   20.7   0.0    11    78     4    63     1    66 0.90 -
d1rl2a2b.40.4.5      -             66 d1ueba3b.40.4.5.aln  -             91   2.8e-05   19.8   0.1   1   1   1.4e-06   2.9e-05   19.8   0.1     7    77     1    65     1    66 0.95 -
d1ueba2b.40.4.5      -             63 d1ueba3b.40.4.5.aln  -             91   2.9e-05   19.8   0.0   1   1   1.4e-06   2.9e-05   19.7   0.0    10    71     2    61     1    63 0.94 -
#
# Program:         hmmsearch
# Version:         3.3.2 (Nov 2020)
# Pipeline mode:   SEARCH
# Query file:      /home/elise/Documents/M1-BIM/S2/TMEs/SBAS/tme08/models/scop30/d1ueba3b.40.4.5.aln.hmm
# Target file:     /home/elise/Documents/M1-BIM/S2/TMEs/SBAS/tme08/scop/scop/scopTestSeq.fasta
# Option settings: hmmsearch --domtblout /home/elise/Documents/M1-BIM/S2/TMEs/SBAS/tme08/searchResults/scop30/d1ueba3b.40.4.5.aln.out -E 1 /home/elise/Documents/M1-BIM/S2/TMEs/SBAS/tme08/models/scop30/d1ueba3b.40.4.5.aln.hmm /home/elise/Documents/M1-BIM/S2/TMEs/SBAS/tme08/scop/scop/scopTestSeq.fasta 
# Current dir:     /home/elise/Documents/M1-BIM/S2/TMEs/SBAS/tme08
# Date:            Thu Apr 10 10:02:28 2025
# [ok]
