#                                                                            --- full sequence --- -------------- this domain -------------   hmm coord   ali coord   env coord
# target name        accession   tlen query name           accession   qlen   E-value  score  bias   #  of  c-Evalue  i-Evalue  score  bias  from    to  from    to  from    to  acc description of target
#------------------- ---------- ----- -------------------- ---------- ----- --------- ------ ----- --- --- --------- --------- ------ ----- ----- ----- ----- ----- ----- ----- ---- ---------------------
d1ji1a1b.1.18.2      -            122 d1ulva2b.1.18.2.aln  -            108   2.7e-26   87.3   3.6   1   1   7.1e-28   3.1e-26   87.1   3.6     2   107    11   116    10   117 0.97 -
d1j0ha1b.1.18.2      -            123 d1ulva2b.1.18.2.aln  -            108   1.9e-25   84.6   0.0   1   1   4.8e-27   2.1e-25   84.4   0.0     1   107     5   111     5   112 0.98 -
d2fhfa1b.1.18.2      -            115 d1ulva2b.1.18.2.aln  -            108   2.3e-25   84.3   2.0   1   1   5.7e-27   2.5e-25   84.2   2.0     1   107     5   111     5   112 0.96 -
d1ut9a2b.1.18.2      -             98 d1ulva2b.1.18.2.aln  -            108   1.4e-24   81.8   0.2   1   1   3.3e-26   1.5e-24   81.7   0.2     8   107     2    97     1    98 0.97 -
d1m7xa1b.1.18.2      -            110 d1ulva2b.1.18.2.aln  -            108   1.5e-23   78.5   0.0   1   1   3.6e-25   1.6e-23   78.4   0.0     2   100     9   106     8   110 0.96 -
d1txka1b.1.18.2      -            115 d1ulva2b.1.18.2.aln  -            108   2.1e-23   78.0   1.8   1   1   5.3e-25   2.3e-23   77.9   1.8     1   107     4   110     4   111 0.99 -
d2fhfa2b.1.18.2      -            125 d1ulva2b.1.18.2.aln  -            108   3.8e-23   77.2   0.1   1   1   9.8e-25   4.3e-23   77.0   0.1     2   106     8   112     7   114 0.97 -
d1bf2a1b.1.18.2      -            162 d1ulva2b.1.18.2.aln  -            108   3.2e-22   74.2   5.4   1   1     1e-23   4.4e-22   73.8   5.4     3   108    43   148    41   148 0.98 -
d1w8oa1b.1.18.2      -            103 d1ulva2b.1.18.2.aln  -            108   3.9e-21   70.7   1.6   1   1   9.5e-23   4.1e-21   70.6   1.6     2   105     2   100     1   103 0.97 -
d1edqa1b.1.18.2      -            109 d1ulva2b.1.18.2.aln  -            108   1.1e-20   69.3   3.4   1   1   2.7e-22   1.2e-20   69.2   3.4     1   107     1   107     1   108 0.98 -
d1k3ia1b.1.18.2      -            102 d1ulva2b.1.18.2.aln  -            108   1.1e-19   66.1   1.7   1   1   2.7e-21   1.2e-19   66.0   1.7     4   104     2   102     1   102 0.98 -
d1qbaa1b.1.18.2      -            105 d1ulva2b.1.18.2.aln  -            108   1.6e-19   65.5   0.0   1   1     4e-21   1.7e-19   65.4   0.0     4   106     2   104     1   105 0.97 -
d1h3ga1b.1.18.2      -             93 d1ulva2b.1.18.2.aln  -            108   5.5e-17   57.4   0.0   1   1   1.3e-18   5.9e-17   57.3   0.0     5   101     1    91     1    93 0.96 -
d2bhua1b.1.18.2      -             97 d1ulva2b.1.18.2.aln  -            108     2e-16   55.6   0.1   1   1   4.9e-18   2.1e-16   55.5   0.1     5   104     1    96     1    97 0.98 -
d1clca2b.1.18.2      -            100 d1ulva2b.1.18.2.aln  -            108   2.4e-16   55.4   0.1   1   1     6e-18   2.6e-16   55.2   0.1     1   102     8   100     8   100 0.97 -
d2bvya1b.1.18.2      -             94 d1ulva2b.1.18.2.aln  -            108   9.3e-16   53.5   9.1   1   1   2.3e-17     1e-15   53.4   9.1     3   102     1    94     1    94 0.97 -
d3bmva1b.1.18.2      -             83 d1ulva2b.1.18.2.aln  -            108   7.9e-13   44.1   2.4   1   1   1.9e-14   8.5e-13   44.0   2.4    15   102     1    83     1    83 0.97 -
d1f1sa2b.1.18.2      -             78 d1ulva2b.1.18.2.aln  -            108   1.6e-10   36.7   0.6   1   1   3.9e-12   1.7e-10   36.6   0.6    16    99     2    78     1    78 0.97 -
#
# Program:         hmmsearch
# Version:         3.3.2 (Nov 2020)
# Pipeline mode:   SEARCH
# Query file:      /home/elise/Documents/M1-BIM/S2/TMEs/SBAS/tme08/models/scop30/d1ulva2b.1.18.2.aln.hmm
# Target file:     /home/elise/Documents/M1-BIM/S2/TMEs/SBAS/tme08/scop/scop/scopTestSeq.fasta
# Option settings: hmmsearch --domtblout /home/elise/Documents/M1-BIM/S2/TMEs/SBAS/tme08/searchResults/scop30/d1ulva2b.1.18.2.aln.out -E 1 /home/elise/Documents/M1-BIM/S2/TMEs/SBAS/tme08/models/scop30/d1ulva2b.1.18.2.aln.hmm /home/elise/Documents/M1-BIM/S2/TMEs/SBAS/tme08/scop/scop/scopTestSeq.fasta 
# Current dir:     /home/elise/Documents/M1-BIM/S2/TMEs/SBAS/tme08
# Date:            Thu Apr 10 10:02:28 2025
# [ok]
