#                                                                            --- full sequence --- -------------- this domain -------------   hmm coord   ali coord   env coord
# target name        accession   tlen query name           accession   qlen   E-value  score  bias   #  of  c-Evalue  i-Evalue  score  bias  from    to  from    to  from    to  acc description of target
#------------------- ---------- ----- -------------------- ---------- ----- --------- ------ ----- --- --- --------- --------- ------ ----- ----- ----- ----- ----- ----- ----- ---- ---------------------
d1eu8a_c.94.1.1      -            407 d1us5a_c.94.1.1.aln  -            365   2.2e-79  262.7   7.1   1   1   9.5e-81   2.5e-79  262.5   7.1     1   364    18   396    18   397 1.00 -
d3vlva_c.94.1.1      -            490 d1us5a_c.94.1.1.aln  -            365   3.2e-79  262.1   8.5   1   1   1.5e-80     4e-79  261.8   8.5     1   365    82   467    82   467 1.00 -
d1uqwa_c.94.1.1      -            487 d1us5a_c.94.1.1.aln  -            365     2e-77  256.3  12.5   1   1   8.9e-79   2.4e-77  256.0  12.5     1   364    84   468    84   469 0.99 -
d1jeta_c.94.1.1      -            517 d1us5a_c.94.1.1.aln  -            365   2.3e-74  246.2  12.9   1   1   1.1e-75   2.8e-74  245.9  12.9     1   365    93   482    93   482 0.99 -
d1vr5a1c.94.1.1      -            535 d1us5a_c.94.1.1.aln  -            365   7.1e-74  244.6   5.7   1   2       9.5   2.5e+02   -3.5   0.0   192   221    25    54     9    55 0.87 -
d1vr5a1c.94.1.1      -            535 d1us5a_c.94.1.1.aln  -            365   7.1e-74  244.6   5.7   2   2   2.7e-75   7.1e-74  244.6   5.7     1   364    86   485    86   486 1.00 -
d2nooa_c.94.1.1      -            496 d1us5a_c.94.1.1.aln  -            365   9.3e-74  244.2   1.3   1   1   4.5e-75   1.2e-73  243.9   1.3     2   364    82   463    81   464 0.99 -
d3thia_c.94.1.1      -            362 d1us5a_c.94.1.1.aln  -            365   9.1e-73  241.0   0.4   1   1   3.8e-74     1e-72  240.8   0.4     2   357     2   360     1   362 0.99 -
d1ursa_c.94.1.1      -            367 d1us5a_c.94.1.1.aln  -            365   2.8e-70  232.8   8.6   1   1   1.2e-71   3.2e-70  232.6   8.6     2   365    16   361    15   361 0.99 -
d1xoca1c.94.1.1      -            504 d1us5a_c.94.1.1.aln  -            365   3.3e-69  229.3  17.9   1   1   1.5e-70   3.9e-69  229.0  17.9     1   364    87   469    87   470 0.99 -
d1q35a_c.94.1.1      -            318 d1us5a_c.94.1.1.aln  -            365   5.3e-54  179.3   2.2   1   1   2.2e-55   5.9e-54  179.2   2.2    44   358     1   318     1   318 0.99 -
d1sbpa_c.94.1.1      -            309 d1us5a_c.94.1.1.aln  -            365   6.6e-54  179.0   8.5   1   1   2.8e-55   7.4e-54  178.9   8.5    46   355     2   309     1   309 0.99 -
d1pb7a_c.94.1.1      -            289 d1us5a_c.94.1.1.aln  -            365   4.2e-51  169.8   0.0   1   1   1.8e-52   4.7e-51  169.7   0.0    46   340     2   288     1   289 0.99 -
d1r9la_c.94.1.1      -            309 d1us5a_c.94.1.1.aln  -            365   1.2e-50  168.3   8.9   1   1     5e-52   1.3e-50  168.2   8.9    66   364    10   308     1   309 0.98 -
d1nnfa_c.94.1.1      -            308 d1us5a_c.94.1.1.aln  -            365   3.6e-50  166.8  11.7   1   1   1.5e-51     4e-50  166.6  11.7    46   351     1   307     1   308 0.99 -
d1ixha_c.94.1.1      -            321 d1us5a_c.94.1.1.aln  -            365   1.7e-49  164.5   9.4   1   1   7.3e-51   1.9e-49  164.4   9.4    44   353     2   321     1   321 0.99 -
d2nxoa1c.94.1.1      -            277 d1us5a_c.94.1.1.aln  -            365   3.3e-41  137.3   0.0   1   1   1.4e-42   3.6e-41  137.2   0.0    81   352     3   275     1   277 0.98 -
d1xt8a1c.94.1.1      -            248 d1us5a_c.94.1.1.aln  -            365   6.4e-35  116.7   3.4   1   1   2.7e-36   7.1e-35  116.5   3.4    78   334     3   247     1   248 0.98 -
d1sw5a_c.94.1.1      -            270 d1us5a_c.94.1.1.aln  -            365   5.3e-33  110.4   4.2   1   1   2.2e-34   5.8e-33  110.3   4.2    80   342     4   267     1   270 0.98 -
d1twya_c.94.1.1      -            249 d1us5a_c.94.1.1.aln  -            365   5.9e-32  107.0   0.0   1   1   2.6e-33   6.8e-32  106.7   0.0    88   344     5   247     1   248 0.97 -
d2i6ea1c.94.1.1      -            272 d1us5a_c.94.1.1.aln  -            365   1.2e-30  102.6   0.0   1   1   5.4e-32   1.4e-30  102.4   0.0    82   342     3   268     1   271 0.98 -
d1al3a_c.94.1.1      -            237 d1us5a_c.94.1.1.aln  -            365   1.6e-30  102.3   0.0   1   1   6.5e-32   1.7e-30  102.1   0.0    81   329     2   236     1   237 0.98 -
d2czla1c.94.1.1      -            270 d1us5a_c.94.1.1.aln  -            365   4.3e-30  100.8   0.0   1   1   1.8e-31   4.7e-30  100.7   0.0    82   353     3   268     1   270 0.97 -
d1ii5a_c.94.1.1      -            226 d1us5a_c.94.1.1.aln  -            365   1.2e-26   89.6   0.1   1   1   4.9e-28   1.3e-26   89.4   0.1    84   325     3   224     1   226 0.98 -
d1atga_c.94.1.1      -            231 d1us5a_c.94.1.1.aln  -            365   1.3e-25   86.1   1.7   1   1   5.5e-27   1.4e-25   86.0   1.7    84   327     3   227     1   231 0.97 -
d2ozza1c.94.1.1      -            228 d1us5a_c.94.1.1.aln  -            365   4.6e-22   74.5   0.0   1   1   2.1e-23   5.5e-22   74.2   0.0    83   333     2   227     1   227 0.98 -
d1i6aa_c.94.1.1      -            212 d1us5a_c.94.1.1.aln  -            365   4.1e-21   71.3   0.0   1   1   1.7e-22   4.5e-21   71.2   0.0    84   319     4   212     1   212 0.96 -
d1ixca2c.94.1.1      -            205 d1us5a_c.94.1.1.aln  -            365   4.9e-18   61.2   0.0   1   1   2.3e-19   5.9e-18   61.0   0.0    87   261     4   174     1   180 0.96 -
d2qmwa1c.94.1.1      -            184 d1us5a_c.94.1.1.aln  -            365   6.3e-18   60.9   0.1   1   1   1.6e-18   4.1e-17   58.2   0.1    97   322     2   183     1   184 0.98 -
d2esna2c.94.1.1      -            212 d1us5a_c.94.1.1.aln  -            365     2e-14   49.4   0.0   1   1   8.2e-16   2.2e-14   49.3   0.0    84   323     4   210     1   212 0.97 -
d1ve4a1c.94.1.1      -            206 d1us5a_c.94.1.1.aln  -            365   1.2e-12   43.5   0.0   1   1   5.4e-14   1.4e-12   43.3   0.0    83   262     5   184     1   198 0.92 -
#
# Program:         hmmsearch
# Version:         3.3.2 (Nov 2020)
# Pipeline mode:   SEARCH
# Query file:      /home/elise/Documents/M1-BIM/S2/TMEs/SBAS/tme08/models/scop30/d1us5a_c.94.1.1.aln.hmm
# Target file:     /home/elise/Documents/M1-BIM/S2/TMEs/SBAS/tme08/scop/scop/scopTestSeq.fasta
# Option settings: hmmsearch --domtblout /home/elise/Documents/M1-BIM/S2/TMEs/SBAS/tme08/searchResults/scop30/d1us5a_c.94.1.1.aln.out -E 1 /home/elise/Documents/M1-BIM/S2/TMEs/SBAS/tme08/models/scop30/d1us5a_c.94.1.1.aln.hmm /home/elise/Documents/M1-BIM/S2/TMEs/SBAS/tme08/scop/scop/scopTestSeq.fasta 
# Current dir:     /home/elise/Documents/M1-BIM/S2/TMEs/SBAS/tme08
# Date:            Thu Apr 10 10:02:29 2025
# [ok]
