#                                                                            --- full sequence --- -------------- this domain -------------   hmm coord   ali coord   env coord
# target name        accession   tlen query name           accession   qlen   E-value  score  bias   #  of  c-Evalue  i-Evalue  score  bias  from    to  from    to  from    to  acc description of target
#------------------- ---------- ----- -------------------- ---------- ----- --------- ------ ----- --- --- --------- --------- ------ ----- ----- ----- ----- ----- ----- ----- ---- ---------------------
d1wu7a2d.104.1.1     -            327 d1usya_d.104.1.1.aln -            304   1.1e-81  269.9   0.2   1   1   2.2e-83   1.2e-81  269.7   0.2     2   304     4   308     3   308 0.99 -
d1b8aa2d.104.1.1     -            335 d1usya_d.104.1.1.aln -            304   1.7e-79  262.7   5.4   1   1   3.3e-81   1.8e-79  262.5   5.4     2   294    20   334    19   335 0.99 -
d1h4vb2d.104.1.1     -            324 d1usya_d.104.1.1.aln -            304   5.8e-79  260.9   6.7   1   1   1.2e-80   6.6e-79  260.7   6.7     2   304     2   304     1   304 0.99 -
d1atia2d.104.1.1     -            394 d1usya_d.104.1.1.aln -            304   1.3e-78  259.8   6.6   1   1   2.6e-80   1.4e-78  259.6   6.6     3   304    41   376    39   376 0.99 -
d1z7ma1d.104.1.1     -            318 d1usya_d.104.1.1.aln -            304   3.6e-77  255.0   0.2   1   1   7.1e-79     4e-77  254.9   0.2     2   304     1   302     1   302 1.00 -
d12asa_d.104.1.1     -            327 d1usya_d.104.1.1.aln -            304   3.2e-76  251.9   0.1   1   1   6.3e-78   3.6e-76  251.8   0.1     1   304     5   312     5   312 0.99 -
d1qf6a4d.104.1.1     -            291 d1usya_d.104.1.1.aln -            304   2.2e-75  249.2   0.2   1   1   4.4e-77   2.5e-75  249.0   0.2     2   288    13   290    12   291 0.99 -
d1nnha_d.104.1.1     -            293 d1usya_d.104.1.1.aln -            304   2.2e-75  249.1   1.9   1   1   4.4e-77   2.5e-75  249.0   1.9     4   295     2   292     1   293 0.99 -
d1seta2d.104.1.1     -            311 d1usya_d.104.1.1.aln -            304   8.7e-75  247.2   1.8   1   1   1.7e-76   9.7e-75  247.0   1.8     2   304    10   311     9   311 0.99 -
d1g5ha2d.104.1.1     -            290 d1usya_d.104.1.1.aln -            304   2.5e-70  232.6   0.0   1   1   4.9e-72   2.8e-70  232.4   0.0     2   304     2   288     1   288 0.99 -
d1j5wa_d.104.1.1     -            281 d1usya_d.104.1.1.aln -            304   1.4e-67  223.6   1.5   1   1   2.7e-69   1.5e-67  223.4   1.5     2   292     1   281     1   281 0.99 -
d1hc7a2d.104.1.1     -            272 d1usya_d.104.1.1.aln -            304   4.2e-67  222.0   4.0   1   1   8.2e-69   4.6e-67  221.8   4.0     4   284     3   271     1   272 0.99 -
d1yfsa2d.104.1.1     -            236 d1usya_d.104.1.1.aln -            304   1.6e-56  187.3   0.1   1   1     4e-58   2.3e-56  186.7   0.1    18   281     3   236     1   236 0.99 -
d1jjcb5d.104.1.1     -            207 d1usya_d.104.1.1.aln -            304   1.2e-45  151.6   3.4   1   1   2.2e-47   1.3e-45  151.4   3.4     4   212     2   205     1   207 0.98 -
#
# Program:         hmmsearch
# Version:         3.3.2 (Nov 2020)
# Pipeline mode:   SEARCH
# Query file:      /home/elise/Documents/M1-BIM/S2/TMEs/SBAS/tme08/models/scop30/d1usya_d.104.1.1.aln.hmm
# Target file:     /home/elise/Documents/M1-BIM/S2/TMEs/SBAS/tme08/scop/scop/scopTestSeq.fasta
# Option settings: hmmsearch --domtblout /home/elise/Documents/M1-BIM/S2/TMEs/SBAS/tme08/searchResults/scop30/d1usya_d.104.1.1.aln.out -E 1 /home/elise/Documents/M1-BIM/S2/TMEs/SBAS/tme08/models/scop30/d1usya_d.104.1.1.aln.hmm /home/elise/Documents/M1-BIM/S2/TMEs/SBAS/tme08/scop/scop/scopTestSeq.fasta 
# Current dir:     /home/elise/Documents/M1-BIM/S2/TMEs/SBAS/tme08
# Date:            Thu Apr 10 10:02:29 2025
# [ok]
