#                                                                            --- full sequence --- -------------- this domain -------------   hmm coord   ali coord   env coord
# target name        accession   tlen query name           accession   qlen   E-value  score  bias   #  of  c-Evalue  i-Evalue  score  bias  from    to  from    to  from    to  acc description of target
#------------------- ---------- ----- -------------------- ---------- ----- --------- ------ ----- --- --- --------- --------- ------ ----- ----- ----- ----- ----- ----- ----- ---- ---------------------
d1edga_c.1.8.3       -            380 d1uuqa_c.1.8.3.aln   -            333   2.1e-73  242.9  18.2   1   1   6.7e-75   2.4e-73  242.7  18.2     1   332    11   378    11   379 0.99 -
d1qnra_c.1.8.3       -            344 d1uuqa_c.1.8.3.aln   -            333   2.8e-73  242.5  23.8   1   1   8.7e-75   3.1e-73  242.4  23.8     1   332     6   343     6   344 0.99 -
d1ecea_c.1.8.3       -            358 d1uuqa_c.1.8.3.aln   -            333   3.1e-71  235.8  18.2   1   1   9.5e-73   3.4e-71  235.7  18.2     1   332     5   354     5   355 0.99 -
d1qw9a2c.1.8.3       -            367 d1uuqa_c.1.8.3.aln   -            333   6.9e-71  234.7   2.1   1   1   2.3e-72   8.1e-71  234.4   2.1     2   332     5   365     4   366 0.99 -
d1ceoa_c.1.8.3       -            340 d1uuqa_c.1.8.3.aln   -            333   4.1e-69  228.8   1.7   1   1   1.3e-70   4.6e-69  228.7   1.7     1   332     1   338     1   339 0.99 -
d2je8a5c.1.8.3       -            348 d1uuqa_c.1.8.3.aln   -            333   8.6e-69  227.8   5.6   1   1   2.7e-70   9.6e-69  227.6   5.6     1   331     2   347     2   348 0.99 -
d1rh9a1c.1.8.3       -            370 d1uuqa_c.1.8.3.aln   -            333   2.1e-68  226.5  10.4   1   1   6.4e-70   2.3e-68  226.4  10.4     1   328     5   358     5   363 0.99 -
d1vjza_c.1.8.3       -            325 d1uuqa_c.1.8.3.aln   -            333   1.7e-65  217.0   0.7   1   1   5.2e-67   1.9e-65  216.8   0.7     8   331     1   321     1   323 0.99 -
d1ur4a_c.1.8.3       -            387 d1uuqa_c.1.8.3.aln   -            333   1.4e-64  214.0  10.5   1   1   5.1e-66   1.8e-64  213.5  10.5     7   332     3   380     1   381 0.99 -
d3n9ka_c.1.8.3       -            394 d1uuqa_c.1.8.3.aln   -            333   4.3e-64  212.3  21.6   1   1   1.3e-65   4.8e-64  212.2  21.6     3   333    16   394    14   394 0.99 -
d1w91a2c.1.8.3       -            347 d1uuqa_c.1.8.3.aln   -            333   3.3e-63  209.4   0.0   1   1     1e-64   3.7e-63  209.3   0.0     2   333     2   342     1   342 0.99 -
d2vzsa5c.1.8.3       -            339 d1uuqa_c.1.8.3.aln   -            333   1.4e-62  207.3   1.9   1   1   4.5e-64   1.6e-62  207.2   1.9     1   330     1   338     1   339 0.99 -
d2nt0a2c.1.8.3       -            354 d1uuqa_c.1.8.3.aln   -            333   3.9e-62  205.9   0.1   1   1   1.2e-63   4.3e-62  205.8   0.1     8   332     2   351     1   352 0.98 -
d1h1na_c.1.8.3       -            305 d1uuqa_c.1.8.3.aln   -            333   7.7e-61  201.6  15.0   1   1   2.4e-62   8.6e-61  201.5  15.0    15   328     2   304     1   305 0.99 -
d1odza_c.1.8.3       -            381 d1uuqa_c.1.8.3.aln   -            333   1.2e-60  201.0  11.3   1   1   3.9e-62   1.4e-60  200.8  11.3     2   332    11   374    10   375 0.99 -
d1bqca_c.1.8.3       -            302 d1uuqa_c.1.8.3.aln   -            333   2.5e-56  186.8   8.5   1   1   7.9e-58   2.8e-56  186.6   8.5    10   332     2   301     1   302 0.99 -
d1hjua_c.1.8.3       -            332 d1uuqa_c.1.8.3.aln   -            333   5.4e-56  185.7  16.2   1   1   1.7e-57     6e-56  185.6  16.2    18   332     3   331     1   332 0.99 -
d7a3ha_c.1.8.3       -            300 d1uuqa_c.1.8.3.aln   -            333     3e-53  176.7  12.5   1   1   9.3e-55   3.3e-53  176.5  12.5    14   323     2   298     1   300 0.98 -
d1i1wa_c.1.8.3       -            303 d1uuqa_c.1.8.3.aln   -            333   2.2e-51  170.6   5.8   1   1   6.8e-53   2.4e-51  170.4   5.8    10   331     3   302     1   303 0.98 -
d1jz8a5c.1.8.3       -            292 d1uuqa_c.1.8.3.aln   -            333   5.1e-49  162.8   0.5   1   1     2e-50   7.3e-49  162.3   0.5    11   331     3   292     1   292 0.99 -
d2v3ga_c.1.8.3       -            273 d1uuqa_c.1.8.3.aln   -            333     3e-48  160.3  22.6   1   1   9.3e-50   3.4e-48  160.1  22.6    18   330     1   272     1   273 0.98 -
d1nofa2c.1.8.3       -            277 d1uuqa_c.1.8.3.aln   -            333   2.8e-46  153.8   4.2   1   1   8.7e-48   3.1e-46  153.6   4.2    15   332     3   276     1   277 0.99 -
#
# Program:         hmmsearch
# Version:         3.3.2 (Nov 2020)
# Pipeline mode:   SEARCH
# Query file:      /home/elise/Documents/M1-BIM/S2/TMEs/SBAS/tme08/models/scop30/d1uuqa_c.1.8.3.aln.hmm
# Target file:     /home/elise/Documents/M1-BIM/S2/TMEs/SBAS/tme08/scop/scop/scopTestSeq.fasta
# Option settings: hmmsearch --domtblout /home/elise/Documents/M1-BIM/S2/TMEs/SBAS/tme08/searchResults/scop30/d1uuqa_c.1.8.3.aln.out -E 1 /home/elise/Documents/M1-BIM/S2/TMEs/SBAS/tme08/models/scop30/d1uuqa_c.1.8.3.aln.hmm /home/elise/Documents/M1-BIM/S2/TMEs/SBAS/tme08/scop/scop/scopTestSeq.fasta 
# Current dir:     /home/elise/Documents/M1-BIM/S2/TMEs/SBAS/tme08
# Date:            Thu Apr 10 10:02:29 2025
# [ok]
