#                                                                            --- full sequence --- -------------- this domain -------------   hmm coord   ali coord   env coord
# target name        accession   tlen query name           accession   qlen   E-value  score  bias   #  of  c-Evalue  i-Evalue  score  bias  from    to  from    to  from    to  acc description of target
#------------------- ---------- ----- -------------------- ---------- ----- --------- ------ ----- --- --- --------- --------- ------ ----- ----- ----- ----- ----- ----- ----- ---- ---------------------
d1w4xa1c.3.1.5       -            299 d1v59a1c.3.1.5.aln   -            204     2e-58  192.4   0.0   1   1   6.1e-60   2.3e-58  192.2   0.0     2   204     3   258     2   258 0.99 -
d1m6ia1c.3.1.5       -            214 d1v59a1c.3.1.5.aln   -            204   1.3e-53  176.7   0.0   1   1   3.9e-55   1.5e-53  176.5   0.0     4   204     2   214     1   214 0.99 -
d1mo9a1c.3.1.5       -            262 d1v59a1c.3.1.5.aln   -            204   1.1e-51  170.4   0.0   1   1   3.2e-53   1.2e-51  170.2   0.0     3   203     2   245     1   246 0.99 -
d2gv8a1c.3.1.5       -            336 d1v59a1c.3.1.5.aln   -            204   1.5e-50  166.7   0.0   1   1     6e-52   2.2e-50  166.1   0.0     1   204    29   289    29   289 0.99 -
d1xdia1c.3.1.5       -            234 d1v59a1c.3.1.5.aln   -            204   2.1e-49  163.0   0.0   1   1   6.1e-51   2.3e-49  162.8   0.0     4   204     3   217     1   217 0.99 -
d1nhpa1c.3.1.5       -            199 d1v59a1c.3.1.5.aln   -            204   3.2e-48  159.1   0.1   1   1   9.5e-50   3.6e-48  158.9   0.1     3   193     1   199     1   199 0.99 -
d1fl2a1c.3.1.5       -            185 d1v59a1c.3.1.5.aln   -            204   5.2e-44  145.3   0.4   1   1   1.5e-45   5.8e-44  145.2   0.4     2   185     2   184     1   185 0.98 -
d1w4xa2c.3.1.5       -            235 d1v59a1c.3.1.5.aln   -            204   1.1e-43  144.3   0.0   1   1   3.2e-45   1.2e-43  144.1   0.0    10   203     2   235     1   235 0.99 -
d1fcda2c.3.1.5       -            141 d1v59a1c.3.1.5.aln   -            204   4.7e-32  106.3   0.0   1   1   1.5e-33   5.6e-32  106.0   0.0     2   140     2   140     1   140 0.98 -
d1aoga2c.3.1.5       -            117 d1v59a1c.3.1.5.aln   -            204   2.5e-31  103.9   0.0   1   1   7.4e-33   2.8e-31  103.8   0.0    12   137     1   116     1   117 0.98 -
d1vdca2c.3.1.5       -            130 d1v59a1c.3.1.5.aln   -            204   2.8e-27   90.7   0.0   1   1   8.1e-29     3e-27   90.6   0.0    11   139     2   129     1   130 0.97 -
d1mo9a2c.3.1.5       -            121 d1v59a1c.3.1.5.aln   -            204     2e-26   87.9   0.3   1   1   5.8e-28   2.2e-26   87.8   0.3    10   141     1   121     1   121 0.98 -
d1h6va2c.3.1.5       -            122 d1v59a1c.3.1.5.aln   -            204   2.5e-26   87.6   0.0   1   1   7.3e-28   2.7e-26   87.5   0.0    13   139     2   122     1   122 0.98 -
d1fl2a2c.3.1.5       -            126 d1v59a1c.3.1.5.aln   -            204   1.9e-25   84.7   0.1   1   1   5.5e-27   2.1e-25   84.6   0.1    10   141     1   125     1   126 0.97 -
d1v59a2c.3.1.5       -            122 d1v59a1c.3.1.5.aln   -            204   9.5e-25   82.4   0.7   1   1   2.7e-26     1e-24   82.3   0.7    10   139     2   122     1   122 0.98 -
d1m6ia2c.3.1.5       -            137 d1v59a1c.3.1.5.aln   -            204   1.2e-24   82.1   0.1   1   1   3.4e-26   1.3e-24   82.0   0.1     2   140     8   137     7   137 0.98 -
d1onfa2c.3.1.5       -            117 d1v59a1c.3.1.5.aln   -            204   2.4e-24   81.1   0.3   1   1   7.1e-26   2.7e-24   81.0   0.3     9   138     1   117     1   117 0.98 -
d1nhpa2c.3.1.5       -            123 d1v59a1c.3.1.5.aln   -            204   2.3e-23   77.9   1.4   1   1   6.6e-25   2.5e-23   77.8   1.4     3   138     2   123     1   123 0.97 -
d1xhca2c.3.1.5       -            122 d1v59a1c.3.1.5.aln   -            204   4.1e-23   77.1   0.1   1   1   1.2e-24   4.5e-23   77.0   0.1    13   137     2   120     1   122 0.98 -
d2gv8a2c.3.1.5       -            107 d1v59a1c.3.1.5.aln   -            204   2.9e-17   58.0   0.0   1   1     9e-19   3.4e-17   57.8   0.0    12   129     1   106     1   106 0.97 -
d2iida1c.3.1.2       -            371 d1v59a1c.3.1.5.aln   -            204   0.00014   16.6   0.1   1   2   8.9e-06   0.00034   15.3   0.0    16    64    15    63    14    71 0.89 -
d2iida1c.3.1.2       -            371 d1v59a1c.3.1.5.aln   -            204   0.00014   16.6   0.1   2   2       3.9   1.5e+02   -3.1   0.0   162   186    94   118    92   118 0.84 -
#
# Program:         hmmsearch
# Version:         3.3.2 (Nov 2020)
# Pipeline mode:   SEARCH
# Query file:      /home/elise/Documents/M1-BIM/S2/TMEs/SBAS/tme08/models/scop30/d1v59a1c.3.1.5.aln.hmm
# Target file:     /home/elise/Documents/M1-BIM/S2/TMEs/SBAS/tme08/scop/scop/scopTestSeq.fasta
# Option settings: hmmsearch --domtblout /home/elise/Documents/M1-BIM/S2/TMEs/SBAS/tme08/searchResults/scop30/d1v59a1c.3.1.5.aln.out -E 1 /home/elise/Documents/M1-BIM/S2/TMEs/SBAS/tme08/models/scop30/d1v59a1c.3.1.5.aln.hmm /home/elise/Documents/M1-BIM/S2/TMEs/SBAS/tme08/scop/scop/scopTestSeq.fasta 
# Current dir:     /home/elise/Documents/M1-BIM/S2/TMEs/SBAS/tme08
# Date:            Thu Apr 10 10:02:29 2025
# [ok]
