#                                                                            --- full sequence --- -------------- this domain -------------   hmm coord   ali coord   env coord
# target name        accession   tlen query name           accession   qlen   E-value  score  bias   #  of  c-Evalue  i-Evalue  score  bias  from    to  from    to  from    to  acc description of target
#------------------- ---------- ----- -------------------- ---------- ----- --------- ------ ----- --- --- --------- --------- ------ ----- ----- ----- ----- ----- ----- ----- ---- ---------------------
d1v59a1c.3.1.5       -            234 d1v59a2c.3.1.5.aln   -            223   6.8e-63  207.6   1.4   1   1     2e-64   7.5e-63  207.5   1.4     1   223     3   234     3   234 0.99 -
d1mo9a1c.3.1.5       -            262 d1v59a2c.3.1.5.aln   -            223   6.4e-62  204.5   0.0   1   1   1.9e-63   7.1e-62  204.3   0.0     1   223     4   262     4   262 1.00 -
d2gv8a1c.3.1.5       -            336 d1v59a2c.3.1.5.aln   -            223   1.1e-59  197.1   0.0   1   1   4.6e-61   1.7e-59  196.5   0.0     2   223    42   303    41   303 0.99 -
d1w4xa1c.3.1.5       -            299 d1v59a2c.3.1.5.aln   -            223   1.6e-58  193.4   0.0   1   1   4.8e-60   1.8e-58  193.2   0.0     2   223     8   265     7   265 0.99 -
d1xdia1c.3.1.5       -            234 d1v59a2c.3.1.5.aln   -            223   7.2e-56  184.7   0.0   1   1   2.1e-57   7.9e-56  184.5   0.0     4   223     2   233     1   233 0.99 -
d1m6ia1c.3.1.5       -            214 d1v59a2c.3.1.5.aln   -            223   2.2e-50  166.7   0.0   1   1   6.4e-52   2.4e-50  166.6   0.0     2   207     2   214     1   214 0.99 -
d1nhpa1c.3.1.5       -            199 d1v59a2c.3.1.5.aln   -            223   6.4e-42  139.1   0.1   1   1   1.9e-43   7.1e-42  138.9   0.1     4   188     1   199     1   199 0.99 -
d1w4xa2c.3.1.5       -            235 d1v59a2c.3.1.5.aln   -            223   2.4e-40  133.9   0.0   1   1   7.1e-42   2.7e-40  133.7   0.0     4   206     1   235     1   235 0.99 -
d1fl2a1c.3.1.5       -            185 d1v59a2c.3.1.5.aln   -            223   7.1e-38  125.8   0.9   1   1   2.1e-39   7.9e-38  125.7   0.9     4   181     2   184     1   185 0.99 -
d1vdca2c.3.1.5       -            130 d1v59a2c.3.1.5.aln   -            223   2.5e-31  104.4   0.0   1   1   7.1e-33   2.7e-31  104.3   0.0     6   143     2   129     1   130 0.98 -
d1aoga2c.3.1.5       -            117 d1v59a2c.3.1.5.aln   -            223   1.7e-28   95.1   0.0   1   1     5e-30   1.9e-28   95.0   0.0    20   144     1   117     1   117 0.98 -
d1fcda2c.3.1.5       -            141 d1v59a2c.3.1.5.aln   -            223   2.3e-28   94.7   0.0   1   1   6.7e-30   2.5e-28   94.6   0.0     9   147     2   141     1   141 0.98 -
d1nhpa2c.3.1.5       -            123 d1v59a2c.3.1.5.aln   -            223   3.3e-27   90.9   1.3   1   1   9.7e-29   3.6e-27   90.8   1.3    10   144     2   123     1   123 0.97 -
d1h6va2c.3.1.5       -            122 d1v59a2c.3.1.5.aln   -            223   5.6e-27   90.2   0.0   1   1   1.8e-28   6.8e-27   89.9   0.0    23   145     4   122     2   122 0.98 -
d1fl2a2c.3.1.5       -            126 d1v59a2c.3.1.5.aln   -            223   2.2e-26   88.2   0.1   1   1   6.5e-28   2.5e-26   88.1   0.1     5   145     1   125     1   126 0.97 -
d1xhca2c.3.1.5       -            122 d1v59a2c.3.1.5.aln   -            223   6.5e-26   86.7   0.1   1   1   1.8e-27   6.9e-26   86.6   0.1    10   144     3   121     1   122 0.97 -
d1m6ia2c.3.1.5       -            137 d1v59a2c.3.1.5.aln   -            223   8.3e-25   83.1   0.1   1   1   2.4e-26     9e-25   83.0   0.1     5   145     3   136     1   137 0.97 -
d1onfa2c.3.1.5       -            117 d1v59a2c.3.1.5.aln   -            223   1.3e-24   82.4   0.3   1   1   3.8e-26   1.4e-24   82.3   0.3    17   144     1   117     1   117 0.98 -
d1mo9a2c.3.1.5       -            121 d1v59a2c.3.1.5.aln   -            223   5.1e-23   77.2   0.3   1   1   1.5e-24   5.6e-23   77.1   0.3    19   145     3   121     1   121 0.98 -
d2gv8a2c.3.1.5       -            107 d1v59a2c.3.1.5.aln   -            223   1.8e-17   59.1   0.0   1   1     5e-19   1.9e-17   59.0   0.0     7   113     1    98     1   106 0.94 -
d1v59a2c.3.1.5       -            122 d1v59a2c.3.1.5.aln   -            223   0.00051   15.1   0.3   1   1   1.8e-05   0.00066   14.7   0.3    25   127     9   109     8   118 0.71 -
#
# Program:         hmmsearch
# Version:         3.3.2 (Nov 2020)
# Pipeline mode:   SEARCH
# Query file:      /home/elise/Documents/M1-BIM/S2/TMEs/SBAS/tme08/models/scop30/d1v59a2c.3.1.5.aln.hmm
# Target file:     /home/elise/Documents/M1-BIM/S2/TMEs/SBAS/tme08/scop/scop/scopTestSeq.fasta
# Option settings: hmmsearch --domtblout /home/elise/Documents/M1-BIM/S2/TMEs/SBAS/tme08/searchResults/scop30/d1v59a2c.3.1.5.aln.out -E 1 /home/elise/Documents/M1-BIM/S2/TMEs/SBAS/tme08/models/scop30/d1v59a2c.3.1.5.aln.hmm /home/elise/Documents/M1-BIM/S2/TMEs/SBAS/tme08/scop/scop/scopTestSeq.fasta 
# Current dir:     /home/elise/Documents/M1-BIM/S2/TMEs/SBAS/tme08
# Date:            Thu Apr 10 10:02:29 2025
# [ok]
