#                                                                            --- full sequence --- -------------- this domain -------------   hmm coord   ali coord   env coord
# target name        accession   tlen query name           accession   qlen   E-value  score  bias   #  of  c-Evalue  i-Evalue  score  bias  from    to  from    to  from    to  acc description of target
#------------------- ---------- ----- -------------------- ---------- ----- --------- ------ ----- --- --- --------- --------- ------ ----- ----- ----- ----- ----- ----- ----- ---- ---------------------
d3fvsa_c.67.1.1      -            419 d1v72a1c.67.1.1.aln  -            388  3.7e-147  485.7   0.0   1   1  8.4e-149  4.1e-147  485.5   0.0     2   388     3   414     2   414 0.99 -
d1gdea_c.67.1.1      -            388 d1v72a1c.67.1.1.aln  -            388  2.5e-146  482.9   0.0   1   1  5.8e-148  2.9e-146  482.7   0.0     1   387     2   383     2   384 0.99 -
d1bw0a_c.67.1.1      -            412 d1v72a1c.67.1.1.aln  -            388  3.4e-140  462.7   0.0   1   1  7.8e-142  3.8e-140  462.6   0.0     1   387     3   411     3   412 0.99 -
d2gb3a1c.67.1.1      -            389 d1v72a1c.67.1.1.aln  -            388  1.1e-137  454.5   0.0   1   1  2.5e-139  1.2e-137  454.3   0.0     1   387     1   383     1   384 0.99 -
d2hoxa_c.67.1.1      -            425 d1v72a1c.67.1.1.aln  -            388  3.4e-133  439.7   0.0   1   1  7.7e-135  3.8e-133  439.5   0.0     1   388     2   418     2   418 1.00 -
d1lc5a_c.67.1.1      -            355 d1v72a1c.67.1.1.aln  -            388  3.5e-118  390.2   0.0   1   1    8e-120    4e-118  390.1   0.0     5   379     2   355     1   355 0.99 -
d1fg7a_c.67.1.1      -            354 d1v72a1c.67.1.1.aln  -            388  4.6e-114  376.7   0.0   1   1    1e-115  5.2e-114  376.5   0.0     2   379     1   354     1   354 0.99 -
d1svva_c.67.1.1      -            340 d1v72a1c.67.1.1.aln  -            388  1.6e-101  335.5   0.0   1   1  5.8e-103  2.9e-101  334.6   0.0     2   382     2   340     1   340 0.99 -
d1m6sa_c.67.1.1      -            343 d1v72a1c.67.1.1.aln  -            388   2.5e-98  324.9   0.0   1   1   1.2e-99     6e-98  323.6   0.0     1   382     1   342     1   343 0.97 -
d3ftba_c.67.1.0      -            334 d1v72a1c.67.1.1.aln  -            388   2.2e-36  121.0   0.0   1   1   5.3e-38   2.6e-36  120.7   0.0    30   376     3   328     1   332 0.93 -
d3piua_c.67.1.4      -            416 d1v72a1c.67.1.1.aln  -            388   2.5e-27   91.2   0.0   1   1     7e-29   3.4e-27   90.7   0.0    42   260    48   281    13   324 0.82 -
d1v72a1c.67.1.1      -            345 d1v72a1c.67.1.1.aln  -            388   2.1e-09   32.1   0.0   1   1   7.6e-11   3.7e-09   31.3   0.0    50   330    26   300    10   307 0.81 -
d2c81a_c.67.1.0      -            409 d1v72a1c.67.1.1.aln  -            388   4.7e-06   21.1   0.0   1   1   1.6e-07   7.7e-06   20.4   0.0    93   203    55   158    28   172 0.83 -
d1o69a_c.67.1.4      -            374 d1v72a1c.67.1.1.aln  -            388   0.00056   14.3   0.3   1   1   2.7e-05    0.0013   13.1   0.3    60   202     6   145     3   148 0.83 -
d2bwna1c.67.1.4      -            396 d1v72a1c.67.1.1.aln  -            388    0.0012   13.3   0.0   1   1   4.4e-05    0.0022   12.4   0.0   184   245   196   254   195   324 0.71 -
d2bhua3c.1.8.1       -            420 d1v72a1c.67.1.1.aln  -            388    0.0044   11.3   0.0   1   1   0.00013    0.0066   10.8   0.0   181   225    82   124    79   141 0.78 -
#
# Program:         hmmsearch
# Version:         3.3.2 (Nov 2020)
# Pipeline mode:   SEARCH
# Query file:      /home/elise/Documents/M1-BIM/S2/TMEs/SBAS/tme08/models/scop30/d1v72a1c.67.1.1.aln.hmm
# Target file:     /home/elise/Documents/M1-BIM/S2/TMEs/SBAS/tme08/scop/scop/scopTestSeq.fasta
# Option settings: hmmsearch --domtblout /home/elise/Documents/M1-BIM/S2/TMEs/SBAS/tme08/searchResults/scop30/d1v72a1c.67.1.1.aln.out -E 1 /home/elise/Documents/M1-BIM/S2/TMEs/SBAS/tme08/models/scop30/d1v72a1c.67.1.1.aln.hmm /home/elise/Documents/M1-BIM/S2/TMEs/SBAS/tme08/scop/scop/scopTestSeq.fasta 
# Current dir:     /home/elise/Documents/M1-BIM/S2/TMEs/SBAS/tme08
# Date:            Thu Apr 10 10:02:29 2025
# [ok]
