#                                                                            --- full sequence --- -------------- this domain -------------   hmm coord   ali coord   env coord
# target name        accession   tlen query name           accession   qlen   E-value  score  bias   #  of  c-Evalue  i-Evalue  score  bias  from    to  from    to  from    to  acc description of target
#------------------- ---------- ----- -------------------- ---------- ----- --------- ------ ----- --- --- --------- --------- ------ ----- ----- ----- ----- ----- ----- ----- ---- ---------------------
d1g0sa_d.113.1.1     -            209 d1v8ya_d.113.1.1.aln -            160   7.7e-48  157.8   1.0   1   1   1.8e-49   8.9e-48  157.6   1.0     1   159    47   205    47   206 0.99 -
d1q33a_d.113.1.1     -            292 d1v8ya_d.113.1.1.aln -            160   9.2e-45  147.8   0.1   1   1   2.8e-46   1.4e-44  147.3   0.1     2   159   124   285   123   286 0.99 -
d2b06a1d.113.1.1     -            155 d1v8ya_d.113.1.1.aln -            160   4.7e-44  145.5   0.0   1   1   1.1e-45   5.2e-44  145.4   0.0     9   159     1   154     1   155 0.99 -
d1jkna_d.113.1.1     -            165 d1v8ya_d.113.1.1.aln -            160   5.1e-44  145.4   0.1   1   1   1.1e-45   5.6e-44  145.3   0.1     8   160     2   157     1   157 0.98 -
d3o69a_d.113.1.1     -            190 d1v8ya_d.113.1.1.aln -            160   2.6e-43  143.1   0.0   1   1   6.3e-45   3.1e-43  142.8   0.0     2   158    36   190    35   190 0.98 -
d1sjya_d.113.1.1     -            158 d1v8ya_d.113.1.1.aln -            160   3.2e-42  139.5   0.0   1   1   7.2e-44   3.5e-42  139.4   0.0     3   159     1   157     1   158 0.99 -
d3zr0a_d.113.1.1     -            154 d1v8ya_d.113.1.1.aln -            160   3.7e-40  132.8   0.0   1   1   8.3e-42   4.1e-40  132.7   0.0     2   152     2   153     1   154 0.98 -
d1nqza_d.113.1.1     -            187 d1v8ya_d.113.1.1.aln -            160   5.4e-40  132.3   0.0   1   1   1.2e-41   6.1e-40  132.1   0.0     2   160    20   177    19   177 0.99 -
d1vhza_d.113.1.1     -            186 d1v8ya_d.113.1.1.aln -            160   1.3e-39  131.1   0.0   1   1     3e-41   1.5e-39  130.9   0.0     3   159    36   185    34   186 0.98 -
d2azwa1d.113.1.1     -            147 d1v8ya_d.113.1.1.aln -            160   1.6e-39  130.7   0.6   1   1   3.7e-41   1.8e-39  130.6   0.6     6   150     1   146     1   147 0.99 -
d2b0va1d.113.1.1     -            146 d1v8ya_d.113.1.1.aln -            160   5.2e-39  129.1   0.0   1   1   1.2e-40   5.7e-39  129.0   0.0    18   158     2   145     1   146 0.99 -
d1k2ea_d.113.1.1     -            152 d1v8ya_d.113.1.1.aln -            160   3.7e-38  126.4   0.5   1   1   8.2e-40   4.1e-38  126.2   0.5     6   155     1   152     1   152 0.99 -
d1ktga_d.113.1.1     -            137 d1v8ya_d.113.1.1.aln -            160   7.3e-36  118.9   0.1   1   1   1.6e-37   7.9e-36  118.8   0.1    17   148     2   135     1   137 0.97 -
d2fvva1d.113.1.1     -            135 d1v8ya_d.113.1.1.aln -            160   1.3e-35  118.1   0.7   1   1   2.9e-37   1.4e-35  117.9   0.7     8   149     1   134     1   135 0.98 -
d3a6sa_d.113.1.1     -            129 d1v8ya_d.113.1.1.aln -            160   1.1e-32  108.5   0.6   1   1   2.6e-34   1.3e-32  108.3   0.6    12   152     1   128     1   129 0.98 -
d1v8ya_d.113.1.1     -            158 d1v8ya_d.113.1.1.aln -            160   9.9e-13   43.7   1.2   1   1   2.5e-14   1.2e-12   43.4   1.2    46   137    52   138    17   141 0.87 -
#
# Program:         hmmsearch
# Version:         3.3.2 (Nov 2020)
# Pipeline mode:   SEARCH
# Query file:      /home/elise/Documents/M1-BIM/S2/TMEs/SBAS/tme08/models/scop30/d1v8ya_d.113.1.1.aln.hmm
# Target file:     /home/elise/Documents/M1-BIM/S2/TMEs/SBAS/tme08/scop/scop/scopTestSeq.fasta
# Option settings: hmmsearch --domtblout /home/elise/Documents/M1-BIM/S2/TMEs/SBAS/tme08/searchResults/scop30/d1v8ya_d.113.1.1.aln.out -E 1 /home/elise/Documents/M1-BIM/S2/TMEs/SBAS/tme08/models/scop30/d1v8ya_d.113.1.1.aln.hmm /home/elise/Documents/M1-BIM/S2/TMEs/SBAS/tme08/scop/scop/scopTestSeq.fasta 
# Current dir:     /home/elise/Documents/M1-BIM/S2/TMEs/SBAS/tme08
# Date:            Thu Apr 10 10:02:29 2025
# [ok]
