#                                                                            --- full sequence --- -------------- this domain -------------   hmm coord   ali coord   env coord
# target name        accession   tlen query name           accession   qlen   E-value  score  bias   #  of  c-Evalue  i-Evalue  score  bias  from    to  from    to  from    to  acc description of target
#------------------- ---------- ----- -------------------- ---------- ----- --------- ------ ----- --- --- --------- --------- ------ ----- ----- ----- ----- ----- ----- ----- ---- ---------------------
d1fsga_c.61.1.1      -            233 d1vdma1c.61.1.1.aln  -            210   2.2e-64  212.1   0.0   1   1   4.4e-66   2.5e-64  211.9   0.0     2   209    16   225    15   226 0.98 -
d1dqna_c.61.1.1      -            230 d1vdma1c.61.1.1.aln  -            210   4.5e-61  201.3   0.0   1   1   9.2e-63   5.2e-61  201.1   0.0     1   208     1   202     1   204 0.99 -
d1qb7a_c.61.1.1      -            236 d1vdma1c.61.1.1.aln  -            210   7.8e-60  197.2   0.0   1   1   1.6e-61   8.8e-60  197.0   0.0     2   209    15   223    14   224 0.99 -
d1p4aa2c.61.1.1      -            202 d1vdma1c.61.1.1.aln  -            210   4.8e-59  194.6   0.2   1   1   9.4e-61   5.3e-59  194.5   0.2     1   204     1   202     1   202 0.99 -
d1tc1a_c.61.1.1      -            184 d1vdma1c.61.1.1.aln  -            210   2.3e-57  189.2   0.1   1   1   4.4e-59   2.5e-57  189.0   0.1    28   209     1   183     1   184 0.99 -
d1ecfa1c.61.1.1      -            243 d1vdma1c.61.1.1.aln  -            210   5.2e-57  188.0   0.4   1   1   1.1e-58   5.9e-57  187.8   0.4     1   210    16   235    16   235 0.99 -
d1xtta1c.61.1.1      -            215 d1vdma1c.61.1.1.aln  -            210   2.5e-56  185.7   2.5   1   1     5e-58   2.8e-56  185.6   2.5     1   207     3   215     3   215 0.99 -
d1wd5a_c.61.1.1      -            208 d1vdma1c.61.1.1.aln  -            210   9.8e-55  180.5   0.4   1   1   1.9e-56   1.1e-54  180.4   0.4     2   210     3   206     2   206 0.99 -
d2aeea1c.61.1.1      -            208 d1vdma1c.61.1.1.aln  -            210     2e-54  179.5   0.0   1   1   3.9e-56   2.2e-54  179.4   0.0     6   209     1   200     1   201 0.99 -
d1y0ba1c.61.1.1      -            191 d1vdma1c.61.1.1.aln  -            210   5.3e-53  174.9   0.3   1   1     1e-54   5.9e-53  174.7   0.3     7   197     1   190     1   191 0.99 -
d1vcha1c.61.1.1      -            174 d1vdma1c.61.1.1.aln  -            210   6.9e-49  161.5   0.1   1   1   1.3e-50   7.6e-49  161.3   0.1     6   179     1   174     1   174 0.99 -
d1a3ca_c.61.1.1      -            178 d1vdma1c.61.1.1.aln  -            210   5.7e-46  151.9   2.7   1   1   1.1e-47   6.3e-46  151.8   2.7    32   209     2   178     1   178 0.99 -
d1nula_c.61.1.1      -            150 d1vdma1c.61.1.1.aln  -            210   8.6e-41  135.0   0.0   1   1   1.7e-42   9.5e-41  134.9   0.0    32   203     1   149     1   150 0.98 -
d1vdma1c.61.1.1      -            153 d1vdma1c.61.1.1.aln  -            210   5.5e-09   31.1   1.5   1   1   1.2e-10   6.6e-09   30.8   1.5    48   162    18   121     1   143 0.74 -
#
# Program:         hmmsearch
# Version:         3.3.2 (Nov 2020)
# Pipeline mode:   SEARCH
# Query file:      /home/elise/Documents/M1-BIM/S2/TMEs/SBAS/tme08/models/scop30/d1vdma1c.61.1.1.aln.hmm
# Target file:     /home/elise/Documents/M1-BIM/S2/TMEs/SBAS/tme08/scop/scop/scopTestSeq.fasta
# Option settings: hmmsearch --domtblout /home/elise/Documents/M1-BIM/S2/TMEs/SBAS/tme08/searchResults/scop30/d1vdma1c.61.1.1.aln.out -E 1 /home/elise/Documents/M1-BIM/S2/TMEs/SBAS/tme08/models/scop30/d1vdma1c.61.1.1.aln.hmm /home/elise/Documents/M1-BIM/S2/TMEs/SBAS/tme08/scop/scop/scopTestSeq.fasta 
# Current dir:     /home/elise/Documents/M1-BIM/S2/TMEs/SBAS/tme08
# Date:            Thu Apr 10 10:02:29 2025
# [ok]
