#                                                                            --- full sequence --- -------------- this domain -------------   hmm coord   ali coord   env coord
# target name        accession   tlen query name           accession   qlen   E-value  score  bias   #  of  c-Evalue  i-Evalue  score  bias  from    to  from    to  from    to  acc description of target
#------------------- ---------- ----- -------------------- ---------- ----- --------- ------ ----- --- --- --------- --------- ------ ----- ----- ----- ----- ----- ----- ----- ---- ---------------------
d1v59a1c.3.1.5       -            234 d1vdca2c.3.1.5.aln   -            226   1.4e-69  229.6   0.7   1   1   3.9e-71   1.5e-69  229.5   0.7     1   226     1   234     1   234 0.99 -
d1mo9a1c.3.1.5       -            262 d1vdca2c.3.1.5.aln   -            226   8.9e-68  223.7   0.0   1   1   2.5e-69     1e-67  223.6   0.0     2   226     2   262     1   262 0.99 -
d1w4xa1c.3.1.5       -            299 d1vdca2c.3.1.5.aln   -            226   5.4e-66  217.9   0.0   1   1   1.6e-67   6.2e-66  217.7   0.0     1   226     3   275     3   275 1.00 -
d2gv8a1c.3.1.5       -            336 d1vdca2c.3.1.5.aln   -            226   3.5e-63  208.7   0.0   1   1   1.1e-64   4.1e-63  208.4   0.0     1   226     3   277     3   277 0.99 -
d1w4xa2c.3.1.5       -            235 d1vdca2c.3.1.5.aln   -            226     3e-62  205.6   0.0   1   1   8.4e-64   3.3e-62  205.5   0.0     2   226     2   233     1   233 0.99 -
d1xdia1c.3.1.5       -            234 d1vdca2c.3.1.5.aln   -            226     9e-59  194.3   0.0   1   1   2.5e-60   9.9e-59  194.1   0.0     6   225     2   232     1   233 0.99 -
d1m6ia1c.3.1.5       -            214 d1vdca2c.3.1.5.aln   -            226   2.1e-53  176.7   0.0   1   1     6e-55   2.4e-53  176.5   0.0     3   226     2   214     1   214 0.99 -
d1nhpa1c.3.1.5       -            199 d1vdca2c.3.1.5.aln   -            226   3.7e-40  133.4   0.0   1   1   1.5e-41   5.9e-40  132.7   0.0     6   225     1   198     1   199 0.99 -
d1fl2a1c.3.1.5       -            185 d1vdca2c.3.1.5.aln   -            226   3.8e-38  126.8   0.8   1   1   1.1e-39   4.4e-38  126.6   0.8     6   214     2   185     1   185 0.98 -
d1h6va2c.3.1.5       -            122 d1vdca2c.3.1.5.aln   -            226   4.2e-27   90.7   0.0   1   1   1.1e-28   4.5e-27   90.6   0.0    11   142     2   121     1   122 0.96 -
d1fcda2c.3.1.5       -            141 d1vdca2c.3.1.5.aln   -            226   4.1e-26   87.4   0.0   1   1   1.2e-27   4.9e-26   87.2   0.0     2   143     2   139     1   140 0.98 -
d1aoga2c.3.1.5       -            117 d1vdca2c.3.1.5.aln   -            226   1.9e-25   85.2   0.0   1   1   5.3e-27   2.1e-25   85.1   0.0    10   141     1   116     1   117 0.98 -
d1mo9a2c.3.1.5       -            121 d1vdca2c.3.1.5.aln   -            226   2.3e-23   78.4   0.1   1   1   6.4e-25   2.5e-23   78.3   0.1     9   137     1   117     1   120 0.96 -
d1xhca2c.3.1.5       -            122 d1vdca2c.3.1.5.aln   -            226   6.9e-22   73.6   0.1   1   1   1.9e-23   7.4e-22   73.5   0.1     5   138     2   121     1   122 0.97 -
d1onfa2c.3.1.5       -            117 d1vdca2c.3.1.5.aln   -            226   6.9e-22   73.6   0.1   1   1   1.9e-23   7.6e-22   73.5   0.1     8   142     2   117     1   117 0.98 -
d1v59a2c.3.1.5       -            122 d1vdca2c.3.1.5.aln   -            226   9.5e-22   73.2   0.3   1   1   2.5e-23     1e-21   73.1   0.3    10   137     4   120     1   122 0.96 -
d1nhpa2c.3.1.5       -            123 d1vdca2c.3.1.5.aln   -            226   1.2e-20   69.6   0.4   1   1   3.2e-22   1.3e-20   69.5   0.4     2   138     1   121     1   123 0.96 -
d1fl2a2c.3.1.5       -            126 d1vdca2c.3.1.5.aln   -            226   5.5e-20   67.4   0.1   1   1   1.6e-21   6.3e-20   67.2   0.1     4   139     1   124     1   125 0.97 -
d1m6ia2c.3.1.5       -            137 d1vdca2c.3.1.5.aln   -            226   3.9e-18   61.3   0.0   1   1   1.1e-19   4.2e-18   61.2   0.0     3   143     5   136     3   137 0.97 -
d2gv8a2c.3.1.5       -            107 d1vdca2c.3.1.5.aln   -            226   1.5e-08   30.0   0.0   1   1   4.9e-10   1.9e-08   29.6   0.0     5   102     2    88     1   107 0.89 -
#
# Program:         hmmsearch
# Version:         3.3.2 (Nov 2020)
# Pipeline mode:   SEARCH
# Query file:      /home/elise/Documents/M1-BIM/S2/TMEs/SBAS/tme08/models/scop30/d1vdca2c.3.1.5.aln.hmm
# Target file:     /home/elise/Documents/M1-BIM/S2/TMEs/SBAS/tme08/scop/scop/scopTestSeq.fasta
# Option settings: hmmsearch --domtblout /home/elise/Documents/M1-BIM/S2/TMEs/SBAS/tme08/searchResults/scop30/d1vdca2c.3.1.5.aln.out -E 1 /home/elise/Documents/M1-BIM/S2/TMEs/SBAS/tme08/models/scop30/d1vdca2c.3.1.5.aln.hmm /home/elise/Documents/M1-BIM/S2/TMEs/SBAS/tme08/scop/scop/scopTestSeq.fasta 
# Current dir:     /home/elise/Documents/M1-BIM/S2/TMEs/SBAS/tme08
# Date:            Thu Apr 10 10:02:29 2025
# [ok]
