#                                                                            --- full sequence --- -------------- this domain -------------   hmm coord   ali coord   env coord
# target name        accession   tlen query name           accession   qlen   E-value  score  bias   #  of  c-Evalue  i-Evalue  score  bias  from    to  from    to  from    to  acc description of target
#------------------- ---------- ----- -------------------- ---------- ----- --------- ------ ----- --- --- --------- --------- ------ ----- ----- ----- ----- ----- ----- ----- ---- ---------------------
d1p5zb_c.37.1.1      -            241 d1vhta_c.37.1.1.aln  -            189   4.7e-50  165.5   0.0   1   1   1.7e-51   5.9e-50  165.2   0.0     3   188     2   220     1   221 0.99 -
d1kjwa2c.37.1.1      -            199 d1vhta_c.37.1.1.aln  -            189   1.8e-49  163.6   0.1   1   1   5.8e-51     2e-49  163.5   0.1     2   188     5   190     4   191 0.98 -
d1kgda_c.37.1.1      -            178 d1vhta_c.37.1.1.aln  -            189   7.8e-49  161.5   0.1   1   1   2.5e-50   8.7e-49  161.4   0.1     1   185     1   178     1   178 0.99 -
d1zina1c.37.1.1      -            183 d1vhta_c.37.1.1.aln  -            189   2.6e-48  159.8   0.0   1   1   8.4e-50   2.9e-48  159.7   0.0     4   188     1   182     1   183 0.99 -
d1qf9a_c.37.1.1      -            194 d1vhta_c.37.1.1.aln  -            189   4.8e-48  159.0   0.0   1   1   1.6e-49   5.3e-48  158.8   0.0     2   188     5   193     4   194 0.99 -
d1lw7a2c.37.1.1      -            192 d1vhta_c.37.1.1.aln  -            189   2.3e-46  153.5   0.0   1   1   7.5e-48   2.6e-46  153.3   0.0     2   188     6   185     5   186 0.99 -
d1deka_c.37.1.1      -            241 d1vhta_c.37.1.1.aln  -            189   6.2e-46  152.1   0.0   1   1   2.1e-47   7.2e-46  151.9   0.0     3   187     1   194     1   196 0.99 -
d1khta_c.37.1.1      -            190 d1vhta_c.37.1.1.aln  -            189   2.6e-45  150.1   0.1   1   1   8.3e-47   2.8e-45  149.9   0.1     3   188     1   189     1   190 0.99 -
d1e2ka_c.37.1.1      -            329 d1vhta_c.37.1.1.aln  -            189   5.6e-43  142.4   0.0   1   1     2e-44   6.9e-43  142.1   0.0     3   188     4   218     2   219 0.99 -
d1t0hb_c.37.1.1      -            219 d1vhta_c.37.1.1.aln  -            189   6.4e-43  142.3   0.0   1   1   2.1e-44   7.1e-43  142.1   0.0     1   188     1   204     1   205 0.99 -
d2grja_c.37.1.1      -            179 d1vhta_c.37.1.1.aln  -            189   3.2e-42  140.0   0.7   1   1     1e-43   3.6e-42  139.8   0.7     1   185     1   179     1   179 0.99 -
d1y63a_c.37.1.1      -            174 d1vhta_c.37.1.1.aln  -            189   1.8e-41  137.5   1.2   1   1   5.7e-43     2e-41  137.4   1.2     2   187     4   173     3   174 0.98 -
d1gsia_c.37.1.1      -            208 d1vhta_c.37.1.1.aln  -            189   1.2e-40  134.8   0.0   1   1   3.9e-42   1.3e-40  134.7   0.0     4   188     1   195     1   196 0.99 -
d1yj5a2c.37.1.1      -            172 d1vhta_c.37.1.1.aln  -            189   2.8e-39  130.4   0.0   1   1   9.1e-41   3.1e-39  130.2   0.0     8   186     1   171     1   172 0.98 -
d3kb2a_c.37.1.1      -            171 d1vhta_c.37.1.1.aln  -            189   9.9e-39  128.6   0.1   1   1   3.2e-40   1.1e-38  128.4   0.1     5   185     2   171     1   171 0.99 -
d1ly1a_c.37.1.1      -            152 d1vhta_c.37.1.1.aln  -            189   9.3e-38  125.4   0.0   1   1     3e-39     1e-37  125.3   0.0     2   168     1   150     1   152 0.98 -
d2qora_c.37.1.0      -            196 d1vhta_c.37.1.1.aln  -            189   1.8e-05   20.1   0.0   1   1   9.4e-07   3.2e-05   19.3   0.0     7   153     8   155     7   189 0.83 -
d1g41a_c.37.1.20     -            443 d1vhta_c.37.1.1.aln  -            189   6.1e-05   18.4   0.0   1   1   4.1e-06   0.00014   17.2   0.0     2    80    48   125    47   134 0.87 -
d2jaqa_c.37.1.0      -            201 d1vhta_c.37.1.1.aln  -            189   0.00033   16.0   0.2   1   1   1.9e-05   0.00065   15.0   0.2     4    34     1    31     1    83 0.76 -
d1vhta_c.37.1.1      -            208 d1vhta_c.37.1.1.aln  -            189   0.00041   15.7   0.1   1   2   8.5e-05    0.0029   12.9   0.1     5    25     5    25     3    28 0.88 -
d1vhta_c.37.1.1      -            208 d1vhta_c.37.1.1.aln  -            189   0.00041   15.7   0.1   2   2      0.82        28   -0.1   0.0    19    43   169   193   166   201 0.86 -
d1in4a2c.37.1.20     -            238 d1vhta_c.37.1.1.aln  -            189   0.00063   15.1   0.3   1   2   3.9e-05    0.0014   14.0   0.0     6    39    38    71    37    77 0.89 -
d1in4a2c.37.1.20     -            238 d1vhta_c.37.1.1.aln  -            189   0.00063   15.1   0.3   2   2       5.2   1.8e+02   -2.7   0.0   113   147   189   211   174   225 0.52 -
d1sxja2c.37.1.20     -            253 d1vhta_c.37.1.1.aln  -            189    0.0028   13.0   0.0   1   1   0.00021    0.0071   11.6   0.0     8    30    57    79    55    82 0.91 -
d1um8a_c.37.1.20     -            364 d1vhta_c.37.1.1.aln  -            189    0.0035   12.6   0.0   1   1   0.00029    0.0099   11.2   0.0     5    32    70    97    68   141 0.90 -
#
# Program:         hmmsearch
# Version:         3.3.2 (Nov 2020)
# Pipeline mode:   SEARCH
# Query file:      /home/elise/Documents/M1-BIM/S2/TMEs/SBAS/tme08/models/scop30/d1vhta_c.37.1.1.aln.hmm
# Target file:     /home/elise/Documents/M1-BIM/S2/TMEs/SBAS/tme08/scop/scop/scopTestSeq.fasta
# Option settings: hmmsearch --domtblout /home/elise/Documents/M1-BIM/S2/TMEs/SBAS/tme08/searchResults/scop30/d1vhta_c.37.1.1.aln.out -E 1 /home/elise/Documents/M1-BIM/S2/TMEs/SBAS/tme08/models/scop30/d1vhta_c.37.1.1.aln.hmm /home/elise/Documents/M1-BIM/S2/TMEs/SBAS/tme08/scop/scop/scopTestSeq.fasta 
# Current dir:     /home/elise/Documents/M1-BIM/S2/TMEs/SBAS/tme08
# Date:            Thu Apr 10 10:02:30 2025
# [ok]
