#                                                                            --- full sequence --- -------------- this domain -------------   hmm coord   ali coord   env coord
# target name        accession   tlen query name           accession   qlen   E-value  score  bias   #  of  c-Evalue  i-Evalue  score  bias  from    to  from    to  from    to  acc description of target
#------------------- ---------- ----- -------------------- ---------- ----- --------- ------ ----- --- --- --------- --------- ------ ----- ----- ----- ----- ----- ----- ----- ---- ---------------------
d2nvwa1c.2.1.3       -            238 d1vm6a3c.2.1.3.aln   -            214   3.2e-54  179.0   0.0   1   1   1.1e-55   3.5e-54  178.9   0.0     1   214     1   238     1   238 1.00 -
d1h6da1c.2.1.3       -            222 d1vm6a3c.2.1.3.aln   -            214   1.2e-50  167.3   0.0   1   1   4.3e-52   1.4e-50  167.2   0.0     1   197    18   222    18   222 0.99 -
d1p1ja1c.2.1.3       -            411 d1vm6a3c.2.1.3.aln   -            214     3e-44  146.4   0.0   1   1   1.6e-45     5e-44  145.7   0.0     1   214    42   329    42   329 1.00 -
d1h9aa1c.2.1.3       -            196 d1vm6a3c.2.1.3.aln   -            214   6.7e-41  135.5   0.2   1   1   2.3e-42   7.4e-41  135.4   0.2    15   201     2   196     1   196 0.99 -
d1qkia1c.2.1.3       -            204 d1vm6a3c.2.1.3.aln   -            214   3.4e-40  133.2   0.0   1   1   1.2e-41   3.8e-40  133.0   0.0     8   196     1   203     1   204 0.99 -
d1gr0a1c.2.1.3       -            244 d1vm6a3c.2.1.3.aln   -            214   1.2e-39  131.3   1.0   1   1   4.6e-41   1.4e-39  131.1   1.0    16   211     2   244     1   244 0.99 -
d1zh8a1c.2.1.3       -            182 d1vm6a3c.2.1.3.aln   -            214     2e-38  127.4   0.0   1   1   7.2e-40   2.3e-38  127.2   0.0    15   186     2   179     1   181 0.99 -
d1ydwa1c.2.1.3       -            185 d1vm6a3c.2.1.3.aln   -            214   8.3e-38  125.4   0.0   1   1   2.9e-39   9.1e-38  125.2   0.0    16   193     1   183     1   185 0.99 -
d3cina1c.2.1.3       -            276 d1vm6a3c.2.1.3.aln   -            214     1e-36  121.8   0.1   1   1   3.8e-38   1.2e-36  121.6   0.1    15   214     1   271     1   271 0.99 -
d1tlta1c.2.1.3       -            165 d1vm6a3c.2.1.3.aln   -            214   1.3e-36  121.5   0.0   1   1   4.4e-38   1.4e-36  121.4   0.0    16   185     1   163     1   165 0.98 -
d1vkna1c.2.1.3       -            177 d1vm6a3c.2.1.3.aln   -            214   3.2e-35  116.9   0.0   1   1   1.1e-36   3.6e-35  116.8   0.0    16   184     1   173     1   176 0.98 -
d1e5qa1c.2.1.3       -            183 d1vm6a3c.2.1.3.aln   -            214     3e-34  113.8   0.4   1   1     1e-35   3.3e-34  113.6   0.4    16   201     2   182     1   183 0.98 -
d1f06a1c.2.1.3       -            171 d1vm6a3c.2.1.3.aln   -            214   1.7e-33  111.3   0.1   1   1   6.2e-35   1.9e-33  111.1   0.1    14   189     1   169     1   170 0.97 -
d1xeaa1c.2.1.3       -            168 d1vm6a3c.2.1.3.aln   -            214   1.9e-33  111.2   0.0   1   1   6.5e-35     2e-33  111.0   0.0    17   189     2   166     1   168 0.97 -
d1nvmb1c.2.1.3       -            158 d1vm6a3c.2.1.3.aln   -            214   1.2e-31  105.3   0.2   1   1   4.1e-33   1.3e-31  105.1   0.2    13   182     1   156     1   158 0.98 -
d1lc0a1c.2.1.3       -            173 d1vm6a3c.2.1.3.aln   -            214   2.6e-31  104.1   0.0   1   1   9.6e-33     3e-31  103.9   0.0    10   184     1   171     1   172 0.98 -
d2g82a1c.2.1.3       -            169 d1vm6a3c.2.1.3.aln   -            214   3.5e-30  100.4   0.3   1   1   1.2e-31   3.9e-30  100.3   0.3    17   190     1   168     1   169 0.99 -
d1cf2o1c.2.1.3       -            172 d1vm6a3c.2.1.3.aln   -            214   8.3e-30   99.2   1.0   1   1   2.9e-31   9.2e-30   99.1   1.0    16   189     1   171     1   172 0.98 -
d1drua1c.2.1.3       -            161 d1vm6a3c.2.1.3.aln   -            214   4.4e-28   93.6   0.3   1   1   1.5e-29   4.8e-28   93.5   0.3    16   189     2   160     1   161 0.98 -
d1ebfa1c.2.1.3       -            169 d1vm6a3c.2.1.3.aln   -            214   1.9e-25   85.0   0.2   1   1   7.1e-27   2.2e-25   84.8   0.2    14   189     2   167     1   168 0.94 -
d1t4ba1c.2.1.3       -            147 d1vm6a3c.2.1.3.aln   -            214   3.4e-25   84.2   0.0   1   1   1.2e-26   3.7e-25   84.0   0.0    16   176     1   146     1   147 0.98 -
d1q0qa2c.2.1.3       -            152 d1vm6a3c.2.1.3.aln   -            214   5.3e-24   80.3   0.0   1   1   1.9e-25   5.8e-24   80.1   0.0    16   166     1   151     1   152 0.98 -
d1j5pa4c.2.1.3       -            133 d1vm6a3c.2.1.3.aln   -            214     6e-21   70.3   0.0   1   1   2.3e-22   7.1e-21   70.0   0.0    15   178     1   132     1   133 0.98 -
d1yl7a1c.2.1.3       -            136 d1vm6a3c.2.1.3.aln   -            214   1.1e-20   69.4   0.0   1   1   3.8e-22   1.2e-20   69.3   0.0    43   187     4   135     1   136 0.97 -
d1t1ra3c.2.1.3       -             26 d1vm6a3c.2.1.3.aln   -            214   6.1e-05   18.0   0.0   1   1   1.9e-06   6.1e-05   18.0   0.0   143   167     1    25     1    26 0.93 -
#
# Program:         hmmsearch
# Version:         3.3.2 (Nov 2020)
# Pipeline mode:   SEARCH
# Query file:      /home/elise/Documents/M1-BIM/S2/TMEs/SBAS/tme08/models/scop30/d1vm6a3c.2.1.3.aln.hmm
# Target file:     /home/elise/Documents/M1-BIM/S2/TMEs/SBAS/tme08/scop/scop/scopTestSeq.fasta
# Option settings: hmmsearch --domtblout /home/elise/Documents/M1-BIM/S2/TMEs/SBAS/tme08/searchResults/scop30/d1vm6a3c.2.1.3.aln.out -E 1 /home/elise/Documents/M1-BIM/S2/TMEs/SBAS/tme08/models/scop30/d1vm6a3c.2.1.3.aln.hmm /home/elise/Documents/M1-BIM/S2/TMEs/SBAS/tme08/scop/scop/scopTestSeq.fasta 
# Current dir:     /home/elise/Documents/M1-BIM/S2/TMEs/SBAS/tme08
# Date:            Thu Apr 10 10:02:30 2025
# [ok]
