#                                                                            --- full sequence --- -------------- this domain -------------   hmm coord   ali coord   env coord
# target name        accession   tlen query name           accession   qlen   E-value  score  bias   #  of  c-Evalue  i-Evalue  score  bias  from    to  from    to  from    to  acc description of target
#------------------- ---------- ----- -------------------- ---------- ----- --------- ------ ----- --- --- --------- --------- ------ ----- ----- ----- ----- ----- ----- ----- ---- ---------------------
d1cx4a1b.82.3.2      -            136 d1vp6a_b.82.3.2.aln  -            134     3e-46  152.1   0.0   1   1     5e-48   3.3e-46  151.9   0.0     2   134     4   136     3   136 0.99 -
d3bpza_b.82.3.2      -            194 d1vp6a_b.82.3.2.aln  -            134   5.3e-44  144.8   0.2   1   2       6.5   4.3e+02   -3.8   0.0    13    31    11    29     7    33 0.61 -
d3bpza_b.82.3.2      -            194 d1vp6a_b.82.3.2.aln  -            134   5.3e-44  144.8   0.2   2   2   1.2e-45     8e-44  144.2   0.1     2   133    56   183    55   184 0.98 -
d1o7fa2b.82.3.2      -            155 d1vp6a_b.82.3.2.aln  -            134   5.3e-42  138.3   0.0   1   1   8.9e-44   5.8e-42  138.2   0.0     2   132    12   144    11   146 0.98 -
d1o7fa3b.82.3.2      -            124 d1vp6a_b.82.3.2.aln  -            134   2.8e-40  132.7   0.0   1   1   4.7e-42   3.1e-40  132.6   0.0     5   128     1   123     1   124 0.98 -
d1zyba2b.82.3.2      -            147 d1vp6a_b.82.3.2.aln  -            134   9.8e-39  127.7   0.1   1   1   1.7e-40   1.1e-38  127.6   0.1     9   133     1   136     1   137 0.99 -
d1cx4a2b.82.3.2      -            147 d1vp6a_b.82.3.2.aln  -            134   6.6e-38  125.1   0.1   1   1   1.1e-39   7.5e-38  124.9   0.1    14   133     2   128     1   129 0.98 -
d3e5ua2b.82.3.2      -            139 d1vp6a_b.82.3.2.aln  -            134   2.5e-37  123.2   0.0   1   1   4.3e-39   2.8e-37  123.0   0.0     1   132     8   139     8   139 0.99 -
d1wgpa_b.82.3.2      -            137 d1vp6a_b.82.3.2.aln  -            134   6.5e-37  121.8   0.0   1   1   1.1e-38   7.1e-37  121.7   0.0    11   133     3   129     1   130 0.98 -
d2gaua2b.82.3.2      -            142 d1vp6a_b.82.3.2.aln  -            134   3.1e-35  116.4   0.1   1   1   5.4e-37   3.5e-35  116.2   0.1     2   132    16   142    15   142 0.98 -
d1o5la1b.82.3.2      -            129 d1vp6a_b.82.3.2.aln  -            134   1.8e-34  113.9   0.2   1   1     3e-36     2e-34  113.8   0.2     1   132     1   129     1   129 0.99 -
d2zcwa2b.82.3.2      -            112 d1vp6a_b.82.3.2.aln  -            134   1.7e-23   78.4   0.0   1   1   2.9e-25   1.9e-23   78.2   0.0    12   132     2   112     1   112 0.98 -
d1vp6a_b.82.3.2      -            133 d1vp6a_b.82.3.2.aln  -            134   2.4e-15   52.0   0.0   1   1   4.1e-17   2.7e-15   51.9   0.0    14   124    11   115     5   125 0.92 -
#
# Program:         hmmsearch
# Version:         3.3.2 (Nov 2020)
# Pipeline mode:   SEARCH
# Query file:      /home/elise/Documents/M1-BIM/S2/TMEs/SBAS/tme08/models/scop30/d1vp6a_b.82.3.2.aln.hmm
# Target file:     /home/elise/Documents/M1-BIM/S2/TMEs/SBAS/tme08/scop/scop/scopTestSeq.fasta
# Option settings: hmmsearch --domtblout /home/elise/Documents/M1-BIM/S2/TMEs/SBAS/tme08/searchResults/scop30/d1vp6a_b.82.3.2.aln.out -E 1 /home/elise/Documents/M1-BIM/S2/TMEs/SBAS/tme08/models/scop30/d1vp6a_b.82.3.2.aln.hmm /home/elise/Documents/M1-BIM/S2/TMEs/SBAS/tme08/scop/scop/scopTestSeq.fasta 
# Current dir:     /home/elise/Documents/M1-BIM/S2/TMEs/SBAS/tme08
# Date:            Thu Apr 10 10:02:30 2025
# [ok]
