#                                                                            --- full sequence --- -------------- this domain -------------   hmm coord   ali coord   env coord
# target name        accession   tlen query name           accession   qlen   E-value  score  bias   #  of  c-Evalue  i-Evalue  score  bias  from    to  from    to  from    to  acc description of target
#------------------- ---------- ----- -------------------- ---------- ----- --------- ------ ----- --- --- --------- --------- ------ ----- ----- ----- ----- ----- ----- ----- ---- ---------------------
d1pvma4d.37.1.1      -            142 d1vr9a3d.37.1.1.aln  -            136   5.6e-41  135.3   0.5   1   1   1.5e-42   6.3e-41  135.1   0.5     2   133     3   128     2   131 0.97 -
d3ddja1d.37.1.1      -            141 d1vr9a3d.37.1.1.aln  -            136     2e-39  130.2   6.7   1   1   5.4e-41   2.2e-39  130.1   6.7     2   134     2   133     1   135 0.98 -
d1o50a3d.37.1.1      -            145 d1vr9a3d.37.1.1.aln  -            136   1.2e-38  127.8   0.7   1   1   3.1e-40   1.3e-38  127.6   0.7     2   135     4   144     3   145 0.98 -
d2yzia1d.37.1.1      -            132 d1vr9a3d.37.1.1.aln  -            136   1.5e-38  127.4   0.6   1   1   3.9e-40   1.6e-38  127.3   0.6     3   135     6   130     4   131 0.97 -
d2yzqa2d.37.1.1      -            122 d1vr9a3d.37.1.1.aln  -            136   3.9e-38  126.1   1.8   1   1     1e-39   4.3e-38  125.9   1.8     2   135     1   121     1   122 0.97 -
d2nyca1d.37.1.1      -            140 d1vr9a3d.37.1.1.aln  -            136   5.1e-38  125.7   0.7   1   1   1.4e-39   5.6e-38  125.5   0.7     3   131    10   138     8   140 0.97 -
d2yzqa1d.37.1.1      -            156 d1vr9a3d.37.1.1.aln  -            136   1.7e-37  124.0   0.1   1   1   4.6e-39   1.9e-37  123.8   0.1     3   130     5   155     3   156 0.98 -
d1y5ha3d.37.1.1      -            123 d1vr9a3d.37.1.1.aln  -            136   9.4e-37  121.6   0.0   1   1   2.5e-38     1e-36  121.5   0.0     3   130     2   122     1   123 0.97 -
d3ddja2d.37.1.1      -            135 d1vr9a3d.37.1.1.aln  -            136   1.1e-36  121.3   0.1   1   1     3e-38   1.2e-36  121.2   0.1     2   134     1   134     1   135 0.97 -
d2v8qe2d.37.1.1      -            159 d1vr9a3d.37.1.1.aln  -            136     5e-36  119.2   0.0   1   1   1.3e-37   5.5e-36  119.1   0.0     3   134    16   157    14   159 0.96 -
d2rc3a1d.37.1.1      -            127 d1vr9a3d.37.1.1.aln  -            136   3.5e-35  116.5   2.3   1   1   9.2e-37   3.8e-35  116.4   2.3     2   130     2   125     1   127 0.95 -
d2j9la1d.37.1.1      -            169 d1vr9a3d.37.1.1.aln  -            136   1.3e-34  114.7   0.3   1   1   3.5e-36   1.5e-34  114.5   0.3     2   135     6   160     5   161 0.91 -
d2riha_d.37.1.1      -            131 d1vr9a3d.37.1.1.aln  -            136   2.2e-33  110.7   0.3   1   1     6e-35   2.5e-33  110.5   0.3     3   133     2   125     1   128 0.95 -
d1zfja4d.37.1.1      -            126 d1vr9a3d.37.1.1.aln  -            136   2.8e-33  110.4   0.1   1   1   7.3e-35     3e-33  110.2   0.1     9   134     4   120     1   122 0.96 -
d1pbja3d.37.1.1      -            120 d1vr9a3d.37.1.1.aln  -            136   2.9e-33  110.3   7.0   1   1   7.6e-35   3.1e-33  110.2   7.0     3   130     1   119     1   120 0.96 -
d2ouxa2d.37.1.1      -            127 d1vr9a3d.37.1.1.aln  -            136   5.7e-32  106.1   7.2   1   1   1.5e-33   6.2e-32  106.0   7.2     3   134     2   125     1   127 0.96 -
d2d4za3d.37.1.1      -            161 d1vr9a3d.37.1.1.aln  -            136   3.1e-31  103.7   0.0   1   1   8.4e-33   3.5e-31  103.5   0.0     2   131    11   160    10   161 0.99 -
d1vr9a3d.37.1.1      -            121 d1vr9a3d.37.1.1.aln  -            136   1.3e-14   49.8   0.0   1   1   1.1e-15   4.7e-14   48.1   0.0     2   132     1   118     1   121 0.93 -
d1khta_c.37.1.1      -            190 d1vr9a3d.37.1.1.aln  -            136    0.0046   12.5   2.0   1   2   0.00015    0.0064   12.0   0.8     7    94     4    94     2    96 0.81 -
d1khta_c.37.1.1      -            190 d1vr9a3d.37.1.1.aln  -            136    0.0046   12.5   2.0   2   2       4.2   1.7e+02   -2.3   0.0    78   102   109   133   104   138 0.75 -
#
# Program:         hmmsearch
# Version:         3.3.2 (Nov 2020)
# Pipeline mode:   SEARCH
# Query file:      /home/elise/Documents/M1-BIM/S2/TMEs/SBAS/tme08/models/scop30/d1vr9a3d.37.1.1.aln.hmm
# Target file:     /home/elise/Documents/M1-BIM/S2/TMEs/SBAS/tme08/scop/scop/scopTestSeq.fasta
# Option settings: hmmsearch --domtblout /home/elise/Documents/M1-BIM/S2/TMEs/SBAS/tme08/searchResults/scop30/d1vr9a3d.37.1.1.aln.out -E 1 /home/elise/Documents/M1-BIM/S2/TMEs/SBAS/tme08/models/scop30/d1vr9a3d.37.1.1.aln.hmm /home/elise/Documents/M1-BIM/S2/TMEs/SBAS/tme08/scop/scop/scopTestSeq.fasta 
# Current dir:     /home/elise/Documents/M1-BIM/S2/TMEs/SBAS/tme08
# Date:            Thu Apr 10 10:02:30 2025
# [ok]
