#                                                                            --- full sequence --- -------------- this domain -------------   hmm coord   ali coord   env coord
# target name        accession   tlen query name           accession   qlen   E-value  score  bias   #  of  c-Evalue  i-Evalue  score  bias  from    to  from    to  from    to  acc description of target
#------------------- ---------- ----- -------------------- ---------- ----- --------- ------ ----- --- --- --------- --------- ------ ----- ----- ----- ----- ----- ----- ----- ---- ---------------------
d3hl8a_c.55.3.5      -            470 d1w0ha_c.55.3.5.aln  -            408  1.8e-184  609.0   0.3   1   1  3.7e-186  2.1e-184  608.8   0.3     1   408     8   421     8   421 1.00 -
d1s5ja1c.55.3.5      -            410 d1w0ha_c.55.3.5.aln  -            408  2.7e-177  585.4   1.1   1   1  5.4e-179    3e-177  585.2   1.1     1   408     1   410     1   410 1.00 -
d1q8ia1c.55.3.5      -            388 d1w0ha_c.55.3.5.aln  -            408  2.3e-166  549.4   0.0   1   1  4.5e-168  2.5e-166  549.3   0.0    18   401     1   388     1   388 1.00 -
d2hbja2c.55.3.5      -            292 d1w0ha_c.55.3.5.aln  -            408   2.4e-91  302.3   0.9   1   1   4.8e-93   2.7e-91  302.1   0.9    57   349     2   292     1   292 0.99 -
d3mxma_c.55.3.5      -            229 d1w0ha_c.55.3.5.aln  -            408     2e-41  137.9   0.0   1   1   4.1e-43   2.3e-41  137.7   0.0   120   344     2   228     1   228 0.99 -
d1x9ma1c.55.3.5      -            204 d1w0ha_c.55.3.5.aln  -            408   1.4e-35  118.7   0.0   1   1   2.7e-37   1.5e-35  118.6   0.0   139   338     2   203     1   204 0.98 -
d1vk0a_c.55.3.5      -            206 d1w0ha_c.55.3.5.aln  -            408   1.7e-34  115.1   0.0   1   1   3.3e-36   1.9e-34  115.0   0.0   121   324     2   204     1   206 0.99 -
d1yt3a3c.55.3.5      -            193 d1w0ha_c.55.3.5.aln  -            408   5.9e-34  113.3   0.0   1   1   1.2e-35   6.5e-34  113.1   0.0   138   331     1   192     1   193 0.99 -
d2py5a1c.55.3.5      -            183 d1w0ha_c.55.3.5.aln  -            408   2.2e-30  101.5   0.0   1   1   4.3e-32   2.4e-30  101.4   0.0   141   320     2   181     1   183 0.98 -
d2f96a1c.55.3.5      -            202 d1w0ha_c.55.3.5.aln  -            408   5.5e-29   96.9   0.0   1   1   1.1e-30     6e-29   96.8   0.0   130   333     1   201     1   202 0.99 -
d1kfsa1c.55.3.5      -            195 d1w0ha_c.55.3.5.aln  -            408   1.9e-27   91.8   0.1   1   1   3.7e-29   2.1e-27   91.7   0.1   136   328     2   194     1   195 0.98 -
d2guia_c.55.3.5      -            176 d1w0ha_c.55.3.5.aln  -            408     5e-24   80.6   0.0   1   1   1.1e-25     6e-24   80.3   0.0   148   323     3   174     1   175 0.98 -
d2igia_c.55.3.5      -            180 d1w0ha_c.55.3.5.aln  -            408   1.7e-23   78.9   0.1   1   1   3.4e-25   1.9e-23   78.7   0.1   145   327     3   177     1   179 0.97 -
d1wlja_c.55.3.5      -            173 d1w0ha_c.55.3.5.aln  -            408   5.7e-22   73.8   0.0   1   1   1.2e-23   6.7e-22   73.6   0.0   150   323     3   167     1   171 0.97 -
#
# Program:         hmmsearch
# Version:         3.3.2 (Nov 2020)
# Pipeline mode:   SEARCH
# Query file:      /home/elise/Documents/M1-BIM/S2/TMEs/SBAS/tme08/models/scop30/d1w0ha_c.55.3.5.aln.hmm
# Target file:     /home/elise/Documents/M1-BIM/S2/TMEs/SBAS/tme08/scop/scop/scopTestSeq.fasta
# Option settings: hmmsearch --domtblout /home/elise/Documents/M1-BIM/S2/TMEs/SBAS/tme08/searchResults/scop30/d1w0ha_c.55.3.5.aln.out -E 1 /home/elise/Documents/M1-BIM/S2/TMEs/SBAS/tme08/models/scop30/d1w0ha_c.55.3.5.aln.hmm /home/elise/Documents/M1-BIM/S2/TMEs/SBAS/tme08/scop/scop/scopTestSeq.fasta 
# Current dir:     /home/elise/Documents/M1-BIM/S2/TMEs/SBAS/tme08
# Date:            Thu Apr 10 10:02:30 2025
# [ok]
