#                                                                            --- full sequence --- -------------- this domain -------------   hmm coord   ali coord   env coord
# target name        accession   tlen query name           accession   qlen   E-value  score  bias   #  of  c-Evalue  i-Evalue  score  bias  from    to  from    to  from    to  acc description of target
#------------------- ---------- ----- -------------------- ---------- ----- --------- ------ ----- --- --- --------- --------- ------ ----- ----- ----- ----- ----- ----- ----- ---- ---------------------
d1r6bx3c.37.1.20     -            315 d1w5sa2c.37.1.20.aln -            268   3.8e-62  205.5   0.1   1   1   1.2e-63   4.3e-62  205.3   0.1     1   268     5   313     5   313 0.99 -
d2a5yb3c.37.1.20     -            277 d1w5sa2c.37.1.20.aln -            268   5.4e-61  201.7   0.0   1   1   1.8e-62   6.1e-61  201.5   0.0     1   268     4   273     4   273 0.99 -
d1sxja2c.37.1.20     -            253 d1w5sa2c.37.1.20.aln -            268   8.6e-60  197.7   0.0   1   1   2.8e-61   9.7e-60  197.6   0.0     5   246     1   252     1   253 0.99 -
d1um8a_c.37.1.20     -            364 d1w5sa2c.37.1.20.aln -            268   2.1e-58  193.2   0.3   1   1   9.2e-60   3.2e-58  192.6   0.3     3   268     2   364     1   364 0.99 -
d1svma_c.37.1.20     -            362 d1w5sa2c.37.1.20.aln -            268   2.4e-58  193.0   0.1   1   1     8e-60   2.7e-58  192.8   0.1     1   268     1   339     1   339 1.00 -
d1u0ja_c.37.1.20     -            267 d1w5sa2c.37.1.20.aln -            268   3.4e-58  192.5   0.0   1   1   1.1e-59   3.8e-58  192.3   0.0     3   263     2   267     1   267 0.99 -
d1g41a_c.37.1.20     -            443 d1w5sa2c.37.1.20.aln -            268   7.5e-58  191.4   1.6   1   1   3.1e-59   1.1e-57  190.9   1.6     6   267     2   434     1   435 0.99 -
d1njfa_c.37.1.20     -            239 d1w5sa2c.37.1.20.aln -            268   1.7e-56  186.9   0.0   1   1   5.5e-58   1.9e-56  186.8   0.0     8   242     2   238     1   239 0.99 -
d1fnna2c.37.1.20     -            276 d1w5sa2c.37.1.20.aln -            268   5.5e-56  185.3   0.0   1   1   1.8e-57   6.2e-56  185.1   0.0     2   263     3   276     2   276 0.99 -
d1lv7a_c.37.1.20     -            256 d1w5sa2c.37.1.20.aln -            268   1.8e-54  180.3   0.0   1   1   5.9e-56     2e-54  180.1   0.0     7   251     1   255     1   256 0.99 -
d1in4a2c.37.1.20     -            238 d1w5sa2c.37.1.20.aln -            268   4.4e-54  179.0   0.7   1   1   1.4e-55   4.9e-54  178.9   0.7    11   254     2   237     1   238 0.99 -
d1iqpa2c.37.1.20     -            231 d1w5sa2c.37.1.20.aln -            268     1e-53  177.9   0.2   1   1   3.3e-55   1.1e-53  177.7   0.2     1   240     7   230     7   231 0.99 -
d1d2na_c.37.1.20     -            246 d1w5sa2c.37.1.20.aln -            268   8.9e-51  168.2   0.1   1   1   2.9e-52   9.8e-51  168.1   0.1     4   246     2   243     1   246 0.99 -
d2fnaa2c.37.1.20     -            283 d1w5sa2c.37.1.20.aln -            268   4.2e-50  166.0   3.4   1   1   1.4e-51   4.7e-50  165.8   3.4     7   268     1   275     1   275 0.99 -
d1g8pa_c.37.1.20     -            333 d1w5sa2c.37.1.20.aln -            268   1.9e-45  150.7   0.0   1   1   6.4e-47   2.2e-45  150.5   0.0     1   267     3   319     3   320 0.99 -
d1ny5a2c.37.1.20     -            247 d1w5sa2c.37.1.20.aln -            268   3.4e-44  146.6   0.4   1   1   1.1e-45   3.8e-44  146.5   0.4     2   253     2   246     1   247 0.99 -
d1tuea_c.37.1.20     -            205 d1w5sa2c.37.1.20.aln -            268   4.5e-39  129.8   0.0   1   1   1.4e-40   4.9e-39  129.7   0.0    15   247     3   204     1   205 0.98 -
d1l8qa2c.37.1.20     -            213 d1w5sa2c.37.1.20.aln -            268   5.2e-38  126.4   2.4   1   1   1.7e-39   5.7e-38  126.2   2.4     7   239     2   212     1   213 0.98 -
d1a5ta2c.37.1.20     -            207 d1w5sa2c.37.1.20.aln -            268   9.3e-38  125.5   0.0   1   1   2.9e-39     1e-37  125.4   0.0     7   229     2   197     1   206 0.96 -
d2gnoa2c.37.1.20     -            198 d1w5sa2c.37.1.20.aln -            268   1.2e-33  112.0   0.3   1   1   3.9e-35   1.4e-33  111.9   0.3    27   240     3   197     1   198 0.96 -
d2p65a_c.37.1.20     -            185 d1w5sa2c.37.1.20.aln -            268   2.5e-21   71.7   0.2   1   1     8e-23   2.7e-21   71.6   0.2     8   235     3   183     1   185 0.95 -
d1jqlb_c.37.1.20     -            140 d1w5sa2c.37.1.20.aln -            268   5.6e-15   50.9   0.0   1   1   2.8e-16   9.7e-15   50.1   0.0    43   221     2   139     1   140 0.96 -
d1qzma_c.37.1.20     -             94 d1w5sa2c.37.1.20.aln -            268   1.2e-12   43.2   0.1   1   1   3.7e-14   1.3e-12   43.2   0.1    49   150     2    92     1    94 0.97 -
#
# Program:         hmmsearch
# Version:         3.3.2 (Nov 2020)
# Pipeline mode:   SEARCH
# Query file:      /home/elise/Documents/M1-BIM/S2/TMEs/SBAS/tme08/models/scop30/d1w5sa2c.37.1.20.aln.hmm
# Target file:     /home/elise/Documents/M1-BIM/S2/TMEs/SBAS/tme08/scop/scop/scopTestSeq.fasta
# Option settings: hmmsearch --domtblout /home/elise/Documents/M1-BIM/S2/TMEs/SBAS/tme08/searchResults/scop30/d1w5sa2c.37.1.20.aln.out -E 1 /home/elise/Documents/M1-BIM/S2/TMEs/SBAS/tme08/models/scop30/d1w5sa2c.37.1.20.aln.hmm /home/elise/Documents/M1-BIM/S2/TMEs/SBAS/tme08/scop/scop/scopTestSeq.fasta 
# Current dir:     /home/elise/Documents/M1-BIM/S2/TMEs/SBAS/tme08
# Date:            Thu Apr 10 10:02:31 2025
# [ok]
