#                                                                            --- full sequence --- -------------- this domain -------------   hmm coord   ali coord   env coord
# target name        accession   tlen query name           accession   qlen   E-value  score  bias   #  of  c-Evalue  i-Evalue  score  bias  from    to  from    to  from    to  acc description of target
#------------------- ---------- ----- -------------------- ---------- ----- --------- ------ ----- --- --- --------- --------- ------ ----- ----- ----- ----- ----- ----- ----- ---- ---------------------
d1ji1a1b.1.18.2      -            122 d1w8oa1b.1.18.2.aln  -            107   5.5e-27   89.3   3.6   1   1   1.4e-28   6.1e-27   89.2   3.6     1   105     5   109     5   111 0.98 -
d1j0ha1b.1.18.2      -            123 d1w8oa1b.1.18.2.aln  -            107   6.9e-26   85.8   0.0   1   1   1.8e-27     8e-26   85.6   0.0     1   106     1   106     1   107 0.98 -
d1m7xa1b.1.18.2      -            110 d1w8oa1b.1.18.2.aln  -            107   2.8e-25   83.8   0.0   1   1     7e-27   3.1e-25   83.7   0.0     2   106     5   109     4   110 0.97 -
d1ut9a2b.1.18.2      -             98 d1w8oa1b.1.18.2.aln  -            107   7.4e-24   79.3   0.1   1   1   1.8e-25   7.9e-24   79.2   0.1    13   106     3    96     1    97 0.98 -
d2fhfa1b.1.18.2      -            115 d1w8oa1b.1.18.2.aln  -            107   1.8e-23   78.1   3.8   1   1   4.5e-25     2e-23   77.9   3.8     1   107     1   107     1   107 0.98 -
d1edqa1b.1.18.2      -            109 d1w8oa1b.1.18.2.aln  -            107   6.4e-23   76.3   2.8   1   1   1.6e-24     7e-23   76.2   2.8     2   107     1   106     1   106 0.98 -
d1txka1b.1.18.2      -            115 d1w8oa1b.1.18.2.aln  -            107     8e-23   76.0   1.5   1   1     2e-24   8.8e-23   75.8   1.5     1   106     5   110     5   111 0.99 -
d2fhfa2b.1.18.2      -            125 d1w8oa1b.1.18.2.aln  -            107   8.4e-23   75.9   0.1   1   1   2.4e-24     1e-22   75.6   0.1     1   106     4   109     4   110 0.98 -
d1bf2a1b.1.18.2      -            162 d1w8oa1b.1.18.2.aln  -            107     2e-22   74.7   4.6   1   1   5.8e-24   2.5e-22   74.4   4.6     1   104    12   115    12   118 0.98 -
d1qbaa1b.1.18.2      -            105 d1w8oa1b.1.18.2.aln  -            107   1.1e-21   72.4   0.0   1   1   2.6e-23   1.2e-21   72.2   0.0     2   102     4   104     3   105 0.98 -
d1k3ia1b.1.18.2      -            102 d1w8oa1b.1.18.2.aln  -            107   4.8e-21   70.3   1.6   1   1   1.2e-22   5.1e-21   70.2   1.6     7   106     2   101     1   102 0.97 -
d2bhua1b.1.18.2      -             97 d1w8oa1b.1.18.2.aln  -            107   2.2e-19   65.0   0.1   1   1   5.3e-21   2.3e-19   64.9   0.1     8   102     1    95     1    97 0.97 -
d1clca2b.1.18.2      -            100 d1w8oa1b.1.18.2.aln  -            107   3.6e-19   64.3   0.1   1   1   8.9e-21   3.9e-19   64.1   0.1     2   101     5    99     4   100 0.96 -
d1h3ga1b.1.18.2      -             93 d1w8oa1b.1.18.2.aln  -            107   4.8e-19   63.9   0.0   1   1   1.2e-20   5.1e-19   63.8   0.0    15   106     1    92     1    93 0.97 -
d2bvya1b.1.18.2      -             94 d1w8oa1b.1.18.2.aln  -            107   1.7e-15   52.4   9.5   1   1   4.2e-17   1.9e-15   52.3   9.5    14   106     2    94     1    94 0.97 -
d3bmva1b.1.18.2      -             83 d1w8oa1b.1.18.2.aln  -            107   6.1e-14   47.5   1.7   1   1   1.5e-15   6.6e-14   47.4   1.7    21   102     2    83     1    83 0.98 -
d1f1sa2b.1.18.2      -             78 d1w8oa1b.1.18.2.aln  -            107   1.4e-13   46.3   0.4   1   1   3.5e-15   1.5e-13   46.2   0.4    22    99     1    78     1    78 0.98 -
d1ulva2b.1.18.2      -             89 d1w8oa1b.1.18.2.aln  -            107   1.5e-12   43.0   5.3   1   1   3.7e-14   1.6e-12   42.9   5.3    12   101     3    86     1    89 0.92 -
#
# Program:         hmmsearch
# Version:         3.3.2 (Nov 2020)
# Pipeline mode:   SEARCH
# Query file:      /home/elise/Documents/M1-BIM/S2/TMEs/SBAS/tme08/models/scop30/d1w8oa1b.1.18.2.aln.hmm
# Target file:     /home/elise/Documents/M1-BIM/S2/TMEs/SBAS/tme08/scop/scop/scopTestSeq.fasta
# Option settings: hmmsearch --domtblout /home/elise/Documents/M1-BIM/S2/TMEs/SBAS/tme08/searchResults/scop30/d1w8oa1b.1.18.2.aln.out -E 1 /home/elise/Documents/M1-BIM/S2/TMEs/SBAS/tme08/models/scop30/d1w8oa1b.1.18.2.aln.hmm /home/elise/Documents/M1-BIM/S2/TMEs/SBAS/tme08/scop/scop/scopTestSeq.fasta 
# Current dir:     /home/elise/Documents/M1-BIM/S2/TMEs/SBAS/tme08
# Date:            Thu Apr 10 10:02:31 2025
# [ok]
