#                                                                            --- full sequence --- -------------- this domain -------------   hmm coord   ali coord   env coord
# target name        accession   tlen query name           accession   qlen   E-value  score  bias   #  of  c-Evalue  i-Evalue  score  bias  from    to  from    to  from    to  acc description of target
#------------------- ---------- ----- -------------------- ---------- ----- --------- ------ ----- --- --- --------- --------- ------ ----- ----- ----- ----- ----- ----- ----- ---- ---------------------
d1fsga_c.61.1.1      -            233 d1wd5a_c.61.1.1.aln  -            207   5.3e-65  213.9   0.0   1   1   1.1e-66     6e-65  213.7   0.0     2   206    16   224    15   225 0.99 -
d1dqna_c.61.1.1      -            230 d1wd5a_c.61.1.1.aln  -            207   2.4e-62  205.2   0.0   1   1   5.2e-64   2.9e-62  204.9   0.0     1   206     1   202     1   203 0.99 -
d1p4aa2c.61.1.1      -            202 d1wd5a_c.61.1.1.aln  -            207   1.4e-58  192.9   0.2   1   1   2.8e-60   1.6e-58  192.7   0.2     1   202     1   202     1   202 0.99 -
d1qb7a_c.61.1.1      -            236 d1wd5a_c.61.1.1.aln  -            207   2.1e-58  192.3   0.0   1   1   4.2e-60   2.4e-58  192.2   0.0     2   206     7   220     6   221 0.99 -
d1tc1a_c.61.1.1      -            184 d1wd5a_c.61.1.1.aln  -            207   3.2e-58  191.7   0.1   1   1   6.3e-60   3.5e-58  191.6   0.1    28   206     1   182     1   183 0.99 -
d1ecfa1c.61.1.1      -            243 d1wd5a_c.61.1.1.aln  -            207   2.9e-55  182.1   0.2   1   1   5.8e-57   3.3e-55  181.9   0.2     1   207    16   234    16   234 0.99 -
d2aeea1c.61.1.1      -            208 d1wd5a_c.61.1.1.aln  -            207   4.9e-54  178.1   0.1   1   1   9.7e-56   5.5e-54  177.9   0.1     1   206     1   199     1   200 0.99 -
d1y0ba1c.61.1.1      -            191 d1wd5a_c.61.1.1.aln  -            207   1.7e-51  169.8   0.2   1   1   3.4e-53   1.9e-51  169.6   0.2     7   196     1   191     1   191 0.99 -
d1xtta1c.61.1.1      -            215 d1wd5a_c.61.1.1.aln  -            207     2e-51  169.6   3.3   1   1   3.9e-53   2.2e-51  169.4   3.3     1   203     4   214     4   215 0.99 -
d1a3ca_c.61.1.1      -            178 d1wd5a_c.61.1.1.aln  -            207     3e-47  155.9   2.5   1   1   5.8e-49   3.3e-47  155.8   2.5    32   207     2   178     1   178 0.99 -
d1vdma1c.61.1.1      -            153 d1wd5a_c.61.1.1.aln  -            207   3.1e-46  152.6   0.6   1   1   6.1e-48   3.5e-46  152.4   0.6    31   197     1   152     1   153 0.99 -
d1vcha1c.61.1.1      -            174 d1wd5a_c.61.1.1.aln  -            207   4.2e-46  152.2   0.0   1   1   8.2e-48   4.6e-46  152.0   0.0     6   178     1   173     1   174 0.98 -
d1nula_c.61.1.1      -            150 d1wd5a_c.61.1.1.aln  -            207   1.9e-40  133.7   0.0   1   1   3.7e-42   2.1e-40  133.5   0.0    32   200     1   148     1   150 0.97 -
d1wd5a_c.61.1.1      -            208 d1wd5a_c.61.1.1.aln  -            207   5.3e-09   31.0   1.2   1   2       1.1        61   -1.9   0.1    69    99    26    55    22    58 0.76 -
d1wd5a_c.61.1.1      -            208 d1wd5a_c.61.1.1.aln  -            207   5.3e-09   31.0   1.2   2   2   1.2e-10     7e-09   30.6   0.1   106   194   102   192    99   203 0.87 -
#
# Program:         hmmsearch
# Version:         3.3.2 (Nov 2020)
# Pipeline mode:   SEARCH
# Query file:      /home/elise/Documents/M1-BIM/S2/TMEs/SBAS/tme08/models/scop30/d1wd5a_c.61.1.1.aln.hmm
# Target file:     /home/elise/Documents/M1-BIM/S2/TMEs/SBAS/tme08/scop/scop/scopTestSeq.fasta
# Option settings: hmmsearch --domtblout /home/elise/Documents/M1-BIM/S2/TMEs/SBAS/tme08/searchResults/scop30/d1wd5a_c.61.1.1.aln.out -E 1 /home/elise/Documents/M1-BIM/S2/TMEs/SBAS/tme08/models/scop30/d1wd5a_c.61.1.1.aln.hmm /home/elise/Documents/M1-BIM/S2/TMEs/SBAS/tme08/scop/scop/scopTestSeq.fasta 
# Current dir:     /home/elise/Documents/M1-BIM/S2/TMEs/SBAS/tme08
# Date:            Thu Apr 10 10:02:31 2025
# [ok]
