#                                                                            --- full sequence --- -------------- this domain -------------   hmm coord   ali coord   env coord
# target name        accession   tlen query name           accession   qlen   E-value  score  bias   #  of  c-Evalue  i-Evalue  score  bias  from    to  from    to  from    to  acc description of target
#------------------- ---------- ----- -------------------- ---------- ----- --------- ------ ----- --- --- --------- --------- ------ ----- ----- ----- ----- ----- ----- ----- ---- ---------------------
d2je6i1b.40.4.5      -             87 d1wfqa_b.40.4.5.aln  -             93   9.9e-16   53.1   0.4   1   1   4.9e-17   1.1e-15   53.0   0.4     6    89     1    86     1    87 0.97 -
d1luza_b.40.4.5      -             85 d1wfqa_b.40.4.5.aln  -             93   4.4e-15   51.1   0.6   1   1   2.1e-16   4.7e-15   51.0   0.6     6    89     2    85     1    85 0.96 -
d1jt8a_b.40.4.5      -            102 d1wfqa_b.40.4.5.aln  -             93   1.1e-14   49.9   0.3   1   1   5.3e-16   1.2e-14   49.7   0.3     6    92     3    93     1    94 0.97 -
d3bzka4b.40.4.5      -             94 d1wfqa_b.40.4.5.aln  -             93   3.5e-14   48.2   1.0   1   1   1.7e-15   3.8e-14   48.1   1.0     2    91     8    91     7    93 0.94 -
d2nn6h1b.40.4.5      -             95 d1wfqa_b.40.4.5.aln  -             93   6.7e-13   44.1   0.0   1   1   3.3e-14   7.3e-13   44.0   0.0     5    88     1    93     1    95 0.97 -
d1kl9a2b.40.4.5      -             86 d1wfqa_b.40.4.5.aln  -             93   7.3e-13   44.0   1.0   1   1   3.6e-14   7.8e-13   43.9   1.0     2    82     3    84     2    86 0.96 -
d1go3e1b.40.4.5      -            106 d1wfqa_b.40.4.5.aln  -             93     8e-13   43.9   0.7   1   1   4.6e-14     1e-12   43.6   0.7    10    92     1    92     1    93 0.97 -
d2ja9a1b.40.4.5      -             90 d1wfqa_b.40.4.5.aln  -             93   8.9e-13   43.8   0.0   1   1   4.4e-14   9.6e-13   43.7   0.0     7    91     2    85     1    87 0.96 -
d2vnud1b.40.4.5      -             95 d1wfqa_b.40.4.5.aln  -             93   2.5e-12   42.3   0.0   1   1   1.2e-13   2.7e-12   42.2   0.0     2    89     7    94     6    95 0.97 -
d1y14b1b.40.4.5      -             91 d1wfqa_b.40.4.5.aln  -             93   1.3e-11   40.0   0.0   1   1   6.5e-13   1.4e-11   39.9   0.0     3    90     3    89     1    91 0.95 -
d2vnud2b.40.4.5      -             88 d1wfqa_b.40.4.5.aln  -             93   2.2e-11   39.3   0.4   1   1   1.1e-12   2.3e-11   39.2   0.4     5    90     1    86     1    88 0.97 -
d2nn6i1b.40.4.5      -            125 d1wfqa_b.40.4.5.aln  -             93   2.3e-11   39.3   0.1   1   1   1.2e-12   2.7e-11   39.1   0.1     2    92    12   107    11   108 0.97 -
d1smxa_b.40.4.5      -             87 d1wfqa_b.40.4.5.aln  -             93   2.6e-11   39.1   0.0   1   1   1.3e-12   2.8e-11   39.0   0.0     2    86     2    84     1    87 0.96 -
d2uubq1b.40.4.5      -            100 d1wfqa_b.40.4.5.aln  -             93   4.6e-11   38.3   3.1   1   1   2.3e-12   5.1e-11   38.2   3.1     2    92     7    98     6    99 0.97 -
d1wi5a_b.40.4.5      -            119 d1wfqa_b.40.4.5.aln  -             93     5e-11   38.2   0.0   1   1   2.5e-12   5.6e-11   38.1   0.0     3    91     6   101     4   103 0.96 -
d2uubl1b.40.4.5      -            118 d1wfqa_b.40.4.5.aln  -             93   8.3e-11   37.5   2.2   1   1   4.4e-12   9.7e-11   37.3   2.2     2    91     9   106     8   108 0.96 -
d2ix0a1b.40.4.5      -             90 d1wfqa_b.40.4.5.aln  -             93   1.2e-10   37.0   0.0   1   1   5.9e-12   1.3e-10   36.9   0.0     8    92     3    89     1    90 0.96 -
d2vnud3b.40.4.5      -            148 d1wfqa_b.40.4.5.aln  -             93   2.4e-10   36.0   0.0   1   1   1.6e-11   3.5e-10   35.5   0.0     2    92    21   122    20   123 0.97 -
d1jjga_b.40.4.5      -            102 d1wfqa_b.40.4.5.aln  -             93   5.2e-10   35.0   0.2   1   1   2.6e-11   5.7e-10   34.8   0.2     1    91     1    92     1    94 0.98 -
d1hh2p1b.40.4.5      -             72 d1wfqa_b.40.4.5.aln  -             93   5.2e-10   35.0   0.3   1   1   2.6e-11   5.7e-10   34.9   0.3    19    83     7    71     2    72 0.93 -
d1d7qa_b.40.4.5      -            143 d1wfqa_b.40.4.5.aln  -             93   5.4e-10   34.9   0.1   1   1   3.2e-11   6.9e-10   34.6   0.1     2    92    10   115     9   116 0.97 -
d2ix0a3b.40.4.5      -             87 d1wfqa_b.40.4.5.aln  -             93   1.2e-09   33.9   0.1   1   1   5.6e-11   1.2e-09   33.8   0.1     4    83     3    86     1    87 0.95 -
d1a62a2b.40.4.5      -             78 d1wfqa_b.40.4.5.aln  -             93   1.5e-09   33.5   0.0   1   1   7.2e-11   1.6e-09   33.4   0.0    15    91     3    77     1    78 0.96 -
d2asba1b.40.4.5      -             76 d1wfqa_b.40.4.5.aln  -             93   1.7e-09   33.3   0.2   1   1   8.2e-11   1.8e-09   33.3   0.2    10    83     2    75     1    76 0.96 -
d2ix0a2b.40.4.5      -             79 d1wfqa_b.40.4.5.aln  -             93     2e-09   33.1   0.0   1   1   9.2e-11     2e-09   33.1   0.0     9    84     2    77     1    79 0.93 -
d1e3pa2b.40.4.5      -             62 d1wfqa_b.40.4.5.aln  -             93     2e-09   33.1   0.1   1   1   9.9e-11   2.2e-09   33.0   0.1    18    75     1    61     1    62 0.96 -
d1khia2b.40.4.5      -             71 d1wfqa_b.40.4.5.aln  -             93   3.4e-09   32.4   0.1   1   1   1.6e-10   3.6e-09   32.3   0.1     8    73     2    68     1    71 0.95 -
d1x6oa2b.40.4.5      -             79 d1wfqa_b.40.4.5.aln  -             93   1.2e-08   30.7   0.0   1   1   5.4e-10   1.2e-08   30.7   0.0     9    79     2    73     1    79 0.95 -
d3i4oa_b.40.4.5      -             68 d1wfqa_b.40.4.5.aln  -             93   1.2e-07   27.5   0.4   1   1   5.6e-09   1.2e-07   27.4   0.4    13    82     3    67     1    68 0.95 -
d1t9ha1b.40.4.5      -             67 d1wfqa_b.40.4.5.aln  -             93   2.1e-07   26.7   0.2   1   1     1e-08   2.2e-07   26.6   0.2     9    74     3    66     1    67 0.96 -
d1c9oa_b.40.4.5      -             66 d1wfqa_b.40.4.5.aln  -             93   2.4e-07   26.5   0.0   1   1   1.3e-08   2.7e-07   26.3   0.0    14    81     2    64     1    65 0.93 -
d1bkba2b.40.4.5      -             65 d1wfqa_b.40.4.5.aln  -             93   4.5e-07   25.6   0.3   1   1   2.1e-08   4.7e-07   25.6   0.3    15    79     2    64     1    65 0.94 -
d1ueba2b.40.4.5      -             63 d1wfqa_b.40.4.5.aln  -             93     1e-06   24.5   0.0   1   1     5e-08   1.1e-06   24.4   0.0    11    73     1    61     1    63 0.94 -
d1u0la1b.40.4.5      -             66 d1wfqa_b.40.4.5.aln  -             93   3.5e-06   22.8   0.3   1   1   1.7e-07   3.6e-06   22.8   0.3     7    73     2    64     1    66 0.94 -
d1ne3a_b.40.4.5      -             68 d1wfqa_b.40.4.5.aln  -             93   1.9e-05   20.5   0.1   1   1   8.5e-07   1.9e-05   20.5   0.1    14    77     7    66     1    68 0.89 -
d1rl2a2b.40.4.5      -             66 d1wfqa_b.40.4.5.aln  -             93   0.00093   15.1   0.1   1   1   4.3e-05   0.00095   15.1   0.1    13    75     2    62     1    66 0.91 -
#
# Program:         hmmsearch
# Version:         3.3.2 (Nov 2020)
# Pipeline mode:   SEARCH
# Query file:      /home/elise/Documents/M1-BIM/S2/TMEs/SBAS/tme08/models/scop30/d1wfqa_b.40.4.5.aln.hmm
# Target file:     /home/elise/Documents/M1-BIM/S2/TMEs/SBAS/tme08/scop/scop/scopTestSeq.fasta
# Option settings: hmmsearch --domtblout /home/elise/Documents/M1-BIM/S2/TMEs/SBAS/tme08/searchResults/scop30/d1wfqa_b.40.4.5.aln.out -E 1 /home/elise/Documents/M1-BIM/S2/TMEs/SBAS/tme08/models/scop30/d1wfqa_b.40.4.5.aln.hmm /home/elise/Documents/M1-BIM/S2/TMEs/SBAS/tme08/scop/scop/scopTestSeq.fasta 
# Current dir:     /home/elise/Documents/M1-BIM/S2/TMEs/SBAS/tme08
# Date:            Thu Apr 10 10:02:31 2025
# [ok]
