#                                                                            --- full sequence --- -------------- this domain -------------   hmm coord   ali coord   env coord
# target name        accession   tlen query name           accession   qlen   E-value  score  bias   #  of  c-Evalue  i-Evalue  score  bias  from    to  from    to  from    to  acc description of target
#------------------- ---------- ----- -------------------- ---------- ----- --------- ------ ----- --- --- --------- --------- ------ ----- ----- ----- ----- ----- ----- ----- ---- ---------------------
d3bpza_b.82.3.2      -            194 d1wgpa_b.82.3.2.aln  -            136   4.2e-45  148.5   0.0   1   1   9.8e-47   6.4e-45  147.9   0.0     2   135    54   185    53   186 0.98 -
d1cx4a1b.82.3.2      -            136 d1wgpa_b.82.3.2.aln  -            136   1.4e-44  146.8   0.0   1   1   2.4e-46   1.6e-44  146.6   0.0     2   134     2   136     1   136 0.99 -
d1o7fa2b.82.3.2      -            155 d1wgpa_b.82.3.2.aln  -            136   5.8e-44  144.8   0.0   1   1   9.8e-46   6.4e-44  144.7   0.0     2   134    10   146     9   148 0.98 -
d1o7fa3b.82.3.2      -            124 d1wgpa_b.82.3.2.aln  -            136   1.6e-42  140.2   0.0   1   1   2.6e-44   1.7e-42  140.0   0.0     8   128     2   123     1   124 0.98 -
d1zyba2b.82.3.2      -            147 d1wgpa_b.82.3.2.aln  -            136   6.5e-42  138.2   0.1   1   1   1.1e-43   7.2e-42  138.0   0.1     2   135    13   143    12   144 0.98 -
d1vp6a_b.82.3.2      -            133 d1wgpa_b.82.3.2.aln  -            136   2.1e-41  136.5   0.0   1   1   3.5e-43   2.3e-41  136.4   0.0     7   135     2   126     1   127 0.98 -
d2gaua2b.82.3.2      -            142 d1wgpa_b.82.3.2.aln  -            136   2.8e-41  136.1   0.0   1   1   4.7e-43   3.1e-41  136.0   0.0     2   136     6   142     5   142 0.99 -
d3e5ua2b.82.3.2      -            139 d1wgpa_b.82.3.2.aln  -            136   2.7e-38  126.5   0.1   1   1   4.5e-40     3e-38  126.3   0.1     1   135     6   139     6   139 0.99 -
d1cx4a2b.82.3.2      -            147 d1wgpa_b.82.3.2.aln  -            136   1.9e-37  123.7   0.1   1   1   3.3e-39   2.1e-37  123.5   0.1    16   135     2   130     1   131 0.98 -
d1o5la1b.82.3.2      -            129 d1wgpa_b.82.3.2.aln  -            136   3.8e-34  113.0   0.1   1   1   6.3e-36   4.1e-34  112.9   0.1     3   136     1   129     1   129 0.99 -
d2zcwa2b.82.3.2      -            112 d1wgpa_b.82.3.2.aln  -            136   8.5e-25   82.7   0.0   1   1   1.4e-26   9.3e-25   82.6   0.0    19   132     1   112     1   112 0.98 -
d1wgpa_b.82.3.2      -            137 d1wgpa_b.82.3.2.aln  -            136    0.0015   14.0   0.0   1   1     3e-05     0.002   13.5   0.0    19    75     9    64     6    94 0.86 -
#
# Program:         hmmsearch
# Version:         3.3.2 (Nov 2020)
# Pipeline mode:   SEARCH
# Query file:      /home/elise/Documents/M1-BIM/S2/TMEs/SBAS/tme08/models/scop30/d1wgpa_b.82.3.2.aln.hmm
# Target file:     /home/elise/Documents/M1-BIM/S2/TMEs/SBAS/tme08/scop/scop/scopTestSeq.fasta
# Option settings: hmmsearch --domtblout /home/elise/Documents/M1-BIM/S2/TMEs/SBAS/tme08/searchResults/scop30/d1wgpa_b.82.3.2.aln.out -E 1 /home/elise/Documents/M1-BIM/S2/TMEs/SBAS/tme08/models/scop30/d1wgpa_b.82.3.2.aln.hmm /home/elise/Documents/M1-BIM/S2/TMEs/SBAS/tme08/scop/scop/scopTestSeq.fasta 
# Current dir:     /home/elise/Documents/M1-BIM/S2/TMEs/SBAS/tme08
# Date:            Thu Apr 10 10:02:31 2025
# [ok]
