#                                                                            --- full sequence --- -------------- this domain -------------   hmm coord   ali coord   env coord
# target name        accession   tlen query name           accession   qlen   E-value  score  bias   #  of  c-Evalue  i-Evalue  score  bias  from    to  from    to  from    to  acc description of target
#------------------- ---------- ----- -------------------- ---------- ----- --------- ------ ----- --- --- --------- --------- ------ ----- ----- ----- ----- ----- ----- ----- ---- ---------------------
d3hl8a_c.55.3.5      -            470 d1wlja_c.55.3.5.aln  -            379  2.5e-149  492.4   0.5   1   1  5.1e-151  2.9e-149  492.2   0.5     1   379    20   434    20   434 1.00 -
d1s5ja1c.55.3.5      -            410 d1wlja_c.55.3.5.aln  -            379  5.4e-140  461.7   1.1   1   1  1.1e-141    6e-140  461.5   1.1     1   374     1   410     1   410 1.00 -
d1q8ia1c.55.3.5      -            388 d1wlja_c.55.3.5.aln  -            379  1.6e-133  440.4   0.0   1   1  3.1e-135  1.8e-133  440.3   0.0    28   379     1   388     1   388 1.00 -
d2hbja2c.55.3.5      -            292 d1wlja_c.55.3.5.aln  -            379   5.3e-97  320.2   2.1   1   1   1.1e-98   5.9e-97  320.0   2.1    83   373     1   292     1   292 1.00 -
d3mxma_c.55.3.5      -            229 d1wlja_c.55.3.5.aln  -            379     9e-62  204.3   0.0   1   1   1.8e-63   9.9e-62  204.1   0.0   129   358     1   228     1   229 1.00 -
d1w0ha_c.55.3.5      -            200 d1wlja_c.55.3.5.aln  -            379   3.5e-48  159.5   0.0   1   1   6.8e-50   3.8e-48  159.4   0.0   161   366     2   199     1   200 0.99 -
d1x9ma1c.55.3.5      -            204 d1wlja_c.55.3.5.aln  -            379   2.1e-47  156.9   0.0   1   1   4.2e-49   2.4e-47  156.8   0.0   158   370     1   204     1   204 0.99 -
d1yt3a3c.55.3.5      -            193 d1wlja_c.55.3.5.aln  -            379   6.9e-45  148.7   0.0   1   1   1.4e-46   7.6e-45  148.5   0.0   165   356     1   193     1   193 0.99 -
d2f96a1c.55.3.5      -            202 d1wlja_c.55.3.5.aln  -            379   1.8e-44  147.3   0.0   1   1   3.5e-46     2e-44  147.2   0.0   160   365     2   201     1   202 0.99 -
d1vk0a_c.55.3.5      -            206 d1wlja_c.55.3.5.aln  -            379   9.6e-43  141.6   0.0   1   1   1.9e-44   1.1e-42  141.5   0.0   161   364     2   205     1   206 0.99 -
d2py5a1c.55.3.5      -            183 d1wlja_c.55.3.5.aln  -            379   2.1e-38  127.3   0.1   1   1   4.1e-40   2.3e-38  127.2   0.1   162   353     2   183     1   183 0.99 -
d1kfsa1c.55.3.5      -            195 d1wlja_c.55.3.5.aln  -            379   2.4e-38  127.1   0.3   1   1   4.7e-40   2.7e-38  127.0   0.3   161   355     1   195     1   195 0.99 -
d2igia_c.55.3.5      -            180 d1wlja_c.55.3.5.aln  -            379   1.3e-36  121.4   0.1   1   1   2.6e-38   1.4e-36  121.3   0.1   166   351     2   179     1   180 0.98 -
d2guia_c.55.3.5      -            176 d1wlja_c.55.3.5.aln  -            379   2.3e-35  117.3   0.0   1   1   4.5e-37   2.5e-35  117.2   0.0   177   356     3   175     1   176 0.98 -
#
# Program:         hmmsearch
# Version:         3.3.2 (Nov 2020)
# Pipeline mode:   SEARCH
# Query file:      /home/elise/Documents/M1-BIM/S2/TMEs/SBAS/tme08/models/scop30/d1wlja_c.55.3.5.aln.hmm
# Target file:     /home/elise/Documents/M1-BIM/S2/TMEs/SBAS/tme08/scop/scop/scopTestSeq.fasta
# Option settings: hmmsearch --domtblout /home/elise/Documents/M1-BIM/S2/TMEs/SBAS/tme08/searchResults/scop30/d1wlja_c.55.3.5.aln.out -E 1 /home/elise/Documents/M1-BIM/S2/TMEs/SBAS/tme08/models/scop30/d1wlja_c.55.3.5.aln.hmm /home/elise/Documents/M1-BIM/S2/TMEs/SBAS/tme08/scop/scop/scopTestSeq.fasta 
# Current dir:     /home/elise/Documents/M1-BIM/S2/TMEs/SBAS/tme08
# Date:            Thu Apr 10 10:02:31 2025
# [ok]
