#                                                                            --- full sequence --- -------------- this domain -------------   hmm coord   ali coord   env coord
# target name        accession   tlen query name           accession   qlen   E-value  score  bias   #  of  c-Evalue  i-Evalue  score  bias  from    to  from    to  from    to  acc description of target
#------------------- ---------- ----- -------------------- ---------- ----- --------- ------ ----- --- --- --------- --------- ------ ----- ----- ----- ----- ----- ----- ----- ---- ---------------------
d1qdda_d.169.1.1     -            144 d1wmza_d.169.1.1.aln -            130   2.8e-43  142.8   2.9   1   1   5.2e-45   3.2e-43  142.7   2.9     2   128    13   143    12   144 0.98 -
d2ziba_d.169.1.1     -            130 d1wmza_d.169.1.1.aln -            130   6.3e-40  132.0   4.5   1   1   1.1e-41     7e-40  131.9   4.5     2   129     6   129     5   130 0.98 -
d3l9jc_d.169.1.1     -            134 d1wmza_d.169.1.1.aln -            130   2.9e-36  120.2   2.7   1   1   5.2e-38   3.1e-36  120.0   2.7     2   127     2   132     1   134 0.96 -
d1qo3c_d.169.1.1     -            133 d1wmza_d.169.1.1.aln -            130   4.5e-35  116.3   4.8   1   1   8.3e-37     5e-35  116.2   4.8     3   129    14   132    12   133 0.96 -
d1pwba1d.169.1.1     -            121 d1wmza_d.169.1.1.aln -            130   4.7e-35  116.2   0.0   1   1   8.5e-37   5.2e-35  116.1   0.0     6   127     2   121     1   121 0.97 -
d1gz2a_d.169.1.1     -            139 d1wmza_d.169.1.1.aln -            130   6.8e-35  115.7   0.0   1   1   1.2e-36   7.5e-35  115.6   0.0     3   128     2   138     1   139 0.91 -
d1g1ta1d.169.1.1     -            118 d1wmza_d.169.1.1.aln -            130   2.7e-34  113.8   5.0   1   1   4.9e-36     3e-34  113.7   5.0    13   126     1   118     1   118 0.97 -
d1h8ua_d.169.1.1     -            115 d1wmza_d.169.1.1.aln -            130   1.1e-33  111.9   5.0   1   1   1.9e-35   1.1e-33  111.8   5.0    15   126     2   114     1   115 0.97 -
d1wk1a_d.169.1.1     -            150 d1wmza_d.169.1.1.aln -            130   3.7e-33  110.1   0.0   1   1   6.9e-35   4.2e-33  109.9   0.0     7   129     3   131     1   132 0.97 -
d3hupa_d.169.1.1     -            121 d1wmza_d.169.1.1.aln -            130   4.8e-33  109.8  10.1   1   1   8.7e-35   5.3e-33  109.6  10.1     2   129     6   120     5   121 0.97 -
d1byfa_d.169.1.1     -            123 d1wmza_d.169.1.1.aln -            130     6e-31  103.0   0.0   1   1   1.1e-32   6.6e-31  102.8   0.0    13   129     2   122     1   123 0.96 -
d1kg0c_d.169.1.1     -            136 d1wmza_d.169.1.1.aln -            130   9.3e-30   99.1   5.5   1   1   1.9e-31   1.1e-29   98.8   5.5     1   129    17   135    17   136 0.98 -
d1wmza_d.169.1.1     -            140 d1wmza_d.169.1.1.aln -            130   3.3e-18   61.8   7.9   1   1   9.2e-20   5.6e-18   61.0   7.9     2   126     2   136     1   139 0.92 -
#
# Program:         hmmsearch
# Version:         3.3.2 (Nov 2020)
# Pipeline mode:   SEARCH
# Query file:      /home/elise/Documents/M1-BIM/S2/TMEs/SBAS/tme08/models/scop30/d1wmza_d.169.1.1.aln.hmm
# Target file:     /home/elise/Documents/M1-BIM/S2/TMEs/SBAS/tme08/scop/scop/scopTestSeq.fasta
# Option settings: hmmsearch --domtblout /home/elise/Documents/M1-BIM/S2/TMEs/SBAS/tme08/searchResults/scop30/d1wmza_d.169.1.1.aln.out -E 1 /home/elise/Documents/M1-BIM/S2/TMEs/SBAS/tme08/models/scop30/d1wmza_d.169.1.1.aln.hmm /home/elise/Documents/M1-BIM/S2/TMEs/SBAS/tme08/scop/scop/scopTestSeq.fasta 
# Current dir:     /home/elise/Documents/M1-BIM/S2/TMEs/SBAS/tme08
# Date:            Thu Apr 10 10:02:31 2025
# [ok]
