#                                                                            --- full sequence --- -------------- this domain -------------   hmm coord   ali coord   env coord
# target name        accession   tlen query name           accession   qlen   E-value  score  bias   #  of  c-Evalue  i-Evalue  score  bias  from    to  from    to  from    to  acc description of target
#------------------- ---------- ----- -------------------- ---------- ----- --------- ------ ----- --- --- --------- --------- ------ ----- ----- ----- ----- ----- ----- ----- ---- ---------------------
d1qf6a4d.104.1.1     -            291 d1wu7a2d.104.1.1.aln -            292   2.8e-82  271.6   0.2   1   1   5.8e-84   3.1e-82  271.5   0.2     1   292     4   291     4   291 0.99 -
d1g5ha2d.104.1.1     -            290 d1wu7a2d.104.1.1.aln -            292   8.1e-80  263.5   0.0   1   1   1.7e-81     9e-80  263.4   0.0     2   291     2   289     1   290 0.99 -
d1atia2d.104.1.1     -            394 d1wu7a2d.104.1.1.aln -            292   5.4e-77  254.3   4.1   1   1   1.2e-78   6.4e-77  254.0   4.1     1   292    60   378    60   378 0.99 -
d1b8aa2d.104.1.1     -            335 d1wu7a2d.104.1.1.aln -            292   1.4e-75  249.7   4.3   1   1   2.9e-77   1.5e-75  249.5   4.3     2   292     5   321     4   321 0.99 -
d1h4vb2d.104.1.1     -            324 d1wu7a2d.104.1.1.aln -            292   1.7e-75  249.3   6.8   1   1   3.7e-77   1.9e-75  249.2   6.8     2   291     7   321     6   322 0.99 -
d12asa_d.104.1.1     -            327 d1wu7a2d.104.1.1.aln -            292   1.2e-74  246.5   0.0   1   1   2.6e-76   1.4e-74  246.4   0.0     6   291     2   307     1   308 0.99 -
d1j5wa_d.104.1.1     -            281 d1wu7a2d.104.1.1.aln -            292   1.3e-74  246.5   1.4   1   1   2.7e-76   1.4e-74  246.3   1.4     2   291     1   281     1   281 0.99 -
d1nnha_d.104.1.1     -            293 d1wu7a2d.104.1.1.aln -            292   1.2e-71  236.8   2.7   1   1   2.5e-73   1.3e-71  236.6   2.7    19   291     2   277     1   278 0.99 -
d1hc7a2d.104.1.1     -            272 d1wu7a2d.104.1.1.aln -            292   6.2e-71  234.4   2.2   1   1   1.3e-72   6.9e-71  234.2   2.2     6   291     2   271     1   272 0.99 -
d1z7ma1d.104.1.1     -            318 d1wu7a2d.104.1.1.aln -            292   7.2e-71  234.2   0.4   1   1   1.5e-72     8e-71  234.0   0.4     1   291     5   317     5   318 0.99 -
d1seta2d.104.1.1     -            311 d1wu7a2d.104.1.1.aln -            292     2e-68  226.2   1.7   1   1   4.2e-70   2.2e-68  226.0   1.7     2   291     7   287     6   288 0.99 -
d1usya_d.104.1.1     -            275 d1wu7a2d.104.1.1.aln -            292     7e-64  211.2   0.1   1   1   1.5e-65   7.8e-64  211.1   0.1     5   292     1   275     1   275 0.99 -
d1yfsa2d.104.1.1     -            236 d1wu7a2d.104.1.1.aln -            292   1.1e-60  200.7   0.4   1   1   2.4e-62   1.3e-60  200.6   0.4    34   292     4   236     1   236 0.99 -
d1jjcb5d.104.1.1     -            207 d1wu7a2d.104.1.1.aln -            292   1.2e-38  128.5   3.7   1   1   2.5e-40   1.3e-38  128.3   3.7    21   245     2   204     1   206 0.98 -
d1wu7a2d.104.1.1     -            327 d1wu7a2d.104.1.1.aln -            292   2.7e-05   18.9   0.2   1   2   1.3e-06   6.7e-05   17.7   0.1    24   132    31   145    20   161 0.87 -
d1wu7a2d.104.1.1     -            327 d1wu7a2d.104.1.1.aln -            292   2.7e-05   18.9   0.2   2   2       1.7        92   -2.5   0.0   256   281   185   210   182   213 0.84 -
#
# Program:         hmmsearch
# Version:         3.3.2 (Nov 2020)
# Pipeline mode:   SEARCH
# Query file:      /home/elise/Documents/M1-BIM/S2/TMEs/SBAS/tme08/models/scop30/d1wu7a2d.104.1.1.aln.hmm
# Target file:     /home/elise/Documents/M1-BIM/S2/TMEs/SBAS/tme08/scop/scop/scopTestSeq.fasta
# Option settings: hmmsearch --domtblout /home/elise/Documents/M1-BIM/S2/TMEs/SBAS/tme08/searchResults/scop30/d1wu7a2d.104.1.1.aln.out -E 1 /home/elise/Documents/M1-BIM/S2/TMEs/SBAS/tme08/models/scop30/d1wu7a2d.104.1.1.aln.hmm /home/elise/Documents/M1-BIM/S2/TMEs/SBAS/tme08/scop/scop/scopTestSeq.fasta 
# Current dir:     /home/elise/Documents/M1-BIM/S2/TMEs/SBAS/tme08
# Date:            Thu Apr 10 10:02:31 2025
# [ok]
