#                                                                            --- full sequence --- -------------- this domain -------------   hmm coord   ali coord   env coord
# target name        accession   tlen query name           accession   qlen   E-value  score  bias   #  of  c-Evalue  i-Evalue  score  bias  from    to  from    to  from    to  acc description of target
#------------------- ---------- ----- -------------------- ---------- ----- --------- ------ ----- --- --- --------- --------- ------ ----- ----- ----- ----- ----- ----- ----- ---- ---------------------
d1gu2a_a.3.1.1       -            124 d1wvec_a.3.1.1.aln   -            116   9.7e-43  140.8   0.3   1   1   9.6e-45   1.1e-42  140.6   0.3     1   116     7   121     7   121 0.99 -
d1i8oa_a.3.1.1       -            114 d1wvec_a.3.1.1.aln   -            116   3.5e-40  132.6   0.8   1   1   3.4e-42   3.8e-40  132.4   0.8     3   115     2   114     1   114 0.99 -
d1e29a_a.3.1.1       -            135 d1wvec_a.3.1.1.aln   -            116   3.4e-39  129.4   0.0   1   1   3.3e-41   3.8e-39  129.2   0.0     2   116    10   124     9   124 0.98 -
d1h32b_a.3.1.1       -            138 d1wvec_a.3.1.1.aln   -            116   1.7e-38  127.1   0.0   1   1   1.6e-40   1.8e-38  127.0   0.0     2   116     1   138     1   138 0.99 -
d1c52a_a.3.1.1       -            131 d1wvec_a.3.1.1.aln   -            116     1e-36  121.4   0.2   1   1     1e-38   1.2e-36  121.2   0.2     1   116     1   120     1   120 0.99 -
d1dw0a_a.3.1.1       -            112 d1wvec_a.3.1.1.aln   -            116   4.5e-34  112.8   0.0   1   1   4.5e-36     5e-34  112.7   0.0     1   114     7   112     7   112 0.98 -
d1c75a_a.3.1.1       -             71 d1wvec_a.3.1.1.aln   -            116   9.6e-18   60.2   0.1   1   1   9.2e-20     1e-17   60.1   0.1    33   115     1    71     1    71 0.95 -
#
# Program:         hmmsearch
# Version:         3.3.2 (Nov 2020)
# Pipeline mode:   SEARCH
# Query file:      /home/elise/Documents/M1-BIM/S2/TMEs/SBAS/tme08/models/scop30/d1wvec_a.3.1.1.aln.hmm
# Target file:     /home/elise/Documents/M1-BIM/S2/TMEs/SBAS/tme08/scop/scop/scopTestSeq.fasta
# Option settings: hmmsearch --domtblout /home/elise/Documents/M1-BIM/S2/TMEs/SBAS/tme08/searchResults/scop30/d1wvec_a.3.1.1.aln.out -E 1 /home/elise/Documents/M1-BIM/S2/TMEs/SBAS/tme08/models/scop30/d1wvec_a.3.1.1.aln.hmm /home/elise/Documents/M1-BIM/S2/TMEs/SBAS/tme08/scop/scop/scopTestSeq.fasta 
# Current dir:     /home/elise/Documents/M1-BIM/S2/TMEs/SBAS/tme08
# Date:            Thu Apr 10 10:02:31 2025
# [ok]
