#                                                                            --- full sequence --- -------------- this domain -------------   hmm coord   ali coord   env coord
# target name        accession   tlen query name           accession   qlen   E-value  score  bias   #  of  c-Evalue  i-Evalue  score  bias  from    to  from    to  from    to  acc description of target
#------------------- ---------- ----- -------------------- ---------- ----- --------- ------ ----- --- --- --------- --------- ------ ----- ----- ----- ----- ----- ----- ----- ---- ---------------------
d1bf2a3c.1.8.1       -            475 d1wzaa2c.1.8.1.aln   -            445  2.2e-116  385.0  23.0   1   1  6.3e-118  2.5e-116  384.8  23.0     1   445     1   452     1   452 0.99 -
d1uoka2c.1.8.1       -            479 d1wzaa2c.1.8.1.aln   -            445  2.5e-113  374.9  16.7   1   1  7.5e-115    3e-113  374.7  16.7    10   445     2   438     1   438 1.00 -
d1g5aa2c.1.8.1       -            554 d1wzaa2c.1.8.1.aln   -            445  1.9e-112  372.0   8.3   1   1  7.9e-114  3.1e-112  371.3   8.3     1   444    17   519    17   520 0.99 -
d1h3ga3c.1.8.1       -            422 d1wzaa2c.1.8.1.aln   -            445  2.4e-110  365.1  14.1   1   1  6.8e-112  2.7e-110  364.9  14.1     9   441     4   422     1   422 0.99 -
d3bmva4c.1.8.1       -            406 d1wzaa2c.1.8.1.aln   -            445  1.6e-109  362.4  19.8   1   1  4.4e-111  1.7e-109  362.2  19.8     6   433     4   405     1   406 0.99 -
d1ji1a3c.1.8.1       -            432 d1wzaa2c.1.8.1.aln   -            445  1.2e-104  346.3  30.4   1   1  3.3e-106  1.3e-104  346.2  30.4     8   433     2   430     1   432 0.98 -
d2guya2c.1.8.1       -            381 d1wzaa2c.1.8.1.aln   -            445  1.5e-104  346.0  12.3   1   1  4.2e-106  1.7e-104  345.8  12.3     9   438     2   381     1   381 0.99 -
d2fhfa5c.1.8.1       -            563 d1wzaa2c.1.8.1.aln   -            445  8.2e-104  343.6   4.2   1   1  2.3e-105  9.2e-104  343.4   4.2     2   444     7   541     6   542 0.99 -
d1gjwa2c.1.8.1       -            572 d1wzaa2c.1.8.1.aln   -            445   2.1e-97  322.4   0.0   1   1   6.2e-99   2.4e-97  322.2   0.0     1   445    45   532    45   532 0.99 -
d1wdpa_c.1.8.1       -            493 d1wzaa2c.1.8.1.aln   -            445     4e-97  321.5   0.2   1   1   1.2e-98   4.6e-97  321.3   0.2     1   445    13   446    13   446 1.00 -
d1x1na1c.1.8.1       -            523 d1wzaa2c.1.8.1.aln   -            445   6.9e-97  320.7   0.1   1   1     2e-98   7.8e-97  320.5   0.1     2   445    14   495    13   495 0.99 -
d2bhua3c.1.8.1       -            420 d1wzaa2c.1.8.1.aln   -            445   2.8e-96  318.7   5.8   1   1     8e-98   3.1e-96  318.6   5.8     2   444     2   414     1   415 0.99 -
d1r7aa2c.1.8.1       -            434 d1wzaa2c.1.8.1.aln   -            445   2.6e-93  308.9   0.3   1   1   7.4e-95   2.9e-93  308.8   0.3     7   444     2   433     1   434 0.99 -
d1m7xa3c.1.8.1       -            396 d1wzaa2c.1.8.1.aln   -            445   7.9e-93  307.4  19.7   1   1   2.2e-94   8.7e-93  307.2  19.7     2   437     2   395     1   396 0.99 -
d1e43a2c.1.8.1       -            393 d1wzaa2c.1.8.1.aln   -            445   1.3e-89  296.8  18.9   1   1   3.7e-91   1.5e-89  296.6  18.9     6   434     2   393     1   393 0.99 -
d1vema2c.1.8.1       -            417 d1wzaa2c.1.8.1.aln   -            445   1.9e-85  283.1   6.9   1   1   5.3e-87   2.1e-85  282.9   6.9     1   436    14   416    14   417 0.99 -
d1kwga2c.1.8.1       -            393 d1wzaa2c.1.8.1.aln   -            445   5.3e-85  281.6   0.0   1   1   1.5e-86   5.9e-85  281.4   0.0     3   438     1   391     1   393 0.99 -
d1ht6a2c.1.8.1       -            347 d1wzaa2c.1.8.1.aln   -            445   5.6e-80  265.0   9.2   1   1   6.4e-81   2.5e-79  262.8   9.2     2   396     2   347     1   347 0.99 -
d1ua7a2c.1.8.1       -            344 d1wzaa2c.1.8.1.aln   -            445   1.2e-69  231.0  16.1   1   1   3.4e-71   1.3e-69  230.8  16.1     4   432     3   343     1   344 0.98 -
d1wzaa2c.1.8.1       -            409 d1wzaa2c.1.8.1.aln   -            445   2.9e-29   97.8  11.0   1   2   4.9e-25   1.9e-23   78.7   7.4    15   238     3   202     1   224 0.74 -
d1wzaa2c.1.8.1       -            409 d1wzaa2c.1.8.1.aln   -            445   2.9e-29   97.8  11.0   2   2     3e-07   1.2e-05   20.0   0.1   335   383   298   346   283   399 0.87 -
#
# Program:         hmmsearch
# Version:         3.3.2 (Nov 2020)
# Pipeline mode:   SEARCH
# Query file:      /home/elise/Documents/M1-BIM/S2/TMEs/SBAS/tme08/models/scop30/d1wzaa2c.1.8.1.aln.hmm
# Target file:     /home/elise/Documents/M1-BIM/S2/TMEs/SBAS/tme08/scop/scop/scopTestSeq.fasta
# Option settings: hmmsearch --domtblout /home/elise/Documents/M1-BIM/S2/TMEs/SBAS/tme08/searchResults/scop30/d1wzaa2c.1.8.1.aln.out -E 1 /home/elise/Documents/M1-BIM/S2/TMEs/SBAS/tme08/models/scop30/d1wzaa2c.1.8.1.aln.hmm /home/elise/Documents/M1-BIM/S2/TMEs/SBAS/tme08/scop/scop/scopTestSeq.fasta 
# Current dir:     /home/elise/Documents/M1-BIM/S2/TMEs/SBAS/tme08
# Date:            Thu Apr 10 10:02:31 2025
# [ok]
