#                                                                            --- full sequence --- -------------- this domain -------------   hmm coord   ali coord   env coord
# target name        accession   tlen query name           accession   qlen   E-value  score  bias   #  of  c-Evalue  i-Evalue  score  bias  from    to  from    to  from    to  acc description of target
#------------------- ---------- ----- -------------------- ---------- ----- --------- ------ ----- --- --- --------- --------- ------ ----- ----- ----- ----- ----- ----- ----- ---- ---------------------
d1uasa1b.71.1.1      -             89 d1wzaa1b.71.1.1.aln  -             88     7e-23   76.5   1.0   1   1   2.2e-24   7.8e-23   76.3   1.0     6    86     7    89     4    89 0.96 -
d1ji1a2b.71.1.1      -             83 d1wzaa1b.71.1.1.aln  -             88   1.9e-21   71.9   2.7   1   1   5.7e-23     2e-21   71.8   2.7     3    82     2    82     1    83 0.95 -
d1ea9c2b.71.1.1      -             80 d1wzaa1b.71.1.1.aln  -             88   2.6e-20   68.3   0.1   1   1   7.8e-22   2.8e-20   68.2   0.1     3    84     2    78     1    80 0.96 -
d1szna1b.71.1.1      -            103 d1wzaa1b.71.1.1.aln  -             88   2.2e-18   62.1   0.1   1   1     7e-20   2.5e-18   61.9   0.1     2    88    14   101    13   101 0.98 -
d1j0ha2b.71.1.1      -             83 d1wzaa1b.71.1.1.aln  -             88     8e-18   60.3   0.0   1   1   2.4e-19   8.7e-18   60.2   0.0     3    86     3    83     1    83 0.96 -
d3bmva3b.71.1.1      -             89 d1wzaa1b.71.1.1.aln  -             88   1.2e-17   59.7   2.8   1   1   3.7e-19   1.3e-17   59.6   2.8     2    87     1    88     1    89 0.97 -
d2fhfa4b.71.1.1      -            118 d1wzaa1b.71.1.1.aln  -             88   4.8e-17   57.8   0.1   1   1   1.6e-18   5.7e-17   57.6   0.1     2    87    20   107    19   108 0.97 -
d1bf2a2b.71.1.1      -            113 d1wzaa1b.71.1.1.aln  -             88   7.7e-17   57.2   5.0   1   1   2.4e-18   8.7e-17   57.0   5.0     2    87     5    98     4    99 0.98 -
d1m7xa2b.71.1.1      -            106 d1wzaa1b.71.1.1.aln  -             88   1.2e-16   56.6   0.0   1   1   3.9e-18   1.4e-16   56.3   0.0     2    87     5    98     4    99 0.96 -
d1h3ga2b.71.1.1      -             83 d1wzaa1b.71.1.1.aln  -             88   1.5e-16   56.2   0.0   1   1   4.5e-18   1.6e-16   56.2   0.0     5    86     2    81     1    83 0.96 -
d2guya1b.71.1.1      -             95 d1wzaa1b.71.1.1.aln  -             88   1.7e-16   56.0   0.1   1   1   5.3e-18   1.9e-16   55.9   0.1     2    88     1    95     1    95 0.98 -
d1e43a1b.71.1.1      -             90 d1wzaa1b.71.1.1.aln  -             88   3.2e-16   55.2   1.3   1   1   9.6e-18   3.5e-16   55.1   1.3     2    85     3    89     2    90 0.97 -
d1g5aa1b.71.1.1      -             74 d1wzaa1b.71.1.1.aln  -             88   8.3e-15   50.7   0.0   1   1   2.5e-16   8.8e-15   50.6   0.0     8    86     3    74     1    74 0.96 -
d1mxga1b.71.1.1      -             74 d1wzaa1b.71.1.1.aln  -             88     2e-14   49.4   0.8   1   1     6e-16   2.2e-14   49.3   0.8     2    86     2    73     1    74 0.97 -
d1ua7a1b.71.1.1      -             78 d1wzaa1b.71.1.1.aln  -             88     2e-13   46.3   0.2   1   1   5.9e-15   2.1e-13   46.2   0.2     2    86     1    78     1    78 0.98 -
d1gjwa1b.71.1.1      -             64 d1wzaa1b.71.1.1.aln  -             88   8.4e-13   44.3   0.0   1   1   2.4e-14   8.8e-13   44.2   0.0     6    75     3    63     1    64 0.95 -
d1r7aa1b.71.1.1      -             70 d1wzaa1b.71.1.1.aln  -             88   8.4e-12   41.1   0.1   1   1   2.6e-13   9.3e-12   40.9   0.1     2    86     4    68     3    70 0.96 -
d1gcya1b.71.1.1      -             61 d1wzaa1b.71.1.1.aln  -             88   3.9e-09   32.5   1.5   1   1   1.1e-10   4.1e-09   32.5   1.5    16    84     4    60     1    61 0.96 -
d1ht6a1b.71.1.1      -             57 d1wzaa1b.71.1.1.aln  -             88     9e-09   31.4   0.1   1   1   2.6e-10   9.5e-09   31.3   0.1    19    85     2    57     1    57 0.96 -
d2bhua2b.71.1.1      -             72 d1wzaa1b.71.1.1.aln  -             88   1.4e-08   30.7   0.0   1   1   4.2e-10   1.5e-08   30.6   0.0     2    86     1    69     1    71 0.89 -
d1lwha1b.71.1.1      -             50 d1wzaa1b.71.1.1.aln  -             88   3.2e-06   23.2   0.0   1   1   9.3e-08   3.3e-06   23.1   0.0     5    44     3    42     1    49 0.91 -
d1kwga1b.71.1.1      -             54 d1wzaa1b.71.1.1.aln  -             88   0.00062   15.9   0.0   1   1     2e-05   0.00072   15.7   0.0    12    84     5    53     1    54 0.91 -
#
# Program:         hmmsearch
# Version:         3.3.2 (Nov 2020)
# Pipeline mode:   SEARCH
# Query file:      /home/elise/Documents/M1-BIM/S2/TMEs/SBAS/tme08/models/scop30/d1wzaa1b.71.1.1.aln.hmm
# Target file:     /home/elise/Documents/M1-BIM/S2/TMEs/SBAS/tme08/scop/scop/scopTestSeq.fasta
# Option settings: hmmsearch --domtblout /home/elise/Documents/M1-BIM/S2/TMEs/SBAS/tme08/searchResults/scop30/d1wzaa1b.71.1.1.aln.out -E 1 /home/elise/Documents/M1-BIM/S2/TMEs/SBAS/tme08/models/scop30/d1wzaa1b.71.1.1.aln.hmm /home/elise/Documents/M1-BIM/S2/TMEs/SBAS/tme08/scop/scop/scopTestSeq.fasta 
# Current dir:     /home/elise/Documents/M1-BIM/S2/TMEs/SBAS/tme08
# Date:            Thu Apr 10 10:02:31 2025
# [ok]
