#                                                                            --- full sequence --- -------------- this domain -------------   hmm coord   ali coord   env coord
# target name        accession   tlen query name           accession   qlen   E-value  score  bias   #  of  c-Evalue  i-Evalue  score  bias  from    to  from    to  from    to  acc description of target
#------------------- ---------- ----- -------------------- ---------- ----- --------- ------ ----- --- --- --------- --------- ------ ----- ----- ----- ----- ----- ----- ----- ---- ---------------------
d1uoka2c.1.8.1       -            479 d1x1na1c.1.8.1.aln   -            409  1.1e-118  392.4  18.7   1   1    3e-120  1.3e-118  392.2  18.7     4   407     2   478     1   479 0.99 -
d1wzaa2c.1.8.1       -            409 d1x1na1c.1.8.1.aln   -            409  1.9e-114  378.5  14.1   1   1    5e-116  2.1e-114  378.3  14.1     8   407     2   408     1   409 0.99 -
d1h3ga3c.1.8.1       -            422 d1x1na1c.1.8.1.aln   -            409  1.2e-109  362.6   9.7   1   1  3.4e-111  1.4e-109  362.4   9.7     3   409     4   422     2   422 0.99 -
d1g5aa2c.1.8.1       -            554 d1x1na1c.1.8.1.aln   -            409  2.7e-106  351.6   3.7   1   1    8e-108  3.3e-106  351.3   3.7     8   408    52   553    45   554 0.96 -
d1ji1a3c.1.8.1       -            432 d1x1na1c.1.8.1.aln   -            409    3e-103  341.5  23.6   1   1  8.2e-105  3.4e-103  341.4  23.6     2   408     2   431     1   432 0.99 -
d3bmva4c.1.8.1       -            406 d1x1na1c.1.8.1.aln   -            409  2.2e-101  335.4  14.9   1   1    6e-103  2.5e-101  335.2  14.9     2   408     6   406     5   406 0.98 -
d2guya2c.1.8.1       -            381 d1x1na1c.1.8.1.aln   -            409   8.4e-97  320.3   9.5   1   1   2.3e-98   9.4e-97  320.2   9.5     4   400     2   375     1   381 0.97 -
d2bhua3c.1.8.1       -            420 d1x1na1c.1.8.1.aln   -            409     2e-96  319.1   0.9   1   1   5.6e-97   2.3e-95  315.6   0.9     2   408     8   419     7   420 0.97 -
d1bf2a3c.1.8.1       -            475 d1x1na1c.1.8.1.aln   -            409   1.3e-95  316.4  24.5   1   1   5.8e-97   2.4e-95  315.5  24.5     2   407     8   471     7   473 0.98 -
d1m7xa3c.1.8.1       -            396 d1x1na1c.1.8.1.aln   -            409   2.7e-94  312.1  15.5   1   1   7.6e-96   3.2e-94  311.8  15.5     2   408     8   392     7   393 0.99 -
d1r7aa2c.1.8.1       -            434 d1x1na1c.1.8.1.aln   -            409   1.3e-86  286.7   0.3   1   1   3.6e-88   1.5e-86  286.6   0.3     7   406     3   433     1   434 0.98 -
d1wdpa_c.1.8.1       -            493 d1x1na1c.1.8.1.aln   -            409   7.5e-86  284.3   0.1   1   1     2e-87   8.4e-86  284.1   0.1     3   408     2   490     1   491 0.98 -
d1ht6a2c.1.8.1       -            347 d1x1na1c.1.8.1.aln   -            409   1.1e-85  283.7   5.9   1   1   3.2e-87   1.3e-85  283.4   5.9     6   357     2   329     1   347 0.96 -
d1vema2c.1.8.1       -            417 d1x1na1c.1.8.1.aln   -            409   1.3e-85  283.5   7.2   1   1   3.5e-87   1.5e-85  283.3   7.2     1   408     1   416     1   417 0.98 -
d1e43a2c.1.8.1       -            393 d1x1na1c.1.8.1.aln   -            409   1.3e-84  280.2  17.0   1   1   3.4e-86   1.4e-84  280.1  17.0     5   402     2   393     1   393 0.99 -
d2fhfa5c.1.8.1       -            563 d1x1na1c.1.8.1.aln   -            409   2.6e-84  279.2   1.3   1   1   1.3e-85   5.2e-84  278.2   1.3     1   408    12   562    12   563 0.94 -
d1gjwa2c.1.8.1       -            572 d1x1na1c.1.8.1.aln   -            409   3.5e-82  272.2   0.0   1   1     1e-83   4.1e-82  271.9   0.0     2   408    43   571    42   572 0.98 -
d1ua7a2c.1.8.1       -            344 d1x1na1c.1.8.1.aln   -            409   8.6e-79  261.0  12.4   1   1   2.7e-80   1.1e-78  260.7  12.4     8   408     3   344     1   344 0.98 -
d1kwga2c.1.8.1       -            393 d1x1na1c.1.8.1.aln   -            409   1.9e-72  240.1   0.0   1   1   5.1e-74   2.1e-72  240.0   0.0     2   408     4   392     3   393 0.98 -
#
# Program:         hmmsearch
# Version:         3.3.2 (Nov 2020)
# Pipeline mode:   SEARCH
# Query file:      /home/elise/Documents/M1-BIM/S2/TMEs/SBAS/tme08/models/scop30/d1x1na1c.1.8.1.aln.hmm
# Target file:     /home/elise/Documents/M1-BIM/S2/TMEs/SBAS/tme08/scop/scop/scopTestSeq.fasta
# Option settings: hmmsearch --domtblout /home/elise/Documents/M1-BIM/S2/TMEs/SBAS/tme08/searchResults/scop30/d1x1na1c.1.8.1.aln.out -E 1 /home/elise/Documents/M1-BIM/S2/TMEs/SBAS/tme08/models/scop30/d1x1na1c.1.8.1.aln.hmm /home/elise/Documents/M1-BIM/S2/TMEs/SBAS/tme08/scop/scop/scopTestSeq.fasta 
# Current dir:     /home/elise/Documents/M1-BIM/S2/TMEs/SBAS/tme08
# Date:            Thu Apr 10 10:02:32 2025
# [ok]
