#                                                                            --- full sequence --- -------------- this domain -------------   hmm coord   ali coord   env coord
# target name        accession   tlen query name           accession   qlen   E-value  score  bias   #  of  c-Evalue  i-Evalue  score  bias  from    to  from    to  from    to  acc description of target
#------------------- ---------- ----- -------------------- ---------- ----- --------- ------ ----- --- --- --------- --------- ------ ----- ----- ----- ----- ----- ----- ----- ---- ---------------------
d2je6i1b.40.4.5      -             87 d1x6oa2b.40.4.5.aln  -             94   1.6e-16   55.7   0.7   1   1   7.8e-18   1.7e-16   55.5   0.7     6    92     1    87     1    87 0.98 -
d1jt8a_b.40.4.5      -            102 d1x6oa2b.40.4.5.aln  -             94   2.1e-16   55.2   0.6   1   1   1.1e-17   2.4e-16   55.1   0.6     2    93     4    92     3    93 0.97 -
d1luza_b.40.4.5      -             85 d1x6oa2b.40.4.5.aln  -             94   1.9e-15   52.2   0.6   1   1   9.6e-17   2.1e-15   52.1   0.6     6    91     2    85     1    85 0.97 -
d1kl9a2b.40.4.5      -             86 d1x6oa2b.40.4.5.aln  -             94   2.3e-15   51.9   1.0   1   1   1.2e-16   2.5e-15   51.8   1.0     1    85     2    85     2    86 0.98 -
d2ja9a1b.40.4.5      -             90 d1x6oa2b.40.4.5.aln  -             94   3.3e-15   51.4   0.0   1   1   1.7e-16   3.7e-15   51.3   0.0     7    93     2    85     1    86 0.97 -
d2nn6h1b.40.4.5      -             95 d1x6oa2b.40.4.5.aln  -             94   1.3e-13   46.4   0.1   1   1   6.6e-15   1.5e-13   46.2   0.1     6    91     2    94     1    95 0.97 -
d3bzka4b.40.4.5      -             94 d1x6oa2b.40.4.5.aln  -             94   1.4e-13   46.2   1.1   1   1   7.7e-15   1.7e-13   46.0   1.1     2    82     8    85     7    90 0.94 -
d1d7qa_b.40.4.5      -            143 d1x6oa2b.40.4.5.aln  -             94   2.1e-13   45.7   1.1   1   1     1e-14   2.2e-13   45.7   0.3     2    92     4   102     3   104 0.97 -
d2nn6i1b.40.4.5      -            125 d1x6oa2b.40.4.5.aln  -             94   8.6e-13   43.8   0.0   1   1   4.5e-14   9.8e-13   43.6   0.0     2    92     2    94     1    96 0.94 -
d2ix0a3b.40.4.5      -             87 d1x6oa2b.40.4.5.aln  -             94   1.6e-12   42.9   0.1   1   1   7.7e-14   1.7e-12   42.8   0.1     3    85     2    86     1    87 0.97 -
d1y14b1b.40.4.5      -             91 d1x6oa2b.40.4.5.aln  -             94   2.9e-12   42.1   0.0   1   1   1.4e-13   3.2e-12   42.0   0.0    10    92     1    89     1    91 0.97 -
d1go3e1b.40.4.5      -            106 d1x6oa2b.40.4.5.aln  -             94   3.8e-12   41.7   0.6   1   1   2.2e-13   4.8e-12   41.4   0.6    10    93     1    91     1    92 0.98 -
d1wfqa_b.40.4.5      -             89 d1x6oa2b.40.4.5.aln  -             94   6.9e-12   40.9   0.0   1   1   3.3e-13   7.3e-12   40.8   0.0     8    92     2    88     1    89 0.96 -
d1wi5a_b.40.4.5      -            119 d1x6oa2b.40.4.5.aln  -             94     8e-12   40.7   0.0   1   1     4e-13   8.8e-12   40.6   0.0     3    92     3   100     1   102 0.94 -
d2vnud1b.40.4.5      -             95 d1x6oa2b.40.4.5.aln  -             94     3e-11   38.9   0.0   1   1   1.5e-12   3.2e-11   38.8   0.0     1    92     1    95     1    95 0.98 -
d2vnud2b.40.4.5      -             88 d1x6oa2b.40.4.5.aln  -             94   7.6e-11   37.6   0.6   1   1   3.8e-12   8.4e-11   37.4   0.6     3    81     2    84     1    87 0.96 -
d1smxa_b.40.4.5      -             87 d1x6oa2b.40.4.5.aln  -             94   1.1e-10   37.1   0.0   1   1   5.4e-12   1.2e-10   37.0   0.0    14    90     2    86     1    87 0.97 -
d2ix0a1b.40.4.5      -             90 d1x6oa2b.40.4.5.aln  -             94   1.5e-10   36.7   0.0   1   1   7.2e-12   1.6e-10   36.6   0.0    10    93     2    88     1    89 0.97 -
d2uubq1b.40.4.5      -            100 d1x6oa2b.40.4.5.aln  -             94   1.8e-10   36.4   3.8   1   1     9e-12     2e-10   36.3   3.8     2    90     4   100     3   100 0.97 -
d2vnud3b.40.4.5      -            148 d1x6oa2b.40.4.5.aln  -             94   4.1e-10   35.3   0.0   1   1   2.5e-11   5.4e-10   34.9   0.0     2    93    22   121    21   122 0.97 -
d1jjga_b.40.4.5      -            102 d1x6oa2b.40.4.5.aln  -             94   5.7e-10   34.8   0.6   1   1   2.8e-11   6.2e-10   34.7   0.6     2    91     4   101     3   102 0.97 -
d1khia2b.40.4.5      -             71 d1x6oa2b.40.4.5.aln  -             94   5.9e-10   34.7   0.1   1   1   2.8e-11   6.2e-10   34.7   0.1     7    75     1    68     1    71 0.95 -
d1hh2p1b.40.4.5      -             72 d1x6oa2b.40.4.5.aln  -             94   4.7e-09   31.9   0.3   1   1   2.2e-10   4.8e-09   31.9   0.3    17    85     4    71     1    72 0.93 -
d1e3pa2b.40.4.5      -             62 d1x6oa2b.40.4.5.aln  -             94   5.9e-09   31.6   0.2   1   1   2.8e-10   6.2e-09   31.5   0.2    18    77     1    61     1    62 0.96 -
d2uubl1b.40.4.5      -            118 d1x6oa2b.40.4.5.aln  -             94   1.3e-08   30.5   2.6   1   1   7.1e-10   1.6e-08   30.2   2.6     2    93     7   106     6   107 0.96 -
d1a62a2b.40.4.5      -             78 d1x6oa2b.40.4.5.aln  -             94   1.6e-08   30.2   0.0   1   1   7.6e-10   1.7e-08   30.1   0.0    15    92     2    76     1    78 0.94 -
d1t9ha1b.40.4.5      -             67 d1x6oa2b.40.4.5.aln  -             94   2.5e-08   29.6   0.2   1   1   1.2e-09   2.6e-08   29.5   0.2    15    83     1    65     1    67 0.96 -
d2ix0a2b.40.4.5      -             79 d1x6oa2b.40.4.5.aln  -             94   2.6e-08   29.5   0.0   1   1   1.3e-09   2.8e-08   29.4   0.0    11    86     4    77     1    78 0.92 -
d1bkba2b.40.4.5      -             65 d1x6oa2b.40.4.5.aln  -             94     5e-08   28.6   0.3   1   1   2.3e-09   5.1e-08   28.6   0.3    16    81     3    64     1    65 0.93 -
d1u0la1b.40.4.5      -             66 d1x6oa2b.40.4.5.aln  -             94   3.4e-07   26.0   0.3   1   1   1.5e-08   3.4e-07   26.0   0.3    18    82     3    63     1    66 0.90 -
d3i4oa_b.40.4.5      -             68 d1x6oa2b.40.4.5.aln  -             94   3.6e-07   25.9   0.3   1   1   1.7e-08   3.8e-07   25.8   0.3    16    84     3    67     1    68 0.96 -
d2asba1b.40.4.5      -             76 d1x6oa2b.40.4.5.aln  -             94   1.8e-06   23.6   0.3   1   1   8.9e-08   1.9e-06   23.6   0.3    16    85     3    75     1    76 0.96 -
d1ueba2b.40.4.5      -             63 d1x6oa2b.40.4.5.aln  -             94   8.3e-06   21.5   0.0   1   1   3.9e-07   8.6e-06   21.5   0.0    15    75     2    61     1    63 0.95 -
d1c9oa_b.40.4.5      -             66 d1x6oa2b.40.4.5.aln  -             94   1.4e-05   20.9   0.1   1   1   6.6e-07   1.4e-05   20.8   0.1    15    81     1    62     1    66 0.91 -
d1rl2a2b.40.4.5      -             66 d1x6oa2b.40.4.5.aln  -             94   6.1e-05   18.8   0.1   1   1   2.9e-06   6.4e-05   18.7   0.1    18    81     2    65     1    66 0.95 -
d1ne3a_b.40.4.5      -             68 d1x6oa2b.40.4.5.aln  -             94   0.00015   17.5   0.1   1   1     7e-06   0.00015   17.5   0.1    13    78     2    65     1    68 0.87 -
#
# Program:         hmmsearch
# Version:         3.3.2 (Nov 2020)
# Pipeline mode:   SEARCH
# Query file:      /home/elise/Documents/M1-BIM/S2/TMEs/SBAS/tme08/models/scop30/d1x6oa2b.40.4.5.aln.hmm
# Target file:     /home/elise/Documents/M1-BIM/S2/TMEs/SBAS/tme08/scop/scop/scopTestSeq.fasta
# Option settings: hmmsearch --domtblout /home/elise/Documents/M1-BIM/S2/TMEs/SBAS/tme08/searchResults/scop30/d1x6oa2b.40.4.5.aln.out -E 1 /home/elise/Documents/M1-BIM/S2/TMEs/SBAS/tme08/models/scop30/d1x6oa2b.40.4.5.aln.hmm /home/elise/Documents/M1-BIM/S2/TMEs/SBAS/tme08/scop/scop/scopTestSeq.fasta 
# Current dir:     /home/elise/Documents/M1-BIM/S2/TMEs/SBAS/tme08
# Date:            Thu Apr 10 10:02:32 2025
# [ok]
