#                                                                            --- full sequence --- -------------- this domain -------------   hmm coord   ali coord   env coord
# target name        accession   tlen query name           accession   qlen   E-value  score  bias   #  of  c-Evalue  i-Evalue  score  bias  from    to  from    to  from    to  acc description of target
#------------------- ---------- ----- -------------------- ---------- ----- --------- ------ ----- --- --- --------- --------- ------ ----- ----- ----- ----- ----- ----- ----- ---- ---------------------
d1w4xa1c.3.1.5       -            299 d1xdia1c.3.1.5.aln   -            207   1.5e-58  193.1   0.0   1   1   4.4e-60   1.7e-58  192.9   0.0     1   207     4   255     4   255 0.99 -
d1mo9a1c.3.1.5       -            262 d1xdia1c.3.1.5.aln   -            207   1.9e-56  186.2   0.0   1   1   5.4e-58   2.1e-56  186.0   0.0     1   207     2   242     2   242 1.00 -
d1m6ia1c.3.1.5       -            214 d1xdia1c.3.1.5.aln   -            207   1.2e-54  180.3   0.0   1   1   3.4e-56   1.3e-54  180.2   0.0     2   203     2   214     1   214 0.99 -
d1nhpa1c.3.1.5       -            199 d1xdia1c.3.1.5.aln   -            207   1.8e-52  173.2   0.2   1   1     5e-54     2e-52  173.1   0.2     4   207     1   199     1   199 0.99 -
d1v59a1c.3.1.5       -            234 d1xdia1c.3.1.5.aln   -            207   6.4e-52  171.4   0.8   1   1   1.9e-53   7.5e-52  171.2   0.8     2   207     2   214     1   214 0.99 -
d2gv8a1c.3.1.5       -            336 d1xdia1c.3.1.5.aln   -            207     7e-51  168.0   0.0   1   1   2.6e-52     1e-50  167.5   0.0     2   207    32   291    31   291 0.99 -
d1w4xa2c.3.1.5       -            235 d1xdia1c.3.1.5.aln   -            207   3.9e-42  139.4   0.0   1   1   1.1e-43   4.5e-42  139.2   0.0     7   204     1   235     1   235 0.99 -
d1fl2a1c.3.1.5       -            185 d1xdia1c.3.1.5.aln   -            207   2.2e-37  123.9   0.4   1   1   6.2e-39   2.5e-37  123.8   0.4     4   181     1   184     1   185 0.99 -
d1aoga2c.3.1.5       -            117 d1xdia1c.3.1.5.aln   -            207   8.6e-31  102.4   0.0   1   1   2.4e-32   9.4e-31  102.3   0.0    10   134     1   116     1   117 0.98 -
d1fcda2c.3.1.5       -            141 d1xdia1c.3.1.5.aln   -            207   6.9e-30   99.4   0.0   1   1   1.9e-31   7.6e-30   99.3   0.0     4   137     2   140     1   141 0.98 -
d1vdca2c.3.1.5       -            130 d1xdia1c.3.1.5.aln   -            207   2.5e-28   94.3   0.0   1   1   6.9e-30   2.7e-28   94.2   0.0     9   136     2   129     1   130 0.97 -
d1h6va2c.3.1.5       -            122 d1xdia1c.3.1.5.aln   -            207   3.3e-25   84.1   0.0   1   1   9.2e-27   3.6e-25   84.0   0.0    11   136     2   122     1   122 0.97 -
d1mo9a2c.3.1.5       -            121 d1xdia1c.3.1.5.aln   -            207   3.9e-25   83.9   0.3   1   1   1.1e-26   4.3e-25   83.8   0.3     9   138     2   121     1   121 0.98 -
d1xhca2c.3.1.5       -            122 d1xdia1c.3.1.5.aln   -            207     1e-24   82.5   0.1   1   1   2.8e-26   1.1e-24   82.4   0.1    11   135     2   121     1   122 0.98 -
d1v59a2c.3.1.5       -            122 d1xdia1c.3.1.5.aln   -            207   1.3e-24   82.2   0.9   1   1   3.6e-26   1.4e-24   82.1   0.9     9   135     3   121     1   122 0.98 -
d1nhpa2c.3.1.5       -            123 d1xdia1c.3.1.5.aln   -            207   1.4e-24   82.1   1.2   1   1   3.9e-26   1.5e-24   82.0   1.2     2   135     3   123     2   123 0.97 -
d1onfa2c.3.1.5       -            117 d1xdia1c.3.1.5.aln   -            207   6.1e-24   80.0   0.4   1   1   1.7e-25   6.7e-24   79.9   0.4     8   135     2   117     1   117 0.98 -
d1fl2a2c.3.1.5       -            126 d1xdia1c.3.1.5.aln   -            207   6.4e-24   80.0   0.1   1   1   1.8e-25   6.9e-24   79.8   0.1     8   138     1   125     1   126 0.97 -
d1m6ia2c.3.1.5       -            137 d1xdia1c.3.1.5.aln   -            207     9e-24   79.5   0.1   1   1   2.5e-25   9.9e-24   79.3   0.1     2   134    10   136     9   137 0.98 -
d2gv8a2c.3.1.5       -            107 d1xdia1c.3.1.5.aln   -            207   4.2e-17   57.7   0.0   1   1   1.3e-18   4.9e-17   57.5   0.0    10   126     1   106     1   106 0.98 -
#
# Program:         hmmsearch
# Version:         3.3.2 (Nov 2020)
# Pipeline mode:   SEARCH
# Query file:      /home/elise/Documents/M1-BIM/S2/TMEs/SBAS/tme08/models/scop30/d1xdia1c.3.1.5.aln.hmm
# Target file:     /home/elise/Documents/M1-BIM/S2/TMEs/SBAS/tme08/scop/scop/scopTestSeq.fasta
# Option settings: hmmsearch --domtblout /home/elise/Documents/M1-BIM/S2/TMEs/SBAS/tme08/searchResults/scop30/d1xdia1c.3.1.5.aln.out -E 1 /home/elise/Documents/M1-BIM/S2/TMEs/SBAS/tme08/models/scop30/d1xdia1c.3.1.5.aln.hmm /home/elise/Documents/M1-BIM/S2/TMEs/SBAS/tme08/scop/scop/scopTestSeq.fasta 
# Current dir:     /home/elise/Documents/M1-BIM/S2/TMEs/SBAS/tme08
# Date:            Thu Apr 10 10:02:32 2025
# [ok]
