#                                                                            --- full sequence --- -------------- this domain -------------   hmm coord   ali coord   env coord
# target name        accession   tlen query name           accession   qlen   E-value  score  bias   #  of  c-Evalue  i-Evalue  score  bias  from    to  from    to  from    to  acc description of target
#------------------- ---------- ----- -------------------- ---------- ----- --------- ------ ----- --- --- --------- --------- ------ ----- ----- ----- ----- ----- ----- ----- ---- ---------------------
d2p0wa_d.108.1.1     -            319 d1xeba_d.108.1.1.aln -            293  8.9e-106  349.0   1.5   1   1  5.6e-107    1e-105  348.9   1.5     1   291     4   319     4   319 1.00 -
d1boba_d.108.1.1     -            315 d1xeba_d.108.1.1.aln -            293     9e-98  322.7   2.5   1   1   5.7e-99     1e-97  322.6   2.5     1   291     1   315     1   315 1.00 -
d2pq8a_d.108.1.1     -            271 d1xeba_d.108.1.1.aln -            293     5e-48  159.5   0.0   1   1   3.4e-49   6.1e-48  159.2   0.0    84   293     1   246     1   246 0.99 -
d1u6ma_d.108.1.1     -            189 d1xeba_d.108.1.1.aln -            293   1.8e-40  134.7   0.0   1   1   1.1e-41   1.9e-40  134.6   0.0    97   278     2   187     1   189 0.99 -
d1tiqa_d.108.1.1     -            173 d1xeba_d.108.1.1.aln -            293   1.3e-33  112.2   1.1   1   1   7.9e-35   1.4e-33  112.0   1.1   114   285     2   172     1   173 0.98 -
d1yk3a1d.108.1.1     -            198 d1xeba_d.108.1.1.aln -            293   2.8e-33  111.0   0.0   1   1   1.7e-34   3.1e-33  110.9   0.0    96   280     2   197     1   198 0.98 -
d1i12a_d.108.1.1     -            157 d1xeba_d.108.1.1.aln -            293   1.9e-32  108.3   0.0   1   1   1.1e-33     2e-32  108.2   0.0   113   269     4   156     1   157 0.98 -
d1mk4a_d.108.1.1     -            157 d1xeba_d.108.1.1.aln -            293     3e-28   94.5   0.0   1   1   1.8e-29   3.3e-28   94.4   0.0   122   290     2   156     1   157 0.96 -
d1z4ea1d.108.1.1     -            150 d1xeba_d.108.1.1.aln -            293   8.7e-28   93.0   0.1   1   1   5.6e-29     1e-27   92.8   0.1   115   264     2   144     1   148 0.96 -
d1ufha_d.108.1.1     -            155 d1xeba_d.108.1.1.aln -            293     2e-26   88.6   0.5   1   1   1.2e-27   2.2e-26   88.4   0.5   116   268     2   153     1   155 0.98 -
d1vkca_d.108.1.1     -            149 d1xeba_d.108.1.1.aln -            293   1.1e-25   86.2   1.3   1   1   6.8e-27   1.2e-25   86.0   1.3   116   265     3   144     1   148 0.96 -
d2b5ga_d.108.1.1     -            168 d1xeba_d.108.1.1.aln -            293   3.4e-25   84.5   0.0   1   1   2.2e-26     4e-25   84.3   0.0   113   277     2   162     1   166 0.96 -
d1wwza1d.108.1.1     -            157 d1xeba_d.108.1.1.aln -            293   4.6e-25   84.1   0.3   1   1   2.7e-26   4.9e-25   84.0   0.3   116   273     3   155     1   157 0.95 -
d2cy2a1d.108.1.1     -            174 d1xeba_d.108.1.1.aln -            293   1.8e-24   82.1   0.0   1   1   1.2e-25   2.2e-24   81.9   0.0   115   284     2   170     1   173 0.97 -
d1p0ha_d.108.1.1     -            308 d1xeba_d.108.1.1.aln -            293   1.9e-24   82.1   0.0   1   3   1.6e-21   2.8e-20   68.4   0.0   110   293     2   202     1   202 0.98 -
d1p0ha_d.108.1.1     -            308 d1xeba_d.108.1.1.aln -            293   1.9e-24   82.1   0.0   2   3     0.057         1    4.2   0.0   192   221   224   250   207   253 0.79 -
d1p0ha_d.108.1.1     -            308 d1xeba_d.108.1.1.aln -            293   1.9e-24   82.1   0.0   3   3     0.015      0.26    6.1   0.0   238   265   277   303   274   307 0.78 -
d1qsma_d.108.1.1     -            150 d1xeba_d.108.1.1.aln -            293   2.9e-24   81.4   0.0   1   1   1.7e-25   3.1e-24   81.4   0.0   125   269     7   148     1   150 0.94 -
d2euia1d.108.1.1     -            153 d1xeba_d.108.1.1.aln -            293   3.1e-24   81.4   0.1   1   1   1.9e-25   3.3e-24   81.3   0.1   126   273     7   149     1   152 0.90 -
d1ghea_d.108.1.1     -            170 d1xeba_d.108.1.1.aln -            293     6e-24   80.4   0.0   1   1   3.6e-25   6.5e-24   80.3   0.0   117   284     3   168     1   170 0.97 -
d2ae6a1d.108.1.1     -            161 d1xeba_d.108.1.1.aln -            293   7.8e-24   80.1   0.0   1   1   4.7e-25   8.4e-24   79.9   0.0   115   282     2   160     1   161 0.94 -
d2fiaa1d.108.1.1     -            157 d1xeba_d.108.1.1.aln -            293   7.8e-24   80.0   1.1   1   1   4.8e-25   8.6e-24   79.9   1.1   114   283     1   156     1   157 0.96 -
d1cjwa_d.108.1.1     -            166 d1xeba_d.108.1.1.aln -            293   3.2e-23   78.1   0.0   1   1   1.9e-24   3.4e-23   77.9   0.0   115   279     1   164     1   166 0.97 -
d2gana1d.108.1.1     -            182 d1xeba_d.108.1.1.aln -            293   8.9e-23   76.6   0.2   1   1   5.4e-24   9.7e-23   76.5   0.2   111   277     2   180     1   182 0.93 -
d1y9wa1d.108.1.1     -            140 d1xeba_d.108.1.1.aln -            293   1.1e-22   76.3   0.6   1   1   6.2e-24   1.1e-22   76.3   0.6   135   280    11   139     1   140 0.78 -
d1y9ka1d.108.1.1     -            152 d1xeba_d.108.1.1.aln -            293   1.2e-22   76.2   0.0   1   1   7.4e-24   1.3e-22   76.0   0.0   134   283     6   150     1   151 0.96 -
d1z4ra1d.108.1.1     -            162 d1xeba_d.108.1.1.aln -            293   1.4e-22   76.0   0.0   1   1   8.2e-24   1.5e-22   75.9   0.0   119   288     6   160     1   162 0.93 -
d2fl4a1d.108.1.1     -            146 d1xeba_d.108.1.1.aln -            293   1.9e-22   75.5   0.5   1   1   1.1e-23     2e-22   75.4   0.5   118   277     2   145     1   146 0.89 -
d2jdca1d.108.1.1     -            145 d1xeba_d.108.1.1.aln -            293   5.5e-22   74.0   0.1   1   1   3.3e-23     6e-22   73.9   0.1   120   281     2   144     1   145 0.97 -
d1m4ia_d.108.1.1     -            181 d1xeba_d.108.1.1.aln -            293   6.9e-21   70.4   0.0   1   1   4.2e-22   7.6e-21   70.2   0.0   117   292     1   180     1   181 0.96 -
d2fcka1d.108.1.1     -            178 d1xeba_d.108.1.1.aln -            293   1.2e-20   69.5   0.0   1   1   7.5e-22   1.3e-20   69.4   0.0   115   274     3   167     1   177 0.94 -
d1yx0a1d.108.1.1     -            151 d1xeba_d.108.1.1.aln -            293   1.6e-20   69.1   0.0   1   1   9.7e-22   1.7e-20   69.1   0.0   126   280     6   150     1   151 0.95 -
d1bo4a_d.108.1.1     -            137 d1xeba_d.108.1.1.aln -            293   1.7e-20   69.1   0.0   1   1     1e-21   1.8e-20   69.0   0.0   116   258     2   137     1   137 0.89 -
d1nsla_d.108.1.1     -            180 d1xeba_d.108.1.1.aln -            293   1.9e-20   69.0   0.1   1   1   1.1e-21     2e-20   68.9   0.1   115   286     2   178     1   180 0.97 -
d1n71a_d.108.1.1     -            180 d1xeba_d.108.1.1.aln -            293   2.5e-20   68.5   0.0   1   1   1.5e-21   2.7e-20   68.4   0.0   114   284     3   177     1   180 0.97 -
d2g3aa1d.108.1.1     -            137 d1xeba_d.108.1.1.aln -            293   1.9e-19   65.7   0.0   1   1   1.1e-20     2e-19   65.6   0.0   135   281     8   137     1   137 0.88 -
d2fiwa1d.108.1.1     -            156 d1xeba_d.108.1.1.aln -            293   5.2e-18   60.9   0.0   1   1   3.1e-19   5.5e-18   60.9   0.0   121   282     6   155     1   156 0.93 -
d1y7ra1d.108.1.1     -            133 d1xeba_d.108.1.1.aln -            293   4.2e-17   57.9   0.0   1   1   2.5e-18   4.5e-17   57.9   0.0   122   271     5   131     1   133 0.93 -
d2atra1d.108.1.1     -            137 d1xeba_d.108.1.1.aln -            293   8.4e-17   57.0   0.0   1   1   5.3e-18   9.5e-17   56.8   0.0   116   275     2   136     1   137 0.90 -
d1q2ya_d.108.1.1     -            140 d1xeba_d.108.1.1.aln -            293   1.1e-16   56.5   0.2   1   1   6.7e-18   1.2e-16   56.5   0.2   128   279     7   139     1   140 0.93 -
d2fsra1d.108.1.1     -            164 d1xeba_d.108.1.1.aln -            293   4.2e-16   54.7   0.0   1   1   2.6e-17   4.6e-16   54.5   0.0   114   263     2   148     1   163 0.93 -
d2aj6a1d.108.1.1     -            118 d1xeba_d.108.1.1.aln -            293   3.5e-14   48.4   0.1   1   1   2.1e-15   3.7e-14   48.3   0.1   120   239     5   116     1   118 0.89 -
d1xmta_d.108.1.1     -             95 d1xeba_d.108.1.1.aln -            293   9.2e-08   27.3   0.0   1   1   6.4e-09   1.1e-07   27.0   0.0   190   245    21    76     3    88 0.84 -
d1r57a_d.108.1.1     -            102 d1xeba_d.108.1.1.aln -            293   1.8e-07   26.3   0.0   1   1   1.2e-08   2.2e-07   26.1   0.0   166   246    13    80     2    90 0.82 -
d1xeba_d.108.1.1     -            149 d1xeba_d.108.1.1.aln -            293   4.7e-05   18.4   0.1   1   1   3.3e-06     6e-05   18.1   0.1   152   265    24   135    16   143 0.68 -
d2d4pa1d.108.1.1     -            130 d1xeba_d.108.1.1.aln -            293    0.0004   15.3   0.0   1   1   2.6e-05   0.00047   15.1   0.0   184   263    46   119     2   129 0.77 -
#
# Program:         hmmsearch
# Version:         3.3.2 (Nov 2020)
# Pipeline mode:   SEARCH
# Query file:      /home/elise/Documents/M1-BIM/S2/TMEs/SBAS/tme08/models/scop30/d1xeba_d.108.1.1.aln.hmm
# Target file:     /home/elise/Documents/M1-BIM/S2/TMEs/SBAS/tme08/scop/scop/scopTestSeq.fasta
# Option settings: hmmsearch --domtblout /home/elise/Documents/M1-BIM/S2/TMEs/SBAS/tme08/searchResults/scop30/d1xeba_d.108.1.1.aln.out -E 1 /home/elise/Documents/M1-BIM/S2/TMEs/SBAS/tme08/models/scop30/d1xeba_d.108.1.1.aln.hmm /home/elise/Documents/M1-BIM/S2/TMEs/SBAS/tme08/scop/scop/scopTestSeq.fasta 
# Current dir:     /home/elise/Documents/M1-BIM/S2/TMEs/SBAS/tme08
# Date:            Thu Apr 10 10:02:32 2025
# [ok]
