#                                                                            --- full sequence --- -------------- this domain -------------   hmm coord   ali coord   env coord
# target name        accession   tlen query name           accession   qlen   E-value  score  bias   #  of  c-Evalue  i-Evalue  score  bias  from    to  from    to  from    to  acc description of target
#------------------- ---------- ----- -------------------- ---------- ----- --------- ------ ----- --- --- --------- --------- ------ ----- ----- ----- ----- ----- ----- ----- ---- ---------------------
d1rfea_b.45.1.1      -            160 d1xhna1b.45.1.1.aln  -            150   3.8e-47  155.2   0.0   1   1   7.5e-49   4.2e-47  155.1   0.0     2   148     7   150     6   152 0.98 -
d2fg9a1b.45.1.1      -            157 d1xhna1b.45.1.1.aln  -            150   1.4e-45  150.2   0.0   1   1   2.7e-47   1.5e-45  150.0   0.0     2   149     5   151     4   152 0.98 -
d2i02a1b.45.1.1      -            143 d1xhna1b.45.1.1.aln  -            150   7.5e-45  147.8   0.0   1   1   1.5e-46   8.3e-45  147.7   0.0     1   149     2   143     2   143 0.98 -
d2hq7a1b.45.1.1      -            141 d1xhna1b.45.1.1.aln  -            150   1.6e-43  143.5   0.0   1   1   3.1e-45   1.7e-43  143.4   0.0     2   149     2   141     1   141 0.98 -
d2hq9a1b.45.1.1      -            148 d1xhna1b.45.1.1.aln  -            150   2.4e-42  139.7   0.0   1   1   4.6e-44   2.6e-42  139.6   0.0     1   148     3   147     3   148 0.98 -
d1w9aa_b.45.1.1      -            142 d1xhna1b.45.1.1.aln  -            150   7.3e-42  138.1   0.0   1   1   1.4e-43   7.9e-42  138.0   0.0     6   149     2   141     1   142 0.98 -
d2htia1b.45.1.1      -            156 d1xhna1b.45.1.1.aln  -            150   3.4e-41  135.9   0.0   1   1   6.8e-43   3.8e-41  135.8   0.0     2   149     1   144     1   145 0.98 -
d2fhqa1b.45.1.1      -            135 d1xhna1b.45.1.1.aln  -            150   7.8e-40  131.5   0.0   1   1   1.5e-41   8.5e-40  131.4   0.0     3   145     2   134     1   135 0.97 -
d2arza1b.45.1.1      -            238 d1xhna1b.45.1.1.aln  -            150   7.3e-36  118.6   0.0   1   1   1.7e-37   9.6e-36  118.2   0.0     2   149     3   155     2   156 0.95 -
d2fura1b.45.1.1      -            193 d1xhna1b.45.1.1.aln  -            150   2.4e-35  117.0   0.0   1   1     5e-37   2.8e-35  116.7   0.0     2   149     1   149     1   150 0.98 -
d1vl7a_b.45.1.1      -            135 d1xhna1b.45.1.1.aln  -            150   1.5e-34  114.3   0.0   1   1     3e-36   1.7e-34  114.2   0.0    10   148     2   134     1   135 0.97 -
d2vpaa_b.45.1.1      -            215 d1xhna1b.45.1.1.aln  -            150   2.8e-33  110.2   0.0   1   1   6.3e-35   3.6e-33  109.9   0.0     1   149     5   160     5   161 0.98 -
d2asfa1b.45.1.1      -            125 d1xhna1b.45.1.1.aln  -            150   1.5e-27   91.7   0.0   1   1   2.9e-29   1.6e-27   91.5   0.0     7   148     2   123     1   125 0.97 -
d3a6ra_b.45.1.1      -            122 d1xhna1b.45.1.1.aln  -            150   6.9e-25   83.0   0.0   1   1   1.4e-26   7.8e-25   82.8   0.0     6   145     3   121     1   122 0.97 -
#
# Program:         hmmsearch
# Version:         3.3.2 (Nov 2020)
# Pipeline mode:   SEARCH
# Query file:      /home/elise/Documents/M1-BIM/S2/TMEs/SBAS/tme08/models/scop30/d1xhna1b.45.1.1.aln.hmm
# Target file:     /home/elise/Documents/M1-BIM/S2/TMEs/SBAS/tme08/scop/scop/scopTestSeq.fasta
# Option settings: hmmsearch --domtblout /home/elise/Documents/M1-BIM/S2/TMEs/SBAS/tme08/searchResults/scop30/d1xhna1b.45.1.1.aln.out -E 1 /home/elise/Documents/M1-BIM/S2/TMEs/SBAS/tme08/models/scop30/d1xhna1b.45.1.1.aln.hmm /home/elise/Documents/M1-BIM/S2/TMEs/SBAS/tme08/scop/scop/scopTestSeq.fasta 
# Current dir:     /home/elise/Documents/M1-BIM/S2/TMEs/SBAS/tme08
# Date:            Thu Apr 10 10:02:32 2025
# [ok]
