#                                                                            --- full sequence --- -------------- this domain -------------   hmm coord   ali coord   env coord
# target name        accession   tlen query name           accession   qlen   E-value  score  bias   #  of  c-Evalue  i-Evalue  score  bias  from    to  from    to  from    to  acc description of target
#------------------- ---------- ----- -------------------- ---------- ----- --------- ------ ----- --- --- --------- --------- ------ ----- ----- ----- ----- ----- ----- ----- ---- ---------------------
d3s26a_b.60.1.1      -            176 d1xkia_b.60.1.1.aln  -            166   1.2e-52  173.8   0.1   1   1   2.4e-54   1.3e-52  173.7   0.1     2   165     6   175     5   176 0.98 -
d1kxoa_b.60.1.1      -            171 d1xkia_b.60.1.1.aln  -            166   3.3e-52  172.4   0.4   1   1   6.5e-54   3.7e-52  172.3   0.4     1   164     5   170     5   171 0.99 -
d1i4ua_b.60.1.1      -            181 d1xkia_b.60.1.1.aln  -            166   2.3e-51  169.7   0.6   1   1   4.5e-53   2.6e-51  169.5   0.6     2   165    15   176    14   177 0.98 -
d3kffa_b.60.1.1      -            152 d1xkia_b.60.1.1.aln  -            166   2.2e-50  166.5   0.2   1   1   4.3e-52   2.4e-50  166.3   0.2    14   165     2   151     1   152 0.98 -
d1kt7a_b.60.1.1      -            175 d1xkia_b.60.1.1.aln  -            166     6e-50  165.1   0.1   1   1   1.2e-51   6.7e-50  164.9   0.1     1   163     3   175     3   175 0.99 -
d3saoa_b.60.1.1      -            155 d1xkia_b.60.1.1.aln  -            166   8.5e-49  161.3   0.3   1   1   1.7e-50   9.3e-49  161.2   0.3    16   165     1   149     1   150 0.99 -
d1lf7a_b.60.1.1      -            171 d1xkia_b.60.1.1.aln  -            166   6.9e-47  155.1   0.0   1   1   1.4e-48   7.7e-47  154.9   0.0     2   165     2   162     1   163 0.98 -
d1epba_b.60.1.1      -            160 d1xkia_b.60.1.1.aln  -            166   1.1e-45  151.2   0.1   1   1   2.1e-47   1.2e-45  151.1   0.1    11   164     2   154     1   156 0.98 -
d1qfta_b.60.1.1      -            175 d1xkia_b.60.1.1.aln  -            166   1.9e-44  147.2   8.0   1   1   3.7e-46   2.1e-44  147.0   8.0     1   165     7   174     7   175 0.99 -
d1x8qa_b.60.1.1      -            184 d1xkia_b.60.1.1.aln  -            166   2.9e-42  140.0   6.2   1   1   5.9e-44   3.3e-42  139.9   6.2     1   166     2   175     2   175 0.99 -
d1qwda_b.60.1.1      -            167 d1xkia_b.60.1.1.aln  -            166   1.7e-41  137.6   0.0   1   1   3.2e-43   1.8e-41  137.5   0.0     8   160     2   167     1   167 0.98 -
d1dzka_b.60.1.1      -            148 d1xkia_b.60.1.1.aln  -            166   4.2e-41  136.3   0.2   1   1   8.1e-43   4.6e-41  136.2   0.2    17   164     2   148     1   148 0.99 -
d2joza1b.60.1.1      -            126 d1xkia_b.60.1.1.aln  -            166     2e-26   88.5   0.2   1   1     4e-28   2.3e-26   88.4   0.2    18   153     2   125     1   126 0.98 -
d1xkia_b.60.1.1      -            139 d1xkia_b.60.1.1.aln  -            166   4.2e-07   25.7   0.0   1   1   8.3e-09   4.7e-07   25.5   0.0    19   155     3   135     1   139 0.89 -
#
# Program:         hmmsearch
# Version:         3.3.2 (Nov 2020)
# Pipeline mode:   SEARCH
# Query file:      /home/elise/Documents/M1-BIM/S2/TMEs/SBAS/tme08/models/scop30/d1xkia_b.60.1.1.aln.hmm
# Target file:     /home/elise/Documents/M1-BIM/S2/TMEs/SBAS/tme08/scop/scop/scopTestSeq.fasta
# Option settings: hmmsearch --domtblout /home/elise/Documents/M1-BIM/S2/TMEs/SBAS/tme08/searchResults/scop30/d1xkia_b.60.1.1.aln.out -E 1 /home/elise/Documents/M1-BIM/S2/TMEs/SBAS/tme08/models/scop30/d1xkia_b.60.1.1.aln.hmm /home/elise/Documents/M1-BIM/S2/TMEs/SBAS/tme08/scop/scop/scopTestSeq.fasta 
# Current dir:     /home/elise/Documents/M1-BIM/S2/TMEs/SBAS/tme08
# Date:            Thu Apr 10 10:02:32 2025
# [ok]
