#                                                                            --- full sequence --- -------------- this domain -------------   hmm coord   ali coord   env coord
# target name        accession   tlen query name           accession   qlen   E-value  score  bias   #  of  c-Evalue  i-Evalue  score  bias  from    to  from    to  from    to  acc description of target
#------------------- ---------- ----- -------------------- ---------- ----- --------- ------ ----- --- --- --------- --------- ------ ----- ----- ----- ----- ----- ----- ----- ---- ---------------------
d2p0wa_d.108.1.1     -            319 d1xmta_d.108.1.1.aln -            292   1.9e-83  275.8   0.1   1   1   1.2e-84   2.1e-83  275.6   0.1     1   292     2   319     2   319 1.00 -
d1boba_d.108.1.1     -            315 d1xmta_d.108.1.1.aln -            292   4.7e-79  261.3   0.2   1   1   2.9e-80   5.3e-79  261.2   0.2     8   292     1   315     1   315 1.00 -
d1p0ha_d.108.1.1     -            308 d1xmta_d.108.1.1.aln -            292     2e-58  193.6   0.0   1   2   2.3e-59   4.2e-58  192.6   0.0    25   292     2   286     1   286 0.99 -
d1p0ha_d.108.1.1     -            308 d1xmta_d.108.1.1.aln -            292     2e-58  193.6   0.0   2   2     0.062       1.1    4.1   0.0   158   180   281   303   281   306 0.83 -
d2pq8a_d.108.1.1     -            271 d1xmta_d.108.1.1.aln -            292   2.8e-55  183.3   0.0   1   1   1.7e-56   3.2e-55  183.1   0.0     1   241    19   271    19   271 0.99 -
d1u6ma_d.108.1.1     -            189 d1xmta_d.108.1.1.aln -            292   1.9e-36  121.5   0.1   1   1   1.1e-37   2.1e-36  121.3   0.1     8   196     2   188     1   189 0.99 -
d1tiqa_d.108.1.1     -            173 d1xmta_d.108.1.1.aln -            292   1.5e-35  118.5   0.3   1   1   9.8e-37   1.8e-35  118.3   0.3    30   197     2   169     1   172 0.97 -
d1yk3a1d.108.1.1     -            198 d1xmta_d.108.1.1.aln -            292   4.9e-33  110.3   0.0   1   1   2.9e-34   5.3e-33  110.2   0.0     1   197     1   197     1   198 0.98 -
d2cy2a1d.108.1.1     -            174 d1xmta_d.108.1.1.aln -            292   2.7e-31  104.6   0.4   1   1   1.6e-32     3e-31  104.4   0.4    32   203     3   174     1   174 0.99 -
d2ae6a1d.108.1.1     -            161 d1xmta_d.108.1.1.aln -            292   4.4e-30  100.6   0.1   1   1   2.6e-31   4.8e-30  100.5   0.1    37   197     2   160     1   161 0.97 -
d1z4ea1d.108.1.1     -            150 d1xmta_d.108.1.1.aln -            292   5.2e-30  100.4   0.2   1   1   3.3e-31     6e-30  100.2   0.2    29   180     1   145     1   149 0.98 -
d2gana1d.108.1.1     -            182 d1xmta_d.108.1.1.aln -            292     9e-30   99.6   0.2   1   1   5.3e-31   9.8e-30   99.5   0.2    12   196     1   181     1   182 0.95 -
d1vkca_d.108.1.1     -            149 d1xmta_d.108.1.1.aln -            292     4e-29   97.4   1.7   1   1   2.5e-30   4.6e-29   97.3   1.7    34   176     3   140     1   148 0.95 -
d2b5ga_d.108.1.1     -            168 d1xmta_d.108.1.1.aln -            292   7.1e-29   96.6   0.1   1   1   4.2e-30   7.7e-29   96.5   0.1    32   201     2   167     1   168 0.97 -
d1i12a_d.108.1.1     -            157 d1xmta_d.108.1.1.aln -            292   1.2e-28   95.9   0.0   1   1   7.2e-30   1.3e-28   95.7   0.0    29   180     4   152     1   156 0.97 -
d1ufha_d.108.1.1     -            155 d1xmta_d.108.1.1.aln -            292   2.1e-28   95.1   0.5   1   1   1.2e-29   2.3e-28   95.0   0.5    32   181     2   151     1   155 0.95 -
d1cjwa_d.108.1.1     -            166 d1xmta_d.108.1.1.aln -            292   2.8e-28   94.7   0.0   1   1   1.7e-29   3.1e-28   94.5   0.0    29   196     1   166     1   166 0.99 -
d1ghea_d.108.1.1     -            170 d1xmta_d.108.1.1.aln -            292   9.1e-28   93.0   0.0   1   1   5.7e-29   1.1e-27   92.8   0.0    32   198     2   167     1   169 0.97 -
d2fl4a1d.108.1.1     -            146 d1xmta_d.108.1.1.aln -            292   1.9e-27   91.9   0.6   1   1   1.1e-28   2.1e-27   91.8   0.6    50   194     2   145     1   146 0.95 -
d2fcka1d.108.1.1     -            178 d1xmta_d.108.1.1.aln -            292   6.8e-27   90.1   0.0   1   1   4.1e-28   7.5e-27   90.0   0.0    24   196     1   176     1   178 0.96 -
d1qsma_d.108.1.1     -            150 d1xmta_d.108.1.1.aln -            292   8.9e-27   89.7   0.0   1   1   5.1e-28   9.4e-27   89.7   0.0    37   178     3   140     1   150 0.95 -
d2fiaa1d.108.1.1     -            157 d1xmta_d.108.1.1.aln -            292   2.9e-26   88.1   0.4   1   1   1.6e-27     3e-26   88.0   0.4    44   179     2   137     1   157 0.92 -
d1mk4a_d.108.1.1     -            157 d1xmta_d.108.1.1.aln -            292   2.9e-26   88.1   0.0   1   1   1.7e-27   3.1e-26   88.0   0.0    52   195     3   156     1   157 0.97 -
d1wwza1d.108.1.1     -            157 d1xmta_d.108.1.1.aln -            292   8.3e-26   86.6   0.7   1   1     5e-27   9.2e-26   86.4   0.7    34   180     2   147     1   156 0.95 -
d2jdca1d.108.1.1     -            145 d1xmta_d.108.1.1.aln -            292   1.3e-25   85.9   0.1   1   1   7.6e-27   1.4e-25   85.8   0.1    53   196     4   144     1   145 0.96 -
d1nsla_d.108.1.1     -            180 d1xmta_d.108.1.1.aln -            292   2.5e-25   85.0   0.1   1   1   1.6e-26     3e-25   84.7   0.1    26   198     2   177     1   179 0.98 -
d1y9wa1d.108.1.1     -            140 d1xmta_d.108.1.1.aln -            292   3.2e-25   84.6   1.3   1   1   1.9e-26   3.5e-25   84.5   1.3    47   196     3   140     1   140 0.94 -
d2euia1d.108.1.1     -            153 d1xmta_d.108.1.1.aln -            292     8e-25   83.3   0.1   1   1   4.9e-26     9e-25   83.2   0.1    40   180     4   141     1   150 0.93 -
d1yx0a1d.108.1.1     -            151 d1xmta_d.108.1.1.aln -            292   1.3e-24   82.6   0.0   1   1   7.9e-26   1.5e-24   82.5   0.0    42   196     3   151     1   151 0.95 -
d1y9ka1d.108.1.1     -            152 d1xmta_d.108.1.1.aln -            292   1.9e-24   82.1   0.0   1   1   1.3e-25   2.4e-24   81.8   0.0    85   197    32   149     3   152 0.88 -
d1bo4a_d.108.1.1     -            137 d1xmta_d.108.1.1.aln -            292   7.3e-24   80.2   0.0   1   1   4.6e-25   8.5e-24   80.0   0.0    40   173     4   137     2   137 0.97 -
d2fiwa1d.108.1.1     -            156 d1xmta_d.108.1.1.aln -            292   9.5e-23   76.5   0.0   1   1   5.4e-24   9.9e-23   76.5   0.0    43   194     8   152     1   156 0.93 -
d2atra1d.108.1.1     -            137 d1xmta_d.108.1.1.aln -            292   1.1e-22   76.4   0.1   1   1   6.1e-24   1.1e-22   76.3   0.1    53   192     2   134     1   137 0.95 -
d1n71a_d.108.1.1     -            180 d1xmta_d.108.1.1.aln -            292   1.6e-22   75.8   0.0   1   1   9.7e-24   1.8e-22   75.6   0.0    31   201     1   179     1   180 0.98 -
d1q2ya_d.108.1.1     -            140 d1xmta_d.108.1.1.aln -            292   7.7e-22   73.5   0.3   1   1   4.9e-23     9e-22   73.3   0.3    59   194     7   139     2   140 0.96 -
d1y7ra1d.108.1.1     -            133 d1xmta_d.108.1.1.aln -            292   3.4e-21   71.4   0.0   1   1     2e-22   3.6e-21   71.3   0.0    57   195     3   132     1   133 0.93 -
d1z4ra1d.108.1.1     -            162 d1xmta_d.108.1.1.aln -            292   7.9e-21   70.2   0.0   1   1   4.6e-22   8.5e-21   70.1   0.0    44   197     4   160     1   162 0.91 -
d2g3aa1d.108.1.1     -            137 d1xmta_d.108.1.1.aln -            292   4.5e-19   64.5   0.0   1   1   2.8e-20   5.1e-19   64.3   0.0    61   196    17   137     6   137 0.76 -
d1xeba_d.108.1.1     -            149 d1xmta_d.108.1.1.aln -            292   9.2e-19   63.4   0.3   1   1   5.4e-20     1e-18   63.3   0.3    46   193     3   147     1   149 0.95 -
d1m4ia_d.108.1.1     -            181 d1xmta_d.108.1.1.aln -            292   1.1e-18   63.1   0.0   1   1   7.3e-20   1.3e-18   62.9   0.0    24   200     1   179     1   180 0.99 -
d2aj6a1d.108.1.1     -            118 d1xmta_d.108.1.1.aln -            292   3.5e-18   61.5   0.0   1   1     2e-19   3.8e-18   61.4   0.0    35   155     2   116     1   118 0.97 -
d2fsra1d.108.1.1     -            164 d1xmta_d.108.1.1.aln -            292   5.6e-18   60.9   0.0   1   1   3.3e-19   6.1e-18   60.7   0.0    33   197     2   163     1   164 0.98 -
d1r57a_d.108.1.1     -            102 d1xmta_d.108.1.1.aln -            292     3e-09   32.2   0.0   1   1   1.8e-10   3.3e-09   32.1   0.0   115   173    33    94     3   101 0.78 -
d2d4pa1d.108.1.1     -            130 d1xmta_d.108.1.1.aln -            292   7.9e-08   27.6   0.1   1   1   4.8e-09   8.9e-08   27.4   0.1    59   173     4   114     1   122 0.94 -
#
# Program:         hmmsearch
# Version:         3.3.2 (Nov 2020)
# Pipeline mode:   SEARCH
# Query file:      /home/elise/Documents/M1-BIM/S2/TMEs/SBAS/tme08/models/scop30/d1xmta_d.108.1.1.aln.hmm
# Target file:     /home/elise/Documents/M1-BIM/S2/TMEs/SBAS/tme08/scop/scop/scopTestSeq.fasta
# Option settings: hmmsearch --domtblout /home/elise/Documents/M1-BIM/S2/TMEs/SBAS/tme08/searchResults/scop30/d1xmta_d.108.1.1.aln.out -E 1 /home/elise/Documents/M1-BIM/S2/TMEs/SBAS/tme08/models/scop30/d1xmta_d.108.1.1.aln.hmm /home/elise/Documents/M1-BIM/S2/TMEs/SBAS/tme08/scop/scop/scopTestSeq.fasta 
# Current dir:     /home/elise/Documents/M1-BIM/S2/TMEs/SBAS/tme08
# Date:            Thu Apr 10 10:02:32 2025
# [ok]
