#                                                                            --- full sequence --- -------------- this domain -------------   hmm coord   ali coord   env coord
# target name        accession   tlen query name           accession   qlen   E-value  score  bias   #  of  c-Evalue  i-Evalue  score  bias  from    to  from    to  from    to  acc description of target
#------------------- ---------- ----- -------------------- ---------- ----- --------- ------ ----- --- --- --------- --------- ------ ----- ----- ----- ----- ----- ----- ----- ---- ---------------------
d1xuva_d.129.3.5     -            163 d1xn5a_d.129.3.5.aln -            155   8.2e-59  193.3   0.1   1   1   1.2e-60   9.1e-59  193.2   0.1     2   154     9   161     8   162 0.98 -
d1xfsa_d.129.3.5     -            165 d1xn5a_d.129.3.5.aln -            155   1.1e-56  186.4   0.0   1   1   1.5e-58   1.2e-56  186.3   0.0     2   154     2   165     1   165 0.99 -
d2il5a1d.129.3.5     -            164 d1xn5a_d.129.3.5.aln -            155   1.1e-56  186.4   3.6   1   1   1.6e-58   1.2e-56  186.2   3.6     1   154     3   156     3   157 0.99 -
d3elia1d.129.3.5     -            143 d1xn5a_d.129.3.5.aln -            155   5.6e-50  164.6   0.1   1   1   7.8e-52   6.2e-50  164.5   0.1     6   149     2   143     1   143 0.99 -
d2l65a1d.129.3.5     -            155 d1xn5a_d.129.3.5.aln -            155   1.6e-48  159.9   0.8   1   1   2.2e-50   1.7e-48  159.8   0.8     4   154     1   154     1   155 0.99 -
d1z94a1d.129.3.5     -            143 d1xn5a_d.129.3.5.aln -            155   1.9e-47  156.4   0.0   1   1   2.6e-49   2.1e-47  156.3   0.0     5   150     2   142     1   143 0.98 -
d2nn5a1d.129.3.5     -            160 d1xn5a_d.129.3.5.aln -            155   1.3e-46  153.7   0.4   1   1   1.8e-48   1.4e-46  153.6   0.4     1   154     8   158     8   159 0.99 -
d2k5ga1d.129.3.5     -            183 d1xn5a_d.129.3.5.aln -            155   7.7e-42  138.2   0.0   1   1   1.1e-43   8.9e-42  138.0   0.0     2   154    16   166    15   167 0.98 -
d1x53a1d.129.3.5     -            132 d1xn5a_d.129.3.5.aln -            155   2.6e-41  136.5   0.3   1   1   3.6e-43   2.9e-41  136.3   0.3     3   153     2   132     1   132 0.98 -
d1xn5a_d.129.3.5     -            138 d1xn5a_d.129.3.5.aln -            155     5e-09   31.6   2.7   1   1   2.2e-10   1.7e-08   29.9   2.7    12   142    12   130     5   136 0.90 -
#
# Program:         hmmsearch
# Version:         3.3.2 (Nov 2020)
# Pipeline mode:   SEARCH
# Query file:      /home/elise/Documents/M1-BIM/S2/TMEs/SBAS/tme08/models/scop30/d1xn5a_d.129.3.5.aln.hmm
# Target file:     /home/elise/Documents/M1-BIM/S2/TMEs/SBAS/tme08/scop/scop/scopTestSeq.fasta
# Option settings: hmmsearch --domtblout /home/elise/Documents/M1-BIM/S2/TMEs/SBAS/tme08/searchResults/scop30/d1xn5a_d.129.3.5.aln.out -E 1 /home/elise/Documents/M1-BIM/S2/TMEs/SBAS/tme08/models/scop30/d1xn5a_d.129.3.5.aln.hmm /home/elise/Documents/M1-BIM/S2/TMEs/SBAS/tme08/scop/scop/scopTestSeq.fasta 
# Current dir:     /home/elise/Documents/M1-BIM/S2/TMEs/SBAS/tme08
# Date:            Thu Apr 10 10:02:32 2025
# [ok]
