#                                                                            --- full sequence --- -------------- this domain -------------   hmm coord   ali coord   env coord
# target name        accession   tlen query name           accession   qlen   E-value  score  bias   #  of  c-Evalue  i-Evalue  score  bias  from    to  from    to  from    to  acc description of target
#------------------- ---------- ----- -------------------- ---------- ----- --------- ------ ----- --- --- --------- --------- ------ ----- ----- ----- ----- ----- ----- ----- ---- ---------------------
d1qv0a_a.39.1.5      -            189 d1xo5a_a.39.1.5.aln  -            178   2.3e-60  199.1   0.1   1   1   4.5e-62   2.6e-60  198.9   0.1     2   178     3   189     2   189 0.99 -
d1jbaa_a.39.1.5      -            189 d1xo5a_a.39.1.5.aln  -            178   8.7e-59  194.0   1.9   1   1   1.7e-60   9.7e-59  193.8   1.9     2   173     2   188     1   189 0.99 -
d1omra_a.39.1.5      -            201 d1xo5a_a.39.1.5.aln  -            178   7.6e-57  187.6   3.5   1   1   1.5e-58   8.7e-57  187.4   3.5     2   177     6   194     5   195 0.99 -
d2sasa_a.39.1.5      -            185 d1xo5a_a.39.1.5.aln  -            178   2.8e-56  185.8   0.9   1   1   5.6e-58   3.1e-56  185.6   0.9     1   178     6   185     6   185 0.99 -
d2scpa_a.39.1.5      -            174 d1xo5a_a.39.1.5.aln  -            178   2.5e-53  176.2   3.2   1   1   4.9e-55   2.7e-53  176.0   3.2     9   177     2   173     1   174 0.99 -
d1exra_a.39.1.5      -            146 d1xo5a_a.39.1.5.aln  -            178   9.9e-53  174.2   8.0   1   1   1.9e-54   1.1e-52  174.1   8.0    15   159     2   145     1   146 0.99 -
d1nyaa_a.39.1.5      -            176 d1xo5a_a.39.1.5.aln  -            178   6.2e-51  168.4   1.2   1   1   1.2e-52   6.8e-51  168.2   1.2     1   170     6   174     6   176 0.99 -
d2zfda1a.39.1.5      -            183 d1xo5a_a.39.1.5.aln  -            178   6.8e-51  168.2   3.6   1   1   1.3e-52   7.6e-51  168.1   3.6     9   177     1   180     1   181 0.99 -
d1jfka_a.39.1.5      -            134 d1xo5a_a.39.1.5.aln  -            178     8e-40  132.2   6.9   1   1   1.6e-41   8.8e-40  132.0   6.9    23   159     1   134     1   134 0.98 -
d1s6ja_a.39.1.5      -             87 d1xo5a_a.39.1.5.aln  -            178   2.2e-27   91.6   2.2   1   1   4.2e-29   2.4e-27   91.5   2.2    78   159     2    86     1    87 0.97 -
d1j7qa_a.39.1.5      -             86 d1xo5a_a.39.1.5.aln  -            178   4.8e-25   84.0   0.1   1   1   9.4e-27   5.3e-25   83.9   0.1    91   168     9    86     2    86 0.95 -
d1ctaa_a.39.1.5      -             34 d1xo5a_a.39.1.5.aln  -            178   1.5e-11   40.1   0.1   1   1   2.7e-13   1.5e-11   40.1   0.1    94   126     2    34     1    34 0.95 -
d1xo5a_a.39.1.5      -            180 d1xo5a_a.39.1.5.aln  -            178     3e-11   39.1   0.1   1   1   7.5e-13   4.2e-11   38.6   0.1    76   161    75   169    55   173 0.93 -
d2gf6a1d.38.1.1      -            134 d1xo5a_a.39.1.5.aln  -            178    0.0054   12.2   0.4   1   2   0.00017    0.0098   11.4   0.1   100   134    10    44     2    46 0.91 -
d2gf6a1d.38.1.1      -            134 d1xo5a_a.39.1.5.aln  -            178    0.0054   12.2   0.4   2   2       3.7   2.1e+02   -2.8   0.0    70   151    96   104    86   112 0.46 -
#
# Program:         hmmsearch
# Version:         3.3.2 (Nov 2020)
# Pipeline mode:   SEARCH
# Query file:      /home/elise/Documents/M1-BIM/S2/TMEs/SBAS/tme08/models/scop30/d1xo5a_a.39.1.5.aln.hmm
# Target file:     /home/elise/Documents/M1-BIM/S2/TMEs/SBAS/tme08/scop/scop/scopTestSeq.fasta
# Option settings: hmmsearch --domtblout /home/elise/Documents/M1-BIM/S2/TMEs/SBAS/tme08/searchResults/scop30/d1xo5a_a.39.1.5.aln.out -E 1 /home/elise/Documents/M1-BIM/S2/TMEs/SBAS/tme08/models/scop30/d1xo5a_a.39.1.5.aln.hmm /home/elise/Documents/M1-BIM/S2/TMEs/SBAS/tme08/scop/scop/scopTestSeq.fasta 
# Current dir:     /home/elise/Documents/M1-BIM/S2/TMEs/SBAS/tme08
# Date:            Thu Apr 10 10:02:32 2025
# [ok]
