#                                                                            --- full sequence --- -------------- this domain -------------   hmm coord   ali coord   env coord
# target name        accession   tlen query name           accession   qlen   E-value  score  bias   #  of  c-Evalue  i-Evalue  score  bias  from    to  from    to  from    to  acc description of target
#------------------- ---------- ----- -------------------- ---------- ----- --------- ------ ----- --- --- --------- --------- ------ ----- ----- ----- ----- ----- ----- ----- ---- ---------------------
d1eu8a_c.94.1.1      -            407 d1xoca1c.94.1.1.aln  -            327   4.8e-66  218.4   5.6   1   1   2.1e-67   5.4e-66  218.3   5.6     2   327     2   392     1   392 0.99 -
d1vr5a1c.94.1.1      -            535 d1xoca1c.94.1.1.aln  -            327   3.2e-61  202.6   5.1   1   1   1.6e-62   4.3e-61  202.2   5.1     2   327    17   401    16   401 0.99 -
d1ursa_c.94.1.1      -            367 d1xoca1c.94.1.1.aln  -            327   2.5e-60  199.7   9.0   1   1   1.1e-61   2.8e-60  199.5   9.0     6   327     2   356     1   356 0.99 -
d1jeta_c.94.1.1      -            517 d1xoca1c.94.1.1.aln  -            327   1.6e-58  193.8   7.7   1   1   8.3e-60   2.2e-58  193.3   7.7     2   327    25   416    24   416 1.00 -
d3vlva_c.94.1.1      -            490 d1xoca1c.94.1.1.aln  -            327   7.3e-57  188.3   3.1   1   1   3.5e-58   9.2e-57  188.0   3.1     2   327     9   373     8   373 0.99 -
d1uqwa_c.94.1.1      -            487 d1xoca1c.94.1.1.aln  -            327   2.6e-56  186.5   9.5   1   1   1.2e-57   3.3e-56  186.2   9.5     2   327    15   389    14   389 0.99 -
d3thia_c.94.1.1      -            362 d1xoca1c.94.1.1.aln  -            327   3.3e-55  182.9   0.5   1   1   1.4e-56   3.7e-55  182.7   0.5     4   327     2   362     1   362 0.99 -
d1q35a_c.94.1.1      -            318 d1xoca1c.94.1.1.aln  -            327   4.5e-54  179.2   1.3   1   1   1.9e-55   4.9e-54  179.0   1.3     8   314     2   317     1   318 0.99 -
d2nooa_c.94.1.1      -            496 d1xoca1c.94.1.1.aln  -            327   1.3e-53  177.7   2.4   1   1   5.7e-55   1.5e-53  177.5   2.4     3   327    13   398    11   398 0.99 -
d1sbpa_c.94.1.1      -            309 d1xoca1c.94.1.1.aln  -            327   9.9e-52  171.5   7.9   1   1   4.2e-53   1.1e-51  171.4   7.9     3   313     3   309     1   309 0.97 -
d1pb7a_c.94.1.1      -            289 d1xoca1c.94.1.1.aln  -            327   8.4e-49  161.9   0.0   1   1   3.6e-50   9.4e-49  161.7   0.0     6   295     1   288     1   289 0.99 -
d1r9la_c.94.1.1      -            309 d1xoca1c.94.1.1.aln  -            327   1.3e-48  161.2   9.3   1   1   5.6e-50   1.5e-48  161.1   9.3     3   302     4   309     2   309 0.99 -
d1nnfa_c.94.1.1      -            308 d1xoca1c.94.1.1.aln  -            327   1.7e-48  160.9  12.0   1   1   7.1e-50   1.9e-48  160.8  12.0    10   307     2   306     1   308 0.99 -
d2nxoa1c.94.1.1      -            277 d1xoca1c.94.1.1.aln  -            327   2.9e-43  143.8   0.0   1   1   1.2e-44   3.2e-43  143.6   0.0     5   285     2   276     1   277 0.98 -
d1ixha_c.94.1.1      -            321 d1xoca1c.94.1.1.aln  -            327     5e-42  139.7  10.1   1   1   2.1e-43   5.5e-42  139.5  10.1     3   311     2   321     1   321 0.99 -
d1us5a_c.94.1.1      -            298 d1xoca1c.94.1.1.aln  -            327     1e-38  128.8   0.5   1   1   4.4e-40   1.1e-38  128.7   0.5     2   293     9   297     8   298 0.99 -
d1twya_c.94.1.1      -            249 d1xoca1c.94.1.1.aln  -            327     5e-36  120.0   0.1   1   1   2.1e-37   5.5e-36  119.9   0.1     6   267     3   249     1   249 0.97 -
d1sw5a_c.94.1.1      -            270 d1xoca1c.94.1.1.aln  -            327   9.4e-36  119.1   2.6   1   1   4.2e-37   1.1e-35  118.9   2.6     7   285     2   268     1   269 0.99 -
d2czla1c.94.1.1      -            270 d1xoca1c.94.1.1.aln  -            327   1.6e-33  111.8   0.0   1   1   6.8e-35   1.8e-33  111.7   0.0     6   286     2   269     1   270 0.98 -
d1xt8a1c.94.1.1      -            248 d1xoca1c.94.1.1.aln  -            327   3.9e-33  110.6   2.3   1   1   1.8e-34   4.6e-33  110.3   2.3     3   274     9   247     7   247 0.98 -
d1al3a_c.94.1.1      -            237 d1xoca1c.94.1.1.aln  -            327   1.9e-32  108.3   0.0   1   1   8.8e-34   2.3e-32  108.0   0.0     1   259     1   234     1   236 0.98 -
d2i6ea1c.94.1.1      -            272 d1xoca1c.94.1.1.aln  -            327   4.6e-32  107.0   0.0   1   1   2.2e-33   5.7e-32  106.7   0.0     6   273     2   267     1   270 0.96 -
d1atga_c.94.1.1      -            231 d1xoca1c.94.1.1.aln  -            327   6.6e-32  106.5   2.2   1   1   2.9e-33   7.6e-32  106.3   2.2    11   267     4   230     2   231 0.98 -
d1ii5a_c.94.1.1      -            226 d1xoca1c.94.1.1.aln  -            327   2.9e-30  101.1   0.1   1   1   1.2e-31   3.2e-30  101.0   0.1     4   256     2   223     1   226 0.98 -
d2ozza1c.94.1.1      -            228 d1xoca1c.94.1.1.aln  -            327   1.9e-25   85.3   0.0   1   1   8.1e-27   2.1e-25   85.2   0.0     7   270     2   227     1   228 0.97 -
d1i6aa_c.94.1.1      -            212 d1xoca1c.94.1.1.aln  -            327   3.9e-24   81.0   0.0   1   1   1.6e-25   4.3e-24   80.9   0.0     4   250     3   211     1   212 0.97 -
d1ixca2c.94.1.1      -            205 d1xoca1c.94.1.1.aln  -            327   4.3e-20   67.8   0.0   1   1   1.8e-21   4.8e-20   67.6   0.0     7   256     3   205     1   205 0.98 -
d2esna2c.94.1.1      -            212 d1xoca1c.94.1.1.aln  -            327   7.4e-20   67.0   0.0   1   1   3.8e-21   9.9e-20   66.6   0.0    10   267     2   210     1   212 0.98 -
d1ve4a1c.94.1.1      -            206 d1xoca1c.94.1.1.aln  -            327   5.9e-19   64.1   0.0   1   1   2.4e-20   6.2e-19   64.0   0.0    18   249     9   203     1   206 0.96 -
d2qmwa1c.94.1.1      -            184 d1xoca1c.94.1.1.aln  -            327   6.1e-16   54.2   0.1   1   1   1.4e-16   3.7e-15   51.6   0.1    16   260     2   183     1   184 0.95 -
#
# Program:         hmmsearch
# Version:         3.3.2 (Nov 2020)
# Pipeline mode:   SEARCH
# Query file:      /home/elise/Documents/M1-BIM/S2/TMEs/SBAS/tme08/models/scop30/d1xoca1c.94.1.1.aln.hmm
# Target file:     /home/elise/Documents/M1-BIM/S2/TMEs/SBAS/tme08/scop/scop/scopTestSeq.fasta
# Option settings: hmmsearch --domtblout /home/elise/Documents/M1-BIM/S2/TMEs/SBAS/tme08/searchResults/scop30/d1xoca1c.94.1.1.aln.out -E 1 /home/elise/Documents/M1-BIM/S2/TMEs/SBAS/tme08/models/scop30/d1xoca1c.94.1.1.aln.hmm /home/elise/Documents/M1-BIM/S2/TMEs/SBAS/tme08/scop/scop/scopTestSeq.fasta 
# Current dir:     /home/elise/Documents/M1-BIM/S2/TMEs/SBAS/tme08
# Date:            Thu Apr 10 10:02:32 2025
# [ok]
