#                                                                            --- full sequence --- -------------- this domain -------------   hmm coord   ali coord   env coord
# target name        accession   tlen query name           accession   qlen   E-value  score  bias   #  of  c-Evalue  i-Evalue  score  bias  from    to  from    to  from    to  acc description of target
#------------------- ---------- ----- -------------------- ---------- ----- --------- ------ ----- --- --- --------- --------- ------ ----- ----- ----- ----- ----- ----- ----- ---- ---------------------
d1fsga_c.61.1.1      -            233 d1xtta1c.61.1.1.aln  -            202   8.2e-64  210.0   0.0   1   1   1.7e-65   9.5e-64  209.8   0.0     2   201    21   225    20   226 0.99 -
d1dqna_c.61.1.1      -            230 d1xtta1c.61.1.1.aln  -            202   1.9e-61  202.3   0.0   1   1   3.9e-63   2.2e-61  202.1   0.0     2   201     7   203     6   204 0.99 -
d1tc1a_c.61.1.1      -            184 d1xtta1c.61.1.1.aln  -            202   6.4e-57  187.5   0.1   1   1   1.3e-58   7.1e-57  187.4   0.1    23   201     1   183     1   184 0.99 -
d1qb7a_c.61.1.1      -            236 d1xtta1c.61.1.1.aln  -            202   1.2e-56  186.6   0.0   1   1   2.4e-58   1.3e-56  186.5   0.0     3   201    13   223    11   224 0.99 -
d1p4aa2c.61.1.1      -            202 d1xtta1c.61.1.1.aln  -            202   2.5e-56  185.6   0.1   1   1   4.9e-58   2.8e-56  185.4   0.1     2   196     7   202     6   202 0.99 -
d1ecfa1c.61.1.1      -            243 d1xtta1c.61.1.1.aln  -            202   2.1e-54  179.3   0.1   1   1   4.2e-56   2.4e-54  179.1   0.1     2   202    22   235    21   235 0.99 -
d2aeea1c.61.1.1      -            208 d1xtta1c.61.1.1.aln  -            202   2.7e-53  175.7   0.0   1   1   5.4e-55   3.1e-53  175.5   0.0     1   201     1   200     1   201 0.98 -
d1wd5a_c.61.1.1      -            208 d1xtta1c.61.1.1.aln  -            202   1.2e-51  170.3   0.7   1   1   2.3e-53   1.3e-51  170.2   0.7     2   202     8   206     7   206 0.98 -
d1y0ba1c.61.1.1      -            191 d1xtta1c.61.1.1.aln  -            202   7.5e-51  167.7   0.3   1   1   1.5e-52   8.3e-51  167.6   0.3     2   190     1   191     1   191 0.99 -
d1a3ca_c.61.1.1      -            178 d1xtta1c.61.1.1.aln  -            202   7.7e-47  154.6   2.0   1   1   1.5e-48   8.5e-47  154.5   2.0    27   201     2   178     1   178 0.99 -
d1vcha1c.61.1.1      -            174 d1xtta1c.61.1.1.aln  -            202   9.4e-47  154.3   0.1   1   1   1.8e-48     1e-46  154.2   0.1     1   171     1   174     1   174 0.99 -
d1vdma1c.61.1.1      -            153 d1xtta1c.61.1.1.aln  -            202   7.8e-46  151.3   0.3   1   1   1.5e-47   8.6e-46  151.2   0.3    26   191     1   152     1   153 0.98 -
d1nula_c.61.1.1      -            150 d1xtta1c.61.1.1.aln  -            202   9.6e-43  141.2   0.0   1   1   1.9e-44     1e-42  141.1   0.0    27   194     1   148     1   150 0.97 -
d1xtta1c.61.1.1      -            215 d1xtta1c.61.1.1.aln  -            202   2.2e-05   19.3   0.0   1   1   8.4e-07   4.7e-05   18.2   0.0   117   156   133   172   123   186 0.92 -
#
# Program:         hmmsearch
# Version:         3.3.2 (Nov 2020)
# Pipeline mode:   SEARCH
# Query file:      /home/elise/Documents/M1-BIM/S2/TMEs/SBAS/tme08/models/scop30/d1xtta1c.61.1.1.aln.hmm
# Target file:     /home/elise/Documents/M1-BIM/S2/TMEs/SBAS/tme08/scop/scop/scopTestSeq.fasta
# Option settings: hmmsearch --domtblout /home/elise/Documents/M1-BIM/S2/TMEs/SBAS/tme08/searchResults/scop30/d1xtta1c.61.1.1.aln.out -E 1 /home/elise/Documents/M1-BIM/S2/TMEs/SBAS/tme08/models/scop30/d1xtta1c.61.1.1.aln.hmm /home/elise/Documents/M1-BIM/S2/TMEs/SBAS/tme08/scop/scop/scopTestSeq.fasta 
# Current dir:     /home/elise/Documents/M1-BIM/S2/TMEs/SBAS/tme08
# Date:            Thu Apr 10 10:02:32 2025
# [ok]
