#                                                                            --- full sequence --- -------------- this domain -------------   hmm coord   ali coord   env coord
# target name        accession   tlen query name           accession   qlen   E-value  score  bias   #  of  c-Evalue  i-Evalue  score  bias  from    to  from    to  from    to  acc description of target
#------------------- ---------- ----- -------------------- ---------- ----- --------- ------ ----- --- --- --------- --------- ------ ----- ----- ----- ----- ----- ----- ----- ---- ---------------------
d1dqna_c.61.1.1      -            230 d1y0ba1c.61.1.1.aln  -            208     4e-65  214.3   0.0   1   1   8.8e-67   4.9e-65  214.0   0.0     1   207     1   203     1   204 0.98 -
d1fsga_c.61.1.1      -            233 d1y0ba1c.61.1.1.aln  -            208   7.2e-65  213.5   0.0   1   1   1.4e-66     8e-65  213.3   0.0     2   207    16   225    15   226 0.99 -
d1qb7a_c.61.1.1      -            236 d1y0ba1c.61.1.1.aln  -            208     2e-60  199.0   0.0   1   1   4.1e-62   2.3e-60  198.8   0.0     1   207    10   224    10   225 0.99 -
d1ecfa1c.61.1.1      -            243 d1y0ba1c.61.1.1.aln  -            208   1.4e-57  189.7   0.4   1   1   2.8e-59   1.6e-57  189.5   0.4     1   208    16   235    16   235 0.99 -
d1p4aa2c.61.1.1      -            202 d1y0ba1c.61.1.1.aln  -            208   1.2e-56  186.6   0.2   1   1   2.4e-58   1.3e-56  186.5   0.2     1   201     1   202     1   202 0.99 -
d1wd5a_c.61.1.1      -            208 d1y0ba1c.61.1.1.aln  -            208   1.8e-56  186.1   0.3   1   1   3.5e-58     2e-56  185.9   0.3     2   208     3   206     2   206 0.99 -
d1xtta1c.61.1.1      -            215 d1y0ba1c.61.1.1.aln  -            208   1.7e-55  182.9   3.1   1   1   3.4e-57   1.9e-55  182.7   3.1     1   204     3   215     3   215 0.99 -
d1tc1a_c.61.1.1      -            184 d1y0ba1c.61.1.1.aln  -            208   2.5e-55  182.3   0.2   1   1   4.9e-57   2.8e-55  182.2   0.2    28   208     1   184     1   184 0.99 -
d2aeea1c.61.1.1      -            208 d1y0ba1c.61.1.1.aln  -            208   9.5e-55  180.4   0.0   1   1   1.9e-56   1.1e-54  180.3   0.0     1   208     1   202     1   202 0.99 -
d1vcha1c.61.1.1      -            174 d1y0ba1c.61.1.1.aln  -            208   3.5e-49  162.3   0.2   1   1   6.8e-51   3.8e-49  162.1   0.2     6   177     1   174     1   174 0.99 -
d1a3ca_c.61.1.1      -            178 d1y0ba1c.61.1.1.aln  -            208   9.6e-49  160.8   3.2   1   1   1.9e-50   1.1e-48  160.7   3.2    32   204     2   178     1   178 0.98 -
d1vdma1c.61.1.1      -            153 d1y0ba1c.61.1.1.aln  -            208   1.6e-48  160.1   0.5   1   1   3.1e-50   1.7e-48  160.0   0.5    31   197     1   152     1   153 0.99 -
d1nula_c.61.1.1      -            150 d1y0ba1c.61.1.1.aln  -            208   1.3e-44  147.3   0.0   1   1   2.6e-46   1.5e-44  147.1   0.0    32   197     1   150     1   150 0.96 -
d1y0ba1c.61.1.1      -            191 d1y0ba1c.61.1.1.aln  -            208   1.6e-06   22.9   0.1   1   1   5.7e-08   3.2e-06   21.9   0.1    42   164    36   159    31   167 0.66 -
#
# Program:         hmmsearch
# Version:         3.3.2 (Nov 2020)
# Pipeline mode:   SEARCH
# Query file:      /home/elise/Documents/M1-BIM/S2/TMEs/SBAS/tme08/models/scop30/d1y0ba1c.61.1.1.aln.hmm
# Target file:     /home/elise/Documents/M1-BIM/S2/TMEs/SBAS/tme08/scop/scop/scopTestSeq.fasta
# Option settings: hmmsearch --domtblout /home/elise/Documents/M1-BIM/S2/TMEs/SBAS/tme08/searchResults/scop30/d1y0ba1c.61.1.1.aln.out -E 1 /home/elise/Documents/M1-BIM/S2/TMEs/SBAS/tme08/models/scop30/d1y0ba1c.61.1.1.aln.hmm /home/elise/Documents/M1-BIM/S2/TMEs/SBAS/tme08/scop/scop/scopTestSeq.fasta 
# Current dir:     /home/elise/Documents/M1-BIM/S2/TMEs/SBAS/tme08
# Date:            Thu Apr 10 10:02:32 2025
# [ok]
