#                                                                            --- full sequence --- -------------- this domain -------------   hmm coord   ali coord   env coord
# target name        accession   tlen query name           accession   qlen   E-value  score  bias   #  of  c-Evalue  i-Evalue  score  bias  from    to  from    to  from    to  acc description of target
#------------------- ---------- ----- -------------------- ---------- ----- --------- ------ ----- --- --- --------- --------- ------ ----- ----- ----- ----- ----- ----- ----- ---- ---------------------
d1r3na1c.56.5.4      -            323 d1y7ea2c.56.5.4.aln  -            277     7e-96  316.1   0.0   1   1   9.9e-98   7.8e-96  315.9   0.0     2   276    13   317    12   318 0.99 -
d1z2la1c.56.5.4      -            294 d1y7ea2c.56.5.4.aln  -            277   1.3e-91  302.1   0.0   1   1   1.8e-93   1.4e-91  302.0   0.0     4   276     1   293     1   294 0.99 -
d1rtqa_c.56.5.4      -            291 d1y7ea2c.56.5.4.aln  -            277   2.3e-90  298.0   0.6   1   1   3.3e-92   2.6e-90  297.8   0.6     2   276    20   285    19   286 0.99 -
d1tkja_c.56.5.4      -            277 d1y7ea2c.56.5.4.aln  -            277   8.7e-90  296.1   0.0   1   1   1.2e-91   9.7e-90  296.0   0.0     4   276     2   276     1   277 0.99 -
d1lfwa1c.56.5.4      -            273 d1y7ea2c.56.5.4.aln  -            277   2.6e-85  281.5   0.0   1   1   3.6e-87   2.8e-85  281.3   0.0     2   276     3   272     2   273 0.99 -
d1cg2a1c.56.5.4      -            277 d1y7ea2c.56.5.4.aln  -            277   3.4e-85  281.0   0.4   1   1   4.8e-87   3.8e-85  280.9   0.4     2   275     2   276     1   277 0.99 -
d1fnoa4c.56.5.4      -            296 d1y7ea2c.56.5.4.aln  -            277   4.4e-85  280.7   0.0   1   1   6.2e-87   4.9e-85  280.5   0.0     2   276     4   295     3   296 0.99 -
d1y0ya3c.56.5.4      -            256 d1y7ea2c.56.5.4.aln  -            277   2.5e-77  255.2   0.3   1   1   3.5e-79   2.8e-77  255.1   0.3     5   275     1   255     1   256 0.99 -
d1vgya1c.56.5.4      -            263 d1y7ea2c.56.5.4.aln  -            277   5.5e-76  250.8   0.0   1   1     8e-78   6.3e-76  250.6   0.0     4   273     2   262     1   263 0.99 -
d2grea2c.56.5.4      -            234 d1y7ea2c.56.5.4.aln  -            277   2.7e-65  215.8   2.0   1   1   3.8e-67     3e-65  215.6   2.0     2   275     1   234     1   234 0.99 -
#
# Program:         hmmsearch
# Version:         3.3.2 (Nov 2020)
# Pipeline mode:   SEARCH
# Query file:      /home/elise/Documents/M1-BIM/S2/TMEs/SBAS/tme08/models/scop30/d1y7ea2c.56.5.4.aln.hmm
# Target file:     /home/elise/Documents/M1-BIM/S2/TMEs/SBAS/tme08/scop/scop/scopTestSeq.fasta
# Option settings: hmmsearch --domtblout /home/elise/Documents/M1-BIM/S2/TMEs/SBAS/tme08/searchResults/scop30/d1y7ea2c.56.5.4.aln.out -E 1 /home/elise/Documents/M1-BIM/S2/TMEs/SBAS/tme08/models/scop30/d1y7ea2c.56.5.4.aln.hmm /home/elise/Documents/M1-BIM/S2/TMEs/SBAS/tme08/scop/scop/scopTestSeq.fasta 
# Current dir:     /home/elise/Documents/M1-BIM/S2/TMEs/SBAS/tme08
# Date:            Thu Apr 10 10:02:33 2025
# [ok]
