#                                                                            --- full sequence --- -------------- this domain -------------   hmm coord   ali coord   env coord
# target name        accession   tlen query name           accession   qlen   E-value  score  bias   #  of  c-Evalue  i-Evalue  score  bias  from    to  from    to  from    to  acc description of target
#------------------- ---------- ----- -------------------- ---------- ----- --------- ------ ----- --- --- --------- --------- ------ ----- ----- ----- ----- ----- ----- ----- ---- ---------------------
d2pq8a_d.108.1.1     -            271 d1y9ka1d.108.1.1.aln -            206   3.6e-42  140.0   0.1   1   1   2.4e-43   4.2e-42  139.7   0.1     1   206    25   246    25   246 0.99 -
d1boba_d.108.1.1     -            315 d1y9ka1d.108.1.1.aln -            206   8.4e-39  129.0   0.3   1   1   5.7e-40     1e-38  128.7   0.3     2   206    24   249    23   249 0.99 -
d1tiqa_d.108.1.1     -            173 d1y9ka1d.108.1.1.aln -            206   3.1e-38  127.1   0.3   1   1   1.9e-39   3.4e-38  127.0   0.3    26   190     4   172     1   173 0.98 -
d2p0wa_d.108.1.1     -            319 d1y9ka1d.108.1.1.aln -            206   7.7e-38  125.8   0.8   1   1   5.5e-39   9.9e-38  125.5   0.4     1   206    31   253    31   253 0.99 -
d1u6ma_d.108.1.1     -            189 d1y9ka1d.108.1.1.aln -            206   3.5e-35  117.1   0.1   1   1   2.2e-36   3.9e-35  117.0   0.1     2   184     2   188     1   189 0.99 -
d2ae6a1d.108.1.1     -            161 d1y9ka1d.108.1.1.aln -            206   3.2e-34  114.0   0.1   1   1     2e-35   3.5e-34  113.9   0.1    25   189     2   160     1   161 0.97 -
d2cy2a1d.108.1.1     -            174 d1y9ka1d.108.1.1.aln -            206   4.1e-33  110.4   0.8   1   1   2.5e-34   4.6e-33  110.2   0.8    21   193     2   174     1   174 0.99 -
d1yk3a1d.108.1.1     -            198 d1y9ka1d.108.1.1.aln -            206   8.4e-33  109.4   0.0   1   1   5.2e-34   9.3e-33  109.2   0.0     1   185     7   197     7   198 0.98 -
d1nsla_d.108.1.1     -            180 d1y9ka1d.108.1.1.aln -            206     3e-32  107.6   0.1   1   1   1.9e-33   3.4e-32  107.4   0.1    16   193     1   180     1   180 0.99 -
d1z4ea1d.108.1.1     -            150 d1y9ka1d.108.1.1.aln -            206   3.3e-32  107.4   0.1   1   1   2.1e-33   3.7e-32  107.3   0.1    25   170     2   145     1   148 0.98 -
d2euia1d.108.1.1     -            153 d1y9ka1d.108.1.1.aln -            206   5.9e-32  106.6   0.1   1   1   3.8e-33   6.9e-32  106.4   0.1    31   178     2   149     1   152 0.97 -
d1mk4a_d.108.1.1     -            157 d1y9ka1d.108.1.1.aln -            206     6e-32  106.6   0.0   1   1   3.6e-33   6.5e-32  106.5   0.0    38   195     2   156     1   157 0.98 -
d1vkca_d.108.1.1     -            149 d1y9ka1d.108.1.1.aln -            206   2.6e-31  104.5   2.4   1   1   1.5e-32   2.7e-31  104.4   2.4    24   171     1   144     1   149 0.96 -
d2gana1d.108.1.1     -            182 d1y9ka1d.108.1.1.aln -            206   4.2e-31  103.8   0.5   1   1   2.6e-32   4.6e-31  103.7   0.5     6   182     1   180     1   182 0.98 -
d1m4ia_d.108.1.1     -            181 d1y9ka1d.108.1.1.aln -            206   1.9e-30  101.7   0.0   1   1   1.1e-31   2.1e-30  101.6   0.0    31   198     1   181     1   181 0.99 -
d1i12a_d.108.1.1     -            157 d1y9ka1d.108.1.1.aln -            206   2.6e-30  101.2   0.0   1   1   1.7e-31     3e-30  101.0   0.0    20   168     2   150     1   156 0.96 -
d1n71a_d.108.1.1     -            180 d1y9ka1d.108.1.1.aln -            206   5.1e-30  100.3   0.0   1   1   3.1e-31   5.6e-30  100.1   0.0    31   206     1   180     1   180 0.95 -
d1qsma_d.108.1.1     -            150 d1y9ka1d.108.1.1.aln -            206   8.3e-30   99.6   0.0   1   1   5.3e-31   9.5e-30   99.4   0.0    32   167     4   141     1   149 0.96 -
d1ghea_d.108.1.1     -            170 d1y9ka1d.108.1.1.aln -            206     1e-29   99.3   0.0   1   1   6.1e-31   1.1e-29   99.2   0.0    24   190     2   169     1   170 0.98 -
d1wwza1d.108.1.1     -            157 d1y9ka1d.108.1.1.aln -            206   1.1e-29   99.2   0.7   1   1   6.9e-31   1.2e-29   99.0   0.7    25   177     2   154     1   156 0.98 -
d2fiaa1d.108.1.1     -            157 d1y9ka1d.108.1.1.aln -            206   1.4e-29   98.8   0.9   1   1   8.6e-31   1.5e-29   98.7   0.9    30   189     3   157     1   157 0.97 -
d2b5ga_d.108.1.1     -            168 d1y9ka1d.108.1.1.aln -            206   3.4e-29   97.6   0.2   1   1   2.1e-30   3.7e-29   97.5   0.2    27   186     3   168     1   168 0.97 -
d1z4ra1d.108.1.1     -            162 d1y9ka1d.108.1.1.aln -            206   1.5e-28   95.5   0.0   1   1   9.6e-30   1.7e-28   95.3   0.0    26   193     2   160     1   161 0.96 -
d1bo4a_d.108.1.1     -            137 d1y9ka1d.108.1.1.aln -            206   1.5e-28   95.5   0.0   1   1   9.3e-30   1.7e-28   95.3   0.0    26   163     2   137     1   137 0.99 -
d1ufha_d.108.1.1     -            155 d1y9ka1d.108.1.1.aln -            206   2.9e-28   94.5   0.5   1   1   1.8e-29   3.2e-28   94.4   0.5    26   174     2   153     1   155 0.96 -
d1y9wa1d.108.1.1     -            140 d1y9ka1d.108.1.1.aln -            206   7.9e-28   93.1   1.3   1   1   4.8e-29   8.6e-28   93.0   1.3    38   185     1   139     1   140 0.98 -
d1cjwa_d.108.1.1     -            166 d1y9ka1d.108.1.1.aln -            206   4.9e-27   90.5   0.0   1   1     3e-28   5.4e-27   90.4   0.0    24   185     2   165     1   166 0.98 -
d2fcka1d.108.1.1     -            178 d1y9ka1d.108.1.1.aln -            206     5e-27   90.5   0.1   1   1   3.2e-28   5.8e-27   90.3   0.1    18   188     1   176     1   177 0.98 -
d1p0ha_d.108.1.1     -            308 d1y9ka1d.108.1.1.aln -            206   8.3e-27   89.8   0.0   1   3   4.2e-22   7.6e-21   70.3   0.0    20   206     2   210     1   210 0.99 -
d1p0ha_d.108.1.1     -            308 d1y9ka1d.108.1.1.aln -            206   8.3e-27   89.8   0.0   2   3    0.0015     0.026    9.8   0.0    95   128   218   251   215   252 0.88 -
d1p0ha_d.108.1.1     -            308 d1y9ka1d.108.1.1.aln -            206   8.3e-27   89.8   0.0   3   3     0.018      0.32    6.3   0.0   144   166   277   299   274   304 0.82 -
d2jdca1d.108.1.1     -            145 d1y9ka1d.108.1.1.aln -            206   1.2e-26   89.3   0.1   1   1   7.1e-28   1.3e-26   89.2   0.1    42   186     6   144     1   145 0.97 -
d2fl4a1d.108.1.1     -            146 d1y9ka1d.108.1.1.aln -            206   1.5e-25   85.7   0.7   1   1     9e-27   1.6e-25   85.6   0.7    39   181     4   144     1   146 0.93 -
d1yx0a1d.108.1.1     -            151 d1y9ka1d.108.1.1.aln -            206   1.6e-25   85.6   0.0   1   1   1.1e-26   1.9e-25   85.3   0.0    32   184     2   149     1   150 0.97 -
d1q2ya_d.108.1.1     -            140 d1y9ka1d.108.1.1.aln -            206   1.8e-23   78.9   0.2   1   1   1.1e-24   1.9e-23   78.8   0.2    36   184     5   139     1   140 0.96 -
d1xeba_d.108.1.1     -            149 d1y9ka1d.108.1.1.aln -            206   3.7e-23   77.9   0.5   1   1   2.2e-24   3.9e-23   77.8   0.5    28   181     2   145     1   149 0.94 -
d2g3aa1d.108.1.1     -            137 d1y9ka1d.108.1.1.aln -            206   5.7e-23   77.3   0.0   1   1   3.5e-24   6.2e-23   77.1   0.0    39   186     2   137     1   137 0.91 -
d2fiwa1d.108.1.1     -            156 d1y9ka1d.108.1.1.aln -            206   1.6e-22   75.8   0.0   1   1   9.2e-24   1.7e-22   75.8   0.0    34   188     8   156     1   156 0.96 -
d2atra1d.108.1.1     -            137 d1y9ka1d.108.1.1.aln -            206   7.3e-22   73.6   0.0   1   1   4.4e-23     8e-22   73.5   0.0    35   179     3   135     1   137 0.95 -
d2aj6a1d.108.1.1     -            118 d1y9ka1d.108.1.1.aln -            206   1.4e-21   72.8   0.0   1   1   8.2e-23   1.5e-21   72.7   0.0    27   145     2   116     1   118 0.96 -
d1y7ra1d.108.1.1     -            133 d1y9ka1d.108.1.1.aln -            206   9.9e-21   69.9   0.0   1   1   5.9e-22   1.1e-20   69.9   0.0    41   177     4   132     1   133 0.95 -
d2fsra1d.108.1.1     -            164 d1y9ka1d.108.1.1.aln -            206   3.8e-19   64.8   0.0   1   1   2.3e-20   4.2e-19   64.6   0.0    27   183     2   162     1   164 0.96 -
d1y9ka1d.108.1.1     -            152 d1y9ka1d.108.1.1.aln -            206   5.2e-14   48.0   0.0   1   1   3.5e-15   6.4e-14   47.7   0.0    66   166    16   118     6   136 0.88 -
d1r57a_d.108.1.1     -            102 d1y9ka1d.108.1.1.aln -            206   3.3e-11   38.8   0.5   1   1   5.4e-12   9.8e-11   37.3   0.5   108   171    36   100     1   102 0.84 -
d2d4pa1d.108.1.1     -            130 d1y9ka1d.108.1.1.aln -            206     2e-09   33.0   0.0   1   1   1.1e-10     2e-09   33.0   0.0    47   176     7   126     1   130 0.94 -
d1xmta_d.108.1.1     -             95 d1y9ka1d.108.1.1.aln -            206   2.7e-09   32.6   0.0   1   1   1.8e-10   3.3e-09   32.3   0.0    92   152    17    77     3    90 0.90 -
#
# Program:         hmmsearch
# Version:         3.3.2 (Nov 2020)
# Pipeline mode:   SEARCH
# Query file:      /home/elise/Documents/M1-BIM/S2/TMEs/SBAS/tme08/models/scop30/d1y9ka1d.108.1.1.aln.hmm
# Target file:     /home/elise/Documents/M1-BIM/S2/TMEs/SBAS/tme08/scop/scop/scopTestSeq.fasta
# Option settings: hmmsearch --domtblout /home/elise/Documents/M1-BIM/S2/TMEs/SBAS/tme08/searchResults/scop30/d1y9ka1d.108.1.1.aln.out -E 1 /home/elise/Documents/M1-BIM/S2/TMEs/SBAS/tme08/models/scop30/d1y9ka1d.108.1.1.aln.hmm /home/elise/Documents/M1-BIM/S2/TMEs/SBAS/tme08/scop/scop/scopTestSeq.fasta 
# Current dir:     /home/elise/Documents/M1-BIM/S2/TMEs/SBAS/tme08
# Date:            Thu Apr 10 10:02:33 2025
# [ok]
