#                                                                            --- full sequence --- -------------- this domain -------------   hmm coord   ali coord   env coord
# target name        accession   tlen query name           accession   qlen   E-value  score  bias   #  of  c-Evalue  i-Evalue  score  bias  from    to  from    to  from    to  acc description of target
#------------------- ---------- ----- -------------------- ---------- ----- --------- ------ ----- --- --- --------- --------- ------ ----- ----- ----- ----- ----- ----- ----- ---- ---------------------
d2jhfa1b.35.1.2      -            199 d1yb5a1b.35.1.2.aln  -            180   1.9e-63  208.7   0.0   1   1   2.9e-65   2.1e-63  208.5   0.0     2   178     3   198     2   199 0.99 -
d1piwa1b.35.1.2      -            193 d1yb5a1b.35.1.2.aln  -            180     2e-62  205.3   0.3   1   1   3.2e-64   2.3e-62  205.2   0.3     2   179     3   185     2   186 0.98 -
d1pl8a1b.35.1.2      -            186 d1yb5a1b.35.1.2.aln  -            180   3.7e-62  204.5   0.0   1   1   5.8e-64   4.1e-62  204.3   0.0     3   180     2   180     1   180 0.98 -
d1kola1b.35.1.2      -            202 d1yb5a1b.35.1.2.aln  -            180   4.5e-58  191.2   0.3   1   1     7e-60     5e-58  191.0   0.3     2   180     2   195     1   195 0.98 -
d1f8fa1b.35.1.2      -            195 d1yb5a1b.35.1.2.aln  -            180   3.2e-57  188.4   0.1   1   1   4.9e-59   3.5e-57  188.2   0.1     6   179     2   194     1   195 0.96 -
d1jqba1b.35.1.2      -            178 d1yb5a1b.35.1.2.aln  -            180   5.2e-57  187.7   0.0   1   1     8e-59   5.7e-57  187.6   0.0    10   179     2   177     1   178 0.98 -
d1h2ba1b.35.1.2      -            172 d1yb5a1b.35.1.2.aln  -            180   5.1e-53  174.7   0.0   1   1   7.8e-55   5.6e-53  174.6   0.0     4   179     1   171     1   172 0.98 -
d1gu7a1b.35.1.2      -            176 d1yb5a1b.35.1.2.aln  -            180   6.8e-51  167.8   0.0   1   1     1e-52   7.5e-51  167.6   0.0     2   180     3   175     2   175 0.99 -
d1o89a1b.35.1.2      -            147 d1yb5a1b.35.1.2.aln  -            180   3.7e-38  126.3   0.0   1   1   5.6e-40     4e-38  126.2   0.0     7   163     2   147     1   147 0.98 -
d2dm6a1b.35.1.2      -            148 d1yb5a1b.35.1.2.aln  -            180   1.8e-36  120.8   0.0   1   1   2.7e-38     2e-36  120.7   0.0     1   163     3   148     3   148 0.99 -
d1yb5a1b.35.1.2      -            151 d1yb5a1b.35.1.2.aln  -            180   9.1e-20   66.4   0.1   1   2   4.8e-16   3.5e-14   48.2   0.0    28    88    26    88     4    96 0.87 -
d1yb5a1b.35.1.2      -            151 d1yb5a1b.35.1.2.aln  -            180   9.1e-20   66.4   0.1   2   2   1.4e-06   9.7e-05   17.4   0.0   121   174    94   144    89   150 0.83 -
#
# Program:         hmmsearch
# Version:         3.3.2 (Nov 2020)
# Pipeline mode:   SEARCH
# Query file:      /home/elise/Documents/M1-BIM/S2/TMEs/SBAS/tme08/models/scop30/d1yb5a1b.35.1.2.aln.hmm
# Target file:     /home/elise/Documents/M1-BIM/S2/TMEs/SBAS/tme08/scop/scop/scopTestSeq.fasta
# Option settings: hmmsearch --domtblout /home/elise/Documents/M1-BIM/S2/TMEs/SBAS/tme08/searchResults/scop30/d1yb5a1b.35.1.2.aln.out -E 1 /home/elise/Documents/M1-BIM/S2/TMEs/SBAS/tme08/models/scop30/d1yb5a1b.35.1.2.aln.hmm /home/elise/Documents/M1-BIM/S2/TMEs/SBAS/tme08/scop/scop/scopTestSeq.fasta 
# Current dir:     /home/elise/Documents/M1-BIM/S2/TMEs/SBAS/tme08
# Date:            Thu Apr 10 10:02:33 2025
# [ok]
