#                                                                            --- full sequence --- -------------- this domain -------------   hmm coord   ali coord   env coord
# target name        accession   tlen query name           accession   qlen   E-value  score  bias   #  of  c-Evalue  i-Evalue  score  bias  from    to  from    to  from    to  acc description of target
#------------------- ---------- ----- -------------------- ---------- ----- --------- ------ ----- --- --- --------- --------- ------ ----- ----- ----- ----- ----- ----- ----- ---- ---------------------
d1vj0a2c.2.1.1       -            182 d1yb5a2c.2.1.1.aln   -            180   2.8e-59  195.0   0.0   1   1   6.7e-61   3.1e-59  194.9   0.0     2   179     2   181     1   182 0.98 -
d1qora2c.2.1.1       -            179 d1yb5a2c.2.1.1.aln   -            180   1.5e-56  186.1   0.3   1   1   3.6e-58   1.7e-56  186.0   0.3     2   179     2   177     1   178 0.99 -
d1jqba2c.2.1.1       -            174 d1yb5a2c.2.1.1.aln   -            180   2.6e-56  185.3   3.5   1   1   6.1e-58   2.8e-56  185.2   3.5     1   175     1   173     1   174 0.98 -
d1pqwa_c.2.1.1       -            183 d1yb5a2c.2.1.1.aln   -            180   5.8e-55  180.9   0.4   1   1   1.4e-56   6.5e-55  180.8   0.4     4   180     1   175     1   175 0.99 -
d2dm6a2c.2.1.1       -            182 d1yb5a2c.2.1.1.aln   -            180   1.3e-54  179.8   0.1   1   1   3.1e-56   1.4e-54  179.7   0.1     4   179     5   181     2   182 0.98 -
d1h2ba2c.2.1.1       -            172 d1yb5a2c.2.1.1.aln   -            180   3.7e-53  175.1   1.9   1   1   8.7e-55   4.1e-53  174.9   1.9     2   169     5   170     4   172 0.98 -
d2jhfa2c.2.1.1       -            176 d1yb5a2c.2.1.1.aln   -            180   5.9e-53  174.4   1.1   1   1   1.4e-54   6.5e-53  174.3   1.1     2   177     2   175     1   176 0.99 -
d1piwa2c.2.1.1       -            168 d1yb5a2c.2.1.1.aln   -            180   6.6e-53  174.2   0.1   1   1   1.6e-54   7.3e-53  174.1   0.1     2   172     2   167     1   168 0.98 -
d1gu7a2c.2.1.1       -            189 d1yb5a2c.2.1.1.aln   -            180   2.3e-52  172.5   0.0   1   1   5.4e-54   2.5e-52  172.4   0.0     2   178     2   187     1   189 0.98 -
d1pl8a2c.2.1.1       -            171 d1yb5a2c.2.1.1.aln   -            180   5.1e-51  168.1   3.9   1   1   1.2e-52   5.5e-51  168.0   3.9     6   171     4   170     1   171 0.98 -
d1o89a2c.2.1.1       -            177 d1yb5a2c.2.1.1.aln   -            180     5e-50  164.9   0.5   1   1   1.2e-51   5.5e-50  164.7   0.5     2   176     5   177     4   177 0.99 -
d1kola2c.2.1.1       -            195 d1yb5a2c.2.1.1.aln   -            180     9e-46  151.0   1.0   1   1   2.2e-47     1e-45  150.8   1.0     4   179     2   190     1   191 0.97 -
d1yb5a2c.2.1.1       -            174 d1yb5a2c.2.1.1.aln   -            180   4.7e-28   93.3   1.6   1   1   1.1e-29   5.3e-28   93.1   1.6     3   161     3   159     1   171 0.92 -
d2gmha1c.3.1.2       -            381 d1yb5a2c.2.1.1.aln   -            180    0.0034   12.3   0.0   1   1   0.00013     0.006   11.5   0.0    25    55    27    57    24    90 0.86 -
d1c1da1c.2.1.7       -            201 d1yb5a2c.2.1.1.aln   -            180    0.0058   11.5   8.3   1   2   2.8e-05    0.0013   13.6   3.9    27    78    24    74    15    83 0.87 -
d1c1da1c.2.1.7       -            201 d1yb5a2c.2.1.1.aln   -            180    0.0058   11.5   8.3   2   2      0.71        33   -0.7   0.1    36    64    90   116    75   126 0.76 -
d1euza1c.2.1.7       -            239 d1yb5a2c.2.1.1.aln   -            180     0.007   11.2   1.7   1   2   0.00034     0.016   10.1   0.9    20    63    22    66    15    69 0.90 -
d1euza1c.2.1.7       -            239 d1yb5a2c.2.1.1.aln   -            180     0.007   11.2   1.7   2   2       1.2        56   -1.5   0.0    87   126   131   169   116   172 0.71 -
d1luaa1c.2.1.7       -            191 d1yb5a2c.2.1.1.aln   -            180     0.091    7.6   9.3   1   1    0.0033      0.15    6.9   9.3    21    69    15    63     4   114 0.71 -
#
# Program:         hmmsearch
# Version:         3.3.2 (Nov 2020)
# Pipeline mode:   SEARCH
# Query file:      /home/elise/Documents/M1-BIM/S2/TMEs/SBAS/tme08/models/scop30/d1yb5a2c.2.1.1.aln.hmm
# Target file:     /home/elise/Documents/M1-BIM/S2/TMEs/SBAS/tme08/scop/scop/scopTestSeq.fasta
# Option settings: hmmsearch --domtblout /home/elise/Documents/M1-BIM/S2/TMEs/SBAS/tme08/searchResults/scop30/d1yb5a2c.2.1.1.aln.out -E 1 /home/elise/Documents/M1-BIM/S2/TMEs/SBAS/tme08/models/scop30/d1yb5a2c.2.1.1.aln.hmm /home/elise/Documents/M1-BIM/S2/TMEs/SBAS/tme08/scop/scop/scopTestSeq.fasta 
# Current dir:     /home/elise/Documents/M1-BIM/S2/TMEs/SBAS/tme08
# Date:            Thu Apr 10 10:02:33 2025
# [ok]
