#                                                                            --- full sequence --- -------------- this domain -------------   hmm coord   ali coord   env coord
# target name        accession   tlen query name           accession   qlen   E-value  score  bias   #  of  c-Evalue  i-Evalue  score  bias  from    to  from    to  from    to  acc description of target
#------------------- ---------- ----- -------------------- ---------- ----- --------- ------ ----- --- --- --------- --------- ------ ----- ----- ----- ----- ----- ----- ----- ---- ---------------------
d1p1ja1c.2.1.3       -            411 d1ydwa1c.2.1.3.aln   -            253     2e-92  305.3   0.0   1   1   7.8e-94   2.5e-92  305.0   0.0     1   253    42   309    42   309 1.00 -
d1gr0a1c.2.1.3       -            244 d1ydwa1c.2.1.3.aln   -            253   1.2e-72  240.5   2.5   1   1   4.3e-74   1.4e-72  240.3   2.5    17   253     2   244     1   244 0.99 -
d3cina1c.2.1.3       -            276 d1ydwa1c.2.1.3.aln   -            253   7.3e-67  221.6   0.1   1   1   2.6e-68   8.2e-67  221.4   0.1    16   253     1   268     1   268 1.00 -
d2nvwa1c.2.1.3       -            238 d1ydwa1c.2.1.3.aln   -            253   2.7e-65  216.4   0.0   1   1   9.5e-67     3e-65  216.3   0.0     1   219     1   238     1   238 1.00 -
d1h6da1c.2.1.3       -            222 d1ydwa1c.2.1.3.aln   -            253   6.1e-56  185.8   0.0   1   1   2.2e-57   6.8e-56  185.6   0.0     1   202    18   222    18   222 0.99 -
d1qkia1c.2.1.3       -            204 d1ydwa1c.2.1.3.aln   -            253   3.7e-37  124.2   0.0   1   1   1.4e-38   4.5e-37  124.0   0.0     2   187     6   202     5   203 0.99 -
d1zh8a1c.2.1.3       -            182 d1ydwa1c.2.1.3.aln   -            253   2.5e-31  105.1   0.0   1   1   8.6e-33   2.7e-31  105.0   0.0    15   192     2   180     1   182 0.99 -
d1tlta1c.2.1.3       -            165 d1ydwa1c.2.1.3.aln   -            253   8.5e-31  103.4   0.0   1   1     3e-32   9.4e-31  103.2   0.0    16   185     1   164     1   165 0.98 -
d1xeaa1c.2.1.3       -            168 d1ydwa1c.2.1.3.aln   -            253   1.3e-29   99.5   0.0   1   1   4.5e-31   1.4e-29   99.4   0.0    17   185     2   167     1   168 0.98 -
d1h9aa1c.2.1.3       -            196 d1ydwa1c.2.1.3.aln   -            253   1.9e-27   92.4   0.1   1   1   6.8e-29   2.1e-27   92.2   0.1    13   187     2   195     1   196 0.99 -
d1cf2o1c.2.1.3       -            172 d1ydwa1c.2.1.3.aln   -            253   1.5e-26   89.4   0.9   1   1   5.3e-28   1.7e-26   89.3   0.9    17   182     1   170     1   172 0.97 -
d1lc0a1c.2.1.3       -            173 d1ydwa1c.2.1.3.aln   -            253   1.7e-26   89.3   0.0   1   1   6.7e-28   2.1e-26   89.0   0.0    11   186     1   171     1   172 0.98 -
d1f06a1c.2.1.3       -            171 d1ydwa1c.2.1.3.aln   -            253   7.8e-26   87.1   0.0   1   1     3e-27   9.4e-26   86.9   0.0    16   183     2   169     1   170 0.98 -
d1drua1c.2.1.3       -            161 d1ydwa1c.2.1.3.aln   -            253   7.4e-24   80.7   0.1   1   1   2.8e-25   8.7e-24   80.4   0.1    16   181     2   159     1   160 0.98 -
d1ebfa1c.2.1.3       -            169 d1ydwa1c.2.1.3.aln   -            253   1.5e-23   79.7   0.2   1   1   5.3e-25   1.7e-23   79.5   0.2    14   185     1   166     1   168 0.96 -
d1e5qa1c.2.1.3       -            183 d1ydwa1c.2.1.3.aln   -            253   5.2e-23   77.9   0.3   1   1   1.8e-24   5.7e-23   77.7   0.3    18   187     3   182     1   183 0.98 -
d2g82a1c.2.1.3       -            169 d1ydwa1c.2.1.3.aln   -            253   5.9e-22   74.4   0.1   1   1     2e-23   6.4e-22   74.3   0.1    18   186     1   168     1   169 0.96 -
d1vkna1c.2.1.3       -            177 d1ydwa1c.2.1.3.aln   -            253   4.2e-20   68.4   0.0   1   1   1.5e-21   4.6e-20   68.2   0.0    16   186     1   176     1   177 0.98 -
d1nvmb1c.2.1.3       -            158 d1ydwa1c.2.1.3.aln   -            253     7e-19   64.3   0.1   1   1   2.4e-20   7.5e-19   64.2   0.1    15   172     2   151     1   158 0.96 -
d1q0qa2c.2.1.3       -            152 d1ydwa1c.2.1.3.aln   -            253   1.1e-18   63.7   0.0   1   1   3.7e-20   1.2e-18   63.6   0.0    16   177     1   152     1   152 0.98 -
d1t4ba1c.2.1.3       -            147 d1ydwa1c.2.1.3.aln   -            253   3.5e-16   55.5   0.0   1   1   1.2e-17   3.8e-16   55.4   0.0    16   184     1   146     1   147 0.98 -
d1yl7a1c.2.1.3       -            136 d1ydwa1c.2.1.3.aln   -            253   9.3e-14   47.6   0.0   1   1   9.5e-15     3e-13   45.9   0.0    18   180     1   135     1   136 0.97 -
d1vm6a3c.2.1.3       -            129 d1ydwa1c.2.1.3.aln   -            253   3.5e-13   45.7   0.1   1   1     2e-13   6.3e-12   41.6   0.1    17   177     1   126     1   129 0.96 -
d1j5pa4c.2.1.3       -            133 d1ydwa1c.2.1.3.aln   -            253     4e-12   42.2   0.0   1   1   1.5e-13   4.7e-12   42.0   0.0    16   163     1   125     1   129 0.96 -
d1ydwa1c.2.1.3       -            185 d1ydwa1c.2.1.3.aln   -            253   4.7e-07   25.6   0.0   1   1   2.2e-08     7e-07   25.0   0.0    54   124    41   110     1   123 0.74 -
#
# Program:         hmmsearch
# Version:         3.3.2 (Nov 2020)
# Pipeline mode:   SEARCH
# Query file:      /home/elise/Documents/M1-BIM/S2/TMEs/SBAS/tme08/models/scop30/d1ydwa1c.2.1.3.aln.hmm
# Target file:     /home/elise/Documents/M1-BIM/S2/TMEs/SBAS/tme08/scop/scop/scopTestSeq.fasta
# Option settings: hmmsearch --domtblout /home/elise/Documents/M1-BIM/S2/TMEs/SBAS/tme08/searchResults/scop30/d1ydwa1c.2.1.3.aln.out -E 1 /home/elise/Documents/M1-BIM/S2/TMEs/SBAS/tme08/models/scop30/d1ydwa1c.2.1.3.aln.hmm /home/elise/Documents/M1-BIM/S2/TMEs/SBAS/tme08/scop/scop/scopTestSeq.fasta 
# Current dir:     /home/elise/Documents/M1-BIM/S2/TMEs/SBAS/tme08
# Date:            Thu Apr 10 10:02:33 2025
# [ok]
