#                                                                            --- full sequence --- -------------- this domain -------------   hmm coord   ali coord   env coord
# target name        accession   tlen query name           accession   qlen   E-value  score  bias   #  of  c-Evalue  i-Evalue  score  bias  from    to  from    to  from    to  acc description of target
#------------------- ---------- ----- -------------------- ---------- ----- --------- ------ ----- --- --- --------- --------- ------ ----- ----- ----- ----- ----- ----- ----- ---- ---------------------
d1b8aa2d.104.1.1     -            335 d1yfsa2d.104.1.1.aln -            316   7.1e-88  290.2   5.5   1   1   1.4e-89   7.9e-88  290.0   5.5     3   314     7   335     5   335 0.99 -
d1wu7a2d.104.1.1     -            327 d1yfsa2d.104.1.1.aln -            316   7.7e-88  290.1   0.2   1   1   1.5e-89   8.7e-88  289.9   0.2     2   315     6   318     5   319 0.99 -
d12asa_d.104.1.1     -            327 d1yfsa2d.104.1.1.aln -            316   9.6e-85  279.9   0.0   1   1   1.9e-86   1.1e-84  279.8   0.0     5   315     2   323     1   324 0.99 -
d1atia2d.104.1.1     -            394 d1yfsa2d.104.1.1.aln -            316   4.5e-83  274.4   6.4   1   1   9.4e-85   5.3e-83  274.2   6.4     2   316    20   352    19   352 0.99 -
d1z7ma1d.104.1.1     -            318 d1yfsa2d.104.1.1.aln -            316   1.9e-80  265.8   0.1   1   1   3.8e-82   2.1e-80  265.6   0.1     2   315     3   312     2   313 0.99 -
d1h4vb2d.104.1.1     -            324 d1yfsa2d.104.1.1.aln -            316   2.2e-80  265.6   6.4   1   1   4.4e-82   2.5e-80  265.4   6.4     1   315     3   314     3   315 0.99 -
d1qf6a4d.104.1.1     -            291 d1yfsa2d.104.1.1.aln -            316   4.7e-77  254.6   0.2   1   1   9.3e-79   5.3e-77  254.5   0.2     1   313     1   290     1   291 0.99 -
d1nnha_d.104.1.1     -            293 d1yfsa2d.104.1.1.aln -            316   4.1e-73  241.7   2.2   1   1     8e-75   4.5e-73  241.6   2.2     2   314     2   292     1   293 0.99 -
d1seta2d.104.1.1     -            311 d1yfsa2d.104.1.1.aln -            316   3.3e-71  235.5   2.2   1   1   6.4e-73   3.6e-71  235.3   2.2     3   315     3   310     1   311 0.99 -
d1g5ha2d.104.1.1     -            290 d1yfsa2d.104.1.1.aln -            316   2.5e-68  226.0   0.0   1   1   4.9e-70   2.8e-68  225.8   0.0     9   315     2   284     1   285 0.99 -
d1j5wa_d.104.1.1     -            281 d1yfsa2d.104.1.1.aln -            316   1.3e-67  223.6   1.3   1   1   2.6e-69   1.4e-67  223.5   1.3     2   311     2   281     1   281 0.99 -
d1hc7a2d.104.1.1     -            272 d1yfsa2d.104.1.1.aln -            316   4.5e-63  208.7   3.0   1   1   8.9e-65     5e-63  208.6   3.0     5   313     2   271     1   272 0.99 -
d1usya_d.104.1.1     -            275 d1yfsa2d.104.1.1.aln -            316   8.3e-63  207.8   0.0   1   1   1.6e-64   9.2e-63  207.7   0.0    15   311     3   275     1   275 0.99 -
d1jjcb5d.104.1.1     -            207 d1yfsa2d.104.1.1.aln -            316   3.9e-33  110.4   4.3   1   1   1.7e-34   9.7e-33  109.1   4.3     2   260     2   207     1   207 0.99 -
#
# Program:         hmmsearch
# Version:         3.3.2 (Nov 2020)
# Pipeline mode:   SEARCH
# Query file:      /home/elise/Documents/M1-BIM/S2/TMEs/SBAS/tme08/models/scop30/d1yfsa2d.104.1.1.aln.hmm
# Target file:     /home/elise/Documents/M1-BIM/S2/TMEs/SBAS/tme08/scop/scop/scopTestSeq.fasta
# Option settings: hmmsearch --domtblout /home/elise/Documents/M1-BIM/S2/TMEs/SBAS/tme08/searchResults/scop30/d1yfsa2d.104.1.1.aln.out -E 1 /home/elise/Documents/M1-BIM/S2/TMEs/SBAS/tme08/models/scop30/d1yfsa2d.104.1.1.aln.hmm /home/elise/Documents/M1-BIM/S2/TMEs/SBAS/tme08/scop/scop/scopTestSeq.fasta 
# Current dir:     /home/elise/Documents/M1-BIM/S2/TMEs/SBAS/tme08
# Date:            Thu Apr 10 10:02:33 2025
# [ok]
