#                                                                            --- full sequence --- -------------- this domain -------------   hmm coord   ali coord   env coord
# target name        accession   tlen query name           accession   qlen   E-value  score  bias   #  of  c-Evalue  i-Evalue  score  bias  from    to  from    to  from    to  acc description of target
#------------------- ---------- ----- -------------------- ---------- ----- --------- ------ ----- --- --- --------- --------- ------ ----- ----- ----- ----- ----- ----- ----- ---- ---------------------
d2p0wa_d.108.1.1     -            319 d1yk3a1d.108.1.1.aln -            300  3.2e-123  406.4   2.2   1   1    2e-124  3.6e-123  406.3   2.2     1   298     5   319     5   319 1.00 -
d1boba_d.108.1.1     -            315 d1yk3a1d.108.1.1.aln -            300  2.8e-120  396.8   4.5   1   1  1.7e-121  3.1e-120  396.6   4.5     1   298     1   315     1   315 1.00 -
d2pq8a_d.108.1.1     -            271 d1yk3a1d.108.1.1.aln -            300   7.5e-76  250.9   0.1   1   1   4.6e-77   8.4e-76  250.7   0.1    75   300     1   246     1   246 1.00 -
d1u6ma_d.108.1.1     -            189 d1yk3a1d.108.1.1.aln -            300     1e-39  132.2   0.0   1   1   6.3e-41   1.1e-39  132.1   0.0   100   285     2   187     1   189 0.99 -
d2gana1d.108.1.1     -            182 d1yk3a1d.108.1.1.aln -            300   6.8e-34  113.1   0.3   1   1   4.1e-35   7.5e-34  113.0   0.3   104   285     1   181     1   182 0.96 -
d1tiqa_d.108.1.1     -            173 d1yk3a1d.108.1.1.aln -            300   4.3e-29   97.4   1.5   1   1   2.5e-30   4.7e-29   97.3   1.5   123   292     3   172     1   173 0.97 -
d1mk4a_d.108.1.1     -            157 d1yk3a1d.108.1.1.aln -            300   1.4e-25   85.9   0.0   1   1     8e-27   1.5e-25   85.8   0.0   135   297     3   156     1   157 0.96 -
d1i12a_d.108.1.1     -            157 d1yk3a1d.108.1.1.aln -            300     3e-25   84.8   0.0   1   1   1.8e-26   3.4e-25   84.6   0.0   123   276     6   156     2   157 0.97 -
d1ufha_d.108.1.1     -            155 d1yk3a1d.108.1.1.aln -            300   1.1e-24   82.9   0.4   1   1   6.9e-26   1.3e-24   82.7   0.4   129   275     7   153     2   155 0.94 -
d1z4ea1d.108.1.1     -            150 d1yk3a1d.108.1.1.aln -            300   2.5e-24   81.8   0.1   1   1   1.6e-25   2.9e-24   81.5   0.1   134   271    12   144     2   148 0.92 -
d2b5ga_d.108.1.1     -            168 d1yk3a1d.108.1.1.aln -            300   7.7e-24   80.1   0.0   1   1   4.4e-25   8.1e-24   80.1   0.0   127   287     5   165     1   168 0.95 -
d2ae6a1d.108.1.1     -            161 d1yk3a1d.108.1.1.aln -            300   2.6e-23   78.4   0.1   1   1   1.5e-24   2.8e-23   78.3   0.1   130   289     5   158     1   161 0.96 -
d1ghea_d.108.1.1     -            170 d1yk3a1d.108.1.1.aln -            300   3.5e-23   78.0   0.0   1   1     2e-24   3.7e-23   77.9   0.0   125   290     3   167     1   170 0.96 -
d1vkca_d.108.1.1     -            149 d1yk3a1d.108.1.1.aln -            300   5.9e-23   77.2   0.9   1   1   3.7e-24   6.8e-23   77.0   0.9   124   273     3   145     1   148 0.96 -
d1nsla_d.108.1.1     -            180 d1yk3a1d.108.1.1.aln -            300   6.1e-23   77.2   0.0   1   1     4e-24   7.2e-23   76.9   0.0   119   291     3   176     1   179 0.95 -
d2fl4a1d.108.1.1     -            146 d1yk3a1d.108.1.1.aln -            300   2.2e-22   75.3   0.7   1   1   1.3e-23   2.4e-22   75.2   0.7   137   279     2   140     1   146 0.91 -
d2euia1d.108.1.1     -            153 d1yk3a1d.108.1.1.aln -            300   7.2e-22   73.6   0.1   1   1   4.3e-23   7.8e-22   73.5   0.1   134   279     6   148     1   152 0.88 -
d1wwza1d.108.1.1     -            157 d1yk3a1d.108.1.1.aln -            300   1.6e-21   72.5   0.3   1   1   9.4e-23   1.7e-21   72.4   0.3   125   279     3   154     1   157 0.94 -
d2atra1d.108.1.1     -            137 d1yk3a1d.108.1.1.aln -            300   4.8e-21   70.9   0.1   1   1   3.1e-22   5.6e-21   70.7   0.1   145   282    11   136     3   137 0.96 -
d1qsma_d.108.1.1     -            150 d1yk3a1d.108.1.1.aln -            300   7.8e-21   70.3   0.0   1   1   4.5e-22   8.3e-21   70.2   0.0   132   277     5   149     1   150 0.96 -
d2fiaa1d.108.1.1     -            157 d1yk3a1d.108.1.1.aln -            300   8.6e-21   70.1   1.0   1   1     5e-22   9.2e-21   70.0   1.0   132   290     4   156     1   157 0.96 -
d1z4ra1d.108.1.1     -            162 d1yk3a1d.108.1.1.aln -            300   9.4e-21   70.0   0.0   1   1   5.8e-22   1.1e-20   69.8   0.0   148   295    16   160     4   162 0.95 -
d1y9wa1d.108.1.1     -            140 d1yk3a1d.108.1.1.aln -            300     1e-20   69.9   0.8   1   1   5.9e-22   1.1e-20   69.8   0.8   139   287     2   139     1   140 0.95 -
d2fcka1d.108.1.1     -            178 d1yk3a1d.108.1.1.aln -            300   1.1e-20   69.7   0.0   1   1   6.8e-22   1.2e-20   69.6   0.0   118   282     3   168     1   177 0.94 -
d2cy2a1d.108.1.1     -            174 d1yk3a1d.108.1.1.aln -            300   1.4e-20   69.4   0.0   1   1   8.4e-22   1.5e-20   69.3   0.0   125   290     4   169     1   173 0.96 -
d1m4ia_d.108.1.1     -            181 d1yk3a1d.108.1.1.aln -            300   8.3e-20   66.9   0.0   1   1     5e-21   9.1e-20   66.8   0.0   133   299     2   180     1   181 0.97 -
d1cjwa_d.108.1.1     -            166 d1yk3a1d.108.1.1.aln -            300   9.1e-20   66.8   0.0   1   1   5.3e-21   9.7e-20   66.7   0.0   126   286     6   164     1   166 0.96 -
d1y9ka1d.108.1.1     -            152 d1yk3a1d.108.1.1.aln -            300   5.3e-19   64.2   0.0   1   1   3.5e-20   6.4e-19   64.0   0.0   187   287    37   147    14   151 0.90 -
d1p0ha_d.108.1.1     -            308 d1yk3a1d.108.1.1.aln -            300     2e-18   62.3   0.0   1   3   7.1e-16   1.3e-14   49.8   0.0   120   299     3   201     1   202 0.98 -
d1p0ha_d.108.1.1     -            308 d1yk3a1d.108.1.1.aln -            300     2e-18   62.3   0.0   2   3     0.038      0.71    4.7   0.0   203   230   224   251   213   256 0.86 -
d1p0ha_d.108.1.1     -            308 d1yk3a1d.108.1.1.aln -            300     2e-18   62.3   0.0   3   3     0.054      0.98    4.3   0.0   243   270   276   301   272   306 0.74 -
d2jdca1d.108.1.1     -            145 d1yk3a1d.108.1.1.aln -            300   2.8e-17   58.6   0.1   1   1   1.7e-18   3.1e-17   58.4   0.1   140   288     7   144     2   145 0.91 -
d1yx0a1d.108.1.1     -            151 d1yk3a1d.108.1.1.aln -            300   2.8e-17   58.6   0.0   1   1   1.6e-18     3e-17   58.5   0.0   133   287     4   150     1   151 0.94 -
d1bo4a_d.108.1.1     -            137 d1yk3a1d.108.1.1.aln -            300   4.2e-16   54.7   0.0   1   1   2.8e-17     5e-16   54.5   0.0   127   265     4   137     2   137 0.95 -
d1y7ra1d.108.1.1     -            133 d1yk3a1d.108.1.1.aln -            300   6.5e-16   54.1   0.0   1   1   3.7e-17   6.8e-16   54.0   0.0   141   279     4   132     1   133 0.94 -
d2g3aa1d.108.1.1     -            137 d1yk3a1d.108.1.1.aln -            300   1.1e-15   53.4   0.0   1   1   6.6e-17   1.2e-15   53.2   0.0   161   288    24   137     7   137 0.84 -
d1n71a_d.108.1.1     -            180 d1yk3a1d.108.1.1.aln -            300   3.5e-15   51.7   0.0   1   1   2.2e-16   3.9e-15   51.5   0.0   123   288     3   174     1   179 0.96 -
d1q2ya_d.108.1.1     -            140 d1yk3a1d.108.1.1.aln -            300   5.3e-15   51.1   0.1   1   1     3e-16   5.6e-15   51.0   0.1   140   285     6   138     1   140 0.93 -
d2fiwa1d.108.1.1     -            156 d1yk3a1d.108.1.1.aln -            300   8.9e-15   50.4   0.0   1   1   5.1e-16   9.4e-15   50.3   0.0   128   288     3   154     1   156 0.90 -
d2aj6a1d.108.1.1     -            118 d1yk3a1d.108.1.1.aln -            300     5e-14   47.9   0.2   1   1   2.9e-15   5.3e-14   47.8   0.2   126   247     3   116     1   118 0.94 -
d1xeba_d.108.1.1     -            149 d1yk3a1d.108.1.1.aln -            300   8.2e-13   43.9   0.1   1   1     5e-14   9.2e-13   43.8   0.1   132   280     4   143     1   148 0.92 -
d2fsra1d.108.1.1     -            164 d1yk3a1d.108.1.1.aln -            300   1.7e-10   36.3   0.0   1   1     1e-11   1.9e-10   36.2   0.0   130   267     7   145     1   162 0.89 -
d1r57a_d.108.1.1     -            102 d1yk3a1d.108.1.1.aln -            300   5.9e-10   34.5   0.1   1   1   3.3e-11   6.1e-10   34.5   0.1   192   272    22   101     3   102 0.80 -
d1xmta_d.108.1.1     -             95 d1yk3a1d.108.1.1.aln -            300   4.7e-07   25.0   0.0   1   1   2.7e-08     5e-07   24.9   0.0   193   254    16    77     4    93 0.87 -
d2d4pa1d.108.1.1     -            130 d1yk3a1d.108.1.1.aln -            300   0.00015   16.8   0.0   1   1   8.8e-06   0.00016   16.7   0.0   143   267     4   116     1   129 0.90 -
#
# Program:         hmmsearch
# Version:         3.3.2 (Nov 2020)
# Pipeline mode:   SEARCH
# Query file:      /home/elise/Documents/M1-BIM/S2/TMEs/SBAS/tme08/models/scop30/d1yk3a1d.108.1.1.aln.hmm
# Target file:     /home/elise/Documents/M1-BIM/S2/TMEs/SBAS/tme08/scop/scop/scopTestSeq.fasta
# Option settings: hmmsearch --domtblout /home/elise/Documents/M1-BIM/S2/TMEs/SBAS/tme08/searchResults/scop30/d1yk3a1d.108.1.1.aln.out -E 1 /home/elise/Documents/M1-BIM/S2/TMEs/SBAS/tme08/models/scop30/d1yk3a1d.108.1.1.aln.hmm /home/elise/Documents/M1-BIM/S2/TMEs/SBAS/tme08/scop/scop/scopTestSeq.fasta 
# Current dir:     /home/elise/Documents/M1-BIM/S2/TMEs/SBAS/tme08
# Date:            Thu Apr 10 10:02:33 2025
# [ok]
