#                                                                            --- full sequence --- -------------- this domain -------------   hmm coord   ali coord   env coord
# target name        accession   tlen query name           accession   qlen   E-value  score  bias   #  of  c-Evalue  i-Evalue  score  bias  from    to  from    to  from    to  acc description of target
#------------------- ---------- ----- -------------------- ---------- ----- --------- ------ ----- --- --- --------- --------- ------ ----- ----- ----- ----- ----- ----- ----- ---- ---------------------
d1q4ta_d.38.1.5      -            142 d1yoca1d.38.1.5.aln  -            141   3.8e-48  158.2   0.6   1   1     8e-50   4.2e-48  158.1   0.6     2   139     4   142     3   142 0.98 -
d2hboa1d.38.1.5      -            142 d1yoca1d.38.1.5.aln  -            141   1.3e-47  156.5   0.0   1   1   2.8e-49   1.5e-47  156.3   0.0     5   141     2   137     1   137 0.99 -
d1t82a_d.38.1.5      -            143 d1yoca1d.38.1.5.aln  -            141   1.9e-46  152.8   0.0   1   1   3.9e-48   2.1e-46  152.6   0.0     2   141     1   143     1   143 0.99 -
d3f5oa_d.38.1.5      -            138 d1yoca1d.38.1.5.aln  -            141     2e-46  152.7   0.8   1   1   4.2e-48   2.2e-46  152.5   0.8     1   135     3   137     3   138 0.99 -
d1vh5a_d.38.1.5      -            138 d1yoca1d.38.1.5.aln  -            141   7.4e-46  150.8   0.0   1   1   1.6e-47   8.2e-46  150.7   0.0     1   135     3   137     3   138 0.99 -
d1sh8a_d.38.1.5      -            153 d1yoca1d.38.1.5.aln  -            141     1e-41  137.4   0.0   1   1   2.2e-43   1.1e-41  137.2   0.0     1   140     1   151     1   152 0.99 -
d1ixla_d.38.1.5      -            130 d1yoca1d.38.1.5.aln  -            141   1.2e-39  130.7   0.3   1   1   2.4e-41   1.3e-39  130.6   0.3     7   140     1   128     1   129 0.98 -
d2ov9a1d.38.1.5      -            203 d1yoca1d.38.1.5.aln  -            141   1.1e-36  121.1   0.3   1   2   3.2e-38   1.7e-36  120.5   0.1     2   141     9   159     8   159 0.99 -
d2ov9a1d.38.1.5      -            203 d1yoca1d.38.1.5.aln  -            141   1.1e-36  121.1   0.3   2   2       6.1   3.2e+02   -3.6   0.0   104   126   173   195   169   196 0.72 -
d1wlua_d.38.1.5      -            117 d1yoca1d.38.1.5.aln  -            141   1.2e-36  120.9   0.4   1   1   2.6e-38   1.4e-36  120.8   0.4    14   134     1   117     1   117 0.98 -
d2f41a1d.38.1.5      -            111 d1yoca1d.38.1.5.aln  -            141   4.3e-36  119.2   0.4   1   1     9e-38   4.7e-36  119.0   0.4    20   134     1   111     1   111 0.99 -
d2gvha1d.38.1.1      -            135 d1yoca1d.38.1.5.aln  -            141   2.3e-08   29.3   0.0   1   1   5.7e-10     3e-08   28.9   0.0    46   120    20    94    10   107 0.87 -
d1yoca1d.38.1.5      -            145 d1yoca1d.38.1.5.aln  -            141   5.2e-06   21.7   0.1   1   1   1.2e-07   6.2e-06   21.4   0.1    27   125    34   132    29   145 0.79 -
d1vpma_d.38.1.1      -            155 d1yoca1d.38.1.5.aln  -            141     4e-05   18.8   0.1   1   1   1.1e-06   5.6e-05   18.3   0.1    46   132    22   106    13   110 0.83 -
d3bjka_d.38.1.1      -            140 d1yoca1d.38.1.5.aln  -            141   0.00015   16.9   0.0   1   1   3.5e-06   0.00018   16.7   0.0    46   121    16    91     9   111 0.87 -
d1s5ua_d.38.1.1      -            129 d1yoca1d.38.1.5.aln  -            141    0.0016   13.6   0.1   1   1   4.2e-05    0.0022   13.2   0.1    77   125    53   101    31   111 0.84 -
#
# Program:         hmmsearch
# Version:         3.3.2 (Nov 2020)
# Pipeline mode:   SEARCH
# Query file:      /home/elise/Documents/M1-BIM/S2/TMEs/SBAS/tme08/models/scop30/d1yoca1d.38.1.5.aln.hmm
# Target file:     /home/elise/Documents/M1-BIM/S2/TMEs/SBAS/tme08/scop/scop/scopTestSeq.fasta
# Option settings: hmmsearch --domtblout /home/elise/Documents/M1-BIM/S2/TMEs/SBAS/tme08/searchResults/scop30/d1yoca1d.38.1.5.aln.out -E 1 /home/elise/Documents/M1-BIM/S2/TMEs/SBAS/tme08/models/scop30/d1yoca1d.38.1.5.aln.hmm /home/elise/Documents/M1-BIM/S2/TMEs/SBAS/tme08/scop/scop/scopTestSeq.fasta 
# Current dir:     /home/elise/Documents/M1-BIM/S2/TMEs/SBAS/tme08
# Date:            Thu Apr 10 10:02:33 2025
# [ok]
