#                                                                            --- full sequence --- -------------- this domain -------------   hmm coord   ali coord   env coord
# target name        accession   tlen query name           accession   qlen   E-value  score  bias   #  of  c-Evalue  i-Evalue  score  bias  from    to  from    to  from    to  acc description of target
#------------------- ---------- ----- -------------------- ---------- ----- --------- ------ ----- --- --- --------- --------- ------ ----- ----- ----- ----- ----- ----- ----- ---- ---------------------
d2drwa1e.3.1.1       -            362 d1yqsa_e.3.1.1.aln   -            333   8.3e-95  313.2   0.0   1   1   2.1e-96   9.4e-95  313.1   0.0     3   332     1   337     1   338 0.99 -
d2hdsa_e.3.1.1       -            358 d1yqsa_e.3.1.1.aln   -            333   1.6e-91  302.5   1.0   1   1   4.1e-93   1.8e-91  302.3   1.0     2   333     2   336     1   336 0.99 -
d2olua2e.3.1.1       -            400 d1yqsa_e.3.1.1.aln   -            333   5.2e-88  290.9  13.1   1   1   1.4e-89   6.2e-88  290.7  13.1     1   332    48   383    48   384 1.00 -
d1ei5a3e.3.1.1       -            333 d1yqsa_e.3.1.1.aln   -            333   5.2e-86  284.3   0.0   1   1   1.3e-87   5.8e-86  284.2   0.0     2   332     1   332     1   333 1.00 -
d1qmea4e.3.1.1       -            357 d1yqsa_e.3.1.1.aln   -            333   3.9e-85  281.4   7.1   1   1     1e-86   4.4e-85  281.3   7.1     1   333     5   338     5   338 0.99 -
d2v2ff_e.3.1.1       -            384 d1yqsa_e.3.1.1.aln   -            333   8.5e-84  277.1  17.5   1   1   2.2e-85   9.8e-84  276.9  17.5     1   332    40   383    40   384 1.00 -
d2bg1a1e.3.1.1       -            453 d1yqsa_e.3.1.1.aln   -            333   7.9e-82  270.6  13.3   1   1   2.4e-83     1e-81  270.2  13.3     1   333    60   408    60   408 1.00 -
d1ci9a_e.3.1.1       -            377 d1yqsa_e.3.1.1.aln   -            333   2.9e-81  268.8   0.0   1   1   7.3e-83   3.2e-81  268.6   0.0     2   332     2   352     1   353 0.99 -
d1vqqa3e.3.1.1       -            341 d1yqsa_e.3.1.1.aln   -            333   1.2e-79  263.4  13.1   1   1   3.1e-81   1.4e-79  263.2  13.1     1   333     6   330     6   330 1.00 -
d2dcfa1e.3.1.1       -            388 d1yqsa_e.3.1.1.aln   -            333   1.3e-79  263.3   0.0   1   1   3.4e-81   1.5e-79  263.1   0.0     2   333    11   358    10   358 0.99 -
d1tvfa2e.3.1.1       -            301 d1yqsa_e.3.1.1.aln   -            333   2.3e-74  246.0  17.8   1   1   5.9e-76   2.6e-74  245.9  17.8     2   323     5   301     4   301 0.99 -
d1e25a_e.3.1.1       -            278 d1yqsa_e.3.1.1.aln   -            333     2e-60  200.3   0.1   1   1   4.9e-62   2.2e-60  200.1   0.1    21   320     4   277     1   278 0.99 -
d1xp4a2e.3.1.1       -            269 d1yqsa_e.3.1.1.aln   -            333   1.1e-59  197.9   6.2   1   1   2.7e-61   1.2e-59  197.7   6.2    27   323     2   269     1   269 0.99 -
d1xa1a_e.3.1.1       -            246 d1yqsa_e.3.1.1.aln   -            333     2e-53  177.2   8.7   1   1     5e-55   2.2e-53  177.1   8.7    16   300     1   244     1   246 0.98 -
d1es5a_e.3.1.1       -            260 d1yqsa_e.3.1.1.aln   -            333   1.5e-52  174.4  14.3   1   1   3.7e-54   1.6e-52  174.2  14.3    27   322     3   260     1   260 0.99 -
d1alqa_e.3.1.1       -            263 d1yqsa_e.3.1.1.aln   -            333   7.6e-51  168.7   5.8   1   1   1.9e-52   8.4e-51  168.6   5.8    22   315     2   262     1   263 0.99 -
d2p74a_e.3.1.1       -            263 d1yqsa_e.3.1.1.aln   -            333   4.9e-50  166.1   2.9   1   1   1.2e-51   5.4e-50  165.9   2.9    19   321     3   262     1   263 0.98 -
d1yqsa_e.3.1.1       -            345 d1yqsa_e.3.1.1.aln   -            333   2.8e-12   42.0   0.1   1   1   2.6e-13   1.1e-11   40.0   0.1    41   181    40   193    36   258 0.85 -
#
# Program:         hmmsearch
# Version:         3.3.2 (Nov 2020)
# Pipeline mode:   SEARCH
# Query file:      /home/elise/Documents/M1-BIM/S2/TMEs/SBAS/tme08/models/scop30/d1yqsa_e.3.1.1.aln.hmm
# Target file:     /home/elise/Documents/M1-BIM/S2/TMEs/SBAS/tme08/scop/scop/scopTestSeq.fasta
# Option settings: hmmsearch --domtblout /home/elise/Documents/M1-BIM/S2/TMEs/SBAS/tme08/searchResults/scop30/d1yqsa_e.3.1.1.aln.out -E 1 /home/elise/Documents/M1-BIM/S2/TMEs/SBAS/tme08/models/scop30/d1yqsa_e.3.1.1.aln.hmm /home/elise/Documents/M1-BIM/S2/TMEs/SBAS/tme08/scop/scop/scopTestSeq.fasta 
# Current dir:     /home/elise/Documents/M1-BIM/S2/TMEs/SBAS/tme08
# Date:            Thu Apr 10 10:02:33 2025
# [ok]
