#                                                                            --- full sequence --- -------------- this domain -------------   hmm coord   ali coord   env coord
# target name        accession   tlen query name           accession   qlen   E-value  score  bias   #  of  c-Evalue  i-Evalue  score  bias  from    to  from    to  from    to  acc description of target
#------------------- ---------- ----- -------------------- ---------- ----- --------- ------ ----- --- --- --------- --------- ------ ----- ----- ----- ----- ----- ----- ----- ---- ---------------------
d3hl8a_c.55.3.5      -            470 d1yt3a3c.55.3.5.aln  -            404  1.9e-178  589.2   0.4   1   1  3.8e-180  2.1e-178  589.0   0.4     1   404    19   432    19   432 1.00 -
d1s5ja1c.55.3.5      -            410 d1yt3a3c.55.3.5.aln  -            404  1.2e-168  557.0   0.7   1   1  2.3e-170  1.3e-168  556.8   0.7     1   396     1   410     1   410 1.00 -
d1q8ia1c.55.3.5      -            388 d1yt3a3c.55.3.5.aln  -            404  2.3e-164  542.8   0.0   1   1  4.5e-166  2.5e-164  542.7   0.0    21   404     1   388     1   388 1.00 -
d2hbja2c.55.3.5      -            292 d1yt3a3c.55.3.5.aln  -            404   2.9e-81  269.2   0.8   1   1   5.7e-83   3.2e-81  269.0   0.8   105   392     1   292     1   292 0.99 -
d3mxma_c.55.3.5      -            229 d1yt3a3c.55.3.5.aln  -            404   2.5e-42  141.0   0.0   1   1   4.8e-44   2.7e-42  140.8   0.0   155   383     2   229     1   229 0.99 -
d1x9ma1c.55.3.5      -            204 d1yt3a3c.55.3.5.aln  -            404   2.9e-38  127.5   0.0   1   1   5.8e-40   3.2e-38  127.4   0.0   189   395     1   203     1   204 0.99 -
d1vk0a_c.55.3.5      -            206 d1yt3a3c.55.3.5.aln  -            404   7.5e-34  113.0   0.0   1   1   1.4e-35   8.1e-34  112.9   0.0   183   386     4   205     1   206 0.98 -
d2f96a1c.55.3.5      -            202 d1yt3a3c.55.3.5.aln  -            404   2.9e-32  107.8   0.0   1   1   5.6e-34   3.2e-32  107.7   0.0   177   385     1   201     1   202 0.99 -
d1w0ha_c.55.3.5      -            200 d1yt3a3c.55.3.5.aln  -            404   4.2e-32  107.2   0.0   1   1   8.2e-34   4.6e-32  107.1   0.0   183   384     2   197     1   200 0.98 -
d2py5a1c.55.3.5      -            183 d1yt3a3c.55.3.5.aln  -            404     1e-29   99.4   0.0   1   1     2e-31   1.1e-29   99.3   0.0   197   378     3   183     1   183 0.99 -
d1kfsa1c.55.3.5      -            195 d1yt3a3c.55.3.5.aln  -            404   3.4e-29   97.7   0.1   1   1   6.6e-31   3.7e-29   97.6   0.1   183   377     2   195     1   195 0.98 -
d2igia_c.55.3.5      -            180 d1yt3a3c.55.3.5.aln  -            404   1.7e-26   88.8   0.0   1   1   3.2e-28   1.8e-26   88.7   0.0   191   372     2   179     1   180 0.98 -
d2guia_c.55.3.5      -            176 d1yt3a3c.55.3.5.aln  -            404   7.1e-25   83.4   0.0   1   1   1.6e-26     9e-25   83.1   0.0   187   374     2   173     1   175 0.97 -
d1wlja_c.55.3.5      -            173 d1yt3a3c.55.3.5.aln  -            404   9.7e-23   76.4   0.0   1   1   1.9e-24     1e-22   76.3   0.0   208   375     3   171     1   173 0.98 -
#
# Program:         hmmsearch
# Version:         3.3.2 (Nov 2020)
# Pipeline mode:   SEARCH
# Query file:      /home/elise/Documents/M1-BIM/S2/TMEs/SBAS/tme08/models/scop30/d1yt3a3c.55.3.5.aln.hmm
# Target file:     /home/elise/Documents/M1-BIM/S2/TMEs/SBAS/tme08/scop/scop/scopTestSeq.fasta
# Option settings: hmmsearch --domtblout /home/elise/Documents/M1-BIM/S2/TMEs/SBAS/tme08/searchResults/scop30/d1yt3a3c.55.3.5.aln.out -E 1 /home/elise/Documents/M1-BIM/S2/TMEs/SBAS/tme08/models/scop30/d1yt3a3c.55.3.5.aln.hmm /home/elise/Documents/M1-BIM/S2/TMEs/SBAS/tme08/scop/scop/scopTestSeq.fasta 
# Current dir:     /home/elise/Documents/M1-BIM/S2/TMEs/SBAS/tme08
# Date:            Thu Apr 10 10:02:33 2025
# [ok]
