#                                                                            --- full sequence --- -------------- this domain -------------   hmm coord   ali coord   env coord
# target name        accession   tlen query name           accession   qlen   E-value  score  bias   #  of  c-Evalue  i-Evalue  score  bias  from    to  from    to  from    to  acc description of target
#------------------- ---------- ----- -------------------- ---------- ----- --------- ------ ----- --- --- --------- --------- ------ ----- ----- ----- ----- ----- ----- ----- ---- ---------------------
d1z6om1a.25.1.1      -            191 d1yuza1a.25.1.1.aln  -            173   5.2e-57  187.9   0.0   1   1   8.1e-59   5.8e-57  187.8   0.0     2   173     8   183     7   183 0.99 -
d3bvfa_a.25.1.1      -            172 d1yuza1a.25.1.1.aln  -            173   1.5e-53  176.7   7.2   1   1   2.3e-55   1.6e-53  176.5   7.2     1   172     1   163     1   164 0.99 -
d1nf4a_a.25.1.1      -            169 d1yuza1a.25.1.1.aln  -            173   2.7e-53  175.8   4.6   1   1   4.2e-55     3e-53  175.7   4.6     4   172     1   159     1   160 0.98 -
d1lb3a_a.25.1.1      -            179 d1yuza1a.25.1.1.aln  -            173   1.4e-52  173.5   0.1   1   1   2.1e-54   1.5e-52  173.4   0.1     2   173     1   174     1   174 0.99 -
d1z6oa1a.25.1.1      -            200 d1yuza1a.25.1.1.aln  -            173   2.2e-51  169.6   9.2   1   1   3.4e-53   2.5e-51  169.4   9.2     2   173    12   193    11   193 0.98 -
d1tjoa_a.25.1.1      -            180 d1yuza1a.25.1.1.aln  -            173     4e-50  165.5   6.9   1   1   6.4e-52   4.6e-50  165.3   6.9     2   170    19   179    18   180 0.98 -
d2y3qa_a.25.1.1      -            158 d1yuza1a.25.1.1.aln  -            173   1.5e-49  163.6   4.4   1   1   2.3e-51   1.7e-49  163.5   4.4     6   172     1   157     1   158 0.98 -
d2cf7a_a.25.1.1      -            159 d1yuza1a.25.1.1.aln  -            173   3.1e-47  156.1   0.0   1   1   4.7e-49   3.4e-47  156.0   0.0     2   168     2   158     1   159 0.98 -
d1zs3a1a.25.1.1      -            171 d1yuza1a.25.1.1.aln  -            173     8e-44  145.0   1.2   1   1   1.2e-45   8.8e-44  144.8   1.2     1   163     2   170     2   171 0.99 -
d2fzfa1a.25.1.1      -            158 d1yuza1a.25.1.1.aln  -            173     6e-43  142.1   9.1   1   1   9.1e-45   6.6e-43  142.0   9.1     2   165     2   158     1   158 0.99 -
d1vjxa_a.25.1.1      -            149 d1yuza1a.25.1.1.aln  -            173   1.4e-39  131.2   8.2   1   1   2.1e-41   1.5e-39  131.1   8.2     6   167     1   149     1   149 0.99 -
#
# Program:         hmmsearch
# Version:         3.3.2 (Nov 2020)
# Pipeline mode:   SEARCH
# Query file:      /home/elise/Documents/M1-BIM/S2/TMEs/SBAS/tme08/models/scop30/d1yuza1a.25.1.1.aln.hmm
# Target file:     /home/elise/Documents/M1-BIM/S2/TMEs/SBAS/tme08/scop/scop/scopTestSeq.fasta
# Option settings: hmmsearch --domtblout /home/elise/Documents/M1-BIM/S2/TMEs/SBAS/tme08/searchResults/scop30/d1yuza1a.25.1.1.aln.out -E 1 /home/elise/Documents/M1-BIM/S2/TMEs/SBAS/tme08/models/scop30/d1yuza1a.25.1.1.aln.hmm /home/elise/Documents/M1-BIM/S2/TMEs/SBAS/tme08/scop/scop/scopTestSeq.fasta 
# Current dir:     /home/elise/Documents/M1-BIM/S2/TMEs/SBAS/tme08
# Date:            Thu Apr 10 10:02:33 2025
# [ok]
