#                                                                            --- full sequence --- -------------- this domain -------------   hmm coord   ali coord   env coord
# target name        accession   tlen query name           accession   qlen   E-value  score  bias   #  of  c-Evalue  i-Evalue  score  bias  from    to  from    to  from    to  acc description of target
#------------------- ---------- ----- -------------------- ---------- ----- --------- ------ ----- --- --- --------- --------- ------ ----- ----- ----- ----- ----- ----- ----- ---- ---------------------
d1rtqa_c.56.5.4      -            291 d1z2la1c.56.5.4.aln  -            287   3.1e-97  320.6   0.7   1   1   4.9e-99   3.5e-97  320.5   0.7     1   287     1   286     1   286 1.00 -
d1r3na1c.56.5.4      -            323 d1z2la1c.56.5.4.aln  -            287   4.6e-91  300.4   0.0   1   1   7.1e-93   5.1e-91  300.3   0.0     2   287     9   318     8   318 0.99 -
d1fnoa4c.56.5.4      -            296 d1z2la1c.56.5.4.aln  -            287   4.6e-88  290.6   0.0   1   1   7.1e-90   5.1e-88  290.4   0.0     4   286     1   295     1   296 0.99 -
d1y7ea2c.56.5.4      -            323 d1z2la1c.56.5.4.aln  -            287   1.9e-87  288.5   0.4   1   1     3e-89   2.2e-87  288.4   0.4     1   283    12   322    12   323 0.99 -
d1lfwa1c.56.5.4      -            273 d1z2la1c.56.5.4.aln  -            287   4.1e-87  287.5   0.0   1   1   6.3e-89   4.5e-87  287.3   0.0     2   287     3   273     2   273 0.99 -
d1cg2a1c.56.5.4      -            277 d1z2la1c.56.5.4.aln  -            287   1.1e-86  286.0   0.4   1   1   1.8e-88   1.3e-86  285.9   0.4     1   286     2   275     2   276 0.99 -
d1tkja_c.56.5.4      -            277 d1z2la1c.56.5.4.aln  -            287   4.9e-86  283.9   0.1   1   1   7.6e-88   5.5e-86  283.8   0.1     2   286     1   276     1   277 0.99 -
d1y0ya3c.56.5.4      -            256 d1z2la1c.56.5.4.aln  -            287   1.2e-78  259.7   0.4   1   1   1.8e-80   1.3e-78  259.6   0.4    17   287     1   255     1   255 0.99 -
d1vgya1c.56.5.4      -            263 d1z2la1c.56.5.4.aln  -            287   2.4e-74  245.5   0.0   1   1   3.7e-76   2.7e-74  245.4   0.0    14   283     2   262     1   263 0.99 -
d2grea2c.56.5.4      -            234 d1z2la1c.56.5.4.aln  -            287   2.2e-67  222.7   4.8   1   1   4.3e-68   3.1e-66  219.0   4.8    14   287     1   234     1   234 0.99 -
d1z2la1c.56.5.4      -            294 d1z2la1c.56.5.4.aln  -            287   6.3e-06   21.0   0.0   1   2   0.00072     0.052    8.2   0.0    45   101    43    93    34   102 0.79 -
d1z2la1c.56.5.4      -            294 d1z2la1c.56.5.4.aln  -            287   6.3e-06   21.0   0.0   2   2   0.00011    0.0079   10.9   0.0   201   277   211   284   186   291 0.81 -
#
# Program:         hmmsearch
# Version:         3.3.2 (Nov 2020)
# Pipeline mode:   SEARCH
# Query file:      /home/elise/Documents/M1-BIM/S2/TMEs/SBAS/tme08/models/scop30/d1z2la1c.56.5.4.aln.hmm
# Target file:     /home/elise/Documents/M1-BIM/S2/TMEs/SBAS/tme08/scop/scop/scopTestSeq.fasta
# Option settings: hmmsearch --domtblout /home/elise/Documents/M1-BIM/S2/TMEs/SBAS/tme08/searchResults/scop30/d1z2la1c.56.5.4.aln.out -E 1 /home/elise/Documents/M1-BIM/S2/TMEs/SBAS/tme08/models/scop30/d1z2la1c.56.5.4.aln.hmm /home/elise/Documents/M1-BIM/S2/TMEs/SBAS/tme08/scop/scop/scopTestSeq.fasta 
# Current dir:     /home/elise/Documents/M1-BIM/S2/TMEs/SBAS/tme08
# Date:            Thu Apr 10 10:02:33 2025
# [ok]
