#                                                                            --- full sequence --- -------------- this domain -------------   hmm coord   ali coord   env coord
# target name        accession   tlen query name           accession   qlen   E-value  score  bias   #  of  c-Evalue  i-Evalue  score  bias  from    to  from    to  from    to  acc description of target
#------------------- ---------- ----- -------------------- ---------- ----- --------- ------ ----- --- --- --------- --------- ------ ----- ----- ----- ----- ----- ----- ----- ---- ---------------------
d1tiqa_d.108.1.1     -            173 d1z4ea1d.108.1.1.aln -            184     7e-37  122.9   0.3   1   1   4.3e-38   7.6e-37  122.7   0.3     8   179     2   172     1   173 0.98 -
d2b5ga_d.108.1.1     -            168 d1z4ea1d.108.1.1.aln -            184   2.3e-35  117.9   0.3   1   1   1.5e-36   2.7e-35  117.7   0.3     7   170     2   165     1   167 0.97 -
d2ae6a1d.108.1.1     -            161 d1z4ea1d.108.1.1.aln -            184   1.6e-33  111.9   0.1   1   1     1e-34   1.9e-33  111.7   0.1    15   177     1   159     1   160 0.98 -
d1nsla_d.108.1.1     -            180 d1z4ea1d.108.1.1.aln -            184     5e-32  107.0   0.2   1   1   3.1e-33   5.6e-32  106.9   0.2     1   182     1   180     1   180 0.95 -
d1ufha_d.108.1.1     -            155 d1z4ea1d.108.1.1.aln -            184   1.3e-31  105.7   0.7   1   1   7.8e-33   1.4e-31  105.6   0.7     7   162     2   153     1   155 0.96 -
d1wwza1d.108.1.1     -            157 d1z4ea1d.108.1.1.aln -            184     4e-31  104.1   0.7   1   1   2.5e-32   4.5e-31  103.9   0.7    10   166     1   154     1   156 0.97 -
d1i12a_d.108.1.1     -            157 d1z4ea1d.108.1.1.aln -            184   1.1e-30  102.6   0.0   1   1   6.7e-32   1.2e-30  102.5   0.0     6   161     3   154     1   157 0.97 -
d2fcka1d.108.1.1     -            178 d1z4ea1d.108.1.1.aln -            184   1.8e-30  102.0   0.1   1   1   1.1e-31   1.9e-30  101.9   0.1     1   171     1   175     1   178 0.96 -
d1u6ma_d.108.1.1     -            189 d1z4ea1d.108.1.1.aln -            184   2.4e-30  101.6   0.1   1   1   1.5e-31   2.6e-30  101.4   0.1     3   173     3   188     1   189 0.98 -
d2gana1d.108.1.1     -            182 d1z4ea1d.108.1.1.aln -            184   1.3e-29   99.2   0.4   1   1   7.9e-31   1.4e-29   99.1   0.4     2   172     1   181     1   182 0.98 -
d2euia1d.108.1.1     -            153 d1z4ea1d.108.1.1.aln -            184   2.9e-29   98.1   0.1   1   1   1.9e-30   3.3e-29   97.8   0.1    18   165     1   147     1   152 0.97 -
d2p0wa_d.108.1.1     -            319 d1z4ea1d.108.1.1.aln -            184     3e-29   98.0   0.2   1   1   2.4e-30   4.2e-29   97.5   0.2     1   184    96   313    96   313 0.99 -
d2jdca1d.108.1.1     -            145 d1z4ea1d.108.1.1.aln -            184   7.6e-29   96.7   0.1   1   1   4.6e-30   8.3e-29   96.5   0.1    24   175     3   144     1   145 0.96 -
d1m4ia_d.108.1.1     -            181 d1z4ea1d.108.1.1.aln -            184   1.1e-28   96.2   0.0   1   1   6.7e-30   1.2e-28   96.0   0.0    17   184     2   172     1   172 0.97 -
d1y9wa1d.108.1.1     -            140 d1z4ea1d.108.1.1.aln -            184   2.2e-28   95.1   1.5   1   1   1.4e-29   2.5e-28   95.0   1.5    16   174     1   139     1   140 0.97 -
d1vkca_d.108.1.1     -            149 d1z4ea1d.108.1.1.aln -            184   3.1e-28   94.7   2.6   1   1   1.9e-29   3.4e-28   94.6   2.6    16   163     2   148     1   149 0.97 -
d1qsma_d.108.1.1     -            150 d1z4ea1d.108.1.1.aln -            184   3.5e-28   94.5   0.0   1   1   2.1e-29   3.8e-28   94.4   0.0    16   164     3   148     1   150 0.95 -
d1boba_d.108.1.1     -            315 d1z4ea1d.108.1.1.aln -            184   4.8e-28   94.1   0.0   1   1     1e-28   1.8e-27   92.2   0.0     2   184    92   309    91   309 0.99 -
d2cy2a1d.108.1.1     -            174 d1z4ea1d.108.1.1.aln -            184     1e-27   93.0   0.6   1   1   6.2e-29   1.1e-27   92.9   0.6     8   169     2   163     1   173 0.92 -
d2pq8a_d.108.1.1     -            271 d1z4ea1d.108.1.1.aln -            184   2.1e-27   92.0   0.0   1   1   1.8e-28   3.1e-27   91.4   0.0     1   183    17   234    17   235 0.99 -
d1yx0a1d.108.1.1     -            151 d1z4ea1d.108.1.1.aln -            184   3.8e-27   91.1   0.0   1   1   2.3e-28   4.2e-27   91.0   0.0    20   174     2   150     1   151 0.97 -
d2fiaa1d.108.1.1     -            157 d1z4ea1d.108.1.1.aln -            184   4.4e-27   90.9   0.9   1   1   2.7e-28   4.8e-27   90.8   0.9    17   176     3   155     1   157 0.96 -
d1cjwa_d.108.1.1     -            166 d1z4ea1d.108.1.1.aln -            184   5.4e-27   90.6   0.0   1   1   3.3e-28     6e-27   90.5   0.0     7   174     2   165     1   166 0.97 -
d2fl4a1d.108.1.1     -            146 d1z4ea1d.108.1.1.aln -            184   1.6e-26   89.1   0.5   1   1     1e-27   1.8e-26   88.9   0.5    19   170     2   144     1   145 0.92 -
d1z4ra1d.108.1.1     -            162 d1z4ea1d.108.1.1.aln -            184   5.1e-26   87.5   0.1   1   1   3.1e-27   5.6e-26   87.3   0.1    18   178     3   161     1   162 0.95 -
d1ghea_d.108.1.1     -            170 d1z4ea1d.108.1.1.aln -            184   5.5e-25   84.1   0.0   1   1   3.4e-26     6e-25   84.0   0.0     9   175     2   169     1   170 0.94 -
d1bo4a_d.108.1.1     -            137 d1z4ea1d.108.1.1.aln -            184   6.8e-25   83.8   0.0   1   1   4.2e-26   7.4e-25   83.7   0.0    14   152     2   137     1   137 0.97 -
d1y9ka1d.108.1.1     -            152 d1z4ea1d.108.1.1.aln -            184   1.4e-23   79.5   0.0   1   1   8.5e-25   1.5e-23   79.4   0.0    24   183     4   151     1   152 0.96 -
d1yk3a1d.108.1.1     -            198 d1z4ea1d.108.1.1.aln -            184   3.9e-23   78.1   0.0   1   1   2.4e-24   4.3e-23   77.9   0.0     2   183     4   198     3   198 0.99 -
d2g3aa1d.108.1.1     -            137 d1z4ea1d.108.1.1.aln -            184   4.5e-23   77.9   0.0   1   1   3.2e-24   5.7e-23   77.5   0.0    27   174     9   136     4   136 0.96 -
d1mk4a_d.108.1.1     -            157 d1z4ea1d.108.1.1.aln -            184   4.5e-23   77.9   0.0   1   1   2.6e-24   4.6e-23   77.8   0.0    16   155     2   127     1   156 0.93 -
d2fsra1d.108.1.1     -            164 d1z4ea1d.108.1.1.aln -            184     1e-22   76.7   0.0   1   1   6.1e-24   1.1e-22   76.6   0.0    11   170     4   163     1   164 0.96 -
d2atra1d.108.1.1     -            137 d1z4ea1d.108.1.1.aln -            184   1.3e-22   76.3   0.0   1   1   8.1e-24   1.5e-22   76.2   0.0    15   168     1   135     1   137 0.97 -
d2fiwa1d.108.1.1     -            156 d1z4ea1d.108.1.1.aln -            184   2.4e-22   75.5   0.0   1   1   1.4e-23   2.5e-22   75.4   0.0    22   174     6   155     1   156 0.91 -
d1xeba_d.108.1.1     -            149 d1z4ea1d.108.1.1.aln -            184   3.5e-22   75.0   0.6   1   1   2.1e-23   3.8e-22   74.8   0.6    14   173     2   148     1   149 0.96 -
d1y7ra1d.108.1.1     -            133 d1z4ea1d.108.1.1.aln -            184   6.8e-22   74.0   0.0   1   1   4.1e-23   7.4e-22   73.9   0.0    18   165     1   131     1   133 0.96 -
d1q2ya_d.108.1.1     -            140 d1z4ea1d.108.1.1.aln -            184   1.6e-20   69.6   0.2   1   1   9.6e-22   1.7e-20   69.4   0.2    18   174     1   140     1   140 0.93 -
d1n71a_d.108.1.1     -            180 d1z4ea1d.108.1.1.aln -            184   2.6e-20   68.8   0.0   1   1   1.7e-21     3e-20   68.7   0.0    12   175     1   179     1   180 0.98 -
d2aj6a1d.108.1.1     -            118 d1z4ea1d.108.1.1.aln -            184   2.9e-20   68.7   0.0   1   1   1.9e-21   3.4e-20   68.5   0.0    17   132     4   115     1   117 0.96 -
d1p0ha_d.108.1.1     -            308 d1z4ea1d.108.1.1.aln -            184   2.8e-19   65.5   0.1   1   2      0.17       3.1    3.5   0.0   100   115    77    92    59    94 0.86 -
d1p0ha_d.108.1.1     -            308 d1z4ea1d.108.1.1.aln -            184   2.8e-19   65.5   0.1   2   2   3.5e-20   6.4e-19   64.3   0.1     2   184    86   298    85   298 0.98 -
d1r57a_d.108.1.1     -            102 d1z4ea1d.108.1.1.aln -            184   2.1e-13   46.4   0.1   1   1   1.2e-14   2.1e-13   46.3   0.1    94   152    34    92     8   102 0.90 -
d1z4ea1d.108.1.1     -            150 d1z4ea1d.108.1.1.aln -            184   3.7e-11   39.0   0.1   1   1   2.3e-12   4.1e-11   38.9   0.1    95   158    82   144     3   149 0.85 -
d2d4pa1d.108.1.1     -            130 d1z4ea1d.108.1.1.aln -            184   2.7e-09   33.0   0.1   1   1   1.7e-10     3e-09   32.8   0.1    18   163     1   125     1   130 0.94 -
d1xmta_d.108.1.1     -             95 d1z4ea1d.108.1.1.aln -            184   7.5e-09   31.5   0.0   1   2      0.21       3.8    3.2   0.0    22    49     4    31     2    34 0.89 -
d1xmta_d.108.1.1     -             95 d1z4ea1d.108.1.1.aln -            184   7.5e-09   31.5   0.0   2   2   7.6e-10   1.4e-08   30.7   0.0    83   150    20    82    12    94 0.83 -
#
# Program:         hmmsearch
# Version:         3.3.2 (Nov 2020)
# Pipeline mode:   SEARCH
# Query file:      /home/elise/Documents/M1-BIM/S2/TMEs/SBAS/tme08/models/scop30/d1z4ea1d.108.1.1.aln.hmm
# Target file:     /home/elise/Documents/M1-BIM/S2/TMEs/SBAS/tme08/scop/scop/scopTestSeq.fasta
# Option settings: hmmsearch --domtblout /home/elise/Documents/M1-BIM/S2/TMEs/SBAS/tme08/searchResults/scop30/d1z4ea1d.108.1.1.aln.out -E 1 /home/elise/Documents/M1-BIM/S2/TMEs/SBAS/tme08/models/scop30/d1z4ea1d.108.1.1.aln.hmm /home/elise/Documents/M1-BIM/S2/TMEs/SBAS/tme08/scop/scop/scopTestSeq.fasta 
# Current dir:     /home/elise/Documents/M1-BIM/S2/TMEs/SBAS/tme08
# Date:            Thu Apr 10 10:02:33 2025
# [ok]
