#                                                                            --- full sequence --- -------------- this domain -------------   hmm coord   ali coord   env coord
# target name        accession   tlen query name           accession   qlen   E-value  score  bias   #  of  c-Evalue  i-Evalue  score  bias  from    to  from    to  from    to  acc description of target
#------------------- ---------- ----- -------------------- ---------- ----- --------- ------ ----- --- --- --------- --------- ------ ----- ----- ----- ----- ----- ----- ----- ---- ---------------------
d2pq8a_d.108.1.1     -            271 d1z4ra1d.108.1.1.aln -            244   6.4e-98  322.7   0.6   1   1     4e-99   7.1e-98  322.6   0.6     1   244     1   271     1   271 1.00 -
d2p0wa_d.108.1.1     -            319 d1z4ra1d.108.1.1.aln -            244   7.4e-69  227.5   0.1   1   1     5e-70   8.9e-69  227.3   0.1     1   217    79   319    79   319 1.00 -
d1boba_d.108.1.1     -            315 d1z4ra1d.108.1.1.aln -            244   3.5e-61  202.4   1.2   1   1   2.5e-62   4.4e-61  202.1   1.2     1   217    76   315    76   315 1.00 -
d1p0ha_d.108.1.1     -            308 d1z4ra1d.108.1.1.aln -            244   4.9e-47  156.1   0.0   1   3   1.4e-45   2.5e-44  147.2   0.0    39   244     2   227     1   227 0.99 -
d1p0ha_d.108.1.1     -            308 d1z4ra1d.108.1.1.aln -            244   4.9e-47  156.1   0.0   2   3      0.32       5.7    2.0   0.0   130   147   232   249   228   256 0.86 -
d1p0ha_d.108.1.1     -            308 d1z4ra1d.108.1.1.aln -            244   4.9e-47  156.1   0.0   3   3      0.12       2.1    3.4   0.0   162   187   276   299   265   305 0.82 -
d1n71a_d.108.1.1     -            180 d1z4ra1d.108.1.1.aln -            244   2.7e-36  120.9   0.0   1   1   1.8e-37   3.2e-36  120.7   0.0    49   234     1   179     1   179 0.98 -
d1u6ma_d.108.1.1     -            189 d1z4ra1d.108.1.1.aln -            244   2.8e-35  117.6   0.0   1   1   1.7e-36     3e-35  117.5   0.0    26   204     2   187     1   189 0.98 -
d1tiqa_d.108.1.1     -            173 d1z4ra1d.108.1.1.aln -            244   1.5e-32  108.6   0.5   1   1     1e-33   1.9e-32  108.4   0.5    41   211     2   172     1   172 0.98 -
d1z4ea1d.108.1.1     -            150 d1z4ra1d.108.1.1.aln -            244   8.5e-28   93.1   0.1   1   1   5.5e-29   9.8e-28   92.9   0.1    44   190     2   144     1   148 0.97 -
d1i12a_d.108.1.1     -            157 d1z4ra1d.108.1.1.aln -            244     2e-26   88.6   0.0   1   1   1.2e-27   2.2e-26   88.5   0.0    38   195     2   156     1   157 0.97 -
d1m4ia_d.108.1.1     -            181 d1z4ra1d.108.1.1.aln -            244     1e-25   86.3   0.0   1   1   6.3e-27   1.1e-25   86.1   0.0    42   225     1   181     1   181 0.99 -
d1wwza1d.108.1.1     -            157 d1z4ra1d.108.1.1.aln -            244   2.5e-25   85.0   0.1   1   1   1.6e-26   2.8e-25   84.8   0.1    44   196     2   152     1   156 0.96 -
d1vkca_d.108.1.1     -            149 d1z4ra1d.108.1.1.aln -            244   4.6e-25   84.1   1.2   1   1   2.9e-26   5.2e-25   84.0   1.2    51   193     8   146     1   148 0.96 -
d2gana1d.108.1.1     -            182 d1z4ra1d.108.1.1.aln -            244   8.9e-25   83.2   0.2   1   1   5.4e-26   9.8e-25   83.1   0.2    30   203     1   180     1   182 0.96 -
d2ae6a1d.108.1.1     -            161 d1z4ra1d.108.1.1.aln -            244   1.4e-24   82.6   0.1   1   1   8.3e-26   1.5e-24   82.5   0.1    46   209     2   159     1   161 0.98 -
d1y9wa1d.108.1.1     -            140 d1z4ra1d.108.1.1.aln -            244   7.8e-24   80.1   0.9   1   1   4.7e-25   8.4e-24   80.0   0.9    58   206     2   139     1   140 0.96 -
d2euia1d.108.1.1     -            153 d1z4ra1d.108.1.1.aln -            244   1.5e-22   75.9   0.1   1   1     1e-23   1.8e-22   75.6   0.1    59   197    12   147     4   152 0.95 -
d1qsma_d.108.1.1     -            150 d1z4ra1d.108.1.1.aln -            244   1.9e-22   75.6   0.0   1   1   1.2e-23   2.1e-22   75.4   0.0    49   186     3   139     1   149 0.96 -
d2b5ga_d.108.1.1     -            168 d1z4ra1d.108.1.1.aln -            244   1.9e-22   75.6   0.0   1   1   1.2e-23   2.1e-22   75.4   0.0    49   207     5   166     2   168 0.96 -
d1mk4a_d.108.1.1     -            157 d1z4ra1d.108.1.1.aln -            244   4.6e-22   74.3   0.0   1   1   2.8e-23     5e-22   74.2   0.0    48   216     1   156     1   157 0.96 -
d1yk3a1d.108.1.1     -            198 d1z4ra1d.108.1.1.aln -            244   1.1e-21   73.1   0.0   1   1   6.8e-23   1.2e-21   72.9   0.0    32   215     2   197     1   198 0.98 -
d1ghea_d.108.1.1     -            170 d1z4ra1d.108.1.1.aln -            244   5.1e-21   70.9   0.0   1   1     3e-22   5.5e-21   70.8   0.0    45   210     2   168     1   170 0.96 -
d2cy2a1d.108.1.1     -            174 d1z4ra1d.108.1.1.aln -            244   6.7e-21   70.5   0.0   1   1   4.4e-22   7.9e-21   70.3   0.0    46   211     3   171     1   173 0.97 -
d1nsla_d.108.1.1     -            180 d1z4ra1d.108.1.1.aln -            244   1.8e-20   69.1   0.0   1   1   1.1e-21     2e-20   68.9   0.0    40   212     2   178     1   180 0.97 -
d2fcka1d.108.1.1     -            178 d1z4ra1d.108.1.1.aln -            244     2e-20   69.0   0.1   1   1   1.2e-21   2.1e-20   68.9   0.1    40   200     3   167     1   177 0.94 -
d1ufha_d.108.1.1     -            155 d1z4ra1d.108.1.1.aln -            244     3e-20   68.4   0.4   1   1   1.7e-21   3.1e-20   68.3   0.4    52   194     8   153     1   155 0.88 -
d2fiaa1d.108.1.1     -            157 d1z4ra1d.108.1.1.aln -            244   4.7e-20   67.7   0.6   1   1   3.1e-21   5.5e-20   67.5   0.6    49   208     1   155     1   156 0.97 -
d1cjwa_d.108.1.1     -            166 d1z4ra1d.108.1.1.aln -            244   7.7e-20   67.0   0.0   1   1   4.9e-21   8.8e-20   66.8   0.0    47   204     6   163     2   166 0.96 -
d1bo4a_d.108.1.1     -            137 d1z4ra1d.108.1.1.aln -            244   1.3e-19   66.3   0.0   1   1     8e-21   1.4e-19   66.1   0.0    50   184     5   137     2   137 0.98 -
d2fl4a1d.108.1.1     -            146 d1z4ra1d.108.1.1.aln -            244   1.4e-19   66.2   0.6   1   1   8.3e-21   1.5e-19   66.1   0.6    51   202     2   144     1   146 0.86 -
d1yx0a1d.108.1.1     -            151 d1z4ra1d.108.1.1.aln -            244   5.5e-19   64.2   0.0   1   1   3.3e-20   5.9e-19   64.1   0.0    52   205     3   149     1   151 0.97 -
d1y9ka1d.108.1.1     -            152 d1z4ra1d.108.1.1.aln -            244     3e-18   61.8   0.0   1   1   1.8e-19   3.3e-18   61.7   0.0    64   205     4   146     1   151 0.91 -
d2fiwa1d.108.1.1     -            156 d1z4ra1d.108.1.1.aln -            244   6.6e-18   60.7   0.0   1   1     4e-19   7.1e-18   60.6   0.0    46   208     2   155     1   156 0.91 -
d2jdca1d.108.1.1     -            145 d1z4ra1d.108.1.1.aln -            244   1.5e-17   59.6   0.1   1   1     1e-18   1.8e-17   59.3   0.1    53   207     6   144     2   145 0.88 -
d2g3aa1d.108.1.1     -            137 d1z4ra1d.108.1.1.aln -            244   2.4e-17   58.9   0.0   1   1   1.5e-18   2.6e-17   58.7   0.0    59   207     3   137     1   137 0.88 -
d2atra1d.108.1.1     -            137 d1z4ra1d.108.1.1.aln -            244   3.2e-17   58.5   0.1   1   1   1.9e-18   3.4e-17   58.4   0.1    53   201     3   136     1   137 0.92 -
d1y7ra1d.108.1.1     -            133 d1z4ra1d.108.1.1.aln -            244   3.4e-16   55.1   0.0   1   1   2.1e-17   3.7e-16   55.0   0.0    63   198     9   132     2   133 0.91 -
d1xeba_d.108.1.1     -            149 d1z4ra1d.108.1.1.aln -            244     1e-15   53.5   0.2   1   1   6.4e-17   1.1e-15   53.4   0.2    51   199     3   143     1   148 0.95 -
d1q2ya_d.108.1.1     -            140 d1z4ra1d.108.1.1.aln -            244   1.4e-15   53.0   0.1   1   1   8.9e-17   1.6e-15   52.9   0.1    71   204    18   138     3   140 0.90 -
d2aj6a1d.108.1.1     -            118 d1z4ra1d.108.1.1.aln -            244   6.1e-14   47.7   0.1   1   1   3.8e-15   6.8e-14   47.6   0.1    54   166    10   116     2   118 0.94 -
d2fsra1d.108.1.1     -            164 d1z4ra1d.108.1.1.aln -            244   2.4e-11   39.2   0.0   1   1   1.4e-12   2.5e-11   39.2   0.0    45   195     3   153     1   164 0.89 -
d1r57a_d.108.1.1     -            102 d1z4ra1d.108.1.1.aln -            244   9.3e-11   37.3   0.1   1   1   5.2e-12   9.3e-11   37.3   0.1   112   190    23   100     4   102 0.86 -
d2d4pa1d.108.1.1     -            130 d1z4ra1d.108.1.1.aln -            244   3.1e-07   25.8   0.0   1   1     2e-08   3.5e-07   25.6   0.0    57   190     3   120     1   129 0.93 -
d1xmta_d.108.1.1     -             95 d1z4ra1d.108.1.1.aln -            244   4.9e-06   21.8   0.0   1   1   2.8e-07   5.1e-06   21.8   0.0   119   173    23    77     8    94 0.87 -
d1z4ra1d.108.1.1     -            162 d1z4ra1d.108.1.1.aln -            244   2.9e-05   19.3   0.0   1   1   1.9e-06   3.4e-05   19.1   0.0   102   203    60   149    29   153 0.83 -
#
# Program:         hmmsearch
# Version:         3.3.2 (Nov 2020)
# Pipeline mode:   SEARCH
# Query file:      /home/elise/Documents/M1-BIM/S2/TMEs/SBAS/tme08/models/scop30/d1z4ra1d.108.1.1.aln.hmm
# Target file:     /home/elise/Documents/M1-BIM/S2/TMEs/SBAS/tme08/scop/scop/scopTestSeq.fasta
# Option settings: hmmsearch --domtblout /home/elise/Documents/M1-BIM/S2/TMEs/SBAS/tme08/searchResults/scop30/d1z4ra1d.108.1.1.aln.out -E 1 /home/elise/Documents/M1-BIM/S2/TMEs/SBAS/tme08/models/scop30/d1z4ra1d.108.1.1.aln.hmm /home/elise/Documents/M1-BIM/S2/TMEs/SBAS/tme08/scop/scop/scopTestSeq.fasta 
# Current dir:     /home/elise/Documents/M1-BIM/S2/TMEs/SBAS/tme08
# Date:            Thu Apr 10 10:02:34 2025
# [ok]
