#                                                                            --- full sequence --- -------------- this domain -------------   hmm coord   ali coord   env coord
# target name        accession   tlen query name           accession   qlen   E-value  score  bias   #  of  c-Evalue  i-Evalue  score  bias  from    to  from    to  from    to  acc description of target
#------------------- ---------- ----- -------------------- ---------- ----- --------- ------ ----- --- --- --------- --------- ------ ----- ----- ----- ----- ----- ----- ----- ---- ---------------------
d1z6om1a.25.1.1      -            191 d1z6oa1a.25.1.1.aln  -            168   9.9e-53  174.1   0.0   1   1   1.5e-54   1.1e-52  173.9   0.0     2   168     8   182     7   182 0.99 -
d3bvfa_a.25.1.1      -            172 d1z6oa1a.25.1.1.aln  -            168   1.2e-51  170.6   6.2   1   1   1.8e-53   1.3e-51  170.4   6.2     1   168     1   163     1   163 0.99 -
d1tjoa_a.25.1.1      -            180 d1z6oa1a.25.1.1.aln  -            168   6.8e-51  168.1   7.4   1   1   1.1e-52   7.9e-51  167.9   7.4     1   166    18   179    18   180 0.98 -
d1nf4a_a.25.1.1      -            169 d1z6oa1a.25.1.1.aln  -            168   2.4e-50  166.3   4.9   1   1   3.8e-52   2.7e-50  166.2   4.9     4   166     1   157     1   159 0.98 -
d1lb3a_a.25.1.1      -            179 d1z6oa1a.25.1.1.aln  -            168   2.7e-49  162.9   0.1   1   1   4.3e-51   3.1e-49  162.8   0.1     2   168     1   173     1   173 0.99 -
d2cf7a_a.25.1.1      -            159 d1z6oa1a.25.1.1.aln  -            168   5.6e-49  161.9   0.0   1   1   8.6e-51   6.2e-49  161.8   0.0     2   164     2   158     1   159 0.98 -
d2y3qa_a.25.1.1      -            158 d1z6oa1a.25.1.1.aln  -            168   3.7e-45  149.5   4.1   1   1   5.7e-47   4.1e-45  149.3   4.1     6   166     1   155     1   157 0.98 -
d2fzfa1a.25.1.1      -            158 d1z6oa1a.25.1.1.aln  -            168   6.2e-44  145.5  10.0   1   1   9.6e-46   6.9e-44  145.3  10.0     2   168     2   158     1   158 0.99 -
d1zs3a1a.25.1.1      -            171 d1z6oa1a.25.1.1.aln  -            168   7.7e-44  145.2   1.0   1   1   1.2e-45   8.5e-44  145.0   1.0     1   166     2   171     2   171 0.99 -
d1vjxa_a.25.1.1      -            149 d1z6oa1a.25.1.1.aln  -            168   7.2e-42  138.8   7.0   1   1   1.1e-43   7.9e-42  138.6   7.0     6   163     1   149     1   149 0.99 -
d1yuza1a.25.1.1      -            135 d1z6oa1a.25.1.1.aln  -            168     2e-34  114.5   0.8   1   1   3.1e-36   2.2e-34  114.4   0.8     7   156     2   135     1   135 0.97 -
#
# Program:         hmmsearch
# Version:         3.3.2 (Nov 2020)
# Pipeline mode:   SEARCH
# Query file:      /home/elise/Documents/M1-BIM/S2/TMEs/SBAS/tme08/models/scop30/d1z6oa1a.25.1.1.aln.hmm
# Target file:     /home/elise/Documents/M1-BIM/S2/TMEs/SBAS/tme08/scop/scop/scopTestSeq.fasta
# Option settings: hmmsearch --domtblout /home/elise/Documents/M1-BIM/S2/TMEs/SBAS/tme08/searchResults/scop30/d1z6oa1a.25.1.1.aln.out -E 1 /home/elise/Documents/M1-BIM/S2/TMEs/SBAS/tme08/models/scop30/d1z6oa1a.25.1.1.aln.hmm /home/elise/Documents/M1-BIM/S2/TMEs/SBAS/tme08/scop/scop/scopTestSeq.fasta 
# Current dir:     /home/elise/Documents/M1-BIM/S2/TMEs/SBAS/tme08
# Date:            Thu Apr 10 10:02:34 2025
# [ok]
