#                                                                            --- full sequence --- -------------- this domain -------------   hmm coord   ali coord   env coord
# target name        accession   tlen query name           accession   qlen   E-value  score  bias   #  of  c-Evalue  i-Evalue  score  bias  from    to  from    to  from    to  acc description of target
#------------------- ---------- ----- -------------------- ---------- ----- --------- ------ ----- --- --- --------- --------- ------ ----- ----- ----- ----- ----- ----- ----- ---- ---------------------
d1qf6a4d.104.1.1     -            291 d1z7ma1d.104.1.1.aln -            293   9.8e-81  266.9   0.3   1   1   1.9e-82   1.1e-80  266.7   0.3     2   290     2   291     1   291 0.99 -
d1b8aa2d.104.1.1     -            335 d1z7ma1d.104.1.1.aln -            293   2.6e-77  255.7   5.1   1   1     5e-79   2.8e-77  255.5   5.1     3   292     4   334     2   335 0.99 -
d1j5wa_d.104.1.1     -            281 d1z7ma1d.104.1.1.aln -            293   3.8e-75  248.5   1.4   1   1   7.6e-77   4.3e-75  248.4   1.4    12   291     1   281     1   281 0.99 -
d1g5ha2d.104.1.1     -            290 d1z7ma1d.104.1.1.aln -            293   5.2e-73  241.5   0.0   1   1     1e-74   5.7e-73  241.4   0.0     3   291     2   289     1   290 0.99 -
d1h4vb2d.104.1.1     -            324 d1z7ma1d.104.1.1.aln -            293   4.6e-72  238.4   7.3   1   1   9.2e-74   5.2e-72  238.2   7.3     3   293     2   313     1   313 0.99 -
d1wu7a2d.104.1.1     -            327 d1z7ma1d.104.1.1.aln -            293     2e-71  236.3   0.3   1   1     4e-73   2.3e-71  236.1   0.3     2   292     3   316     2   317 0.99 -
d1nnha_d.104.1.1     -            293 d1z7ma1d.104.1.1.aln -            293   3.4e-71  235.6   3.6   1   1   6.6e-73   3.7e-71  235.4   3.6     5   292     2   291     1   292 0.99 -
d1atia2d.104.1.1     -            394 d1z7ma1d.104.1.1.aln -            293   3.8e-70  232.1   6.3   1   1   7.9e-72   4.5e-70  231.9   6.3     1   293    16   360    16   360 0.99 -
d1hc7a2d.104.1.1     -            272 d1z7ma1d.104.1.1.aln -            293   9.5e-68  224.2   4.1   1   1   1.9e-69   1.1e-67  224.1   4.1     2   279     3   272     2   272 0.99 -
d12asa_d.104.1.1     -            327 d1z7ma1d.104.1.1.aln -            293   1.7e-67  223.4   0.3   1   1   3.3e-69   1.9e-67  223.3   0.3     2   292     5   320     4   321 0.99 -
d1seta2d.104.1.1     -            311 d1z7ma1d.104.1.1.aln -            293   3.6e-67  222.3   3.4   1   1   7.1e-69     4e-67  222.2   3.4     2   293     4   302     3   302 0.99 -
d1usya_d.104.1.1     -            275 d1z7ma1d.104.1.1.aln -            293   1.9e-63  210.1   0.0   1   1   3.8e-65   2.2e-63  209.9   0.0     1   284     1   275     1   275 0.99 -
d1yfsa2d.104.1.1     -            236 d1z7ma1d.104.1.1.aln -            293   4.4e-54  179.4   0.3   1   1   9.2e-56   5.2e-54  179.1   0.3     4   279     2   236     1   236 0.98 -
d1jjcb5d.104.1.1     -            207 d1z7ma1d.104.1.1.aln -            293   2.9e-31  104.5   4.0   1   1   5.8e-33   3.3e-31  104.3   4.0     4   253     3   206     1   207 0.97 -
#
# Program:         hmmsearch
# Version:         3.3.2 (Nov 2020)
# Pipeline mode:   SEARCH
# Query file:      /home/elise/Documents/M1-BIM/S2/TMEs/SBAS/tme08/models/scop30/d1z7ma1d.104.1.1.aln.hmm
# Target file:     /home/elise/Documents/M1-BIM/S2/TMEs/SBAS/tme08/scop/scop/scopTestSeq.fasta
# Option settings: hmmsearch --domtblout /home/elise/Documents/M1-BIM/S2/TMEs/SBAS/tme08/searchResults/scop30/d1z7ma1d.104.1.1.aln.out -E 1 /home/elise/Documents/M1-BIM/S2/TMEs/SBAS/tme08/models/scop30/d1z7ma1d.104.1.1.aln.hmm /home/elise/Documents/M1-BIM/S2/TMEs/SBAS/tme08/scop/scop/scopTestSeq.fasta 
# Current dir:     /home/elise/Documents/M1-BIM/S2/TMEs/SBAS/tme08
# Date:            Thu Apr 10 10:02:34 2025
# [ok]
