#                                                                            --- full sequence --- -------------- this domain -------------   hmm coord   ali coord   env coord
# target name        accession   tlen query name           accession   qlen   E-value  score  bias   #  of  c-Evalue  i-Evalue  score  bias  from    to  from    to  from    to  acc description of target
#------------------- ---------- ----- -------------------- ---------- ----- --------- ------ ----- --- --- --------- --------- ------ ----- ----- ----- ----- ----- ----- ----- ---- ---------------------
d1tu7a1a.45.1.1      -            131 d1z9ha1a.45.1.1.aln  -            137   9.6e-45  147.7   0.0   1   1   1.6e-46   1.1e-44  147.6   0.0     3   137     1   131     1   131 0.99 -
d2cvda1a.45.1.1      -            124 d1z9ha1a.45.1.1.aln  -            137     1e-41  138.0   0.1   1   1   1.7e-43   1.1e-41  137.8   0.1     1   129     2   124     2   124 0.99 -
d1k3ya1a.45.1.1      -            142 d1z9ha1a.45.1.1.aln  -            137   1.2e-41  137.7   0.0   1   1     2e-43   1.3e-41  137.6   0.0     1   135     1   132     1   134 0.98 -
d1tw9a1a.45.1.1      -            129 d1z9ha1a.45.1.1.aln  -            137   2.1e-40  133.7   0.0   1   1   3.5e-42   2.3e-40  133.6   0.0     2   129     1   129     1   129 0.99 -
d1eema1a.45.1.1      -            139 d1z9ha1a.45.1.1.aln  -            137   2.9e-40  133.2   0.3   1   1   4.9e-42   3.2e-40  133.1   0.3     2   136     1   129     1   130 0.98 -
d2c4ja1a.45.1.1      -            133 d1z9ha1a.45.1.1.aln  -            137   3.4e-40  133.0   0.1   1   1   5.7e-42   3.8e-40  132.9   0.1     1   136     1   128     1   129 0.99 -
d1nhya1a.45.1.1      -            144 d1z9ha1a.45.1.1.aln  -            137   9.6e-40  131.6   0.0   1   1   1.7e-41   1.1e-39  131.4   0.0     2   135    10   144     9   144 0.98 -
d1okta1a.45.1.1      -            126 d1z9ha1a.45.1.1.aln  -            137   2.9e-39  130.0   1.4   1   1   4.9e-41   3.2e-39  129.8   1.4     2   128     1   125     1   126 0.98 -
d1k0ma1a.45.1.1      -            149 d1z9ha1a.45.1.1.aln  -            137   1.6e-36  121.2   0.0   1   1   2.7e-38   1.7e-36  121.0   0.0     2   136     7   147     6   148 0.98 -
d2fnoa1a.45.1.1      -            149 d1z9ha1a.45.1.1.aln  -            137   2.1e-34  114.3   0.0   1   1   3.5e-36   2.3e-34  114.1   0.0     3   136     2   139     1   140 0.98 -
d1gnwa1a.45.1.1      -            126 d1z9ha1a.45.1.1.aln  -            137   9.4e-34  112.2   0.2   1   1   1.6e-35     1e-33  112.0   0.2     2   121     3   126     2   126 0.98 -
d1z9ha1a.45.1.1      -            161 d1z9ha1a.45.1.1.aln  -            137   0.00056   15.7   0.0   1   1   1.2e-05   0.00078   15.2   0.0    45   107    88   150    66   157 0.80 -
#
# Program:         hmmsearch
# Version:         3.3.2 (Nov 2020)
# Pipeline mode:   SEARCH
# Query file:      /home/elise/Documents/M1-BIM/S2/TMEs/SBAS/tme08/models/scop30/d1z9ha1a.45.1.1.aln.hmm
# Target file:     /home/elise/Documents/M1-BIM/S2/TMEs/SBAS/tme08/scop/scop/scopTestSeq.fasta
# Option settings: hmmsearch --domtblout /home/elise/Documents/M1-BIM/S2/TMEs/SBAS/tme08/searchResults/scop30/d1z9ha1a.45.1.1.aln.out -E 1 /home/elise/Documents/M1-BIM/S2/TMEs/SBAS/tme08/models/scop30/d1z9ha1a.45.1.1.aln.hmm /home/elise/Documents/M1-BIM/S2/TMEs/SBAS/tme08/scop/scop/scopTestSeq.fasta 
# Current dir:     /home/elise/Documents/M1-BIM/S2/TMEs/SBAS/tme08
# Date:            Thu Apr 10 10:02:34 2025
# [ok]
