#                                                                            --- full sequence --- -------------- this domain -------------   hmm coord   ali coord   env coord
# target name        accession   tlen query name           accession   qlen   E-value  score  bias   #  of  c-Evalue  i-Evalue  score  bias  from    to  from    to  from    to  acc description of target
#------------------- ---------- ----- -------------------- ---------- ----- --------- ------ ----- --- --- --------- --------- ------ ----- ----- ----- ----- ----- ----- ----- ---- ---------------------
d1gr0a1c.2.1.3       -            244 d1zh8a1c.2.1.3.aln   -            226   2.1e-55  183.5   1.5   1   1   8.6e-57   2.3e-55  183.4   1.5     1   219     1   242     1   244 0.98 -
d3cina1c.2.1.3       -            276 d1zh8a1c.2.1.3.aln   -            226   2.2e-50  167.1   0.0   1   1   9.1e-52   2.5e-50  166.9   0.0     1   221     1   276     1   276 1.00 -
d1p1ja1c.2.1.3       -            411 d1zh8a1c.2.1.3.aln   -            226   3.6e-50  166.4   0.0   1   1   5.3e-51   1.4e-49  164.4   0.0     1   226     8   328     8   328 0.95 -
d1h6da1c.2.1.3       -            222 d1zh8a1c.2.1.3.aln   -            226     6e-50  165.6   0.1   1   1   2.5e-51   6.7e-50  165.5   0.1    18   220     1   222     1   222 0.99 -
d1qkia1c.2.1.3       -            204 d1zh8a1c.2.1.3.aln   -            226   4.1e-38  127.0   0.0   1   1   1.7e-39   4.5e-38  126.8   0.0    31   219     1   203     1   204 0.99 -
d1ydwa1c.2.1.3       -            185 d1zh8a1c.2.1.3.aln   -            226   5.7e-36  119.9   0.0   1   1   2.3e-37   6.3e-36  119.8   0.0    52   221     3   184     1   185 0.97 -
d1xeaa1c.2.1.3       -            168 d1zh8a1c.2.1.3.aln   -            226   5.4e-34  113.5   0.0   1   1   2.2e-35     6e-34  113.3   0.0    51   221     2   168     1   168 0.98 -
d1tlta1c.2.1.3       -            165 d1zh8a1c.2.1.3.aln   -            226   1.3e-33  112.2   0.0   1   1   5.2e-35   1.4e-33  112.1   0.0    50   216     1   164     1   165 0.98 -
d1drua1c.2.1.3       -            161 d1zh8a1c.2.1.3.aln   -            226   2.6e-33  111.2   0.2   1   1   1.1e-34   2.9e-33  111.1   0.2    50   216     2   160     1   161 0.98 -
d2nvwa1c.2.1.3       -            238 d1zh8a1c.2.1.3.aln   -            226   3.2e-33  110.9   0.0   1   1   1.3e-34   3.6e-33  110.8   0.0    35   226     1   236     1   236 0.99 -
d1h9aa1c.2.1.3       -            196 d1zh8a1c.2.1.3.aln   -            226   3.5e-30  101.0   0.2   1   1   1.4e-31   3.9e-30  100.9   0.2    46   218     1   195     1   196 0.99 -
d1lc0a1c.2.1.3       -            173 d1zh8a1c.2.1.3.aln   -            226   6.7e-30  100.1   0.0   1   1   2.7e-31   7.3e-30   99.9   0.0    45   218     1   171     1   173 0.98 -
d2g82a1c.2.1.3       -            169 d1zh8a1c.2.1.3.aln   -            226   1.1e-29   99.3   0.2   1   1   4.6e-31   1.3e-29   99.2   0.2    52   218     1   168     1   169 0.99 -
d1f06a1c.2.1.3       -            171 d1zh8a1c.2.1.3.aln   -            226   1.6e-29   98.8   0.2   1   1   6.6e-31   1.8e-29   98.7   0.2    48   217     1   169     1   171 0.98 -
d1e5qa1c.2.1.3       -            183 d1zh8a1c.2.1.3.aln   -            226   2.2e-29   98.4   0.4   1   1   8.7e-31   2.4e-29   98.3   0.4    51   221     2   182     1   183 0.98 -
d1cf2o1c.2.1.3       -            172 d1zh8a1c.2.1.3.aln   -            226   1.9e-28   95.4   1.3   1   1   7.5e-30   2.1e-28   95.2   1.3    51   226     1   172     1   172 0.99 -
d1ebfa1c.2.1.3       -            169 d1zh8a1c.2.1.3.aln   -            226   2.1e-27   91.9   0.2   1   1   8.4e-29   2.3e-27   91.8   0.2    48   221     1   168     1   169 0.98 -
d1nvmb1c.2.1.3       -            158 d1zh8a1c.2.1.3.aln   -            226   3.4e-26   88.0   0.2   1   1   1.4e-27   3.7e-26   87.8   0.2    48   218     1   157     1   158 0.98 -
d1q0qa2c.2.1.3       -            152 d1zh8a1c.2.1.3.aln   -            226     4e-26   87.7   0.0   1   1   1.6e-27   4.4e-26   87.6   0.0    50   210     1   151     1   152 0.98 -
d1t4ba1c.2.1.3       -            147 d1zh8a1c.2.1.3.aln   -            226   1.4e-25   86.0   0.0   1   1   5.5e-27   1.5e-25   85.9   0.0    50   200     1   145     1   147 0.97 -
d1vkna1c.2.1.3       -            177 d1zh8a1c.2.1.3.aln   -            226   2.8e-25   85.0   0.0   1   1   1.1e-26   3.1e-25   84.8   0.0    50   220     1   176     1   177 0.98 -
d1yl7a1c.2.1.3       -            136 d1zh8a1c.2.1.3.aln   -            226   1.2e-21   73.1   0.0   1   1   5.8e-23   1.6e-21   72.7   0.0    52   214     1   135     1   136 0.98 -
d1vm6a3c.2.1.3       -            129 d1zh8a1c.2.1.3.aln   -            226   2.3e-18   62.4   0.0   1   1   3.2e-19   8.6e-18   60.5   0.0    51   212     1   127     1   128 0.97 -
d1j5pa4c.2.1.3       -            133 d1zh8a1c.2.1.3.aln   -            226   9.9e-16   53.7   0.0   1   1   4.2e-17   1.2e-15   53.5   0.0    50   202     1   124     1   133 0.90 -
d1zh8a1c.2.1.3       -            182 d1zh8a1c.2.1.3.aln   -            226   8.1e-05   18.0   0.0   1   1   3.5e-06   9.6e-05   17.8   0.0    49   150     2   105     2   164 0.82 -
d2ahra2c.2.1.6       -            152 d1zh8a1c.2.1.3.aln   -            226   0.00013   17.3   0.0   1   1     7e-06   0.00019   16.8   0.0    53   114     2    61     1    63 0.91 -
d1gpja2c.2.1.7       -            159 d1zh8a1c.2.1.3.aln   -            226   0.00038   15.8   0.2   1   1   1.6e-05   0.00043   15.7   0.2    52   127    25   102    23   145 0.93 -
d1t1ra3c.2.1.3       -             26 d1zh8a1c.2.1.3.aln   -            226   0.00095   14.5   0.0   1   1   3.5e-05   0.00095   14.5   0.0   186   211     1    25     1    26 0.93 -
d1jaya_c.2.1.6       -            212 d1zh8a1c.2.1.3.aln   -            226    0.0022   13.4   0.0   1   1   0.00012    0.0034   12.7   0.0    51   122     1    70     1    87 0.65 -
#
# Program:         hmmsearch
# Version:         3.3.2 (Nov 2020)
# Pipeline mode:   SEARCH
# Query file:      /home/elise/Documents/M1-BIM/S2/TMEs/SBAS/tme08/models/scop30/d1zh8a1c.2.1.3.aln.hmm
# Target file:     /home/elise/Documents/M1-BIM/S2/TMEs/SBAS/tme08/scop/scop/scopTestSeq.fasta
# Option settings: hmmsearch --domtblout /home/elise/Documents/M1-BIM/S2/TMEs/SBAS/tme08/searchResults/scop30/d1zh8a1c.2.1.3.aln.out -E 1 /home/elise/Documents/M1-BIM/S2/TMEs/SBAS/tme08/models/scop30/d1zh8a1c.2.1.3.aln.hmm /home/elise/Documents/M1-BIM/S2/TMEs/SBAS/tme08/scop/scop/scopTestSeq.fasta 
# Current dir:     /home/elise/Documents/M1-BIM/S2/TMEs/SBAS/tme08
# Date:            Thu Apr 10 10:02:34 2025
# [ok]
