#                                                                            --- full sequence --- -------------- this domain -------------   hmm coord   ali coord   env coord
# target name        accession   tlen query name           accession   qlen   E-value  score  bias   #  of  c-Evalue  i-Evalue  score  bias  from    to  from    to  from    to  acc description of target
#------------------- ---------- ----- -------------------- ---------- ----- --------- ------ ----- --- --- --------- --------- ------ ----- ----- ----- ----- ----- ----- ----- ---- ---------------------
d1p5zb_c.37.1.1      -            241 d1zina1c.37.1.1.aln  -            201   2.9e-54  179.2   0.0   1   1     7e-56   3.2e-54  179.0   0.0     2   200    25   228    24   229 0.99 -
d1vhta_c.37.1.1      -            208 d1zina1c.37.1.1.aln  -            201   4.9e-50  165.3   0.1   1   1   1.2e-51   5.4e-50  165.2   0.1     4   200     2   200     1   201 0.99 -
d1deka_c.37.1.1      -            241 d1zina1c.37.1.1.aln  -            201   8.2e-49  161.4   0.0   1   1   2.1e-50   9.7e-49  161.1   0.0     2   200    21   224    20   225 0.99 -
d1qf9a_c.37.1.1      -            194 d1zina1c.37.1.1.aln  -            201   2.6e-48  159.7   0.0   1   1   6.2e-50   2.9e-48  159.6   0.0     1   195     2   193     2   194 0.99 -
d1kjwa2c.37.1.1      -            199 d1zina1c.37.1.1.aln  -            201   2.4e-46  153.3   0.2   1   1   5.8e-48   2.7e-46  153.1   0.2     1   200     5   192     5   193 0.99 -
d1lw7a2c.37.1.1      -            192 d1zina1c.37.1.1.aln  -            201   4.1e-46  152.5   0.0   1   1   9.6e-48   4.5e-46  152.4   0.0     2   200     2   191     1   192 0.97 -
d1khta_c.37.1.1      -            190 d1zina1c.37.1.1.aln  -            201   4.3e-45  149.2   0.0   1   1     1e-46   4.8e-45  149.1   0.0     5   200     1   188     1   189 0.99 -
d1gsia_c.37.1.1      -            208 d1zina1c.37.1.1.aln  -            201   7.6e-45  148.4   0.0   1   1   1.8e-46   8.4e-45  148.3   0.0     3   199    10   207     8   208 0.98 -
d1e2ka_c.37.1.1      -            329 d1zina1c.37.1.1.aln  -            201   1.8e-44  147.1   0.0   1   1   5.6e-46   2.6e-44  146.7   0.0     2   200    87   289    86   290 0.99 -
d1t0hb_c.37.1.1      -            219 d1zina1c.37.1.1.aln  -            201   9.1e-44  144.9   0.0   1   1   2.2e-45     1e-43  144.7   0.0     1   200    16   206    16   207 0.99 -
d1kgda_c.37.1.1      -            178 d1zina1c.37.1.1.aln  -            201   1.1e-43  144.6   0.1   1   1   2.7e-45   1.3e-43  144.4   0.1     3   195     1   178     1   178 0.99 -
d2grja_c.37.1.1      -            179 d1zina1c.37.1.1.aln  -            201     2e-41  137.2   0.3   1   1   4.8e-43   2.2e-41  137.1   0.3     3   195     1   179     1   179 1.00 -
d1y63a_c.37.1.1      -            174 d1zina1c.37.1.1.aln  -            201   3.6e-40  133.1   1.6   1   1   8.6e-42     4e-40  133.0   1.6     1   198     1   174     1   174 0.99 -
d1yj5a2c.37.1.1      -            172 d1zina1c.37.1.1.aln  -            201   1.5e-37  124.6   0.0   1   1   3.5e-39   1.6e-37  124.5   0.0    10   199     1   171     1   172 0.98 -
d3kb2a_c.37.1.1      -            171 d1zina1c.37.1.1.aln  -            201   6.9e-36  119.2   0.0   1   1   1.6e-37   7.6e-36  119.0   0.0     8   199     2   171     1   171 0.99 -
d1ly1a_c.37.1.1      -            152 d1zina1c.37.1.1.aln  -            201   2.8e-27   91.1   0.0   1   1   6.8e-29   3.2e-27   90.9   0.0     4   197     1   150     1   152 0.98 -
d2qora_c.37.1.0      -            196 d1zina1c.37.1.1.aln  -            201    0.0035   12.4   0.0   1   2   0.00022      0.01   10.9   0.0     7    89     6    84     5    97 0.87 -
d2qora_c.37.1.0      -            196 d1zina1c.37.1.1.aln  -            201    0.0035   12.4   0.0   2   2       1.2        53   -1.2   0.0   181   198   173   190   129   193 0.62 -
#
# Program:         hmmsearch
# Version:         3.3.2 (Nov 2020)
# Pipeline mode:   SEARCH
# Query file:      /home/elise/Documents/M1-BIM/S2/TMEs/SBAS/tme08/models/scop30/d1zina1c.37.1.1.aln.hmm
# Target file:     /home/elise/Documents/M1-BIM/S2/TMEs/SBAS/tme08/scop/scop/scopTestSeq.fasta
# Option settings: hmmsearch --domtblout /home/elise/Documents/M1-BIM/S2/TMEs/SBAS/tme08/searchResults/scop30/d1zina1c.37.1.1.aln.out -E 1 /home/elise/Documents/M1-BIM/S2/TMEs/SBAS/tme08/models/scop30/d1zina1c.37.1.1.aln.hmm /home/elise/Documents/M1-BIM/S2/TMEs/SBAS/tme08/scop/scop/scopTestSeq.fasta 
# Current dir:     /home/elise/Documents/M1-BIM/S2/TMEs/SBAS/tme08
# Date:            Thu Apr 10 10:02:34 2025
# [ok]
