#                                                                            --- full sequence --- -------------- this domain -------------   hmm coord   ali coord   env coord
# target name        accession   tlen query name           accession   qlen   E-value  score  bias   #  of  c-Evalue  i-Evalue  score  bias  from    to  from    to  from    to  acc description of target
#------------------- ---------- ----- -------------------- ---------- ----- --------- ------ ----- --- --- --------- --------- ------ ----- ----- ----- ----- ----- ----- ----- ---- ---------------------
d2i4aa_c.47.1.1      -            107 d1zmaa1c.47.1.1.aln  -            111   6.2e-38  124.6   0.0   1   1   9.4e-40   6.8e-38  124.5   0.0     4   110     2   107     1   107 0.99 -
d1r26a_c.47.1.1      -            113 d1zmaa1c.47.1.1.aln  -            111   7.3e-38  124.4   0.0   1   1   1.1e-39     8e-38  124.3   0.0     2   111     6   113     5   113 0.99 -
d1sena_c.47.1.1      -            135 d1zmaa1c.47.1.1.aln  -            111   2.5e-35  116.2   0.0   1   1     4e-37   2.9e-35  116.1   0.0     2   111     5   121     4   121 0.98 -
d2fwha_c.47.1.1      -            117 d1zmaa1c.47.1.1.aln  -            111   1.1e-33  110.9   0.1   1   1   1.8e-35   1.3e-33  110.8   0.1     1   111     1   116     1   116 0.98 -
d1z6na1c.47.1.1      -            166 d1zmaa1c.47.1.1.aln  -            111   2.9e-32  106.4   0.0   1   1   4.9e-34   3.5e-32  106.1   0.0     1   110    33   143    33   144 0.98 -
d1wjka_c.47.1.1      -            100 d1zmaa1c.47.1.1.aln  -            111   3.6e-31  102.9   0.0   1   1   5.4e-33   3.9e-31  102.8   0.0     8   105     1    99     1   100 0.97 -
d1abaa_c.47.1.1      -             87 d1zmaa1c.47.1.1.aln  -            111   3.2e-26   86.9   0.0   1   1   4.9e-28   3.5e-26   86.8   0.0    21   110     1    87     1    87 0.98 -
d1ttza_c.47.1.1      -             75 d1zmaa1c.47.1.1.aln  -            111   7.9e-19   63.1   0.0   1   1   1.2e-20   8.5e-19   63.0   0.0    26   105     2    74     1    75 0.98 -
d1iloa_c.47.1.1      -             77 d1zmaa1c.47.1.1.aln  -            111   6.6e-18   60.2   0.1   1   1     1e-19   7.3e-18   60.0   0.1    24    94     1    70     1    76 0.96 -
d3gnja_c.47.1.0      -            111 d1zmaa1c.47.1.1.aln  -            111   2.6e-05   19.6   0.1   1   1   5.3e-07   3.8e-05   19.1   0.1    13    54    13    53     5    93 0.81 -
d3qmxa_c.47.1.0      -             99 d1zmaa1c.47.1.1.aln  -            111    0.0053   12.2   0.0   1   1   9.7e-05    0.0069   11.8   0.0    29    92    21    82    18    91 0.79 -
#
# Program:         hmmsearch
# Version:         3.3.2 (Nov 2020)
# Pipeline mode:   SEARCH
# Query file:      /home/elise/Documents/M1-BIM/S2/TMEs/SBAS/tme08/models/scop30/d1zmaa1c.47.1.1.aln.hmm
# Target file:     /home/elise/Documents/M1-BIM/S2/TMEs/SBAS/tme08/scop/scop/scopTestSeq.fasta
# Option settings: hmmsearch --domtblout /home/elise/Documents/M1-BIM/S2/TMEs/SBAS/tme08/searchResults/scop30/d1zmaa1c.47.1.1.aln.out -E 1 /home/elise/Documents/M1-BIM/S2/TMEs/SBAS/tme08/models/scop30/d1zmaa1c.47.1.1.aln.hmm /home/elise/Documents/M1-BIM/S2/TMEs/SBAS/tme08/scop/scop/scopTestSeq.fasta 
# Current dir:     /home/elise/Documents/M1-BIM/S2/TMEs/SBAS/tme08
# Date:            Thu Apr 10 10:02:34 2025
# [ok]
