#                                                                            --- full sequence --- -------------- this domain -------------   hmm coord   ali coord   env coord
# target name        accession   tlen query name           accession   qlen   E-value  score  bias   #  of  c-Evalue  i-Evalue  score  bias  from    to  from    to  from    to  acc description of target
#------------------- ---------- ----- -------------------- ---------- ----- --------- ------ ----- --- --- --------- --------- ------ ----- ----- ----- ----- ----- ----- ----- ---- ---------------------
d1ohwa_c.67.1.4      -            461 d1zoda_c.67.1.4.aln  -            401  4.5e-142  468.8   0.0   1   1  5.8e-144  5.1e-142  468.6   0.0     1   400    14   448    14   449 1.00 -
d3piua_c.67.1.4      -            416 d1zoda_c.67.1.4.aln  -            401  8.8e-138  454.7   0.0   1   1  1.1e-139  9.9e-138  454.5   0.0     1   401     5   413     5   413 1.00 -
d2bwna1c.67.1.4      -            396 d1zoda_c.67.1.4.aln  -            401  1.8e-125  414.2   0.0   1   1  2.3e-127    2e-125  414.0   0.0     1   379     7   396     7   396 1.00 -
d2dkja_c.67.1.4      -            402 d1zoda_c.67.1.4.aln  -            401  3.7e-124  409.8   0.0   1   1  4.8e-126  4.2e-124  409.6   0.0     2   394    10   402     9   402 1.00 -
d2fnua_c.67.1.4      -            373 d1zoda_c.67.1.4.aln  -            401  6.6e-123  405.7   2.3   1   1  8.4e-125  7.3e-123  405.5   2.3     1   401     1   373     1   373 1.00 -
d1o69a_c.67.1.4      -            374 d1zoda_c.67.1.4.aln  -            401    2e-120  397.5   0.5   1   1  2.7e-122  2.3e-120  397.3   0.5     1   401     1   374     1   374 1.00 -
d1bs0a_c.67.1.4      -            383 d1zoda_c.67.1.4.aln  -            401  8.6e-119  392.1   0.0   1   1  1.1e-120  9.6e-119  392.0   0.0     2   379     1   383     1   383 0.99 -
d1vefa1c.67.1.4      -            387 d1zoda_c.67.1.4.aln  -            401  3.2e-117  387.0   0.0   1   1  4.1e-119  3.6e-117  386.8   0.0     4   401     1   377     1   377 0.99 -
d1w23a_c.67.1.4      -            360 d1zoda_c.67.1.4.aln  -            401    7e-115  379.3   0.6   1   1  8.9e-117  7.8e-115  379.1   0.6     7   379     1   359     1   360 1.00 -
#
# Program:         hmmsearch
# Version:         3.3.2 (Nov 2020)
# Pipeline mode:   SEARCH
# Query file:      /home/elise/Documents/M1-BIM/S2/TMEs/SBAS/tme08/models/scop30/d1zoda_c.67.1.4.aln.hmm
# Target file:     /home/elise/Documents/M1-BIM/S2/TMEs/SBAS/tme08/scop/scop/scopTestSeq.fasta
# Option settings: hmmsearch --domtblout /home/elise/Documents/M1-BIM/S2/TMEs/SBAS/tme08/searchResults/scop30/d1zoda_c.67.1.4.aln.out -E 1 /home/elise/Documents/M1-BIM/S2/TMEs/SBAS/tme08/models/scop30/d1zoda_c.67.1.4.aln.hmm /home/elise/Documents/M1-BIM/S2/TMEs/SBAS/tme08/scop/scop/scopTestSeq.fasta 
# Current dir:     /home/elise/Documents/M1-BIM/S2/TMEs/SBAS/tme08
# Date:            Thu Apr 10 10:02:34 2025
# [ok]
