#                                                                            --- full sequence --- -------------- this domain -------------   hmm coord   ali coord   env coord
# target name        accession   tlen query name           accession   qlen   E-value  score  bias   #  of  c-Evalue  i-Evalue  score  bias  from    to  from    to  from    to  acc description of target
#------------------- ---------- ----- -------------------- ---------- ----- --------- ------ ----- --- --- --------- --------- ------ ----- ----- ----- ----- ----- ----- ----- ---- ---------------------
d1z6om1a.25.1.1      -            191 d1zs3a1a.25.1.1.aln  -            173   4.8e-57  187.9   0.0   1   1   7.4e-59   5.3e-57  187.7   0.0     2   172     8   187     7   188 0.99 -
d3bvfa_a.25.1.1      -            172 d1zs3a1a.25.1.1.aln  -            173   5.8e-57  187.6   5.8   1   1     9e-59   6.4e-57  187.5   5.8     1   173     1   169     1   169 0.99 -
d1nf4a_a.25.1.1      -            169 d1zs3a1a.25.1.1.aln  -            173   1.6e-56  186.2   4.0   1   1   2.5e-58   1.8e-56  186.0   4.0     5   172     2   164     1   165 0.99 -
d1lb3a_a.25.1.1      -            179 d1zs3a1a.25.1.1.aln  -            173   1.3e-51  170.2   0.1   1   1     2e-53   1.4e-51  170.1   0.1     2   173     1   179     1   179 0.99 -
d2y3qa_a.25.1.1      -            158 d1zs3a1a.25.1.1.aln  -            173   5.1e-51  168.3   2.8   1   1   7.8e-53   5.6e-51  168.1   2.8     7   167     2   157     1   158 0.98 -
d1z6oa1a.25.1.1      -            200 d1zs3a1a.25.1.1.aln  -            173   1.4e-49  163.6  10.5   1   1   2.1e-51   1.5e-49  163.5  10.5     1   173    11   198    11   198 0.99 -
d1tjoa_a.25.1.1      -            180 d1zs3a1a.25.1.1.aln  -            173   3.3e-46  152.6   8.1   1   1   5.2e-48   3.7e-46  152.4   8.1     2   165    19   179    18   180 0.98 -
d2fzfa1a.25.1.1      -            158 d1zs3a1a.25.1.1.aln  -            173     1e-44  147.8   9.2   1   1   1.5e-46   1.1e-44  147.6   9.2     2   168     2   158     1   158 0.99 -
d2cf7a_a.25.1.1      -            159 d1zs3a1a.25.1.1.aln  -            173   4.3e-44  145.7   0.0   1   1   6.6e-46   4.7e-44  145.6   0.0     2   163     2   158     1   159 0.98 -
d1vjxa_a.25.1.1      -            149 d1zs3a1a.25.1.1.aln  -            173   6.8e-39  128.8   7.3   1   1     1e-40   7.5e-39  128.7   7.3     6   172     1   148     1   149 0.99 -
d1yuza1a.25.1.1      -            135 d1zs3a1a.25.1.1.aln  -            173     1e-35  118.5   1.3   1   1   1.5e-37   1.1e-35  118.4   1.3     6   143     1   134     1   135 0.96 -
#
# Program:         hmmsearch
# Version:         3.3.2 (Nov 2020)
# Pipeline mode:   SEARCH
# Query file:      /home/elise/Documents/M1-BIM/S2/TMEs/SBAS/tme08/models/scop30/d1zs3a1a.25.1.1.aln.hmm
# Target file:     /home/elise/Documents/M1-BIM/S2/TMEs/SBAS/tme08/scop/scop/scopTestSeq.fasta
# Option settings: hmmsearch --domtblout /home/elise/Documents/M1-BIM/S2/TMEs/SBAS/tme08/searchResults/scop30/d1zs3a1a.25.1.1.aln.out -E 1 /home/elise/Documents/M1-BIM/S2/TMEs/SBAS/tme08/models/scop30/d1zs3a1a.25.1.1.aln.hmm /home/elise/Documents/M1-BIM/S2/TMEs/SBAS/tme08/scop/scop/scopTestSeq.fasta 
# Current dir:     /home/elise/Documents/M1-BIM/S2/TMEs/SBAS/tme08
# Date:            Thu Apr 10 10:02:34 2025
# [ok]
