#                                                                            --- full sequence --- -------------- this domain -------------   hmm coord   ali coord   env coord
# target name        accession   tlen query name           accession   qlen   E-value  score  bias   #  of  c-Evalue  i-Evalue  score  bias  from    to  from    to  from    to  acc description of target
#------------------- ---------- ----- -------------------- ---------- ----- --------- ------ ----- --- --- --------- --------- ------ ----- ----- ----- ----- ----- ----- ----- ---- ---------------------
d1o7fa2b.82.3.2      -            155 d1zyba2b.82.3.2.aln  -            136   7.8e-46  150.6   0.0   1   1   1.3e-47   8.7e-46  150.4   0.0     2   135    20   154    19   155 0.97 -
d3bpza_b.82.3.2      -            194 d1zyba2b.82.3.2.aln  -            136   2.6e-45  148.8   0.0   1   1   5.2e-47   3.4e-45  148.5   0.0     2   135    64   192    63   193 0.98 -
d1cx4a2b.82.3.2      -            147 d1zyba2b.82.3.2.aln  -            136     2e-44  146.0   0.1   1   1   3.3e-46   2.2e-44  145.9   0.1     6   135     2   137     1   138 0.98 -
d1cx4a1b.82.3.2      -            136 d1zyba2b.82.3.2.aln  -            136   2.6e-44  145.6   0.0   1   1   4.4e-46   2.9e-44  145.5   0.0     2   127    12   136    11   136 0.98 -
d1vp6a_b.82.3.2      -            133 d1zyba2b.82.3.2.aln  -            136   6.1e-42  138.0   0.0   1   1     1e-43   6.7e-42  137.8   0.0     2   134     7   132     6   133 0.98 -
d2gaua2b.82.3.2      -            142 d1zyba2b.82.3.2.aln  -            136   2.8e-40  132.6   0.0   1   1   4.8e-42   3.1e-40  132.4   0.0     8   136     2   131     1   131 0.98 -
d1wgpa_b.82.3.2      -            137 d1zyba2b.82.3.2.aln  -            136   2.8e-40  132.6   0.0   1   1   4.6e-42   3.1e-40  132.5   0.0     3   132     3   135     1   137 0.97 -
d3e5ua2b.82.3.2      -            139 d1zyba2b.82.3.2.aln  -            136   3.6e-40  132.2   0.0   1   1     6e-42     4e-40  132.1   0.0     6   136     1   139     1   139 0.99 -
d1o7fa3b.82.3.2      -            124 d1zyba2b.82.3.2.aln  -            136   5.4e-40  131.7   0.0   1   1   8.9e-42   5.9e-40  131.5   0.0     2   121     6   123     5   124 0.98 -
d1o5la1b.82.3.2      -            129 d1zyba2b.82.3.2.aln  -            136   2.8e-37  122.9   0.0   1   1   4.7e-39   3.1e-37  122.7   0.0    21   135     2   117     1   118 0.98 -
d2zcwa2b.82.3.2      -            112 d1zyba2b.82.3.2.aln  -            136     2e-26   87.7   0.0   1   1   3.3e-28   2.2e-26   87.6   0.0    25   135     3   110     1   111 0.93 -
d1zyba2b.82.3.2      -            147 d1zyba2b.82.3.2.aln  -            136   1.2e-09   33.4   0.0   1   1   1.8e-11   1.2e-09   33.4   0.0     4    75     4    77     1   136 0.74 -
#
# Program:         hmmsearch
# Version:         3.3.2 (Nov 2020)
# Pipeline mode:   SEARCH
# Query file:      /home/elise/Documents/M1-BIM/S2/TMEs/SBAS/tme08/models/scop30/d1zyba2b.82.3.2.aln.hmm
# Target file:     /home/elise/Documents/M1-BIM/S2/TMEs/SBAS/tme08/scop/scop/scopTestSeq.fasta
# Option settings: hmmsearch --domtblout /home/elise/Documents/M1-BIM/S2/TMEs/SBAS/tme08/searchResults/scop30/d1zyba2b.82.3.2.aln.out -E 1 /home/elise/Documents/M1-BIM/S2/TMEs/SBAS/tme08/models/scop30/d1zyba2b.82.3.2.aln.hmm /home/elise/Documents/M1-BIM/S2/TMEs/SBAS/tme08/scop/scop/scopTestSeq.fasta 
# Current dir:     /home/elise/Documents/M1-BIM/S2/TMEs/SBAS/tme08
# Date:            Thu Apr 10 10:02:34 2025
# [ok]
