#                                                                            --- full sequence --- -------------- this domain -------------   hmm coord   ali coord   env coord
# target name        accession   tlen query name           accession   qlen   E-value  score  bias   #  of  c-Evalue  i-Evalue  score  bias  from    to  from    to  from    to  acc description of target
#------------------- ---------- ----- -------------------- ---------- ----- --------- ------ ----- --- --- --------- --------- ------ ----- ----- ----- ----- ----- ----- ----- ---- ---------------------
d2fbia1a.4.5.28      -            136 d2a61a1a.4.5.28.aln  -            140   3.9e-45  148.6   0.4   1   1   1.1e-46   4.2e-45  148.5   0.4     5   138     2   134     1   136 0.98 -
d2fxaa1a.4.5.28      -            162 d2a61a1a.4.5.28.aln  -            140   2.7e-43  142.6   0.0   1   1   7.7e-45     3e-43  142.5   0.0     3   139    11   146     9   147 0.98 -
d2etha1a.4.5.28      -            140 d2a61a1a.4.5.28.aln  -            140   6.3e-43  141.4   0.0   1   1   1.8e-44   6.9e-43  141.3   0.0     3   139     2   137     1   138 0.98 -
d1s3ja_a.4.5.28      -            143 d2a61a1a.4.5.28.aln  -            140   6.6e-41  134.9   4.0   1   1   1.8e-42   7.2e-41  134.8   4.0     3   139     5   140     3   141 0.98 -
d1jgsa_a.4.5.28      -            138 d2a61a1a.4.5.28.aln  -            140   1.7e-40  133.6   0.0   1   1   4.7e-42   1.8e-40  133.5   0.0     2   136     3   136     2   138 0.98 -
d3broa1a.4.5.28      -            135 d2a61a1a.4.5.28.aln  -            140   2.7e-40  133.0   6.4   1   1   7.4e-42   2.9e-40  132.8   6.4     6   137     2   134     1   135 0.99 -
d3echa_a.4.5.28      -            142 d2a61a1a.4.5.28.aln  -            140   3.7e-40  132.5   0.1   1   1     1e-41     4e-40  132.4   0.1     3   138     5   141     3   142 0.98 -
d1lj9a_a.4.5.28      -            144 d2a61a1a.4.5.28.aln  -            140   3.9e-40  132.4   1.3   1   1   1.1e-41   4.4e-40  132.2   1.3     6   139     2   134     1   135 0.99 -
d2fbha1a.4.5.28      -            137 d2a61a1a.4.5.28.aln  -            140   7.9e-40  131.4   0.1   1   1   2.2e-41   8.7e-40  131.3   0.1     7   140     2   135     1   135 0.98 -
d2hr3a1a.4.5.28      -            145 d2a61a1a.4.5.28.aln  -            140   1.8e-37  123.8   0.0   1   1     5e-39     2e-37  123.6   0.0     2   139     3   140     2   141 0.98 -
d1p4xa2a.4.5.28      -            125 d2a61a1a.4.5.28.aln  -            140   1.1e-36  121.2   4.8   1   1     3e-38   1.2e-36  121.1   4.8     2   130     2   124     1   125 0.98 -
d2fbka1a.4.5.28      -            172 d2a61a1a.4.5.28.aln  -            140   1.5e-36  120.8   0.0   1   1   4.3e-38   1.7e-36  120.6   0.0     5   139    34   170    30   171 0.97 -
d1p4xa1a.4.5.28      -            125 d2a61a1a.4.5.28.aln  -            140   4.5e-35  116.0   3.1   1   1   1.2e-36   4.9e-35  115.9   3.1     2   130     3   125     2   125 0.98 -
d1hsja1a.4.5.28      -            115 d2a61a1a.4.5.28.aln  -            140     1e-32  108.3   4.9   1   1   2.9e-34   1.1e-32  108.2   4.9     2   121     1   114     1   115 0.98 -
d1ub9a_a.4.5.28      -            100 d2a61a1a.4.5.28.aln  -            140   1.7e-24   81.7   0.0   1   1   4.6e-26   1.8e-24   81.6   0.0    18   124     1    99     1   100 0.98 -
d3bjaa_a.4.5.0       -            139 d2a61a1a.4.5.28.aln  -            140   3.7e-23   77.4   0.2   1   1   1.1e-24   4.2e-23   77.2   0.2    11   137    11   136     2   139 0.89 -
d3jw4a_a.4.5.0       -            137 d2a61a1a.4.5.28.aln  -            140   8.6e-23   76.2   0.1   1   1   2.4e-24   9.6e-23   76.0   0.1    10   134     7   132     2   137 0.96 -
d2a61a1a.4.5.28      -            139 d2a61a1a.4.5.28.aln  -            140   7.5e-21   69.9   0.0   1   1   2.1e-22   8.4e-21   69.8   0.0    22   136    19   132     3   136 0.93 -
d3ctaa1a.4.5.28      -             85 d2a61a1a.4.5.28.aln  -            140   4.6e-16   54.4   0.3   1   1   1.4e-17   5.4e-16   54.2   0.3    20   118     2    81     1    84 0.85 -
d3k69a_a.4.5.0       -            155 d2a61a1a.4.5.28.aln  -            140   0.00032   16.0   0.1   1   2   2.8e-05    0.0011   14.3   0.0    37    79    11    53     2    57 0.88 -
d3k69a_a.4.5.0       -            155 d2a61a1a.4.5.28.aln  -            140   0.00032   16.0   0.1   2   2       1.5        60   -1.0   0.0     6    32   109   135   104   144 0.72 -
#
# Program:         hmmsearch
# Version:         3.3.2 (Nov 2020)
# Pipeline mode:   SEARCH
# Query file:      /home/elise/Documents/M1-BIM/S2/TMEs/SBAS/tme08/models/scop30/d2a61a1a.4.5.28.aln.hmm
# Target file:     /home/elise/Documents/M1-BIM/S2/TMEs/SBAS/tme08/scop/scop/scopTestSeq.fasta
# Option settings: hmmsearch --domtblout /home/elise/Documents/M1-BIM/S2/TMEs/SBAS/tme08/searchResults/scop30/d2a61a1a.4.5.28.aln.out -E 1 /home/elise/Documents/M1-BIM/S2/TMEs/SBAS/tme08/models/scop30/d2a61a1a.4.5.28.aln.hmm /home/elise/Documents/M1-BIM/S2/TMEs/SBAS/tme08/scop/scop/scopTestSeq.fasta 
# Current dir:     /home/elise/Documents/M1-BIM/S2/TMEs/SBAS/tme08
# Date:            Thu Apr 10 10:02:34 2025
# [ok]
