#                                                                            --- full sequence --- -------------- this domain -------------   hmm coord   ali coord   env coord
# target name        accession   tlen query name           accession   qlen   E-value  score  bias   #  of  c-Evalue  i-Evalue  score  bias  from    to  from    to  from    to  acc description of target
#------------------- ---------- ----- -------------------- ---------- ----- --------- ------ ----- --- --- --------- --------- ------ ----- ----- ----- ----- ----- ----- ----- ---- ---------------------
d1tiqa_d.108.1.1     -            173 d2ae6a1d.108.1.1.aln -            178   1.9e-38  127.9   0.1   1   1   1.2e-39   2.1e-38  127.8   0.1     6   174     2   171     1   173 0.98 -
d1z4ea1d.108.1.1     -            150 d2ae6a1d.108.1.1.aln -            178   3.8e-33  110.7   0.1   1   1   2.6e-34   4.6e-33  110.4   0.1     8   155     1   145     1   149 0.98 -
d1i12a_d.108.1.1     -            157 d2ae6a1d.108.1.1.aln -            178     8e-32  106.4   0.0   1   1   4.8e-33   8.6e-32  106.2   0.0     9   158     2   155     1   157 0.97 -
d1wwza1d.108.1.1     -            157 d2ae6a1d.108.1.1.aln -            178   8.8e-32  106.2   0.8   1   1   5.3e-33   9.6e-32  106.1   0.8     8   163     1   155     1   157 0.97 -
d1qsma_d.108.1.1     -            150 d2ae6a1d.108.1.1.aln -            178   3.7e-31  104.2   0.0   1   1   2.2e-32     4e-31  104.1   0.0    16   158     4   147     1   150 0.95 -
d2b5ga_d.108.1.1     -            168 d2ae6a1d.108.1.1.aln -            178   5.8e-31  103.6   0.3   1   1   3.8e-32   6.9e-31  103.3   0.3     7   170     2   165     1   167 0.98 -
d1u6ma_d.108.1.1     -            189 d2ae6a1d.108.1.1.aln -            178   1.9e-30  101.9   0.1   1   1   1.2e-31   2.2e-30  101.7   0.1     2   169     3   188     2   189 0.98 -
d1ufha_d.108.1.1     -            155 d2ae6a1d.108.1.1.aln -            178   2.5e-30  101.5   0.3   1   1   1.5e-31   2.7e-30  101.4   0.3    10   157     2   152     1   155 0.97 -
d2euia1d.108.1.1     -            153 d2ae6a1d.108.1.1.aln -            178   5.5e-30  100.4   0.1   1   1   3.6e-31   6.5e-30  100.1   0.1    15   161     2   147     1   151 0.90 -
d2fiaa1d.108.1.1     -            157 d2ae6a1d.108.1.1.aln -            178   5.9e-30  100.3   0.8   1   1   3.6e-31   6.5e-30  100.1   0.8    11   173     1   156     1   157 0.98 -
d2cy2a1d.108.1.1     -            174 d2ae6a1d.108.1.1.aln -            178   1.1e-29   99.4   1.9   1   1   6.4e-31   1.2e-29   99.3   1.9    12   178     3   174     1   174 0.97 -
d1mk4a_d.108.1.1     -            157 d2ae6a1d.108.1.1.aln -            178   2.4e-29   98.3   0.0   1   1   1.5e-30   2.7e-29   98.1   0.0    12   178     2   154     1   154 0.98 -
d1vkca_d.108.1.1     -            149 d2ae6a1d.108.1.1.aln -            178   4.5e-29   97.4   2.1   1   1   2.7e-30   4.9e-29   97.3   2.1    10   158     3   147     1   149 0.91 -
d1z4ra1d.108.1.1     -            162 d2ae6a1d.108.1.1.aln -            178   1.1e-28   96.1   0.1   1   1   7.2e-30   1.3e-28   95.9   0.1    10   176     2   158     1   159 0.96 -
d1y9wa1d.108.1.1     -            140 d2ae6a1d.108.1.1.aln -            178   4.7e-28   94.1   1.4   1   1   2.8e-29   5.1e-28   94.0   1.4    16   170     2   139     1   140 0.97 -
d2gana1d.108.1.1     -            182 d2ae6a1d.108.1.1.aln -            178   1.3e-27   92.6   0.3   1   1   8.2e-29   1.5e-27   92.5   0.3     2   168     2   181     1   182 0.96 -
d1nsla_d.108.1.1     -            180 d2ae6a1d.108.1.1.aln -            178     2e-27   92.0   0.1   1   1   1.2e-28   2.2e-27   91.9   0.1     5   178     2   180     1   180 0.98 -
d1ghea_d.108.1.1     -            170 d2ae6a1d.108.1.1.aln -            178   6.1e-27   90.5   0.0   1   1   3.7e-28   6.6e-27   90.3   0.0    11   175     2   169     1   170 0.97 -
d1cjwa_d.108.1.1     -            166 d2ae6a1d.108.1.1.aln -            178   2.4e-26   88.5   0.0   1   1   1.5e-27   2.6e-26   88.4   0.0    12   169     6   164     1   166 0.97 -
d1yx0a1d.108.1.1     -            151 d2ae6a1d.108.1.1.aln -            178   3.3e-26   88.0   0.0   1   1     2e-27   3.6e-26   87.9   0.0    17   170     3   150     1   151 0.97 -
d2fiwa1d.108.1.1     -            156 d2ae6a1d.108.1.1.aln -            178   8.2e-26   86.8   0.0   1   1     5e-27     9e-26   86.6   0.0    11   173     1   156     1   156 0.96 -
d1n71a_d.108.1.1     -            180 d2ae6a1d.108.1.1.aln -            178   3.7e-25   84.6   0.0   1   1   2.3e-26   4.1e-25   84.5   0.0     6   178     1   180     1   180 0.98 -
d2fl4a1d.108.1.1     -            146 d2ae6a1d.108.1.1.aln -            178   5.3e-25   84.1   0.3   1   1   3.2e-26   5.8e-25   84.0   0.3    11   166     1   144     1   146 0.92 -
d2p0wa_d.108.1.1     -            319 d2ae6a1d.108.1.1.aln -            178   8.8e-25   83.4   0.1   1   2   4.6e-25   8.2e-24   80.3   0.0     1   178     8   222     8   222 0.99 -
d2p0wa_d.108.1.1     -            319 d2ae6a1d.108.1.1.aln -            178   8.8e-25   83.4   0.1   2   2      0.42       7.6    2.2   0.1    99   117   220   238   219   248 0.82 -
d2fcka1d.108.1.1     -            178 d2ae6a1d.108.1.1.aln -            178   2.8e-24   81.8   0.0   1   1   1.7e-25   3.1e-24   81.6   0.0     7   175     1   178     1   178 0.98 -
d1bo4a_d.108.1.1     -            137 d2ae6a1d.108.1.1.aln -            178   4.2e-24   81.2   0.0   1   1   2.6e-25   4.7e-24   81.1   0.0    10   148     2   137     1   137 0.98 -
d2jdca1d.108.1.1     -            145 d2ae6a1d.108.1.1.aln -            178   5.2e-24   80.9   0.1   1   1   3.2e-25   5.7e-24   80.8   0.1    17   171     4   144     1   145 0.93 -
d2g3aa1d.108.1.1     -            137 d2ae6a1d.108.1.1.aln -            178   5.5e-24   80.8   0.0   1   1   3.5e-25   6.3e-24   80.6   0.0    32   171    11   137     2   137 0.94 -
d1y9ka1d.108.1.1     -            152 d2ae6a1d.108.1.1.aln -            178   2.3e-23   78.8   0.0   1   1   1.6e-24   2.9e-23   78.5   0.0    49   169    26   146     2   151 0.89 -
d1q2ya_d.108.1.1     -            140 d2ae6a1d.108.1.1.aln -            178     3e-23   78.4   0.2   1   1   1.8e-24   3.2e-23   78.3   0.2    12   169     3   139     1   140 0.97 -
d2atra1d.108.1.1     -            137 d2ae6a1d.108.1.1.aln -            178   3.2e-23   78.4   0.1   1   1   1.9e-24   3.4e-23   78.3   0.1    21   165     5   136     1   137 0.96 -
d2pq8a_d.108.1.1     -            271 d2ae6a1d.108.1.1.aln -            178   6.6e-23   77.3   0.0   1   1   4.8e-24   8.6e-23   76.9   0.0     2   178    27   238    26   238 0.99 -
d1yk3a1d.108.1.1     -            198 d2ae6a1d.108.1.1.aln -            178   1.4e-22   76.3   0.0   1   1   8.9e-24   1.6e-22   76.1   0.0     2   170     9   197     8   198 0.98 -
d1p0ha_d.108.1.1     -            308 d2ae6a1d.108.1.1.aln -            178   2.3e-22   75.6   0.0   1   3   2.6e-17   4.7e-16   55.0   0.0     4   178     2   196     1   196 0.97 -
d1p0ha_d.108.1.1     -            308 d2ae6a1d.108.1.1.aln -            178   2.3e-22   75.6   0.0   2   3     0.004     0.071    8.8   0.1    78   110   216   248   204   251 0.80 -
d1p0ha_d.108.1.1     -            308 d2ae6a1d.108.1.1.aln -            178   2.3e-22   75.6   0.0   3   3    0.0056       0.1    8.3   0.0   130   154   278   302   274   306 0.73 -
d1y7ra1d.108.1.1     -            133 d2ae6a1d.108.1.1.aln -            178   4.3e-21   71.4   0.0   1   1   2.6e-22   4.7e-21   71.3   0.0    17   162     1   132     1   133 0.97 -
d1xeba_d.108.1.1     -            149 d2ae6a1d.108.1.1.aln -            178   1.1e-20   70.1   0.7   1   1   6.4e-22   1.1e-20   70.0   0.7    12   165     2   145     1   149 0.95 -
d2aj6a1d.108.1.1     -            118 d2ae6a1d.108.1.1.aln -            178   1.3e-19   66.5   0.0   1   1   7.9e-21   1.4e-19   66.5   0.0    11   130     2   116     1   118 0.95 -
d1r57a_d.108.1.1     -            102 d2ae6a1d.108.1.1.aln -            178   1.5e-18   63.1   0.1   1   1   8.9e-20   1.6e-18   63.0   0.1    52   161     1   100     1   102 0.95 -
d2fsra1d.108.1.1     -            164 d2ae6a1d.108.1.1.aln -            178   9.3e-18   60.5   0.0   1   1   5.7e-19     1e-17   60.4   0.0     8   168     2   163     1   164 0.96 -
d1m4ia_d.108.1.1     -            181 d2ae6a1d.108.1.1.aln -            178   1.1e-16   57.1   0.0   1   1   6.7e-18   1.2e-16   56.9   0.0     3   173     1   181     1   181 0.99 -
d1boba_d.108.1.1     -            315 d2ae6a1d.108.1.1.aln -            178   1.9e-14   49.8   0.1   1   1   1.9e-15   3.5e-14   48.9   0.1     1   178     5   218     5   218 0.99 -
d2ae6a1d.108.1.1     -            161 d2ae6a1d.108.1.1.aln -            178   5.8e-12   41.7   0.1   1   1   3.9e-13     7e-12   41.4   0.1    93   164    79   150    44   159 0.82 -
d1xmta_d.108.1.1     -             95 d2ae6a1d.108.1.1.aln -            178   1.4e-11   40.4   0.0   1   1   8.6e-13   1.5e-11   40.3   0.0    86   137    20    77     7    91 0.86 -
d2d4pa1d.108.1.1     -            130 d2ae6a1d.108.1.1.aln -            178     1e-09   34.3   0.2   1   1   6.7e-11   1.2e-09   34.1   0.2    15   157     2   123     1   129 0.94 -
#
# Program:         hmmsearch
# Version:         3.3.2 (Nov 2020)
# Pipeline mode:   SEARCH
# Query file:      /home/elise/Documents/M1-BIM/S2/TMEs/SBAS/tme08/models/scop30/d2ae6a1d.108.1.1.aln.hmm
# Target file:     /home/elise/Documents/M1-BIM/S2/TMEs/SBAS/tme08/scop/scop/scopTestSeq.fasta
# Option settings: hmmsearch --domtblout /home/elise/Documents/M1-BIM/S2/TMEs/SBAS/tme08/searchResults/scop30/d2ae6a1d.108.1.1.aln.out -E 1 /home/elise/Documents/M1-BIM/S2/TMEs/SBAS/tme08/models/scop30/d2ae6a1d.108.1.1.aln.hmm /home/elise/Documents/M1-BIM/S2/TMEs/SBAS/tme08/scop/scop/scopTestSeq.fasta 
# Current dir:     /home/elise/Documents/M1-BIM/S2/TMEs/SBAS/tme08
# Date:            Thu Apr 10 10:02:34 2025
# [ok]
