#                                                                            --- full sequence --- -------------- this domain -------------   hmm coord   ali coord   env coord
# target name        accession   tlen query name           accession   qlen   E-value  score  bias   #  of  c-Evalue  i-Evalue  score  bias  from    to  from    to  from    to  acc description of target
#------------------- ---------- ----- -------------------- ---------- ----- --------- ------ ----- --- --- --------- --------- ------ ----- ----- ----- ----- ----- ----- ----- ---- ---------------------
d2p0wa_d.108.1.1     -            319 d2aj6a1d.108.1.1.aln -            264   5.3e-69  228.3   0.7   1   1   3.5e-70   6.2e-69  228.1   0.7     1   264    23   319    23   319 0.99 -
d1boba_d.108.1.1     -            315 d2aj6a1d.108.1.1.aln -            264   7.2e-68  224.6   1.1   1   1   4.5e-69   8.1e-68  224.4   1.1     1   264    20   315    20   315 0.99 -
d2pq8a_d.108.1.1     -            271 d2aj6a1d.108.1.1.aln -            264   4.3e-54  179.4   0.2   1   1   2.8e-55     5e-54  179.2   0.2     1   239     1   271     1   271 0.99 -
d1p0ha_d.108.1.1     -            308 d2aj6a1d.108.1.1.aln -            264   3.4e-42  140.4   0.0   1   2   9.4e-41   1.7e-39  131.6   0.0    33   264     2   252     1   252 0.99 -
d1p0ha_d.108.1.1     -            308 d2aj6a1d.108.1.1.aln -            264   3.4e-42  140.4   0.0   2   2    0.0087      0.16    7.1   0.0   160   184   277   301   274   306 0.84 -
d1u6ma_d.108.1.1     -            189 d2aj6a1d.108.1.1.aln -            264   2.6e-36  121.1   0.2   1   1   1.6e-37   2.8e-36  121.0   0.2    16   199     2   187     1   189 0.99 -
d1tiqa_d.108.1.1     -            173 d2aj6a1d.108.1.1.aln -            264   1.4e-34  115.4   0.3   1   1   8.7e-36   1.6e-34  115.3   0.3    36   206     3   172     1   173 0.98 -
d1i12a_d.108.1.1     -            157 d2aj6a1d.108.1.1.aln -            264   4.7e-33  110.4   0.0   1   1   2.9e-34   5.1e-33  110.3   0.0    36   190     3   156     1   157 0.98 -
d1wwza1d.108.1.1     -            157 d2aj6a1d.108.1.1.aln -            264     1e-32  109.3   0.4   1   1   6.7e-34   1.2e-32  109.1   0.4    41   193     2   154     1   156 0.98 -
d1ufha_d.108.1.1     -            155 d2aj6a1d.108.1.1.aln -            264   4.1e-32  107.4   0.6   1   1   2.7e-33   4.8e-32  107.1   0.6    38   187     2   151     1   154 0.98 -
d2b5ga_d.108.1.1     -            168 d2aj6a1d.108.1.1.aln -            264   2.4e-30  101.6   0.1   1   1   1.4e-31   2.5e-30  101.5   0.1    42   202     3   166     1   168 0.98 -
d2ae6a1d.108.1.1     -            161 d2aj6a1d.108.1.1.aln -            264   4.8e-30  100.6   0.1   1   1   2.9e-31   5.3e-30  100.4   0.1    39   205     1   160     1   161 0.98 -
d2gana1d.108.1.1     -            182 d2aj6a1d.108.1.1.aln -            264   1.2e-29   99.3   0.2   1   1     8e-31   1.4e-29   99.0   0.2    28   197     1   179     1   181 0.98 -
d2cy2a1d.108.1.1     -            174 d2aj6a1d.108.1.1.aln -            264   1.6e-29   98.8   0.3   1   1   1.1e-30   1.9e-29   98.6   0.3    39   207     2   172     1   173 0.98 -
d2fiaa1d.108.1.1     -            157 d2aj6a1d.108.1.1.aln -            264   3.7e-29   97.7   0.7   1   1   2.2e-30   3.9e-29   97.6   0.7    50   204     7   156     1   157 0.96 -
d1qsma_d.108.1.1     -            150 d2aj6a1d.108.1.1.aln -            264   4.4e-29   97.4   0.0   1   1   2.6e-30   4.7e-29   97.3   0.0    42   182     2   140     1   150 0.96 -
d1z4ea1d.108.1.1     -            150 d2aj6a1d.108.1.1.aln -            264   4.5e-29   97.4   0.1   1   1   2.8e-30     5e-29   97.2   0.1    38   187     2   146     1   149 0.91 -
d1cjwa_d.108.1.1     -            166 d2aj6a1d.108.1.1.aln -            264   5.4e-29   97.1   0.0   1   1   3.5e-30   6.3e-29   96.9   0.0    45   200     5   164     1   165 0.97 -
d2euia1d.108.1.1     -            153 d2aj6a1d.108.1.1.aln -            264   1.9e-27   92.1   0.1   1   1   1.2e-28   2.1e-27   91.9   0.1    42   195     1   150     1   152 0.96 -
d1vkca_d.108.1.1     -            149 d2aj6a1d.108.1.1.aln -            264   2.4e-27   91.7   2.2   1   1   1.5e-28   2.7e-27   91.6   2.2    43   182     2   140     1   148 0.88 -
d2fl4a1d.108.1.1     -            146 d2aj6a1d.108.1.1.aln -            264   3.2e-27   91.3   0.6   1   1     2e-28   3.5e-27   91.2   0.6    57   198     3   145     1   146 0.92 -
d1mk4a_d.108.1.1     -            157 d2aj6a1d.108.1.1.aln -            264   3.5e-27   91.2   0.0   1   1   2.1e-28   3.8e-27   91.1   0.0    50   211     2   156     1   157 0.97 -
d1y9wa1d.108.1.1     -            140 d2aj6a1d.108.1.1.aln -            264   3.7e-27   91.1   1.3   1   1   2.2e-28   3.9e-27   91.0   1.3    51   201     2   139     1   140 0.95 -
d1z4ra1d.108.1.1     -            162 d2aj6a1d.108.1.1.aln -            264   7.3e-27   90.1   0.0   1   1   4.4e-28   7.9e-27   90.0   0.0    45   210     3   161     1   162 0.97 -
d1n71a_d.108.1.1     -            180 d2aj6a1d.108.1.1.aln -            264   8.9e-27   89.9   0.0   1   1   5.5e-28   9.8e-27   89.7   0.0    43   229     1   179     1   180 0.98 -
d1ghea_d.108.1.1     -            170 d2aj6a1d.108.1.1.aln -            264   1.3e-26   89.4   0.0   1   1   7.6e-28   1.4e-26   89.3   0.0    39   203     2   166     1   170 0.97 -
d1yk3a1d.108.1.1     -            198 d2aj6a1d.108.1.1.aln -            264   3.7e-26   87.8   0.0   1   1   2.3e-27   4.1e-26   87.7   0.0    22   201     1   197     1   198 0.98 -
d1m4ia_d.108.1.1     -            181 d2aj6a1d.108.1.1.aln -            264   1.2e-24   82.9   0.0   1   1   6.9e-26   1.2e-24   82.8   0.0    56   214    10   181     1   181 0.97 -
d2fcka1d.108.1.1     -            178 d2aj6a1d.108.1.1.aln -            264   2.4e-24   81.9   0.1   1   1   1.5e-25   2.7e-24   81.7   0.1    37   204     2   176     1   177 0.95 -
d2jdca1d.108.1.1     -            145 d2aj6a1d.108.1.1.aln -            264     5e-24   80.8   0.1   1   1     3e-25   5.4e-24   80.7   0.1    55   202     3   144     1   145 0.96 -
d1yx0a1d.108.1.1     -            151 d2aj6a1d.108.1.1.aln -            264   8.4e-24   80.1   0.0   1   1   5.6e-25     1e-23   79.8   0.0    48   200     2   149     1   150 0.97 -
d1nsla_d.108.1.1     -            180 d2aj6a1d.108.1.1.aln -            264   1.3e-23   79.5   0.1   1   1   8.7e-25   1.6e-23   79.2   0.1    37   207     1   178     1   179 0.97 -
d2fiwa1d.108.1.1     -            156 d2aj6a1d.108.1.1.aln -            264   4.4e-23   77.8   0.0   1   1   2.7e-24   4.8e-23   77.6   0.0    47   204     2   156     1   156 0.97 -
d1bo4a_d.108.1.1     -            137 d2aj6a1d.108.1.1.aln -            264   4.6e-23   77.7   0.0   1   1   3.1e-24   5.6e-23   77.4   0.0    43   179     4   137     2   137 0.98 -
d2atra1d.108.1.1     -            137 d2aj6a1d.108.1.1.aln -            264   9.5e-23   76.6   0.1   1   1   5.6e-24     1e-22   76.6   0.1    60   196     9   136     1   137 0.91 -
d1xeba_d.108.1.1     -            149 d2aj6a1d.108.1.1.aln -            264   1.3e-21   72.9   0.4   1   1   8.8e-23   1.6e-21   72.7   0.4    48   196     2   145     1   148 0.96 -
d2g3aa1d.108.1.1     -            137 d2aj6a1d.108.1.1.aln -            264   4.3e-21   71.2   0.0   1   1   2.4e-22   4.3e-21   71.2   0.0    71   202    19   137     1   137 0.82 -
d1y7ra1d.108.1.1     -            133 d2aj6a1d.108.1.1.aln -            264   7.2e-21   70.5   0.0   1   1   4.4e-22   7.8e-21   70.4   0.0    55   193     2   132     1   133 0.97 -
d1y9ka1d.108.1.1     -            152 d2aj6a1d.108.1.1.aln -            264   7.4e-20   67.2   0.0   1   1   5.4e-21   9.8e-20   66.8   0.0    59   200    16   146     1   151 0.85 -
d1q2ya_d.108.1.1     -            140 d2aj6a1d.108.1.1.aln -            264   3.2e-19   65.1   0.2   1   1   1.9e-20   3.5e-19   65.0   0.2    57   200     4   139     1   140 0.95 -
d2fsra1d.108.1.1     -            164 d2aj6a1d.108.1.1.aln -            264   3.1e-17   58.6   0.0   1   1   1.8e-18   3.2e-17   58.5   0.0    39   199     6   162     1   164 0.89 -
d1r57a_d.108.1.1     -            102 d2aj6a1d.108.1.1.aln -            264   3.9e-10   35.3   0.1   1   1   2.2e-11   3.9e-10   35.3   0.1   123   193    32   101     5   102 0.85 -
d2d4pa1d.108.1.1     -            130 d2aj6a1d.108.1.1.aln -            264   4.8e-10   35.0   0.1   1   1   2.8e-11   4.9e-10   35.0   0.1    59   188     3   123     1   130 0.93 -
d1xmta_d.108.1.1     -             95 d2aj6a1d.108.1.1.aln -            264   1.1e-06   24.0   0.0   1   1     1e-07   1.9e-06   23.2   0.0   130   177    39    82     1    94 0.83 -
d2aj6a1d.108.1.1     -            118 d2aj6a1d.108.1.1.aln -            264   1.9e-05   20.0   0.0   1   1   1.3e-06   2.3e-05   19.6   0.0   110   160    69   115    42   116 0.78 -
#
# Program:         hmmsearch
# Version:         3.3.2 (Nov 2020)
# Pipeline mode:   SEARCH
# Query file:      /home/elise/Documents/M1-BIM/S2/TMEs/SBAS/tme08/models/scop30/d2aj6a1d.108.1.1.aln.hmm
# Target file:     /home/elise/Documents/M1-BIM/S2/TMEs/SBAS/tme08/scop/scop/scopTestSeq.fasta
# Option settings: hmmsearch --domtblout /home/elise/Documents/M1-BIM/S2/TMEs/SBAS/tme08/searchResults/scop30/d2aj6a1d.108.1.1.aln.out -E 1 /home/elise/Documents/M1-BIM/S2/TMEs/SBAS/tme08/models/scop30/d2aj6a1d.108.1.1.aln.hmm /home/elise/Documents/M1-BIM/S2/TMEs/SBAS/tme08/scop/scop/scopTestSeq.fasta 
# Current dir:     /home/elise/Documents/M1-BIM/S2/TMEs/SBAS/tme08
# Date:            Thu Apr 10 10:02:34 2025
# [ok]
