#                                                                            --- full sequence --- -------------- this domain -------------   hmm coord   ali coord   env coord
# target name        accession   tlen query name           accession   qlen   E-value  score  bias   #  of  c-Evalue  i-Evalue  score  bias  from    to  from    to  from    to  acc description of target
#------------------- ---------- ----- -------------------- ---------- ----- --------- ------ ----- --- --- --------- --------- ------ ----- ----- ----- ----- ----- ----- ----- ---- ---------------------
d2i02a1b.45.1.1      -            143 d2arza1b.45.1.1.aln  -            152   3.6e-45  149.1   0.1   1   1   7.6e-47     4e-45  148.9   0.1     1   149     2   143     2   143 0.98 -
d1rfea_b.45.1.1      -            160 d2arza1b.45.1.1.aln  -            152   1.1e-43  144.3   0.0   1   1   2.2e-45   1.2e-43  144.2   0.0     2   150     7   157     6   159 0.98 -
d2fg9a1b.45.1.1      -            157 d2arza1b.45.1.1.aln  -            152   5.8e-43  141.9   0.0   1   1   1.2e-44   6.4e-43  141.8   0.0     2   151     4   155     3   156 0.98 -
d2hq7a1b.45.1.1      -            141 d2arza1b.45.1.1.aln  -            152   1.1e-42  141.0   0.0   1   1   2.3e-44   1.2e-42  140.9   0.0     2   149     2   141     1   141 0.98 -
d2hq9a1b.45.1.1      -            148 d2arza1b.45.1.1.aln  -            152   1.8e-42  140.3   0.0   1   1   3.7e-44     2e-42  140.2   0.0     2   149     4   148     3   148 0.98 -
d2htia1b.45.1.1      -            156 d2arza1b.45.1.1.aln  -            152   5.9e-41  135.4   0.0   1   1   1.2e-42   6.5e-41  135.3   0.0     3   152     2   154     1   154 0.99 -
d2fhqa1b.45.1.1      -            135 d2arza1b.45.1.1.aln  -            152   3.1e-40  133.1   0.0   1   1   6.4e-42   3.4e-40  132.9   0.0     3   145     2   134     1   135 0.98 -
d1w9aa_b.45.1.1      -            142 d2arza1b.45.1.1.aln  -            152     6e-40  132.1   0.0   1   1   1.3e-41   6.6e-40  132.0   0.0     5   149     1   141     1   142 0.98 -
d1xhna1b.45.1.1      -            170 d2arza1b.45.1.1.aln  -            152   1.8e-38  127.3   0.0   1   1   3.8e-40     2e-38  127.2   0.0     2   152     4   170     3   170 0.98 -
d2vpaa_b.45.1.1      -            215 d2arza1b.45.1.1.aln  -            152     4e-36  119.7   0.0   1   1   9.1e-38   4.8e-36  119.4   0.0     2   152    40   206    39   206 0.98 -
d2fura1b.45.1.1      -            193 d2arza1b.45.1.1.aln  -            152     2e-35  117.4   0.0   1   1   4.3e-37   2.3e-35  117.3   0.0     2   152     2   178     1   178 0.98 -
d1vl7a_b.45.1.1      -            135 d2arza1b.45.1.1.aln  -            152   1.2e-33  111.7   0.0   1   1   2.4e-35   1.3e-33  111.6   0.0    10   149     2   135     1   135 0.97 -
d2asfa1b.45.1.1      -            125 d2arza1b.45.1.1.aln  -            152   1.6e-29   98.3   0.0   1   1   3.3e-31   1.7e-29   98.2   0.0     7   148     2   123     1   125 0.97 -
d3a6ra_b.45.1.1      -            122 d2arza1b.45.1.1.aln  -            152   3.8e-22   74.3   0.0   1   1   8.7e-24   4.6e-22   74.1   0.0     5   150     2   120     1   121 0.97 -
d2arza1b.45.1.1      -            238 d2arza1b.45.1.1.aln  -            152   3.4e-06   22.5   0.0   1   1   8.7e-08   4.6e-06   22.1   0.0     5   104     4   100     1   134 0.78 -
#
# Program:         hmmsearch
# Version:         3.3.2 (Nov 2020)
# Pipeline mode:   SEARCH
# Query file:      /home/elise/Documents/M1-BIM/S2/TMEs/SBAS/tme08/models/scop30/d2arza1b.45.1.1.aln.hmm
# Target file:     /home/elise/Documents/M1-BIM/S2/TMEs/SBAS/tme08/scop/scop/scopTestSeq.fasta
# Option settings: hmmsearch --domtblout /home/elise/Documents/M1-BIM/S2/TMEs/SBAS/tme08/searchResults/scop30/d2arza1b.45.1.1.aln.out -E 1 /home/elise/Documents/M1-BIM/S2/TMEs/SBAS/tme08/models/scop30/d2arza1b.45.1.1.aln.hmm /home/elise/Documents/M1-BIM/S2/TMEs/SBAS/tme08/scop/scop/scopTestSeq.fasta 
# Current dir:     /home/elise/Documents/M1-BIM/S2/TMEs/SBAS/tme08
# Date:            Thu Apr 10 10:02:34 2025
# [ok]
