#                                                                            --- full sequence --- -------------- this domain -------------   hmm coord   ali coord   env coord
# target name        accession   tlen query name           accession   qlen   E-value  score  bias   #  of  c-Evalue  i-Evalue  score  bias  from    to  from    to  from    to  acc description of target
#------------------- ---------- ----- -------------------- ---------- ----- --------- ------ ----- --- --- --------- --------- ------ ----- ----- ----- ----- ----- ----- ----- ---- ---------------------
d2p0wa_d.108.1.1     -            319 d2atra1d.108.1.1.aln -            296  1.9e-118  390.7   1.6   1   1  1.2e-119  2.1e-118  390.5   1.6     1   294     4   319     4   319 1.00 -
d1boba_d.108.1.1     -            315 d2atra1d.108.1.1.aln -            296  1.3e-110  364.9   3.4   1   1  8.3e-112  1.5e-110  364.8   3.4     1   294     1   315     1   315 1.00 -
d2pq8a_d.108.1.1     -            271 d2atra1d.108.1.1.aln -            296   1.9e-62  206.8   0.1   1   1   1.2e-63   2.1e-62  206.7   0.1    80   296     1   243     1   243 1.00 -
d1yk3a1d.108.1.1     -            198 d2atra1d.108.1.1.aln -            296   2.8e-35  117.6   0.0   1   1   1.7e-36   3.1e-35  117.5   0.0    97   283     2   197     1   198 0.98 -
d1u6ma_d.108.1.1     -            189 d2atra1d.108.1.1.aln -            296   3.1e-33  110.9   0.0   1   1   1.9e-34   3.4e-33  110.8   0.0   105   281     2   187     1   189 0.98 -
d1tiqa_d.108.1.1     -            173 d2atra1d.108.1.1.aln -            296   7.9e-30   99.7   1.0   1   1   4.8e-31   8.6e-30   99.6   1.0   122   288     3   172     1   173 0.89 -
d2gana1d.108.1.1     -            182 d2atra1d.108.1.1.aln -            296   3.4e-28   94.4   0.1   1   1   2.1e-29   3.7e-28   94.3   0.1   110   280     2   180     1   182 0.96 -
d1mk4a_d.108.1.1     -            157 d2atra1d.108.1.1.aln -            296   7.5e-28   93.2   0.0   1   1   4.5e-29   8.1e-28   93.1   0.0   137   293     4   156     1   157 0.97 -
d1z4ea1d.108.1.1     -            150 d2atra1d.108.1.1.aln -            296   1.8e-27   92.0   0.1   1   1   1.1e-28   2.1e-27   91.8   0.1   124   267     3   144     1   148 0.96 -
d1i12a_d.108.1.1     -            157 d2atra1d.108.1.1.aln -            296   2.9e-26   88.0   0.0   1   1   1.8e-27   3.2e-26   87.9   0.0   117   271     1   155     1   157 0.95 -
d1ufha_d.108.1.1     -            155 d2atra1d.108.1.1.aln -            296   1.1e-25   86.1   0.6   1   1   6.8e-27   1.2e-25   86.0   0.6   121   271     3   153     1   155 0.97 -
d1wwza1d.108.1.1     -            157 d2atra1d.108.1.1.aln -            296   1.3e-25   85.9   0.2   1   1     8e-27   1.4e-25   85.8   0.2   124   275     3   154     1   157 0.96 -
d2cy2a1d.108.1.1     -            174 d2atra1d.108.1.1.aln -            296   1.1e-24   82.9   0.0   1   1   6.7e-26   1.2e-24   82.7   0.0   126   289     8   172     2   174 0.96 -
d2ae6a1d.108.1.1     -            161 d2atra1d.108.1.1.aln -            296   1.3e-24   82.7   0.1   1   1   7.6e-26   1.4e-24   82.5   0.1   125   286     1   159     1   161 0.97 -
d2b5ga_d.108.1.1     -            168 d2atra1d.108.1.1.aln -            296   2.3e-24   81.8   0.0   1   1   1.4e-25   2.5e-24   81.7   0.0   119   284     2   166     1   168 0.96 -
d2euia1d.108.1.1     -            153 d2atra1d.108.1.1.aln -            296   2.4e-23   78.4   0.1   1   1   1.6e-24   2.8e-23   78.2   0.1   131   272     4   145     1   151 0.87 -
d1ghea_d.108.1.1     -            170 d2atra1d.108.1.1.aln -            296   1.7e-22   75.7   0.0   1   1     1e-23   1.8e-22   75.6   0.0   122   288     4   169     1   170 0.97 -
d1vkca_d.108.1.1     -            149 d2atra1d.108.1.1.aln -            296     2e-22   75.5   0.9   1   1   1.2e-23   2.1e-22   75.4   0.9   123   270     3   146     1   149 0.85 -
d1z4ra1d.108.1.1     -            162 d2atra1d.108.1.1.aln -            296     2e-22   75.4   0.0   1   1   1.3e-23   2.4e-22   75.2   0.0   125   291     3   160     1   161 0.96 -
d2fl4a1d.108.1.1     -            146 d2atra1d.108.1.1.aln -            296   2.2e-22   75.3   0.6   1   1   1.3e-23   2.4e-22   75.2   0.6   136   280     3   145     1   146 0.91 -
d1y9wa1d.108.1.1     -            140 d2atra1d.108.1.1.aln -            296   9.9e-22   73.2   0.5   1   1   5.8e-23     1e-21   73.1   0.5   141   283     5   139     1   140 0.92 -
d2fiaa1d.108.1.1     -            157 d2atra1d.108.1.1.aln -            296   1.8e-21   72.3   0.9   1   1   1.1e-22   1.9e-21   72.2   0.9   129   286     2   156     1   157 0.97 -
d1qsma_d.108.1.1     -            150 d2atra1d.108.1.1.aln -            296   1.9e-21   72.3   0.0   1   1   1.1e-22     2e-21   72.2   0.0   131   272     5   148     1   150 0.93 -
d1nsla_d.108.1.1     -            180 d2atra1d.108.1.1.aln -            296   4.2e-21   71.1   0.0   1   1   2.5e-22   4.5e-21   71.0   0.0   120   289     3   178     1   180 0.95 -
d1cjwa_d.108.1.1     -            166 d2atra1d.108.1.1.aln -            296   7.6e-21   70.2   0.0   1   1   4.7e-22   8.4e-21   70.1   0.0   115   282     1   164     1   166 0.97 -
d2fcka1d.108.1.1     -            178 d2atra1d.108.1.1.aln -            296   1.7e-20   69.1   0.0   1   1   1.1e-21   1.9e-20   68.9   0.0   119   280     3   170     1   177 0.93 -
d1yx0a1d.108.1.1     -            151 d2atra1d.108.1.1.aln -            296   2.3e-19   65.4   0.0   1   1   1.4e-20   2.5e-19   65.3   0.0   131   282     3   149     1   151 0.95 -
d2jdca1d.108.1.1     -            145 d2atra1d.108.1.1.aln -            296     3e-19   65.0   0.1   1   1   1.8e-20   3.2e-19   64.9   0.1   137   284     3   144     1   145 0.94 -
d2fiwa1d.108.1.1     -            156 d2atra1d.108.1.1.aln -            296   1.1e-18   63.1   0.0   1   1   6.9e-20   1.2e-18   63.0   0.0   126   285     2   155     1   156 0.94 -
d1y9ka1d.108.1.1     -            152 d2atra1d.108.1.1.aln -            296   1.4e-18   62.8   0.0   1   1   9.7e-20   1.7e-18   62.5   0.0   179   282    30   146     2   151 0.81 -
d1m4ia_d.108.1.1     -            181 d2atra1d.108.1.1.aln -            296   1.7e-18   62.6   0.0   1   1     1e-19   1.8e-18   62.4   0.0   125   295     1   180     1   181 0.97 -
d1bo4a_d.108.1.1     -            137 d2atra1d.108.1.1.aln -            296   6.8e-18   60.6   0.0   1   1   4.1e-19   7.4e-18   60.4   0.0   125   261     3   137     1   137 0.96 -
d1q2ya_d.108.1.1     -            140 d2atra1d.108.1.1.aln -            296   1.3e-17   59.7   0.1   1   1   7.6e-19   1.4e-17   59.6   0.1   136   282     4   139     1   140 0.95 -
d1p0ha_d.108.1.1     -            308 d2atra1d.108.1.1.aln -            296   1.2e-16   56.5   0.0   1   2   3.9e-14     7e-13   44.1   0.0   118   295     2   201     1   202 0.98 -
d1p0ha_d.108.1.1     -            308 d2atra1d.108.1.1.aln -            296   1.2e-16   56.5   0.0   2   2    0.0037     0.066    8.1   0.0   199   265   224   300   200   307 0.63 -
d1y7ra1d.108.1.1     -            133 d2atra1d.108.1.1.aln -            296   1.7e-16   56.0   0.0   1   1   9.8e-18   1.8e-16   55.9   0.0   141   275     6   132     1   133 0.93 -
d2aj6a1d.108.1.1     -            118 d2atra1d.108.1.1.aln -            296   2.4e-16   55.5   0.1   1   1   1.4e-17   2.5e-16   55.4   0.1   125   243     3   116     1   118 0.96 -
d1xeba_d.108.1.1     -            149 d2atra1d.108.1.1.aln -            296   2.7e-16   55.3   0.1   1   1   1.7e-17   3.1e-16   55.1   0.1   129   276     2   143     1   147 0.96 -
d2g3aa1d.108.1.1     -            137 d2atra1d.108.1.1.aln -            296   1.4e-14   49.7   0.0   1   1   8.1e-16   1.5e-14   49.6   0.0   206   284    61   137    30   137 0.94 -
d1n71a_d.108.1.1     -            180 d2atra1d.108.1.1.aln -            296   1.1e-13   46.8   0.0   1   1   6.5e-15   1.2e-13   46.7   0.0   120   286     1   176     1   180 0.93 -
d2fsra1d.108.1.1     -            164 d2atra1d.108.1.1.aln -            296   1.4e-13   46.4   0.0   1   1   8.2e-15   1.5e-13   46.3   0.0   123   280     4   162     1   164 0.92 -
d1r57a_d.108.1.1     -            102 d2atra1d.108.1.1.aln -            296   5.9e-11   37.8   0.1   1   1   3.6e-12   6.5e-11   37.6   0.1   176   268    12   101     2   102 0.81 -
d2atra1d.108.1.1     -            137 d2atra1d.108.1.1.aln -            296   9.7e-11   37.1   0.0   1   1     6e-12   1.1e-10   36.9   0.0   153   265    23   123     4   136 0.86 -
d1xmta_d.108.1.1     -             95 d2atra1d.108.1.1.aln -            296   2.7e-08   29.1   0.0   1   1   1.6e-09   2.9e-08   28.9   0.0   190   249    17    76     3    89 0.86 -
d2d4pa1d.108.1.1     -            130 d2atra1d.108.1.1.aln -            296   0.00022   16.2   0.0   1   1   1.3e-05   0.00023   16.2   0.0   145   267     7   120     1   129 0.87 -
#
# Program:         hmmsearch
# Version:         3.3.2 (Nov 2020)
# Pipeline mode:   SEARCH
# Query file:      /home/elise/Documents/M1-BIM/S2/TMEs/SBAS/tme08/models/scop30/d2atra1d.108.1.1.aln.hmm
# Target file:     /home/elise/Documents/M1-BIM/S2/TMEs/SBAS/tme08/scop/scop/scopTestSeq.fasta
# Option settings: hmmsearch --domtblout /home/elise/Documents/M1-BIM/S2/TMEs/SBAS/tme08/searchResults/scop30/d2atra1d.108.1.1.aln.out -E 1 /home/elise/Documents/M1-BIM/S2/TMEs/SBAS/tme08/models/scop30/d2atra1d.108.1.1.aln.hmm /home/elise/Documents/M1-BIM/S2/TMEs/SBAS/tme08/scop/scop/scopTestSeq.fasta 
# Current dir:     /home/elise/Documents/M1-BIM/S2/TMEs/SBAS/tme08
# Date:            Thu Apr 10 10:02:34 2025
# [ok]
