#                                                                            --- full sequence --- -------------- this domain -------------   hmm coord   ali coord   env coord
# target name        accession   tlen query name           accession   qlen   E-value  score  bias   #  of  c-Evalue  i-Evalue  score  bias  from    to  from    to  from    to  acc description of target
#------------------- ---------- ----- -------------------- ---------- ----- --------- ------ ----- --- --- --------- --------- ------ ----- ----- ----- ----- ----- ----- ----- ---- ---------------------
d1g0sa_d.113.1.1     -            209 d2azwa1d.113.1.1.aln -            164   3.6e-48  158.8   0.5   1   1   8.3e-50   4.1e-48  158.6   0.5     2   164    27   209    26   209 0.99 -
d1jkna_d.113.1.1     -            165 d2azwa1d.113.1.1.aln -            164   6.4e-47  154.7   0.0   1   1   1.4e-48   7.1e-47  154.6   0.0     2   162     2   158     1   160 0.98 -
d2b06a1d.113.1.1     -            155 d2azwa1d.113.1.1.aln -            164   6.7e-47  154.7   0.0   1   1   1.5e-48   7.4e-47  154.5   0.0     6   163     1   154     1   155 0.99 -
d1nqza_d.113.1.1     -            187 d2azwa1d.113.1.1.aln -            164   1.1e-43  144.3   0.0   1   1   2.5e-45   1.2e-43  144.1   0.0     1   164    11   180    11   180 0.99 -
d3o69a_d.113.1.1     -            190 d2azwa1d.113.1.1.aln -            164   2.3e-43  143.2   0.0   1   1   5.2e-45   2.6e-43  143.0   0.0     1   158    14   189    14   190 0.99 -
d1sjya_d.113.1.1     -            158 d2azwa1d.113.1.1.aln -            164   1.9e-42  140.2   0.0   1   1   4.2e-44   2.1e-42  140.1   0.0    11   160     2   157     1   158 0.98 -
d3zr0a_d.113.1.1     -            154 d2azwa1d.113.1.1.aln -            164     3e-42  139.6   0.0   1   1   6.6e-44   3.3e-42  139.4   0.0    11   163     2   147     1   148 0.98 -
d1q33a_d.113.1.1     -            292 d2azwa1d.113.1.1.aln -            164   6.6e-42  138.4   0.1   1   1   1.7e-43   8.4e-42  138.1   0.1     1   163    63   276    63   277 0.99 -
d1vhza_d.113.1.1     -            186 d2azwa1d.113.1.1.aln -            164   2.5e-41  136.6   0.0   1   1   5.7e-43   2.8e-41  136.4   0.0     2   157    13   185    12   186 0.99 -
d2b0va1d.113.1.1     -            146 d2azwa1d.113.1.1.aln -            164   2.1e-40  133.6   0.0   1   1   4.6e-42   2.3e-40  133.5   0.0    12   162     2   145     1   146 0.98 -
d2fvva1d.113.1.1     -            135 d2azwa1d.113.1.1.aln -            164     1e-39  131.3   0.7   1   1   2.3e-41   1.1e-39  131.2   0.7    10   142     1   134     1   135 0.98 -
d3a6sa_d.113.1.1     -            129 d2azwa1d.113.1.1.aln -            164   7.9e-39  128.4   0.7   1   1   1.7e-40   8.6e-39  128.3   0.7    11   147     2   128     1   129 0.97 -
d1v8ya_d.113.1.1     -            158 d2azwa1d.113.1.1.aln -            164   9.9e-39  128.1   0.6   1   1   2.3e-40   1.1e-38  127.9   0.6    10   157     2   157     1   158 0.98 -
d1ktga_d.113.1.1     -            137 d2azwa1d.113.1.1.aln -            164   6.9e-38  125.4   0.0   1   1   1.5e-39   7.5e-38  125.3   0.0    11   149     2   135     1   137 0.97 -
d1k2ea_d.113.1.1     -            152 d2azwa1d.113.1.1.aln -            164   1.5e-37  124.2   0.2   1   1   3.4e-39   1.7e-37  124.1   0.2    15   163     3   147     1   148 0.97 -
d2azwa1d.113.1.1     -            147 d2azwa1d.113.1.1.aln -            164   4.1e-08   28.5   0.3   1   1   9.4e-10   4.6e-08   28.4   0.3    30    88    16    83     6   138 0.72 -
#
# Program:         hmmsearch
# Version:         3.3.2 (Nov 2020)
# Pipeline mode:   SEARCH
# Query file:      /home/elise/Documents/M1-BIM/S2/TMEs/SBAS/tme08/models/scop30/d2azwa1d.113.1.1.aln.hmm
# Target file:     /home/elise/Documents/M1-BIM/S2/TMEs/SBAS/tme08/scop/scop/scopTestSeq.fasta
# Option settings: hmmsearch --domtblout /home/elise/Documents/M1-BIM/S2/TMEs/SBAS/tme08/searchResults/scop30/d2azwa1d.113.1.1.aln.out -E 1 /home/elise/Documents/M1-BIM/S2/TMEs/SBAS/tme08/models/scop30/d2azwa1d.113.1.1.aln.hmm /home/elise/Documents/M1-BIM/S2/TMEs/SBAS/tme08/scop/scop/scopTestSeq.fasta 
# Current dir:     /home/elise/Documents/M1-BIM/S2/TMEs/SBAS/tme08
# Date:            Thu Apr 10 10:02:34 2025
# [ok]
