#                                                                            --- full sequence --- -------------- this domain -------------   hmm coord   ali coord   env coord
# target name        accession   tlen query name           accession   qlen   E-value  score  bias   #  of  c-Evalue  i-Evalue  score  bias  from    to  from    to  from    to  acc description of target
#------------------- ---------- ----- -------------------- ---------- ----- --------- ------ ----- --- --- --------- --------- ------ ----- ----- ----- ----- ----- ----- ----- ---- ---------------------
d1g0sa_d.113.1.1     -            209 d2b0va1d.113.1.1.aln -            161   3.7e-47  155.5   0.3   1   1   8.9e-49   4.4e-47  155.3   0.3     2   160    27   205    26   206 0.99 -
d3o69a_d.113.1.1     -            190 d2b0va1d.113.1.1.aln -            161   1.5e-43  143.8   0.0   1   1   3.4e-45   1.7e-43  143.6   0.0     1   158    14   189    14   190 0.99 -
d1vhza_d.113.1.1     -            186 d2b0va1d.113.1.1.aln -            161     9e-43  141.3   0.0   1   1     2e-44     1e-42  141.1   0.0     2   157    13   185    12   186 0.98 -
d1q33a_d.113.1.1     -            292 d2b0va1d.113.1.1.aln -            161     1e-42  141.1   0.0   1   1   2.9e-44   1.4e-42  140.6   0.0     1   160    79   273    79   274 0.99 -
d2b06a1d.113.1.1     -            155 d2b0va1d.113.1.1.aln -            161   1.2e-42  140.9   0.0   1   1   2.6e-44   1.3e-42  140.8   0.0     8   159     1   154     1   155 0.99 -
d3zr0a_d.113.1.1     -            154 d2b0va1d.113.1.1.aln -            161   1.5e-42  140.6   0.0   1   1   3.2e-44   1.6e-42  140.4   0.0    13   159     2   147     1   149 0.97 -
d2azwa1d.113.1.1     -            147 d2b0va1d.113.1.1.aln -            161   2.2e-42  140.0   1.0   1   1     5e-44   2.5e-42  139.8   1.0     8   151     2   146     1   147 0.99 -
d1jkna_d.113.1.1     -            165 d2b0va1d.113.1.1.aln -            161   5.6e-42  138.7   0.0   1   1   1.2e-43   6.2e-42  138.5   0.0     2   160     2   162     1   163 0.98 -
d1nqza_d.113.1.1     -            187 d2b0va1d.113.1.1.aln -            161   3.8e-41  136.0   0.0   1   1   8.8e-43   4.3e-41  135.8   0.0     1   160    11   176    11   177 0.99 -
d1sjya_d.113.1.1     -            158 d2b0va1d.113.1.1.aln -            161   4.7e-41  135.7   0.1   1   1     1e-42   5.1e-41  135.6   0.1    11   160     2   157     1   158 0.98 -
d1v8ya_d.113.1.1     -            158 d2b0va1d.113.1.1.aln -            161   5.9e-41  135.4   0.7   1   1   1.3e-42   6.5e-41  135.2   0.7    10   157     2   157     1   158 0.98 -
d3a6sa_d.113.1.1     -            129 d2b0va1d.113.1.1.aln -            161   1.3e-39  131.0   0.9   1   1   2.9e-41   1.4e-39  130.8   0.9    11   147     2   128     1   129 0.98 -
d1ktga_d.113.1.1     -            137 d2b0va1d.113.1.1.aln -            161   1.9e-38  127.2   0.1   1   1   4.5e-40   2.2e-38  127.0   0.1    12   151     3   134     1   136 0.96 -
d2fvva1d.113.1.1     -            135 d2b0va1d.113.1.1.aln -            161   9.1e-38  125.0   0.8   1   1     2e-39   9.9e-38  124.9   0.8     2   147     1   134     1   135 0.97 -
d1k2ea_d.113.1.1     -            152 d2b0va1d.113.1.1.aln -            161   9.8e-34  111.9   0.2   1   1   2.2e-35   1.1e-33  111.7   0.2    15   160     3   147     1   148 0.96 -
d2b0va1d.113.1.1     -            146 d2b0va1d.113.1.1.aln -            161   1.6e-10   36.4   0.0   1   1   4.9e-12   2.4e-10   35.8   0.0    38    93    17    76     3    83 0.78 -
#
# Program:         hmmsearch
# Version:         3.3.2 (Nov 2020)
# Pipeline mode:   SEARCH
# Query file:      /home/elise/Documents/M1-BIM/S2/TMEs/SBAS/tme08/models/scop30/d2b0va1d.113.1.1.aln.hmm
# Target file:     /home/elise/Documents/M1-BIM/S2/TMEs/SBAS/tme08/scop/scop/scopTestSeq.fasta
# Option settings: hmmsearch --domtblout /home/elise/Documents/M1-BIM/S2/TMEs/SBAS/tme08/searchResults/scop30/d2b0va1d.113.1.1.aln.out -E 1 /home/elise/Documents/M1-BIM/S2/TMEs/SBAS/tme08/models/scop30/d2b0va1d.113.1.1.aln.hmm /home/elise/Documents/M1-BIM/S2/TMEs/SBAS/tme08/scop/scop/scopTestSeq.fasta 
# Current dir:     /home/elise/Documents/M1-BIM/S2/TMEs/SBAS/tme08
# Date:            Thu Apr 10 10:02:34 2025
# [ok]
