#                                                                            --- full sequence --- -------------- this domain -------------   hmm coord   ali coord   env coord
# target name        accession   tlen query name           accession   qlen   E-value  score  bias   #  of  c-Evalue  i-Evalue  score  bias  from    to  from    to  from    to  acc description of target
#------------------- ---------- ----- -------------------- ---------- ----- --------- ------ ----- --- --- --------- --------- ------ ----- ----- ----- ----- ----- ----- ----- ---- ---------------------
d1jkna_d.113.1.1     -            165 d2b06a1d.113.1.1.aln -            159   5.2e-46  151.8   0.0   1   1   1.2e-47   5.7e-46  151.6   0.0     4   158     3   157     1   158 0.98 -
d1g0sa_d.113.1.1     -            209 d2b06a1d.113.1.1.aln -            159   3.6e-45  149.0   0.9   1   1   8.5e-47   4.2e-45  148.8   0.9     3   159    34   209    32   209 0.99 -
d2azwa1d.113.1.1     -            147 d2b06a1d.113.1.1.aln -            159   8.8e-44  144.5   0.7   1   1   1.9e-45   9.6e-44  144.4   0.7     2   146     2   146     1   147 0.98 -
d3zr0a_d.113.1.1     -            154 d2b06a1d.113.1.1.aln -            159   9.4e-43  141.2   0.0   1   1   2.1e-44     1e-42  141.0   0.0     5   158     2   146     1   147 0.98 -
d1sjya_d.113.1.1     -            158 d2b06a1d.113.1.1.aln -            159   2.4e-42  139.9   0.1   1   1   5.3e-44   2.6e-42  139.7   0.1     5   154     2   156     1   158 0.98 -
d1q33a_d.113.1.1     -            292 d2b06a1d.113.1.1.aln -            159   4.2e-41  135.8   0.0   1   1   1.1e-42   5.5e-41  135.4   0.0     2   158    64   274    63   275 0.98 -
d3o69a_d.113.1.1     -            190 d2b06a1d.113.1.1.aln -            159   1.8e-40  133.8   0.0   1   1     4e-42     2e-40  133.6   0.0     1   153    20   189    20   190 0.99 -
d1nqza_d.113.1.1     -            187 d2b06a1d.113.1.1.aln -            159   3.9e-40  132.7   0.0   1   1   8.9e-42   4.4e-40  132.5   0.0     3   158    19   179    17   180 0.98 -
d1ktga_d.113.1.1     -            137 d2b06a1d.113.1.1.aln -            159     1e-39  131.3   0.1   1   1   2.3e-41   1.1e-39  131.2   0.1     6   147     3   135     1   137 0.97 -
d2fvva1d.113.1.1     -            135 d2b06a1d.113.1.1.aln -            159   1.5e-39  130.8   0.9   1   1   3.3e-41   1.6e-39  130.7   0.9     5   136     2   133     1   135 0.98 -
d1v8ya_d.113.1.1     -            158 d2b06a1d.113.1.1.aln -            159   2.6e-39  130.0   0.7   1   1   5.9e-41   2.9e-39  129.8   0.7     4   153     2   158     1   158 0.97 -
d1vhza_d.113.1.1     -            186 d2b06a1d.113.1.1.aln -            159   3.2e-39  129.7   0.0   1   1   7.2e-41   3.6e-39  129.6   0.0     3   152    20   185    18   186 0.97 -
d2b0va1d.113.1.1     -            146 d2b06a1d.113.1.1.aln -            159   5.1e-39  129.1   0.0   1   1   1.1e-40   5.5e-39  128.9   0.0     6   156     2   145     1   146 0.98 -
d3a6sa_d.113.1.1     -            129 d2b06a1d.113.1.1.aln -            159   6.1e-37  122.3   0.7   1   1   1.4e-38   6.7e-37  122.2   0.7     5   143     2   129     1   129 0.98 -
d1k2ea_d.113.1.1     -            152 d2b06a1d.113.1.1.aln -            159   2.3e-35  117.1   0.2   1   1   5.3e-37   2.6e-35  117.0   0.2     9   158     3   142     1   143 0.97 -
d2b06a1d.113.1.1     -            155 d2b06a1d.113.1.1.aln -            159   1.1e-09   33.7   0.1   1   1   3.1e-11   1.5e-09   33.3   0.1    41   154    37   150     9   154 0.74 -
#
# Program:         hmmsearch
# Version:         3.3.2 (Nov 2020)
# Pipeline mode:   SEARCH
# Query file:      /home/elise/Documents/M1-BIM/S2/TMEs/SBAS/tme08/models/scop30/d2b06a1d.113.1.1.aln.hmm
# Target file:     /home/elise/Documents/M1-BIM/S2/TMEs/SBAS/tme08/scop/scop/scopTestSeq.fasta
# Option settings: hmmsearch --domtblout /home/elise/Documents/M1-BIM/S2/TMEs/SBAS/tme08/searchResults/scop30/d2b06a1d.113.1.1.aln.out -E 1 /home/elise/Documents/M1-BIM/S2/TMEs/SBAS/tme08/models/scop30/d2b06a1d.113.1.1.aln.hmm /home/elise/Documents/M1-BIM/S2/TMEs/SBAS/tme08/scop/scop/scopTestSeq.fasta 
# Current dir:     /home/elise/Documents/M1-BIM/S2/TMEs/SBAS/tme08
# Date:            Thu Apr 10 10:02:34 2025
# [ok]
