#                                                                            --- full sequence --- -------------- this domain -------------   hmm coord   ali coord   env coord
# target name        accession   tlen query name           accession   qlen   E-value  score  bias   #  of  c-Evalue  i-Evalue  score  bias  from    to  from    to  from    to  acc description of target
#------------------- ---------- ----- -------------------- ---------- ----- --------- ------ ----- --- --- --------- --------- ------ ----- ----- ----- ----- ----- ----- ----- ---- ---------------------
d1yqsa_e.3.1.1       -            345 d2bg1a1e.3.1.1.aln   -            338   1.3e-95  315.8   5.2   1   1   3.2e-97   1.5e-95  315.7   5.2     2   333     3   344     2   345 0.99 -
d2hdsa_e.3.1.1       -            358 d2bg1a1e.3.1.1.aln   -            338   1.2e-94  312.7   1.3   1   1   2.9e-96   1.4e-94  312.5   1.3     2   338     4   341     3   341 0.99 -
d2drwa1e.3.1.1       -            362 d2bg1a1e.3.1.1.aln   -            338   3.3e-94  311.2   0.0   1   1     8e-96   3.7e-94  311.1   0.0     1   337     1   342     1   343 0.99 -
d1ei5a3e.3.1.1       -            333 d2bg1a1e.3.1.1.aln   -            338     2e-91  302.1   0.0   1   1   4.7e-93   2.2e-91  302.0   0.0     2   332     3   332     2   333 0.99 -
d2olua2e.3.1.1       -            400 d2bg1a1e.3.1.1.aln   -            338   1.8e-90  299.0  16.8   1   1   4.4e-92     2e-90  298.8  16.8     2   338     7   353     6   353 1.00 -
d2v2ff_e.3.1.1       -            384 d2bg1a1e.3.1.1.aln   -            338   3.3e-83  275.1  21.3   1   1   7.9e-85   3.7e-83  274.9  21.3     2   337     1   352     1   353 0.99 -
d1ci9a_e.3.1.1       -            377 d2bg1a1e.3.1.1.aln   -            338   2.9e-82  272.0   0.0   1   1   7.1e-84   3.3e-82  271.8   0.0     2   337     4   357     3   358 0.99 -
d1qmea4e.3.1.1       -            357 d2bg1a1e.3.1.1.aln   -            338   7.9e-82  270.6   5.7   1   1   1.9e-83   8.9e-82  270.4   5.7     2   338     2   346     1   346 0.99 -
d1vqqa3e.3.1.1       -            341 d2bg1a1e.3.1.1.aln   -            338     1e-81  270.2  12.8   1   1   2.4e-83   1.1e-81  270.1  12.8     2   338     1   341     1   341 0.99 -
d2dcfa1e.3.1.1       -            388 d2bg1a1e.3.1.1.aln   -            338   2.2e-80  265.8   0.0   1   1   5.4e-82   2.5e-80  265.6   0.0     1   338     5   363     5   363 0.99 -
d1tvfa2e.3.1.1       -            301 d2bg1a1e.3.1.1.aln   -            338     3e-73  242.4  17.8   1   1   7.2e-75   3.3e-73  242.2  17.8     1   323     6   301     6   301 1.00 -
d1e25a_e.3.1.1       -            278 d2bg1a1e.3.1.1.aln   -            338   1.2e-66  220.6   0.1   1   1   2.8e-68   1.3e-66  220.5   0.1    19   323     4   276     1   278 0.98 -
d1xp4a2e.3.1.1       -            269 d2bg1a1e.3.1.1.aln   -            338   6.9e-59  195.1   6.4   1   1   1.6e-60   7.6e-59  195.0   6.4    25   323     2   269     1   269 0.99 -
d1es5a_e.3.1.1       -            260 d2bg1a1e.3.1.1.aln   -            338   2.4e-53  176.9  15.3   1   1   5.8e-55   2.7e-53  176.8  15.3    25   322     3   260     1   260 0.99 -
d2p74a_e.3.1.1       -            263 d2bg1a1e.3.1.1.aln   -            338   1.5e-52  174.3   2.0   1   1   3.5e-54   1.6e-52  174.2   2.0    16   316     2   261     1   263 0.98 -
d1xa1a_e.3.1.1       -            246 d2bg1a1e.3.1.1.aln   -            338   6.9e-51  168.8   8.5   1   1   1.8e-52   8.3e-51  168.6   8.5     8   315     1   246     1   246 0.99 -
d1alqa_e.3.1.1       -            263 d2bg1a1e.3.1.1.aln   -            338   6.7e-45  149.1   7.1   1   1   1.6e-46   7.5e-45  149.0   7.1    22   321     2   263     1   263 0.99 -
#
# Program:         hmmsearch
# Version:         3.3.2 (Nov 2020)
# Pipeline mode:   SEARCH
# Query file:      /home/elise/Documents/M1-BIM/S2/TMEs/SBAS/tme08/models/scop30/d2bg1a1e.3.1.1.aln.hmm
# Target file:     /home/elise/Documents/M1-BIM/S2/TMEs/SBAS/tme08/scop/scop/scopTestSeq.fasta
# Option settings: hmmsearch --domtblout /home/elise/Documents/M1-BIM/S2/TMEs/SBAS/tme08/searchResults/scop30/d2bg1a1e.3.1.1.aln.out -E 1 /home/elise/Documents/M1-BIM/S2/TMEs/SBAS/tme08/models/scop30/d2bg1a1e.3.1.1.aln.hmm /home/elise/Documents/M1-BIM/S2/TMEs/SBAS/tme08/scop/scop/scopTestSeq.fasta 
# Current dir:     /home/elise/Documents/M1-BIM/S2/TMEs/SBAS/tme08
# Date:            Thu Apr 10 10:02:35 2025
# [ok]
