#                                                                            --- full sequence --- -------------- this domain -------------   hmm coord   ali coord   env coord
# target name        accession   tlen query name           accession   qlen   E-value  score  bias   #  of  c-Evalue  i-Evalue  score  bias  from    to  from    to  from    to  acc description of target
#------------------- ---------- ----- -------------------- ---------- ----- --------- ------ ----- --- --- --------- --------- ------ ----- ----- ----- ----- ----- ----- ----- ---- ---------------------
d1ji1a1b.1.18.2      -            122 d2bhua1b.1.18.2.aln  -            105   1.5e-26   88.0   2.7   1   1     4e-28   1.7e-26   87.8   2.7     1   104     5   108     5   109 0.98 -
d2fhfa1b.1.18.2      -            115 d2bhua1b.1.18.2.aln  -            105   1.4e-24   81.7   2.4   1   1   3.5e-26   1.5e-24   81.6   2.4     2   103     7   108     6   110 0.97 -
d1j0ha1b.1.18.2      -            123 d2bhua1b.1.18.2.aln  -            105   2.7e-24   80.8   0.0   1   1   7.2e-26   3.2e-24   80.6   0.0     3   105     1   103     1   103 0.98 -
d1edqa1b.1.18.2      -            109 d2bhua1b.1.18.2.aln  -            105   5.3e-24   79.8   3.0   1   1   1.3e-25   5.8e-24   79.7   3.0     3   104     4   105     2   106 0.97 -
d1txka1b.1.18.2      -            115 d2bhua1b.1.18.2.aln  -            105   7.8e-24   79.3   1.2   1   1     2e-25   8.7e-24   79.2   1.2     1   104     7   110     7   111 0.98 -
d1m7xa1b.1.18.2      -            110 d2bhua1b.1.18.2.aln  -            105   4.9e-23   76.8   0.0   1   1   1.2e-24   5.4e-23   76.6   0.0     2   101    10   109     9   110 0.98 -
d1ut9a2b.1.18.2      -             98 d2bhua1b.1.18.2.aln  -            105   8.2e-23   76.0   0.1   1   1     2e-24   8.8e-23   75.9   0.1     9   104     2    97     1    98 0.97 -
d1w8oa1b.1.18.2      -            103 d2bhua1b.1.18.2.aln  -            105     5e-21   70.3   1.5   1   1   1.2e-22   5.4e-21   70.2   1.5     6   103     2    99     1   101 0.97 -
d2fhfa2b.1.18.2      -            125 d2bhua1b.1.18.2.aln  -            105     8e-21   69.7   0.1   1   1   2.1e-22   9.4e-21   69.4   0.1     2   102    11   111    10   114 0.96 -
d1bf2a1b.1.18.2      -            162 d2bhua1b.1.18.2.aln  -            105     4e-20   67.4   6.2   1   1   1.2e-21   5.3e-20   67.0   6.2     2   104     8   110     7   111 0.98 -
d1k3ia1b.1.18.2      -            102 d2bhua1b.1.18.2.aln  -            105   5.5e-20   67.0   1.8   1   1   1.4e-21   5.9e-20   66.9   1.8     1   101     1   101     1   102 0.97 -
d1h3ga1b.1.18.2      -             93 d2bhua1b.1.18.2.aln  -            105   9.6e-20   66.2   0.0   1   1   2.4e-21     1e-19   66.1   0.0     4    95     2    93     1    93 0.97 -
d1qbaa1b.1.18.2      -            105 d2bhua1b.1.18.2.aln  -            105   1.1e-19   66.0   0.0   1   1   2.8e-21   1.2e-19   65.9   0.0     2   104     2   104     1   105 0.97 -
d1clca2b.1.18.2      -            100 d2bhua1b.1.18.2.aln  -            105   1.1e-16   56.4   0.1   1   1   2.7e-18   1.2e-16   56.3   0.1     2    98     8    99     7   100 0.97 -
d3bmva1b.1.18.2      -             83 d2bhua1b.1.18.2.aln  -            105     5e-16   54.3   1.9   1   1   1.2e-17   5.4e-16   54.2   1.9    12    93     2    83     1    83 0.97 -
d2bvya1b.1.18.2      -             94 d2bhua1b.1.18.2.aln  -            105   1.5e-15   52.7  10.4   1   1   3.8e-17   1.7e-15   52.6  10.4     8   100     1    93     1    94 0.97 -
d1f1sa2b.1.18.2      -             78 d2bhua1b.1.18.2.aln  -            105   1.6e-13   46.3   0.7   1   1   3.8e-15   1.7e-13   46.2   0.7    19    95     2    78     1    78 0.97 -
d1ulva2b.1.18.2      -             89 d2bhua1b.1.18.2.aln  -            105     2e-11   39.5   5.3   1   1   4.8e-13   2.1e-11   39.5   5.3     8    98     2    86     1    89 0.91 -
#
# Program:         hmmsearch
# Version:         3.3.2 (Nov 2020)
# Pipeline mode:   SEARCH
# Query file:      /home/elise/Documents/M1-BIM/S2/TMEs/SBAS/tme08/models/scop30/d2bhua1b.1.18.2.aln.hmm
# Target file:     /home/elise/Documents/M1-BIM/S2/TMEs/SBAS/tme08/scop/scop/scopTestSeq.fasta
# Option settings: hmmsearch --domtblout /home/elise/Documents/M1-BIM/S2/TMEs/SBAS/tme08/searchResults/scop30/d2bhua1b.1.18.2.aln.out -E 1 /home/elise/Documents/M1-BIM/S2/TMEs/SBAS/tme08/models/scop30/d2bhua1b.1.18.2.aln.hmm /home/elise/Documents/M1-BIM/S2/TMEs/SBAS/tme08/scop/scop/scopTestSeq.fasta 
# Current dir:     /home/elise/Documents/M1-BIM/S2/TMEs/SBAS/tme08
# Date:            Thu Apr 10 10:02:35 2025
# [ok]
