#                                                                            --- full sequence --- -------------- this domain -------------   hmm coord   ali coord   env coord
# target name        accession   tlen query name           accession   qlen   E-value  score  bias   #  of  c-Evalue  i-Evalue  score  bias  from    to  from    to  from    to  acc description of target
#------------------- ---------- ----- -------------------- ---------- ----- --------- ------ ----- --- --- --------- --------- ------ ----- ----- ----- ----- ----- ----- ----- ---- ---------------------
d1h3ga2b.71.1.1      -             83 d2bhua2b.71.1.1.aln  -             83   3.5e-20   67.5   0.0   1   1     1e-21   3.7e-20   67.5   0.0     5    81     3    82     1    83 0.96 -
d1ea9c2b.71.1.1      -             80 d2bhua2b.71.1.1.aln  -             83   1.9e-19   65.2   0.0   1   1   5.6e-21     2e-19   65.1   0.0     1    82     1    79     1    80 0.97 -
d1uasa1b.71.1.1      -             89 d2bhua2b.71.1.1.aln  -             83   3.3e-19   64.4   0.9   1   1   1.1e-20   3.9e-19   64.2   0.9     5    79     7    88     5    89 0.97 -
d1ji1a2b.71.1.1      -             83 d2bhua2b.71.1.1.aln  -             83   4.8e-19   63.9   2.9   1   1   1.4e-20   5.1e-19   63.8   2.9     2    81     2    80     1    82 0.97 -
d3bmva3b.71.1.1      -             89 d2bhua2b.71.1.1.aln  -             83   9.7e-18   59.7   3.0   1   1     3e-19   1.1e-17   59.6   3.0     2    82     1    88     1    89 0.98 -
d1g5aa1b.71.1.1      -             74 d2bhua2b.71.1.1.aln  -             83   2.1e-17   58.7   0.0   1   1   6.2e-19   2.2e-17   58.6   0.0     7    78     3    74     1    74 0.97 -
d1wzaa1b.71.1.1      -             79 d2bhua2b.71.1.1.aln  -             83   2.2e-17   58.6   0.1   1   1   6.6e-19   2.4e-17   58.5   0.1     2    81     1    79     1    79 0.97 -
d1j0ha2b.71.1.1      -             83 d2bhua2b.71.1.1.aln  -             83   3.9e-17   57.8   0.0   1   1   1.2e-18   4.2e-17   57.7   0.0     3    83     4    83     2    83 0.97 -
d1e43a1b.71.1.1      -             90 d2bhua2b.71.1.1.aln  -             83   2.5e-16   55.2   0.7   1   1   7.6e-18   2.7e-16   55.1   0.7     1    80     3    89     3    90 0.98 -
d1m7xa2b.71.1.1      -            106 d2bhua2b.71.1.1.aln  -             83     5e-16   54.3   0.0   1   1   1.6e-17   5.6e-16   54.1   0.0     4    82     8    98     5    99 0.95 -
d1szna1b.71.1.1      -            103 d2bhua2b.71.1.1.aln  -             83   7.9e-16   53.6   0.1   1   1   2.5e-17     9e-16   53.5   0.1     2    82    15   101    14   102 0.97 -
d1bf2a2b.71.1.1      -            113 d2bhua2b.71.1.1.aln  -             83   1.6e-15   52.6   5.4   1   1   5.4e-17   1.9e-15   52.4   5.4     2    82     6    98     5    99 0.96 -
d1ua7a1b.71.1.1      -             78 d2bhua2b.71.1.1.aln  -             83   4.7e-15   51.1   0.2   1   1   1.4e-16     5e-15   51.1   0.2     5    80     3    77     1    78 0.95 -
d1mxga1b.71.1.1      -             74 d2bhua2b.71.1.1.aln  -             83   8.6e-15   50.3   1.0   1   1   2.6e-16   9.2e-15   50.2   1.0     2    79     2    74     1    74 0.97 -
d2guya1b.71.1.1      -             95 d2bhua2b.71.1.1.aln  -             83   1.4e-14   49.6   0.1   1   1   4.3e-16   1.5e-14   49.5   0.1     3    82     2    93     1    94 0.97 -
d1gjwa1b.71.1.1      -             64 d2bhua2b.71.1.1.aln  -             83   1.3e-11   40.1   0.0   1   1   3.8e-13   1.4e-11   40.1   0.0     5    69     3    63     1    64 0.92 -
d1r7aa1b.71.1.1      -             70 d2bhua2b.71.1.1.aln  -             83   1.5e-10   36.8   0.1   1   1   4.5e-12   1.6e-10   36.6   0.1     2    71     4    69     3    70 0.95 -
d2fhfa4b.71.1.1      -            118 d2bhua2b.71.1.1.aln  -             83   4.3e-09   32.1   0.1   1   1   1.8e-10   6.4e-09   31.6   0.1     1    82    14   107    14   108 0.95 -
d1ht6a1b.71.1.1      -             57 d2bhua2b.71.1.1.aln  -             83   2.8e-08   29.5   0.0   1   1   7.9e-10   2.8e-08   29.5   0.0     3    60     4    55     2    57 0.88 -
d1gcya1b.71.1.1      -             61 d2bhua2b.71.1.1.aln  -             83   1.3e-07   27.4   0.4   1   1   3.7e-09   1.3e-07   27.3   0.4     3    69     2    60     1    61 0.96 -
d1lwha1b.71.1.1      -             50 d2bhua2b.71.1.1.aln  -             83   7.4e-06   21.7   0.0   1   1   3.9e-07   1.4e-05   20.9   0.0     3    60     2    37     1    50 0.79 -
d1kwga1b.71.1.1      -             54 d2bhua2b.71.1.1.aln  -             83   1.1e-05   21.2   0.0   1   1   3.5e-07   1.2e-05   21.0   0.0    17    76     8    53     2    54 0.92 -
#
# Program:         hmmsearch
# Version:         3.3.2 (Nov 2020)
# Pipeline mode:   SEARCH
# Query file:      /home/elise/Documents/M1-BIM/S2/TMEs/SBAS/tme08/models/scop30/d2bhua2b.71.1.1.aln.hmm
# Target file:     /home/elise/Documents/M1-BIM/S2/TMEs/SBAS/tme08/scop/scop/scopTestSeq.fasta
# Option settings: hmmsearch --domtblout /home/elise/Documents/M1-BIM/S2/TMEs/SBAS/tme08/searchResults/scop30/d2bhua2b.71.1.1.aln.out -E 1 /home/elise/Documents/M1-BIM/S2/TMEs/SBAS/tme08/models/scop30/d2bhua2b.71.1.1.aln.hmm /home/elise/Documents/M1-BIM/S2/TMEs/SBAS/tme08/scop/scop/scopTestSeq.fasta 
# Current dir:     /home/elise/Documents/M1-BIM/S2/TMEs/SBAS/tme08
# Date:            Thu Apr 10 10:02:35 2025
# [ok]
