#                                                                            --- full sequence --- -------------- this domain -------------   hmm coord   ali coord   env coord
# target name        accession   tlen query name           accession   qlen   E-value  score  bias   #  of  c-Evalue  i-Evalue  score  bias  from    to  from    to  from    to  acc description of target
#------------------- ---------- ----- -------------------- ---------- ----- --------- ------ ----- --- --- --------- --------- ------ ----- ----- ----- ----- ----- ----- ----- ---- ---------------------
d1uoka2c.1.8.1       -            479 d2bhua3c.1.8.1.aln   -            421  6.8e-123  406.3  18.2   1   1    2e-124  7.8e-123  406.1  18.2     4   419     2   478     1   479 0.99 -
d1wzaa2c.1.8.1       -            409 d2bhua3c.1.8.1.aln   -            421  4.5e-116  383.8  13.9   1   1  1.3e-117  5.1e-116  383.6  13.9     7   419     1   408     1   409 0.98 -
d1h3ga3c.1.8.1       -            422 d2bhua3c.1.8.1.aln   -            421  1.4e-114  378.9   9.7   1   1  3.8e-116  1.5e-114  378.8   9.7     3   421     4   422     2   422 0.99 -
d1g5aa2c.1.8.1       -            554 d2bhua3c.1.8.1.aln   -            421  1.6e-106  352.3   4.1   1   1  4.7e-108  1.8e-106  352.2   4.1     2   421    45   554    44   554 0.99 -
d1ji1a3c.1.8.1       -            432 d2bhua3c.1.8.1.aln   -            421    8e-102  336.9  25.9   1   1  2.3e-103  8.9e-102  336.7  25.9     2   420     2   431     1   432 0.99 -
d1bf2a3c.1.8.1       -            475 d2bhua3c.1.8.1.aln   -            421  9.6e-102  336.6  21.6   1   1  1.7e-101  6.8e-100  330.5  21.6     2   419     8   471     7   473 0.99 -
d2guya2c.1.8.1       -            381 d2bhua3c.1.8.1.aln   -            421   6.3e-99  327.3  10.8   1   1  1.9e-100   7.7e-99  327.0  10.8     4   409     2   372     1   380 0.95 -
d3bmva4c.1.8.1       -            406 d2bhua3c.1.8.1.aln   -            421   9.9e-97  320.1  16.5   1   1   2.8e-98   1.1e-96  319.9  16.5     4   420     8   406     5   406 0.98 -
d1m7xa3c.1.8.1       -            396 d2bhua3c.1.8.1.aln   -            421     3e-94  311.9  14.4   1   1   1.9e-95   7.6e-94  310.6  14.4     2   420     8   392     7   393 0.99 -
d1gjwa2c.1.8.1       -            572 d2bhua3c.1.8.1.aln   -            421   2.2e-93  309.1   0.0   1   1   6.2e-95   2.5e-93  308.9   0.0     3   420    53   571    51   572 0.99 -
d2fhfa5c.1.8.1       -            563 d2bhua3c.1.8.1.aln   -            421   2.7e-89  295.6   2.5   1   1   8.1e-91   3.2e-89  295.4   2.5     1   420    12   562    12   563 0.99 -
d1ht6a2c.1.8.1       -            347 d2bhua3c.1.8.1.aln   -            421   4.3e-87  288.3   7.6   1   1   1.6e-88   6.2e-87  287.8   7.6    14   367     1   329     1   347 0.97 -
d1wdpa_c.1.8.1       -            493 d2bhua3c.1.8.1.aln   -            421     5e-87  288.1   0.1   1   1   1.4e-88   5.5e-87  288.0   0.1     3   420     2   490     1   491 0.99 -
d1e43a2c.1.8.1       -            393 d2bhua3c.1.8.1.aln   -            421   6.5e-87  287.8  16.7   1   1   1.8e-88   7.2e-87  287.6  16.7    15   414     3   393     1   393 0.98 -
d1r7aa2c.1.8.1       -            434 d2bhua3c.1.8.1.aln   -            421   1.5e-86  286.6   0.3   1   1   4.2e-88   1.7e-86  286.4   0.3     2   418     3   433     2   434 0.99 -
d1x1na1c.1.8.1       -            523 d2bhua3c.1.8.1.aln   -            421   1.7e-85  283.0   0.0   1   1     5e-87     2e-85  282.9   0.0     3   419    32   521    30   523 0.99 -
d1vema2c.1.8.1       -            417 d2bhua3c.1.8.1.aln   -            421   1.5e-84  280.0   7.8   1   1   4.2e-86   1.6e-84  279.8   7.8     2   420     2   416     1   417 0.99 -
d1ua7a2c.1.8.1       -            344 d2bhua3c.1.8.1.aln   -            421   3.1e-77  255.9  13.7   1   1   9.5e-79   3.8e-77  255.6  13.7    13   420     8   344     2   344 0.97 -
d1kwga2c.1.8.1       -            393 d2bhua3c.1.8.1.aln   -            421   5.7e-76  251.7   0.0   1   1   1.6e-77   6.4e-76  251.5   0.0     7   420     1   392     1   393 0.99 -
d2bhua3c.1.8.1       -            420 d2bhua3c.1.8.1.aln   -            421   1.2e-27   92.5   0.2   1   3   3.9e-20   1.5e-18   62.5   0.0     9   126    15   121    12   126 0.94 -
d2bhua3c.1.8.1       -            420 d2bhua3c.1.8.1.aln   -            421   1.2e-27   92.5   0.2   2   3   1.8e-05   0.00069   14.2   0.1   175   212   134   171   118   177 0.84 -
d2bhua3c.1.8.1       -            420 d2bhua3c.1.8.1.aln   -            421   1.2e-27   92.5   0.2   3   3   6.1e-05    0.0024   12.4   0.0   319   419   286   418   261   419 0.83 -
#
# Program:         hmmsearch
# Version:         3.3.2 (Nov 2020)
# Pipeline mode:   SEARCH
# Query file:      /home/elise/Documents/M1-BIM/S2/TMEs/SBAS/tme08/models/scop30/d2bhua3c.1.8.1.aln.hmm
# Target file:     /home/elise/Documents/M1-BIM/S2/TMEs/SBAS/tme08/scop/scop/scopTestSeq.fasta
# Option settings: hmmsearch --domtblout /home/elise/Documents/M1-BIM/S2/TMEs/SBAS/tme08/searchResults/scop30/d2bhua3c.1.8.1.aln.out -E 1 /home/elise/Documents/M1-BIM/S2/TMEs/SBAS/tme08/models/scop30/d2bhua3c.1.8.1.aln.hmm /home/elise/Documents/M1-BIM/S2/TMEs/SBAS/tme08/scop/scop/scopTestSeq.fasta 
# Current dir:     /home/elise/Documents/M1-BIM/S2/TMEs/SBAS/tme08
# Date:            Thu Apr 10 10:02:35 2025
# [ok]
