#                                                                            --- full sequence --- -------------- this domain -------------   hmm coord   ali coord   env coord
# target name        accession   tlen query name           accession   qlen   E-value  score  bias   #  of  c-Evalue  i-Evalue  score  bias  from    to  from    to  from    to  acc description of target
#------------------- ---------- ----- -------------------- ---------- ----- --------- ------ ----- --- --- --------- --------- ------ ----- ----- ----- ----- ----- ----- ----- ---- ---------------------
d1ji1a1b.1.18.2      -            122 d2bvya1b.1.18.2.aln  -            108   6.5e-28   92.4   2.9   1   1   1.7e-29   7.4e-28   92.2   2.9     2   108    11   117    10   117 0.98 -
d2fhfa1b.1.18.2      -            115 d2bvya1b.1.18.2.aln  -            108   1.6e-26   88.0   2.1   1   1   3.9e-28   1.7e-26   87.8   2.1     2   107     6   111     5   112 0.98 -
d1j0ha1b.1.18.2      -            123 d2bvya1b.1.18.2.aln  -            108   1.4e-24   81.8   0.0   1   1   3.5e-26   1.5e-24   81.6   0.0     1   108     4   111     4   111 0.99 -
d1edqa1b.1.18.2      -            109 d2bvya1b.1.18.2.aln  -            108     1e-23   79.0   2.1   1   1   2.5e-25   1.1e-23   78.8   2.1     4   107     1   104     1   105 0.98 -
d1m7xa1b.1.18.2      -            110 d2bvya1b.1.18.2.aln  -            108   4.2e-23   77.0   0.0   1   1     1e-24   4.6e-23   76.8   0.0     1   104     7   110     7   110 0.98 -
d1ut9a2b.1.18.2      -             98 d2bvya1b.1.18.2.aln  -            108   9.9e-23   75.8   0.1   1   1   2.5e-24   1.1e-22   75.7   0.1    13   107     2    96     1    97 0.98 -
d2fhfa2b.1.18.2      -            125 d2bvya1b.1.18.2.aln  -            108   3.3e-22   74.1   0.2   1   1   8.5e-24   3.7e-22   73.9   0.2     2   107    14   119    13   120 0.98 -
d1bf2a1b.1.18.2      -            162 d2bvya1b.1.18.2.aln  -            108   3.4e-22   74.1   3.9   1   1     1e-23   4.5e-22   73.7   3.9     2   106    13   117    12   119 0.97 -
d1txka1b.1.18.2      -            115 d2bvya1b.1.18.2.aln  -            108   5.5e-22   73.4   0.9   1   1   1.4e-23   6.2e-22   73.2   0.9     1   107     9   115     9   115 0.98 -
d1k3ia1b.1.18.2      -            102 d2bvya1b.1.18.2.aln  -            108   1.9e-21   71.6   1.7   1   1   4.7e-23   2.1e-21   71.5   1.7     9   107     3   101     1   102 0.96 -
d1w8oa1b.1.18.2      -            103 d2bvya1b.1.18.2.aln  -            108     9e-21   69.5   1.1   1   1   2.2e-22   9.6e-21   69.4   1.1     2   101     2   101     1   103 0.97 -
d1qbaa1b.1.18.2      -            105 d2bvya1b.1.18.2.aln  -            108   1.5e-20   68.8   0.0   1   1   3.7e-22   1.6e-20   68.7   0.0     5   107     2   104     1   105 0.97 -
d1h3ga1b.1.18.2      -             93 d2bvya1b.1.18.2.aln  -            108   4.7e-20   67.2   0.0   1   1   1.2e-21   5.1e-20   67.1   0.0     6    97     1    92     1    93 0.97 -
d1clca2b.1.18.2      -            100 d2bvya1b.1.18.2.aln  -            108   1.6e-17   59.1   0.3   1   1   4.1e-19   1.8e-17   58.9   0.3     1   102     3    99     3   100 0.98 -
d2bhua1b.1.18.2      -             97 d2bvya1b.1.18.2.aln  -            108   8.4e-17   56.8   0.0   1   1   2.1e-18     9e-17   56.7   0.0     8   102     2    95     1    97 0.97 -
d3bmva1b.1.18.2      -             83 d2bvya1b.1.18.2.aln  -            108   2.1e-14   49.1   1.6   1   1   5.2e-16   2.3e-14   49.0   1.6    12    91     2    81     1    83 0.97 -
d1f1sa2b.1.18.2      -             78 d2bvya1b.1.18.2.aln  -            108   3.3e-14   48.5   0.4   1   1   8.8e-16   3.9e-14   48.2   0.4    13    88     1    76     1    77 0.98 -
d1ulva2b.1.18.2      -             89 d2bvya1b.1.18.2.aln  -            108     1e-13   46.9   5.5   1   1   2.5e-15   1.1e-13   46.8   5.5    11    98     1    88     1    89 0.97 -
#
# Program:         hmmsearch
# Version:         3.3.2 (Nov 2020)
# Pipeline mode:   SEARCH
# Query file:      /home/elise/Documents/M1-BIM/S2/TMEs/SBAS/tme08/models/scop30/d2bvya1b.1.18.2.aln.hmm
# Target file:     /home/elise/Documents/M1-BIM/S2/TMEs/SBAS/tme08/scop/scop/scopTestSeq.fasta
# Option settings: hmmsearch --domtblout /home/elise/Documents/M1-BIM/S2/TMEs/SBAS/tme08/searchResults/scop30/d2bvya1b.1.18.2.aln.out -E 1 /home/elise/Documents/M1-BIM/S2/TMEs/SBAS/tme08/models/scop30/d2bvya1b.1.18.2.aln.hmm /home/elise/Documents/M1-BIM/S2/TMEs/SBAS/tme08/scop/scop/scopTestSeq.fasta 
# Current dir:     /home/elise/Documents/M1-BIM/S2/TMEs/SBAS/tme08
# Date:            Thu Apr 10 10:02:35 2025
# [ok]
