#                                                                            --- full sequence --- -------------- this domain -------------   hmm coord   ali coord   env coord
# target name        accession   tlen query name           accession   qlen   E-value  score  bias   #  of  c-Evalue  i-Evalue  score  bias  from    to  from    to  from    to  acc description of target
#------------------- ---------- ----- -------------------- ---------- ----- --------- ------ ----- --- --- --------- --------- ------ ----- ----- ----- ----- ----- ----- ----- ---- ---------------------
d1z6om1a.25.1.1      -            191 d2cf7a_a.25.1.1.aln  -            173   2.1e-57  189.4   0.0   1   1   3.3e-59   2.4e-57  189.2   0.0     2   173    12   184    11   184 0.99 -
d3bvfa_a.25.1.1      -            172 d2cf7a_a.25.1.1.aln  -            173   2.7e-56  185.8   6.0   1   1   4.2e-58     3e-56  185.6   6.0     1   171     2   171     2   172 0.99 -
d1lb3a_a.25.1.1      -            179 d2cf7a_a.25.1.1.aln  -            173   2.5e-54  179.4   0.1   1   1   3.8e-56   2.7e-54  179.3   0.1     2   172     2   174     1   175 0.99 -
d1nf4a_a.25.1.1      -            169 d2cf7a_a.25.1.1.aln  -            173     8e-52  171.2   5.3   1   1   1.2e-53   8.8e-52  171.1   5.3     3   172     1   159     1   160 0.99 -
d1z6oa1a.25.1.1      -            200 d2cf7a_a.25.1.1.aln  -            173     1e-51  170.9  12.4   1   1   1.6e-53   1.2e-51  170.7  12.4     2   172    16   188    15   189 0.99 -
d2y3qa_a.25.1.1      -            158 d2cf7a_a.25.1.1.aln  -            173   1.5e-49  163.8   3.2   1   1   2.3e-51   1.6e-49  163.7   3.2     6   172     2   157     1   158 0.98 -
d1tjoa_a.25.1.1      -            180 d2cf7a_a.25.1.1.aln  -            173     2e-49  163.5   7.0   1   1   3.1e-51   2.2e-49  163.3   7.0     2   171    20   180    19   180 0.99 -
d2fzfa1a.25.1.1      -            158 d2cf7a_a.25.1.1.aln  -            173   2.9e-44  146.6  11.1   1   1   4.5e-46   3.2e-44  146.5  11.1     2   172     3   158     2   158 0.99 -
d1zs3a1a.25.1.1      -            171 d2cf7a_a.25.1.1.aln  -            173   3.5e-44  146.4   1.6   1   1   5.3e-46   3.8e-44  146.2   1.6     1   173     1   166     1   166 0.98 -
d1vjxa_a.25.1.1      -            149 d2cf7a_a.25.1.1.aln  -            173   5.5e-39  129.4   7.7   1   1   8.4e-41     6e-39  129.3   7.7     5   167     1   149     1   149 0.99 -
d1yuza1a.25.1.1      -            135 d2cf7a_a.25.1.1.aln  -            173   3.7e-36  120.2   1.1   1   1   5.7e-38   4.1e-36  120.1   1.1     5   139     1   135     1   135 0.99 -
#
# Program:         hmmsearch
# Version:         3.3.2 (Nov 2020)
# Pipeline mode:   SEARCH
# Query file:      /home/elise/Documents/M1-BIM/S2/TMEs/SBAS/tme08/models/scop30/d2cf7a_a.25.1.1.aln.hmm
# Target file:     /home/elise/Documents/M1-BIM/S2/TMEs/SBAS/tme08/scop/scop/scopTestSeq.fasta
# Option settings: hmmsearch --domtblout /home/elise/Documents/M1-BIM/S2/TMEs/SBAS/tme08/searchResults/scop30/d2cf7a_a.25.1.1.aln.out -E 1 /home/elise/Documents/M1-BIM/S2/TMEs/SBAS/tme08/models/scop30/d2cf7a_a.25.1.1.aln.hmm /home/elise/Documents/M1-BIM/S2/TMEs/SBAS/tme08/scop/scop/scopTestSeq.fasta 
# Current dir:     /home/elise/Documents/M1-BIM/S2/TMEs/SBAS/tme08
# Date:            Thu Apr 10 10:02:35 2025
# [ok]
