#                                                                            --- full sequence --- -------------- this domain -------------   hmm coord   ali coord   env coord
# target name        accession   tlen query name           accession   qlen   E-value  score  bias   #  of  c-Evalue  i-Evalue  score  bias  from    to  from    to  from    to  acc description of target
#------------------- ---------- ----- -------------------- ---------- ----- --------- ------ ----- --- --- --------- --------- ------ ----- ----- ----- ----- ----- ----- ----- ---- ---------------------
d1tu7a1a.45.1.1      -            131 d2cvda1a.45.1.1.aln  -            144   4.1e-44  145.6   0.0   1   1   6.8e-46   4.5e-44  145.5   0.0     3   139     1   130     1   131 0.99 -
d1k3ya1a.45.1.1      -            142 d2cvda1a.45.1.1.aln  -            144     2e-43  143.4   0.0   1   1   3.3e-45   2.2e-43  143.2   0.0     1   144     1   138     1   138 0.98 -
d1eema1a.45.1.1      -            139 d2cvda1a.45.1.1.aln  -            144   4.6e-43  142.2   0.3   1   1   7.7e-45   5.1e-43  142.0   0.3     3   143     2   133     1   134 0.98 -
d1z9ha1a.45.1.1      -            161 d2cvda1a.45.1.1.aln  -            144     3e-42  139.5   0.0   1   1   5.2e-44   3.4e-42  139.3   0.0     1   143    10   154    10   155 0.99 -
d1okta1a.45.1.1      -            126 d2cvda1a.45.1.1.aln  -            144     7e-42  138.3   1.1   1   1   1.2e-43   7.7e-42  138.2   1.1     2   131     1   125     1   126 0.99 -
d2c4ja1a.45.1.1      -            133 d2cvda1a.45.1.1.aln  -            144   1.6e-41  137.2   0.1   1   1   2.7e-43   1.8e-41  137.0   0.1     1   144     1   133     1   133 0.99 -
d1tw9a1a.45.1.1      -            129 d2cvda1a.45.1.1.aln  -            144   8.1e-41  134.9   0.0   1   1   1.3e-42   8.9e-41  134.8   0.0     2   132     1   129     1   129 0.98 -
d1k0ma1a.45.1.1      -            149 d2cvda1a.45.1.1.aln  -            144   1.6e-40  133.9   0.0   1   1   2.7e-42   1.8e-40  133.8   0.0     2   143     7   148     6   149 0.98 -
d1nhya1a.45.1.1      -            144 d2cvda1a.45.1.1.aln  -            144   3.9e-40  132.7   0.0   1   1   6.6e-42   4.3e-40  132.5   0.0     2   138    10   144     9   144 0.98 -
d2fnoa1a.45.1.1      -            149 d2cvda1a.45.1.1.aln  -            144     2e-37  123.9   0.0   1   1   3.4e-39   2.2e-37  123.7   0.0     6   143     2   143     1   144 0.98 -
d1gnwa1a.45.1.1      -            126 d2cvda1a.45.1.1.aln  -            144   1.6e-36  120.9   0.2   1   1   2.7e-38   1.8e-36  120.8   0.2     2   124     3   126     2   126 0.98 -
d2cvda1a.45.1.1      -            124 d2cvda1a.45.1.1.aln  -            144   1.6e-08   30.2   0.0   1   1   3.4e-10   2.2e-08   29.7   0.0     2   130     3   122     2   124 0.75 -
#
# Program:         hmmsearch
# Version:         3.3.2 (Nov 2020)
# Pipeline mode:   SEARCH
# Query file:      /home/elise/Documents/M1-BIM/S2/TMEs/SBAS/tme08/models/scop30/d2cvda1a.45.1.1.aln.hmm
# Target file:     /home/elise/Documents/M1-BIM/S2/TMEs/SBAS/tme08/scop/scop/scopTestSeq.fasta
# Option settings: hmmsearch --domtblout /home/elise/Documents/M1-BIM/S2/TMEs/SBAS/tme08/searchResults/scop30/d2cvda1a.45.1.1.aln.out -E 1 /home/elise/Documents/M1-BIM/S2/TMEs/SBAS/tme08/models/scop30/d2cvda1a.45.1.1.aln.hmm /home/elise/Documents/M1-BIM/S2/TMEs/SBAS/tme08/scop/scop/scopTestSeq.fasta 
# Current dir:     /home/elise/Documents/M1-BIM/S2/TMEs/SBAS/tme08
# Date:            Thu Apr 10 10:02:35 2025
# [ok]
