#                                                                            --- full sequence --- -------------- this domain -------------   hmm coord   ali coord   env coord
# target name        accession   tlen query name           accession   qlen   E-value  score  bias   #  of  c-Evalue  i-Evalue  score  bias  from    to  from    to  from    to  acc description of target
#------------------- ---------- ----- -------------------- ---------- ----- --------- ------ ----- --- --- --------- --------- ------ ----- ----- ----- ----- ----- ----- ----- ---- ---------------------
d1tiqa_d.108.1.1     -            173 d2cy2a1d.108.1.1.aln -            178     8e-37  122.4   0.2   1   1   4.8e-38   8.7e-37  122.3   0.2     5   172     3   172     1   173 0.98 -
d2ae6a1d.108.1.1     -            161 d2cy2a1d.108.1.1.aln -            178   2.5e-34  114.3   0.1   1   1   1.5e-35   2.7e-34  114.1   0.1    12   171     3   160     1   161 0.98 -
d1ufha_d.108.1.1     -            155 d2cy2a1d.108.1.1.aln -            178   2.9e-34  114.1   0.5   1   1   1.7e-35   3.1e-34  113.9   0.5     3   155     1   153     1   155 0.98 -
d1vkca_d.108.1.1     -            149 d2cy2a1d.108.1.1.aln -            178   3.9e-33  110.4   2.4   1   1   2.6e-34   4.7e-33  110.1   2.4     8   154     3   146     1   148 0.97 -
d1u6ma_d.108.1.1     -            189 d2cy2a1d.108.1.1.aln -            178   5.4e-33  109.9   0.1   1   1   3.4e-34   6.2e-33  109.7   0.1     3   166     2   188     1   189 0.99 -
d2b5ga_d.108.1.1     -            168 d2cy2a1d.108.1.1.aln -            178   1.6e-32  108.4   0.3   1   1   1.1e-33   1.9e-32  108.1   0.3     2   168     3   166     2   167 0.98 -
d1i12a_d.108.1.1     -            157 d2cy2a1d.108.1.1.aln -            178   1.8e-32  108.2   0.0   1   1   1.2e-33   2.1e-32  108.0   0.0     5   155     5   155     2   157 0.97 -
d1z4ea1d.108.1.1     -            150 d2cy2a1d.108.1.1.aln -            178   4.2e-32  107.0   0.1   1   1   2.5e-33   4.5e-32  106.9   0.1     7   153     2   146     1   150 0.97 -
d1mk4a_d.108.1.1     -            157 d2cy2a1d.108.1.1.aln -            178   9.7e-32  105.8   0.0   1   1   5.9e-33   1.1e-31  105.7   0.0    14   177     2   156     1   157 0.98 -
d2euia1d.108.1.1     -            153 d2cy2a1d.108.1.1.aln -            178   9.9e-32  105.8   0.1   1   1   6.1e-33   1.1e-31  105.6   0.1    12   160     1   149     1   152 0.95 -
d2fiaa1d.108.1.1     -            157 d2cy2a1d.108.1.1.aln -            178   1.6e-30  101.9   1.0   1   1   9.3e-32   1.7e-30  101.8   1.0    13   170     4   156     1   157 0.97 -
d1z4ra1d.108.1.1     -            162 d2cy2a1d.108.1.1.aln -            178   5.3e-30  100.2   0.1   1   1   3.2e-31   5.8e-30  100.0   0.1     8   176     2   161     1   162 0.98 -
d2gana1d.108.1.1     -            182 d2cy2a1d.108.1.1.aln -            178   7.3e-30   99.7   0.3   1   1   4.5e-31   8.1e-30   99.6   0.3     4   165     2   181     1   182 0.96 -
d1wwza1d.108.1.1     -            157 d2cy2a1d.108.1.1.aln -            178   1.4e-29   98.8   0.9   1   1   8.9e-31   1.6e-29   98.6   0.9     7   159     2   154     1   156 0.98 -
d1ghea_d.108.1.1     -            170 d2cy2a1d.108.1.1.aln -            178   2.6e-29   97.9   0.0   1   1   1.6e-30   2.8e-29   97.8   0.0     5   172     2   169     1   170 0.97 -
d1qsma_d.108.1.1     -            150 d2cy2a1d.108.1.1.aln -            178   7.9e-29   96.3   0.0   1   1   4.8e-30   8.6e-29   96.2   0.0    14   157     4   149     1   150 0.96 -
d1cjwa_d.108.1.1     -            166 d2cy2a1d.108.1.1.aln -            178   1.6e-28   95.4   0.0   1   1   9.6e-30   1.7e-28   95.2   0.0     2   166     2   164     1   166 0.97 -
d2fcka1d.108.1.1     -            178 d2cy2a1d.108.1.1.aln -            178   2.7e-28   94.6   0.0   1   1   1.6e-29   2.9e-28   94.5   0.0     3   171     1   177     1   178 0.97 -
d1y9wa1d.108.1.1     -            140 d2cy2a1d.108.1.1.aln -            178   2.8e-28   94.6   1.7   1   1   1.7e-29     3e-28   94.5   1.7    22   167     3   139     1   140 0.96 -
d1nsla_d.108.1.1     -            180 d2cy2a1d.108.1.1.aln -            178   2.2e-27   91.6   0.1   1   1   1.4e-28   2.5e-27   91.5   0.1     3   175     2   180     1   180 0.98 -
d2jdca1d.108.1.1     -            145 d2cy2a1d.108.1.1.aln -            178   3.4e-27   91.0   0.1   1   1     2e-28   3.7e-27   90.9   0.1    11   168     3   144     1   145 0.97 -
d1m4ia_d.108.1.1     -            181 d2cy2a1d.108.1.1.aln -            178   4.2e-26   87.5   0.0   1   1   2.6e-27   4.7e-26   87.3   0.0     9   178     1   179     1   179 0.96 -
d2pq8a_d.108.1.1     -            271 d2cy2a1d.108.1.1.aln -            178   1.4e-25   85.8   0.1   1   1   9.4e-27   1.7e-25   85.5   0.1     2   178    25   245    24   245 0.99 -
d1yx0a1d.108.1.1     -            151 d2cy2a1d.108.1.1.aln -            178   2.4e-25   85.0   0.0   1   1   1.4e-26   2.6e-25   84.9   0.0    12   167     1   150     1   151 0.97 -
d1yk3a1d.108.1.1     -            198 d2cy2a1d.108.1.1.aln -            178   4.2e-25   84.2   0.0   1   1   2.6e-26   4.7e-25   84.0   0.0     2   168    22   198    21   198 0.98 -
d1bo4a_d.108.1.1     -            137 d2cy2a1d.108.1.1.aln -            178   6.3e-25   83.6   0.0   1   1   3.9e-26     7e-25   83.5   0.0     8   145     2   137     1   137 0.95 -
d2fl4a1d.108.1.1     -            146 d2cy2a1d.108.1.1.aln -            178   8.5e-25   83.2   0.5   1   1   5.5e-26   9.9e-25   83.0   0.5    12   160     1   141     1   145 0.92 -
d2fiwa1d.108.1.1     -            156 d2cy2a1d.108.1.1.aln -            178   4.4e-24   80.9   0.0   1   1   2.7e-25   4.8e-24   80.7   0.0     9   170     1   156     1   156 0.97 -
d2atra1d.108.1.1     -            137 d2cy2a1d.108.1.1.aln -            178     1e-23   79.7   0.1   1   1   6.2e-25   1.1e-23   79.6   0.1    21   162     3   136     1   137 0.97 -
d1y9ka1d.108.1.1     -            152 d2cy2a1d.108.1.1.aln -            178   1.2e-23   79.5   0.0   1   1   7.7e-25   1.4e-23   79.3   0.0    12   169     1   149     1   151 0.95 -
d1n71a_d.108.1.1     -            180 d2cy2a1d.108.1.1.aln -            178   1.6e-23   79.1   0.0   1   1   9.5e-25   1.7e-23   79.0   0.0     6   174     3   180     1   180 0.98 -
d1xeba_d.108.1.1     -            149 d2cy2a1d.108.1.1.aln -            178   2.8e-23   78.3   0.4   1   1   1.7e-24     3e-23   78.2   0.4    10   162     2   145     1   149 0.97 -
d1p0ha_d.108.1.1     -            308 d2cy2a1d.108.1.1.aln -            178   1.2e-22   76.2   0.0   1   3   7.2e-18   1.3e-16   56.6   0.0     2   178     2   200     1   200 0.99 -
d1p0ha_d.108.1.1     -            308 d2cy2a1d.108.1.1.aln -            178   1.2e-22   76.2   0.0   2   3     0.006      0.11    7.9   0.0    83   107   224   248   204   251 0.91 -
d1p0ha_d.108.1.1     -            308 d2cy2a1d.108.1.1.aln -            178   1.2e-22   76.2   0.0   3   3    0.0047     0.084    8.3   0.0   127   152   278   303   274   306 0.78 -
d1boba_d.108.1.1     -            315 d2cy2a1d.108.1.1.aln -            178     8e-22   73.5   0.1   1   1   7.9e-23   1.4e-21   72.7   0.1     2   178     6   221     5   221 0.99 -
d1q2ya_d.108.1.1     -            140 d2cy2a1d.108.1.1.aln -            178   8.9e-22   73.4   0.2   1   1   5.4e-23   9.6e-22   73.3   0.2    17   166     3   139     1   140 0.97 -
d2g3aa1d.108.1.1     -            137 d2cy2a1d.108.1.1.aln -            178   1.2e-21   73.0   0.0   1   1   7.6e-23   1.4e-21   72.8   0.0    43   167    24   136     8   137 0.89 -
d2aj6a1d.108.1.1     -            118 d2cy2a1d.108.1.1.aln -            178   1.3e-21   72.8   0.0   1   1     8e-23   1.4e-21   72.7   0.0    10   127     3   116     1   118 0.96 -
d2p0wa_d.108.1.1     -            319 d2cy2a1d.108.1.1.aln -            178   3.4e-21   71.5   0.0   1   2   4.1e-22   7.3e-21   70.4   0.0     1   178     8   225     8   225 0.99 -
d2p0wa_d.108.1.1     -            319 d2cy2a1d.108.1.1.aln -            178   3.4e-21   71.5   0.0   2   2       1.7        31   -0.0   0.0   100   112   224   236   223   238 0.88 -
d2fsra1d.108.1.1     -            164 d2cy2a1d.108.1.1.aln -            178   7.8e-20   67.0   0.0   1   1   4.8e-21   8.5e-20   66.9   0.0     6   166     2   163     1   164 0.95 -
d1y7ra1d.108.1.1     -            133 d2cy2a1d.108.1.1.aln -            178   1.1e-19   66.6   0.0   1   1   6.4e-21   1.1e-19   66.5   0.0    19   159     2   132     1   133 0.93 -
d1r57a_d.108.1.1     -            102 d2cy2a1d.108.1.1.aln -            178     5e-16   54.6   0.2   1   1   5.5e-17   9.8e-16   53.7   0.2    27   157     3    99     1   102 0.92 -
d1xmta_d.108.1.1     -             95 d2cy2a1d.108.1.1.aln -            178   2.4e-11   39.4   0.0   1   1   1.7e-12   3.1e-11   39.1   0.0    78   133    21    76     2    89 0.89 -
d2d4pa1d.108.1.1     -            130 d2cy2a1d.108.1.1.aln -            178   7.1e-10   34.6   0.1   1   1   5.7e-11     1e-09   34.1   0.1    12   151     1   120     1   129 0.94 -
d2cy2a1d.108.1.1     -            174 d2cy2a1d.108.1.1.aln -            178   3.8e-05   19.2   1.1   1   1   3.5e-06   6.3e-05   18.5   1.1    25   145    23   144    12   165 0.69 -
#
# Program:         hmmsearch
# Version:         3.3.2 (Nov 2020)
# Pipeline mode:   SEARCH
# Query file:      /home/elise/Documents/M1-BIM/S2/TMEs/SBAS/tme08/models/scop30/d2cy2a1d.108.1.1.aln.hmm
# Target file:     /home/elise/Documents/M1-BIM/S2/TMEs/SBAS/tme08/scop/scop/scopTestSeq.fasta
# Option settings: hmmsearch --domtblout /home/elise/Documents/M1-BIM/S2/TMEs/SBAS/tme08/searchResults/scop30/d2cy2a1d.108.1.1.aln.out -E 1 /home/elise/Documents/M1-BIM/S2/TMEs/SBAS/tme08/models/scop30/d2cy2a1d.108.1.1.aln.hmm /home/elise/Documents/M1-BIM/S2/TMEs/SBAS/tme08/scop/scop/scopTestSeq.fasta 
# Current dir:     /home/elise/Documents/M1-BIM/S2/TMEs/SBAS/tme08
# Date:            Thu Apr 10 10:02:35 2025
# [ok]
