#                                                                            --- full sequence --- -------------- this domain -------------   hmm coord   ali coord   env coord
# target name        accession   tlen query name           accession   qlen   E-value  score  bias   #  of  c-Evalue  i-Evalue  score  bias  from    to  from    to  from    to  acc description of target
#------------------- ---------- ----- -------------------- ---------- ----- --------- ------ ----- --- --- --------- --------- ------ ----- ----- ----- ----- ----- ----- ----- ---- ---------------------
d2drwa1e.3.1.1       -            362 d2dcfa1e.3.1.1.aln   -            333   1.1e-90  299.5   0.0   1   1   2.7e-92   1.3e-90  299.3   0.0     3   333     2   338     1   338 0.99 -
d2hdsa_e.3.1.1       -            358 d2dcfa1e.3.1.1.aln   -            333   2.2e-89  295.2   0.6   1   1   5.3e-91   2.4e-89  295.1   0.6     2   332     3   345     2   346 0.99 -
d1yqsa_e.3.1.1       -            345 d2dcfa1e.3.1.1.aln   -            333   4.7e-89  294.2   5.5   1   1   1.1e-90   5.2e-89  294.0   5.5     3   332     3   336     1   337 0.99 -
d2olua2e.3.1.1       -            400 d2dcfa1e.3.1.1.aln   -            333     1e-85  283.2  13.6   1   1   2.6e-87   1.2e-85  282.9  13.6     1   332    43   390    43   391 0.99 -
d1ei5a3e.3.1.1       -            333 d2dcfa1e.3.1.1.aln   -            333   1.1e-85  283.0   0.0   1   1   2.7e-87   1.3e-85  282.9   0.0     2   333     2   326     1   326 0.99 -
d2bg1a1e.3.1.1       -            453 d2dcfa1e.3.1.1.aln   -            333   2.3e-83  275.4  14.2   1   1   6.3e-85   2.9e-83  275.1  14.2     2   332    62   427    61   428 0.99 -
d1qmea4e.3.1.1       -            357 d2dcfa1e.3.1.1.aln   -            333   7.1e-82  270.5   7.2   1   1   1.7e-83   7.9e-82  270.4   7.2     2   333     7   357     6   357 0.99 -
d1ci9a_e.3.1.1       -            377 d2dcfa1e.3.1.1.aln   -            333   1.3e-81  269.7   0.0   1   1   3.1e-83   1.4e-81  269.5   0.0     3   333     4   363     2   363 0.99 -
d2v2ff_e.3.1.1       -            384 d2dcfa1e.3.1.1.aln   -            333   4.9e-80  264.5  16.6   1   1   1.2e-81   5.6e-80  264.3  16.6     2   326    36   384    35   384 0.99 -
d1vqqa3e.3.1.1       -            341 d2dcfa1e.3.1.1.aln   -            333     1e-78  260.2  15.0   1   1   2.4e-80   1.1e-78  260.0  15.0     2   332     3   340     2   341 0.99 -
d1tvfa2e.3.1.1       -            301 d2dcfa1e.3.1.1.aln   -            333     7e-76  250.8  17.6   1   1   1.7e-77   7.9e-76  250.7  17.6     2   316     8   301     7   301 0.99 -
d1e25a_e.3.1.1       -            278 d2dcfa1e.3.1.1.aln   -            333   3.3e-61  202.6   0.1   1   1   7.7e-63   3.6e-61  202.5   0.1    22   317     2   276     1   278 0.99 -
d1xp4a2e.3.1.1       -            269 d2dcfa1e.3.1.1.aln   -            333   1.3e-60  200.7   6.9   1   1   3.1e-62   1.4e-60  200.5   6.9    24   315     2   268     1   269 0.99 -
d2p74a_e.3.1.1       -            263 d2dcfa1e.3.1.1.aln   -            333     5e-55  182.3   1.8   1   1   1.2e-56   5.5e-55  182.2   1.8    21   309     2   260     1   263 0.99 -
d1es5a_e.3.1.1       -            260 d2dcfa1e.3.1.1.aln   -            333   4.5e-54  179.2  14.2   1   1   1.1e-55     5e-54  179.0  14.2    23   314     2   259     1   260 0.99 -
d1xa1a_e.3.1.1       -            246 d2dcfa1e.3.1.1.aln   -            333   1.2e-50  167.9  11.5   1   1   2.9e-52   1.4e-50  167.7  11.5    15   293     1   244     1   246 0.99 -
d1alqa_e.3.1.1       -            263 d2dcfa1e.3.1.1.aln   -            333     2e-48  160.6   7.2   1   1   4.9e-50   2.3e-48  160.4   7.2    21   310     2   263     1   263 0.99 -
#
# Program:         hmmsearch
# Version:         3.3.2 (Nov 2020)
# Pipeline mode:   SEARCH
# Query file:      /home/elise/Documents/M1-BIM/S2/TMEs/SBAS/tme08/models/scop30/d2dcfa1e.3.1.1.aln.hmm
# Target file:     /home/elise/Documents/M1-BIM/S2/TMEs/SBAS/tme08/scop/scop/scopTestSeq.fasta
# Option settings: hmmsearch --domtblout /home/elise/Documents/M1-BIM/S2/TMEs/SBAS/tme08/searchResults/scop30/d2dcfa1e.3.1.1.aln.out -E 1 /home/elise/Documents/M1-BIM/S2/TMEs/SBAS/tme08/models/scop30/d2dcfa1e.3.1.1.aln.hmm /home/elise/Documents/M1-BIM/S2/TMEs/SBAS/tme08/scop/scop/scopTestSeq.fasta 
# Current dir:     /home/elise/Documents/M1-BIM/S2/TMEs/SBAS/tme08
# Date:            Thu Apr 10 10:02:35 2025
# [ok]
