#                                                                            --- full sequence --- -------------- this domain -------------   hmm coord   ali coord   env coord
# target name        accession   tlen query name           accession   qlen   E-value  score  bias   #  of  c-Evalue  i-Evalue  score  bias  from    to  from    to  from    to  acc description of target
#------------------- ---------- ----- -------------------- ---------- ----- --------- ------ ----- --- --- --------- --------- ------ ----- ----- ----- ----- ----- ----- ----- ---- ---------------------
d2bwna1c.67.1.4      -            396 d2dkja_c.67.1.4.aln  -            395    2e-135  447.1   0.0   1   1  2.9e-137  2.3e-135  446.9   0.0     2   395     6   396     5   396 0.99 -
d1ohwa_c.67.1.4      -            461 d2dkja_c.67.1.4.aln  -            395  1.1e-134  444.7   0.0   1   1  1.5e-136  1.2e-134  444.6   0.0     2   394    15   457    14   458 0.99 -
d3piua_c.67.1.4      -            416 d2dkja_c.67.1.4.aln  -            395  5.1e-134  442.5   0.0   1   1  7.2e-136  5.7e-134  442.3   0.0     1   395     1   412     1   412 1.00 -
d1bs0a_c.67.1.4      -            383 d2dkja_c.67.1.4.aln  -            395  5.9e-134  442.3   0.0   1   1  8.3e-136  6.5e-134  442.2   0.0     4   394     1   382     1   383 0.99 -
d1zoda_c.67.1.4      -            431 d2dkja_c.67.1.4.aln  -            395  5.7e-133  439.1   0.0   1   1  8.1e-135  6.4e-133  438.9   0.0     1   394     2   426     2   427 0.99 -
d1vefa1c.67.1.4      -            387 d2dkja_c.67.1.4.aln  -            395  7.8e-123  405.7   0.0   1   1  1.1e-124  8.7e-123  405.5   0.0     4   394     1   385     1   386 0.99 -
d2fnua_c.67.1.4      -            373 d2dkja_c.67.1.4.aln  -            395  2.3e-119  394.3   2.4   1   1  3.2e-121  2.6e-119  394.1   2.4     1   392     3   373     3   373 1.00 -
d1o69a_c.67.1.4      -            374 d2dkja_c.67.1.4.aln  -            395  1.2e-117  388.5   0.6   1   1  1.8e-119  1.4e-117  388.4   0.6    11   392     2   374     1   374 0.99 -
d1w23a_c.67.1.4      -            360 d2dkja_c.67.1.4.aln  -            395  5.5e-116  383.1   0.4   1   1  7.8e-118  6.1e-116  383.0   0.4    17   394     1   360     1   360 1.00 -
d2epja_c.67.1.0      -            426 d2dkja_c.67.1.4.aln  -            395   7.9e-13   43.5   0.0   1   1   4.1e-14   3.2e-12   41.5   0.0    27   356    35   379    32   393 0.84 -
#
# Program:         hmmsearch
# Version:         3.3.2 (Nov 2020)
# Pipeline mode:   SEARCH
# Query file:      /home/elise/Documents/M1-BIM/S2/TMEs/SBAS/tme08/models/scop30/d2dkja_c.67.1.4.aln.hmm
# Target file:     /home/elise/Documents/M1-BIM/S2/TMEs/SBAS/tme08/scop/scop/scopTestSeq.fasta
# Option settings: hmmsearch --domtblout /home/elise/Documents/M1-BIM/S2/TMEs/SBAS/tme08/searchResults/scop30/d2dkja_c.67.1.4.aln.out -E 1 /home/elise/Documents/M1-BIM/S2/TMEs/SBAS/tme08/models/scop30/d2dkja_c.67.1.4.aln.hmm /home/elise/Documents/M1-BIM/S2/TMEs/SBAS/tme08/scop/scop/scopTestSeq.fasta 
# Current dir:     /home/elise/Documents/M1-BIM/S2/TMEs/SBAS/tme08
# Date:            Thu Apr 10 10:02:35 2025
# [ok]
