#                                                                            --- full sequence --- -------------- this domain -------------   hmm coord   ali coord   env coord
# target name        accession   tlen query name           accession   qlen   E-value  score  bias   #  of  c-Evalue  i-Evalue  score  bias  from    to  from    to  from    to  acc description of target
#------------------- ---------- ----- -------------------- ---------- ----- --------- ------ ----- --- --- --------- --------- ------ ----- ----- ----- ----- ----- ----- ----- ---- ---------------------
d2hdsa_e.3.1.1       -            358 d2drwa1e.3.1.1.aln   -            339   3.7e-95  314.6   0.5   1   1   9.4e-97   4.1e-95  314.4   0.5     2   339     2   338     1   338 0.99 -
d1yqsa_e.3.1.1       -            345 d2drwa1e.3.1.1.aln   -            339   1.8e-90  299.1   4.9   1   1   4.7e-92     2e-90  299.0   4.9     4   338     3   344     1   345 0.99 -
d2olua2e.3.1.1       -            400 d2drwa1e.3.1.1.aln   -            339   9.9e-90  296.7  16.1   1   1   2.6e-91   1.1e-89  296.5  16.1     3   338    15   362    13   363 0.99 -
d1ei5a3e.3.1.1       -            333 d2drwa1e.3.1.1.aln   -            339   1.6e-87  289.5   0.0   1   1     4e-89   1.7e-87  289.3   0.0     3   337     2   333     1   333 0.99 -
d2bg1a1e.3.1.1       -            453 d2drwa1e.3.1.1.aln   -            339   6.1e-87  287.6  14.5   1   1   1.7e-88   7.3e-87  287.3  14.5     2   338    29   406    28   407 0.99 -
d1qmea4e.3.1.1       -            357 d2drwa1e.3.1.1.aln   -            339   1.4e-86  286.3   5.9   1   1   3.6e-88   1.6e-86  286.2   5.9     2   338    15   351    14   352 0.99 -
d1vqqa3e.3.1.1       -            341 d2drwa1e.3.1.1.aln   -            339   1.6e-86  286.2  12.4   1   1   4.1e-88   1.8e-86  286.0  12.4     2   337     7   341     6   341 0.99 -
d2v2ff_e.3.1.1       -            384 d2drwa1e.3.1.1.aln   -            339   9.9e-86  283.6  22.0   1   1   2.6e-87   1.1e-85  283.4  22.0     3   339    27   363    25   363 0.99 -
d2dcfa1e.3.1.1       -            388 d2drwa1e.3.1.1.aln   -            339   3.7e-83  275.1   0.0   1   1   9.6e-85   4.2e-83  274.9   0.0     2   339    26   369    25   369 1.00 -
d1ci9a_e.3.1.1       -            377 d2drwa1e.3.1.1.aln   -            339   9.5e-81  267.2   0.0   1   1   2.4e-82   1.1e-80  267.0   0.0     4   337     4   353     1   355 0.99 -
d1tvfa2e.3.1.1       -            301 d2drwa1e.3.1.1.aln   -            339   1.3e-78  260.1  17.9   1   1   3.3e-80   1.5e-78  260.0  17.9     2   327     2   301     1   301 0.99 -
d1e25a_e.3.1.1       -            278 d2drwa1e.3.1.1.aln   -            339     1e-68  227.6   0.1   1   1   2.5e-70   1.1e-68  227.5   0.1    21   328     4   276     1   278 0.99 -
d1xp4a2e.3.1.1       -            269 d2drwa1e.3.1.1.aln   -            339   7.8e-64  211.6   6.4   1   1     2e-65   8.7e-64  211.4   6.4    30   327     2   269     1   269 0.99 -
d2p74a_e.3.1.1       -            263 d2drwa1e.3.1.1.aln   -            339   1.9e-61  203.8   1.5   1   1   4.7e-63     2e-61  203.6   1.5    18   323     2   262     1   263 0.98 -
d1es5a_e.3.1.1       -            260 d2drwa1e.3.1.1.aln   -            339   3.6e-58  193.0  15.1   1   1   8.9e-60   3.9e-58  192.8  15.1    30   325     3   259     1   260 0.98 -
d1alqa_e.3.1.1       -            263 d2drwa1e.3.1.1.aln   -            339     2e-53  177.4   7.7   1   1     5e-55   2.2e-53  177.2   7.7     3   286    24   262    22   263 0.98 -
d1xa1a_e.3.1.1       -            246 d2drwa1e.3.1.1.aln   -            339   5.5e-51  169.3   9.9   1   1   1.5e-52   6.5e-51  169.1   9.9    14   328     2   246     1   246 0.99 -
d2drwa1e.3.1.1       -            362 d2drwa1e.3.1.1.aln   -            339     2e-05   19.6   0.0   1   2   1.2e-05   0.00052   14.9   0.0    41    93    39   117    37   131 0.82 -
d2drwa1e.3.1.1       -            362 d2drwa1e.3.1.1.aln   -            339     2e-05   19.6   0.0   2   2     0.073       3.2    2.4   0.0   144   187   144   187   141   202 0.90 -
#
# Program:         hmmsearch
# Version:         3.3.2 (Nov 2020)
# Pipeline mode:   SEARCH
# Query file:      /home/elise/Documents/M1-BIM/S2/TMEs/SBAS/tme08/models/scop30/d2drwa1e.3.1.1.aln.hmm
# Target file:     /home/elise/Documents/M1-BIM/S2/TMEs/SBAS/tme08/scop/scop/scopTestSeq.fasta
# Option settings: hmmsearch --domtblout /home/elise/Documents/M1-BIM/S2/TMEs/SBAS/tme08/searchResults/scop30/d2drwa1e.3.1.1.aln.out -E 1 /home/elise/Documents/M1-BIM/S2/TMEs/SBAS/tme08/models/scop30/d2drwa1e.3.1.1.aln.hmm /home/elise/Documents/M1-BIM/S2/TMEs/SBAS/tme08/scop/scop/scopTestSeq.fasta 
# Current dir:     /home/elise/Documents/M1-BIM/S2/TMEs/SBAS/tme08
# Date:            Thu Apr 10 10:02:36 2025
# [ok]
