#                                                                            --- full sequence --- -------------- this domain -------------   hmm coord   ali coord   env coord
# target name        accession   tlen query name           accession   qlen   E-value  score  bias   #  of  c-Evalue  i-Evalue  score  bias  from    to  from    to  from    to  acc description of target
#------------------- ---------- ----- -------------------- ---------- ----- --------- ------ ----- --- --- --------- --------- ------ ----- ----- ----- ----- ----- ----- ----- ---- ---------------------
d1b5qa1c.3.1.2       -            348 d2dw4a2c.3.1.2.aln   -            348   2.8e-98  324.7   0.1   1   1   1.1e-99   3.1e-98  324.5   0.1     4   348     1   346     1   346 0.99 -
d2f5va1c.3.1.2       -            380 d2dw4a2c.3.1.2.aln   -            348   7.3e-97  320.0   0.0   1   1   2.8e-98   8.2e-97  319.8   0.0     2   348     3   372     2   372 1.00 -
d1kdga1c.3.1.2       -            361 d2dw4a2c.3.1.2.aln   -            348   5.9e-95  313.7   0.0   1   1   2.3e-96   6.6e-95  313.6   0.0     2   347     1   355     1   356 1.00 -
d1pn0a1c.3.1.2       -            361 d2dw4a2c.3.1.2.aln   -            348     4e-92  304.4   0.0   1   1   1.5e-93   4.5e-92  304.3   0.0     2   347     6   355     5   356 0.99 -
d2gmha1c.3.1.2       -            381 d2dw4a2c.3.1.2.aln   -            348   1.6e-91  302.4   0.0   1   1   6.3e-93   1.9e-91  302.2   0.0     3   347    32   377    30   378 0.99 -
d1n4wa1c.3.1.2       -            368 d2dw4a2c.3.1.2.aln   -            348   2.1e-90  298.8   0.3   1   1   7.9e-92   2.3e-90  298.6   0.3     3   348     2   364     1   364 0.99 -
d2iida1c.3.1.2       -            371 d2dw4a2c.3.1.2.aln   -            348   5.2e-88  290.9   0.0   1   1     2e-89   5.8e-88  290.7   0.0     3   348     4   371     2   371 0.99 -
d1seza1c.3.1.2       -            374 d2dw4a2c.3.1.2.aln   -            348   8.1e-88  290.3   0.0   1   1   3.1e-89     9e-88  290.1   0.0     4   347     2   371     1   372 0.99 -
d1ju2a1c.3.1.2       -            352 d2dw4a2c.3.1.2.aln   -            348     2e-82  272.5   0.2   1   1   7.6e-84   2.2e-82  272.4   0.2     2   345     9   352     8   352 0.99 -
d2ivda1c.3.1.2       -            348 d2dw4a2c.3.1.2.aln   -            348   4.1e-74  245.2   3.3   1   1   1.5e-75   4.5e-74  245.0   3.3     4   344     1   348     1   348 0.99 -
d1pj5a2c.3.1.2       -            306 d2dw4a2c.3.1.2.aln   -            348   3.6e-73  242.1   0.2   1   1   1.4e-74     4e-73  241.9   0.2     3   338     1   303     1   306 0.99 -
d1ryia1c.3.1.2       -            277 d2dw4a2c.3.1.2.aln   -            348   4.7e-70  231.8   0.0   1   1   1.8e-71   5.2e-70  231.7   0.0     2   314     3   276     2   277 0.99 -
d1k0ia1c.3.1.2       -            293 d2dw4a2c.3.1.2.aln   -            348   6.3e-68  224.8   0.1   1   1   2.4e-69     7e-68  224.7   0.1     2   335     1   292     1   293 0.99 -
d2gf3a1c.3.1.2       -            282 d2dw4a2c.3.1.2.aln   -            348   3.4e-66  219.1   0.0   1   1   1.3e-67   3.8e-66  219.0   0.0     2   317     2   280     1   282 0.98 -
d3c96a1c.3.1.2       -            289 d2dw4a2c.3.1.2.aln   -            348   7.9e-63  208.1   1.3   1   1     3e-64   8.8e-63  207.9   1.3     4   334     2   288     1   289 0.99 -
d2voua1c.3.1.2       -            266 d2dw4a2c.3.1.2.aln   -            348   1.7e-54  180.6   0.3   1   1   6.6e-56   1.9e-54  180.5   0.3     2   322     3   265     2   266 0.99 -
d1nhpa2c.3.1.5       -            123 d2dw4a2c.3.1.2.aln   -            348   4.1e-06   21.5   3.5   1   1   8.5e-07   2.5e-05   19.0   3.5     5   109    32   121    31   123 0.72 -
d2dw4a2c.3.1.2       -            450 d2dw4a2c.3.1.2.aln   -            348   9.8e-06   20.3   0.3   1   2   9.2e-07   2.7e-05   18.9   0.3     6    35     8    37     5    50 0.84 -
d2dw4a2c.3.1.2       -            450 d2dw4a2c.3.1.2.aln   -            348   9.8e-06   20.3   0.3   2   2         3        87   -2.5   0.0   197   251   332   388   329   391 0.76 -
d1xhca2c.3.1.5       -            122 d2dw4a2c.3.1.2.aln   -            348   1.3e-05   19.9   0.1   1   1   5.1e-07   1.5e-05   19.7   0.1     5    35    34    64    32    99 0.94 -
d1w4xa1c.3.1.5       -            299 d2dw4a2c.3.1.2.aln   -            348   0.00011   16.9   0.4   1   1   5.7e-06   0.00017   16.3   0.4     3    36     7    40     5    44 0.89 -
d1fl2a2c.3.1.5       -            126 d2dw4a2c.3.1.2.aln   -            348   0.00015   16.4   0.2   1   1   7.2e-06   0.00021   15.9   0.2     5    40    32    66    30    75 0.94 -
d1gpja2c.2.1.7       -            159 d2dw4a2c.3.1.2.aln   -            348   0.00091   13.8   0.2   1   1     4e-05    0.0012   13.5   0.2     6    32    27    53    25    90 0.90 -
d1v59a1c.3.1.5       -            234 d2dw4a2c.3.1.2.aln   -            348    0.0014   13.2   0.4   1   1   6.5e-05    0.0019   12.8   0.4     5    35     7    37     3    43 0.90 -
d1v59a2c.3.1.5       -            122 d2dw4a2c.3.1.2.aln   -            348    0.0015   13.1   0.1   1   1   6.3e-05    0.0019   12.8   0.1     5    42    25    61    21    70 0.76 -
d2gv8a1c.3.1.5       -            336 d2dw4a2c.3.1.2.aln   -            348    0.0046   11.5   0.1   1   1   0.00027    0.0078   10.8   0.1     6    23     7    24     6    43 0.81 -
d1fl2a1c.3.1.5       -            185 d2dw4a2c.3.1.2.aln   -            348    0.0066   11.0   1.2   1   1   0.00032    0.0094   10.5   1.2     4    19     2    17     1    27 0.93 -
d2igia_c.55.3.5      -            180 d2dw4a2c.3.1.2.aln   -            348    0.0077   10.8   0.0   1   1   0.00037     0.011   10.3   0.0   276   341    83   142    75   147 0.89 -
#
# Program:         hmmsearch
# Version:         3.3.2 (Nov 2020)
# Pipeline mode:   SEARCH
# Query file:      /home/elise/Documents/M1-BIM/S2/TMEs/SBAS/tme08/models/scop30/d2dw4a2c.3.1.2.aln.hmm
# Target file:     /home/elise/Documents/M1-BIM/S2/TMEs/SBAS/tme08/scop/scop/scopTestSeq.fasta
# Option settings: hmmsearch --domtblout /home/elise/Documents/M1-BIM/S2/TMEs/SBAS/tme08/searchResults/scop30/d2dw4a2c.3.1.2.aln.out -E 1 /home/elise/Documents/M1-BIM/S2/TMEs/SBAS/tme08/models/scop30/d2dw4a2c.3.1.2.aln.hmm /home/elise/Documents/M1-BIM/S2/TMEs/SBAS/tme08/scop/scop/scopTestSeq.fasta 
# Current dir:     /home/elise/Documents/M1-BIM/S2/TMEs/SBAS/tme08
# Date:            Thu Apr 10 10:02:36 2025
# [ok]
