#                                                                            --- full sequence --- -------------- this domain -------------   hmm coord   ali coord   env coord
# target name        accession   tlen query name           accession   qlen   E-value  score  bias   #  of  c-Evalue  i-Evalue  score  bias  from    to  from    to  from    to  acc description of target
#------------------- ---------- ----- -------------------- ---------- ----- --------- ------ ----- --- --- --------- --------- ------ ----- ----- ----- ----- ----- ----- ----- ---- ---------------------
d1ofda2c.1.4.1       -            809 d2e6fa_c.1.4.1.aln   -            778         0 1466.3   0.0   1   1         0         0 1466.1   0.0     1   778     1   809     1   809 1.00 -
d1p4ca_c.1.4.1       -            353 d2e6fa_c.1.4.1.aln   -            778  2.7e-101  335.5   0.0   1   1  3.4e-103    3e-101  335.3   0.0   387   742     1   352     1   353 0.99 -
d1vyra_c.1.4.1       -            363 d2e6fa_c.1.4.1.aln   -            778   1.7e-84  279.9   0.0   1   1   2.2e-86   1.9e-84  279.8   0.0   406   756     1   362     1   363 0.99 -
d1djqa1c.1.4.1       -            340 d2e6fa_c.1.4.1.aln   -            778   7.1e-81  267.9   0.0   1   1     9e-83   7.9e-81  267.8   0.0   418   749     2   339     1   340 0.99 -
d1p0ka_c.1.4.1       -            329 d2e6fa_c.1.4.1.aln   -            778   1.8e-78  260.0   0.0   1   1   2.3e-80     2e-78  259.8   0.0   421   762     1   328     1   329 0.99 -
d1ep3a_c.1.4.1       -            311 d2e6fa_c.1.4.1.aln   -            778   2.6e-72  239.6   0.0   1   1   3.3e-74   2.9e-72  239.5   0.0   422   743     2   310     1   311 0.99 -
d1vhna_c.1.4.1       -            305 d2e6fa_c.1.4.1.aln   -            778   1.4e-67  224.0   0.0   1   1   1.7e-69   1.5e-67  223.8   0.0   431   742     2   303     1   305 0.99 -
d1gtea2c.1.4.1       -            312 d2e6fa_c.1.4.1.aln   -            778   1.2e-64  214.3   0.0   1   1   1.5e-66   1.3e-64  214.2   0.0   421   733     3   312     1   312 0.99 -
d2e6fa_c.1.4.1       -            312 d2e6fa_c.1.4.1.aln   -            778    0.0029   11.3   0.0   1   1   3.9e-05    0.0034   11.0   0.0   648   740   225   310   186   312 0.76 -
#
# Program:         hmmsearch
# Version:         3.3.2 (Nov 2020)
# Pipeline mode:   SEARCH
# Query file:      /home/elise/Documents/M1-BIM/S2/TMEs/SBAS/tme08/models/scop30/d2e6fa_c.1.4.1.aln.hmm
# Target file:     /home/elise/Documents/M1-BIM/S2/TMEs/SBAS/tme08/scop/scop/scopTestSeq.fasta
# Option settings: hmmsearch --domtblout /home/elise/Documents/M1-BIM/S2/TMEs/SBAS/tme08/searchResults/scop30/d2e6fa_c.1.4.1.aln.out -E 1 /home/elise/Documents/M1-BIM/S2/TMEs/SBAS/tme08/models/scop30/d2e6fa_c.1.4.1.aln.hmm /home/elise/Documents/M1-BIM/S2/TMEs/SBAS/tme08/scop/scop/scopTestSeq.fasta 
# Current dir:     /home/elise/Documents/M1-BIM/S2/TMEs/SBAS/tme08
# Date:            Thu Apr 10 10:02:36 2025
# [ok]
