#                                                                            --- full sequence --- -------------- this domain -------------   hmm coord   ali coord   env coord
# target name        accession   tlen query name           accession   qlen   E-value  score  bias   #  of  c-Evalue  i-Evalue  score  bias  from    to  from    to  from    to  acc description of target
#------------------- ---------- ----- -------------------- ---------- ----- --------- ------ ----- --- --- --------- --------- ------ ----- ----- ----- ----- ----- ----- ----- ---- ---------------------
d1xoca1c.94.1.1      -            504 d2esna2c.94.1.1.aln  -            330   2.7e-66  219.6  16.8   1   2       6.8   1.8e+02   -2.8   0.0   179   209    69    99    58   102 0.74 -
d1xoca1c.94.1.1      -            504 d2esna2c.94.1.1.aln  -            330   2.7e-66  219.6  16.8   2   2     1e-67   2.7e-66  219.6  16.8     1   330   119   472   119   472 0.99 -
d2nooa_c.94.1.1      -            496 d2esna2c.94.1.1.aln  -            330   3.6e-65  216.0   0.4   1   2       1.8        48   -1.0   0.2   260   304    62   106    25   112 0.74 -
d2nooa_c.94.1.1      -            496 d2esna2c.94.1.1.aln  -            330   3.6e-65  216.0   0.4   2   2   1.4e-66   3.6e-65  216.0   0.4     1   330   113   466   113   466 1.00 -
d1jeta_c.94.1.1      -            517 d2esna2c.94.1.1.aln  -            330   4.6e-65  215.6   9.6   1   1   2.2e-66   5.9e-65  215.2   9.6     1   330   142   484   142   484 1.00 -
d1uqwa_c.94.1.1      -            487 d2esna2c.94.1.1.aln  -            330   1.7e-64  213.7  10.1   1   1   8.6e-66   2.3e-64  213.3  10.1     1   330   116   457   116   457 0.99 -
d3vlva_c.94.1.1      -            490 d2esna2c.94.1.1.aln  -            330   3.4e-64  212.8   6.5   1   1   1.6e-65   4.2e-64  212.4   6.5     2   329   112   461   111   462 0.99 -
d1vr5a1c.94.1.1      -            535 d2esna2c.94.1.1.aln  -            330   2.5e-63  209.9   5.1   1   1   1.2e-64   3.2e-63  209.5   5.1     1   330   117   489   117   489 0.99 -
d1ursa_c.94.1.1      -            367 d2esna2c.94.1.1.aln  -            330   7.4e-60  198.5   6.8   1   1   3.6e-61   9.5e-60  198.2   6.8     6   325    37   366    37   367 0.99 -
d1eu8a_c.94.1.1      -            407 d2esna2c.94.1.1.aln  -            330   7.3e-58  192.0   6.6   1   1   3.2e-59   8.5e-58  191.8   6.6     2   330    62   407    61   407 0.99 -
d1pb7a_c.94.1.1      -            289 d2esna2c.94.1.1.aln  -            330   4.5e-54  179.5   0.0   1   1   1.9e-55     5e-54  179.4   0.0     1   298     1   288     1   289 0.99 -
d3thia_c.94.1.1      -            362 d2esna2c.94.1.1.aln  -            330   2.4e-53  177.2   0.3   1   1     1e-54   2.7e-53  177.0   0.3     2   330     4   350     3   350 0.99 -
d1q35a_c.94.1.1      -            318 d2esna2c.94.1.1.aln  -            330   3.1e-52  173.5   2.6   1   1   1.3e-53   3.5e-52  173.4   2.6     9   322     3   318     1   318 0.99 -
d1ixha_c.94.1.1      -            321 d2esna2c.94.1.1.aln  -            330   3.8e-51  169.9  10.7   1   1   1.6e-52   4.2e-51  169.8  10.7    12   329     5   321     1   321 0.99 -
d1r9la_c.94.1.1      -            309 d2esna2c.94.1.1.aln  -            330   3.7e-48  160.2   8.1   1   1   1.6e-49   4.1e-48  160.0   8.1    11   330     2   301     1   301 0.99 -
d1sbpa_c.94.1.1      -            309 d2esna2c.94.1.1.aln  -            330     4e-46  153.5   8.6   1   1   1.7e-47   4.5e-46  153.3   8.6     9   322     3   309     1   309 0.99 -
d1nnfa_c.94.1.1      -            308 d2esna2c.94.1.1.aln  -            330   2.4e-45  150.9  12.3   1   1     1e-46   2.7e-45  150.8  12.3     8   316     2   307     1   308 0.99 -
d1us5a_c.94.1.1      -            298 d2esna2c.94.1.1.aln  -            330   8.5e-40  132.7   0.6   1   1   3.6e-41   9.5e-40  132.6   0.6     6   302     2   297     1   298 0.99 -
d2nxoa1c.94.1.1      -            277 d2esna2c.94.1.1.aln  -            330   2.9e-38  127.7   0.0   1   1   1.2e-39   3.2e-38  127.5   0.0    11   285     2   275     1   277 0.98 -
d1al3a_c.94.1.1      -            237 d2esna2c.94.1.1.aln  -            330     6e-34  113.5   0.0   1   1   2.5e-35   6.6e-34  113.4   0.0     8   260     2   234     1   237 0.98 -
d2czla1c.94.1.1      -            270 d2esna2c.94.1.1.aln  -            330   6.6e-33  110.1   0.0   1   1   2.9e-34   7.7e-33  109.9   0.0    13   286     3   268     1   269 0.97 -
d1sw5a_c.94.1.1      -            270 d2esna2c.94.1.1.aln  -            330   6.6e-33  110.1   3.5   1   1   2.7e-34   7.2e-33  110.0   3.5     8   287     2   266     1   270 0.98 -
d1twya_c.94.1.1      -            249 d2esna2c.94.1.1.aln  -            330   3.8e-32  107.6   0.2   1   1   1.8e-33   4.8e-32  107.3   0.2    19   284     8   247     2   248 0.97 -
d2i6ea1c.94.1.1      -            272 d2esna2c.94.1.1.aln  -            330     1e-31  106.2   0.0   1   1   4.5e-33   1.2e-31  106.0   0.0    13   277     3   270     1   271 0.95 -
d1xt8a1c.94.1.1      -            248 d2esna2c.94.1.1.aln  -            330   2.5e-30  101.7   4.6   1   1   1.2e-31   3.2e-30  101.3   4.6    19   270     7   243     2   247 0.96 -
d1atga_c.94.1.1      -            231 d2esna2c.94.1.1.aln  -            330     5e-27   90.8   2.2   1   1   2.2e-28   5.8e-27   90.6   2.2    14   251     5   228     2   231 0.97 -
d1ii5a_c.94.1.1      -            226 d2esna2c.94.1.1.aln  -            330     1e-26   89.8   0.3   1   1   4.3e-28   1.1e-26   89.7   0.3    12   247     1   224     1   226 0.98 -
d2ozza1c.94.1.1      -            228 d2esna2c.94.1.1.aln  -            330   1.5e-24   82.7   0.0   1   1   6.5e-26   1.7e-24   82.5   0.0    14   252     3   224     1   227 0.97 -
d1i6aa_c.94.1.1      -            212 d2esna2c.94.1.1.aln  -            330   3.8e-20   68.3   0.0   1   1   1.6e-21   4.2e-20   68.1   0.0     9   252     2   212     1   212 0.98 -
d2qmwa1c.94.1.1      -            184 d2esna2c.94.1.1.aln  -            330   7.8e-17   57.4   0.2   1   1   1.2e-16     3e-15   52.2   0.2    12   251     1   183     1   184 0.96 -
d1ixca2c.94.1.1      -            205 d2esna2c.94.1.1.aln  -            330   4.7e-15   51.5   0.0   1   1   2.4e-16   6.3e-15   51.1   0.0    12   256     2   204     1   205 0.96 -
d1ve4a1c.94.1.1      -            206 d2esna2c.94.1.1.aln  -            330   9.1e-13   44.1   0.0   1   1   4.4e-14   1.2e-12   43.7   0.0    30   248    10   201     3   204 0.94 -
#
# Program:         hmmsearch
# Version:         3.3.2 (Nov 2020)
# Pipeline mode:   SEARCH
# Query file:      /home/elise/Documents/M1-BIM/S2/TMEs/SBAS/tme08/models/scop30/d2esna2c.94.1.1.aln.hmm
# Target file:     /home/elise/Documents/M1-BIM/S2/TMEs/SBAS/tme08/scop/scop/scopTestSeq.fasta
# Option settings: hmmsearch --domtblout /home/elise/Documents/M1-BIM/S2/TMEs/SBAS/tme08/searchResults/scop30/d2esna2c.94.1.1.aln.out -E 1 /home/elise/Documents/M1-BIM/S2/TMEs/SBAS/tme08/models/scop30/d2esna2c.94.1.1.aln.hmm /home/elise/Documents/M1-BIM/S2/TMEs/SBAS/tme08/scop/scop/scopTestSeq.fasta 
# Current dir:     /home/elise/Documents/M1-BIM/S2/TMEs/SBAS/tme08
# Date:            Thu Apr 10 10:02:36 2025
# [ok]
