#                                                                            --- full sequence --- -------------- this domain -------------   hmm coord   ali coord   env coord
# target name        accession   tlen query name           accession   qlen   E-value  score  bias   #  of  c-Evalue  i-Evalue  score  bias  from    to  from    to  from    to  acc description of target
#------------------- ---------- ----- -------------------- ---------- ----- --------- ------ ----- --- --- --------- --------- ------ ----- ----- ----- ----- ----- ----- ----- ---- ---------------------
d2pq8a_d.108.1.1     -            271 d2euia1d.108.1.1.aln -            230   1.5e-86  285.7   0.5   1   1   9.1e-88   1.6e-86  285.5   0.5     1   230     1   271     1   271 1.00 -
d1boba_d.108.1.1     -            315 d2euia1d.108.1.1.aln -            230   3.7e-57  189.5   0.8   1   1   2.6e-58   4.7e-57  189.1   0.8     1   203    75   315    75   315 1.00 -
d2p0wa_d.108.1.1     -            319 d2euia1d.108.1.1.aln -            230   4.7e-53  176.0   0.1   1   1   3.3e-54     6e-53  175.7   0.1     1   200    83   319    83   319 0.99 -
d1p0ha_d.108.1.1     -            308 d2euia1d.108.1.1.aln -            230     1e-45  152.0   0.0   1   3   4.1e-45   7.4e-44  146.0   0.0    22   230     2   227     1   227 0.99 -
d1p0ha_d.108.1.1     -            308 d2euia1d.108.1.1.aln -            230     1e-45  152.0   0.0   2   3       2.2        39   -0.4   0.0   117   133   233   249   229   253 0.84 -
d1p0ha_d.108.1.1     -            308 d2euia1d.108.1.1.aln -            230     1e-45  152.0   0.0   3   3      0.33       5.9    2.3   0.0   148   173   276   299   271   306 0.75 -
d1tiqa_d.108.1.1     -            173 d2euia1d.108.1.1.aln -            230   7.9e-34  113.1   0.6   1   1   5.1e-35   9.1e-34  112.9   0.6    29   196     3   171     1   172 0.97 -
d1n71a_d.108.1.1     -            180 d2euia1d.108.1.1.aln -            230   2.7e-30  101.6   0.0   1   1   1.7e-31     3e-30  101.4   0.0    33   212     2   179     1   180 0.97 -
d2gana1d.108.1.1     -            182 d2euia1d.108.1.1.aln -            230   2.8e-28   95.0   0.1   1   1   1.7e-29     3e-28   94.9   0.1    18   188     1   179     1   182 0.96 -
d1i12a_d.108.1.1     -            157 d2euia1d.108.1.1.aln -            230   2.1e-26   88.9   0.0   1   1   1.3e-27   2.3e-26   88.7   0.0    25   181     3   156     1   157 0.98 -
d1z4ea1d.108.1.1     -            150 d2euia1d.108.1.1.aln -            230   3.3e-26   88.2   0.1   1   1   2.1e-27   3.8e-26   88.0   0.1    28   177     3   145     1   148 0.96 -
d2b5ga_d.108.1.1     -            168 d2euia1d.108.1.1.aln -            230   1.3e-25   86.3   0.1   1   1   7.9e-27   1.4e-25   86.1   0.1    33   189     8   162     1   167 0.93 -
d2ae6a1d.108.1.1     -            161 d2euia1d.108.1.1.aln -            230   1.7e-24   82.6   0.1   1   1   1.2e-25   2.1e-24   82.3   0.1    36   192     6   158     2   160 0.95 -
d1u6ma_d.108.1.1     -            189 d2euia1d.108.1.1.aln -            230   1.6e-23   79.4   0.1   1   1     1e-24   1.8e-23   79.3   0.1    42   190    18   187     4   189 0.95 -
d1wwza1d.108.1.1     -            157 d2euia1d.108.1.1.aln -            230   1.6e-23   79.4   0.2   1   1     1e-24   1.9e-23   79.2   0.2    30   183     1   153     1   156 0.97 -
d2fiaa1d.108.1.1     -            157 d2euia1d.108.1.1.aln -            230     1e-22   76.8   0.7   1   1   6.5e-24   1.2e-22   76.6   0.7    26   193     3   154     1   156 0.96 -
d1qsma_d.108.1.1     -            150 d2euia1d.108.1.1.aln -            230   5.3e-22   74.4   0.0   1   1   3.2e-23   5.7e-22   74.3   0.0    27   182     2   148     1   150 0.95 -
d1vkca_d.108.1.1     -            149 d2euia1d.108.1.1.aln -            230   2.9e-21   72.1   1.2   1   1   1.8e-22   3.3e-21   71.9   1.2    29   173     3   140     1   148 0.92 -
d2fcka1d.108.1.1     -            178 d2euia1d.108.1.1.aln -            230   6.4e-21   70.9   0.1   1   1   3.8e-22   6.7e-21   70.8   0.1    32   193     8   176     1   178 0.94 -
d1ufha_d.108.1.1     -            155 d2euia1d.108.1.1.aln -            230   3.2e-20   68.6   0.5   1   1   2.1e-21   3.8e-20   68.4   0.5    33   178     3   151     1   154 0.92 -
d1cjwa_d.108.1.1     -            166 d2euia1d.108.1.1.aln -            230   6.3e-20   67.7   0.0   1   1   3.7e-21   6.7e-20   67.6   0.0    35   192     6   165     1   166 0.97 -
d1y9ka1d.108.1.1     -            152 d2euia1d.108.1.1.aln -            230   3.1e-19   65.4   0.0   1   1   2.3e-20   4.1e-19   65.0   0.0    68   194    24   149     9   151 0.87 -
d1nsla_d.108.1.1     -            180 d2euia1d.108.1.1.aln -            230   4.9e-19   64.8   0.1   1   1   3.2e-20   5.8e-19   64.5   0.1    26   195     2   177     1   179 0.95 -
d1y9wa1d.108.1.1     -            140 d2euia1d.108.1.1.aln -            230   5.1e-19   64.7   0.6   1   1   3.1e-20   5.5e-19   64.6   0.6    41   193     8   140     1   140 0.84 -
d1mk4a_d.108.1.1     -            157 d2euia1d.108.1.1.aln -            230   1.5e-18   63.2   0.0   1   1   8.6e-20   1.5e-18   63.1   0.0    39   184     6   137     1   156 0.87 -
d1yx0a1d.108.1.1     -            151 d2euia1d.108.1.1.aln -            230   3.9e-18   61.8   0.0   1   1   2.3e-19   4.1e-18   61.7   0.0    34   192     2   150     1   151 0.91 -
d1z4ra1d.108.1.1     -            162 d2euia1d.108.1.1.aln -            230   7.2e-18   60.9   0.0   1   1   4.3e-19   7.7e-18   60.8   0.0    30   194     3   160     1   162 0.94 -
d2g3aa1d.108.1.1     -            137 d2euia1d.108.1.1.aln -            230   1.3e-17   60.1   0.0   1   1   8.4e-19   1.5e-17   59.9   0.0    51   192    10   136     3   137 0.88 -
d2cy2a1d.108.1.1     -            174 d2euia1d.108.1.1.aln -            230   1.6e-17   59.8   0.2   1   1     1e-18   1.8e-17   59.6   0.2    47   196    22   172     7   174 0.88 -
d1bo4a_d.108.1.1     -            137 d2euia1d.108.1.1.aln -            230   5.1e-17   58.2   0.0   1   1   3.1e-18   5.5e-17   58.0   0.0    28   170     2   137     1   137 0.97 -
d2fl4a1d.108.1.1     -            146 d2euia1d.108.1.1.aln -            230   8.6e-17   57.4   0.6   1   1   5.2e-18   9.4e-17   57.3   0.6    30   190     1   144     1   146 0.92 -
d2fiwa1d.108.1.1     -            156 d2euia1d.108.1.1.aln -            230   9.8e-17   57.2   0.0   1   1   5.8e-18     1e-16   57.1   0.0    37   193     4   154     1   156 0.92 -
d2atra1d.108.1.1     -            137 d2euia1d.108.1.1.aln -            230   1.7e-16   56.4   0.1   1   1   1.1e-17   1.9e-16   56.3   0.1    33   185     2   134     1   137 0.90 -
d2jdca1d.108.1.1     -            145 d2euia1d.108.1.1.aln -            230   3.5e-16   55.4   0.1   1   1   2.1e-17   3.8e-16   55.3   0.1    37   193     6   144     1   145 0.90 -
d1ghea_d.108.1.1     -            170 d2euia1d.108.1.1.aln -            230   3.6e-16   55.4   0.0   1   1   2.1e-17   3.7e-16   55.3   0.0    34   193     9   168     1   170 0.88 -
d1q2ya_d.108.1.1     -            140 d2euia1d.108.1.1.aln -            230   5.4e-15   51.5   0.1   1   1   3.6e-16   6.4e-15   51.3   0.1    40   191     7   139     2   140 0.90 -
d1y7ra1d.108.1.1     -            133 d2euia1d.108.1.1.aln -            230   6.8e-15   51.2   0.0   1   1   4.2e-16   7.5e-15   51.0   0.0    44   180    10   128     2   133 0.94 -
d1m4ia_d.108.1.1     -            181 d2euia1d.108.1.1.aln -            230   7.1e-14   47.9   0.0   1   1   4.6e-15   8.2e-14   47.7   0.0    22   190     1   176     1   180 0.94 -
d2aj6a1d.108.1.1     -            118 d2euia1d.108.1.1.aln -            230   3.3e-13   45.7   0.1   1   1     2e-14   3.5e-13   45.6   0.1    31   152     3   116     1   118 0.86 -
d1xeba_d.108.1.1     -            149 d2euia1d.108.1.1.aln -            230     1e-12   44.1   0.2   1   1   6.2e-14   1.1e-12   43.9   0.2    29   190     3   147     1   149 0.94 -
d1yk3a1d.108.1.1     -            198 d2euia1d.108.1.1.aln -            230   1.3e-12   43.7   0.0   1   1   8.5e-14   1.5e-12   43.5   0.0    29   192     5   195     1   197 0.95 -
d2euia1d.108.1.1     -            153 d2euia1d.108.1.1.aln -            230   1.4e-12   43.6   0.1   1   1   9.4e-14   1.7e-12   43.4   0.1    54   173    21   137     4   147 0.79 -
d2fsra1d.108.1.1     -            164 d2euia1d.108.1.1.aln -            230   1.2e-09   34.0   0.0   1   1   7.1e-11   1.3e-09   33.9   0.0    35   190     4   162     1   164 0.90 -
d1xmta_d.108.1.1     -             95 d2euia1d.108.1.1.aln -            230     4e-07   25.8   0.0   1   1   2.2e-08     4e-07   25.8   0.0    70   164     5    78     1    94 0.87 -
d1r57a_d.108.1.1     -            102 d2euia1d.108.1.1.aln -            230   0.00012   17.7   0.0   1   1   6.5e-06   0.00012   17.7   0.0   113   159    33    80     5   100 0.82 -
d2d4pa1d.108.1.1     -            130 d2euia1d.108.1.1.aln -            230   0.00013   17.5   0.0   1   1   8.9e-06   0.00016   17.3   0.0    36   171     2   115     1   128 0.94 -
#
# Program:         hmmsearch
# Version:         3.3.2 (Nov 2020)
# Pipeline mode:   SEARCH
# Query file:      /home/elise/Documents/M1-BIM/S2/TMEs/SBAS/tme08/models/scop30/d2euia1d.108.1.1.aln.hmm
# Target file:     /home/elise/Documents/M1-BIM/S2/TMEs/SBAS/tme08/scop/scop/scopTestSeq.fasta
# Option settings: hmmsearch --domtblout /home/elise/Documents/M1-BIM/S2/TMEs/SBAS/tme08/searchResults/scop30/d2euia1d.108.1.1.aln.out -E 1 /home/elise/Documents/M1-BIM/S2/TMEs/SBAS/tme08/models/scop30/d2euia1d.108.1.1.aln.hmm /home/elise/Documents/M1-BIM/S2/TMEs/SBAS/tme08/scop/scop/scopTestSeq.fasta 
# Current dir:     /home/elise/Documents/M1-BIM/S2/TMEs/SBAS/tme08
# Date:            Thu Apr 10 10:02:36 2025
# [ok]
