#                                                                            --- full sequence --- -------------- this domain -------------   hmm coord   ali coord   env coord
# target name        accession   tlen query name           accession   qlen   E-value  score  bias   #  of  c-Evalue  i-Evalue  score  bias  from    to  from    to  from    to  acc description of target
#------------------- ---------- ----- -------------------- ---------- ----- --------- ------ ----- --- --- --------- --------- ------ ----- ----- ----- ----- ----- ----- ----- ---- ---------------------
d2hboa1d.38.1.5      -            142 d2f41a1d.38.1.5.aln  -            144   2.2e-47  156.1   0.0   1   1   4.3e-49   2.4e-47  156.0   0.0     7   144     2   137     1   137 0.99 -
d1t82a_d.38.1.5      -            143 d2f41a1d.38.1.5.aln  -            144   5.4e-47  154.8   0.0   1   1   1.1e-48     6e-47  154.7   0.0     4   144     1   143     1   143 0.99 -
d3f5oa_d.38.1.5      -            138 d2f41a1d.38.1.5.aln  -            144   2.8e-46  152.5   0.9   1   1   5.5e-48   3.1e-46  152.4   0.9     2   142     2   137     1   138 0.98 -
d1q4ta_d.38.1.5      -            142 d2f41a1d.38.1.5.aln  -            144   4.4e-46  151.9   1.2   1   1   8.5e-48   4.8e-46  151.8   1.2     2   144     2   139     1   139 0.99 -
d1yoca1d.38.1.5      -            145 d2f41a1d.38.1.5.aln  -            144   9.7e-45  147.5   0.1   1   1   1.9e-46   1.1e-44  147.4   0.1     1   142     6   144     6   145 0.99 -
d1vh5a_d.38.1.5      -            138 d2f41a1d.38.1.5.aln  -            144   4.8e-44  145.3   0.0   1   1   9.4e-46   5.3e-44  145.1   0.0     2   143     2   137     1   138 0.98 -
d1sh8a_d.38.1.5      -            153 d2f41a1d.38.1.5.aln  -            144   6.6e-42  138.3   0.0   1   1   1.3e-43   7.4e-42  138.2   0.0     3   143     1   146     1   147 0.99 -
d1ixla_d.38.1.5      -            130 d2f41a1d.38.1.5.aln  -            144     2e-39  130.3   0.1   1   1   3.9e-41   2.2e-39  130.2   0.1    10   142     2   129     1   130 0.98 -
d2ov9a1d.38.1.5      -            203 d2f41a1d.38.1.5.aln  -            144     7e-38  125.3   0.2   1   1   1.6e-39   9.2e-38  124.9   0.2     2   144    10   159     9   159 0.99 -
d1wlua_d.38.1.5      -            117 d2f41a1d.38.1.5.aln  -            144   1.4e-37  124.4   0.9   1   1   2.6e-39   1.5e-37  124.2   0.9    17   142     1   116     1   117 0.98 -
d2gvha1d.38.1.1      -            135 d2f41a1d.38.1.5.aln  -            144     7e-09   31.3   0.1   1   1   1.6e-10   9.1e-09   30.9   0.1    48   124    20    95     6   106 0.91 -
d1vpma_d.38.1.1      -            155 d2f41a1d.38.1.5.aln  -            144   4.3e-07   25.5   0.3   1   1     1e-08   5.7e-07   25.1   0.3    47   140    21   113    14   117 0.89 -
d2f41a1d.38.1.5      -            111 d2f41a1d.38.1.5.aln  -            144   5.2e-07   25.2   0.8   1   2       1.2        66   -1.1   0.0   111   139    17    45    13    49 0.78 -
d2f41a1d.38.1.5      -            111 d2f41a1d.38.1.5.aln  -            144   5.2e-07   25.2   0.8   2   2     2e-08   1.1e-06   24.1   0.8    79   132    53   108    38   110 0.86 -
d1s5ua_d.38.1.1      -            129 d2f41a1d.38.1.5.aln  -            144   2.9e-05   19.5   0.1   1   1     7e-07     4e-05   19.1   0.1    78   128    49   101     7   110 0.78 -
#
# Program:         hmmsearch
# Version:         3.3.2 (Nov 2020)
# Pipeline mode:   SEARCH
# Query file:      /home/elise/Documents/M1-BIM/S2/TMEs/SBAS/tme08/models/scop30/d2f41a1d.38.1.5.aln.hmm
# Target file:     /home/elise/Documents/M1-BIM/S2/TMEs/SBAS/tme08/scop/scop/scopTestSeq.fasta
# Option settings: hmmsearch --domtblout /home/elise/Documents/M1-BIM/S2/TMEs/SBAS/tme08/searchResults/scop30/d2f41a1d.38.1.5.aln.out -E 1 /home/elise/Documents/M1-BIM/S2/TMEs/SBAS/tme08/models/scop30/d2f41a1d.38.1.5.aln.hmm /home/elise/Documents/M1-BIM/S2/TMEs/SBAS/tme08/scop/scop/scopTestSeq.fasta 
# Current dir:     /home/elise/Documents/M1-BIM/S2/TMEs/SBAS/tme08
# Date:            Thu Apr 10 10:02:36 2025
# [ok]
