#                                                                            --- full sequence --- -------------- this domain -------------   hmm coord   ali coord   env coord
# target name        accession   tlen query name           accession   qlen   E-value  score  bias   #  of  c-Evalue  i-Evalue  score  bias  from    to  from    to  from    to  acc description of target
#------------------- ---------- ----- -------------------- ---------- ----- --------- ------ ----- --- --- --------- --------- ------ ----- ----- ----- ----- ----- ----- ----- ---- ---------------------
d1kdga1c.3.1.2       -            361 d2f5va1c.3.1.2.aln   -            330   1.8e-89  296.1   0.0   1   1   6.6e-91     2e-89  295.9   0.0     2   328     1   357     1   359 0.99 -
d2dw4a2c.3.1.2       -            450 d2f5va1c.3.1.2.aln   -            330   8.8e-89  293.8   0.0   1   1   3.3e-90   9.9e-89  293.6   0.0     2   328     4   448     3   450 0.99 -
d1b5qa1c.3.1.2       -            348 d2f5va1c.3.1.2.aln   -            330   7.9e-87  287.4   0.0   1   1   2.9e-88   8.8e-87  287.2   0.0     4   329     1   344     1   345 0.99 -
d1seza1c.3.1.2       -            374 d2f5va1c.3.1.2.aln   -            330   2.2e-85  282.6   0.0   1   1   8.2e-87   2.5e-85  282.5   0.0     4   326     2   371     1   374 0.99 -
d2gmha1c.3.1.2       -            381 d2f5va1c.3.1.2.aln   -            330   1.1e-84  280.3   0.0   1   1   4.1e-86   1.2e-84  280.2   0.0     3   329    32   380    30   381 0.99 -
d1n4wa1c.3.1.2       -            368 d2f5va1c.3.1.2.aln   -            330   9.4e-84  277.3   0.1   1   1   3.5e-85     1e-83  277.1   0.1     3   329     2   366     1   367 0.99 -
d2iida1c.3.1.2       -            371 d2f5va1c.3.1.2.aln   -            330   1.1e-82  273.8   0.0   1   1   3.9e-84   1.2e-82  273.7   0.0     2   328    29   369    28   371 0.99 -
d1ju2a1c.3.1.2       -            352 d2f5va1c.3.1.2.aln   -            330   3.1e-81  269.0   0.0   1   1   1.2e-82   3.5e-81  268.8   0.0     2   329     9   348     8   349 0.99 -
d1pn0a1c.3.1.2       -            361 d2f5va1c.3.1.2.aln   -            330     5e-81  268.3   0.0   1   1   1.8e-82   5.6e-81  268.2   0.0     2   329     6   360     5   361 0.98 -
d1pj5a2c.3.1.2       -            306 d2f5va1c.3.1.2.aln   -            330   2.5e-72  239.7   0.1   1   1   9.2e-74   2.8e-72  239.6   0.1     3   325     1   305     1   306 0.99 -
d2ivda1c.3.1.2       -            348 d2f5va1c.3.1.2.aln   -            330   2.4e-71  236.5   3.0   1   1     9e-73   2.7e-71  236.3   3.0     4   327     1   347     1   348 0.99 -
d1k0ia1c.3.1.2       -            293 d2f5va1c.3.1.2.aln   -            330     4e-69  229.2   0.1   1   1   1.5e-70   4.4e-69  229.1   0.1     3   326     2   292     1   293 0.99 -
d1ryia1c.3.1.2       -            277 d2f5va1c.3.1.2.aln   -            330   1.2e-65  217.8   0.0   1   1   4.5e-67   1.4e-65  217.6   0.0     1   318     2   276     2   277 0.98 -
d3c96a1c.3.1.2       -            289 d2f5va1c.3.1.2.aln   -            330   5.1e-65  215.7   1.8   1   1   1.9e-66   5.7e-65  215.5   1.8     3   325     1   288     1   289 0.99 -
d2gf3a1c.3.1.2       -            282 d2f5va1c.3.1.2.aln   -            330   1.8e-63  210.6   0.0   1   1   6.7e-65     2e-63  210.4   0.0     1   325     1   281     1   282 0.99 -
d2voua1c.3.1.2       -            266 d2f5va1c.3.1.2.aln   -            330     1e-55  185.1   0.1   1   1   3.8e-57   1.2e-55  184.9   0.1     2   326     3   265     2   266 0.98 -
d1nhpa2c.3.1.5       -            123 d2f5va1c.3.1.2.aln   -            330   3.5e-06   22.3   0.1   1   1   1.8e-07   5.3e-06   21.7   0.1     5    32    32    58    31    65 0.95 -
d1w4xa1c.3.1.5       -            299 d2f5va1c.3.1.2.aln   -            330     7e-06   21.3   0.1   1   1   3.3e-07     1e-05   20.8   0.1     2    40     6    44     5    56 0.86 -
d2gv8a1c.3.1.5       -            336 d2f5va1c.3.1.2.aln   -            330   1.1e-05   20.7   0.0   1   1   5.7e-07   1.7e-05   20.0   0.0     5    41     6    43     5    50 0.90 -
d2f5va1c.3.1.2       -            380 d2f5va1c.3.1.2.aln   -            330   1.5e-05   20.3   0.5   1   1   8.3e-07   2.5e-05   19.5   0.5     3    34     4    34     3    47 0.90 -
d1fl2a2c.3.1.5       -            126 d2f5va1c.3.1.2.aln   -            330   4.6e-05   18.6   0.3   1   1   2.2e-06   6.8e-05   18.1   0.3     4    38    31    64    29    66 0.94 -
d1v59a2c.3.1.5       -            122 d2f5va1c.3.1.2.aln   -            330    0.0001   17.5   0.1   1   1   4.3e-06   0.00013   17.2   0.1     5    44    25    63    22    79 0.86 -
d1gpja2c.2.1.7       -            159 d2f5va1c.3.1.2.aln   -            330   0.00021   16.5   0.1   1   1   7.3e-06   0.00022   16.4   0.1     5    33    26    54    24   139 0.77 -
d1v59a1c.3.1.5       -            234 d2f5va1c.3.1.2.aln   -            330   0.00023   16.4   0.1   1   1     1e-05   0.00032   15.9   0.1     4    40     6    42     3    51 0.84 -
d1xhca2c.3.1.5       -            122 d2f5va1c.3.1.2.aln   -            330   0.00034   15.8   0.5   1   1   1.6e-05   0.00048   15.3   0.5     3    28    32    57    30    64 0.87 -
d1fl2a1c.3.1.5       -            185 d2f5va1c.3.1.2.aln   -            330    0.0042   12.2   1.3   1   1   0.00025    0.0076   11.3   1.3     4    19     2    17     1    33 0.90 -
#
# Program:         hmmsearch
# Version:         3.3.2 (Nov 2020)
# Pipeline mode:   SEARCH
# Query file:      /home/elise/Documents/M1-BIM/S2/TMEs/SBAS/tme08/models/scop30/d2f5va1c.3.1.2.aln.hmm
# Target file:     /home/elise/Documents/M1-BIM/S2/TMEs/SBAS/tme08/scop/scop/scopTestSeq.fasta
# Option settings: hmmsearch --domtblout /home/elise/Documents/M1-BIM/S2/TMEs/SBAS/tme08/searchResults/scop30/d2f5va1c.3.1.2.aln.out -E 1 /home/elise/Documents/M1-BIM/S2/TMEs/SBAS/tme08/models/scop30/d2f5va1c.3.1.2.aln.hmm /home/elise/Documents/M1-BIM/S2/TMEs/SBAS/tme08/scop/scop/scopTestSeq.fasta 
# Current dir:     /home/elise/Documents/M1-BIM/S2/TMEs/SBAS/tme08
# Date:            Thu Apr 10 10:02:36 2025
# [ok]
