#                                                                            --- full sequence --- -------------- this domain -------------   hmm coord   ali coord   env coord
# target name        accession   tlen query name           accession   qlen   E-value  score  bias   #  of  c-Evalue  i-Evalue  score  bias  from    to  from    to  from    to  acc description of target
#------------------- ---------- ----- -------------------- ---------- ----- --------- ------ ----- --- --- --------- --------- ------ ----- ----- ----- ----- ----- ----- ----- ---- ---------------------
d3hl8a_c.55.3.5      -            470 d2f96a1c.55.3.5.aln  -            397    7e-173  570.7   0.6   1   1  1.4e-174    8e-173  570.5   0.6     1   397    10   434    10   434 1.00 -
d1s5ja1c.55.3.5      -            410 d2f96a1c.55.3.5.aln  -            397  1.2e-158  523.8   0.9   1   1  2.4e-160  1.4e-158  523.7   0.9     1   382     1   410     1   410 1.00 -
d1q8ia1c.55.3.5      -            388 d2f96a1c.55.3.5.aln  -            397  1.2e-154  510.7   0.0   1   1  2.4e-156  1.3e-154  510.5   0.0    28   397     1   388     1   388 1.00 -
d2hbja2c.55.3.5      -            292 d2f96a1c.55.3.5.aln  -            397   1.9e-97  322.3   1.3   1   1   3.7e-99   2.1e-97  322.2   1.3    83   381     1   292     1   292 1.00 -
d1yt3a3c.55.3.5      -            193 d2f96a1c.55.3.5.aln  -            397   2.5e-37  124.4   0.0   1   1   4.9e-39   2.8e-37  124.2   0.0   165   363     1   192     1   193 0.99 -
d3mxma_c.55.3.5      -            229 d2f96a1c.55.3.5.aln  -            397   3.7e-36  120.5   0.0   1   1   7.2e-38   4.1e-36  120.4   0.0   161   378     2   228     1   229 0.99 -
d1vk0a_c.55.3.5      -            206 d2f96a1c.55.3.5.aln  -            397   6.3e-36  119.8   0.0   1   1   1.2e-37   6.9e-36  119.6   0.0   172   374     3   205     1   206 0.98 -
d1w0ha_c.55.3.5      -            200 d2f96a1c.55.3.5.aln  -            397   1.2e-35  118.8   0.0   1   1   2.3e-37   1.3e-35  118.7   0.0   161   364     2   199     1   200 0.99 -
d1x9ma1c.55.3.5      -            204 d2f96a1c.55.3.5.aln  -            397   3.4e-33  110.7   0.0   1   1   6.7e-35   3.8e-33  110.6   0.0   168   369     1   203     1   204 0.99 -
d1kfsa1c.55.3.5      -            195 d2f96a1c.55.3.5.aln  -            397   9.2e-32  106.0   0.2   1   1   1.8e-33     1e-31  105.9   0.2   162   363     2   195     1   195 0.98 -
d2py5a1c.55.3.5      -            183 d2f96a1c.55.3.5.aln  -            397   8.3e-31  102.9   0.0   1   1   1.6e-32   9.1e-31  102.8   0.0   173   366     3   181     1   183 0.98 -
d2guia_c.55.3.5      -            176 d2f96a1c.55.3.5.aln  -            397   2.2e-29   98.2   0.0   1   1   4.2e-31   2.4e-29   98.1   0.0   186   363     2   174     1   176 0.98 -
d1wlja_c.55.3.5      -            173 d2f96a1c.55.3.5.aln  -            397     1e-27   92.7   0.0   1   1     2e-29   1.1e-27   92.6   0.0   188   356     2   166     1   172 0.97 -
d2igia_c.55.3.5      -            180 d2f96a1c.55.3.5.aln  -            397     1e-26   89.4   0.1   1   1     2e-28   1.1e-26   89.3   0.1   184   364     3   180     1   180 0.98 -
#
# Program:         hmmsearch
# Version:         3.3.2 (Nov 2020)
# Pipeline mode:   SEARCH
# Query file:      /home/elise/Documents/M1-BIM/S2/TMEs/SBAS/tme08/models/scop30/d2f96a1c.55.3.5.aln.hmm
# Target file:     /home/elise/Documents/M1-BIM/S2/TMEs/SBAS/tme08/scop/scop/scopTestSeq.fasta
# Option settings: hmmsearch --domtblout /home/elise/Documents/M1-BIM/S2/TMEs/SBAS/tme08/searchResults/scop30/d2f96a1c.55.3.5.aln.out -E 1 /home/elise/Documents/M1-BIM/S2/TMEs/SBAS/tme08/models/scop30/d2f96a1c.55.3.5.aln.hmm /home/elise/Documents/M1-BIM/S2/TMEs/SBAS/tme08/scop/scop/scopTestSeq.fasta 
# Current dir:     /home/elise/Documents/M1-BIM/S2/TMEs/SBAS/tme08
# Date:            Thu Apr 10 10:02:36 2025
# [ok]
