#                                                                            --- full sequence --- -------------- this domain -------------   hmm coord   ali coord   env coord
# target name        accession   tlen query name           accession   qlen   E-value  score  bias   #  of  c-Evalue  i-Evalue  score  bias  from    to  from    to  from    to  acc description of target
#------------------- ---------- ----- -------------------- ---------- ----- --------- ------ ----- --- --- --------- --------- ------ ----- ----- ----- ----- ----- ----- ----- ---- ---------------------
d1tiqa_d.108.1.1     -            173 d2fcka1d.108.1.1.aln -            180   8.7e-39  128.8   0.2   1   1   5.3e-40   9.5e-39  128.7   0.2     3   172     2   171     1   173 0.98 -
d1i12a_d.108.1.1     -            157 d2fcka1d.108.1.1.aln -            180   2.7e-34  114.2   0.0   1   1   1.6e-35   2.9e-34  114.1   0.0     2   156     3   155     2   157 0.97 -
d2ae6a1d.108.1.1     -            161 d2fcka1d.108.1.1.aln -            180   6.2e-34  113.0   0.1   1   1   3.7e-35   6.7e-34  112.9   0.1    11   172     3   160     1   161 0.98 -
d1z4ea1d.108.1.1     -            150 d2fcka1d.108.1.1.aln -            180   1.2e-33  112.1   0.1   1   1   7.3e-35   1.3e-33  112.0   0.1     7   153     3   145     1   149 0.97 -
d2cy2a1d.108.1.1     -            174 d2fcka1d.108.1.1.aln -            180   4.3e-33  110.3   1.0   1   1   2.6e-34   4.7e-33  110.2   1.0     4   176     2   174     1   174 0.98 -
d1wwza1d.108.1.1     -            157 d2fcka1d.108.1.1.aln -            180   5.7e-33  109.9   1.4   1   1   3.4e-34   6.2e-33  109.8   1.4     5   161     1   155     1   157 0.98 -
d1ufha_d.108.1.1     -            155 d2fcka1d.108.1.1.aln -            180   1.9e-32  108.2   0.4   1   1   1.1e-33     2e-32  108.1   0.4     3   156     2   153     1   155 0.98 -
d1u6ma_d.108.1.1     -            189 d2fcka1d.108.1.1.aln -            180   2.9e-32  107.6   0.1   1   1   1.8e-33   3.2e-32  107.4   0.1     2   166     2   187     1   189 0.99 -
d2b5ga_d.108.1.1     -            168 d2fcka1d.108.1.1.aln -            180   3.3e-32  107.4   0.2   1   1   2.2e-33   3.9e-32  107.1   0.2     7   169     2   166     1   167 0.97 -
d1qsma_d.108.1.1     -            150 d2fcka1d.108.1.1.aln -            180   1.8e-31  105.0   0.0   1   1   1.1e-32     2e-31  104.8   0.0    10   155     1   146     1   149 0.97 -
d2euia1d.108.1.1     -            153 d2fcka1d.108.1.1.aln -            180   2.3e-31  104.6   0.1   1   1   1.4e-32   2.5e-31  104.5   0.1    11   161     1   149     1   152 0.96 -
d1mk4a_d.108.1.1     -            157 d2fcka1d.108.1.1.aln -            180   7.9e-31  102.9   0.0   1   1   4.8e-32   8.7e-31  102.8   0.0     4   178     1   156     1   157 0.98 -
d2jdca1d.108.1.1     -            145 d2fcka1d.108.1.1.aln -            180   8.8e-30   99.5   0.1   1   1   5.3e-31   9.5e-30   99.4   0.1    11   169     4   144     1   145 0.97 -
d2fiaa1d.108.1.1     -            157 d2fcka1d.108.1.1.aln -            180   8.9e-30   99.5   1.1   1   1   5.5e-31   9.8e-30   99.3   1.1     5   171     1   156     1   157 0.98 -
d1y9wa1d.108.1.1     -            140 d2fcka1d.108.1.1.aln -            180   9.6e-30   99.4   1.5   1   1   5.8e-31     1e-29   99.2   1.5    19   168     1   139     1   140 0.98 -
d1vkca_d.108.1.1     -            149 d2fcka1d.108.1.1.aln -            180   3.4e-29   97.6   2.7   1   1   2.1e-30   3.7e-29   97.5   2.7     7   156     3   147     1   149 0.96 -
d2pq8a_d.108.1.1     -            271 d2fcka1d.108.1.1.aln -            180   4.3e-28   94.0   0.0   1   1     3e-29   5.4e-28   93.7   0.0     2   180    26   242    25   242 0.99 -
d1ghea_d.108.1.1     -            170 d2fcka1d.108.1.1.aln -            180     5e-28   93.8   0.0   1   1   3.1e-29   5.5e-28   93.6   0.0     4   173     2   169     1   170 0.98 -
d2gana1d.108.1.1     -            182 d2fcka1d.108.1.1.aln -            180   6.4e-28   93.4   0.3   1   1   4.2e-29   7.6e-28   93.2   0.3     4   164     3   179     1   182 0.95 -
d1cjwa_d.108.1.1     -            166 d2fcka1d.108.1.1.aln -            180   7.7e-28   93.2   0.0   1   1   4.7e-29   8.4e-28   93.0   0.0     2   167     1   164     1   166 0.98 -
d1nsla_d.108.1.1     -            180 d2fcka1d.108.1.1.aln -            180   4.4e-27   90.7   0.1   1   1   2.7e-28   4.9e-27   90.5   0.1     2   176     1   180     1   180 0.96 -
d2fl4a1d.108.1.1     -            146 d2fcka1d.108.1.1.aln -            180   5.3e-27   90.4   0.3   1   1   3.2e-28   5.8e-27   90.3   0.3     1   165     1   145     1   146 0.93 -
d1m4ia_d.108.1.1     -            181 d2fcka1d.108.1.1.aln -            180   1.4e-26   89.1   0.0   1   1   8.4e-28   1.5e-26   88.9   0.0     1   180     1   180     1   180 0.99 -
d1z4ra1d.108.1.1     -            162 d2fcka1d.108.1.1.aln -            180   3.7e-26   87.7   0.1   1   1   2.2e-27   3.9e-26   87.6   0.1     8   177     3   161     1   162 0.96 -
d2atra1d.108.1.1     -            137 d2fcka1d.108.1.1.aln -            180   6.5e-26   86.9   0.0   1   1     4e-27   7.1e-26   86.8   0.0     4   163     1   136     1   137 0.98 -
d2fiwa1d.108.1.1     -            156 d2fcka1d.108.1.1.aln -            180     1e-25   86.2   0.0   1   1   6.3e-27   1.1e-25   86.1   0.0    11   171     4   156     1   156 0.96 -
d1n71a_d.108.1.1     -            180 d2fcka1d.108.1.1.aln -            180   1.1e-25   86.1   0.0   1   1     7e-27   1.3e-25   85.9   0.0     3   175     1   180     1   180 0.98 -
d1p0ha_d.108.1.1     -            308 d2fcka1d.108.1.1.aln -            180   2.4e-25   85.0   0.0   1   3   8.3e-21   1.5e-19   66.2   0.0     2   180     3   201     2   201 0.99 -
d1p0ha_d.108.1.1     -            308 d2fcka1d.108.1.1.aln -            180   2.4e-25   85.0   0.0   2   3    0.0066      0.12    7.8   0.0    73   108   217   248   209   251 0.84 -
d1p0ha_d.108.1.1     -            308 d2fcka1d.108.1.1.aln -            180   2.4e-25   85.0   0.0   3   3    0.0077      0.14    7.6   0.0   125   152   277   302   274   306 0.73 -
d1yx0a1d.108.1.1     -            151 d2fcka1d.108.1.1.aln -            180   9.2e-25   83.1   0.0   1   1   5.6e-26     1e-24   83.0   0.0    11   168     1   150     1   151 0.97 -
d1bo4a_d.108.1.1     -            137 d2fcka1d.108.1.1.aln -            180   1.2e-24   82.7   0.0   1   1   7.5e-26   1.4e-24   82.6   0.0     7   146     2   137     1   137 0.98 -
d1xeba_d.108.1.1     -            149 d2fcka1d.108.1.1.aln -            180   2.3e-24   81.8   0.3   1   1   1.4e-25   2.5e-24   81.7   0.3     7   163     3   145     1   149 0.96 -
d1y7ra1d.108.1.1     -            133 d2fcka1d.108.1.1.aln -            180   8.3e-24   80.0   0.0   1   1     5e-25   8.9e-24   79.9   0.0     8   160     2   132     1   133 0.96 -
d1q2ya_d.108.1.1     -            140 d2fcka1d.108.1.1.aln -            180   8.4e-24   80.0   0.2   1   1   5.1e-25   9.1e-24   79.9   0.2     6   167     3   139     1   140 0.97 -
d1y9ka1d.108.1.1     -            152 d2fcka1d.108.1.1.aln -            180   1.1e-23   79.6   0.0   1   1     7e-25   1.3e-23   79.4   0.0    11   167     1   146     1   151 0.96 -
d1boba_d.108.1.1     -            315 d2fcka1d.108.1.1.aln -            180   1.5e-23   79.2   0.1   1   2   1.1e-22     2e-21   72.2   0.1     1   180     3   204     3   204 0.99 -
d1boba_d.108.1.1     -            315 d2fcka1d.108.1.1.aln -            180   1.5e-23   79.2   0.1   2   2      0.05       0.9    5.0   0.0    90   117   209   236   206   247 0.92 -
d2g3aa1d.108.1.1     -            137 d2fcka1d.108.1.1.aln -            180     5e-23   77.5   0.0   1   1   3.2e-24   5.7e-23   77.3   0.0    41   168    23   136     6   137 0.94 -
d1yk3a1d.108.1.1     -            198 d2fcka1d.108.1.1.aln -            180   1.6e-22   75.8   0.0   1   1   1.2e-23   2.2e-22   75.4   0.0     3   169     9   198     7   198 0.97 -
d2p0wa_d.108.1.1     -            319 d2fcka1d.108.1.1.aln -            180   2.8e-21   71.8   1.5   1   2   1.9e-21   3.4e-20   68.3   0.3     7   180     2   212     1   212 0.99 -
d2p0wa_d.108.1.1     -            319 d2fcka1d.108.1.1.aln -            180   2.8e-21   71.8   1.5   2   2      0.26       4.7    2.6   0.0    97   114   220   237   216   241 0.86 -
d2aj6a1d.108.1.1     -            118 d2fcka1d.108.1.1.aln -            180   4.2e-20   68.0   0.0   1   1   2.5e-21   4.5e-20   67.8   0.0     8   128     2   116     1   118 0.93 -
d2fsra1d.108.1.1     -            164 d2fcka1d.108.1.1.aln -            180   4.1e-19   64.7   0.0   1   1   2.5e-20   4.4e-19   64.6   0.0     5   166     2   162     1   164 0.93 -
d1r57a_d.108.1.1     -            102 d2fcka1d.108.1.1.aln -            180   4.9e-15   51.4   0.4   1   1   1.3e-15   2.4e-14   49.2   0.4    26   159     3   100     1   102 0.93 -
d1xmta_d.108.1.1     -             95 d2fcka1d.108.1.1.aln -            180     2e-13   46.2   0.0   1   1   1.2e-14   2.2e-13   46.1   0.0    38   136     3    78     1    92 0.92 -
d2d4pa1d.108.1.1     -            130 d2fcka1d.108.1.1.aln -            180   2.1e-10   36.4   0.1   1   1   1.4e-11   2.5e-10   36.1   0.1    11   152     1   120     1   129 0.94 -
d2fcka1d.108.1.1     -            178 d2fcka1d.108.1.1.aln -            180    0.0027   13.2   0.0   1   1   0.00022     0.004   12.6   0.0   100   146   104   151    65   172 0.80 -
#
# Program:         hmmsearch
# Version:         3.3.2 (Nov 2020)
# Pipeline mode:   SEARCH
# Query file:      /home/elise/Documents/M1-BIM/S2/TMEs/SBAS/tme08/models/scop30/d2fcka1d.108.1.1.aln.hmm
# Target file:     /home/elise/Documents/M1-BIM/S2/TMEs/SBAS/tme08/scop/scop/scopTestSeq.fasta
# Option settings: hmmsearch --domtblout /home/elise/Documents/M1-BIM/S2/TMEs/SBAS/tme08/searchResults/scop30/d2fcka1d.108.1.1.aln.out -E 1 /home/elise/Documents/M1-BIM/S2/TMEs/SBAS/tme08/models/scop30/d2fcka1d.108.1.1.aln.hmm /home/elise/Documents/M1-BIM/S2/TMEs/SBAS/tme08/scop/scop/scopTestSeq.fasta 
# Current dir:     /home/elise/Documents/M1-BIM/S2/TMEs/SBAS/tme08
# Date:            Thu Apr 10 10:02:36 2025
# [ok]
