#                                                                            --- full sequence --- -------------- this domain -------------   hmm coord   ali coord   env coord
# target name        accession   tlen query name           accession   qlen   E-value  score  bias   #  of  c-Evalue  i-Evalue  score  bias  from    to  from    to  from    to  acc description of target
#------------------- ---------- ----- -------------------- ---------- ----- --------- ------ ----- --- --- --------- --------- ------ ----- ----- ----- ----- ----- ----- ----- ---- ---------------------
d1t56a2a.121.1.1     -            120 d2fd5a2a.121.1.1.aln -            122   2.9e-22   74.4   2.3   1   1   1.1e-23   3.1e-22   74.3   2.3     4   117     2   115     1   120 0.97 -
d2hyja2a.121.1.1     -            118 d2fd5a2a.121.1.1.aln -            122   8.4e-22   72.9   4.8   1   1   3.3e-23     9e-22   72.8   4.8     5   116     6   117     2   118 0.96 -
d2i10a2a.121.1.1     -            116 d2fd5a2a.121.1.1.aln -            122   1.2e-21   72.4   2.9   1   1   4.8e-23   1.3e-21   72.3   2.9     3   114     4   115     2   116 0.98 -
d1ui5a2a.121.1.1     -            133 d2fd5a2a.121.1.1.aln -            122   2.1e-21   71.6   0.2   1   1     9e-23   2.5e-21   71.4   0.2    10   119     5   114     1   117 0.97 -
d1vi0a2a.121.1.1     -            117 d2fd5a2a.121.1.1.aln -            122   2.6e-21   71.3   0.0   1   1     1e-22   2.8e-21   71.2   0.0     6   120     2   116     1   117 0.97 -
d2id3a2a.121.1.1     -            123 d2fd5a2a.121.1.1.aln -            122   2.6e-21   71.3   5.8   1   1     1e-22   2.8e-21   71.2   5.8     7   121     8   122     2   123 0.96 -
d2d6ya2a.121.1.1     -            118 d2fd5a2a.121.1.1.aln -            122   2.7e-21   71.2   1.0   1   1   1.1e-22   2.9e-21   71.1   1.0     5   120     2   117     1   118 0.98 -
d1rkta2a.121.1.1     -            123 d2fd5a2a.121.1.1.aln -            122   3.2e-21   71.0   0.0   1   1   1.3e-22   3.5e-21   70.9   0.0     4   121     3   120     1   121 0.97 -
d2g7sa2a.121.1.1     -            116 d2fd5a2a.121.1.1.aln -            122   8.6e-21   69.6   2.0   1   1   3.5e-22   9.4e-21   69.5   2.0     2   115     2   115     1   116 0.98 -
d2fx0a2a.121.1.1     -            122 d2fd5a2a.121.1.1.aln -            122   1.3e-20   69.1   0.0   1   1     5e-22   1.4e-20   69.0   0.0     2   121     2   121     1   122 0.97 -
d1z0xa2a.121.1.1     -            149 d2fd5a2a.121.1.1.aln -            122     2e-20   68.4   0.0   1   1   8.3e-22   2.3e-20   68.3   0.0     2   121    19   138    18   139 0.97 -
d2gfna2a.121.1.1     -            119 d2fd5a2a.121.1.1.aln -            122   3.7e-20   67.6   7.0   1   1   1.5e-21     4e-20   67.5   7.0     2   119     2   118     1   119 0.98 -
d2g3ba2a.121.1.1     -            116 d2fd5a2a.121.1.1.aln -            122     5e-20   67.2   1.8   1   1     2e-21   5.3e-20   67.1   1.8     5   117     4   116     1   116 0.96 -
d2oi8a2a.121.1.1     -            130 d2fd5a2a.121.1.1.aln -            122   6.2e-20   66.9   1.5   1   1   2.6e-21     7e-20   66.7   1.5     5   121     1   117     1   118 0.98 -
d2id6a2a.121.1.1     -            125 d2fd5a2a.121.1.1.aln -            122   3.1e-19   64.6   0.0   1   1   1.2e-20   3.4e-19   64.5   0.0     2   121     2   121     1   122 0.98 -
d1t33a2a.121.1.1     -            132 d2fd5a2a.121.1.1.aln -            122   8.7e-19   63.2   0.1   1   1   3.5e-20   9.7e-19   63.0   0.1     4   121     9   126     6   127 0.97 -
d2fbqa2a.121.1.1     -            134 d2fd5a2a.121.1.1.aln -            122   1.2e-18   62.7   0.1   1   1     5e-20   1.4e-18   62.6   0.1     3   121    11   129     9   130 0.97 -
d2g7la2a.121.1.1     -            144 d2fd5a2a.121.1.1.aln -            122   5.2e-18   60.7   5.8   1   1   2.9e-19   7.8e-18   60.1   5.8     2   121    19   138    18   139 0.98 -
d2gena2a.121.1.1     -            118 d2fd5a2a.121.1.1.aln -            122   3.8e-17   57.9   5.9   1   1   1.5e-18   4.1e-17   57.8   5.9     6   121     3   118     1   118 0.97 -
d3c07a2a.121.1.1     -            146 d2fd5a2a.121.1.1.aln -            122   5.2e-17   57.5   1.0   1   1   2.5e-18   6.8e-17   57.1   1.0     3   120    25   142    23   144 0.96 -
d2fq4a2a.121.1.1     -            115 d2fd5a2a.121.1.1.aln -            122   8.8e-17   56.7   0.0   1   1   3.5e-18   9.4e-17   56.7   0.0     5   116     3   114     1   115 0.97 -
d2iu5a2a.121.1.1     -            109 d2fd5a2a.121.1.1.aln -            122   2.2e-16   55.5   0.0   1   1   8.6e-18   2.4e-16   55.4   0.0     8   117     2   109     1   109 0.98 -
d1zk8a2a.121.1.1     -            105 d2fd5a2a.121.1.1.aln -            122   5.3e-15   51.0   0.0   1   1   2.1e-16   5.7e-15   50.9   0.0     3   104     3   104     1   105 0.97 -
d2np5a2a.121.1.1     -            118 d2fd5a2a.121.1.1.aln -            122   5.7e-14   47.7   4.4   1   1   2.3e-15   6.3e-14   47.6   4.4     2   121     3   114     2   115 0.98 -
d2o7ta2a.121.1.1     -            110 d2fd5a2a.121.1.1.aln -            122   1.2e-13   46.7   0.0   1   1   4.7e-15   1.3e-13   46.6   0.0    11   117     4   110     1   110 0.98 -
d2g7ga2a.121.1.1     -            132 d2fd5a2a.121.1.1.aln -            122   1.2e-13   46.7   8.3   1   1   4.9e-15   1.3e-13   46.6   8.3     2   122     3   123     2   123 0.98 -
d1sgma2a.121.1.1     -            111 d2fd5a2a.121.1.1.aln -            122   2.3e-13   45.8   0.0   1   1   9.3e-15   2.5e-13   45.6   0.0     5   115     2   111     1   111 0.97 -
d2hkua2a.121.1.1     -            121 d2fd5a2a.121.1.1.aln -            122   7.9e-13   44.1   0.1   1   1   3.1e-14   8.4e-13   44.0   0.1     3   118     7   116     5   120 0.95 -
d2np3a2a.121.1.1     -            112 d2fd5a2a.121.1.1.aln -            122   3.8e-10   35.4   6.9   1   1     2e-11   5.4e-10   35.0   6.9     4   120     5   107     2   109 0.96 -
#
# Program:         hmmsearch
# Version:         3.3.2 (Nov 2020)
# Pipeline mode:   SEARCH
# Query file:      /home/elise/Documents/M1-BIM/S2/TMEs/SBAS/tme08/models/scop30/d2fd5a2a.121.1.1.aln.hmm
# Target file:     /home/elise/Documents/M1-BIM/S2/TMEs/SBAS/tme08/scop/scop/scopTestSeq.fasta
# Option settings: hmmsearch --domtblout /home/elise/Documents/M1-BIM/S2/TMEs/SBAS/tme08/searchResults/scop30/d2fd5a2a.121.1.1.aln.out -E 1 /home/elise/Documents/M1-BIM/S2/TMEs/SBAS/tme08/models/scop30/d2fd5a2a.121.1.1.aln.hmm /home/elise/Documents/M1-BIM/S2/TMEs/SBAS/tme08/scop/scop/scopTestSeq.fasta 
# Current dir:     /home/elise/Documents/M1-BIM/S2/TMEs/SBAS/tme08
# Date:            Thu Apr 10 10:02:36 2025
# [ok]
