#                                                                            --- full sequence --- -------------- this domain -------------   hmm coord   ali coord   env coord
# target name        accession   tlen query name           accession   qlen   E-value  score  bias   #  of  c-Evalue  i-Evalue  score  bias  from    to  from    to  from    to  acc description of target
#------------------- ---------- ----- -------------------- ---------- ----- --------- ------ ----- --- --- --------- --------- ------ ----- ----- ----- ----- ----- ----- ----- ---- ---------------------
d1ji1a1b.1.18.2      -            122 d2fhfa2b.1.18.2.aln  -            108   2.6e-27   90.9   2.6   1   1   6.8e-29     3e-27   90.7   2.6     1   106    16   121    16   122 0.98 -
d1j0ha1b.1.18.2      -            123 d2fhfa2b.1.18.2.aln  -            108   3.9e-27   90.4   0.0   1   1   9.8e-29   4.3e-27   90.2   0.0     1   107    10   116    10   117 0.99 -
d1m7xa1b.1.18.2      -            110 d2fhfa2b.1.18.2.aln  -            108   2.1e-25   84.8   0.0   1   1   5.3e-27   2.3e-25   84.7   0.0     5   108     2   105     1   105 0.98 -
d1edqa1b.1.18.2      -            109 d2fhfa2b.1.18.2.aln  -            108   1.4e-23   78.9   3.2   1   1   3.5e-25   1.5e-23   78.8   3.2     2   107     2   107     1   108 0.98 -
d1ut9a2b.1.18.2      -             98 d2fhfa2b.1.18.2.aln  -            108   4.5e-23   77.3   0.1   1   1   1.1e-24   4.9e-23   77.2   0.1    10   107     2    97     1    98 0.97 -
d2fhfa1b.1.18.2      -            115 d2fhfa2b.1.18.2.aln  -            108   5.3e-23   77.1   3.0   1   1   1.3e-24   5.9e-23   76.9   3.0     1   107     6   112     6   113 0.98 -
d1txka1b.1.18.2      -            115 d2fhfa2b.1.18.2.aln  -            108   5.2e-22   73.9   1.8   1   1   1.3e-23   5.8e-22   73.7   1.8     1   107     5   111     5   112 0.99 -
d1bf2a1b.1.18.2      -            162 d2fhfa2b.1.18.2.aln  -            108   1.2e-21   72.7   7.4   1   2   2.8e-23   1.2e-21   72.7   7.4     1   107     3   109     3   110 0.98 -
d1bf2a1b.1.18.2      -            162 d2fhfa2b.1.18.2.aln  -            108   1.2e-21   72.7   7.4   2   2       4.1   1.8e+02   -1.7   0.0    88   102   133   147   130   153 0.62 -
d1k3ia1b.1.18.2      -            102 d2fhfa2b.1.18.2.aln  -            108   8.9e-20   66.7   1.9   1   1   2.2e-21   9.6e-20   66.6   1.9     8   107     2   101     1   102 0.98 -
d1qbaa1b.1.18.2      -            105 d2fhfa2b.1.18.2.aln  -            108   9.8e-20   66.6   0.0   1   1   2.4e-21   1.1e-19   66.5   0.0     4   106     2   104     1   105 0.98 -
d1w8oa1b.1.18.2      -            103 d2fhfa2b.1.18.2.aln  -            108   3.6e-19   64.8   2.8   1   1   8.9e-21   3.9e-19   64.6   2.8     1   107     3   102     3   103 0.98 -
d2bhua1b.1.18.2      -             97 d2fhfa2b.1.18.2.aln  -            108   9.3e-19   63.4   0.1   1   1   2.3e-20     1e-18   63.3   0.1    10   104     2    96     1    97 0.98 -
d1clca2b.1.18.2      -            100 d2fhfa2b.1.18.2.aln  -            108   8.3e-18   60.4   0.1   1   1   2.1e-19     9e-18   60.3   0.1     2   101     7    99     6   100 0.97 -
d1h3ga1b.1.18.2      -             93 d2fhfa2b.1.18.2.aln  -            108   1.8e-16   56.1   0.0   1   1   4.4e-18   1.9e-16   56.0   0.0     6   106     2    92     1    93 0.96 -
d2bvya1b.1.18.2      -             94 d2fhfa2b.1.18.2.aln  -            108   4.2e-14   48.5  11.7   1   1     1e-15   4.6e-14   48.4  11.7     6   106     2    94     1    94 0.97 -
d3bmva1b.1.18.2      -             83 d2fhfa2b.1.18.2.aln  -            108   1.9e-13   46.4   2.6   1   1   4.9e-15   2.2e-13   46.2   2.6    11    88     2    78     1    82 0.95 -
d1f1sa2b.1.18.2      -             78 d2fhfa2b.1.18.2.aln  -            108   2.5e-13   46.0   0.5   1   1   6.2e-15   2.7e-13   45.9   0.5     8    85     1    78     1    78 0.98 -
d1ulva2b.1.18.2      -             89 d2fhfa2b.1.18.2.aln  -            108   1.2e-11   40.6   7.1   1   1     3e-13   1.3e-11   40.5   7.1     9   102     2    87     1    89 0.96 -
#
# Program:         hmmsearch
# Version:         3.3.2 (Nov 2020)
# Pipeline mode:   SEARCH
# Query file:      /home/elise/Documents/M1-BIM/S2/TMEs/SBAS/tme08/models/scop30/d2fhfa2b.1.18.2.aln.hmm
# Target file:     /home/elise/Documents/M1-BIM/S2/TMEs/SBAS/tme08/scop/scop/scopTestSeq.fasta
# Option settings: hmmsearch --domtblout /home/elise/Documents/M1-BIM/S2/TMEs/SBAS/tme08/searchResults/scop30/d2fhfa2b.1.18.2.aln.out -E 1 /home/elise/Documents/M1-BIM/S2/TMEs/SBAS/tme08/models/scop30/d2fhfa2b.1.18.2.aln.hmm /home/elise/Documents/M1-BIM/S2/TMEs/SBAS/tme08/scop/scop/scopTestSeq.fasta 
# Current dir:     /home/elise/Documents/M1-BIM/S2/TMEs/SBAS/tme08
# Date:            Thu Apr 10 10:02:36 2025
# [ok]
