#                                                                            --- full sequence --- -------------- this domain -------------   hmm coord   ali coord   env coord
# target name        accession   tlen query name           accession   qlen   E-value  score  bias   #  of  c-Evalue  i-Evalue  score  bias  from    to  from    to  from    to  acc description of target
#------------------- ---------- ----- -------------------- ---------- ----- --------- ------ ----- --- --- --------- --------- ------ ----- ----- ----- ----- ----- ----- ----- ---- ---------------------
d2pq8a_d.108.1.1     -            271 d2fiwa1d.108.1.1.aln -            225   1.9e-62  206.4   0.2   1   1   1.2e-63   2.1e-62  206.3   0.2     1   225     1   271     1   271 1.00 -
d1p0ha_d.108.1.1     -            308 d2fiwa1d.108.1.1.aln -            225     2e-44  147.4   0.0   1   3   3.2e-42   5.7e-41  136.2   0.0    21   225     2   227     1   227 0.99 -
d1p0ha_d.108.1.1     -            308 d2fiwa1d.108.1.1.aln -            225     2e-44  147.4   0.0   2   3      0.35       6.2    1.9   0.0   110   127   231   248   228   251 0.86 -
d1p0ha_d.108.1.1     -            308 d2fiwa1d.108.1.1.aln -            225     2e-44  147.4   0.0   3   3     0.024      0.44    5.7   0.0   146   169   277   300   274   306 0.74 -
d2p0wa_d.108.1.1     -            319 d2fiwa1d.108.1.1.aln -            225   5.9e-42  139.4   0.1   1   1     4e-43   7.2e-42  139.1   0.1     1   198    83   319    83   319 1.00 -
d1boba_d.108.1.1     -            315 d2fiwa1d.108.1.1.aln -            225   6.7e-39  129.4   0.3   1   1   4.7e-40   8.4e-39  129.1   0.3     1   198    75   315    75   315 0.99 -
d1tiqa_d.108.1.1     -            173 d2fiwa1d.108.1.1.aln -            225   1.3e-34  115.4   0.5   1   1   7.8e-36   1.4e-34  115.2   0.5    26   192     3   172     1   173 0.98 -
d1z4ea1d.108.1.1     -            150 d2fiwa1d.108.1.1.aln -            225   5.5e-31  103.5   0.1   1   1   3.6e-32   6.4e-31  103.3   0.1    26   172     2   145     1   148 0.97 -
d1i12a_d.108.1.1     -            157 d2fiwa1d.108.1.1.aln -            225     1e-30  102.6   0.0   1   1   6.1e-32   1.1e-30  102.5   0.0    23   176     4   156     1   157 0.97 -
d1ufha_d.108.1.1     -            155 d2fiwa1d.108.1.1.aln -            225   5.9e-30  100.1   0.6   1   1   3.6e-31   6.4e-30  100.0   0.6    22   175     1   153     1   155 0.97 -
d2euia1d.108.1.1     -            153 d2fiwa1d.108.1.1.aln -            225   8.1e-30   99.7   0.1   1   1   5.2e-31   9.2e-30   99.5   0.1    33   181     3   150     1   152 0.97 -
d2ae6a1d.108.1.1     -            161 d2fiwa1d.108.1.1.aln -            225     9e-30   99.5   0.1   1   1   5.4e-31   9.6e-30   99.4   0.1    30   191     3   160     1   161 0.96 -
d2b5ga_d.108.1.1     -            168 d2fiwa1d.108.1.1.aln -            225   3.3e-29   97.7   0.1   1   1     2e-30   3.5e-29   97.6   0.1    24   188     2   166     1   168 0.98 -
d1m4ia_d.108.1.1     -            181 d2fiwa1d.108.1.1.aln -            225   3.3e-29   97.7   0.0   1   1     2e-30   3.6e-29   97.5   0.0    28   199     1   180     1   181 0.99 -
d2cy2a1d.108.1.1     -            174 d2fiwa1d.108.1.1.aln -            225   1.2e-28   95.9   0.2   1   1     7e-30   1.3e-28   95.8   0.2    22   191     2   173     1   174 0.96 -
d1y9wa1d.108.1.1     -            140 d2fiwa1d.108.1.1.aln -            225   1.5e-28   95.5   1.6   1   1   9.4e-30   1.7e-28   95.4   1.6    40   187     2   139     1   140 0.97 -
d2fiaa1d.108.1.1     -            157 d2fiwa1d.108.1.1.aln -            225   2.8e-28   94.6   0.9   1   1   1.9e-29   3.4e-28   94.4   0.9    29   190     2   156     1   156 0.97 -
d2gana1d.108.1.1     -            182 d2fiwa1d.108.1.1.aln -            225   4.1e-28   94.1   0.2   1   1   2.5e-29   4.5e-28   94.0   0.2    18   185     1   181     1   182 0.95 -
d1u6ma_d.108.1.1     -            189 d2fiwa1d.108.1.1.aln -            225     5e-28   93.8   0.1   1   1   3.1e-29   5.6e-28   93.6   0.1    22   185     2   187     1   189 0.98 -
d1nsla_d.108.1.1     -            180 d2fiwa1d.108.1.1.aln -            225   1.4e-27   92.4   0.1   1   1   8.3e-29   1.5e-27   92.3   0.1    22   194     2   179     1   180 0.98 -
d1wwza1d.108.1.1     -            157 d2fiwa1d.108.1.1.aln -            225   3.1e-27   91.2   0.6   1   1     2e-28   3.6e-27   91.0   0.6    24   179     2   154     1   156 0.97 -
d1qsma_d.108.1.1     -            150 d2fiwa1d.108.1.1.aln -            225   6.1e-27   90.3   0.0   1   1   3.7e-28   6.6e-27   90.2   0.0    33   176     4   148     1   150 0.96 -
d1vkca_d.108.1.1     -            149 d2fiwa1d.108.1.1.aln -            225   1.1e-26   89.4   1.8   1   1   6.7e-28   1.2e-26   89.3   1.8    27   175     3   147     1   149 0.93 -
d1yx0a1d.108.1.1     -            151 d2fiwa1d.108.1.1.aln -            225   3.1e-25   84.7   0.0   1   1   1.8e-26   3.3e-25   84.6   0.0    40   187     9   150     1   151 0.95 -
d2fl4a1d.108.1.1     -            146 d2fiwa1d.108.1.1.aln -            225   4.7e-25   84.1   0.7   1   1   2.8e-26     5e-25   84.0   0.7    40   183     2   144     1   146 0.92 -
d1cjwa_d.108.1.1     -            166 d2fiwa1d.108.1.1.aln -            225     1e-24   83.0   0.0   1   1   6.2e-26   1.1e-24   82.9   0.0    21   187     2   165     1   166 0.98 -
d2fcka1d.108.1.1     -            178 d2fiwa1d.108.1.1.aln -            225   1.2e-24   82.7   0.1   1   1   8.1e-26   1.4e-24   82.5   0.1    21   189     1   175     1   177 0.96 -
d2jdca1d.108.1.1     -            145 d2fiwa1d.108.1.1.aln -            225   1.8e-24   82.2   0.2   1   1   1.2e-25   2.1e-24   81.9   0.2    45   188     8   144     2   145 0.96 -
d1mk4a_d.108.1.1     -            157 d2fiwa1d.108.1.1.aln -            225   1.2e-23   79.5   0.0   1   1   7.2e-25   1.3e-23   79.4   0.0    32   167     1   126     1   154 0.89 -
d1z4ra1d.108.1.1     -            162 d2fiwa1d.108.1.1.aln -            225   2.2e-23   78.7   0.0   1   1   1.4e-24   2.5e-23   78.4   0.0    27   189     2   160     1   161 0.97 -
d1ghea_d.108.1.1     -            170 d2fiwa1d.108.1.1.aln -            225   3.7e-23   77.9   0.0   1   1   2.3e-24     4e-23   77.8   0.0    22   190     2   170     1   170 0.97 -
d1y9ka1d.108.1.1     -            152 d2fiwa1d.108.1.1.aln -            225     2e-22   75.5   0.0   1   1   1.2e-23   2.1e-22   75.4   0.0    46   191     4   151     1   152 0.93 -
d2atra1d.108.1.1     -            137 d2fiwa1d.108.1.1.aln -            225   2.6e-22   75.1   0.0   1   1   1.5e-23   2.6e-22   75.1   0.0    52   182    15   136     1   137 0.93 -
d2g3aa1d.108.1.1     -            137 d2fiwa1d.108.1.1.aln -            225   3.9e-22   74.6   0.0   1   1   2.3e-23     4e-22   74.5   0.0    49   187    11   136     1   137 0.93 -
d1bo4a_d.108.1.1     -            137 d2fiwa1d.108.1.1.aln -            225   5.7e-22   74.0   0.0   1   1   3.5e-23   6.3e-22   73.9   0.0    27   165     2   137     1   137 0.97 -
d1xeba_d.108.1.1     -            149 d2fiwa1d.108.1.1.aln -            225     1e-19   66.6   0.4   1   1   6.5e-21   1.2e-19   66.5   0.4    34   181     3   144     1   148 0.96 -
d2aj6a1d.108.1.1     -            118 d2fiwa1d.108.1.1.aln -            225   3.6e-19   64.8   0.1   1   1   2.2e-20   3.9e-19   64.7   0.1    25   147     2   116     1   118 0.96 -
d1y7ra1d.108.1.1     -            133 d2fiwa1d.108.1.1.aln -            225   5.3e-19   64.3   0.0   1   1   3.5e-20   6.2e-19   64.1   0.0    42   179     3   132     1   132 0.96 -
d1n71a_d.108.1.1     -            180 d2fiwa1d.108.1.1.aln -            225   5.9e-19   64.1   0.0   1   1   3.6e-20   6.5e-19   64.0   0.0    22   187     1   178     1   180 0.98 -
d1q2ya_d.108.1.1     -            140 d2fiwa1d.108.1.1.aln -            225     3e-18   61.8   0.2   1   1   1.8e-19   3.2e-18   61.7   0.2    37   186     5   139     1   140 0.96 -
d2fsra1d.108.1.1     -            164 d2fiwa1d.108.1.1.aln -            225     5e-18   61.1   0.0   1   1     3e-19   5.4e-18   61.0   0.0    26   186     3   163     1   164 0.94 -
d1yk3a1d.108.1.1     -            198 d2fiwa1d.108.1.1.aln -            225   8.8e-15   50.5   0.0   1   1   5.6e-16     1e-14   50.3   0.0    22   177     2   185     1   197 0.91 -
d2d4pa1d.108.1.1     -            130 d2fiwa1d.108.1.1.aln -            225   2.2e-07   26.3   0.0   1   1   1.3e-08   2.4e-07   26.2   0.0    46   176     4   125     1   130 0.92 -
d1xmta_d.108.1.1     -             95 d2fiwa1d.108.1.1.aln -            225   2.3e-07   26.2   0.0   1   2     0.028       0.5    5.5   0.1    49    83     3    37     1    39 0.86 -
d1xmta_d.108.1.1     -             95 d2fiwa1d.108.1.1.aln -            225   2.3e-07   26.2   0.0   2   2   1.4e-06   2.5e-05   19.6   0.0   116   154    39    77    35    94 0.85 -
d1r57a_d.108.1.1     -            102 d2fiwa1d.108.1.1.aln -            225   4.7e-07   25.2   0.1   1   1   1.1e-07     2e-06   23.1   0.1    53   137    16    93     1   101 0.51 -
d2fiwa1d.108.1.1     -            156 d2fiwa1d.108.1.1.aln -            225   5.6e-07   25.0   0.0   1   1   3.8e-08   6.8e-07   24.7   0.0    86   170    49   136    19   148 0.72 -
#
# Program:         hmmsearch
# Version:         3.3.2 (Nov 2020)
# Pipeline mode:   SEARCH
# Query file:      /home/elise/Documents/M1-BIM/S2/TMEs/SBAS/tme08/models/scop30/d2fiwa1d.108.1.1.aln.hmm
# Target file:     /home/elise/Documents/M1-BIM/S2/TMEs/SBAS/tme08/scop/scop/scopTestSeq.fasta
# Option settings: hmmsearch --domtblout /home/elise/Documents/M1-BIM/S2/TMEs/SBAS/tme08/searchResults/scop30/d2fiwa1d.108.1.1.aln.out -E 1 /home/elise/Documents/M1-BIM/S2/TMEs/SBAS/tme08/models/scop30/d2fiwa1d.108.1.1.aln.hmm /home/elise/Documents/M1-BIM/S2/TMEs/SBAS/tme08/scop/scop/scopTestSeq.fasta 
# Current dir:     /home/elise/Documents/M1-BIM/S2/TMEs/SBAS/tme08
# Date:            Thu Apr 10 10:02:37 2025
# [ok]
