#                                                                            --- full sequence --- -------------- this domain -------------   hmm coord   ali coord   env coord
# target name        accession   tlen query name           accession   qlen   E-value  score  bias   #  of  c-Evalue  i-Evalue  score  bias  from    to  from    to  from    to  acc description of target
#------------------- ---------- ----- -------------------- ---------- ----- --------- ------ ----- --- --- --------- --------- ------ ----- ----- ----- ----- ----- ----- ----- ---- ---------------------
d1tu7a1a.45.1.1      -            131 d2fnoa1a.45.1.1.aln  -            140   1.9e-45  149.9   0.1   1   1   2.8e-47     2e-45  149.8   0.1     4   139     1   130     1   131 0.99 -
d1tw9a1a.45.1.1      -            129 d2fnoa1a.45.1.1.aln  -            140   1.6e-43  143.7   0.0   1   1   2.4e-45   1.7e-43  143.6   0.0     3   132     1   129     1   129 0.99 -
d1eema1a.45.1.1      -            139 d2fnoa1a.45.1.1.aln  -            140   1.4e-42  140.7   0.4   1   1   2.1e-44   1.5e-42  140.5   0.4     4   140     2   130     1   130 0.99 -
d2cvda1a.45.1.1      -            124 d2fnoa1a.45.1.1.aln  -            140   2.5e-42  139.8   0.1   1   1   3.8e-44   2.7e-42  139.7   0.1     1   132     1   124     1   124 0.99 -
d2c4ja1a.45.1.1      -            133 d2fnoa1a.45.1.1.aln  -            140   9.4e-42  137.9   0.1   1   1   1.5e-43     1e-41  137.8   0.1     2   140     1   129     1   129 0.99 -
d1k3ya1a.45.1.1      -            142 d2fnoa1a.45.1.1.aln  -            140   1.9e-41  136.9   0.0   1   1     3e-43   2.2e-41  136.8   0.0     2   138     1   132     1   134 0.98 -
d1nhya1a.45.1.1      -            144 d2fnoa1a.45.1.1.aln  -            140   2.4e-41  136.6   0.0   1   1   3.7e-43   2.7e-41  136.5   0.0     2   138     9   144     8   144 0.99 -
d1z9ha1a.45.1.1      -            161 d2fnoa1a.45.1.1.aln  -            140   8.5e-41  134.8   0.0   1   1   1.4e-42   9.7e-41  134.7   0.0     2   139    13   157    12   158 0.98 -
d1okta1a.45.1.1      -            126 d2fnoa1a.45.1.1.aln  -            140   3.1e-40  133.0   1.4   1   1   4.8e-42   3.4e-40  132.9   1.4     3   131     1   125     1   126 0.98 -
d1k0ma1a.45.1.1      -            149 d2fnoa1a.45.1.1.aln  -            140   2.9e-39  129.9   0.0   1   1   4.5e-41   3.2e-39  129.7   0.0     1   140     4   145     4   145 0.99 -
d1gnwa1a.45.1.1      -            126 d2fnoa1a.45.1.1.aln  -            140   1.8e-37  124.1   0.2   1   1   2.7e-39   1.9e-37  124.0   0.2     2   124     2   126     1   126 0.98 -
#
# Program:         hmmsearch
# Version:         3.3.2 (Nov 2020)
# Pipeline mode:   SEARCH
# Query file:      /home/elise/Documents/M1-BIM/S2/TMEs/SBAS/tme08/models/scop30/d2fnoa1a.45.1.1.aln.hmm
# Target file:     /home/elise/Documents/M1-BIM/S2/TMEs/SBAS/tme08/scop/scop/scopTestSeq.fasta
# Option settings: hmmsearch --domtblout /home/elise/Documents/M1-BIM/S2/TMEs/SBAS/tme08/searchResults/scop30/d2fnoa1a.45.1.1.aln.out -E 1 /home/elise/Documents/M1-BIM/S2/TMEs/SBAS/tme08/models/scop30/d2fnoa1a.45.1.1.aln.hmm /home/elise/Documents/M1-BIM/S2/TMEs/SBAS/tme08/scop/scop/scopTestSeq.fasta 
# Current dir:     /home/elise/Documents/M1-BIM/S2/TMEs/SBAS/tme08
# Date:            Thu Apr 10 10:02:37 2025
# [ok]
