#                                                                            --- full sequence --- -------------- this domain -------------   hmm coord   ali coord   env coord
# target name        accession   tlen query name           accession   qlen   E-value  score  bias   #  of  c-Evalue  i-Evalue  score  bias  from    to  from    to  from    to  acc description of target
#------------------- ---------- ----- -------------------- ---------- ----- --------- ------ ----- --- --- --------- --------- ------ ----- ----- ----- ----- ----- ----- ----- ---- ---------------------
d2i02a1b.45.1.1      -            143 d2fura1b.45.1.1.aln  -            154   1.7e-47  157.0   0.0   1   1   3.2e-49   1.8e-47  156.9   0.0     2   148     1   142     1   143 0.99 -
d1rfea_b.45.1.1      -            160 d2fura1b.45.1.1.aln  -            154   1.2e-45  151.0   0.0   1   1   2.4e-47   1.3e-45  150.8   0.0     1   152     4   159     4   160 0.98 -
d2hq7a1b.45.1.1      -            141 d2fura1b.45.1.1.aln  -            154   5.4e-44  145.6   0.0   1   1     1e-45   5.9e-44  145.5   0.0     4   148     2   140     1   141 0.98 -
d2fg9a1b.45.1.1      -            157 d2fura1b.45.1.1.aln  -            154   1.9e-43  143.8   0.0   1   1   3.8e-45   2.1e-43  143.7   0.0     1   153     1   156     1   157 0.99 -
d1w9aa_b.45.1.1      -            142 d2fura1b.45.1.1.aln  -            154   1.6e-41  137.6   0.0   1   1   3.1e-43   1.7e-41  137.5   0.0     7   149     1   141     1   142 0.98 -
d2fhqa1b.45.1.1      -            135 d2fura1b.45.1.1.aln  -            154   5.1e-41  136.0   0.0   1   1   9.8e-43   5.5e-41  135.9   0.0     5   144     2   133     1   135 0.98 -
d2hq9a1b.45.1.1      -            148 d2fura1b.45.1.1.aln  -            154   6.6e-41  135.6   0.0   1   1   1.3e-42   7.3e-41  135.5   0.0     1   149     1   148     1   148 0.98 -
d2htia1b.45.1.1      -            156 d2fura1b.45.1.1.aln  -            154     2e-40  134.0   0.0   1   1   3.9e-42   2.2e-40  133.9   0.0     4   150     1   156     1   156 0.99 -
d2vpaa_b.45.1.1      -            215 d2fura1b.45.1.1.aln  -            154   3.2e-38  126.9   0.0   1   1   7.3e-40   4.1e-38  126.5   0.0     1   153    37   207    37   208 0.99 -
d1xhna1b.45.1.1      -            170 d2fura1b.45.1.1.aln  -            154   5.6e-38  126.1   0.0   1   1   1.1e-39   6.1e-38  126.0   0.0     1   153     1   169     1   170 0.99 -
d2arza1b.45.1.1      -            238 d2fura1b.45.1.1.aln  -            154   7.6e-38  125.7   0.0   1   1   1.7e-39   9.6e-38  125.3   0.0     5   153     2   160     1   161 0.98 -
d1vl7a_b.45.1.1      -            135 d2fura1b.45.1.1.aln  -            154   9.3e-36  118.9   0.0   1   1   1.8e-37     1e-35  118.8   0.0    12   147     2   133     1   135 0.98 -
d2asfa1b.45.1.1      -            125 d2fura1b.45.1.1.aln  -            154   1.8e-29   98.4   0.0   1   1   3.6e-31     2e-29   98.3   0.0     9   147     2   122     1   125 0.97 -
d3a6ra_b.45.1.1      -            122 d2fura1b.45.1.1.aln  -            154     9e-27   89.7   0.0   1   1   1.8e-28     1e-26   89.5   0.0     8   114     3   108     1   121 0.95 -
#
# Program:         hmmsearch
# Version:         3.3.2 (Nov 2020)
# Pipeline mode:   SEARCH
# Query file:      /home/elise/Documents/M1-BIM/S2/TMEs/SBAS/tme08/models/scop30/d2fura1b.45.1.1.aln.hmm
# Target file:     /home/elise/Documents/M1-BIM/S2/TMEs/SBAS/tme08/scop/scop/scopTestSeq.fasta
# Option settings: hmmsearch --domtblout /home/elise/Documents/M1-BIM/S2/TMEs/SBAS/tme08/searchResults/scop30/d2fura1b.45.1.1.aln.out -E 1 /home/elise/Documents/M1-BIM/S2/TMEs/SBAS/tme08/models/scop30/d2fura1b.45.1.1.aln.hmm /home/elise/Documents/M1-BIM/S2/TMEs/SBAS/tme08/scop/scop/scopTestSeq.fasta 
# Current dir:     /home/elise/Documents/M1-BIM/S2/TMEs/SBAS/tme08
# Date:            Thu Apr 10 10:02:37 2025
# [ok]
