#                                                                            --- full sequence --- -------------- this domain -------------   hmm coord   ali coord   env coord
# target name        accession   tlen query name           accession   qlen   E-value  score  bias   #  of  c-Evalue  i-Evalue  score  bias  from    to  from    to  from    to  acc description of target
#------------------- ---------- ----- -------------------- ---------- ----- --------- ------ ----- --- --- --------- --------- ------ ----- ----- ----- ----- ----- ----- ----- ---- ---------------------
d1g0sa_d.113.1.1     -            209 d2fvva1d.113.1.1.aln -            165   6.9e-49  161.2   0.4   1   1   1.6e-50     8e-49  161.0   0.4     2   164    27   208    26   209 0.99 -
d2b06a1d.113.1.1     -            155 d2fvva1d.113.1.1.aln -            165   4.5e-45  148.8   0.0   1   1     1e-46     5e-45  148.7   0.0     5   165     1   155     1   155 0.99 -
d2azwa1d.113.1.1     -            147 d2fvva1d.113.1.1.aln -            165     8e-45  148.0   0.8   1   1   1.8e-46   8.8e-45  147.9   0.8     7   152     1   146     1   147 0.99 -
d1nqza_d.113.1.1     -            187 d2fvva1d.113.1.1.aln -            165   5.1e-44  145.4   0.0   1   1   1.2e-45   5.7e-44  145.2   0.0     1   164    11   179    11   180 0.99 -
d1jkna_d.113.1.1     -            165 d2fvva1d.113.1.1.aln -            165   1.2e-43  144.1   0.0   1   1   2.8e-45   1.4e-43  144.0   0.0     2   165     2   161     1   161 0.98 -
d3o69a_d.113.1.1     -            190 d2fvva1d.113.1.1.aln -            165     2e-43  143.4   0.0   1   1   4.6e-45   2.3e-43  143.3   0.0     1   159    14   189    14   190 0.99 -
d1q33a_d.113.1.1     -            292 d2fvva1d.113.1.1.aln -            165   1.3e-42  140.8   0.0   1   1   3.2e-44   1.6e-42  140.5   0.0     1   164    63   274    63   275 0.99 -
d1vhza_d.113.1.1     -            186 d2fvva1d.113.1.1.aln -            165   4.1e-42  139.2   0.0   1   1   9.2e-44   4.5e-42  139.0   0.0     2   158    13   185    12   186 0.99 -
d3zr0a_d.113.1.1     -            154 d2fvva1d.113.1.1.aln -            165   5.3e-41  135.6   0.0   1   1   1.2e-42   5.8e-41  135.5   0.0    13   164     2   153     1   154 0.98 -
d1sjya_d.113.1.1     -            158 d2fvva1d.113.1.1.aln -            165   8.8e-41  134.9   0.0   1   1   1.9e-42   9.6e-41  134.7   0.0    11   161     2   157     1   158 0.98 -
d1v8ya_d.113.1.1     -            158 d2fvva1d.113.1.1.aln -            165     4e-40  132.7   0.5   1   1   9.1e-42   4.5e-40  132.6   0.5    10   158     2   157     1   158 0.97 -
d2b0va1d.113.1.1     -            146 d2fvva1d.113.1.1.aln -            165   1.4e-38  127.7   0.0   1   1   3.4e-40   1.7e-38  127.4   0.0    13   162     3   144     1   145 0.97 -
d3a6sa_d.113.1.1     -            129 d2fvva1d.113.1.1.aln -            165   3.4e-38  126.4   0.7   1   1   7.5e-40   3.7e-38  126.3   0.7    11   148     2   128     1   129 0.97 -
d1ktga_d.113.1.1     -            137 d2fvva1d.113.1.1.aln -            165   7.1e-38  125.4   0.1   1   1   1.7e-39   8.3e-38  125.2   0.1    11   153     2   135     1   136 0.97 -
d1k2ea_d.113.1.1     -            152 d2fvva1d.113.1.1.aln -            165   1.5e-35  117.8   0.1   1   1   3.4e-37   1.7e-35  117.7   0.1    16   162     4   146     1   149 0.96 -
d2fvva1d.113.1.1     -            135 d2fvva1d.113.1.1.aln -            165   7.1e-14   47.4   0.3   1   1   1.9e-15   9.3e-14   47.0   0.3    36   143    26   129     7   133 0.72 -
#
# Program:         hmmsearch
# Version:         3.3.2 (Nov 2020)
# Pipeline mode:   SEARCH
# Query file:      /home/elise/Documents/M1-BIM/S2/TMEs/SBAS/tme08/models/scop30/d2fvva1d.113.1.1.aln.hmm
# Target file:     /home/elise/Documents/M1-BIM/S2/TMEs/SBAS/tme08/scop/scop/scopTestSeq.fasta
# Option settings: hmmsearch --domtblout /home/elise/Documents/M1-BIM/S2/TMEs/SBAS/tme08/searchResults/scop30/d2fvva1d.113.1.1.aln.out -E 1 /home/elise/Documents/M1-BIM/S2/TMEs/SBAS/tme08/models/scop30/d2fvva1d.113.1.1.aln.hmm /home/elise/Documents/M1-BIM/S2/TMEs/SBAS/tme08/scop/scop/scopTestSeq.fasta 
# Current dir:     /home/elise/Documents/M1-BIM/S2/TMEs/SBAS/tme08
# Date:            Thu Apr 10 10:02:37 2025
# [ok]
