#                                                                            --- full sequence --- -------------- this domain -------------   hmm coord   ali coord   env coord
# target name        accession   tlen query name           accession   qlen   E-value  score  bias   #  of  c-Evalue  i-Evalue  score  bias  from    to  from    to  from    to  acc description of target
#------------------- ---------- ----- -------------------- ---------- ----- --------- ------ ----- --- --- --------- --------- ------ ----- ----- ----- ----- ----- ----- ----- ---- ---------------------
d2id3a2a.121.1.1     -            123 d2fx0a2a.121.1.1.aln -            120   8.7e-24   79.3   8.7   1   1   3.5e-25   9.5e-24   79.1   8.7     3   119     5   121     3   122 0.97 -
d2d6ya2a.121.1.1     -            118 d2fx0a2a.121.1.1.aln -            120   5.6e-23   76.7   1.5   1   1   2.3e-24   6.1e-23   76.5   1.5     3   118     1   116     1   118 0.98 -
d1t56a2a.121.1.1     -            120 d2fx0a2a.121.1.1.aln -            120   1.1e-22   75.7   2.1   1   1   4.5e-24   1.2e-22   75.6   2.1     3   118     2   117     1   119 0.98 -
d1rkta2a.121.1.1     -            123 d2fx0a2a.121.1.1.aln -            120   1.2e-22   75.6   0.0   1   1   4.7e-24   1.3e-22   75.5   0.0     2   120     2   120     1   120 0.98 -
d1ui5a2a.121.1.1     -            133 d2fx0a2a.121.1.1.aln -            120   1.3e-22   75.5   0.5   1   1   5.8e-24   1.6e-22   75.2   0.5     7   118     3   114     1   116 0.97 -
d2gfna2a.121.1.1     -            119 d2fx0a2a.121.1.1.aln -            120   1.4e-22   75.4   8.5   1   1   5.4e-24   1.5e-22   75.3   8.5     2   118     2   118     1   119 0.97 -
d1z0xa2a.121.1.1     -            149 d2fx0a2a.121.1.1.aln -            120   1.7e-22   75.1   0.0   1   1   7.4e-24     2e-22   74.9   0.0     1   119     6   124     6   125 0.98 -
d1vi0a2a.121.1.1     -            117 d2fx0a2a.121.1.1.aln -            120   1.9e-22   75.0   0.0   1   1   7.5e-24   2.1e-22   74.9   0.0     5   119     2   116     1   117 0.97 -
d2hyja2a.121.1.1     -            118 d2fx0a2a.121.1.1.aln -            120   3.2e-22   74.2   7.4   1   1   1.3e-23   3.5e-22   74.1   7.4     4   116     6   118     3   118 0.97 -
d2g3ba2a.121.1.1     -            116 d2fx0a2a.121.1.1.aln -            120     2e-21   71.7   2.8   1   1   8.1e-23   2.2e-21   71.5   2.8     2   116     2   116     1   116 0.98 -
d2i10a2a.121.1.1     -            116 d2fx0a2a.121.1.1.aln -            120   2.1e-21   71.6   4.2   1   1   8.5e-23   2.3e-21   71.5   4.2     2   113     4   115     3   116 0.98 -
d2g7sa2a.121.1.1     -            116 d2fx0a2a.121.1.1.aln -            120   2.3e-21   71.5   2.7   1   1   9.1e-23   2.5e-21   71.4   2.7     1   113     2   114     2   116 0.97 -
d2oi8a2a.121.1.1     -            130 d2fx0a2a.121.1.1.aln -            120     9e-21   69.6   1.9   1   1   3.8e-22     1e-20   69.4   1.9     4   119     1   116     1   117 0.98 -
d1t33a2a.121.1.1     -            132 d2fx0a2a.121.1.1.aln -            120     3e-20   67.9   0.1   1   1   1.2e-21   3.4e-20   67.7   0.1     1   120     3   122     3   122 0.99 -
d2gena2a.121.1.1     -            118 d2fx0a2a.121.1.1.aln -            120   9.8e-20   66.3   6.1   1   1   4.2e-21   1.1e-19   66.0   6.1     7   120    10   118     5   118 0.96 -
d2id6a2a.121.1.1     -            125 d2fx0a2a.121.1.1.aln -            120   5.1e-19   63.9   0.0   1   1   2.1e-20   5.6e-19   63.8   0.0     2   119     3   120     2   121 0.97 -
d2hkua2a.121.1.1     -            121 d2fx0a2a.121.1.1.aln -            120   5.6e-19   63.8   0.1   1   1   2.3e-20   6.1e-19   63.7   0.1     2   119     3   120     2   121 0.98 -
d3c07a2a.121.1.1     -            146 d2fx0a2a.121.1.1.aln -            120   1.1e-18   62.9   1.4   1   1   4.9e-20   1.3e-18   62.6   1.4     1   119     1   119     1   120 0.98 -
d2fq4a2a.121.1.1     -            115 d2fx0a2a.121.1.1.aln -            120   2.8e-18   61.5   0.0   1   1   1.1e-19   3.1e-18   61.4   0.0     3   116     2   115     1   115 0.97 -
d2fbqa2a.121.1.1     -            134 d2fx0a2a.121.1.1.aln -            120     4e-18   61.1   0.1   1   1   1.7e-19   4.5e-18   60.9   0.1     2   119     3   120     2   121 0.98 -
d2iu5a2a.121.1.1     -            109 d2fx0a2a.121.1.1.aln -            120   4.4e-18   60.9   0.0   1   1   1.8e-19   4.8e-18   60.8   0.0     9   116     2   109     1   109 0.98 -
d1sgma2a.121.1.1     -            111 d2fx0a2a.121.1.1.aln -            120   1.3e-17   59.4   0.0   1   1   5.1e-19   1.4e-17   59.3   0.0     3   113     5   110     3   111 0.96 -
d2np5a2a.121.1.1     -            118 d2fx0a2a.121.1.1.aln -            120   2.4e-17   58.6   4.9   1   1   9.5e-19   2.6e-17   58.5   4.9     2   118     3   112     2   114 0.97 -
d2g7la2a.121.1.1     -            144 d2fx0a2a.121.1.1.aln -            120   1.2e-15   53.2   9.2   1   1   5.8e-17   1.6e-15   52.7   9.2     2   115     2   115     1   120 0.97 -
d1zk8a2a.121.1.1     -            105 d2fx0a2a.121.1.1.aln -            120   5.6e-15   51.0   0.0   1   1   2.2e-16     6e-15   50.9   0.0     2   103     3   104     2   105 0.97 -
d2g7ga2a.121.1.1     -            132 d2fx0a2a.121.1.1.aln -            120   1.4e-14   49.7   9.2   1   1   5.8e-16   1.6e-14   49.5   9.2     2   117     2   117     1   120 0.97 -
d2np3a2a.121.1.1     -            112 d2fx0a2a.121.1.1.aln -            120   2.4e-11   39.3   8.2   1   1   1.1e-12   3.1e-11   38.9   8.2     2   119     3   107     2   108 0.97 -
d2fd5a2a.121.1.1     -            104 d2fx0a2a.121.1.1.aln -            120   3.2e-11   38.9   3.6   1   1   1.3e-12   3.4e-11   38.8   3.6     5   110     4   101     1   104 0.95 -
d2o7ta2a.121.1.1     -            110 d2fx0a2a.121.1.1.aln -            120   9.6e-11   37.3   0.0   1   1   3.9e-12     1e-10   37.2   0.0     1   116     1   110     1   110 0.98 -
#
# Program:         hmmsearch
# Version:         3.3.2 (Nov 2020)
# Pipeline mode:   SEARCH
# Query file:      /home/elise/Documents/M1-BIM/S2/TMEs/SBAS/tme08/models/scop30/d2fx0a2a.121.1.1.aln.hmm
# Target file:     /home/elise/Documents/M1-BIM/S2/TMEs/SBAS/tme08/scop/scop/scopTestSeq.fasta
# Option settings: hmmsearch --domtblout /home/elise/Documents/M1-BIM/S2/TMEs/SBAS/tme08/searchResults/scop30/d2fx0a2a.121.1.1.aln.out -E 1 /home/elise/Documents/M1-BIM/S2/TMEs/SBAS/tme08/models/scop30/d2fx0a2a.121.1.1.aln.hmm /home/elise/Documents/M1-BIM/S2/TMEs/SBAS/tme08/scop/scop/scopTestSeq.fasta 
# Current dir:     /home/elise/Documents/M1-BIM/S2/TMEs/SBAS/tme08
# Date:            Thu Apr 10 10:02:37 2025
# [ok]
