#                                                                            --- full sequence --- -------------- this domain -------------   hmm coord   ali coord   env coord
# target name        accession   tlen query name           accession   qlen   E-value  score  bias   #  of  c-Evalue  i-Evalue  score  bias  from    to  from    to  from    to  acc description of target
#------------------- ---------- ----- -------------------- ---------- ----- --------- ------ ----- --- --- --------- --------- ------ ----- ----- ----- ----- ----- ----- ----- ---- ---------------------
d2pq8a_d.108.1.1     -            271 d2g3aa1d.108.1.1.aln -            226   4.7e-55  182.1   0.0   1   1     3e-56   5.5e-55  181.9   0.0     1   226     1   248     1   248 1.00 -
d2p0wa_d.108.1.1     -            319 d2g3aa1d.108.1.1.aln -            226   9.1e-55  181.2   0.1   1   1   6.8e-56   1.2e-54  180.8   0.1     2   226    81   319    80   319 0.99 -
d1boba_d.108.1.1     -            315 d2g3aa1d.108.1.1.aln -            226   1.2e-49  164.4   0.3   1   1   8.4e-51   1.5e-49  164.1   0.3     1   226    72   315    72   315 0.99 -
d1tiqa_d.108.1.1     -            173 d2g3aa1d.108.1.1.aln -            226   1.2e-38  128.5   0.3   1   1   7.8e-40   1.4e-38  128.2   0.3    41   208     2   170     1   172 0.98 -
d1p0ha_d.108.1.1     -            308 d2g3aa1d.108.1.1.aln -            226   4.9e-37  123.2   0.0   1   1   4.2e-38   7.6e-37  122.6   0.0     1   215    73   308    73   308 0.98 -
d1yk3a1d.108.1.1     -            198 d2g3aa1d.108.1.1.aln -            226   2.6e-35  117.5   0.0   1   1   1.6e-36   2.9e-35  117.4   0.0    19   205     1   197     1   198 0.98 -
d1wwza1d.108.1.1     -            157 d2g3aa1d.108.1.1.aln -            226   8.1e-33  109.4   0.6   1   1   4.9e-34   8.8e-33  109.3   0.6    43   198     1   155     1   157 0.98 -
d2cy2a1d.108.1.1     -            174 d2g3aa1d.108.1.1.aln -            226   9.3e-32  105.9   0.2   1   1   5.7e-33     1e-31  105.8   0.2    42   212     2   173     1   174 0.97 -
d2b5ga_d.108.1.1     -            168 d2g3aa1d.108.1.1.aln -            226     1e-31  105.8   0.2   1   1   6.2e-33   1.1e-31  105.7   0.2    52   206     3   166     1   168 0.98 -
d2ae6a1d.108.1.1     -            161 d2g3aa1d.108.1.1.aln -            226   1.4e-31  105.3   0.1   1   1   8.7e-33   1.6e-31  105.2   0.1    48   208     1   159     1   161 0.98 -
d1m4ia_d.108.1.1     -            181 d2g3aa1d.108.1.1.aln -            226   8.9e-31  102.7   0.0   1   1   5.5e-32   9.9e-31  102.6   0.0    50   226     1   179     1   179 0.99 -
d1i12a_d.108.1.1     -            157 d2g3aa1d.108.1.1.aln -            226     2e-30  101.5   0.0   1   1   1.3e-31   2.4e-30  101.3   0.0    45   193     7   155     2   157 0.97 -
d1z4ea1d.108.1.1     -            150 d2g3aa1d.108.1.1.aln -            226   4.5e-30  100.4   0.1   1   1   2.8e-31     5e-30  100.3   0.1    49   190     2   145     1   149 0.97 -
d2euia1d.108.1.1     -            153 d2g3aa1d.108.1.1.aln -            226   1.7e-29   98.5   0.1   1   1   1.1e-30     2e-29   98.3   0.1    56   197     5   148     1   152 0.96 -
d1ufha_d.108.1.1     -            155 d2g3aa1d.108.1.1.aln -            226   2.2e-29   98.1   0.7   1   1   1.3e-30   2.4e-29   98.0   0.7    42   193     2   153     1   155 0.97 -
d2fiaa1d.108.1.1     -            157 d2g3aa1d.108.1.1.aln -            226   2.4e-29   98.1   1.0   1   1   1.4e-30   2.6e-29   97.9   1.0    50   208     2   156     1   157 0.97 -
d1nsla_d.108.1.1     -            180 d2g3aa1d.108.1.1.aln -            226   2.5e-29   98.0   0.1   1   1   1.5e-30   2.7e-29   97.9   0.1    39   212     1   179     1   180 0.98 -
d1qsma_d.108.1.1     -            150 d2g3aa1d.108.1.1.aln -            226   1.7e-28   95.3   0.0   1   1     1e-29   1.8e-28   95.2   0.0    49   193     3   147     1   150 0.97 -
d1vkca_d.108.1.1     -            149 d2g3aa1d.108.1.1.aln -            226   4.3e-28   93.9   2.4   1   1   2.6e-29   4.6e-28   93.8   2.4    48   192     3   146     1   149 0.93 -
d1mk4a_d.108.1.1     -            157 d2g3aa1d.108.1.1.aln -            226   9.1e-28   92.9   0.0   1   1   5.4e-29   9.7e-28   92.8   0.0    58   215     4   156     1   157 0.97 -
d1u6ma_d.108.1.1     -            189 d2g3aa1d.108.1.1.aln -            226   1.1e-27   92.6   0.1   1   1   6.9e-29   1.2e-27   92.4   0.1    39   204     3   188     1   189 0.97 -
d1y9wa1d.108.1.1     -            140 d2g3aa1d.108.1.1.aln -            226   1.3e-27   92.4   1.6   1   1   7.8e-29   1.4e-27   92.3   1.6    63   205     3   139     1   140 0.96 -
d1ghea_d.108.1.1     -            170 d2g3aa1d.108.1.1.aln -            226   2.6e-27   91.4   0.0   1   1   1.5e-28   2.8e-27   91.3   0.0    43   210     3   169     1   170 0.97 -
d1y9ka1d.108.1.1     -            152 d2g3aa1d.108.1.1.aln -            226     3e-27   91.2   0.0   1   1   1.8e-28   3.3e-27   91.1   0.0    83   219    21   151     3   152 0.97 -
d2jdca1d.108.1.1     -            145 d2g3aa1d.108.1.1.aln -            226   4.9e-26   87.2   0.1   1   1     3e-27   5.3e-26   87.1   0.1    60   206     2   144     1   145 0.97 -
d1yx0a1d.108.1.1     -            151 d2g3aa1d.108.1.1.aln -            226   5.9e-26   87.0   0.0   1   1   3.8e-27   6.9e-26   86.7   0.0    61   206     9   151     2   151 0.97 -
d2fcka1d.108.1.1     -            178 d2g3aa1d.108.1.1.aln -            226   1.1e-25   86.1   0.0   1   1   6.5e-27   1.2e-25   86.0   0.0    41   207     1   177     1   178 0.97 -
d1cjwa_d.108.1.1     -            166 d2g3aa1d.108.1.1.aln -            226   4.1e-25   84.2   0.0   1   1   2.6e-26   4.6e-25   84.0   0.0    40   206     1   166     1   166 0.96 -
d2fl4a1d.108.1.1     -            146 d2g3aa1d.108.1.1.aln -            226   8.1e-25   83.2   0.6   1   1   4.9e-26   8.8e-25   83.1   0.6    56   202     3   145     1   146 0.96 -
d2gana1d.108.1.1     -            182 d2g3aa1d.108.1.1.aln -            226   8.1e-25   83.2   0.2   1   1   5.3e-26   9.6e-25   83.0   0.2    44   201     3   179     1   182 0.95 -
d1n71a_d.108.1.1     -            180 d2g3aa1d.108.1.1.aln -            226   8.2e-25   83.2   0.0   1   1     5e-26     9e-25   83.1   0.0    42   211     1   179     1   180 0.99 -
d1z4ra1d.108.1.1     -            162 d2g3aa1d.108.1.1.aln -            226   3.5e-24   81.2   0.0   1   1   2.1e-25   3.7e-24   81.1   0.0    48   207     3   160     1   162 0.95 -
d1xeba_d.108.1.1     -            149 d2g3aa1d.108.1.1.aln -            226     8e-24   80.0   0.6   1   1   4.8e-25   8.6e-24   79.9   0.6    52   203     3   147     1   149 0.96 -
d1bo4a_d.108.1.1     -            137 d2g3aa1d.108.1.1.aln -            226   9.3e-24   79.8   0.0   1   1   5.7e-25     1e-23   79.6   0.0    48   183     2   137     1   137 0.98 -
d2fiwa1d.108.1.1     -            156 d2g3aa1d.108.1.1.aln -            226   1.2e-22   76.1   0.0   1   1   7.2e-24   1.3e-22   76.0   0.0    57   207     8   155     1   156 0.92 -
d1q2ya_d.108.1.1     -            140 d2g3aa1d.108.1.1.aln -            226   3.6e-20   68.0   0.2   1   1   2.2e-21   3.9e-20   67.9   0.2    56   204     2   139     1   140 0.90 -
d2atra1d.108.1.1     -            137 d2g3aa1d.108.1.1.aln -            226   6.4e-20   67.2   0.1   1   1   3.8e-21   6.8e-20   67.1   0.1    57   200     3   132     1   137 0.89 -
d2fsra1d.108.1.1     -            164 d2g3aa1d.108.1.1.aln -            226   1.1e-19   66.4   0.0   1   1   6.8e-21   1.2e-19   66.3   0.0    46   203     4   163     1   164 0.97 -
d2aj6a1d.108.1.1     -            118 d2g3aa1d.108.1.1.aln -            226   3.2e-19   64.9   0.0   1   1   1.9e-20   3.5e-19   64.8   0.0    48   165     1   116     1   118 0.98 -
d1y7ra1d.108.1.1     -            133 d2g3aa1d.108.1.1.aln -            226   2.4e-18   62.1   0.0   1   1   1.4e-19   2.4e-18   62.0   0.0    59   191     4   126     1   133 0.92 -
d1r57a_d.108.1.1     -            102 d2g3aa1d.108.1.1.aln -            226   4.5e-12   41.5   0.2   1   1   2.8e-13     5e-12   41.4   0.2    96   190    10   101     3   102 0.83 -
d2d4pa1d.108.1.1     -            130 d2g3aa1d.108.1.1.aln -            226     4e-11   38.4   0.1   1   1   2.4e-12   4.4e-11   38.3   0.1    67   186     4   117     1   128 0.93 -
d2g3aa1d.108.1.1     -            137 d2g3aa1d.108.1.1.aln -            226   1.9e-10   36.2   0.0   1   1   1.3e-11   2.3e-10   36.0   0.0   128   189    59   120    39   134 0.87 -
d1xmta_d.108.1.1     -             95 d2g3aa1d.108.1.1.aln -            226   1.2e-07   27.1   0.0   1   1     2e-08   3.5e-07   25.5   0.0   132   188    37    89     2    95 0.78 -
#
# Program:         hmmsearch
# Version:         3.3.2 (Nov 2020)
# Pipeline mode:   SEARCH
# Query file:      /home/elise/Documents/M1-BIM/S2/TMEs/SBAS/tme08/models/scop30/d2g3aa1d.108.1.1.aln.hmm
# Target file:     /home/elise/Documents/M1-BIM/S2/TMEs/SBAS/tme08/scop/scop/scopTestSeq.fasta
# Option settings: hmmsearch --domtblout /home/elise/Documents/M1-BIM/S2/TMEs/SBAS/tme08/searchResults/scop30/d2g3aa1d.108.1.1.aln.out -E 1 /home/elise/Documents/M1-BIM/S2/TMEs/SBAS/tme08/models/scop30/d2g3aa1d.108.1.1.aln.hmm /home/elise/Documents/M1-BIM/S2/TMEs/SBAS/tme08/scop/scop/scopTestSeq.fasta 
# Current dir:     /home/elise/Documents/M1-BIM/S2/TMEs/SBAS/tme08
# Date:            Thu Apr 10 10:02:37 2025
# [ok]
