#                                                                            --- full sequence --- -------------- this domain -------------   hmm coord   ali coord   env coord
# target name        accession   tlen query name           accession   qlen   E-value  score  bias   #  of  c-Evalue  i-Evalue  score  bias  from    to  from    to  from    to  acc description of target
#------------------- ---------- ----- -------------------- ---------- ----- --------- ------ ----- --- --- --------- --------- ------ ----- ----- ----- ----- ----- ----- ----- ---- ---------------------
d2i10a2a.121.1.1     -            116 d2g3ba2a.121.1.1.aln -            121   5.8e-23   76.6   2.9   1   1   2.3e-24   6.3e-23   76.5   2.9     2   114     3   115     2   116 0.98 -
d2gfna2a.121.1.1     -            119 d2g3ba2a.121.1.1.aln -            121   9.6e-22   72.7   6.9   1   1   3.8e-23     1e-21   72.6   6.9     3   119     2   118     1   119 0.98 -
d2hyja2a.121.1.1     -            118 d2g3ba2a.121.1.1.aln -            121   1.9e-21   71.7   5.1   1   1   7.6e-23   2.1e-21   71.6   5.1     3   115     4   116     2   118 0.97 -
d2id3a2a.121.1.1     -            123 d2g3ba2a.121.1.1.aln -            121   2.5e-21   71.4   6.9   1   1     1e-22   2.7e-21   71.2   6.9     1   119     2   120     2   122 0.98 -
d1z0xa2a.121.1.1     -            149 d2g3ba2a.121.1.1.aln -            121     3e-20   67.9   0.0   1   1   1.3e-21   3.6e-20   67.7   0.0     3   119     1   120     1   122 0.97 -
d2g7sa2a.121.1.1     -            116 d2g3ba2a.121.1.1.aln -            121   6.8e-20   66.8   1.8   1   1   2.7e-21   7.4e-20   66.6   1.8     1   115     2   115     2   116 0.98 -
d2d6ya2a.121.1.1     -            118 d2g3ba2a.121.1.1.aln -            121   1.1e-19   66.1   1.6   1   1   4.5e-21   1.2e-19   65.9   1.6     1   115     2   117     2   118 0.98 -
d1ui5a2a.121.1.1     -            133 d2g3ba2a.121.1.1.aln -            121   2.2e-19   65.1   0.1   1   1   9.6e-21   2.6e-19   64.9   0.1     8   118     3   113     1   116 0.97 -
d1t33a2a.121.1.1     -            132 d2g3ba2a.121.1.1.aln -            121     3e-19   64.7   0.1   1   1   1.2e-20   3.3e-19   64.5   0.1     1   120     3   125     3   126 0.98 -
d2fbqa2a.121.1.1     -            134 d2g3ba2a.121.1.1.aln -            121   4.1e-19   64.2   0.1   1   1   1.7e-20   4.6e-19   64.1   0.1     2   120     2   122     1   123 0.98 -
d1t56a2a.121.1.1     -            120 d2g3ba2a.121.1.1.aln -            121   4.6e-19   64.1   1.7   1   1   1.8e-20   4.9e-19   64.0   1.7     1   117     2   117     2   120 0.98 -
d1vi0a2a.121.1.1     -            117 d2g3ba2a.121.1.1.aln -            121   3.1e-18   61.4   0.0   1   1   1.2e-19   3.4e-18   61.3   0.0     6   121     2   117     1   117 0.98 -
d1rkta2a.121.1.1     -            123 d2g3ba2a.121.1.1.aln -            121   3.9e-18   61.1   0.0   1   1   1.6e-19   4.2e-18   61.0   0.0     7   120     3   119     1   120 0.96 -
d2gena2a.121.1.1     -            118 d2g3ba2a.121.1.1.aln -            121   7.5e-18   60.2   5.6   1   1     3e-19   8.2e-18   60.1   5.6     4   117     2   118     1   118 0.98 -
d2g7la2a.121.1.1     -            144 d2g3ba2a.121.1.1.aln -            121   1.2e-17   59.5   8.0   1   1   5.2e-19   1.4e-17   59.3   8.0     3   120     2   122     1   123 0.98 -
d2fq4a2a.121.1.1     -            115 d2g3ba2a.121.1.1.aln -            121   3.2e-17   58.2   0.0   1   1   1.3e-18   3.5e-17   58.0   0.0     3   116     1   114     1   115 0.98 -
d3c07a2a.121.1.1     -            146 d2g3ba2a.121.1.1.aln -            121   3.5e-17   58.0   1.4   1   1   1.5e-18   4.2e-17   57.8   1.4     2   120     2   123     1   124 0.98 -
d2hkua2a.121.1.1     -            121 d2g3ba2a.121.1.1.aln -            121   3.7e-17   58.0   0.1   1   1   1.5e-18     4e-17   57.9   0.1     2   120     2   120     1   121 0.98 -
d2fx0a2a.121.1.1     -            122 d2g3ba2a.121.1.1.aln -            121   2.5e-16   55.3   0.0   1   1   9.8e-18   2.7e-16   55.2   0.0     2   115     3   119     2   122 0.97 -
d2iu5a2a.121.1.1     -            109 d2g3ba2a.121.1.1.aln -            121   2.6e-16   55.2   0.0   1   1     1e-17   2.8e-16   55.1   0.0     6   116     3   108     1   109 0.97 -
d2oi8a2a.121.1.1     -            130 d2g3ba2a.121.1.1.aln -            121   6.8e-16   53.9   1.6   1   1   2.7e-17   7.3e-16   53.8   1.6     5   117     6   121     2   125 0.94 -
d2id6a2a.121.1.1     -            125 d2g3ba2a.121.1.1.aln -            121   7.1e-16   53.9   0.0   1   1   2.8e-17   7.7e-16   53.7   0.0     5   120     2   120     1   121 0.97 -
d1sgma2a.121.1.1     -            111 d2g3ba2a.121.1.1.aln -            121     9e-16   53.5   0.0   1   1   3.6e-17   9.9e-16   53.4   0.0     1   115     2   111     2   111 0.98 -
d2g7ga2a.121.1.1     -            132 d2g3ba2a.121.1.1.aln -            121   2.4e-15   52.2   8.1   1   1   9.7e-17   2.6e-15   52.0   8.1     4   120     2   121     1   122 0.98 -
d2np5a2a.121.1.1     -            118 d2g3ba2a.121.1.1.aln -            121   3.9e-14   48.3   3.3   1   1   1.5e-15   4.2e-14   48.1   3.3     3   118     3   111     1   114 0.96 -
d2np3a2a.121.1.1     -            112 d2g3ba2a.121.1.1.aln -            121   9.8e-13   43.8   6.5   1   1     4e-14   1.1e-12   43.6   6.5     3   120     3   107     1   108 0.96 -
d2fd5a2a.121.1.1     -            104 d2g3ba2a.121.1.1.aln -            121   1.8e-12   42.9   2.5   1   1     7e-14   1.9e-12   42.8   2.5     5   111     3   101     1   104 0.95 -
d2o7ta2a.121.1.1     -            110 d2g3ba2a.121.1.1.aln -            121   2.5e-12   42.5   0.0   1   1     1e-13   2.8e-12   42.3   0.0    11   118     6   110     2   110 0.97 -
d1zk8a2a.121.1.1     -            105 d2g3ba2a.121.1.1.aln -            121   5.6e-12   41.3   0.0   1   1   2.4e-13   6.5e-12   41.1   0.0     3   115     3   102     1   105 0.94 -
#
# Program:         hmmsearch
# Version:         3.3.2 (Nov 2020)
# Pipeline mode:   SEARCH
# Query file:      /home/elise/Documents/M1-BIM/S2/TMEs/SBAS/tme08/models/scop30/d2g3ba2a.121.1.1.aln.hmm
# Target file:     /home/elise/Documents/M1-BIM/S2/TMEs/SBAS/tme08/scop/scop/scopTestSeq.fasta
# Option settings: hmmsearch --domtblout /home/elise/Documents/M1-BIM/S2/TMEs/SBAS/tme08/searchResults/scop30/d2g3ba2a.121.1.1.aln.out -E 1 /home/elise/Documents/M1-BIM/S2/TMEs/SBAS/tme08/models/scop30/d2g3ba2a.121.1.1.aln.hmm /home/elise/Documents/M1-BIM/S2/TMEs/SBAS/tme08/scop/scop/scopTestSeq.fasta 
# Current dir:     /home/elise/Documents/M1-BIM/S2/TMEs/SBAS/tme08
# Date:            Thu Apr 10 10:02:37 2025
# [ok]
