#                                                                            --- full sequence --- -------------- this domain -------------   hmm coord   ali coord   env coord
# target name        accession   tlen query name           accession   qlen   E-value  score  bias   #  of  c-Evalue  i-Evalue  score  bias  from    to  from    to  from    to  acc description of target
#------------------- ---------- ----- -------------------- ---------- ----- --------- ------ ----- --- --- --------- --------- ------ ----- ----- ----- ----- ----- ----- ----- ---- ---------------------
d1vi0a1a.4.1.9       -             72 d2g7ga1a.4.1.9.aln   -             74     3e-27   89.8   0.1   1   1   8.4e-29   3.2e-27   89.7   0.1     5    73     2    70     1    71 0.97 -
d2id6a1a.4.1.9       -             75 d2g7ga1a.4.1.9.aln   -             74     6e-27   88.8   0.2   1   1   1.7e-28   6.4e-27   88.7   0.2     3    73     2    72     1    73 0.96 -
d1rkta1a.4.1.9       -             81 d2g7ga1a.4.1.9.aln   -             74   6.3e-25   82.3   0.1   1   1   1.8e-26   6.9e-25   82.2   0.1     2    73     9    80     8    81 0.97 -
d2gena1a.4.1.9       -             70 d2g7ga1a.4.1.9.aln   -             74     1e-24   81.7   0.6   1   1   2.9e-26   1.1e-24   81.6   0.6     5    72     1    68     1    70 0.96 -
d1ui5a1a.4.1.9       -             71 d2g7ga1a.4.1.9.aln   -             74   1.3e-24   81.4   1.8   1   1   3.6e-26   1.3e-24   81.3   1.8     2    70     3    70     2    71 0.94 -
d1sgma1a.4.1.9       -             73 d2g7ga1a.4.1.9.aln   -             74   2.9e-24   80.2   0.0   1   1   8.3e-26   3.1e-24   80.1   0.0     4    73     2    72     1    73 0.97 -
d2i10a1a.4.1.9       -             69 d2g7ga1a.4.1.9.aln   -             74   3.2e-24   80.1   0.0   1   1   8.8e-26   3.3e-24   80.0   0.0     7    72     3    68     1    69 0.96 -
d2g7sa1a.4.1.9       -             74 d2g7ga1a.4.1.9.aln   -             74   1.3e-23   78.1   0.0   1   1   3.8e-25   1.4e-23   78.0   0.0     2    73     2    73     1    74 0.96 -
d2gfna1a.4.1.9       -             77 d2g7ga1a.4.1.9.aln   -             74   1.5e-23   78.0   0.3   1   1   4.2e-25   1.6e-23   77.9   0.3     2    73     4    75     3    76 0.97 -
d2iu5a1a.4.1.9       -             71 d2g7ga1a.4.1.9.aln   -             74   2.1e-23   77.4   0.1   1   1     6e-25   2.2e-23   77.4   0.1     3    68     5    70     3    71 0.95 -
d2hyja1a.4.1.9       -             75 d2g7ga1a.4.1.9.aln   -             74   2.4e-23   77.3   0.1   1   1   6.8e-25   2.6e-23   77.2   0.1     2    71     3    72     2    75 0.96 -
d2oi8a1a.4.1.9       -             79 d2g7ga1a.4.1.9.aln   -             74   2.6e-23   77.2   0.5   1   1   7.4e-25   2.8e-23   77.1   0.5     2    73     7    78     6    79 0.97 -
d1t56a1a.4.1.9       -             73 d2g7ga1a.4.1.9.aln   -             74   5.3e-23   76.2   0.0   1   1   1.5e-24   5.7e-23   76.1   0.0     3    73     2    72     1    73 0.97 -
d2np5a1a.4.1.9       -             69 d2g7ga1a.4.1.9.aln   -             74   1.1e-22   75.1   0.2   1   1   3.1e-24   1.2e-22   75.1   0.2     6    70     3    67     1    69 0.96 -
d2np3a1a.4.1.9       -             65 d2g7ga1a.4.1.9.aln   -             74   1.2e-22   75.0   0.3   1   1   3.5e-24   1.3e-22   74.9   0.3     9    70     1    62     1    65 0.94 -
d2fd5a1a.4.1.9       -             76 d2g7ga1a.4.1.9.aln   -             74   8.9e-22   72.2   0.1   1   1   2.8e-23     1e-21   72.0   0.1     1    67     4    70     4    74 0.94 -
d1t33a1a.4.1.9       -             88 d2g7ga1a.4.1.9.aln   -             74   6.7e-21   69.4   1.3   1   1     2e-22   7.6e-21   69.3   1.3     2    73    10    80     9    81 0.96 -
d2o7ta1a.4.1.9       -             78 d2g7ga1a.4.1.9.aln   -             74   1.1e-20   68.8   0.0   1   1   3.1e-22   1.2e-20   68.7   0.0     2    72     5    76     4    78 0.96 -
d1zk8a1a.4.1.9       -             72 d2g7ga1a.4.1.9.aln   -             74   2.9e-20   67.4   0.1   1   1   8.2e-22   3.1e-20   67.3   0.1     5    72     4    71     1    72 0.97 -
d2id3a1a.4.1.9       -             68 d2g7ga1a.4.1.9.aln   -             74   1.7e-18   61.7   0.1   1   1   4.8e-20   1.8e-18   61.7   0.1     3    65     5    67     3    68 0.95 -
d2g7ga1a.4.1.9       -             65 d2g7ga1a.4.1.9.aln   -             74   5.4e-07   24.9   0.0   1   1   1.5e-08   5.8e-07   24.8   0.0     5    48     2    43     1    59 0.89 -
#
# Program:         hmmsearch
# Version:         3.3.2 (Nov 2020)
# Pipeline mode:   SEARCH
# Query file:      /home/elise/Documents/M1-BIM/S2/TMEs/SBAS/tme08/models/scop30/d2g7ga1a.4.1.9.aln.hmm
# Target file:     /home/elise/Documents/M1-BIM/S2/TMEs/SBAS/tme08/scop/scop/scopTestSeq.fasta
# Option settings: hmmsearch --domtblout /home/elise/Documents/M1-BIM/S2/TMEs/SBAS/tme08/searchResults/scop30/d2g7ga1a.4.1.9.aln.out -E 1 /home/elise/Documents/M1-BIM/S2/TMEs/SBAS/tme08/models/scop30/d2g7ga1a.4.1.9.aln.hmm /home/elise/Documents/M1-BIM/S2/TMEs/SBAS/tme08/scop/scop/scopTestSeq.fasta 
# Current dir:     /home/elise/Documents/M1-BIM/S2/TMEs/SBAS/tme08
# Date:            Thu Apr 10 10:02:37 2025
# [ok]
