#                                                                            --- full sequence --- -------------- this domain -------------   hmm coord   ali coord   env coord
# target name        accession   tlen query name           accession   qlen   E-value  score  bias   #  of  c-Evalue  i-Evalue  score  bias  from    to  from    to  from    to  acc description of target
#------------------- ---------- ----- -------------------- ---------- ----- --------- ------ ----- --- --- --------- --------- ------ ----- ----- ----- ----- ----- ----- ----- ---- ---------------------
d2i10a2a.121.1.1     -            116 d2g7ga2a.121.1.1.aln -            123   3.6e-24   80.9   2.5   1   1   1.4e-25   3.9e-24   80.8   2.5     1   119     1   114     1   116 0.94 -
d2hyja2a.121.1.1     -            118 d2g7ga2a.121.1.1.aln -            123   1.4e-23   79.0   4.1   1   1   5.7e-25   1.5e-23   78.9   4.1     3   121     3   117     1   118 0.98 -
d2gfna2a.121.1.1     -            119 d2g7ga2a.121.1.1.aln -            123     4e-23   77.5   7.5   1   1   1.6e-24   4.3e-23   77.4   7.5     3   121     3   119     1   119 0.99 -
d1z0xa2a.121.1.1     -            149 d2g7ga2a.121.1.1.aln -            123   9.7e-23   76.3   0.0   1   1   4.1e-24   1.1e-22   76.1   0.0     2   121     2   125     1   127 0.98 -
d1t33a2a.121.1.1     -            132 d2g7ga2a.121.1.1.aln -            123     2e-22   75.2   0.2   1   1   8.3e-24   2.3e-22   75.1   0.2     1   120     5   125     5   128 0.98 -
d1rkta2a.121.1.1     -            123 d2g7ga2a.121.1.1.aln -            123     4e-22   74.3   0.1   1   1   1.6e-23   4.4e-22   74.2   0.1     2   121     4   120     3   122 0.98 -
d1t56a2a.121.1.1     -            120 d2g7ga2a.121.1.1.aln -            123   8.2e-22   73.3   1.6   1   1   3.3e-23   8.9e-22   73.2   1.6     1   121     2   119     2   120 0.98 -
d2g3ba2a.121.1.1     -            116 d2g7ga2a.121.1.1.aln -            123   2.1e-21   72.0   1.9   1   1   8.6e-23   2.3e-21   71.8   1.9     1   122     1   115     1   116 0.98 -
d1ui5a2a.121.1.1     -            133 d2g7ga2a.121.1.1.aln -            123   8.4e-21   70.1   0.2   1   1   3.9e-22   1.1e-20   69.7   0.2     2   120     2   115     1   118 0.97 -
d2g7sa2a.121.1.1     -            116 d2g7ga2a.121.1.1.aln -            123   1.2e-20   69.5   1.8   1   1   4.9e-22   1.3e-20   69.4   1.8     2   120     2   116     1   116 0.99 -
d1vi0a2a.121.1.1     -            117 d2g7ga2a.121.1.1.aln -            123     1e-19   66.6   0.0   1   1   4.1e-21   1.1e-19   66.4   0.0     2   121     1   117     1   117 0.98 -
d2id3a2a.121.1.1     -            123 d2g7ga2a.121.1.1.aln -            123   2.4e-19   65.3   5.5   1   1   1.1e-20   2.9e-19   65.1   5.5     3   121     6   117     4   120 0.95 -
d2fbqa2a.121.1.1     -            134 d2g7ga2a.121.1.1.aln -            123   3.9e-19   64.7   0.2   1   1   1.6e-20   4.3e-19   64.5   0.2     2   123     4   128     3   128 0.97 -
d2gena2a.121.1.1     -            118 d2g7ga2a.121.1.1.aln -            123   3.9e-19   64.7   6.0   1   1   1.6e-20   4.3e-19   64.5   6.0     2   120     2   117     1   118 0.97 -
d3c07a2a.121.1.1     -            146 d2g7ga2a.121.1.1.aln -            123     5e-19   64.3   1.5   1   1   2.4e-20   6.4e-19   64.0   1.5     2   121     1   123     1   125 0.97 -
d2fx0a2a.121.1.1     -            122 d2g7ga2a.121.1.1.aln -            123   5.2e-19   64.3   0.0   1   1   2.1e-20   5.7e-19   64.1   0.0     2   120     5   121     4   122 0.98 -
d2d6ya2a.121.1.1     -            118 d2g7ga2a.121.1.1.aln -            123   9.6e-19   63.4   0.9   1   1   3.9e-20     1e-18   63.3   0.9     1   122     1   115     1   116 0.98 -
d2hkua2a.121.1.1     -            121 d2g7ga2a.121.1.1.aln -            123   3.5e-18   61.6   0.1   1   1   1.4e-19   3.7e-18   61.5   0.1     3   121     3   119     1   121 0.95 -
d2oi8a2a.121.1.1     -            130 d2g7ga2a.121.1.1.aln -            123   4.1e-18   61.4   1.8   1   1   1.6e-19   4.5e-18   61.3   1.8     3   121     5   126     3   128 0.97 -
d2id6a2a.121.1.1     -            125 d2g7ga2a.121.1.1.aln -            123   6.5e-18   60.7   0.0   1   1   2.6e-19   7.1e-18   60.6   0.0     2   122     2   122     1   123 0.98 -
d2g7la2a.121.1.1     -            144 d2g7ga2a.121.1.1.aln -            123   9.6e-18   60.2   6.7   1   1   4.3e-19   1.2e-17   59.9   6.7     2   122     2   135     1   136 0.99 -
d2fq4a2a.121.1.1     -            115 d2g7ga2a.121.1.1.aln -            123   5.2e-17   57.8   0.0   1   1   2.1e-18   5.6e-17   57.7   0.0     2   121     2   115     1   115 0.98 -
d2iu5a2a.121.1.1     -            109 d2g7ga2a.121.1.1.aln -            123     2e-16   56.0   0.0   1   1   7.8e-18   2.1e-16   55.9   0.0     5   119     2   107     1   109 0.98 -
d2np5a2a.121.1.1     -            118 d2g7ga2a.121.1.1.aln -            123   1.3e-15   53.3   3.3   1   1   5.2e-17   1.4e-15   53.2   3.3     2   121     3   113     2   115 0.98 -
d2o7ta2a.121.1.1     -            110 d2g7ga2a.121.1.1.aln -            123   2.6e-15   52.4   0.0   1   1   1.1e-16   2.9e-15   52.2   0.0     2   123     1   110     1   110 0.97 -
d1sgma2a.121.1.1     -            111 d2g7ga2a.121.1.1.aln -            123   2.8e-15   52.3   0.0   1   1   1.1e-16     3e-15   52.2   0.0     2   119     2   110     1   111 0.97 -
d2np3a2a.121.1.1     -            112 d2g7ga2a.121.1.1.aln -            123   6.7e-13   44.6   5.8   1   1   3.2e-14   8.8e-13   44.2   5.8     2   122     3   108     2   109 0.95 -
d1zk8a2a.121.1.1     -            105 d2g7ga2a.121.1.1.aln -            123   4.9e-11   38.6   0.0   1   1   1.9e-12   5.3e-11   38.5   0.0     4   117     3   103     1   105 0.90 -
d2fd5a2a.121.1.1     -            104 d2g7ga2a.121.1.1.aln -            123   8.5e-11   37.8   2.1   1   1   3.6e-12   9.7e-11   37.6   2.1     6   120     5   104     2   104 0.91 -
#
# Program:         hmmsearch
# Version:         3.3.2 (Nov 2020)
# Pipeline mode:   SEARCH
# Query file:      /home/elise/Documents/M1-BIM/S2/TMEs/SBAS/tme08/models/scop30/d2g7ga2a.121.1.1.aln.hmm
# Target file:     /home/elise/Documents/M1-BIM/S2/TMEs/SBAS/tme08/scop/scop/scopTestSeq.fasta
# Option settings: hmmsearch --domtblout /home/elise/Documents/M1-BIM/S2/TMEs/SBAS/tme08/searchResults/scop30/d2g7ga2a.121.1.1.aln.out -E 1 /home/elise/Documents/M1-BIM/S2/TMEs/SBAS/tme08/models/scop30/d2g7ga2a.121.1.1.aln.hmm /home/elise/Documents/M1-BIM/S2/TMEs/SBAS/tme08/scop/scop/scopTestSeq.fasta 
# Current dir:     /home/elise/Documents/M1-BIM/S2/TMEs/SBAS/tme08
# Date:            Thu Apr 10 10:02:37 2025
# [ok]
