#                                                                            --- full sequence --- -------------- this domain -------------   hmm coord   ali coord   env coord
# target name        accession   tlen query name           accession   qlen   E-value  score  bias   #  of  c-Evalue  i-Evalue  score  bias  from    to  from    to  from    to  acc description of target
#------------------- ---------- ----- -------------------- ---------- ----- --------- ------ ----- --- --- --------- --------- ------ ----- ----- ----- ----- ----- ----- ----- ---- ---------------------
d1z0xa2a.121.1.1     -            149 d2g7la2a.121.1.1.aln -            119   7.9e-21   70.1   0.0   1   1   3.4e-22   9.3e-21   69.9   0.0     2   117     5   126     4   128 0.98 -
d1t56a2a.121.1.1     -            120 d2g7la2a.121.1.1.aln -            119   8.1e-20   66.9   1.7   1   1   3.2e-21   8.7e-20   66.8   1.7     3   117     3   116     1   118 0.97 -
d1ui5a2a.121.1.1     -            133 d2g7la2a.121.1.1.aln -            119   1.8e-19   65.8   0.5   1   1   8.1e-21   2.2e-19   65.5   0.5     3   118     4   119     2   120 0.97 -
d2id3a2a.121.1.1     -            123 d2g7la2a.121.1.1.aln -            119   2.7e-19   65.2   6.1   1   1   1.1e-20   2.9e-19   65.1   6.1     3   117     6   120     4   122 0.97 -
d1rkta2a.121.1.1     -            123 d2g7la2a.121.1.1.aln -            119   5.7e-19   64.2   0.0   1   1   2.2e-20   6.1e-19   64.1   0.0     2   117     7   121     6   123 0.96 -
d2id6a2a.121.1.1     -            125 d2g7la2a.121.1.1.aln -            119     1e-18   63.3   0.0   1   1   4.2e-20   1.1e-18   63.2   0.0     2   117     4   121     3   123 0.98 -
d2fx0a2a.121.1.1     -            122 d2g7la2a.121.1.1.aln -            119   1.3e-18   63.0   0.0   1   1   5.2e-20   1.4e-18   62.9   0.0     2   118     5   121     4   122 0.98 -
d2i10a2a.121.1.1     -            116 d2g7la2a.121.1.1.aln -            119   1.4e-18   63.0   2.4   1   1   5.5e-20   1.5e-18   62.9   2.4     2   116     2   114     1   116 0.97 -
d2d6ya2a.121.1.1     -            118 d2g7la2a.121.1.1.aln -            119   1.6e-18   62.8   1.4   1   1   6.4e-20   1.8e-18   62.6   1.4     1   115     4   118     4   118 0.98 -
d2oi8a2a.121.1.1     -            130 d2g7la2a.121.1.1.aln -            119   1.8e-18   62.6   0.2   1   1   7.5e-20   2.1e-18   62.4   0.2     2   113    16   128    15   130 0.98 -
d2fbqa2a.121.1.1     -            134 d2g7la2a.121.1.1.aln -            119   1.2e-17   59.9   0.2   1   1     5e-19   1.4e-17   59.8   0.2     2   118     7   129     6   130 0.98 -
d2hyja2a.121.1.1     -            118 d2g7la2a.121.1.1.aln -            119   1.3e-17   59.8   4.6   1   1   5.1e-19   1.4e-17   59.7   4.6     3   116     3   115     1   118 0.97 -
d1t33a2a.121.1.1     -            132 d2g7la2a.121.1.1.aln -            119   1.6e-17   59.6   0.1   1   1   6.3e-19   1.7e-17   59.4   0.1     4   116     8   126     5   129 0.97 -
d2hkua2a.121.1.1     -            121 d2g7la2a.121.1.1.aln -            119   2.1e-17   59.2   0.1   1   1   8.3e-19   2.3e-17   59.1   0.1     4   118     3   119     1   120 0.96 -
d2g7sa2a.121.1.1     -            116 d2g7la2a.121.1.1.aln -            119   4.9e-17   58.0   1.9   1   1     2e-18   5.4e-17   57.8   1.9     2   117     1   115     1   116 0.98 -
d2fq4a2a.121.1.1     -            115 d2g7la2a.121.1.1.aln -            119   9.5e-17   57.1   0.0   1   1   3.8e-18     1e-16   56.9   0.0     2   114     2   114     1   115 0.98 -
d2gfna2a.121.1.1     -            119 d2g7la2a.121.1.1.aln -            119   2.1e-16   55.9   6.7   1   1   8.6e-18   2.3e-16   55.8   6.7     3   115     2   119     1   119 0.98 -
d2gena2a.121.1.1     -            118 d2g7la2a.121.1.1.aln -            119   2.5e-16   55.7   5.5   1   1     1e-17   2.8e-16   55.6   5.5     2   115     2   117     1   118 0.98 -
d2g3ba2a.121.1.1     -            116 d2g7la2a.121.1.1.aln -            119   3.8e-16   55.1   1.3   1   1   1.5e-17   4.1e-16   55.0   1.3     5   116     3   115     1   116 0.97 -
d2np5a2a.121.1.1     -            118 d2g7la2a.121.1.1.aln -            119   1.3e-15   53.4   3.6   1   1   5.3e-17   1.4e-15   53.3   3.6     3   117     3   115     1   117 0.97 -
d1sgma2a.121.1.1     -            111 d2g7la2a.121.1.1.aln -            119   1.6e-15   53.1   0.0   1   1   6.5e-17   1.8e-15   53.0   0.0     3   114     3   111     1   111 0.97 -
d3c07a2a.121.1.1     -            146 d2g7la2a.121.1.1.aln -            119   3.4e-15   52.1   0.8   1   1   1.5e-16   4.2e-15   51.8   0.8     5   118    26   145    22   146 0.97 -
d2iu5a2a.121.1.1     -            109 d2g7la2a.121.1.1.aln -            119   5.2e-15   51.5   0.0   1   1     2e-16   5.5e-15   51.4   0.0     7   115     3   107     1   109 0.97 -
d1vi0a2a.121.1.1     -            117 d2g7la2a.121.1.1.aln -            119   5.6e-15   51.4   0.0   1   1   2.2e-16   5.9e-15   51.3   0.0     3   114     2   115     1   117 0.96 -
d1zk8a2a.121.1.1     -            105 d2g7la2a.121.1.1.aln -            119     2e-14   49.6   0.0   1   1   7.8e-16   2.1e-14   49.5   0.0     5   113     4   105     1   105 0.96 -
d2fd5a2a.121.1.1     -            104 d2g7la2a.121.1.1.aln -            119   3.3e-14   48.9   2.4   1   1   1.3e-15   3.5e-14   48.8   2.4     8   107     5   102     1   104 0.96 -
d2np3a2a.121.1.1     -            112 d2g7la2a.121.1.1.aln -            119   6.5e-14   48.0   5.8   1   1   2.6e-15   7.2e-14   47.8   5.8     3   117     3   109     1   111 0.96 -
d2g7ga2a.121.1.1     -            132 d2g7la2a.121.1.1.aln -            119   8.4e-14   47.6   7.8   1   1   3.7e-15     1e-13   47.4   7.8     2   116     5   125     4   127 0.97 -
d2o7ta2a.121.1.1     -            110 d2g7la2a.121.1.1.aln -            119   4.6e-13   45.3   0.0   1   1   1.8e-14     5e-13   45.1   0.0     2   112     1   110     1   110 0.98 -
#
# Program:         hmmsearch
# Version:         3.3.2 (Nov 2020)
# Pipeline mode:   SEARCH
# Query file:      /home/elise/Documents/M1-BIM/S2/TMEs/SBAS/tme08/models/scop30/d2g7la2a.121.1.1.aln.hmm
# Target file:     /home/elise/Documents/M1-BIM/S2/TMEs/SBAS/tme08/scop/scop/scopTestSeq.fasta
# Option settings: hmmsearch --domtblout /home/elise/Documents/M1-BIM/S2/TMEs/SBAS/tme08/searchResults/scop30/d2g7la2a.121.1.1.aln.out -E 1 /home/elise/Documents/M1-BIM/S2/TMEs/SBAS/tme08/models/scop30/d2g7la2a.121.1.1.aln.hmm /home/elise/Documents/M1-BIM/S2/TMEs/SBAS/tme08/scop/scop/scopTestSeq.fasta 
# Current dir:     /home/elise/Documents/M1-BIM/S2/TMEs/SBAS/tme08
# Date:            Thu Apr 10 10:02:37 2025
# [ok]
