#                                                                            --- full sequence --- -------------- this domain -------------   hmm coord   ali coord   env coord
# target name        accession   tlen query name           accession   qlen   E-value  score  bias   #  of  c-Evalue  i-Evalue  score  bias  from    to  from    to  from    to  acc description of target
#------------------- ---------- ----- -------------------- ---------- ----- --------- ------ ----- --- --- --------- --------- ------ ----- ----- ----- ----- ----- ----- ----- ---- ---------------------
d1p1ja1c.2.1.3       -            411 d2g82a1c.2.1.3.aln   -            234   2.9e-61  202.6   0.0   1   1   1.2e-62   3.8e-61  202.2   0.0     1   234     8   256     8   256 1.00 -
d1h6da1c.2.1.3       -            222 d2g82a1c.2.1.3.aln   -            234   4.3e-59  195.5   0.0   1   1   1.5e-60   4.8e-59  195.3   0.0    18   234     1   222     1   222 1.00 -
d1gr0a1c.2.1.3       -            244 d2g82a1c.2.1.3.aln   -            234     2e-58  193.3   1.0   1   1   6.6e-60   2.2e-58  193.2   1.0     1   225     1   243     1   244 0.99 -
d3cina1c.2.1.3       -            276 d2g82a1c.2.1.3.aln   -            234   2.4e-57  189.8   0.0   1   1   8.5e-59   2.8e-57  189.6   0.0     1   234     1   276     1   276 0.99 -
d2nvwa1c.2.1.3       -            238 d2g82a1c.2.1.3.aln   -            234   2.1e-54  180.1   0.0   1   1   7.2e-56   2.4e-54  180.0   0.0     8   232     1   238     1   238 1.00 -
d1qkia1c.2.1.3       -            204 d2g82a1c.2.1.3.aln   -            234   1.4e-42  141.4   0.0   1   1   4.8e-44   1.6e-42  141.3   0.0    30   226     1   203     1   204 0.99 -
d1h9aa1c.2.1.3       -            196 d2g82a1c.2.1.3.aln   -            234   5.3e-40  133.0   0.1   1   1   1.8e-41   5.8e-40  132.9   0.1    46   230     2   195     1   196 0.99 -
d1tlta1c.2.1.3       -            165 d2g82a1c.2.1.3.aln   -            234   1.1e-39  131.9   0.0   1   1   3.8e-41   1.2e-39  131.8   0.0    50   220     1   164     1   165 0.99 -
d1zh8a1c.2.1.3       -            182 d2g82a1c.2.1.3.aln   -            234   2.6e-39  130.8   0.0   1   1   8.6e-41   2.8e-39  130.6   0.0    49   227     2   180     1   182 0.99 -
d1ydwa1c.2.1.3       -            185 d2g82a1c.2.1.3.aln   -            234   4.4e-38  126.7   0.0   1   1   1.5e-39   4.8e-38  126.6   0.0    50   228     1   183     1   185 0.99 -
d1e5qa1c.2.1.3       -            183 d2g82a1c.2.1.3.aln   -            234   3.3e-36  120.6   0.4   1   1   1.2e-37   3.9e-36  120.3   0.4    52   232     3   181     1   182 0.98 -
d1xeaa1c.2.1.3       -            168 d2g82a1c.2.1.3.aln   -            234   3.5e-36  120.5   0.0   1   1   1.2e-37   3.8e-36  120.4   0.0    51   224     2   167     1   168 0.99 -
d1drua1c.2.1.3       -            161 d2g82a1c.2.1.3.aln   -            234   8.6e-32  106.1   0.1   1   1   2.9e-33   9.4e-32  106.0   0.1    50   216     2   160     1   161 0.99 -
d1lc0a1c.2.1.3       -            173 d2g82a1c.2.1.3.aln   -            234   9.4e-32  106.0   0.0   1   1   3.5e-33   1.1e-31  105.7   0.0    45   223     1   171     1   172 0.99 -
d1cf2o1c.2.1.3       -            172 d2g82a1c.2.1.3.aln   -            234   5.2e-30  100.3   0.8   1   1   1.8e-31   5.8e-30  100.1   0.8    51   218     1   169     1   171 0.98 -
d1f06a1c.2.1.3       -            171 d2g82a1c.2.1.3.aln   -            234   5.8e-28   93.6   0.1   1   1   2.1e-29     7e-28   93.4   0.1    50   218     2   170     1   170 0.98 -
d1ebfa1c.2.1.3       -            169 d2g82a1c.2.1.3.aln   -            234   4.6e-26   87.4   0.3   1   1   1.6e-27   5.3e-26   87.2   0.3    49   220     2   167     1   168 0.99 -
d1vkna1c.2.1.3       -            177 d2g82a1c.2.1.3.aln   -            234   9.9e-25   83.0   0.0   1   1   3.3e-26   1.1e-24   82.9   0.0    50   220     1   176     1   177 0.94 -
d1t4ba1c.2.1.3       -            147 d2g82a1c.2.1.3.aln   -            234   1.1e-24   82.9   0.0   1   1   3.5e-26   1.1e-24   82.8   0.0    50   193     1   139     1   147 0.94 -
d1nvmb1c.2.1.3       -            158 d2g82a1c.2.1.3.aln   -            234   5.1e-23   77.4   0.2   1   1   1.7e-24   5.6e-23   77.3   0.2    49   214     2   157     1   158 0.98 -
d1q0qa2c.2.1.3       -            152 d2g82a1c.2.1.3.aln   -            234   7.5e-23   76.9   0.0   1   1   2.5e-24   8.2e-23   76.8   0.0    50   210     1   151     1   152 0.98 -
d1yl7a1c.2.1.3       -            136 d2g82a1c.2.1.3.aln   -            234   2.8e-21   71.8   0.0   1   1     2e-22   6.6e-21   70.5   0.0    52   213     1   134     1   135 0.98 -
d1j5pa4c.2.1.3       -            133 d2g82a1c.2.1.3.aln   -            234   1.7e-18   62.6   0.0   1   1   9.7e-20   3.2e-18   61.7   0.0    50   194     1   128     1   133 0.95 -
d1vm6a3c.2.1.3       -            129 d2g82a1c.2.1.3.aln   -            234   3.8e-14   48.4   0.0   1   1     9e-15     3e-13   45.5   0.0    51   212     1   127     1   128 0.96 -
#
# Program:         hmmsearch
# Version:         3.3.2 (Nov 2020)
# Pipeline mode:   SEARCH
# Query file:      /home/elise/Documents/M1-BIM/S2/TMEs/SBAS/tme08/models/scop30/d2g82a1c.2.1.3.aln.hmm
# Target file:     /home/elise/Documents/M1-BIM/S2/TMEs/SBAS/tme08/scop/scop/scopTestSeq.fasta
# Option settings: hmmsearch --domtblout /home/elise/Documents/M1-BIM/S2/TMEs/SBAS/tme08/searchResults/scop30/d2g82a1c.2.1.3.aln.out -E 1 /home/elise/Documents/M1-BIM/S2/TMEs/SBAS/tme08/models/scop30/d2g82a1c.2.1.3.aln.hmm /home/elise/Documents/M1-BIM/S2/TMEs/SBAS/tme08/scop/scop/scopTestSeq.fasta 
# Current dir:     /home/elise/Documents/M1-BIM/S2/TMEs/SBAS/tme08
# Date:            Thu Apr 10 10:02:37 2025
# [ok]
