#                                                                            --- full sequence --- -------------- this domain -------------   hmm coord   ali coord   env coord
# target name        accession   tlen query name           accession   qlen   E-value  score  bias   #  of  c-Evalue  i-Evalue  score  bias  from    to  from    to  from    to  acc description of target
#------------------- ---------- ----- -------------------- ---------- ----- --------- ------ ----- --- --- --------- --------- ------ ----- ----- ----- ----- ----- ----- ----- ---- ---------------------
d3bpza_b.82.3.2      -            194 d2gaua2b.82.3.2.aln  -            139   1.1e-47  156.7   0.1   1   1   2.3e-49   1.5e-47  156.2   0.1     2   138    59   191    58   192 0.98 -
d1o7fa2b.82.3.2      -            155 d2gaua2b.82.3.2.aln  -            139   7.8e-45  147.4   0.0   1   1   1.3e-46   8.7e-45  147.2   0.0     2   138    15   153    14   154 0.98 -
d1cx4a1b.82.3.2      -            136 d2gaua2b.82.3.2.aln  -            139   2.2e-44  145.9   0.0   1   1   3.8e-46   2.5e-44  145.8   0.0     1   131     6   136     6   136 0.99 -
d1zyba2b.82.3.2      -            147 d2gaua2b.82.3.2.aln  -            139   9.2e-44  143.9   0.0   1   1   1.6e-45     1e-43  143.8   0.0     6   139     1   145     1   145 0.99 -
d1vp6a_b.82.3.2      -            133 d2gaua2b.82.3.2.aln  -            139   3.2e-43  142.1   0.0   1   1   5.3e-45   3.5e-43  142.0   0.0     2   138     2   132     1   133 0.98 -
d1cx4a2b.82.3.2      -            147 d2gaua2b.82.3.2.aln  -            139   9.9e-42  137.3   0.1   1   1   1.7e-43   1.1e-41  137.2   0.1    11   138     2   136     1   137 0.99 -
d1o7fa3b.82.3.2      -            124 d2gaua2b.82.3.2.aln  -            139     6e-41  134.8   0.0   1   1     1e-42   6.6e-41  134.7   0.0     3   125     2   123     1   124 0.98 -
d1wgpa_b.82.3.2      -            137 d2gaua2b.82.3.2.aln  -            139   1.2e-40  133.8   0.0   1   1     2e-42   1.3e-40  133.7   0.0     8   137     3   136     1   137 0.98 -
d3e5ua2b.82.3.2      -            139 d2gaua2b.82.3.2.aln  -            139   1.5e-40  133.5   0.0   1   1   2.5e-42   1.7e-40  133.4   0.0     1   139     2   138     2   138 0.99 -
d1o5la1b.82.3.2      -            129 d2gaua2b.82.3.2.aln  -            139   2.1e-30  100.6   0.3   1   1   3.6e-32   2.3e-30  100.5   0.3     2   129     5   129     4   129 0.98 -
d2zcwa2b.82.3.2      -            112 d2gaua2b.82.3.2.aln  -            139   1.7e-22   75.0   0.0   1   1   2.9e-24   1.9e-22   74.8   0.0     7   129     1   112     1   112 0.98 -
d2gaua2b.82.3.2      -            142 d2gaua2b.82.3.2.aln  -            139     2e-06   22.9   0.0   1   1   3.8e-08   2.5e-06   22.6   0.0    25   135    14   126    10   130 0.87 -
#
# Program:         hmmsearch
# Version:         3.3.2 (Nov 2020)
# Pipeline mode:   SEARCH
# Query file:      /home/elise/Documents/M1-BIM/S2/TMEs/SBAS/tme08/models/scop30/d2gaua2b.82.3.2.aln.hmm
# Target file:     /home/elise/Documents/M1-BIM/S2/TMEs/SBAS/tme08/scop/scop/scopTestSeq.fasta
# Option settings: hmmsearch --domtblout /home/elise/Documents/M1-BIM/S2/TMEs/SBAS/tme08/searchResults/scop30/d2gaua2b.82.3.2.aln.out -E 1 /home/elise/Documents/M1-BIM/S2/TMEs/SBAS/tme08/models/scop30/d2gaua2b.82.3.2.aln.hmm /home/elise/Documents/M1-BIM/S2/TMEs/SBAS/tme08/scop/scop/scopTestSeq.fasta 
# Current dir:     /home/elise/Documents/M1-BIM/S2/TMEs/SBAS/tme08
# Date:            Thu Apr 10 10:02:37 2025
# [ok]
