#                                                                            --- full sequence --- -------------- this domain -------------   hmm coord   ali coord   env coord
# target name        accession   tlen query name           accession   qlen   E-value  score  bias   #  of  c-Evalue  i-Evalue  score  bias  from    to  from    to  from    to  acc description of target
#------------------- ---------- ----- -------------------- ---------- ----- --------- ------ ----- --- --- --------- --------- ------ ----- ----- ----- ----- ----- ----- ----- ---- ---------------------
d1rkta2a.121.1.1     -            123 d2gena2a.121.1.1.aln -            119   5.6e-21   70.7   0.0   1   1   2.2e-22     6e-21   70.6   0.0     3   116     8   120     6   123 0.96 -
d1t56a2a.121.1.1     -            120 d2gena2a.121.1.1.aln -            119   9.9e-21   69.9   1.6   1   1   3.9e-22   1.1e-20   69.8   1.6     2   116     2   115     1   118 0.97 -
d2id3a2a.121.1.1     -            123 d2gena2a.121.1.1.aln -            119     3e-20   68.4   5.8   1   1   1.2e-21   3.3e-20   68.2   5.8     4   118     7   121     4   122 0.97 -
d1z0xa2a.121.1.1     -            149 d2gena2a.121.1.1.aln -            119   5.7e-20   67.5   0.0   1   1   2.5e-21   6.7e-20   67.2   0.0     2   118     5   127     4   128 0.98 -
d2g7sa2a.121.1.1     -            116 d2gena2a.121.1.1.aln -            119   7.6e-20   67.1   1.6   1   1   3.1e-21   8.3e-20   66.9   1.6     2   118     1   115     1   116 0.98 -
d1ui5a2a.121.1.1     -            133 d2gena2a.121.1.1.aln -            119   3.5e-19   64.9   0.5   1   1   1.5e-20     4e-19   64.8   0.5     4   118     5   123     2   124 0.97 -
d2i10a2a.121.1.1     -            116 d2gena2a.121.1.1.aln -            119   5.2e-19   64.4   2.7   1   1     2e-20   5.6e-19   64.3   2.7     3   117     3   115     1   116 0.97 -
d2id6a2a.121.1.1     -            125 d2gena2a.121.1.1.aln -            119   1.8e-18   62.7   0.0   1   1   7.2e-20     2e-18   62.5   0.0     1   117     3   121     3   123 0.97 -
d2d6ya2a.121.1.1     -            118 d2gena2a.121.1.1.aln -            119   4.9e-18   61.3   1.3   1   1     2e-19   5.4e-18   61.1   1.3     1   115     4   118     4   118 0.98 -
d2oi8a2a.121.1.1     -            130 d2gena2a.121.1.1.aln -            119   6.5e-18   60.9   0.2   1   1   2.8e-19   7.7e-18   60.6   0.2     2   113    16   128    15   130 0.97 -
d2fbqa2a.121.1.1     -            134 d2gena2a.121.1.1.aln -            119   1.3e-17   59.9   0.2   1   1   5.3e-19   1.4e-17   59.8   0.2     2   117     7   128     6   130 0.98 -
d2hkua2a.121.1.1     -            121 d2gena2a.121.1.1.aln -            119   2.6e-17   59.0   0.1   1   1     1e-18   2.8e-17   58.8   0.1     3   118     2   119     1   120 0.96 -
d2hyja2a.121.1.1     -            118 d2gena2a.121.1.1.aln -            119     4e-17   58.3   4.8   1   1   1.7e-18   4.5e-17   58.2   4.8     3   114     3   113     1   117 0.97 -
d1t33a2a.121.1.1     -            132 d2gena2a.121.1.1.aln -            119   8.1e-17   57.4   0.1   1   1   3.2e-18   8.8e-17   57.2   0.1     4   117     8   127     5   129 0.97 -
d2iu5a2a.121.1.1     -            109 d2gena2a.121.1.1.aln -            119   1.4e-16   56.6   0.0   1   1   5.7e-18   1.5e-16   56.5   0.0     7   115     3   108     1   109 0.97 -
d2fq4a2a.121.1.1     -            115 d2gena2a.121.1.1.aln -            119   1.6e-16   56.4   0.0   1   1   6.6e-18   1.8e-16   56.3   0.0     2   115     2   115     1   115 0.98 -
d3c07a2a.121.1.1     -            146 d2gena2a.121.1.1.aln -            119   2.1e-16   56.1   0.8   1   1   9.1e-18   2.5e-16   55.8   0.8     3   117    24   144    22   146 0.97 -
d1sgma2a.121.1.1     -            111 d2gena2a.121.1.1.aln -            119   3.4e-16   55.4   0.0   1   1   1.4e-17   3.7e-16   55.3   0.0     2   114     2   111     1   111 0.97 -
d2gfna2a.121.1.1     -            119 d2gena2a.121.1.1.aln -            119     4e-16   55.1   6.6   1   1   1.6e-17   4.4e-16   55.0   6.6     3   115     2   119     1   119 0.98 -
d2fx0a2a.121.1.1     -            122 d2gena2a.121.1.1.aln -            119   8.2e-16   54.1   0.0   1   1   3.2e-17   8.8e-16   54.0   0.0     3   114     2   119     1   122 0.96 -
d2g3ba2a.121.1.1     -            116 d2gena2a.121.1.1.aln -            119   1.6e-15   53.2   1.4   1   1   6.4e-17   1.7e-15   53.1   1.4     5   117     3   115     1   116 0.96 -
d1vi0a2a.121.1.1     -            117 d2gena2a.121.1.1.aln -            119   1.7e-15   53.1   0.0   1   1   6.9e-17   1.9e-15   53.0   0.0     5   118     3   115     1   116 0.97 -
d2np5a2a.121.1.1     -            118 d2gena2a.121.1.1.aln -            119   4.7e-15   51.7   3.9   1   1   1.9e-16   5.1e-15   51.6   3.9     3   117     3   115     1   117 0.97 -
d2fd5a2a.121.1.1     -            104 d2gena2a.121.1.1.aln -            119   1.2e-14   50.4   2.7   1   1   4.8e-16   1.3e-14   50.3   2.7     7   106     4   101     1   104 0.96 -
d2g7la2a.121.1.1     -            144 d2gena2a.121.1.1.aln -            119   1.3e-14   50.3   4.8   1   1   4.6e-16   1.3e-14   50.3   4.8     2   118    14   136    13   137 0.97 -
d1zk8a2a.121.1.1     -            105 d2gena2a.121.1.1.aln -            119   2.9e-14   49.2   0.0   1   1   1.1e-15   3.1e-14   49.1   0.0     4   113     3   105     1   105 0.97 -
d2np3a2a.121.1.1     -            112 d2gena2a.121.1.1.aln -            119   3.4e-13   45.8   5.9   1   1   1.4e-14   3.8e-13   45.6   5.9     2   118     2   110     1   111 0.96 -
d2g7ga2a.121.1.1     -            132 d2gena2a.121.1.1.aln -            119   3.7e-13   45.6   8.0   1   1   1.6e-14   4.3e-13   45.4   8.0     2   116     5   125     4   127 0.97 -
d2o7ta2a.121.1.1     -            110 d2gena2a.121.1.1.aln -            119   6.9e-13   44.7   0.0   1   1   2.8e-14   7.5e-13   44.6   0.0     3   111     2   109     1   110 0.97 -
#
# Program:         hmmsearch
# Version:         3.3.2 (Nov 2020)
# Pipeline mode:   SEARCH
# Query file:      /home/elise/Documents/M1-BIM/S2/TMEs/SBAS/tme08/models/scop30/d2gena2a.121.1.1.aln.hmm
# Target file:     /home/elise/Documents/M1-BIM/S2/TMEs/SBAS/tme08/scop/scop/scopTestSeq.fasta
# Option settings: hmmsearch --domtblout /home/elise/Documents/M1-BIM/S2/TMEs/SBAS/tme08/searchResults/scop30/d2gena2a.121.1.1.aln.out -E 1 /home/elise/Documents/M1-BIM/S2/TMEs/SBAS/tme08/models/scop30/d2gena2a.121.1.1.aln.hmm /home/elise/Documents/M1-BIM/S2/TMEs/SBAS/tme08/scop/scop/scopTestSeq.fasta 
# Current dir:     /home/elise/Documents/M1-BIM/S2/TMEs/SBAS/tme08
# Date:            Thu Apr 10 10:02:37 2025
# [ok]
