#                                                                            --- full sequence --- -------------- this domain -------------   hmm coord   ali coord   env coord
# target name        accession   tlen query name           accession   qlen   E-value  score  bias   #  of  c-Evalue  i-Evalue  score  bias  from    to  from    to  from    to  acc description of target
#------------------- ---------- ----- -------------------- ---------- ----- --------- ------ ----- --- --- --------- --------- ------ ----- ----- ----- ----- ----- ----- ----- ---- ---------------------
d1b5qa1c.3.1.2       -            348 d2gf3a1c.3.1.2.aln   -            349   3.1e-97  321.5   0.1   1   1   1.1e-98   3.5e-97  321.4   0.1     3   348     1   342     1   343 0.99 -
d2f5va1c.3.1.2       -            380 d2gf3a1c.3.1.2.aln   -            349   1.1e-94  313.2   0.0   1   1   3.6e-96   1.2e-94  313.1   0.0     2   349     4   373     3   373 0.98 -
d2dw4a2c.3.1.2       -            450 d2gf3a1c.3.1.2.aln   -            349   1.8e-94  312.5   0.0   1   1   6.5e-96   2.1e-94  312.2   0.0     2   348     5   447     4   448 0.99 -
d2iida1c.3.1.2       -            371 d2gf3a1c.3.1.2.aln   -            349   4.3e-92  304.6   0.0   1   1   1.5e-93   4.8e-92  304.5   0.0     2   348    30   368    29   369 0.99 -
d1seza1c.3.1.2       -            374 d2gf3a1c.3.1.2.aln   -            349   1.8e-91  302.6   0.0   1   1   6.2e-93     2e-91  302.4   0.0     3   347     2   371     1   373 0.99 -
d1kdga1c.3.1.2       -            361 d2gf3a1c.3.1.2.aln   -            349     2e-90  299.2   0.0   1   1   6.7e-92   2.2e-90  299.0   0.0     1   347     1   355     1   357 0.99 -
d1n4wa1c.3.1.2       -            368 d2gf3a1c.3.1.2.aln   -            349   6.6e-89  294.1   0.2   1   1   2.3e-90   7.4e-89  294.0   0.2     2   348     2   364     1   365 0.97 -
d2gmha1c.3.1.2       -            381 d2gf3a1c.3.1.2.aln   -            349   6.4e-87  287.6   0.0   1   1   2.2e-88   7.2e-87  287.4   0.0     2   347    32   379    31   381 0.98 -
d1ju2a1c.3.1.2       -            352 d2gf3a1c.3.1.2.aln   -            349   6.8e-86  284.2   0.1   1   1   2.3e-87   7.5e-86  284.1   0.1     3   348     3   351     1   352 0.99 -
d1pn0a1c.3.1.2       -            361 d2gf3a1c.3.1.2.aln   -            349   1.5e-85  283.1   0.0   1   1   5.2e-87   1.7e-85  282.9   0.0     2   348     7   360     6   361 0.99 -
d2ivda1c.3.1.2       -            348 d2gf3a1c.3.1.2.aln   -            349   1.9e-70  233.5   3.4   1   1   6.3e-72   2.1e-70  233.3   3.4     3   347     1   346     1   348 0.98 -
d1pj5a2c.3.1.2       -            306 d2gf3a1c.3.1.2.aln   -            349   5.1e-69  228.7   0.1   1   1   1.7e-70   5.6e-69  228.6   0.1     2   346     1   305     1   306 0.99 -
d1k0ia1c.3.1.2       -            293 d2gf3a1c.3.1.2.aln   -            349   1.2e-63  211.0   0.1   1   1   4.8e-65   1.6e-63  210.7   0.1     1   348     1   289     1   290 0.98 -
d3c96a1c.3.1.2       -            289 d2gf3a1c.3.1.2.aln   -            349   3.3e-61  203.0   0.9   1   1   1.4e-62   4.6e-61  202.6   0.9     2   346     1   288     1   289 0.99 -
d1ryia1c.3.1.2       -            277 d2gf3a1c.3.1.2.aln   -            349   5.5e-61  202.3   0.0   1   1     2e-62   6.6e-61  202.1   0.0     2   338     4   275     3   277 0.96 -
d2voua1c.3.1.2       -            266 d2gf3a1c.3.1.2.aln   -            349   4.4e-57  189.5   0.5   1   2   4.9e-57   1.6e-55  184.3   0.4     2   252     4   238     3   241 0.99 -
d2voua1c.3.1.2       -            266 d2gf3a1c.3.1.2.aln   -            349   4.4e-57  189.5   0.5   2   2     0.027       0.9    4.3   0.0   320   345   240   265   238   266 0.88 -
d1w4xa1c.3.1.5       -            299 d2gf3a1c.3.1.2.aln   -            349   2.6e-06   22.5   1.0   1   1   1.1e-07   3.5e-06   22.1   1.0     2    39     7    44     6    45 0.93 -
d2gv8a1c.3.1.5       -            336 d2gf3a1c.3.1.2.aln   -            349   3.2e-06   22.2   0.0   1   1   1.4e-07   4.7e-06   21.7   0.0     4    40     6    43     5    59 0.89 -
d1nhpa2c.3.1.5       -            123 d2gf3a1c.3.1.2.aln   -            349   5.1e-05   18.3   0.3   1   1   2.2e-06   7.3e-05   17.7   0.3     4    31    32    59    31    64 0.88 -
d2gf3a1c.3.1.2       -            282 d2gf3a1c.3.1.2.aln   -            349   0.00011   17.2   0.1   1   1   4.5e-06   0.00015   16.7   0.1     2    34     3    34     2    46 0.87 -
d1xhca2c.3.1.5       -            122 d2gf3a1c.3.1.2.aln   -            349   0.00017   16.6   0.5   1   1   6.5e-06   0.00021   16.2   0.5     4    32    34    61    31    67 0.83 -
d1fl2a2c.3.1.5       -            126 d2gf3a1c.3.1.2.aln   -            349     0.001   14.0   0.1   1   1   3.5e-05    0.0012   13.8   0.1     3    34    31    61    29    82 0.89 -
d1v59a1c.3.1.5       -            234 d2gf3a1c.3.1.2.aln   -            349    0.0019   13.1   1.0   1   2   8.8e-05    0.0029   12.5   0.3     4    40     7    42     5    46 0.79 -
d1v59a1c.3.1.5       -            234 d2gf3a1c.3.1.2.aln   -            349    0.0019   13.1   1.0   2   2       7.7   2.5e+02   -3.8   0.0   165   180    54    69    53    74 0.82 -
d1fl2a1c.3.1.5       -            185 d2gf3a1c.3.1.2.aln   -            349    0.0043   11.9   4.3   1   1   0.00022    0.0071   11.2   4.3     2    18     1    17     1    19 0.94 -
#
# Program:         hmmsearch
# Version:         3.3.2 (Nov 2020)
# Pipeline mode:   SEARCH
# Query file:      /home/elise/Documents/M1-BIM/S2/TMEs/SBAS/tme08/models/scop30/d2gf3a1c.3.1.2.aln.hmm
# Target file:     /home/elise/Documents/M1-BIM/S2/TMEs/SBAS/tme08/scop/scop/scopTestSeq.fasta
# Option settings: hmmsearch --domtblout /home/elise/Documents/M1-BIM/S2/TMEs/SBAS/tme08/searchResults/scop30/d2gf3a1c.3.1.2.aln.out -E 1 /home/elise/Documents/M1-BIM/S2/TMEs/SBAS/tme08/models/scop30/d2gf3a1c.3.1.2.aln.hmm /home/elise/Documents/M1-BIM/S2/TMEs/SBAS/tme08/scop/scop/scopTestSeq.fasta 
# Current dir:     /home/elise/Documents/M1-BIM/S2/TMEs/SBAS/tme08
# Date:            Thu Apr 10 10:02:38 2025
# [ok]
