#                                                                            --- full sequence --- -------------- this domain -------------   hmm coord   ali coord   env coord
# target name        accession   tlen query name           accession   qlen   E-value  score  bias   #  of  c-Evalue  i-Evalue  score  bias  from    to  from    to  from    to  acc description of target
#------------------- ---------- ----- -------------------- ---------- ----- --------- ------ ----- --- --- --------- --------- ------ ----- ----- ----- ----- ----- ----- ----- ---- ---------------------
d1z0xa2a.121.1.1     -            149 d2gfna2a.121.1.1.aln -            123   3.9e-23   77.4   0.0   1   1   1.7e-24   4.5e-23   77.2   0.0     2   122     2   130     1   131 0.98 -
d2id6a2a.121.1.1     -            125 d2gfna2a.121.1.1.aln -            123   1.8e-22   75.3   0.0   1   1   7.2e-24     2e-22   75.2   0.0     2   121     2   124     1   125 0.98 -
d2fx0a2a.121.1.1     -            122 d2gfna2a.121.1.1.aln -            123   1.9e-21   72.0   0.0   1   1   7.5e-23     2e-21   71.9   0.0     2   122     2   121     1   122 0.98 -
d2d6ya2a.121.1.1     -            118 d2gfna2a.121.1.1.aln -            123   2.5e-21   71.6   1.1   1   1   9.8e-23   2.7e-21   71.5   1.1     5   122     2   114     1   115 0.98 -
d2g7ga2a.121.1.1     -            132 d2gfna2a.121.1.1.aln -            123   1.2e-20   69.4   8.1   1   1   4.8e-22   1.3e-20   69.3   8.1     2   121     2   129     1   131 0.98 -
d1t56a2a.121.1.1     -            120 d2gfna2a.121.1.1.aln -            123   1.6e-20   69.1   2.2   1   1   6.2e-22   1.7e-20   68.9   2.2     3   121     1   118     1   120 0.97 -
d2fbqa2a.121.1.1     -            134 d2gfna2a.121.1.1.aln -            123   2.2e-20   68.6   0.3   1   1   9.1e-22   2.5e-20   68.4   0.3     3   122     2   129     1   130 0.98 -
d2g7sa2a.121.1.1     -            116 d2gfna2a.121.1.1.aln -            123   2.5e-20   68.4   2.3   1   1     1e-21   2.8e-20   68.3   2.3     2   120     2   115     1   116 0.98 -
d2g7la2a.121.1.1     -            144 d2gfna2a.121.1.1.aln -            123   4.7e-20   67.5   8.3   1   1   1.9e-21   5.3e-20   67.3   8.3     2   122     2   130     1   131 0.99 -
d3c07a2a.121.1.1     -            146 d2gfna2a.121.1.1.aln -            123   5.4e-20   67.3   1.6   1   1   2.4e-21   6.4e-20   67.1   1.6     2   121     2   126     1   128 0.98 -
d2hyja2a.121.1.1     -            118 d2gfna2a.121.1.1.aln -            123   8.6e-20   66.7   4.8   1   1   3.4e-21   9.3e-20   66.6   4.8     2   121     2   116     1   118 0.97 -
d1rkta2a.121.1.1     -            123 d2gfna2a.121.1.1.aln -            123   1.1e-19   66.3   0.0   1   1   4.7e-21   1.3e-19   66.1   0.0     2   115     5   111     4   120 0.94 -
d2id3a2a.121.1.1     -            123 d2gfna2a.121.1.1.aln -            123   2.1e-19   65.4   7.2   1   1   8.4e-21   2.3e-19   65.3   7.2     5   122     5   121     1   122 0.97 -
d2i10a2a.121.1.1     -            116 d2gfna2a.121.1.1.aln -            123     3e-19   64.9   2.6   1   1   1.2e-20   3.2e-19   64.8   2.6     1   122     1   115     1   116 0.98 -
d1ui5a2a.121.1.1     -            133 d2gfna2a.121.1.1.aln -            123   9.6e-19   63.3   1.1   1   1   3.8e-20     1e-18   63.2   1.1     2   121     2   129     1   131 0.98 -
d2gena2a.121.1.1     -            118 d2gfna2a.121.1.1.aln -            123   9.7e-19   63.3   6.3   1   1   3.9e-20   1.1e-18   63.2   6.3     2   121     2   116     1   118 0.98 -
d1t33a2a.121.1.1     -            132 d2gfna2a.121.1.1.aln -            123   1.3e-18   62.9   0.1   1   1   5.3e-20   1.4e-18   62.7   0.1     1   120     2   124     2   127 0.98 -
d2hkua2a.121.1.1     -            121 d2gfna2a.121.1.1.aln -            123   2.3e-18   62.1   0.1   1   1     9e-20   2.5e-18   62.0   0.1     5   122     1   119     1   120 0.98 -
d2oi8a2a.121.1.1     -            130 d2gfna2a.121.1.1.aln -            123   2.9e-18   61.8   1.4   1   1   1.2e-19   3.3e-18   61.6   1.4     5   122     1   116     1   117 0.98 -
d2g3ba2a.121.1.1     -            116 d2gfna2a.121.1.1.aln -            123   1.3e-17   59.7   2.2   1   1   5.2e-19   1.4e-17   59.5   2.2     4   122     1   113     1   114 0.98 -
d2iu5a2a.121.1.1     -            109 d2gfna2a.121.1.1.aln -            123   4.5e-17   57.9   0.0   1   1   1.8e-18   4.9e-17   57.8   0.0     8   121     2   108     1   109 0.98 -
d1vi0a2a.121.1.1     -            117 d2gfna2a.121.1.1.aln -            123   2.8e-16   55.4   0.0   1   1   1.1e-17     3e-16   55.3   0.0     3   120     2   115     1   117 0.95 -
d2fq4a2a.121.1.1     -            115 d2gfna2a.121.1.1.aln -            123   9.1e-16   53.7   0.0   1   1   3.6e-17   9.9e-16   53.6   0.0     2   121     2   113     1   115 0.97 -
d2np3a2a.121.1.1     -            112 d2gfna2a.121.1.1.aln -            123     3e-14   48.8   6.8   1   1   1.2e-15   3.2e-14   48.8   6.8     7   122     4   111     1   112 0.95 -
d1zk8a2a.121.1.1     -            105 d2gfna2a.121.1.1.aln -            123   5.8e-14   47.9   0.0   1   1   2.4e-15   6.5e-14   47.8   0.0     3   121     3   105     1   105 0.97 -
d2o7ta2a.121.1.1     -            110 d2gfna2a.121.1.1.aln -            123   6.5e-14   47.8   0.0   1   1   2.6e-15     7e-14   47.6   0.0     7   121     4   110     1   110 0.97 -
d1sgma2a.121.1.1     -            111 d2gfna2a.121.1.1.aln -            123     1e-13   47.1   0.0   1   1   4.1e-15   1.1e-13   47.0   0.0     2   121     2   110     1   111 0.97 -
d2np5a2a.121.1.1     -            118 d2gfna2a.121.1.1.aln -            123   4.8e-13   45.0   3.6   1   1   1.9e-14   5.2e-13   44.8   3.6     3   122     2   116     1   117 0.98 -
d2fd5a2a.121.1.1     -            104 d2gfna2a.121.1.1.aln -            123   1.3e-10   37.1   3.3   1   1   7.2e-12     2e-10   36.5   3.3     2   119     2   103     1   104 0.97 -
#
# Program:         hmmsearch
# Version:         3.3.2 (Nov 2020)
# Pipeline mode:   SEARCH
# Query file:      /home/elise/Documents/M1-BIM/S2/TMEs/SBAS/tme08/models/scop30/d2gfna2a.121.1.1.aln.hmm
# Target file:     /home/elise/Documents/M1-BIM/S2/TMEs/SBAS/tme08/scop/scop/scopTestSeq.fasta
# Option settings: hmmsearch --domtblout /home/elise/Documents/M1-BIM/S2/TMEs/SBAS/tme08/searchResults/scop30/d2gfna2a.121.1.1.aln.out -E 1 /home/elise/Documents/M1-BIM/S2/TMEs/SBAS/tme08/models/scop30/d2gfna2a.121.1.1.aln.hmm /home/elise/Documents/M1-BIM/S2/TMEs/SBAS/tme08/scop/scop/scopTestSeq.fasta 
# Current dir:     /home/elise/Documents/M1-BIM/S2/TMEs/SBAS/tme08
# Date:            Thu Apr 10 10:02:38 2025
# [ok]
