#                                                                            --- full sequence --- -------------- this domain -------------   hmm coord   ali coord   env coord
# target name        accession   tlen query name           accession   qlen   E-value  score  bias   #  of  c-Evalue  i-Evalue  score  bias  from    to  from    to  from    to  acc description of target
#------------------- ---------- ----- -------------------- ---------- ----- --------- ------ ----- --- --- --------- --------- ------ ----- ----- ----- ----- ----- ----- ----- ---- ---------------------
d1b5qa1c.3.1.2       -            348 d2gmha1c.3.1.2.aln   -            332   2.9e-92  305.4   0.1   1   1     1e-93   3.2e-92  305.3   0.1     4   331     1   344     1   345 0.98 -
d2dw4a2c.3.1.2       -            450 d2gmha1c.3.1.2.aln   -            332   6.9e-92  304.2   0.0   1   1   2.5e-93   7.9e-92  304.0   0.0     2   331     4   449     3   450 0.99 -
d1kdga1c.3.1.2       -            361 d2gmha1c.3.1.2.aln   -            332   1.9e-89  296.1   0.0   1   1   6.8e-91   2.2e-89  296.0   0.0     2   331     1   357     1   358 0.99 -
d1seza1c.3.1.2       -            374 d2gmha1c.3.1.2.aln   -            332   1.1e-88  293.6   0.0   1   1   3.9e-90   1.2e-88  293.5   0.0     4   329     2   372     1   374 0.99 -
d2iida1c.3.1.2       -            371 d2gmha1c.3.1.2.aln   -            332   9.7e-87  287.2   0.0   1   1   3.5e-88   1.1e-86  287.1   0.0     2   331    29   370    28   371 0.99 -
d1pn0a1c.3.1.2       -            361 d2gmha1c.3.1.2.aln   -            332   5.6e-85  281.5   0.0   1   1     2e-86   6.2e-85  281.3   0.0     2   331     6   360     5   361 0.99 -
d2f5va1c.3.1.2       -            380 d2gmha1c.3.1.2.aln   -            332   3.3e-84  278.9   0.0   1   1   1.2e-85   3.7e-84  278.7   0.0     2   331     3   373     2   374 0.99 -
d1n4wa1c.3.1.2       -            368 d2gmha1c.3.1.2.aln   -            332   1.3e-82  273.7   0.1   1   1   4.5e-84   1.4e-82  273.6   0.1     3   331     2   365     1   366 0.99 -
d1ju2a1c.3.1.2       -            352 d2gmha1c.3.1.2.aln   -            332   7.8e-78  258.0   0.1   1   1   2.8e-79   8.8e-78  257.8   0.1     2   331    25   347    24   348 0.98 -
d2ivda1c.3.1.2       -            348 d2gmha1c.3.1.2.aln   -            332     2e-75  250.0   3.0   1   1   7.2e-77   2.3e-75  249.9   3.0     4   328     1   346     1   348 0.99 -
d1k0ia1c.3.1.2       -            293 d2gmha1c.3.1.2.aln   -            332   4.9e-71  235.6   0.1   1   1   1.7e-72   5.5e-71  235.5   0.1     3   324     2   292     1   293 0.99 -
d3c96a1c.3.1.2       -            289 d2gmha1c.3.1.2.aln   -            332   3.4e-70  232.8   1.4   1   1   1.2e-71   3.8e-70  232.7   1.4     3   324     1   289     1   289 0.99 -
d1pj5a2c.3.1.2       -            306 d2gmha1c.3.1.2.aln   -            332   1.8e-69  230.5   0.1   1   1   6.4e-71     2e-69  230.3   0.1     3   331     1   305     1   306 0.99 -
d2gf3a1c.3.1.2       -            282 d2gmha1c.3.1.2.aln   -            332   1.2e-65  217.9   0.0   1   1   4.2e-67   1.3e-65  217.8   0.0     1   331     1   281     1   282 0.99 -
d1ryia1c.3.1.2       -            277 d2gmha1c.3.1.2.aln   -            332   7.2e-63  208.8   0.0   1   1   2.5e-64     8e-63  208.6   0.0     1   325     2   277     2   277 0.99 -
d2voua1c.3.1.2       -            266 d2gmha1c.3.1.2.aln   -            332   7.6e-59  195.6   0.4   1   1   2.7e-60   8.5e-59  195.4   0.4     2   317     3   265     2   266 0.99 -
d2gv8a1c.3.1.5       -            336 d2gmha1c.3.1.2.aln   -            332   2.4e-07   26.3   0.0   1   1   1.2e-08   3.8e-07   25.6   0.0     5    55     6    51     5    54 0.88 -
d1nhpa2c.3.1.5       -            123 d2gmha1c.3.1.2.aln   -            332   1.6e-06   23.6   0.0   1   1   5.9e-08   1.9e-06   23.3   0.0     5    41    32    67    31    99 0.77 -
d2gmha1c.3.1.2       -            381 d2gmha1c.3.1.2.aln   -            332   8.1e-06   21.3   0.2   1   1     4e-07   1.3e-05   20.6   0.2     5    23    34    52    32    54 0.94 -
d1xhca2c.3.1.5       -            122 d2gmha1c.3.1.2.aln   -            332   0.00012   17.4   0.5   1   1   4.8e-06   0.00015   17.1   0.5     3    29    32    58    30    64 0.89 -
d1w4xa1c.3.1.5       -            299 d2gmha1c.3.1.2.aln   -            332   0.00013   17.2   0.1   1   1   6.6e-06   0.00021   16.6   0.1     4    41     8    44     5    53 0.86 -
d1fl2a2c.3.1.5       -            126 d2gmha1c.3.1.2.aln   -            332   0.00076   14.8   0.3   1   1   3.3e-05     0.001   14.3   0.3     4    37    31    63    29    66 0.94 -
d1gpja2c.2.1.7       -            159 d2gmha1c.3.1.2.aln   -            332   0.00082   14.7   0.2   1   1   3.8e-05    0.0012   14.1   0.2     5    33    26    54    24    61 0.88 -
d1fl2a1c.3.1.5       -            185 d2gmha1c.3.1.2.aln   -            332    0.0018   13.5   1.8   1   1   9.8e-05    0.0031   12.8   1.8     4    19     2    17     1    32 0.92 -
d1v59a1c.3.1.5       -            234 d2gmha1c.3.1.2.aln   -            332    0.0035   12.6   0.5   1   1   0.00018    0.0058   11.9   0.5     5    25     7    27     4    45 0.74 -
#
# Program:         hmmsearch
# Version:         3.3.2 (Nov 2020)
# Pipeline mode:   SEARCH
# Query file:      /home/elise/Documents/M1-BIM/S2/TMEs/SBAS/tme08/models/scop30/d2gmha1c.3.1.2.aln.hmm
# Target file:     /home/elise/Documents/M1-BIM/S2/TMEs/SBAS/tme08/scop/scop/scopTestSeq.fasta
# Option settings: hmmsearch --domtblout /home/elise/Documents/M1-BIM/S2/TMEs/SBAS/tme08/searchResults/scop30/d2gmha1c.3.1.2.aln.out -E 1 /home/elise/Documents/M1-BIM/S2/TMEs/SBAS/tme08/models/scop30/d2gmha1c.3.1.2.aln.hmm /home/elise/Documents/M1-BIM/S2/TMEs/SBAS/tme08/scop/scop/scopTestSeq.fasta 
# Current dir:     /home/elise/Documents/M1-BIM/S2/TMEs/SBAS/tme08
# Date:            Thu Apr 10 10:02:38 2025
# [ok]
