#                                                                            --- full sequence --- -------------- this domain -------------   hmm coord   ali coord   env coord
# target name        accession   tlen query name           accession   qlen   E-value  score  bias   #  of  c-Evalue  i-Evalue  score  bias  from    to  from    to  from    to  acc description of target
#------------------- ---------- ----- -------------------- ---------- ----- --------- ------ ----- --- --- --------- --------- ------ ----- ----- ----- ----- ----- ----- ----- ---- ---------------------
d1sxja2c.37.1.20     -            253 d2gnoa2c.37.1.20.aln -            264     3e-57  189.3   0.0   1   1     1e-58   3.3e-57  189.1   0.0     4   259     2   253     1   253 0.99 -
d1u0ja_c.37.1.20     -            267 d2gnoa2c.37.1.20.aln -            264   2.1e-55  183.2   0.0   1   1     7e-57   2.3e-55  183.1   0.0     1   260     3   266     3   267 0.99 -
d1g41a_c.37.1.20     -            443 d2gnoa2c.37.1.20.aln -            264   2.9e-55  182.8   1.5   1   1   1.4e-56   4.6e-55  182.1   1.5     3   262     1   431     1   433 0.99 -
d1r6bx3c.37.1.20     -            315 d2gnoa2c.37.1.20.aln -            264   5.6e-55  181.8   0.2   1   1   1.9e-56   6.3e-55  181.7   0.2     1   263     7   302     7   303 0.99 -
d1um8a_c.37.1.20     -            364 d2gnoa2c.37.1.20.aln -            264     3e-54  179.4   1.6   1   1   1.1e-55   3.5e-54  179.2   1.6     3   263     4   361     2   362 0.99 -
d1svma_c.37.1.20     -            362 d2gnoa2c.37.1.20.aln -            264   5.9e-54  178.5   0.1   1   1     2e-55   6.6e-54  178.3   0.1     1   263    10   344    10   345 0.99 -
d1fnna2c.37.1.20     -            276 d2gnoa2c.37.1.20.aln -            264   1.1e-53  177.6   0.0   1   1   3.6e-55   1.2e-53  177.5   0.0     2   263     2   274     1   275 0.98 -
d1lv7a_c.37.1.20     -            256 d2gnoa2c.37.1.20.aln -            264     3e-53  176.1   0.0   1   1     1e-54   3.4e-53  176.0   0.0     5   262     1   254     1   256 0.99 -
d1iqpa2c.37.1.20     -            231 d2gnoa2c.37.1.20.aln -            264   2.7e-51  169.8   0.3   1   1     9e-53     3e-51  169.6   0.3     7   252     4   230     1   231 0.98 -
d2a5yb3c.37.1.20     -            277 d2gnoa2c.37.1.20.aln -            264   6.8e-51  168.5   0.0   1   1   2.3e-52   7.5e-51  168.3   0.0     2   263     3   271     2   272 0.99 -
d1w5sa2c.37.1.20     -            287 d2gnoa2c.37.1.20.aln -            264     4e-50  165.9   0.0   1   1   1.3e-51   4.4e-50  165.8   0.0     2   261     2   286     1   287 0.99 -
d1in4a2c.37.1.20     -            238 d2gnoa2c.37.1.20.aln -            264   1.1e-49  164.5   0.7   1   1   3.6e-51   1.2e-49  164.4   0.7     8   261     1   238     1   238 0.99 -
d1njfa_c.37.1.20     -            239 d2gnoa2c.37.1.20.aln -            264   5.1e-49  162.3   0.0   1   1   1.7e-50   5.6e-49  162.2   0.0     6   252     2   237     1   239 0.99 -
d1d2na_c.37.1.20     -            246 d2gnoa2c.37.1.20.aln -            264   1.3e-47  157.7   0.1   1   1   4.3e-49   1.4e-47  157.6   0.1     5   261     2   246     1   246 0.99 -
d2fnaa2c.37.1.20     -            283 d2gnoa2c.37.1.20.aln -            264   6.7e-46  152.1   2.2   1   1   2.3e-47   7.5e-46  151.9   2.2     2   261     5   282     4   283 0.99 -
d1g8pa_c.37.1.20     -            333 d2gnoa2c.37.1.20.aln -            264   4.8e-44  146.0   0.0   1   1   1.6e-45   5.3e-44  145.9   0.0     2   262     6   315     5   317 0.99 -
d1ny5a2c.37.1.20     -            247 d2gnoa2c.37.1.20.aln -            264   1.3e-41  138.0   0.5   1   1   4.5e-43   1.5e-41  137.9   0.5     4   259     2   246     1   247 0.98 -
d1tuea_c.37.1.20     -            205 d2gnoa2c.37.1.20.aln -            264   6.4e-36  119.4   0.0   1   1   2.2e-37   7.1e-36  119.3   0.0    11   252     2   204     1   205 0.98 -
d1a5ta2c.37.1.20     -            207 d2gnoa2c.37.1.20.aln -            264   8.6e-36  119.0   0.0   1   1   2.9e-37   9.5e-36  118.8   0.0    15   246     1   202     1   206 0.97 -
d1l8qa2c.37.1.20     -            213 d2gnoa2c.37.1.20.aln -            264   4.5e-35  116.6   2.3   1   1   1.6e-36   5.4e-35  116.4   2.3     5   253     2   212     1   213 0.98 -
d2p65a_c.37.1.20     -            185 d2gnoa2c.37.1.20.aln -            264   3.8e-27   90.7   0.3   1   1   1.4e-28   4.6e-27   90.4   0.3    12   210     4   183     1   184 0.96 -
d1jqlb_c.37.1.20     -            140 d2gnoa2c.37.1.20.aln -            264   6.1e-16   54.0   0.0   1   1     2e-17   6.7e-16   53.8   0.0    55   216     3   139     1   140 0.91 -
d1qzma_c.37.1.20     -             94 d2gnoa2c.37.1.20.aln -            264   1.1e-06   23.7   0.1   1   1   3.5e-08   1.1e-06   23.6   0.1   108   211     5    92     1    94 0.85 -
d1y63a_c.37.1.1      -            174 d2gnoa2c.37.1.20.aln -            264   0.00012   17.0   0.0   1   1   6.1e-06    0.0002   16.2   0.0    51    77     7    33     4    66 0.92 -
#
# Program:         hmmsearch
# Version:         3.3.2 (Nov 2020)
# Pipeline mode:   SEARCH
# Query file:      /home/elise/Documents/M1-BIM/S2/TMEs/SBAS/tme08/models/scop30/d2gnoa2c.37.1.20.aln.hmm
# Target file:     /home/elise/Documents/M1-BIM/S2/TMEs/SBAS/tme08/scop/scop/scopTestSeq.fasta
# Option settings: hmmsearch --domtblout /home/elise/Documents/M1-BIM/S2/TMEs/SBAS/tme08/searchResults/scop30/d2gnoa2c.37.1.20.aln.out -E 1 /home/elise/Documents/M1-BIM/S2/TMEs/SBAS/tme08/models/scop30/d2gnoa2c.37.1.20.aln.hmm /home/elise/Documents/M1-BIM/S2/TMEs/SBAS/tme08/scop/scop/scopTestSeq.fasta 
# Current dir:     /home/elise/Documents/M1-BIM/S2/TMEs/SBAS/tme08
# Date:            Thu Apr 10 10:02:38 2025
# [ok]
