#                                                                            --- full sequence --- -------------- this domain -------------   hmm coord   ali coord   env coord
# target name        accession   tlen query name           accession   qlen   E-value  score  bias   #  of  c-Evalue  i-Evalue  score  bias  from    to  from    to  from    to  acc description of target
#------------------- ---------- ----- -------------------- ---------- ----- --------- ------ ----- --- --- --------- --------- ------ ----- ----- ----- ----- ----- ----- ----- ---- ---------------------
d1uoka2c.1.8.1       -            479 d2guya2c.1.8.1.aln   -            447  2.1e-131  434.9  19.0   1   1    6e-133  2.4e-131  434.7  19.0     5   445     2   478     1   479 0.99 -
d1g5aa2c.1.8.1       -            554 d2guya2c.1.8.1.aln   -            447  1.2e-124  412.7   4.5   1   1  3.3e-126  1.3e-124  412.5   4.5     2   447    45   554    44   554 0.99 -
d1wzaa2c.1.8.1       -            409 d2guya2c.1.8.1.aln   -            447    3e-118  391.6  15.1   1   1  8.5e-120  3.3e-118  391.4  15.1     9   446     2   409     1   409 0.99 -
d1h3ga3c.1.8.1       -            422 d2guya2c.1.8.1.aln   -            447  2.8e-112  371.9  11.2   1   1    8e-114  3.1e-112  371.7  11.2     3   447     3   422     1   422 0.98 -
d1bf2a3c.1.8.1       -            475 d2guya2c.1.8.1.aln   -            447  4.9e-111  367.8  16.4   1   1  1.4e-112  5.5e-111  367.6  16.4     2   446     7   472     6   473 0.99 -
d1ji1a3c.1.8.1       -            432 d2guya2c.1.8.1.aln   -            447  5.2e-105  347.9  24.1   1   1  1.5e-106  5.8e-105  347.8  24.1     2   447     1   432     1   432 0.99 -
d1wdpa_c.1.8.1       -            493 d2guya2c.1.8.1.aln   -            447  3.8e-104  345.1   0.1   1   1  1.1e-105  4.3e-104  344.9   0.1     4   446     2   490     1   491 0.99 -
d2bhua3c.1.8.1       -            420 d2guya2c.1.8.1.aln   -            447  5.7e-104  344.5   3.5   1   1  1.4e-104  5.4e-103  341.3   3.5     2   447     7   420     6   420 0.99 -
d2fhfa5c.1.8.1       -            563 d2guya2c.1.8.1.aln   -            447  4.6e-102  338.2   2.4   1   1  1.3e-103  5.2e-102  338.0   2.4     1   446    11   562    11   563 0.99 -
d1gjwa2c.1.8.1       -            572 d2guya2c.1.8.1.aln   -            447  1.2e-101  336.9   0.0   1   1  3.4e-103  1.3e-101  336.7   0.0     2   446    74   571    73   572 0.99 -
d3bmva4c.1.8.1       -            406 d2guya2c.1.8.1.aln   -            447  1.8e-100  333.0  15.1   1   1  5.1e-102    2e-100  332.8  15.1     4   446     7   406     4   406 0.98 -
d1m7xa3c.1.8.1       -            396 d2guya2c.1.8.1.aln   -            447   1.1e-96  320.5  16.9   1   1   3.2e-98   1.3e-96  320.3  16.9     2   446     7   392     6   393 0.99 -
d1x1na1c.1.8.1       -            523 d2guya2c.1.8.1.aln   -            447   1.6e-94  313.4   0.0   1   1   4.5e-96   1.8e-94  313.2   0.0     2   446    20   521    19   522 0.99 -
d1r7aa2c.1.8.1       -            434 d2guya2c.1.8.1.aln   -            447   1.1e-93  310.6   0.2   1   1     3e-95   1.2e-93  310.5   0.2     9   441     1   433     1   434 0.99 -
d1e43a2c.1.8.1       -            393 d2guya2c.1.8.1.aln   -            447   4.3e-91  302.0  17.3   1   1   1.2e-92   4.8e-91  301.9  17.3    11   440     2   393     1   393 0.99 -
d1vema2c.1.8.1       -            417 d2guya2c.1.8.1.aln   -            447   4.4e-91  302.0   7.5   1   1   1.2e-92   4.9e-91  301.9   7.5     5   446     2   416     1   417 0.99 -
d1ht6a2c.1.8.1       -            347 d2guya2c.1.8.1.aln   -            447   1.8e-86  286.8   7.5   1   1   5.8e-88   2.3e-86  286.5   7.5    11   386     1   331     1   346 0.97 -
d1kwga2c.1.8.1       -            393 d2guya2c.1.8.1.aln   -            447   8.6e-80  264.8   0.0   1   1   2.4e-81   9.6e-80  264.6   0.0     8   446     1   392     1   393 0.99 -
d1ua7a2c.1.8.1       -            344 d2guya2c.1.8.1.aln   -            447   1.9e-76  253.8  13.3   1   1   9.6e-78   3.8e-76  252.8  13.3     8   446     2   344     1   344 0.99 -
d2guya2c.1.8.1       -            381 d2guya2c.1.8.1.aln   -            447   3.7e-38  127.6  11.3   1   2     6e-37   2.4e-35  118.3   6.7     5   209     2   214     1   224 0.89 -
d2guya2c.1.8.1       -            381 d2guya2c.1.8.1.aln   -            447   3.7e-38  127.6  11.3   2   2   0.00012    0.0049   11.8   0.1   309   428   266   359   232   371 0.70 -
#
# Program:         hmmsearch
# Version:         3.3.2 (Nov 2020)
# Pipeline mode:   SEARCH
# Query file:      /home/elise/Documents/M1-BIM/S2/TMEs/SBAS/tme08/models/scop30/d2guya2c.1.8.1.aln.hmm
# Target file:     /home/elise/Documents/M1-BIM/S2/TMEs/SBAS/tme08/scop/scop/scopTestSeq.fasta
# Option settings: hmmsearch --domtblout /home/elise/Documents/M1-BIM/S2/TMEs/SBAS/tme08/searchResults/scop30/d2guya2c.1.8.1.aln.out -E 1 /home/elise/Documents/M1-BIM/S2/TMEs/SBAS/tme08/models/scop30/d2guya2c.1.8.1.aln.hmm /home/elise/Documents/M1-BIM/S2/TMEs/SBAS/tme08/scop/scop/scopTestSeq.fasta 
# Current dir:     /home/elise/Documents/M1-BIM/S2/TMEs/SBAS/tme08
# Date:            Thu Apr 10 10:02:38 2025
# [ok]
