#                                                                            --- full sequence --- -------------- this domain -------------   hmm coord   ali coord   env coord
# target name        accession   tlen query name           accession   qlen   E-value  score  bias   #  of  c-Evalue  i-Evalue  score  bias  from    to  from    to  from    to  acc description of target
#------------------- ---------- ----- -------------------- ---------- ----- --------- ------ ----- --- --- --------- --------- ------ ----- ----- ----- ----- ----- ----- ----- ---- ---------------------
d1mo9a1c.3.1.5       -            262 d2gv8a1c.3.1.5.aln   -            196   5.2e-53  174.8   0.0   1   1   1.8e-54   5.9e-53  174.6   0.0     1   193     1   262     1   262 0.99 -
d1nhpa1c.3.1.5       -            199 d2gv8a1c.3.1.5.aln   -            196   3.1e-52  172.3   0.1   1   1     1e-53   3.4e-52  172.1   0.1     3   195     1   191     1   192 0.99 -
d1v59a1c.3.1.5       -            234 d2gv8a1c.3.1.5.aln   -            196   7.4e-51  167.8   1.3   1   1   2.5e-52   8.3e-51  167.6   1.3     3   193     2   234     1   234 0.99 -
d1w4xa1c.3.1.5       -            299 d2gv8a1c.3.1.5.aln   -            196   2.9e-48  159.3   0.0   1   1     1e-49   3.4e-48  159.1   0.0     1   195     4   269     4   270 0.99 -
d1m6ia1c.3.1.5       -            214 d2gv8a1c.3.1.5.aln   -            196   4.9e-47  155.3   0.0   1   1   1.6e-48   5.4e-47  155.1   0.0     2   195     2   207     1   208 0.99 -
d1fl2a1c.3.1.5       -            185 d2gv8a1c.3.1.5.aln   -            196   5.2e-47  155.2   1.0   1   1   1.8e-48   5.8e-47  155.0   1.0     7   195     2   184     1   185 0.99 -
d1xdia1c.3.1.5       -            234 d2gv8a1c.3.1.5.aln   -            196   5.7e-45  148.5   0.0   1   1     2e-46   6.4e-45  148.4   0.0     7   193     2   233     1   234 0.99 -
d1w4xa2c.3.1.5       -            235 d2gv8a1c.3.1.5.aln   -            196   3.3e-44  146.1   0.0   1   1   1.1e-45   3.6e-44  145.9   0.0     2   194     2   234     1   235 0.99 -
d1h6va2c.3.1.5       -            122 d2gv8a1c.3.1.5.aln   -            196   1.6e-31  104.6   0.0   1   1   5.4e-33   1.8e-31  104.5   0.0    18   140     2   122     1   122 0.98 -
d1vdca2c.3.1.5       -            130 d2gv8a1c.3.1.5.aln   -            196   4.3e-30  100.0   0.0   1   1   1.4e-31   4.6e-30   99.9   0.0     4   134     3   129     1   130 0.97 -
d1nhpa2c.3.1.5       -            123 d2gv8a1c.3.1.5.aln   -            196     4e-29   96.8   0.6   1   1   1.3e-30   4.4e-29   96.7   0.6     7   130     1   122     1   123 0.98 -
d1xhca2c.3.1.5       -            122 d2gv8a1c.3.1.5.aln   -            196   9.8e-29   95.6   0.1   1   1   3.2e-30     1e-28   95.5   0.1     5   128     2   119     1   122 0.96 -
d1aoga2c.3.1.5       -            117 d2gv8a1c.3.1.5.aln   -            196     5e-28   93.3   0.0   1   1   1.6e-29   5.4e-28   93.1   0.0    18   130     2   116     1   117 0.98 -
d1onfa2c.3.1.5       -            117 d2gv8a1c.3.1.5.aln   -            196   9.3e-28   92.4   0.1   1   1   3.4e-29   1.1e-27   92.1   0.1    15   132     2   115     1   116 0.97 -
d1mo9a2c.3.1.5       -            121 d2gv8a1c.3.1.5.aln   -            196   9.5e-28   92.3   0.2   1   1   3.1e-29     1e-27   92.2   0.2    17   137     2   120     1   121 0.98 -
d1fcda2c.3.1.5       -            141 d2gv8a1c.3.1.5.aln   -            196   1.2e-27   92.0   0.0   1   1   4.1e-29   1.3e-27   91.9   0.0     7   141     2   140     1   141 0.99 -
d1v59a2c.3.1.5       -            122 d2gv8a1c.3.1.5.aln   -            196   1.4e-26   88.5   0.8   1   1   4.5e-28   1.5e-26   88.5   0.8    17   134     4   120     1   122 0.97 -
d1fl2a2c.3.1.5       -            126 d2gv8a1c.3.1.5.aln   -            196   4.7e-26   86.8   0.1   1   1   1.6e-27   5.2e-26   86.7   0.1     2   137     1   126     1   126 0.98 -
d1m6ia2c.3.1.5       -            137 d2gv8a1c.3.1.5.aln   -            196   6.6e-25   83.1   0.1   1   1   2.2e-26   7.1e-25   83.0   0.1     6   132     3   136     1   137 0.97 -
d2gv8a2c.3.1.5       -            107 d2gv8a1c.3.1.5.aln   -            196   3.2e-17   58.0   0.0   1   1   1.2e-18   3.8e-17   57.7   0.0     5   121     2   105     1   106 0.95 -
d1f0ya2c.2.1.6       -            192 d2gv8a1c.3.1.5.aln   -            196    0.0002   16.2   0.1   1   1   1.1e-05   0.00037   15.4   0.1    37    91     6    62     2    77 0.93 -
d2iida1c.3.1.2       -            371 d2gv8a1c.3.1.5.aln   -            196    0.0014   13.5   0.0   1   1   7.3e-05    0.0024   12.7   0.0    29    71    23    90    10   143 0.75 -
d2dw4a2c.3.1.2       -            450 d2gv8a1c.3.1.5.aln   -            196    0.0035   12.2   0.0   1   1   0.00017    0.0057   11.5   0.0    33    71     3    48     1   103 0.82 -
d2f5va1c.3.1.2       -            380 d2gv8a1c.3.1.5.aln   -            196    0.0082   11.0   0.1   1   1   0.00052     0.017    9.9   0.1    38    99     6    61     2    74 0.83 -
#
# Program:         hmmsearch
# Version:         3.3.2 (Nov 2020)
# Pipeline mode:   SEARCH
# Query file:      /home/elise/Documents/M1-BIM/S2/TMEs/SBAS/tme08/models/scop30/d2gv8a1c.3.1.5.aln.hmm
# Target file:     /home/elise/Documents/M1-BIM/S2/TMEs/SBAS/tme08/scop/scop/scopTestSeq.fasta
# Option settings: hmmsearch --domtblout /home/elise/Documents/M1-BIM/S2/TMEs/SBAS/tme08/searchResults/scop30/d2gv8a1c.3.1.5.aln.out -E 1 /home/elise/Documents/M1-BIM/S2/TMEs/SBAS/tme08/models/scop30/d2gv8a1c.3.1.5.aln.hmm /home/elise/Documents/M1-BIM/S2/TMEs/SBAS/tme08/scop/scop/scopTestSeq.fasta 
# Current dir:     /home/elise/Documents/M1-BIM/S2/TMEs/SBAS/tme08
# Date:            Thu Apr 10 10:02:38 2025
# [ok]
