#                                                                            --- full sequence --- -------------- this domain -------------   hmm coord   ali coord   env coord
# target name        accession   tlen query name           accession   qlen   E-value  score  bias   #  of  c-Evalue  i-Evalue  score  bias  from    to  from    to  from    to  acc description of target
#------------------- ---------- ----- -------------------- ---------- ----- --------- ------ ----- --- --- --------- --------- ------ ----- ----- ----- ----- ----- ----- ----- ---- ---------------------
d2drwa1e.3.1.1       -            362 d2hdsa_e.3.1.1.aln   -            333   5.4e-92  303.8   0.0   1   1   1.4e-93     6e-92  303.7   0.0     4   332     2   348     1   349 0.99 -
d2olua2e.3.1.1       -            400 d2hdsa_e.3.1.1.aln   -            333   3.1e-90  298.0  13.8   1   1   8.3e-92   3.7e-90  297.8  13.8     2   332    47   393    46   394 0.99 -
d1yqsa_e.3.1.1       -            345 d2hdsa_e.3.1.1.aln   -            333   3.2e-89  294.7   6.8   1   1     8e-91   3.5e-89  294.6   6.8     3   333     2   339     1   339 0.99 -
d1ei5a3e.3.1.1       -            333 d2hdsa_e.3.1.1.aln   -            333   5.1e-88  290.7   0.0   1   1   1.3e-89   5.7e-88  290.6   0.0     3   333     2   328     1   328 0.99 -
d2bg1a1e.3.1.1       -            453 d2hdsa_e.3.1.1.aln   -            333   4.4e-84  277.8  15.1   1   1   1.2e-85   5.3e-84  277.5  15.1     1   333    64   431    64   431 0.99 -
d2v2ff_e.3.1.1       -            384 d2hdsa_e.3.1.1.aln   -            333   2.9e-82  271.8  17.0   1   1   7.6e-84   3.3e-82  271.6  17.0     2   327    39   384    38   384 1.00 -
d2dcfa1e.3.1.1       -            388 d2hdsa_e.3.1.1.aln   -            333     4e-82  271.4   0.0   1   1     1e-83   4.5e-82  271.2   0.0     2   332     4   356     3   357 0.99 -
d1ci9a_e.3.1.1       -            377 d2hdsa_e.3.1.1.aln   -            333   3.4e-81  268.3   0.0   1   1   8.9e-83   3.9e-81  268.1   0.0     2   333     2   371     1   371 0.99 -
d1qmea4e.3.1.1       -            357 d2hdsa_e.3.1.1.aln   -            333   1.6e-80  266.1   5.3   1   1     4e-82   1.8e-80  266.0   5.3     2   333     4   349     3   349 0.99 -
d1vqqa3e.3.1.1       -            341 d2hdsa_e.3.1.1.aln   -            333   4.9e-79  261.2  12.3   1   1   1.2e-80   5.5e-79  261.1  12.3     1   332     4   340     4   341 0.99 -
d1tvfa2e.3.1.1       -            301 d2hdsa_e.3.1.1.aln   -            333   2.2e-75  249.2  18.0   1   1   5.6e-77   2.5e-75  249.0  18.0     2   305     5   301     4   301 0.99 -
d1e25a_e.3.1.1       -            278 d2hdsa_e.3.1.1.aln   -            333   1.1e-63  210.8   0.1   1   1   2.7e-65   1.2e-63  210.6   0.1    21   303     4   277     1   278 0.98 -
d2p74a_e.3.1.1       -            263 d2hdsa_e.3.1.1.aln   -            333     1e-60  201.0   2.2   1   1   2.6e-62   1.2e-60  200.8   2.2    18   301     2   262     1   263 0.99 -
d1xp4a2e.3.1.1       -            269 d2hdsa_e.3.1.1.aln   -            333   1.6e-60  200.4   6.5   1   1   4.1e-62   1.8e-60  200.2   6.5    27   305     2   269     1   269 0.99 -
d1xa1a_e.3.1.1       -            246 d2hdsa_e.3.1.1.aln   -            333   1.4e-56  187.4   9.0   1   1   3.4e-58   1.5e-56  187.3   9.0    17   275     2   245     1   246 0.99 -
d1alqa_e.3.1.1       -            263 d2hdsa_e.3.1.1.aln   -            333   1.6e-55  183.9   5.9   1   1   4.2e-57   1.8e-55  183.7   5.9     3   264    24   262    22   263 0.98 -
d1es5a_e.3.1.1       -            260 d2hdsa_e.3.1.1.aln   -            333   6.4e-55  181.9  14.9   1   1   1.6e-56   7.1e-55  181.8  14.9    27   304     3   260     1   260 0.99 -
d2hdsa_e.3.1.1       -            358 d2hdsa_e.3.1.1.aln   -            333    0.0021   12.6   0.0   1   1   7.8e-05    0.0034   11.9   0.0    33   101    33   101    22   107 0.86 -
#
# Program:         hmmsearch
# Version:         3.3.2 (Nov 2020)
# Pipeline mode:   SEARCH
# Query file:      /home/elise/Documents/M1-BIM/S2/TMEs/SBAS/tme08/models/scop30/d2hdsa_e.3.1.1.aln.hmm
# Target file:     /home/elise/Documents/M1-BIM/S2/TMEs/SBAS/tme08/scop/scop/scopTestSeq.fasta
# Option settings: hmmsearch --domtblout /home/elise/Documents/M1-BIM/S2/TMEs/SBAS/tme08/searchResults/scop30/d2hdsa_e.3.1.1.aln.out -E 1 /home/elise/Documents/M1-BIM/S2/TMEs/SBAS/tme08/models/scop30/d2hdsa_e.3.1.1.aln.hmm /home/elise/Documents/M1-BIM/S2/TMEs/SBAS/tme08/scop/scop/scopTestSeq.fasta 
# Current dir:     /home/elise/Documents/M1-BIM/S2/TMEs/SBAS/tme08
# Date:            Thu Apr 10 10:02:38 2025
# [ok]
