#                                                                            --- full sequence --- -------------- this domain -------------   hmm coord   ali coord   env coord
# target name        accession   tlen query name           accession   qlen   E-value  score  bias   #  of  c-Evalue  i-Evalue  score  bias  from    to  from    to  from    to  acc description of target
#------------------- ---------- ----- -------------------- ---------- ----- --------- ------ ----- --- --- --------- --------- ------ ----- ----- ----- ----- ----- ----- ----- ---- ---------------------
d3fzqa_c.108.1.0     -            271 d2hoqa_c.108.1.0.aln -            252   2.1e-97  320.9   8.2   1   1   2.4e-99   2.3e-97  320.7   8.2     3   251     2   250     1   251 0.99 -
d2hx1a_c.108.1.0     -            284 d2hoqa_c.108.1.0.aln -            252   1.5e-92  304.9   0.0   1   1   1.8e-94   1.7e-92  304.8   0.0     1   251    12   283    12   284 0.99 -
d3dnpa_c.108.1.0     -            275 d2hoqa_c.108.1.0.aln -            252     2e-92  304.6   0.2   1   1   2.3e-94   2.3e-92  304.4   0.2     3   252     1   251     1   251 0.99 -
d2x4da_c.108.1.0     -            270 d2hoqa_c.108.1.0.aln -            252   1.8e-90  298.2   0.0   1   1     2e-92     2e-90  298.0   0.0     2   251    11   265    10   266 0.99 -
d2hi0a_c.108.1.0     -            240 d2hoqa_c.108.1.0.aln -            252   7.6e-90  296.1   0.0   1   1   8.5e-92   8.4e-90  296.0   0.0     1   251     2   239     2   240 0.99 -
d3qnma_c.108.1.0     -            231 d2hoqa_c.108.1.0.aln -            252   4.2e-85  280.6   0.0   1   1   4.7e-87   4.6e-85  280.4   0.0     1   247     1   231     1   231 0.99 -
d2w43a_c.108.1.0     -            201 d2hoqa_c.108.1.0.aln -            252   1.1e-62  207.1   2.4   1   1   3.9e-63   3.8e-61  202.1   2.4     3   251     1   200     1   201 0.99 -
d2hoqa_c.108.1.0     -            237 d2hoqa_c.108.1.0.aln -            252   1.4e-17   59.3   0.0   1   2    0.0005     0.049    8.4   0.0     3    31     2    30     1    46 0.81 -
d2hoqa_c.108.1.0     -            237 d2hoqa_c.108.1.0.aln -            252   1.4e-17   59.3   0.0   2   2   1.9e-16   1.9e-14   49.1   0.0   160   250   133   225    91   227 0.86 -
#
# Program:         hmmsearch
# Version:         3.3.2 (Nov 2020)
# Pipeline mode:   SEARCH
# Query file:      /home/elise/Documents/M1-BIM/S2/TMEs/SBAS/tme08/models/scop30/d2hoqa_c.108.1.0.aln.hmm
# Target file:     /home/elise/Documents/M1-BIM/S2/TMEs/SBAS/tme08/scop/scop/scopTestSeq.fasta
# Option settings: hmmsearch --domtblout /home/elise/Documents/M1-BIM/S2/TMEs/SBAS/tme08/searchResults/scop30/d2hoqa_c.108.1.0.aln.out -E 1 /home/elise/Documents/M1-BIM/S2/TMEs/SBAS/tme08/models/scop30/d2hoqa_c.108.1.0.aln.hmm /home/elise/Documents/M1-BIM/S2/TMEs/SBAS/tme08/scop/scop/scopTestSeq.fasta 
# Current dir:     /home/elise/Documents/M1-BIM/S2/TMEs/SBAS/tme08
# Date:            Thu Apr 10 10:02:38 2025
# [ok]
