#                                                                            --- full sequence --- -------------- this domain -------------   hmm coord   ali coord   env coord
# target name        accession   tlen query name           accession   qlen   E-value  score  bias   #  of  c-Evalue  i-Evalue  score  bias  from    to  from    to  from    to  acc description of target
#------------------- ---------- ----- -------------------- ---------- ----- --------- ------ ----- --- --- --------- --------- ------ ----- ----- ----- ----- ----- ----- ----- ---- ---------------------
d2oafa1d.38.1.1      -            143 d2hx5a1d.38.1.1.aln  -            138   1.3e-44  146.8   0.0   1   1   2.8e-46   1.5e-44  146.6   0.0     2   136     6   142     5   143 0.98 -
d2nuja1d.38.1.1      -            159 d2hx5a1d.38.1.1.aln  -            138   1.5e-43  143.3   0.0   1   1   3.3e-45   1.7e-43  143.2   0.0     2   136    21   155    20   157 0.98 -
d2oiwa1d.38.1.1      -            131 d2hx5a1d.38.1.1.aln  -            138   3.6e-43  142.1   0.6   1   1   7.5e-45   3.9e-43  142.0   0.6     4   137     1   130     1   131 0.99 -
d1lo7a_d.38.1.1      -            140 d2hx5a1d.38.1.1.aln  -            138   6.3e-43  141.3   0.0   1   1   1.3e-44     7e-43  141.2   0.0     3   137     2   136     1   137 0.98 -
d3qy3a1d.38.1.1      -            130 d2hx5a1d.38.1.1.aln  -            138   6.7e-43  141.2   0.0   1   1   1.4e-44   7.3e-43  141.1   0.0     3   131     2   129     1   130 0.98 -
d3bjka_d.38.1.1      -            140 d2hx5a1d.38.1.1.aln  -            138   1.2e-42  140.4   0.0   1   1   2.5e-44   1.3e-42  140.3   0.0     3   136     3   136     1   138 0.97 -
d2hlja1d.38.1.1      -            156 d2hx5a1d.38.1.1.aln  -            138   2.7e-41  136.0   0.0   1   1   5.9e-43   3.1e-41  135.8   0.0     1   138     1   139     1   139 0.99 -
d2gf6a1d.38.1.1      -            134 d2hx5a1d.38.1.1.aln  -            138   7.2e-41  134.7   0.0   1   1   1.5e-42   7.9e-41  134.5   0.0     2   133     3   133     2   134 0.98 -
d1njka_d.38.1.1      -            133 d2hx5a1d.38.1.1.aln  -            138   9.8e-41  134.2   0.0   1   1   2.1e-42   1.1e-40  134.1   0.0     4   136     1   133     1   133 0.99 -
d1s5ua_d.38.1.1      -            129 d2hx5a1d.38.1.1.aln  -            138   1.6e-40  133.5   0.7   1   1   3.4e-42   1.8e-40  133.4   0.7     4   131     2   128     1   129 0.94 -
d1vpma_d.38.1.1      -            155 d2hx5a1d.38.1.1.aln  -            138   1.1e-39  130.9   0.1   1   1   2.3e-41   1.2e-39  130.7   0.1     2   137     8   140     7   141 0.98 -
d2gvha1d.38.1.1      -            135 d2hx5a1d.38.1.1.aln  -            138     3e-39  129.4   0.1   1   1   6.3e-41   3.3e-39  129.3   0.1     2   134     6   135     5   135 0.98 -
d3f5oa_d.38.1.5      -            138 d2hx5a1d.38.1.1.aln  -            138   5.1e-05   18.5   0.0   1   1   1.2e-06   6.4e-05   18.2   0.0     7    79    39   111    33   133 0.90 -
d2hx5a1d.38.1.1      -            144 d2hx5a1d.38.1.1.aln  -            138   0.00022   16.5   0.0   1   1   5.7e-06    0.0003   16.1   0.0     6    60     8    63     5   136 0.82 -
d2hboa1d.38.1.5      -            142 d2hx5a1d.38.1.1.aln  -            138     0.002   13.4   0.0   1   1   4.4e-05    0.0023   13.2   0.0     6    71    33    97    29   119 0.89 -
#
# Program:         hmmsearch
# Version:         3.3.2 (Nov 2020)
# Pipeline mode:   SEARCH
# Query file:      /home/elise/Documents/M1-BIM/S2/TMEs/SBAS/tme08/models/scop30/d2hx5a1d.38.1.1.aln.hmm
# Target file:     /home/elise/Documents/M1-BIM/S2/TMEs/SBAS/tme08/scop/scop/scopTestSeq.fasta
# Option settings: hmmsearch --domtblout /home/elise/Documents/M1-BIM/S2/TMEs/SBAS/tme08/searchResults/scop30/d2hx5a1d.38.1.1.aln.out -E 1 /home/elise/Documents/M1-BIM/S2/TMEs/SBAS/tme08/models/scop30/d2hx5a1d.38.1.1.aln.hmm /home/elise/Documents/M1-BIM/S2/TMEs/SBAS/tme08/scop/scop/scopTestSeq.fasta 
# Current dir:     /home/elise/Documents/M1-BIM/S2/TMEs/SBAS/tme08
# Date:            Thu Apr 10 10:02:39 2025
# [ok]
