#                                                                            --- full sequence --- -------------- this domain -------------   hmm coord   ali coord   env coord
# target name        accession   tlen query name           accession   qlen   E-value  score  bias   #  of  c-Evalue  i-Evalue  score  bias  from    to  from    to  from    to  acc description of target
#------------------- ---------- ----- -------------------- ---------- ----- --------- ------ ----- --- --- --------- --------- ------ ----- ----- ----- ----- ----- ----- ----- ---- ---------------------
d2fg9a1b.45.1.1      -            157 d2i02a1b.45.1.1.aln  -            157   1.2e-47  157.1   0.0   1   1   2.5e-49   1.3e-47  156.9   0.0     2   157     3   157     2   157 0.98 -
d1rfea_b.45.1.1      -            160 d2i02a1b.45.1.1.aln  -            157   2.1e-47  156.3   0.0   1   1   4.4e-49   2.3e-47  156.1   0.0     2   156     5   159     4   160 0.98 -
d2htia1b.45.1.1      -            156 d2i02a1b.45.1.1.aln  -            157   3.5e-45  149.1   0.0   1   1   7.3e-47   3.9e-45  148.9   0.0     4   153     1   156     1   156 0.99 -
d2hq7a1b.45.1.1      -            141 d2i02a1b.45.1.1.aln  -            157   3.3e-43  142.7   0.0   1   1   6.8e-45   3.6e-43  142.5   0.0     3   152     1   140     1   141 0.99 -
d2hq9a1b.45.1.1      -            148 d2i02a1b.45.1.1.aln  -            157   4.7e-42  138.9   0.0   1   1   9.8e-44   5.2e-42  138.8   0.0     2   152     2   147     1   148 0.97 -
d1w9aa_b.45.1.1      -            142 d2i02a1b.45.1.1.aln  -            157   1.7e-41  137.1   0.0   1   1   3.6e-43   1.9e-41  136.9   0.0     7   154     1   142     1   142 0.98 -
d2arza1b.45.1.1      -            238 d2i02a1b.45.1.1.aln  -            157   1.5e-40  134.0   0.0   1   1   3.8e-42     2e-40  133.6   0.0     3   157     2   164     1   164 0.98 -
d2vpaa_b.45.1.1      -            215 d2i02a1b.45.1.1.aln  -            157   1.1e-39  131.2   0.0   1   1   2.6e-41   1.4e-39  130.9   0.0     1   157    41   201    41   201 0.99 -
d1xhna1b.45.1.1      -            170 d2i02a1b.45.1.1.aln  -            157   2.1e-39  130.3   0.0   1   1   4.5e-41   2.4e-39  130.1   0.0     2   156     6   170     5   170 0.98 -
d2fura1b.45.1.1      -            193 d2i02a1b.45.1.1.aln  -            157   6.7e-38  125.4   0.0   1   1   1.5e-39   7.7e-38  125.2   0.0     4   157     1   161     1   161 0.99 -
d2fhqa1b.45.1.1      -            135 d2i02a1b.45.1.1.aln  -            157     1e-37  124.8   0.0   1   1   2.2e-39   1.1e-37  124.7   0.0     5   149     2   134     1   135 0.98 -
d1vl7a_b.45.1.1      -            135 d2i02a1b.45.1.1.aln  -            157   5.6e-35  115.9   0.0   1   1   1.2e-36   6.1e-35  115.8   0.0    12   152     2   134     1   135 0.98 -
d2asfa1b.45.1.1      -            125 d2i02a1b.45.1.1.aln  -            157     9e-29   95.8   0.0   1   1   2.1e-30   1.1e-28   95.4   0.0     9   152     2   123     1   125 0.98 -
d3a6ra_b.45.1.1      -            122 d2i02a1b.45.1.1.aln  -            157   3.7e-26   87.2   0.0   1   1   8.7e-28   4.6e-26   87.0   0.0     6   146     1   121     1   122 0.97 -
d2i02a1b.45.1.1      -            143 d2i02a1b.45.1.1.aln  -            157   4.5e-08   28.5   0.0   1   1   1.1e-09   5.7e-08   28.2   0.0     9   142     8   132     2   136 0.93 -
#
# Program:         hmmsearch
# Version:         3.3.2 (Nov 2020)
# Pipeline mode:   SEARCH
# Query file:      /home/elise/Documents/M1-BIM/S2/TMEs/SBAS/tme08/models/scop30/d2i02a1b.45.1.1.aln.hmm
# Target file:     /home/elise/Documents/M1-BIM/S2/TMEs/SBAS/tme08/scop/scop/scopTestSeq.fasta
# Option settings: hmmsearch --domtblout /home/elise/Documents/M1-BIM/S2/TMEs/SBAS/tme08/searchResults/scop30/d2i02a1b.45.1.1.aln.out -E 1 /home/elise/Documents/M1-BIM/S2/TMEs/SBAS/tme08/models/scop30/d2i02a1b.45.1.1.aln.hmm /home/elise/Documents/M1-BIM/S2/TMEs/SBAS/tme08/scop/scop/scopTestSeq.fasta 
# Current dir:     /home/elise/Documents/M1-BIM/S2/TMEs/SBAS/tme08
# Date:            Thu Apr 10 10:02:39 2025
# [ok]
