#                                                                            --- full sequence --- -------------- this domain -------------   hmm coord   ali coord   env coord
# target name        accession   tlen query name           accession   qlen   E-value  score  bias   #  of  c-Evalue  i-Evalue  score  bias  from    to  from    to  from    to  acc description of target
#------------------- ---------- ----- -------------------- ---------- ----- --------- ------ ----- --- --- --------- --------- ------ ----- ----- ----- ----- ----- ----- ----- ---- ---------------------
d2id6a1a.4.1.9       -             75 d2i10a1a.4.1.9.aln   -             74   3.3e-27   89.6   0.2   1   1   9.4e-29   3.5e-27   89.5   0.2     3    73     2    72     1    73 0.96 -
d1vi0a1a.4.1.9       -             72 d2i10a1a.4.1.9.aln   -             74   6.5e-27   88.7   0.1   1   1   1.8e-28   6.9e-27   88.6   0.1     5    73     2    70     1    71 0.97 -
d1ui5a1a.4.1.9       -             71 d2i10a1a.4.1.9.aln   -             74   8.5e-25   81.9   2.1   1   1   2.4e-26     9e-25   81.8   2.1     2    69     3    70     2    71 0.95 -
d1rkta1a.4.1.9       -             81 d2i10a1a.4.1.9.aln   -             74   1.5e-24   81.1   0.1   1   1   4.3e-26   1.6e-24   81.0   0.1     2    73     9    80     8    81 0.97 -
d2gena1a.4.1.9       -             70 d2i10a1a.4.1.9.aln   -             74   1.9e-24   80.8   0.7   1   1   5.3e-26     2e-24   80.7   0.7     5    72     1    68     1    70 0.96 -
d1sgma1a.4.1.9       -             73 d2i10a1a.4.1.9.aln   -             74     9e-24   78.6   0.0   1   1   2.5e-25   9.6e-24   78.5   0.0     4    73     2    72     1    73 0.97 -
d2gfna1a.4.1.9       -             77 d2i10a1a.4.1.9.aln   -             74   1.1e-23   78.3   0.5   1   1   3.3e-25   1.2e-23   78.2   0.5     2    73     4    75     3    76 0.97 -
d2g7sa1a.4.1.9       -             74 d2i10a1a.4.1.9.aln   -             74   1.3e-23   78.1   0.0   1   1   3.8e-25   1.4e-23   78.0   0.0     2    73     2    73     1    74 0.97 -
d2oi8a1a.4.1.9       -             79 d2i10a1a.4.1.9.aln   -             74   2.4e-23   77.3   0.6   1   1   6.8e-25   2.5e-23   77.2   0.6     2    72     7    77     6    79 0.97 -
d1t56a1a.4.1.9       -             73 d2i10a1a.4.1.9.aln   -             74   4.1e-23   76.5   0.0   1   1   1.2e-24   4.4e-23   76.4   0.0     3    73     2    72     1    73 0.97 -
d2iu5a1a.4.1.9       -             71 d2i10a1a.4.1.9.aln   -             74   4.5e-23   76.4   0.0   1   1   1.3e-24   4.7e-23   76.3   0.0     3    68     5    70     3    71 0.95 -
d2hyja1a.4.1.9       -             75 d2i10a1a.4.1.9.aln   -             74   5.7e-23   76.0   0.1   1   1   1.6e-24     6e-23   76.0   0.1     2    71     3    72     2    75 0.96 -
d2np5a1a.4.1.9       -             69 d2i10a1a.4.1.9.aln   -             74   6.7e-23   75.8   0.2   1   1   1.9e-24     7e-23   75.7   0.2     6    71     3    68     1    69 0.96 -
d2fd5a1a.4.1.9       -             76 d2i10a1a.4.1.9.aln   -             74   1.4e-22   74.8   0.1   1   1     4e-24   1.5e-22   74.7   0.1     1    70     4    73     4    76 0.96 -
d2np3a1a.4.1.9       -             65 d2i10a1a.4.1.9.aln   -             74   2.8e-22   73.9   0.3   1   1   7.9e-24     3e-22   73.8   0.3     9    70     1    62     1    65 0.95 -
d2o7ta1a.4.1.9       -             78 d2i10a1a.4.1.9.aln   -             74   6.7e-21   69.4   0.0   1   1   1.9e-22   7.2e-21   69.3   0.0     2    72     5    76     4    78 0.95 -
d1t33a1a.4.1.9       -             88 d2i10a1a.4.1.9.aln   -             74   1.2e-20   68.6   1.0   1   1   3.6e-22   1.4e-20   68.4   1.0     2    73    10    80     9    81 0.95 -
d1zk8a1a.4.1.9       -             72 d2i10a1a.4.1.9.aln   -             74   2.4e-20   67.6   0.1   1   1   6.8e-22   2.6e-20   67.5   0.1     4    72     3    71     1    72 0.96 -
d2id3a1a.4.1.9       -             68 d2i10a1a.4.1.9.aln   -             74   1.6e-18   61.8   0.1   1   1   4.5e-20   1.7e-18   61.7   0.1     3    65     5    67     3    68 0.95 -
d2g7ga1a.4.1.9       -             65 d2i10a1a.4.1.9.aln   -             74   1.2e-17   58.9   0.1   1   1   3.5e-19   1.3e-17   58.9   0.1     5    69     2    64     1    65 0.96 -
d2i10a1a.4.1.9       -             69 d2i10a1a.4.1.9.aln   -             74   1.5e-14   49.0   0.0   1   1   4.7e-16   1.8e-14   48.8   0.0    10    71     6    67     4    69 0.97 -
#
# Program:         hmmsearch
# Version:         3.3.2 (Nov 2020)
# Pipeline mode:   SEARCH
# Query file:      /home/elise/Documents/M1-BIM/S2/TMEs/SBAS/tme08/models/scop30/d2i10a1a.4.1.9.aln.hmm
# Target file:     /home/elise/Documents/M1-BIM/S2/TMEs/SBAS/tme08/scop/scop/scopTestSeq.fasta
# Option settings: hmmsearch --domtblout /home/elise/Documents/M1-BIM/S2/TMEs/SBAS/tme08/searchResults/scop30/d2i10a1a.4.1.9.aln.out -E 1 /home/elise/Documents/M1-BIM/S2/TMEs/SBAS/tme08/models/scop30/d2i10a1a.4.1.9.aln.hmm /home/elise/Documents/M1-BIM/S2/TMEs/SBAS/tme08/scop/scop/scopTestSeq.fasta 
# Current dir:     /home/elise/Documents/M1-BIM/S2/TMEs/SBAS/tme08
# Date:            Thu Apr 10 10:02:39 2025
# [ok]
