#                                                                            --- full sequence --- -------------- this domain -------------   hmm coord   ali coord   env coord
# target name        accession   tlen query name           accession   qlen   E-value  score  bias   #  of  c-Evalue  i-Evalue  score  bias  from    to  from    to  from    to  acc description of target
#------------------- ---------- ----- -------------------- ---------- ----- --------- ------ ----- --- --- --------- --------- ------ ----- ----- ----- ----- ----- ----- ----- ---- ---------------------
d1zmaa1c.47.1.1      -            115 d2i4aa_c.47.1.1.aln  -            114   3.9e-39  128.4   0.0   1   1   7.1e-41   4.3e-39  128.3   0.0     1   114     2   115     2   115 0.99 -
d1sena_c.47.1.1      -            135 d2i4aa_c.47.1.1.aln  -            114     6e-39  127.8   0.0   1   1   1.2e-40   7.1e-39  127.6   0.0     2   113     2   113     1   114 0.98 -
d1r26a_c.47.1.1      -            113 d2i4aa_c.47.1.1.aln  -            114   3.2e-38  125.5   0.0   1   1   5.8e-40   3.5e-38  125.3   0.0     1   113     2   113     2   113 0.98 -
d2fwha_c.47.1.1      -            117 d2i4aa_c.47.1.1.aln  -            114   1.2e-36  120.4   0.0   1   1   2.2e-38   1.3e-36  120.3   0.0     4   114     1   114     1   114 0.99 -
d1z6na1c.47.1.1      -            166 d2i4aa_c.47.1.1.aln  -            114   3.4e-35  115.7   0.0   1   1   6.8e-37   4.1e-35  115.4   0.0     2   114    31   142    30   142 0.99 -
d1wjka_c.47.1.1      -            100 d2i4aa_c.47.1.1.aln  -            114   1.3e-29   97.7   0.0   1   1   2.3e-31   1.4e-29   97.6   0.0    12   110     2    99     1   100 0.96 -
d1abaa_c.47.1.1      -             87 d2i4aa_c.47.1.1.aln  -            114   1.6e-24   81.3   0.0   1   1   2.9e-26   1.7e-24   81.2   0.0    24   107     1    87     1    87 0.98 -
d1ttza_c.47.1.1      -             75 d2i4aa_c.47.1.1.aln  -            114   2.1e-18   61.6   0.0   1   1   3.7e-20   2.3e-18   61.5   0.0    28   105     1    73     1    75 0.96 -
d1iloa_c.47.1.1      -             77 d2i4aa_c.47.1.1.aln  -            114   3.3e-18   61.0   0.1   1   1     6e-20   3.6e-18   60.8   0.1    24   108     1    75     1    77 0.97 -
d2i4aa_c.47.1.1      -            107 d2i4aa_c.47.1.1.aln  -            114     3e-08   28.9   0.0   1   1   5.8e-10   3.5e-08   28.7   0.0    10    74     5    69     2    97 0.78 -
d2hzfa_c.47.1.0      -            110 d2i4aa_c.47.1.1.aln  -            114   9.8e-06   20.8   0.0   1   1   1.9e-07   1.2e-05   20.5   0.0    29    98    18    88     6   101 0.85 -
d3gnja_c.47.1.0      -            111 d2i4aa_c.47.1.1.aln  -            114   9.8e-06   20.8   0.1   1   1   2.4e-07   1.5e-05   20.2   0.1    18    71    15    68     4    87 0.76 -
d3qmxa_c.47.1.0      -             99 d2i4aa_c.47.1.1.aln  -            114    0.0063   11.7   0.0   1   1   0.00015    0.0089   11.3   0.0    31    96    20    81    13    92 0.77 -
#
# Program:         hmmsearch
# Version:         3.3.2 (Nov 2020)
# Pipeline mode:   SEARCH
# Query file:      /home/elise/Documents/M1-BIM/S2/TMEs/SBAS/tme08/models/scop30/d2i4aa_c.47.1.1.aln.hmm
# Target file:     /home/elise/Documents/M1-BIM/S2/TMEs/SBAS/tme08/scop/scop/scopTestSeq.fasta
# Option settings: hmmsearch --domtblout /home/elise/Documents/M1-BIM/S2/TMEs/SBAS/tme08/searchResults/scop30/d2i4aa_c.47.1.1.aln.out -E 1 /home/elise/Documents/M1-BIM/S2/TMEs/SBAS/tme08/models/scop30/d2i4aa_c.47.1.1.aln.hmm /home/elise/Documents/M1-BIM/S2/TMEs/SBAS/tme08/scop/scop/scopTestSeq.fasta 
# Current dir:     /home/elise/Documents/M1-BIM/S2/TMEs/SBAS/tme08
# Date:            Thu Apr 10 10:02:39 2025
# [ok]
