#                                                                            --- full sequence --- -------------- this domain -------------   hmm coord   ali coord   env coord
# target name        accession   tlen query name           accession   qlen   E-value  score  bias   #  of  c-Evalue  i-Evalue  score  bias  from    to  from    to  from    to  acc description of target
#------------------- ---------- ----- -------------------- ---------- ----- --------- ------ ----- --- --- --------- --------- ------ ----- ----- ----- ----- ----- ----- ----- ---- ---------------------
d1evya2c.2.1.6       -            189 d2i76a2c.2.1.6.aln   -            181   1.1e-50  167.3   0.0   1   1     3e-52   1.2e-50  167.1   0.0     2   181     9   187     8   187 0.99 -
d1mv8a2c.2.1.6       -            202 d2i76a2c.2.1.6.aln   -            181   1.8e-50  166.6   0.0   1   1   4.9e-52     2e-50  166.4   0.0     1   179     1   192     1   194 0.99 -
d1bg6a2c.2.1.6       -            184 d2i76a2c.2.1.6.aln   -            181     1e-48  160.9   0.1   1   1   2.7e-50   1.1e-48  160.7   0.1     2   180     3   183     2   184 0.99 -
d1f0ya2c.2.1.6       -            192 d2i76a2c.2.1.6.aln   -            181   4.6e-48  158.8   1.3   1   1   1.2e-49   5.1e-48  158.6   1.3     1   181     5   189     5   189 0.99 -
d1txga2c.2.1.6       -            180 d2i76a2c.2.1.6.aln   -            181   4.7e-47  155.5   0.0   1   1   1.3e-48   5.2e-47  155.3   0.0     1   178     1   179     1   180 0.99 -
d1lj8a4c.2.1.6       -            286 d2i76a2c.2.1.6.aln   -            181   1.2e-45  150.9   0.0   1   1   3.4e-47   1.4e-45  150.6   0.0     2   181    57   259    56   259 0.99 -
d1dlja2c.2.1.6       -            196 d2i76a2c.2.1.6.aln   -            181   6.2e-45  148.5   0.0   1   1   1.7e-46   6.9e-45  148.4   0.0     1   180     1   187     1   188 0.99 -
d2f1ka2c.2.1.6       -            165 d2i76a2c.2.1.6.aln   -            181   1.3e-44  147.5   0.0   1   1   3.6e-46   1.5e-44  147.3   0.0     1   180     1   165     1   165 0.99 -
d1ks9a2c.2.1.6       -            167 d2i76a2c.2.1.6.aln   -            181     2e-44  146.9   0.0   1   1   5.4e-46   2.3e-44  146.7   0.0     1   181     1   167     1   167 0.99 -
d1jaya_c.2.1.6       -            212 d2i76a2c.2.1.6.aln   -            181   3.1e-41  136.5   0.1   1   1   8.4e-43   3.5e-41  136.3   0.1     1   181     1   202     1   202 0.99 -
d1vpda2c.2.1.6       -            161 d2i76a2c.2.1.6.aln   -            181   1.1e-37  124.9   0.5   1   1   2.9e-39   1.2e-37  124.8   0.5     1   180     1   160     1   161 0.98 -
d2pv7a2c.2.1.6       -            152 d2i76a2c.2.1.6.aln   -            181   1.7e-35  117.8   0.0   1   1   4.7e-37     2e-35  117.6   0.0     7   180     1   152     1   152 0.99 -
d2ahra2c.2.1.6       -            152 d2i76a2c.2.1.6.aln   -            181   5.3e-33  109.7   0.1   1   1   1.5e-34   6.1e-33  109.5   0.1     1   179     1   150     1   152 0.98 -
d1yqga2c.2.1.6       -            152 d2i76a2c.2.1.6.aln   -            181   5.5e-32  106.4   0.2   1   1   1.5e-33   6.3e-32  106.2   0.2     1   180     1   151     1   152 0.98 -
d1i36a2c.2.1.6       -            152 d2i76a2c.2.1.6.aln   -            181   8.4e-32  105.8   0.3   1   1   2.2e-33   9.3e-32  105.6   0.3     2   177     2   152     1   152 0.98 -
d1gpja2c.2.1.7       -            159 d2i76a2c.2.1.6.aln   -            181   5.3e-05   18.4   0.1   1   1   1.7e-06   6.9e-05   18.1   0.1     2    42    26    66    25   108 0.88 -
d1vm6a3c.2.1.3       -            129 d2i76a2c.2.1.6.aln   -            181   7.2e-05   18.0   0.0   1   1   2.3e-06   9.5e-05   17.6   0.0     1    28     1    29     1    56 0.94 -
d1v59a2c.3.1.5       -            122 d2i76a2c.2.1.6.aln   -            181    0.0032   12.6   0.9   1   2   0.00074     0.031    9.4   0.3     2    35    25    58    24    63 0.91 -
d1v59a2c.3.1.5       -            122 d2i76a2c.2.1.6.aln   -            181    0.0032   12.6   0.9   2   2      0.13       5.3    2.1   0.0   111   163    65   114    58   121 0.70 -
d1xhca2c.3.1.5       -            122 d2i76a2c.2.1.6.aln   -            181    0.0076   11.4   1.0   1   1   0.00028     0.012   10.8   1.0     5    32    37    64    34   116 0.83 -
#
# Program:         hmmsearch
# Version:         3.3.2 (Nov 2020)
# Pipeline mode:   SEARCH
# Query file:      /home/elise/Documents/M1-BIM/S2/TMEs/SBAS/tme08/models/scop30/d2i76a2c.2.1.6.aln.hmm
# Target file:     /home/elise/Documents/M1-BIM/S2/TMEs/SBAS/tme08/scop/scop/scopTestSeq.fasta
# Option settings: hmmsearch --domtblout /home/elise/Documents/M1-BIM/S2/TMEs/SBAS/tme08/searchResults/scop30/d2i76a2c.2.1.6.aln.out -E 1 /home/elise/Documents/M1-BIM/S2/TMEs/SBAS/tme08/models/scop30/d2i76a2c.2.1.6.aln.hmm /home/elise/Documents/M1-BIM/S2/TMEs/SBAS/tme08/scop/scop/scopTestSeq.fasta 
# Current dir:     /home/elise/Documents/M1-BIM/S2/TMEs/SBAS/tme08
# Date:            Thu Apr 10 10:02:39 2025
# [ok]
