#                                                                            --- full sequence --- -------------- this domain -------------   hmm coord   ali coord   env coord
# target name        accession   tlen query name           accession   qlen   E-value  score  bias   #  of  c-Evalue  i-Evalue  score  bias  from    to  from    to  from    to  acc description of target
#------------------- ---------- ----- -------------------- ---------- ----- --------- ------ ----- --- --- --------- --------- ------ ----- ----- ----- ----- ----- ----- ----- ---- ---------------------
d1vi0a1a.4.1.9       -             72 d2id3a1a.4.1.9.aln   -             73   3.6e-27   89.4   0.1   1   1     1e-28   3.9e-27   89.3   0.1     4    72     2    70     1    71 0.97 -
d2id6a1a.4.1.9       -             75 d2id3a1a.4.1.9.aln   -             73     7e-27   88.5   0.3   1   1     2e-28   7.5e-27   88.4   0.3     2    72     2    72     1    73 0.96 -
d2i10a1a.4.1.9       -             69 d2id3a1a.4.1.9.aln   -             73   5.6e-25   82.4   0.0   1   1   1.6e-26   5.8e-25   82.4   0.0     6    71     3    68     1    69 0.96 -
d2gena1a.4.1.9       -             70 d2id3a1a.4.1.9.aln   -             73   9.6e-25   81.7   0.6   1   1   2.7e-26     1e-24   81.6   0.6     4    71     1    68     1    70 0.96 -
d1ui5a1a.4.1.9       -             71 d2id3a1a.4.1.9.aln   -             73   1.3e-24   81.2   1.6   1   1   3.7e-26   1.4e-24   81.1   1.6     2    68     4    70     3    71 0.95 -
d1rkta1a.4.1.9       -             81 d2id3a1a.4.1.9.aln   -             73   1.9e-24   80.7   0.1   1   1   5.5e-26   2.1e-24   80.6   0.1     2    72    10    80     9    81 0.97 -
d1sgma1a.4.1.9       -             73 d2id3a1a.4.1.9.aln   -             73   2.9e-24   80.1   0.0   1   1   8.1e-26     3e-24   80.1   0.0     3    72     2    72     1    73 0.97 -
d2g7sa1a.4.1.9       -             74 d2id3a1a.4.1.9.aln   -             73   4.5e-24   79.5   0.0   1   1   1.3e-25   4.8e-24   79.4   0.0     2    72     3    73     2    74 0.97 -
d1t56a1a.4.1.9       -             73 d2id3a1a.4.1.9.aln   -             73   1.5e-23   77.8   0.0   1   1   4.2e-25   1.6e-23   77.8   0.0     2    72     2    72     1    73 0.97 -
d2gfna1a.4.1.9       -             77 d2id3a1a.4.1.9.aln   -             73     2e-23   77.4   0.3   1   1   5.8e-25   2.2e-23   77.3   0.3     2    72     5    75     4    76 0.97 -
d2iu5a1a.4.1.9       -             71 d2id3a1a.4.1.9.aln   -             73   2.6e-23   77.1   0.1   1   1   7.2e-25   2.7e-23   77.0   0.1     3    67     6    70     4    71 0.96 -
d2oi8a1a.4.1.9       -             79 d2id3a1a.4.1.9.aln   -             73   5.1e-23   76.1   0.4   1   1   1.5e-24   5.5e-23   76.0   0.4     2    71     8    77     7    79 0.97 -
d2hyja1a.4.1.9       -             75 d2id3a1a.4.1.9.aln   -             73   9.9e-23   75.2   0.1   1   1   2.8e-24     1e-22   75.1   0.1     2    70     4    72     3    75 0.96 -
d2np5a1a.4.1.9       -             69 d2id3a1a.4.1.9.aln   -             73   2.1e-22   74.2   0.2   1   1   5.8e-24   2.2e-22   74.1   0.2     5    69     3    67     1    69 0.96 -
d2fd5a1a.4.1.9       -             76 d2id3a1a.4.1.9.aln   -             73   2.3e-22   74.1   0.0   1   1   6.5e-24   2.4e-22   74.0   0.0     1    69     5    73     5    76 0.97 -
d2np3a1a.4.1.9       -             65 d2id3a1a.4.1.9.aln   -             73   5.8e-22   72.7   0.2   1   1   1.7e-23   6.2e-22   72.6   0.2     8    69     1    62     1    65 0.95 -
d1zk8a1a.4.1.9       -             72 d2id3a1a.4.1.9.aln   -             73   4.1e-21   70.0   0.1   1   1   1.2e-22   4.4e-21   69.9   0.1     3    71     3    71     1    72 0.97 -
d1t33a1a.4.1.9       -             88 d2id3a1a.4.1.9.aln   -             73   5.3e-21   69.7   1.0   1   1   1.6e-22   6.1e-21   69.5   1.0     2    72    11    80    10    81 0.96 -
d2o7ta1a.4.1.9       -             78 d2id3a1a.4.1.9.aln   -             73   1.8e-20   67.9   0.0   1   1   5.3e-22     2e-20   67.8   0.0     2    71     6    76     5    78 0.96 -
d2g7ga1a.4.1.9       -             65 d2id3a1a.4.1.9.aln   -             73   3.6e-18   60.6   0.1   1   1     1e-19   3.8e-18   60.5   0.1     4    68     2    64     1    65 0.97 -
d2id3a1a.4.1.9       -             68 d2id3a1a.4.1.9.aln   -             73     4e-07   25.2   0.1   1   1   1.2e-08   4.6e-07   25.0   0.1     5    42     8    45     6    64 0.93 -
#
# Program:         hmmsearch
# Version:         3.3.2 (Nov 2020)
# Pipeline mode:   SEARCH
# Query file:      /home/elise/Documents/M1-BIM/S2/TMEs/SBAS/tme08/models/scop30/d2id3a1a.4.1.9.aln.hmm
# Target file:     /home/elise/Documents/M1-BIM/S2/TMEs/SBAS/tme08/scop/scop/scopTestSeq.fasta
# Option settings: hmmsearch --domtblout /home/elise/Documents/M1-BIM/S2/TMEs/SBAS/tme08/searchResults/scop30/d2id3a1a.4.1.9.aln.out -E 1 /home/elise/Documents/M1-BIM/S2/TMEs/SBAS/tme08/models/scop30/d2id3a1a.4.1.9.aln.hmm /home/elise/Documents/M1-BIM/S2/TMEs/SBAS/tme08/scop/scop/scopTestSeq.fasta 
# Current dir:     /home/elise/Documents/M1-BIM/S2/TMEs/SBAS/tme08
# Date:            Thu Apr 10 10:02:39 2025
# [ok]
