#                                                                            --- full sequence --- -------------- this domain -------------   hmm coord   ali coord   env coord
# target name        accession   tlen query name           accession   qlen   E-value  score  bias   #  of  c-Evalue  i-Evalue  score  bias  from    to  from    to  from    to  acc description of target
#------------------- ---------- ----- -------------------- ---------- ----- --------- ------ ----- --- --- --------- --------- ------ ----- ----- ----- ----- ----- ----- ----- ---- ---------------------
d1rkta2a.121.1.1     -            123 d2id6a2a.121.1.1.aln -            120     1e-22   76.0   0.0   1   1     4e-24   1.1e-22   75.9   0.0     2   119     2   119     1   120 0.97 -
d1z0xa2a.121.1.1     -            149 d2id6a2a.121.1.1.aln -            120   1.6e-21   72.1   0.0   1   1   7.3e-23     2e-21   71.9   0.0     2   119     3   124     2   125 0.98 -
d2g3ba2a.121.1.1     -            116 d2id6a2a.121.1.1.aln -            120     2e-21   71.8   2.3   1   1     8e-23   2.2e-21   71.7   2.3     3   116     3   116     1   116 0.98 -
d2i10a2a.121.1.1     -            116 d2id6a2a.121.1.1.aln -            120     2e-21   71.8   3.5   1   1     8e-23   2.2e-21   71.7   3.5     4   113     6   115     3   116 0.97 -
d2gfna2a.121.1.1     -            119 d2id6a2a.121.1.1.aln -            120   2.4e-21   71.6   7.5   1   1   9.6e-23   2.6e-21   71.5   7.5     3   118     3   118     1   119 0.98 -
d2d6ya2a.121.1.1     -            118 d2id6a2a.121.1.1.aln -            120   2.5e-21   71.5   1.1   1   1   9.9e-23   2.7e-21   71.4   1.1     3   118     1   116     1   118 0.98 -
d2id3a2a.121.1.1     -            123 d2id6a2a.121.1.1.aln -            120   1.1e-20   69.4   7.8   1   1   4.6e-22   1.2e-20   69.3   7.8     2   118     4   120     3   122 0.97 -
d2oi8a2a.121.1.1     -            130 d2id6a2a.121.1.1.aln -            120   1.2e-20   69.4   1.8   1   1   4.9e-22   1.3e-20   69.2   1.8     4   119     1   116     1   117 0.98 -
d2hyja2a.121.1.1     -            118 d2id6a2a.121.1.1.aln -            120   2.3e-20   68.4   6.0   1   1   9.1e-22   2.5e-20   68.3   6.0     4   115     6   117     3   118 0.96 -
d1ui5a2a.121.1.1     -            133 d2id6a2a.121.1.1.aln -            120   3.3e-20   67.9   0.3   1   1   1.5e-21     4e-20   67.7   0.3     7   118     3   114     1   116 0.97 -
d1vi0a2a.121.1.1     -            117 d2id6a2a.121.1.1.aln -            120   5.4e-20   67.2   0.0   1   1   2.2e-21   5.9e-20   67.1   0.0     5   119     2   116     1   117 0.97 -
d2gena2a.121.1.1     -            118 d2id6a2a.121.1.1.aln -            120   4.2e-19   64.4   6.7   1   1   1.7e-20   4.5e-19   64.3   6.7     4   120     2   118     1   118 0.98 -
d1t56a2a.121.1.1     -            120 d2id6a2a.121.1.1.aln -            120     7e-19   63.7   2.0   1   1   2.8e-20   7.6e-19   63.6   2.0     1   114     3   116     3   120 0.98 -
d2fbqa2a.121.1.1     -            134 d2id6a2a.121.1.1.aln -            120   2.1e-18   62.2   0.1   1   1   8.6e-20   2.3e-18   62.0   0.1     3   120     8   129     6   129 0.97 -
d3c07a2a.121.1.1     -            146 d2id6a2a.121.1.1.aln -            120   2.5e-18   61.9   1.1   1   1   1.2e-19   3.2e-18   61.6   1.1     1   120     1   120     1   120 0.98 -
d1t33a2a.121.1.1     -            132 d2id6a2a.121.1.1.aln -            120   6.2e-18   60.6   0.1   1   1   2.6e-19     7e-18   60.5   0.1     2   119     4   125     3   126 0.96 -
d2fx0a2a.121.1.1     -            122 d2id6a2a.121.1.1.aln -            120   9.4e-18   60.1   0.0   1   1   3.7e-19     1e-17   60.0   0.0     2   114     3   119     2   122 0.97 -
d2hkua2a.121.1.1     -            121 d2id6a2a.121.1.1.aln -            120   1.1e-17   59.9   0.1   1   1   4.3e-19   1.2e-17   59.8   0.1     3   119     4   120     2   121 0.98 -
d2g7sa2a.121.1.1     -            116 d2id6a2a.121.1.1.aln -            120   4.8e-17   57.8   2.3   1   1   1.9e-18   5.2e-17   57.7   2.3     4   114     1   115     1   116 0.97 -
d2fq4a2a.121.1.1     -            115 d2id6a2a.121.1.1.aln -            120   1.2e-15   53.4   0.0   1   1   4.5e-17   1.2e-15   53.3   0.0     4   114     3   113     1   115 0.96 -
d2iu5a2a.121.1.1     -            109 d2id6a2a.121.1.1.aln -            120   3.5e-15   51.8   0.0   1   1   1.4e-16   3.8e-15   51.7   0.0     5   116     2   109     1   109 0.98 -
d2np5a2a.121.1.1     -            118 d2id6a2a.121.1.1.aln -            120   1.2e-14   50.1   4.8   1   1   4.7e-16   1.3e-14   50.0   4.8     2   118     3   112     2   114 0.97 -
d1sgma2a.121.1.1     -            111 d2id6a2a.121.1.1.aln -            120   1.5e-14   49.8   0.0   1   1   6.1e-16   1.6e-14   49.6   0.0     4   113     1   110     1   111 0.97 -
d2g7la2a.121.1.1     -            144 d2id6a2a.121.1.1.aln -            120   2.1e-14   49.3   8.8   1   1   8.7e-16   2.4e-14   49.1   8.8     3   119     6   126     4   127 0.97 -
d2g7ga2a.121.1.1     -            132 d2id6a2a.121.1.1.aln -            120   8.4e-14   47.4   8.7   1   1   3.6e-15   9.7e-14   47.2   8.7     2   117     2   117     1   120 0.97 -
d1zk8a2a.121.1.1     -            105 d2id6a2a.121.1.1.aln -            120     5e-13   44.9   0.0   1   1     2e-14   5.4e-13   44.8   0.0     2   103     3   104     2   105 0.96 -
d2fd5a2a.121.1.1     -            104 d2id6a2a.121.1.1.aln -            120   1.3e-12   43.5   2.7   1   1   5.8e-14   1.6e-12   43.3   2.7     6   110     5   101     2   104 0.95 -
d2o7ta2a.121.1.1     -            110 d2id6a2a.121.1.1.aln -            120   6.2e-12   41.4   0.0   1   1   2.5e-13   6.8e-12   41.2   0.0     1   116     1   110     1   110 0.98 -
d2np3a2a.121.1.1     -            112 d2id6a2a.121.1.1.aln -            120   2.4e-10   36.3   7.3   1   1   1.1e-11     3e-10   36.0   7.3     2   119     3   107     2   108 0.97 -
#
# Program:         hmmsearch
# Version:         3.3.2 (Nov 2020)
# Pipeline mode:   SEARCH
# Query file:      /home/elise/Documents/M1-BIM/S2/TMEs/SBAS/tme08/models/scop30/d2id6a2a.121.1.1.aln.hmm
# Target file:     /home/elise/Documents/M1-BIM/S2/TMEs/SBAS/tme08/scop/scop/scopTestSeq.fasta
# Option settings: hmmsearch --domtblout /home/elise/Documents/M1-BIM/S2/TMEs/SBAS/tme08/searchResults/scop30/d2id6a2a.121.1.1.aln.out -E 1 /home/elise/Documents/M1-BIM/S2/TMEs/SBAS/tme08/models/scop30/d2id6a2a.121.1.1.aln.hmm /home/elise/Documents/M1-BIM/S2/TMEs/SBAS/tme08/scop/scop/scopTestSeq.fasta 
# Current dir:     /home/elise/Documents/M1-BIM/S2/TMEs/SBAS/tme08
# Date:            Thu Apr 10 10:02:39 2025
# [ok]
