#                                                                            --- full sequence --- -------------- this domain -------------   hmm coord   ali coord   env coord
# target name        accession   tlen query name           accession   qlen   E-value  score  bias   #  of  c-Evalue  i-Evalue  score  bias  from    to  from    to  from    to  acc description of target
#------------------- ---------- ----- -------------------- ---------- ----- --------- ------ ----- --- --- --------- --------- ------ ----- ----- ----- ----- ----- ----- ----- ---- ---------------------
d2je6i1b.40.4.5      -             87 d2ix0a3b.40.4.5.aln  -             90   1.4e-15   52.8   0.7   1   1   6.8e-17   1.5e-15   52.7   0.7     2    87     1    86     1    87 0.98 -
d2ja9a1b.40.4.5      -             90 d2ix0a3b.40.4.5.aln  -             90   5.6e-15   50.9   0.0   1   1   2.8e-16     6e-15   50.7   0.0     2    88     1    84     1    86 0.98 -
d1luza_b.40.4.5      -             85 d2ix0a3b.40.4.5.aln  -             90   6.6e-15   50.6   0.5   1   1   3.3e-16   7.1e-15   50.5   0.5     2    87     2    85     1    85 0.97 -
d3bzka4b.40.4.5      -             94 d2ix0a3b.40.4.5.aln  -             90   1.8e-14   49.3   0.8   1   1   9.1e-16     2e-14   49.1   0.8     3    79    13    86    11    91 0.93 -
d1jt8a_b.40.4.5      -            102 d2ix0a3b.40.4.5.aln  -             90   2.6e-14   48.8   0.4   1   1   1.3e-15   2.9e-14   48.6   0.4     2    89     8    92     7    93 0.97 -
d2nn6i1b.40.4.5      -            125 d2ix0a3b.40.4.5.aln  -             90   6.6e-14   47.5   0.0   1   1   4.9e-15   1.1e-13   46.8   0.0     3    88     2    94     1    96 0.96 -
d1y14b1b.40.4.5      -             91 d2ix0a3b.40.4.5.aln  -             90   1.8e-13   46.1   0.0   1   1   8.7e-15   1.9e-13   46.0   0.0     6    86     1    89     1    91 0.97 -
d2nn6h1b.40.4.5      -             95 d2ix0a3b.40.4.5.aln  -             90   2.4e-13   45.7   0.1   1   1   1.2e-14   2.6e-13   45.6   0.1     2    86     2    93     1    95 0.97 -
d1go3e1b.40.4.5      -            106 d2ix0a3b.40.4.5.aln  -             90   7.1e-13   44.2   0.6   1   1   3.8e-14   8.4e-13   44.0   0.6     6    89     1    91     1    92 0.98 -
d1wfqa_b.40.4.5      -             89 d2ix0a3b.40.4.5.aln  -             90   2.3e-12   42.6   0.0   1   1   1.1e-13   2.4e-12   42.5   0.0     5    88     3    88     1    89 0.95 -
d1kl9a2b.40.4.5      -             86 d2ix0a3b.40.4.5.aln  -             90   6.9e-12   41.0   1.3   1   1   3.5e-13   7.7e-12   40.9   1.3     2    82     7    86     6    86 0.96 -
d2ix0a1b.40.4.5      -             90 d2ix0a3b.40.4.5.aln  -             90   1.4e-11   40.0   0.0   1   1   7.1e-13   1.6e-11   39.9   0.0     3    89     2    88     1    89 0.97 -
d1smxa_b.40.4.5      -             87 d2ix0a3b.40.4.5.aln  -             90   2.2e-11   39.4   0.0   1   1   1.2e-12   2.5e-11   39.3   0.0    12    86     6    86     2    87 0.94 -
d1wi5a_b.40.4.5      -            119 d2ix0a3b.40.4.5.aln  -             90   4.3e-11   38.5   0.0   1   1   2.2e-12   4.8e-11   38.4   0.0    13    88    17   100     5   102 0.75 -
d1d7qa_b.40.4.5      -            143 d2ix0a3b.40.4.5.aln  -             90     7e-11   37.9   0.2   1   1   4.5e-12   9.8e-11   37.4   0.2     4    88    10   102     7   104 0.95 -
d2vnud1b.40.4.5      -             95 d2ix0a3b.40.4.5.aln  -             90   1.2e-10   37.2   0.0   1   1   5.8e-12   1.3e-10   37.0   0.0     2    87     1    94     1    95 0.98 -
d1e3pa2b.40.4.5      -             62 d2ix0a3b.40.4.5.aln  -             90     3e-10   35.8   0.2   1   1   1.5e-11   3.2e-10   35.7   0.2    14    73     1    61     1    62 0.96 -
d2asba1b.40.4.5      -             76 d2ix0a3b.40.4.5.aln  -             90   5.2e-10   35.1   0.2   1   1   2.6e-11   5.6e-10   35.0   0.2     6    82     2    76     1    76 0.96 -
d2vnud2b.40.4.5      -             88 d2ix0a3b.40.4.5.aln  -             90     1e-09   34.2   0.5   1   1   4.9e-11   1.1e-09   34.1   0.5     4    84     5    86     2    88 0.95 -
d1hh2p1b.40.4.5      -             72 d2ix0a3b.40.4.5.aln  -             90   1.3e-09   33.9   0.3   1   1     6e-11   1.3e-09   33.8   0.3     7    81     2    71     1    72 0.94 -
d1bkba2b.40.4.5      -             65 d2ix0a3b.40.4.5.aln  -             90   1.9e-09   33.3   0.2   1   1   8.9e-11     2e-09   33.3   0.2    11    77     2    64     1    65 0.96 -
d1t9ha1b.40.4.5      -             67 d2ix0a3b.40.4.5.aln  -             90   3.8e-09   32.3   0.1   1   1   1.8e-10     4e-09   32.3   0.1    12    79     2    65     1    67 0.95 -
d2uubq1b.40.4.5      -            100 d2ix0a3b.40.4.5.aln  -             90   3.9e-09   32.3   3.3   1   1   2.1e-10   4.5e-09   32.1   3.3     4    86    10   100     7   100 0.96 -
d3i4oa_b.40.4.5      -             68 d2ix0a3b.40.4.5.aln  -             90     4e-09   32.3   0.2   1   1   1.9e-10   4.2e-09   32.2   0.2     9    80     3    67     1    68 0.94 -
d1khia2b.40.4.5      -             71 d2ix0a3b.40.4.5.aln  -             90   5.5e-09   31.8   0.1   1   1   2.6e-10   5.8e-09   31.8   0.1     4    72     2    69     1    71 0.96 -
d1jjga_b.40.4.5      -            102 d2ix0a3b.40.4.5.aln  -             90   6.6e-09   31.6   0.5   1   1   3.4e-10   7.4e-09   31.4   0.5     1    87     7   101     7   102 0.98 -
d2uubl1b.40.4.5      -            118 d2ix0a3b.40.4.5.aln  -             90   8.7e-09   31.2   2.0   1   1   4.9e-10   1.1e-08   30.9   2.0     3    89     7   101     5   102 0.97 -
d1a62a2b.40.4.5      -             78 d2ix0a3b.40.4.5.aln  -             90   1.2e-08   30.7   0.0   1   1   5.8e-10   1.3e-08   30.7   0.0    11    87     3    75     1    78 0.95 -
d2ix0a2b.40.4.5      -             79 d2ix0a3b.40.4.5.aln  -             90   1.9e-08   30.1   0.0   1   1   9.3e-10     2e-08   30.0   0.0    10    82     7    77     1    78 0.91 -
d1ne3a_b.40.4.5      -             68 d2ix0a3b.40.4.5.aln  -             90     7e-08   28.3   0.1   1   1   3.2e-09     7e-08   28.3   0.1    11    75     5    66     1    68 0.91 -
d2vnud3b.40.4.5      -            148 d2ix0a3b.40.4.5.aln  -             90   1.1e-07   27.6   0.0   1   1   6.8e-09   1.5e-07   27.3   0.0     2    88    26   120    25   122 0.96 -
d1u0la1b.40.4.5      -             66 d2ix0a3b.40.4.5.aln  -             90   2.4e-07   26.6   0.3   1   1   1.1e-08   2.5e-07   26.6   0.3    13    80     4    65     1    66 0.93 -
d1c9oa_b.40.4.5      -             66 d2ix0a3b.40.4.5.aln  -             90   1.8e-06   23.8   0.1   1   1   9.1e-08     2e-06   23.7   0.1    10    78     2    63     1    65 0.93 -
d1x6oa2b.40.4.5      -             79 d2ix0a3b.40.4.5.aln  -             90   1.5e-05   20.9   0.0   1   1   7.6e-07   1.7e-05   20.8   0.0     2    68     2    64     1    78 0.85 -
d1ueba2b.40.4.5      -             63 d2ix0a3b.40.4.5.aln  -             90   6.8e-05   18.8   0.0   1   1   3.2e-06   7.1e-05   18.8   0.0    11    70     2    60     1    63 0.95 -
d1rl2a2b.40.4.5      -             66 d2ix0a3b.40.4.5.aln  -             90    0.0051   12.9   0.1   1   1   0.00025    0.0055   12.8   0.1     9    77     2    65     1    66 0.91 -
#
# Program:         hmmsearch
# Version:         3.3.2 (Nov 2020)
# Pipeline mode:   SEARCH
# Query file:      /home/elise/Documents/M1-BIM/S2/TMEs/SBAS/tme08/models/scop30/d2ix0a3b.40.4.5.aln.hmm
# Target file:     /home/elise/Documents/M1-BIM/S2/TMEs/SBAS/tme08/scop/scop/scopTestSeq.fasta
# Option settings: hmmsearch --domtblout /home/elise/Documents/M1-BIM/S2/TMEs/SBAS/tme08/searchResults/scop30/d2ix0a3b.40.4.5.aln.out -E 1 /home/elise/Documents/M1-BIM/S2/TMEs/SBAS/tme08/models/scop30/d2ix0a3b.40.4.5.aln.hmm /home/elise/Documents/M1-BIM/S2/TMEs/SBAS/tme08/scop/scop/scopTestSeq.fasta 
# Current dir:     /home/elise/Documents/M1-BIM/S2/TMEs/SBAS/tme08
# Date:            Thu Apr 10 10:02:39 2025
# [ok]
