#                                                                            --- full sequence --- -------------- this domain -------------   hmm coord   ali coord   env coord
# target name        accession   tlen query name           accession   qlen   E-value  score  bias   #  of  c-Evalue  i-Evalue  score  bias  from    to  from    to  from    to  acc description of target
#------------------- ---------- ----- -------------------- ---------- ----- --------- ------ ----- --- --- --------- --------- ------ ----- ----- ----- ----- ----- ----- ----- ---- ---------------------
d2je6i1b.40.4.5      -             87 d2ix0a1b.40.4.5.aln  -             88   4.5e-17   57.3   0.5   1   1   2.3e-18     5e-17   57.2   0.5     1    87     1    87     1    87 0.98 -
d1jt8a_b.40.4.5      -            102 d2ix0a1b.40.4.5.aln  -             88   9.3e-17   56.4   0.2   1   1   4.7e-18     1e-16   56.2   0.2     4    87     3    91     1    92 0.96 -
d1luza_b.40.4.5      -             85 d2ix0a1b.40.4.5.aln  -             88     9e-16   53.2   0.5   1   1   4.4e-17   9.7e-16   53.1   0.5     2    86     3    85     2    85 0.97 -
d3bzka4b.40.4.5      -             94 d2ix0a1b.40.4.5.aln  -             88   2.6e-15   51.8   0.8   1   1   1.4e-16     3e-15   51.6   0.8     3    77    14    85    12    90 0.94 -
d1y14b1b.40.4.5      -             91 d2ix0a1b.40.4.5.aln  -             88   2.5e-14   48.6   0.0   1   1   1.2e-15   2.7e-14   48.5   0.0     5    86     1    82     1    84 0.97 -
d2ja9a1b.40.4.5      -             90 d2ix0a1b.40.4.5.aln  -             88   3.5e-14   48.2   0.0   1   1   1.8e-15   3.9e-14   48.0   0.0     2    87     2    84     1    85 0.98 -
d2nn6i1b.40.4.5      -            125 d2ix0a1b.40.4.5.aln  -             88   4.6e-13   44.6   0.1   1   1   2.5e-14   5.4e-13   44.4   0.1     3    85     3    92     1    95 0.95 -
d1kl9a2b.40.4.5      -             86 d2ix0a1b.40.4.5.aln  -             88     5e-13   44.5   1.2   1   1   2.5e-14   5.6e-13   44.4   1.2     2    81     8    86     7    86 0.96 -
d2nn6h1b.40.4.5      -             95 d2ix0a1b.40.4.5.aln  -             88   1.3e-12   43.2   0.1   1   1   6.5e-14   1.4e-12   43.1   0.1     1    85     2    93     2    95 0.97 -
d1go3e1b.40.4.5      -            106 d2ix0a1b.40.4.5.aln  -             88   3.6e-12   41.8   0.7   1   1     2e-13   4.4e-12   41.5   0.7     5    87     1    90     1    91 0.97 -
d1d7qa_b.40.4.5      -            143 d2ix0a1b.40.4.5.aln  -             88   4.1e-12   41.6   0.1   1   1   3.1e-13   6.8e-12   40.9   0.1     2    86    12   101    11   103 0.97 -
d2ix0a3b.40.4.5      -             87 d2ix0a1b.40.4.5.aln  -             88   7.7e-12   40.7   0.1   1   1   3.7e-13     8e-12   40.7   0.1     8    86     4    85     1    87 0.95 -
d1wi5a_b.40.4.5      -            119 d2ix0a1b.40.4.5.aln  -             88   1.1e-11   40.3   0.0   1   1   5.6e-13   1.2e-11   40.1   0.0     6    84    20    97     8   101 0.85 -
d2uubq1b.40.4.5      -            100 d2ix0a1b.40.4.5.aln  -             88   1.4e-11   39.9   1.8   1   1   8.2e-13   1.8e-11   39.6   1.8     8    86     2    81     1    83 0.97 -
d2asba1b.40.4.5      -             76 d2ix0a1b.40.4.5.aln  -             88   1.8e-11   39.6   0.2   1   1   8.8e-13   1.9e-11   39.5   0.2     5    81     2    76     1    76 0.96 -
d1wfqa_b.40.4.5      -             89 d2ix0a1b.40.4.5.aln  -             88   2.5e-11   39.1   0.0   1   1   1.2e-12   2.6e-11   39.0   0.0     4    87     3    88     1    89 0.95 -
d2vnud2b.40.4.5      -             88 d2ix0a1b.40.4.5.aln  -             88   2.2e-10   36.1   0.5   1   1   1.1e-11   2.3e-10   36.0   0.5     3    83     5    86     3    88 0.95 -
d1e3pa2b.40.4.5      -             62 d2ix0a1b.40.4.5.aln  -             88   2.3e-10   36.0   0.3   1   1   1.1e-11   2.5e-10   36.0   0.3    13    72     1    61     1    62 0.96 -
d1smxa_b.40.4.5      -             87 d2ix0a1b.40.4.5.aln  -             88     3e-10   35.7   0.0   1   1   1.5e-11   3.2e-10   35.6   0.0    10    85     3    86     1    87 0.96 -
d2vnud1b.40.4.5      -             95 d2ix0a1b.40.4.5.aln  -             88   5.1e-10   35.0   0.0   1   1   2.5e-11   5.5e-10   34.8   0.0     1    86     1    94     1    95 0.97 -
d1t9ha1b.40.4.5      -             67 d2ix0a1b.40.4.5.aln  -             88   2.6e-09   32.7   0.2   1   1   1.4e-10   3.1e-09   32.5   0.2    10    77     1    64     1    66 0.94 -
d1bkba2b.40.4.5      -             65 d2ix0a1b.40.4.5.aln  -             88   4.1e-09   32.1   0.3   1   1     2e-10   4.3e-09   32.0   0.3    10    76     2    64     1    65 0.95 -
d1khia2b.40.4.5      -             71 d2ix0a1b.40.4.5.aln  -             88   4.7e-09   31.9   0.2   1   1   2.3e-10   5.1e-09   31.8   0.2     2    72     1    70     1    71 0.96 -
d1hh2p1b.40.4.5      -             72 d2ix0a1b.40.4.5.aln  -             88   6.9e-09   31.4   0.6   1   1   3.8e-10   8.3e-09   31.1   0.6     3    81     4    72     2    72 0.94 -
d1x6oa2b.40.4.5      -             79 d2ix0a1b.40.4.5.aln  -             88   1.1e-08   30.8   0.0   1   1     5e-10   1.1e-08   30.7   0.0     5    79     3    76     1    79 0.93 -
d2vnud3b.40.4.5      -            148 d2ix0a1b.40.4.5.aln  -             88   1.3e-08   30.4   0.0   1   1   1.2e-09   2.5e-08   29.6   0.0     2    87    14   107    13   108 0.96 -
d1a62a2b.40.4.5      -             78 d2ix0a1b.40.4.5.aln  -             88     3e-08   29.3   0.0   1   1   1.4e-09   3.1e-08   29.3   0.0    10    86     3    75     1    77 0.95 -
d2uubl1b.40.4.5      -            118 d2ix0a1b.40.4.5.aln  -             88   3.7e-08   29.0   1.2   1   1     2e-09   4.4e-08   28.8   1.2     2    84    12   102    11   106 0.95 -
d1jjga_b.40.4.5      -            102 d2ix0a1b.40.4.5.aln  -             88   4.2e-08   28.9   0.3   1   1   2.2e-09   4.8e-08   28.7   0.3     1    86     8   101     8   102 0.98 -
d2ix0a2b.40.4.5      -             79 d2ix0a1b.40.4.5.aln  -             88   4.3e-08   28.8   0.0   1   1     2e-09   4.4e-08   28.8   0.0     8    81     6    77     1    79 0.90 -
d1u0la1b.40.4.5      -             66 d2ix0a1b.40.4.5.aln  -             88   7.2e-08   28.1   0.2   1   1   3.3e-09   7.3e-08   28.1   0.2    13    78     3    64     1    66 0.89 -
d1ne3a_b.40.4.5      -             68 d2ix0a1b.40.4.5.aln  -             88   1.5e-07   27.1   0.1   1   1   7.1e-09   1.5e-07   27.1   0.1     9    74     4    66     1    68 0.91 -
d3i4oa_b.40.4.5      -             68 d2ix0a1b.40.4.5.aln  -             88     3e-07   26.1   0.2   1   1   1.4e-08   3.2e-07   26.1   0.2    11    79     3    67     1    68 0.96 -
d1ueba2b.40.4.5      -             63 d2ix0a1b.40.4.5.aln  -             88   1.2e-06   24.2   0.0   1   1   5.8e-08   1.3e-06   24.2   0.0    10    69     2    60     1    63 0.95 -
d1c9oa_b.40.4.5      -             66 d2ix0a1b.40.4.5.aln  -             88   3.7e-06   22.7   0.1   1   1   1.8e-07   3.9e-06   22.6   0.1     9    78     2    64     1    66 0.92 -
d1rl2a2b.40.4.5      -             66 d2ix0a1b.40.4.5.aln  -             88   4.7e-05   19.2   0.0   1   1   2.3e-06     5e-05   19.1   0.0     7    76     1    65     1    66 0.94 -
#
# Program:         hmmsearch
# Version:         3.3.2 (Nov 2020)
# Pipeline mode:   SEARCH
# Query file:      /home/elise/Documents/M1-BIM/S2/TMEs/SBAS/tme08/models/scop30/d2ix0a1b.40.4.5.aln.hmm
# Target file:     /home/elise/Documents/M1-BIM/S2/TMEs/SBAS/tme08/scop/scop/scopTestSeq.fasta
# Option settings: hmmsearch --domtblout /home/elise/Documents/M1-BIM/S2/TMEs/SBAS/tme08/searchResults/scop30/d2ix0a1b.40.4.5.aln.out -E 1 /home/elise/Documents/M1-BIM/S2/TMEs/SBAS/tme08/models/scop30/d2ix0a1b.40.4.5.aln.hmm /home/elise/Documents/M1-BIM/S2/TMEs/SBAS/tme08/scop/scop/scopTestSeq.fasta 
# Current dir:     /home/elise/Documents/M1-BIM/S2/TMEs/SBAS/tme08
# Date:            Thu Apr 10 10:02:39 2025
# [ok]
