#                                                                            --- full sequence --- -------------- this domain -------------   hmm coord   ali coord   env coord
# target name        accession   tlen query name           accession   qlen   E-value  score  bias   #  of  c-Evalue  i-Evalue  score  bias  from    to  from    to  from    to  acc description of target
#------------------- ---------- ----- -------------------- ---------- ----- --------- ------ ----- --- --- --------- --------- ------ ----- ----- ----- ----- ----- ----- ----- ---- ---------------------
d2je6i1b.40.4.5      -             87 d2ix0a2b.40.4.5.aln  -             89   5.3e-16   53.8   0.6   1   1   2.7e-17   5.8e-16   53.7   0.6     1    87     1    87     1    87 0.98 -
d1jt8a_b.40.4.5      -            102 d2ix0a2b.40.4.5.aln  -             89   3.1e-15   51.4   0.3   1   1   1.6e-16   3.5e-15   51.2   0.3     2    88     3    92     2    93 0.97 -
d1luza_b.40.4.5      -             85 d2ix0a2b.40.4.5.aln  -             89   8.1e-15   50.1   0.5   1   1   4.1e-16   8.7e-15   50.0   0.5     1    86     2    85     2    85 0.97 -
d3bzka4b.40.4.5      -             94 d2ix0a2b.40.4.5.aln  -             89     2e-14   48.8   0.7   1   1   1.1e-15   2.3e-14   48.6   0.7     5    77    16    85    12    90 0.93 -
d2ja9a1b.40.4.5      -             90 d2ix0a2b.40.4.5.aln  -             89   4.6e-14   47.7   0.0   1   1   2.3e-15     5e-14   47.6   0.0     2    87     2    84     1    86 0.97 -
d1y14b1b.40.4.5      -             91 d2ix0a2b.40.4.5.aln  -             89   1.8e-13   45.8   0.0   1   1     9e-15   1.9e-13   45.7   0.0     5    88     1    84     1    85 0.96 -
d2nn6i1b.40.4.5      -            125 d2ix0a2b.40.4.5.aln  -             89   1.9e-13   45.7   0.0   1   1     1e-14   2.2e-13   45.5   0.0     2    87     2    94     1    96 0.95 -
d2uubq1b.40.4.5      -            100 d2ix0a2b.40.4.5.aln  -             89   8.4e-13   43.7   1.8   1   1   4.8e-14     1e-12   43.4   1.8    11    87     6    82     1    84 0.95 -
d1kl9a2b.40.4.5      -             86 d2ix0a2b.40.4.5.aln  -             89   1.3e-12   43.1   1.1   1   1   6.6e-14   1.4e-12   43.0   1.1     2    81     8    86     7    86 0.97 -
d1go3e1b.40.4.5      -            106 d2ix0a2b.40.4.5.aln  -             89   1.3e-12   43.1   0.5   1   1   7.3e-14   1.6e-12   42.8   0.5     5    87     1    90     1    92 0.98 -
d2nn6h1b.40.4.5      -             95 d2ix0a2b.40.4.5.aln  -             89   1.4e-12   42.9   0.1   1   1   7.4e-14   1.6e-12   42.8   0.1     1    85     2    93     2    95 0.97 -
d1wfqa_b.40.4.5      -             89 d2ix0a2b.40.4.5.aln  -             89   1.5e-12   42.8   0.0   1   1   7.6e-14   1.6e-12   42.8   0.0     5    87     4    88     1    89 0.95 -
d1wi5a_b.40.4.5      -            119 d2ix0a2b.40.4.5.aln  -             89   1.5e-11   39.7   0.0   1   1   7.6e-13   1.6e-11   39.6   0.0    18    86    23    99     6   102 0.84 -
d1smxa_b.40.4.5      -             87 d2ix0a2b.40.4.5.aln  -             89   2.9e-11   38.8   0.0   1   1   1.6e-12   3.4e-11   38.5   0.0     9    86     4    87     2    87 0.97 -
d2ix0a3b.40.4.5      -             87 d2ix0a2b.40.4.5.aln  -             89   2.9e-11   38.8   0.1   1   1   1.5e-12   3.1e-11   38.7   0.1     7    87     3    86     1    87 0.96 -
d1d7qa_b.40.4.5      -            143 d2ix0a2b.40.4.5.aln  -             89   7.3e-11   37.5   0.2   1   1   5.7e-12   1.2e-10   36.8   0.2     3    88    10   103     8   104 0.96 -
d1e3pa2b.40.4.5      -             62 d2ix0a2b.40.4.5.aln  -             89   9.9e-11   37.1   0.2   1   1   4.9e-12     1e-10   37.0   0.2    13    70     1    59     1    62 0.95 -
d2ix0a1b.40.4.5      -             90 d2ix0a2b.40.4.5.aln  -             89   1.1e-10   36.9   0.0   1   1   5.6e-12   1.2e-10   36.8   0.0     5    88     2    88     1    89 0.97 -
d2vnud2b.40.4.5      -             88 d2ix0a2b.40.4.5.aln  -             89   1.9e-10   36.2   0.6   1   1     1e-11   2.2e-10   36.0   0.6     4    76     6    84     3    87 0.94 -
d2vnud1b.40.4.5      -             95 d2ix0a2b.40.4.5.aln  -             89   2.7e-10   35.7   0.0   1   1   1.4e-11     3e-10   35.5   0.0     1    86     1    94     1    95 0.98 -
d2asba1b.40.4.5      -             76 d2ix0a2b.40.4.5.aln  -             89   1.1e-09   33.8   0.2   1   1   5.3e-11   1.1e-09   33.7   0.2     5    80     2    75     1    76 0.96 -
d1hh2p1b.40.4.5      -             72 d2ix0a2b.40.4.5.aln  -             89   1.5e-09   33.3   0.4   1   1   7.6e-11   1.6e-09   33.2   0.4     6    80     2    71     1    72 0.95 -
d1x6oa2b.40.4.5      -             79 d2ix0a2b.40.4.5.aln  -             89   1.8e-09   33.1   0.0   1   1   8.7e-11   1.9e-09   33.0   0.0     4    78     2    75     1    79 0.93 -
d2vnud3b.40.4.5      -            148 d2ix0a2b.40.4.5.aln  -             89   3.6e-09   32.1   0.0   1   2   3.7e-10   7.8e-09   31.0   0.0     2    88    16   110    15   111 0.97 -
d2vnud3b.40.4.5      -            148 d2ix0a2b.40.4.5.aln  -             89   3.6e-09   32.1   0.0   2   2       8.9   1.9e+02   -2.0   0.0    85    86   130   131   112   146 0.50 -
d1bkba2b.40.4.5      -             65 d2ix0a2b.40.4.5.aln  -             89     4e-09   32.0   0.3   1   1     2e-10   4.2e-09   31.9   0.3    10    76     2    64     1    65 0.95 -
d3i4oa_b.40.4.5      -             68 d2ix0a2b.40.4.5.aln  -             89   4.8e-09   31.7   0.2   1   1   2.4e-10     5e-09   31.7   0.2     8    79     3    67     1    68 0.94 -
d1khia2b.40.4.5      -             71 d2ix0a2b.40.4.5.aln  -             89   7.5e-09   31.1   0.1   1   1   3.7e-10   7.9e-09   31.0   0.1     2    71     1    69     1    71 0.95 -
d2uubl1b.40.4.5      -            118 d2ix0a2b.40.4.5.aln  -             89     8e-09   31.0   1.6   1   1   4.4e-10   9.4e-09   30.8   1.6     2    86    12   104    11   107 0.95 -
d1a62a2b.40.4.5      -             78 d2ix0a2b.40.4.5.aln  -             89   1.1e-08   30.5   0.0   1   1   5.7e-10   1.2e-08   30.4   0.0     9    86     2    75     1    78 0.95 -
d1ne3a_b.40.4.5      -             68 d2ix0a2b.40.4.5.aln  -             89   1.9e-08   29.9   0.1   1   1     9e-10   1.9e-08   29.8   0.1     9    74     4    66     1    67 0.91 -
d1jjga_b.40.4.5      -            102 d2ix0a2b.40.4.5.aln  -             89   2.4e-08   29.5   0.4   1   1   1.3e-09   2.8e-08   29.3   0.4     1    86     8   101     8   102 0.98 -
d1t9ha1b.40.4.5      -             67 d2ix0a2b.40.4.5.aln  -             89   3.3e-08   29.1   0.2   1   1   1.8e-09   3.8e-08   28.9   0.2    10    76     1    63     1    66 0.91 -
d1u0la1b.40.4.5      -             66 d2ix0a2b.40.4.5.aln  -             89   3.3e-07   25.9   0.3   1   1   1.6e-08   3.5e-07   25.8   0.3    12    78     4    64     1    66 0.90 -
d1c9oa_b.40.4.5      -             66 d2ix0a2b.40.4.5.aln  -             89     9e-07   24.5   0.0   1   1   4.4e-08   9.4e-07   24.4   0.0    10    78     3    64     1    66 0.93 -
d1ueba2b.40.4.5      -             63 d2ix0a2b.40.4.5.aln  -             89     3e-05   19.7   0.0   1   1   1.5e-06   3.1e-05   19.6   0.0    10    70     2    61     1    63 0.93 -
d1rl2a2b.40.4.5      -             66 d2ix0a2b.40.4.5.aln  -             89   3.3e-05   19.5   0.1   1   1   1.7e-06   3.6e-05   19.4   0.1     7    76     1    65     1    66 0.95 -
d2r7da1b.40.4.5      -             58 d2ix0a2b.40.4.5.aln  -             89    0.0063   12.3   0.0   1   1    0.0012     0.026   10.3   0.0    10    76     3    54     1    58 0.70 -
#
# Program:         hmmsearch
# Version:         3.3.2 (Nov 2020)
# Pipeline mode:   SEARCH
# Query file:      /home/elise/Documents/M1-BIM/S2/TMEs/SBAS/tme08/models/scop30/d2ix0a2b.40.4.5.aln.hmm
# Target file:     /home/elise/Documents/M1-BIM/S2/TMEs/SBAS/tme08/scop/scop/scopTestSeq.fasta
# Option settings: hmmsearch --domtblout /home/elise/Documents/M1-BIM/S2/TMEs/SBAS/tme08/searchResults/scop30/d2ix0a2b.40.4.5.aln.out -E 1 /home/elise/Documents/M1-BIM/S2/TMEs/SBAS/tme08/models/scop30/d2ix0a2b.40.4.5.aln.hmm /home/elise/Documents/M1-BIM/S2/TMEs/SBAS/tme08/scop/scop/scopTestSeq.fasta 
# Current dir:     /home/elise/Documents/M1-BIM/S2/TMEs/SBAS/tme08
# Date:            Thu Apr 10 10:02:39 2025
# [ok]
