#                                                                            --- full sequence --- -------------- this domain -------------   hmm coord   ali coord   env coord
# target name        accession   tlen query name           accession   qlen   E-value  score  bias   #  of  c-Evalue  i-Evalue  score  bias  from    to  from    to  from    to  acc description of target
#------------------- ---------- ----- -------------------- ---------- ----- --------- ------ ----- --- --- --------- --------- ------ ----- ----- ----- ----- ----- ----- ----- ---- ---------------------
d1pvma4d.37.1.1      -            142 d2j9la1d.37.1.1.aln  -            134   5.1e-42  138.6   0.5   1   1   1.4e-43   5.8e-42  138.4   0.5     2   133     3   130     2   131 0.98 -
d2yzqa2d.37.1.1      -            122 d2j9la1d.37.1.1.aln  -            134   3.6e-39  129.4   1.8   1   1   9.7e-41     4e-39  129.2   1.8     2   133     1   121     1   122 0.97 -
d3ddja1d.37.1.1      -            141 d2j9la1d.37.1.1.aln  -            134   7.3e-39  128.4   6.6   1   1   1.9e-40   8.1e-39  128.3   6.6     2   133     2   134     1   135 0.98 -
d1o50a3d.37.1.1      -            145 d2j9la1d.37.1.1.aln  -            134   1.3e-38  127.6   1.0   1   1   3.5e-40   1.5e-38  127.4   1.0     2   133     4   144     3   145 0.98 -
d2yzia1d.37.1.1      -            132 d2j9la1d.37.1.1.aln  -            134   1.8e-38  127.2   0.6   1   1   4.7e-40     2e-38  127.0   0.6     2   134     5   131     4   131 0.95 -
d2yzqa1d.37.1.1      -            156 d2j9la1d.37.1.1.aln  -            134   1.3e-37  124.3   0.1   1   1   3.6e-39   1.5e-37  124.1   0.1     3   128     5   155     3   156 0.98 -
d1y5ha3d.37.1.1      -            123 d2j9la1d.37.1.1.aln  -            134   2.4e-37  123.5   0.0   1   1   6.2e-39   2.6e-37  123.4   0.0     3   128     2   122     1   123 0.98 -
d3ddja2d.37.1.1      -            135 d2j9la1d.37.1.1.aln  -            134   5.3e-37  122.4   0.1   1   1   1.4e-38   5.8e-37  122.2   0.1     2   132     1   134     1   135 0.97 -
d1vr9a3d.37.1.1      -            121 d2j9la1d.37.1.1.aln  -            134   1.7e-36  120.7   0.0   1   1   4.6e-38   1.9e-36  120.6   0.0     2   132     1   120     1   121 0.98 -
d2rc3a1d.37.1.1      -            127 d2j9la1d.37.1.1.aln  -            134   1.5e-35  117.6   2.4   1   1     4e-37   1.7e-35  117.5   2.4     2   129     2   126     1   127 0.98 -
d2nyca1d.37.1.1      -            140 d2j9la1d.37.1.1.aln  -            134   2.3e-35  117.1   0.6   1   1     6e-37   2.5e-35  117.0   0.6     2   129     6   138     5   140 0.98 -
d1pbja3d.37.1.1      -            120 d2j9la1d.37.1.1.aln  -            134   1.6e-33  111.1   6.5   1   1   4.3e-35   1.8e-33  111.0   6.5     3   128     1   119     1   120 0.94 -
d2v8qe2d.37.1.1      -            159 d2j9la1d.37.1.1.aln  -            134   3.1e-33  110.2   0.0   1   1   8.3e-35   3.5e-33  110.0   0.0     2   133    13   157    12   158 0.98 -
d2riha_d.37.1.1      -            131 d2j9la1d.37.1.1.aln  -            134   7.2e-33  109.0   0.2   1   1     2e-34   8.2e-33  108.8   0.2     2   132     1   126     1   128 0.96 -
d1zfja4d.37.1.1      -            126 d2j9la1d.37.1.1.aln  -            134   1.7e-32  107.8   0.1   1   1   4.5e-34   1.9e-32  107.7   0.1     8   133     3   121     1   122 0.94 -
d2ouxa2d.37.1.1      -            127 d2j9la1d.37.1.1.aln  -            134     2e-32  107.6   6.8   1   1   5.3e-34   2.2e-32  107.4   6.8     3   132     2   125     1   127 0.97 -
d2d4za3d.37.1.1      -            161 d2j9la1d.37.1.1.aln  -            134   9.2e-29   95.7   0.0   1   1   2.5e-30   1.1e-28   95.5   0.0     2   129    11   160    10   161 0.99 -
d2j9la1d.37.1.1      -            169 d2j9la1d.37.1.1.aln  -            134   1.4e-15   53.1   0.1   1   1   4.5e-17   1.9e-15   52.6   0.1    19   130    26   157    18   160 0.92 -
d1khta_c.37.1.1      -            190 d2j9la1d.37.1.1.aln  -            134    0.0014   14.2   0.6   1   1   7.1e-05    0.0029   13.2   0.6     6    93     3    95     2    96 0.86 -
#
# Program:         hmmsearch
# Version:         3.3.2 (Nov 2020)
# Pipeline mode:   SEARCH
# Query file:      /home/elise/Documents/M1-BIM/S2/TMEs/SBAS/tme08/models/scop30/d2j9la1d.37.1.1.aln.hmm
# Target file:     /home/elise/Documents/M1-BIM/S2/TMEs/SBAS/tme08/scop/scop/scopTestSeq.fasta
# Option settings: hmmsearch --domtblout /home/elise/Documents/M1-BIM/S2/TMEs/SBAS/tme08/searchResults/scop30/d2j9la1d.37.1.1.aln.out -E 1 /home/elise/Documents/M1-BIM/S2/TMEs/SBAS/tme08/models/scop30/d2j9la1d.37.1.1.aln.hmm /home/elise/Documents/M1-BIM/S2/TMEs/SBAS/tme08/scop/scop/scopTestSeq.fasta 
# Current dir:     /home/elise/Documents/M1-BIM/S2/TMEs/SBAS/tme08
# Date:            Thu Apr 10 10:02:39 2025
# [ok]
