#                                                                            --- full sequence --- -------------- this domain -------------   hmm coord   ali coord   env coord
# target name        accession   tlen query name           accession   qlen   E-value  score  bias   #  of  c-Evalue  i-Evalue  score  bias  from    to  from    to  from    to  acc description of target
#------------------- ---------- ----- -------------------- ---------- ----- --------- ------ ----- --- --- --------- --------- ------ ----- ----- ----- ----- ----- ----- ----- ---- ---------------------
d2pq8a_d.108.1.1     -            271 d2jdca1d.108.1.1.aln -            227   1.1e-52  174.6   0.1   1   1   7.3e-54   1.3e-52  174.4   0.1     1   227    19   271    19   271 0.99 -
d2p0wa_d.108.1.1     -            319 d2jdca1d.108.1.1.aln -            227   8.4e-49  161.9   0.3   1   1   5.7e-50     1e-48  161.7   0.3     1   227    26   276    26   276 0.99 -
d1boba_d.108.1.1     -            315 d2jdca1d.108.1.1.aln -            227   1.1e-47  158.3   0.5   1   1   7.3e-49   1.3e-47  158.0   0.5     1   227    23   272    23   272 0.99 -
d1tiqa_d.108.1.1     -            173 d2jdca1d.108.1.1.aln -            227     1e-36  122.4   0.2   1   1   6.2e-38   1.1e-36  122.3   0.2    23   188     3   172     1   173 0.98 -
d1p0ha_d.108.1.1     -            308 d2jdca1d.108.1.1.aln -            227   1.2e-36  122.2   0.7   1   3   3.9e-34     7e-33  109.9   0.0    18   227     2   233     1   233 0.99 -
d1p0ha_d.108.1.1     -            308 d2jdca1d.108.1.1.aln -            227   1.2e-36  122.2   0.7   2   3      0.39         7    1.9   0.0   107   123   232   248   230   251 0.87 -
d1p0ha_d.108.1.1     -            308 d2jdca1d.108.1.1.aln -            227   1.2e-36  122.2   0.7   3   3    0.0032     0.058    8.7   0.0   142   166   277   301   274   307 0.84 -
d2fiaa1d.108.1.1     -            157 d2jdca1d.108.1.1.aln -            227   1.8e-33  111.8   1.2   1   1   1.1e-34     2e-33  111.7   1.2    19   187     2   157     1   157 0.98 -
d1i12a_d.108.1.1     -            157 d2jdca1d.108.1.1.aln -            227   7.4e-32  106.5   0.0   1   1   4.5e-33   8.1e-32  106.4   0.0    19   172     3   156     1   157 0.98 -
d1u6ma_d.108.1.1     -            189 d2jdca1d.108.1.1.aln -            227   7.6e-32  106.5   0.1   1   1     5e-33     9e-32  106.2   0.1     8   181     2   187     1   189 0.94 -
d1z4ea1d.108.1.1     -            150 d2jdca1d.108.1.1.aln -            227   8.1e-32  106.4   0.1   1   1   5.3e-33   9.5e-32  106.2   0.1    23   168     2   145     1   148 0.98 -
d2gana1d.108.1.1     -            182 d2jdca1d.108.1.1.aln -            227   1.6e-31  105.4   0.2   1   1     1e-32   1.8e-31  105.2   0.2     7   181     1   181     1   182 0.96 -
d2ae6a1d.108.1.1     -            161 d2jdca1d.108.1.1.aln -            227   4.6e-31  103.9   0.1   1   1   2.8e-32     5e-31  103.8   0.1    27   187     3   160     1   161 0.98 -
d1ufha_d.108.1.1     -            155 d2jdca1d.108.1.1.aln -            227     8e-31  103.1   0.5   1   1   4.8e-32   8.6e-31  103.0   0.5    20   171     2   153     1   155 0.98 -
d2b5ga_d.108.1.1     -            168 d2jdca1d.108.1.1.aln -            227   2.3e-30  101.6   0.2   1   1   1.5e-31   2.8e-30  101.4   0.2    22   183     3   165     1   167 0.96 -
d1mk4a_d.108.1.1     -            157 d2jdca1d.108.1.1.aln -            227   4.5e-30  100.7   0.0   1   1   2.8e-31   4.9e-30  100.5   0.0    26   193     2   156     1   157 0.98 -
d1vkca_d.108.1.1     -            149 d2jdca1d.108.1.1.aln -            227   4.8e-30  100.6   2.3   1   1   2.9e-31   5.2e-30  100.5   2.3    23   171     2   147     1   149 0.93 -
d2cy2a1d.108.1.1     -            174 d2jdca1d.108.1.1.aln -            227   7.4e-30  100.0   0.5   1   1   4.6e-31   8.2e-30   99.8   0.5    19   188     2   174     1   174 0.98 -
d2euia1d.108.1.1     -            153 d2jdca1d.108.1.1.aln -            227   1.1e-29   99.5   0.1   1   1   6.8e-31   1.2e-29   99.3   0.1    29   176     2   149     1   151 0.98 -
d1wwza1d.108.1.1     -            157 d2jdca1d.108.1.1.aln -            227   1.7e-29   98.8   0.8   1   1     1e-30   1.9e-29   98.6   0.8    21   174     2   153     1   156 0.97 -
d1y9wa1d.108.1.1     -            140 d2jdca1d.108.1.1.aln -            227     3e-29   98.0   1.2   1   1   1.8e-30   3.2e-29   97.9   1.2    38   183     3   139     1   140 0.96 -
d1z4ra1d.108.1.1     -            162 d2jdca1d.108.1.1.aln -            227   1.4e-27   92.5   0.0   1   1   8.8e-29   1.6e-27   92.4   0.0    19   191     2   160     1   162 0.98 -
d1qsma_d.108.1.1     -            150 d2jdca1d.108.1.1.aln -            227   2.1e-27   92.0   0.0   1   1   1.2e-28   2.2e-27   91.9   0.0    29   172     3   148     1   150 0.97 -
d1cjwa_d.108.1.1     -            166 d2jdca1d.108.1.1.aln -            227   5.1e-27   90.7   0.0   1   1   3.4e-28   6.1e-27   90.4   0.0    24   182     4   164     1   165 0.97 -
d1yk3a1d.108.1.1     -            198 d2jdca1d.108.1.1.aln -            227   1.7e-26   89.0   0.0   1   1     1e-27   1.9e-26   88.8   0.0     1   185     1   198     1   198 0.98 -
d2fl4a1d.108.1.1     -            146 d2jdca1d.108.1.1.aln -            227   1.1e-25   86.3   0.5   1   1   6.8e-27   1.2e-25   86.2   0.5    36   180     1   145     1   146 0.92 -
d1yx0a1d.108.1.1     -            151 d2jdca1d.108.1.1.aln -            227   1.8e-25   85.6   0.0   1   1   1.2e-26   2.2e-25   85.3   0.0    30   182     2   149     1   150 0.98 -
d1nsla_d.108.1.1     -            180 d2jdca1d.108.1.1.aln -            227   4.1e-25   84.5   0.1   1   1   2.5e-26   4.5e-25   84.3   0.1    21   189     2   178     1   180 0.98 -
d1y9ka1d.108.1.1     -            152 d2jdca1d.108.1.1.aln -            227   2.3e-24   82.0   0.0   1   1   1.4e-25   2.5e-24   81.9   0.0    42   186     3   150     1   152 0.97 -
d2atra1d.108.1.1     -            137 d2jdca1d.108.1.1.aln -            227   2.6e-24   81.8   0.1   1   1   1.6e-25   2.8e-24   81.7   0.1    28   178     2   136     1   137 0.98 -
d2fcka1d.108.1.1     -            178 d2jdca1d.108.1.1.aln -            227   2.7e-24   81.8   0.1   1   1   1.8e-25   3.2e-24   81.6   0.1    20   185     2   175     1   177 0.95 -
d1bo4a_d.108.1.1     -            137 d2jdca1d.108.1.1.aln -            227   7.9e-24   80.2   0.0   1   1   4.8e-25   8.7e-24   80.1   0.0    25   161     3   137     1   137 0.99 -
d1ghea_d.108.1.1     -            170 d2jdca1d.108.1.1.aln -            227     1e-23   79.9   0.0   1   1   6.3e-25   1.1e-23   79.8   0.0    19   186     2   170     1   170 0.97 -
d2g3aa1d.108.1.1     -            137 d2jdca1d.108.1.1.aln -            227   1.7e-23   79.2   0.0   1   1     1e-24   1.8e-23   79.1   0.0    39   183     4   136     1   137 0.95 -
d2fiwa1d.108.1.1     -            156 d2jdca1d.108.1.1.aln -            227   3.4e-23   78.2   0.0   1   1   2.1e-24   3.7e-23   78.1   0.0    29   185     3   155     1   156 0.96 -
d1xeba_d.108.1.1     -            149 d2jdca1d.108.1.1.aln -            227   9.6e-22   73.4   0.3   1   1   6.2e-23   1.1e-21   73.2   0.3    27   179     3   146     1   148 0.96 -
d1n71a_d.108.1.1     -            180 d2jdca1d.108.1.1.aln -            227   2.8e-20   68.6   0.0   1   1   1.7e-21   3.1e-20   68.5   0.0    19   183     1   178     1   180 0.97 -
d1q2ya_d.108.1.1     -            140 d2jdca1d.108.1.1.aln -            227   7.6e-20   67.2   0.2   1   1   4.5e-21   8.2e-20   67.1   0.2    35   182     6   139     1   140 0.97 -
d1y7ra1d.108.1.1     -            133 d2jdca1d.108.1.1.aln -            227   1.2e-19   66.5   0.0   1   1   7.3e-21   1.3e-19   66.4   0.0    32   175     3   132     1   133 0.94 -
d2aj6a1d.108.1.1     -            118 d2jdca1d.108.1.1.aln -            227   1.4e-19   66.3   0.0   1   1   8.6e-21   1.5e-19   66.2   0.0    21   143     1   116     1   118 0.96 -
d1m4ia_d.108.1.1     -            181 d2jdca1d.108.1.1.aln -            227   8.1e-17   57.3   0.0   1   1     5e-18     9e-17   57.2   0.0    19   188     1   181     1   181 0.98 -
d2fsra1d.108.1.1     -            164 d2jdca1d.108.1.1.aln -            227   9.9e-15   50.5   0.0   1   1   5.9e-16   1.1e-14   50.4   0.0    23   181     3   162     1   164 0.96 -
d2jdca1d.108.1.1     -            145 d2jdca1d.108.1.1.aln -            227   2.9e-10   35.9   0.1   1   1   1.8e-11   3.3e-10   35.7   0.1    96   168    59   128    11   141 0.87 -
d1xmta_d.108.1.1     -             95 d2jdca1d.108.1.1.aln -            227   1.2e-08   30.6   0.0   1   1   1.1e-09     2e-08   29.8   0.0    97   148    24    75     3    93 0.85 -
d1r57a_d.108.1.1     -            102 d2jdca1d.108.1.1.aln -            227   1.3e-08   30.5   0.2   1   1   3.7e-09   6.6e-08   28.2   0.2    37   141     3   101     1   101 0.77 -
d2d4pa1d.108.1.1     -            130 d2jdca1d.108.1.1.aln -            227   2.7e-07   26.2   0.1   1   1   1.6e-08   2.9e-07   26.1   0.1    36   164     3   117     1   129 0.93 -
#
# Program:         hmmsearch
# Version:         3.3.2 (Nov 2020)
# Pipeline mode:   SEARCH
# Query file:      /home/elise/Documents/M1-BIM/S2/TMEs/SBAS/tme08/models/scop30/d2jdca1d.108.1.1.aln.hmm
# Target file:     /home/elise/Documents/M1-BIM/S2/TMEs/SBAS/tme08/scop/scop/scopTestSeq.fasta
# Option settings: hmmsearch --domtblout /home/elise/Documents/M1-BIM/S2/TMEs/SBAS/tme08/searchResults/scop30/d2jdca1d.108.1.1.aln.out -E 1 /home/elise/Documents/M1-BIM/S2/TMEs/SBAS/tme08/models/scop30/d2jdca1d.108.1.1.aln.hmm /home/elise/Documents/M1-BIM/S2/TMEs/SBAS/tme08/scop/scop/scopTestSeq.fasta 
# Current dir:     /home/elise/Documents/M1-BIM/S2/TMEs/SBAS/tme08
# Date:            Thu Apr 10 10:02:39 2025
# [ok]
