#                                                                            --- full sequence --- -------------- this domain -------------   hmm coord   ali coord   env coord
# target name        accession   tlen query name           accession   qlen   E-value  score  bias   #  of  c-Evalue  i-Evalue  score  bias  from    to  from    to  from    to  acc description of target
#------------------- ---------- ----- -------------------- ---------- ----- --------- ------ ----- --- --- --------- --------- ------ ----- ----- ----- ----- ----- ----- ----- ---- ---------------------
d1qora2c.2.1.1       -            179 d2jhfa2c.2.1.1.aln   -            180   2.7e-62  205.1   0.3   1   1   5.3e-64     3e-62  205.0   0.3     2   180     2   179     1   179 0.99 -
d2dm6a2c.2.1.1       -            182 d2jhfa2c.2.1.1.aln   -            180   1.1e-60  199.9   0.1   1   1   2.1e-62   1.2e-60  199.8   0.1     4   179     5   179     2   180 0.98 -
d1yb5a2c.2.1.1       -            174 d2jhfa2c.2.1.1.aln   -            180   5.5e-59  194.3   2.2   1   1   1.1e-60   6.1e-59  194.2   2.2     2   180     2   174     1   174 0.99 -
d1vj0a2c.2.1.1       -            182 d2jhfa2c.2.1.1.aln   -            180   2.4e-58  192.2   0.0   1   1   4.7e-60   2.6e-58  192.1   0.0     2   179     2   181     1   182 0.98 -
d1pqwa_c.2.1.1       -            183 d2jhfa2c.2.1.1.aln   -            180   2.9e-58  192.0   0.5   1   1   5.6e-60   3.2e-58  191.9   0.5     4   180     1   176     1   176 0.99 -
d1jqba2c.2.1.1       -            174 d2jhfa2c.2.1.1.aln   -            180     1e-55  183.7   2.9   1   1     2e-57   1.1e-55  183.5   2.9     3   175     2   173     1   174 0.99 -
d1gu7a2c.2.1.1       -            189 d2jhfa2c.2.1.1.aln   -            180   1.5e-54  179.9   0.0   1   1   2.9e-56   1.6e-54  179.8   0.0     2   180     2   189     1   189 0.96 -
d1kola2c.2.1.1       -            195 d2jhfa2c.2.1.1.aln   -            180   8.5e-51  167.7   0.6   1   1   1.7e-52   9.4e-51  167.5   0.6     6   179     3   190     1   191 0.99 -
d1pl8a2c.2.1.1       -            171 d2jhfa2c.2.1.1.aln   -            180   1.3e-50  167.1   3.5   1   1   2.5e-52   1.4e-50  167.0   3.5     4   170     2   170     1   171 0.98 -
d1o89a2c.2.1.1       -            177 d2jhfa2c.2.1.1.aln   -            180   1.4e-49  163.7   0.2   1   1   2.7e-51   1.5e-49  163.6   0.2     2   179     5   174     4   175 0.98 -
d1h2ba2c.2.1.1       -            172 d2jhfa2c.2.1.1.aln   -            180   3.4e-49  162.4   1.6   1   1   6.7e-51   3.8e-49  162.3   1.6     2   169     5   171     4   172 0.98 -
d1piwa2c.2.1.1       -            168 d2jhfa2c.2.1.1.aln   -            180   6.5e-48  158.3   0.0   1   1   1.3e-49   7.1e-48  158.1   0.0     2   170     2   166     1   168 0.98 -
d2jhfa2c.2.1.1       -            176 d2jhfa2c.2.1.1.aln   -            180   1.7e-15   52.7   0.7   1   1   3.3e-17   1.9e-15   52.5   0.7     9   108     9   108     3   166 0.85 -
d1luaa1c.2.1.7       -            191 d2jhfa2c.2.1.1.aln   -            180     0.081    8.1   7.8   1   1     0.003      0.17    7.0   7.8    20    70    14    64     4    68 0.81 -
#
# Program:         hmmsearch
# Version:         3.3.2 (Nov 2020)
# Pipeline mode:   SEARCH
# Query file:      /home/elise/Documents/M1-BIM/S2/TMEs/SBAS/tme08/models/scop30/d2jhfa2c.2.1.1.aln.hmm
# Target file:     /home/elise/Documents/M1-BIM/S2/TMEs/SBAS/tme08/scop/scop/scopTestSeq.fasta
# Option settings: hmmsearch --domtblout /home/elise/Documents/M1-BIM/S2/TMEs/SBAS/tme08/searchResults/scop30/d2jhfa2c.2.1.1.aln.out -E 1 /home/elise/Documents/M1-BIM/S2/TMEs/SBAS/tme08/models/scop30/d2jhfa2c.2.1.1.aln.hmm /home/elise/Documents/M1-BIM/S2/TMEs/SBAS/tme08/scop/scop/scopTestSeq.fasta 
# Current dir:     /home/elise/Documents/M1-BIM/S2/TMEs/SBAS/tme08
# Date:            Thu Apr 10 10:02:40 2025
# [ok]
