#                                                                            --- full sequence --- -------------- this domain -------------   hmm coord   ali coord   env coord
# target name        accession   tlen query name           accession   qlen   E-value  score  bias   #  of  c-Evalue  i-Evalue  score  bias  from    to  from    to  from    to  acc description of target
#------------------- ---------- ----- -------------------- ---------- ----- --------- ------ ----- --- --- --------- --------- ------ ----- ----- ----- ----- ----- ----- ----- ---- ---------------------
d3s26a_b.60.1.1      -            176 d2joza1b.60.1.1.aln  -            168   1.5e-53  176.8   0.0   1   1   2.7e-55   1.6e-53  176.7   0.0     2   167     5   175     4   176 0.98 -
d3kffa_b.60.1.1      -            152 d2joza1b.60.1.1.aln  -            168   8.7e-52  171.0   0.3   1   1   1.6e-53   9.6e-52  170.9   0.3    15   167     2   151     1   152 0.99 -
d1kxoa_b.60.1.1      -            171 d2joza1b.60.1.1.aln  -            168   1.8e-51  170.0   0.4   1   1   3.3e-53     2e-51  169.9   0.4     1   166     4   170     4   171 0.98 -
d1kt7a_b.60.1.1      -            175 d2joza1b.60.1.1.aln  -            168   2.8e-51  169.4   0.1   1   1   5.1e-53   3.1e-51  169.2   0.1     2   165     3   175     2   175 0.99 -
d1i4ua_b.60.1.1      -            181 d2joza1b.60.1.1.aln  -            168   1.8e-49  163.5   0.4   1   1   3.3e-51     2e-49  163.4   0.4     2   167    14   176    13   177 0.99 -
d3saoa_b.60.1.1      -            155 d2joza1b.60.1.1.aln  -            168   3.2e-49  162.7   0.3   1   1   5.8e-51   3.5e-49  162.6   0.3    17   167     1   149     1   150 0.99 -
d1lf7a_b.60.1.1      -            171 d2joza1b.60.1.1.aln  -            168   1.6e-48  160.4   0.0   1   1     3e-50   1.8e-48  160.2   0.0     3   167     2   162     1   163 0.98 -
d1epba_b.60.1.1      -            160 d2joza1b.60.1.1.aln  -            168   1.9e-48  160.2   0.1   1   1   3.4e-50   2.1e-48  160.1   0.1    11   166     1   154     1   156 0.99 -
d1qwda_b.60.1.1      -            167 d2joza1b.60.1.1.aln  -            168   4.8e-45  149.1   0.0   1   1     9e-47   5.4e-45  148.9   0.0     2   161    13   166    12   167 0.98 -
d1qfta_b.60.1.1      -            175 d2joza1b.60.1.1.aln  -            168   9.1e-44  145.0   8.5   1   1   1.6e-45     1e-43  144.8   8.5     1   167     2   174     2   175 0.99 -
d1x8qa_b.60.1.1      -            184 d2joza1b.60.1.1.aln  -            168   5.8e-43  142.3   6.7   1   1   1.1e-44   6.5e-43  142.2   6.7     1   168     1   175     1   175 0.99 -
d1dzka_b.60.1.1      -            148 d2joza1b.60.1.1.aln  -            168   1.1e-41  138.1   0.1   1   1   2.1e-43   1.3e-41  138.0   0.1    18   166     2   148     1   148 0.99 -
d1xkia_b.60.1.1      -            139 d2joza1b.60.1.1.aln  -            168   8.7e-37  122.2   0.0   1   1   1.6e-38   9.5e-37  122.1   0.0    19   160     2   138     1   139 0.99 -
#
# Program:         hmmsearch
# Version:         3.3.2 (Nov 2020)
# Pipeline mode:   SEARCH
# Query file:      /home/elise/Documents/M1-BIM/S2/TMEs/SBAS/tme08/models/scop30/d2joza1b.60.1.1.aln.hmm
# Target file:     /home/elise/Documents/M1-BIM/S2/TMEs/SBAS/tme08/scop/scop/scopTestSeq.fasta
# Option settings: hmmsearch --domtblout /home/elise/Documents/M1-BIM/S2/TMEs/SBAS/tme08/searchResults/scop30/d2joza1b.60.1.1.aln.out -E 1 /home/elise/Documents/M1-BIM/S2/TMEs/SBAS/tme08/models/scop30/d2joza1b.60.1.1.aln.hmm /home/elise/Documents/M1-BIM/S2/TMEs/SBAS/tme08/scop/scop/scopTestSeq.fasta 
# Current dir:     /home/elise/Documents/M1-BIM/S2/TMEs/SBAS/tme08
# Date:            Thu Apr 10 10:02:40 2025
# [ok]
