#                                                                            --- full sequence --- -------------- this domain -------------   hmm coord   ali coord   env coord
# target name        accession   tlen query name           accession   qlen   E-value  score  bias   #  of  c-Evalue  i-Evalue  score  bias  from    to  from    to  from    to  acc description of target
#------------------- ---------- ----- -------------------- ---------- ----- --------- ------ ----- --- --- --------- --------- ------ ----- ----- ----- ----- ----- ----- ----- ---- ---------------------
d2il5a1d.129.3.5     -            164 d2l65a1d.129.3.5.aln -            153   8.2e-55  180.6   3.5   1   1   1.2e-56   9.1e-55  180.4   3.5     1   153     3   164     3   164 0.99 -
d1xfsa_d.129.3.5     -            165 d2l65a1d.129.3.5.aln -            153   5.8e-54  177.8   0.0   1   1   8.1e-56   6.4e-54  177.7   0.0     2   152     2   164     1   165 0.98 -
d1xuva_d.129.3.5     -            163 d2l65a1d.129.3.5.aln -            153   6.1e-53  174.5   0.1   1   1   8.6e-55   6.8e-53  174.3   0.1     2   152     9   160     8   161 0.99 -
d3elia1d.129.3.5     -            143 d2l65a1d.129.3.5.aln -            153   6.2e-48  158.2   0.1   1   1   8.7e-50   6.8e-48  158.1   0.1     6   148     2   143     1   143 0.98 -
d1z94a1d.129.3.5     -            143 d2l65a1d.129.3.5.aln -            153   5.1e-47  155.2   0.0   1   1   7.1e-49   5.6e-47  155.1   0.0     5   149     2   142     1   143 0.98 -
d1xn5a_d.129.3.5     -            138 d2l65a1d.129.3.5.aln -            153   2.2e-45  149.9   1.7   1   1   3.1e-47   2.4e-45  149.8   1.7     2   148     2   137     1   138 0.98 -
d2nn5a1d.129.3.5     -            160 d2l65a1d.129.3.5.aln -            153   9.7e-45  147.9   0.4   1   1   1.4e-46   1.1e-44  147.7   0.4     1   152     8   148     8   149 0.99 -
d2k5ga1d.129.3.5     -            183 d2l65a1d.129.3.5.aln -            153   4.6e-43  142.4   0.0   1   1   6.7e-45   5.3e-43  142.2   0.0     3   152    17   165    15   166 0.97 -
d1x53a1d.129.3.5     -            132 d2l65a1d.129.3.5.aln -            153   2.8e-41  136.6   0.4   1   1   3.9e-43   3.1e-41  136.5   0.4     3   151     2   131     1   132 0.98 -
d2l65a1d.129.3.5     -            155 d2l65a1d.129.3.5.aln -            153   7.7e-06   21.5   0.5   1   1   1.3e-07     1e-05   21.1   0.5    32   150    29   151    19   154 0.73 -
#
# Program:         hmmsearch
# Version:         3.3.2 (Nov 2020)
# Pipeline mode:   SEARCH
# Query file:      /home/elise/Documents/M1-BIM/S2/TMEs/SBAS/tme08/models/scop30/d2l65a1d.129.3.5.aln.hmm
# Target file:     /home/elise/Documents/M1-BIM/S2/TMEs/SBAS/tme08/scop/scop/scopTestSeq.fasta
# Option settings: hmmsearch --domtblout /home/elise/Documents/M1-BIM/S2/TMEs/SBAS/tme08/searchResults/scop30/d2l65a1d.129.3.5.aln.out -E 1 /home/elise/Documents/M1-BIM/S2/TMEs/SBAS/tme08/models/scop30/d2l65a1d.129.3.5.aln.hmm /home/elise/Documents/M1-BIM/S2/TMEs/SBAS/tme08/scop/scop/scopTestSeq.fasta 
# Current dir:     /home/elise/Documents/M1-BIM/S2/TMEs/SBAS/tme08
# Date:            Thu Apr 10 10:02:40 2025
# [ok]
