#                                                                            --- full sequence --- -------------- this domain -------------   hmm coord   ali coord   env coord
# target name        accession   tlen query name           accession   qlen   E-value  score  bias   #  of  c-Evalue  i-Evalue  score  bias  from    to  from    to  from    to  acc description of target
#------------------- ---------- ----- -------------------- ---------- ----- --------- ------ ----- --- --- --------- --------- ------ ----- ----- ----- ----- ----- ----- ----- ---- ---------------------
d1wuea2d.54.1.1      -            126 d2mnra2d.54.1.1.aln  -            126   4.5e-49  161.3   0.0   1   1   6.8e-51   4.9e-49  161.1   0.0     1   125     1   125     1   126 0.99 -
d1sjda2d.54.1.1      -            125 d2mnra2d.54.1.1.aln  -            126   3.2e-44  145.6   0.1   1   1   4.9e-46   3.6e-44  145.4   0.1     1   126     1   125     1   125 0.99 -
d1r0ma2d.54.1.1      -            127 d2mnra2d.54.1.1.aln  -            126   1.7e-42  140.0   0.0   1   1   2.6e-44   1.9e-42  139.9   0.0     1   126     3   127     3   127 0.99 -
d1jpdx2d.54.1.1      -            116 d2mnra2d.54.1.1.aln  -            126   3.8e-38  126.0   0.1   1   1   5.8e-40   4.2e-38  125.8   0.1     1   125     2   115     2   116 0.99 -
d2gdqa2d.54.1.1      -            115 d2mnra2d.54.1.1.aln  -            126   4.4e-38  125.7   0.0   1   1   6.9e-40     5e-38  125.6   0.0     1   126     1   115     1   115 0.99 -
d2gl5a2d.54.1.1      -            122 d2mnra2d.54.1.1.aln  -            126   5.3e-36  119.0   0.0   1   1   8.1e-38   5.8e-36  118.9   0.0     1   126     1   122     1   122 0.99 -
d1yeya2d.54.1.1      -            139 d2mnra2d.54.1.1.aln  -            126   6.7e-36  118.7   0.1   1   1     1e-37   7.4e-36  118.5   0.1     2   126     2   137     1   137 0.99 -
d2akza2d.54.1.1      -            139 d2mnra2d.54.1.1.aln  -            126   1.7e-33  110.9   0.0   1   1   2.6e-35   1.9e-33  110.8   0.0     2   126     4   135     3   135 0.99 -
d1kkoa2d.54.1.1      -            160 d2mnra2d.54.1.1.aln  -            126   2.3e-33  110.5   0.0   1   1   3.8e-35   2.7e-33  110.3   0.0     1   126     3   156     3   156 0.99 -
d1r6wa2d.54.1.1      -            101 d2mnra2d.54.1.1.aln  -            126   2.6e-29   97.4   0.0   1   1   3.9e-31   2.8e-29   97.3   0.0     1   114     1    99     1   101 0.98 -
d2mnra2d.54.1.1      -            130 d2mnra2d.54.1.1.aln  -            126   6.4e-10   34.7   0.1   1   1   1.1e-11   7.9e-10   34.4   0.1     3   125     4   126     2   127 0.87 -
#
# Program:         hmmsearch
# Version:         3.3.2 (Nov 2020)
# Pipeline mode:   SEARCH
# Query file:      /home/elise/Documents/M1-BIM/S2/TMEs/SBAS/tme08/models/scop30/d2mnra2d.54.1.1.aln.hmm
# Target file:     /home/elise/Documents/M1-BIM/S2/TMEs/SBAS/tme08/scop/scop/scopTestSeq.fasta
# Option settings: hmmsearch --domtblout /home/elise/Documents/M1-BIM/S2/TMEs/SBAS/tme08/searchResults/scop30/d2mnra2d.54.1.1.aln.out -E 1 /home/elise/Documents/M1-BIM/S2/TMEs/SBAS/tme08/models/scop30/d2mnra2d.54.1.1.aln.hmm /home/elise/Documents/M1-BIM/S2/TMEs/SBAS/tme08/scop/scop/scopTestSeq.fasta 
# Current dir:     /home/elise/Documents/M1-BIM/S2/TMEs/SBAS/tme08
# Date:            Thu Apr 10 10:02:40 2025
# [ok]
