#                                                                            --- full sequence --- -------------- this domain -------------   hmm coord   ali coord   env coord
# target name        accession   tlen query name           accession   qlen   E-value  score  bias   #  of  c-Evalue  i-Evalue  score  bias  from    to  from    to  from    to  acc description of target
#------------------- ---------- ----- -------------------- ---------- ----- --------- ------ ----- --- --- --------- --------- ------ ----- ----- ----- ----- ----- ----- ----- ---- ---------------------
d1jeta_c.94.1.1      -            517 d2nooa_c.94.1.1.aln  -            315   5.2e-62  205.2   9.3   1   1   2.4e-63   6.4e-62  204.9   9.3     1   314    70   473    70   474 1.00 -
d1uqwa_c.94.1.1      -            487 d2nooa_c.94.1.1.aln  -            315   9.8e-59  194.5   9.9   1   1   4.9e-60   1.3e-58  194.1   9.9     2   315    62   447    61   447 1.00 -
d3vlva_c.94.1.1      -            490 d2nooa_c.94.1.1.aln  -            315     2e-56  187.0   4.2   1   1     1e-57   2.6e-56  186.5   4.2     2   315    31   448    30   448 0.99 -
d1ursa_c.94.1.1      -            367 d2nooa_c.94.1.1.aln  -            315   2.6e-56  186.6   6.9   1   1   1.1e-57   2.9e-56  186.4   6.9     1   305    18   366    18   367 0.99 -
d1vr5a1c.94.1.1      -            535 d2nooa_c.94.1.1.aln  -            315   2.1e-55  183.5   3.6   1   1   1.1e-56   2.8e-55  183.1   3.6     1   315    63   479    63   479 0.99 -
d1q35a_c.94.1.1      -            318 d2nooa_c.94.1.1.aln  -            315   1.8e-52  174.0   2.6   1   1   7.7e-54     2e-52  173.8   2.6    13   314     2   311     1   312 0.99 -
d1eu8a_c.94.1.1      -            407 d2nooa_c.94.1.1.aln  -            315   4.2e-52  172.8   5.6   1   1   1.8e-53   4.7e-52  172.6   5.6    12   310     4   407     1   407 0.99 -
d1pb7a_c.94.1.1      -            289 d2nooa_c.94.1.1.aln  -            315   8.9e-52  171.7   0.0   1   1   3.8e-53   9.9e-52  171.5   0.0    13   302     1   288     1   289 0.99 -
d1r9la_c.94.1.1      -            309 d2nooa_c.94.1.1.aln  -            315   2.7e-51  170.1   9.2   1   1   1.1e-52     3e-51  170.0   9.2    12   311     3   309     1   309 0.99 -
d1xoca1c.94.1.1      -            504 d2nooa_c.94.1.1.aln  -            315   8.1e-51  168.5  13.9   1   1   3.6e-52   9.5e-51  168.3  13.9     2   314    65   461    64   462 0.99 -
d3thia_c.94.1.1      -            362 d2nooa_c.94.1.1.aln  -            315   1.2e-49  164.7   0.4   1   1   5.1e-51   1.3e-49  164.5   0.4    12   311     2   361     1   362 0.99 -
d1nnfa_c.94.1.1      -            308 d2nooa_c.94.1.1.aln  -            315   2.2e-48  160.6  13.1   1   1   9.3e-50   2.4e-48  160.4  13.1    16   314     4   307     1   308 0.98 -
d1sbpa_c.94.1.1      -            309 d2nooa_c.94.1.1.aln  -            315     7e-48  158.9   8.8   1   1     3e-49   7.8e-48  158.8   8.8     1   302     1   309     1   309 0.99 -
d1ixha_c.94.1.1      -            321 d2nooa_c.94.1.1.aln  -            315   8.6e-48  158.6  10.5   1   1   3.7e-49   9.6e-48  158.5  10.5     5   314     2   311     1   312 0.99 -
d1us5a_c.94.1.1      -            298 d2nooa_c.94.1.1.aln  -            315   1.4e-43  144.8   1.0   1   1   5.8e-45   1.5e-43  144.7   1.0     2   306     2   297     1   298 0.99 -
d2nxoa1c.94.1.1      -            277 d2nooa_c.94.1.1.aln  -            315     3e-41  137.2   0.0   1   1   1.3e-42   3.4e-41  137.0   0.0    12   286     2   274     1   277 0.98 -
d2czla1c.94.1.1      -            270 d2nooa_c.94.1.1.aln  -            315   7.3e-41  135.9   0.0   1   1     3e-42     8e-41  135.8   0.0    13   286     2   266     1   270 0.97 -
d1sw5a_c.94.1.1      -            270 d2nooa_c.94.1.1.aln  -            315   1.4e-36  121.9   4.3   1   1   5.9e-38   1.6e-36  121.7   4.3    14   293     2   268     1   270 0.99 -
d1twya_c.94.1.1      -            249 d2nooa_c.94.1.1.aln  -            315   1.4e-35  118.6   0.2   1   1   5.8e-37   1.5e-35  118.5   0.2    15   288     2   248     1   249 0.98 -
d1al3a_c.94.1.1      -            237 d2nooa_c.94.1.1.aln  -            315   5.1e-34  113.5   0.0   1   1   2.1e-35   5.6e-34  113.3   0.0     8   263     1   235     1   237 0.98 -
d1xt8a1c.94.1.1      -            248 d2nooa_c.94.1.1.aln  -            315   2.4e-33  111.3   4.3   1   1   1.1e-34   2.9e-33  111.0   4.3    14   266     4   244     1   247 0.98 -
d2i6ea1c.94.1.1      -            272 d2nooa_c.94.1.1.aln  -            315     9e-31  102.9   0.0   1   1   3.8e-32   9.9e-31  102.7   0.0    13   278     2   269     1   272 0.96 -
d1atga_c.94.1.1      -            231 d2nooa_c.94.1.1.aln  -            315     1e-30  102.7   2.8   1   1   4.5e-32   1.2e-30  102.5   2.8    16   253     2   228     1   230 0.98 -
d2ozza1c.94.1.1      -            228 d2nooa_c.94.1.1.aln  -            315   1.4e-28   95.6   0.0   1   1   6.2e-30   1.6e-28   95.5   0.0    19   264     7   226     1   227 0.97 -
d1ii5a_c.94.1.1      -            226 d2nooa_c.94.1.1.aln  -            315   1.5e-25   85.8   0.2   1   1   6.1e-27   1.6e-25   85.6   0.2    10   262     1   225     1   226 0.98 -
d1i6aa_c.94.1.1      -            212 d2nooa_c.94.1.1.aln  -            315   3.5e-24   81.2   0.0   1   1   1.5e-25   3.9e-24   81.1   0.0     9   253     1   211     1   212 0.98 -
d2esna2c.94.1.1      -            212 d2nooa_c.94.1.1.aln  -            315   2.5e-23   78.5   0.0   1   1     1e-24   2.7e-23   78.4   0.0    16   257     1   209     1   212 0.98 -
d1ixca2c.94.1.1      -            205 d2nooa_c.94.1.1.aln  -            315   1.9e-20   69.0   0.0   1   1   7.9e-22   2.1e-20   68.9   0.0    14   257     3   203     1   205 0.95 -
d2qmwa1c.94.1.1      -            184 d2nooa_c.94.1.1.aln  -            315   1.7e-16   56.0   0.5   1   1     1e-17   2.6e-16   55.5   0.5    14   244     4   183     1   184 0.96 -
d1ve4a1c.94.1.1      -            206 d2nooa_c.94.1.1.aln  -            315   7.6e-12   40.8   0.0   1   1   3.2e-13   8.5e-12   40.7   0.0    20   269     4   204     1   206 0.97 -
#
# Program:         hmmsearch
# Version:         3.3.2 (Nov 2020)
# Pipeline mode:   SEARCH
# Query file:      /home/elise/Documents/M1-BIM/S2/TMEs/SBAS/tme08/models/scop30/d2nooa_c.94.1.1.aln.hmm
# Target file:     /home/elise/Documents/M1-BIM/S2/TMEs/SBAS/tme08/scop/scop/scopTestSeq.fasta
# Option settings: hmmsearch --domtblout /home/elise/Documents/M1-BIM/S2/TMEs/SBAS/tme08/searchResults/scop30/d2nooa_c.94.1.1.aln.out -E 1 /home/elise/Documents/M1-BIM/S2/TMEs/SBAS/tme08/models/scop30/d2nooa_c.94.1.1.aln.hmm /home/elise/Documents/M1-BIM/S2/TMEs/SBAS/tme08/scop/scop/scopTestSeq.fasta 
# Current dir:     /home/elise/Documents/M1-BIM/S2/TMEs/SBAS/tme08
# Date:            Thu Apr 10 10:02:40 2025
# [ok]
