#                                                                            --- full sequence --- -------------- this domain -------------   hmm coord   ali coord   env coord
# target name        accession   tlen query name           accession   qlen   E-value  score  bias   #  of  c-Evalue  i-Evalue  score  bias  from    to  from    to  from    to  acc description of target
#------------------- ---------- ----- -------------------- ---------- ----- --------- ------ ----- --- --- --------- --------- ------ ----- ----- ----- ----- ----- ----- ----- ---- ---------------------
d1ceoa_c.1.8.3       -            340 d2nt0a2c.1.8.3.aln   -            349     2e-80  266.1   1.8   1   1   6.3e-82   2.2e-80  266.0   1.8     7   348     2   338     1   339 0.99 -
d1vjza_c.1.8.3       -            325 d2nt0a2c.1.8.3.aln   -            349   5.9e-79  261.3   0.4   1   1   1.8e-80   6.5e-79  261.2   0.4    14   346     2   320     1   323 0.99 -
d1ecea_c.1.8.3       -            358 d2nt0a2c.1.8.3.aln   -            349   6.6e-78  257.8  16.6   1   1   2.1e-79   7.4e-78  257.7  16.6     2   348     9   357     8   358 0.99 -
d1qw9a2c.1.8.3       -            367 d2nt0a2c.1.8.3.aln   -            349   1.7e-77  256.5   1.8   1   1   5.4e-79   1.9e-77  256.3   1.8     2   348     3   365     2   366 0.99 -
d1rh9a1c.1.8.3       -            370 d2nt0a2c.1.8.3.aln   -            349   2.3e-77  256.1   9.4   1   1   7.2e-79   2.6e-77  255.9   9.4     1   348     6   365     6   366 0.99 -
d3n9ka_c.1.8.3       -            394 d2nt0a2c.1.8.3.aln   -            349   2.5e-76  252.7  23.6   1   1     8e-78   2.9e-76  252.5  23.6     1   349    33   394    33   394 0.99 -
d1edga_c.1.8.3       -            380 d2nt0a2c.1.8.3.aln   -            349   4.7e-76  251.8  17.0   1   1   1.5e-77   5.3e-76  251.6  17.0     2   349    26   379    25   379 0.99 -
d1uuqa_c.1.8.3       -            410 d2nt0a2c.1.8.3.aln   -            349   1.3e-72  240.5  17.9   1   1   4.1e-74   1.5e-72  240.3  17.9     2   346     7   395     6   398 0.99 -
d1qnra_c.1.8.3       -            344 d2nt0a2c.1.8.3.aln   -            349   1.5e-72  240.3  24.4   1   1   4.5e-74   1.6e-72  240.1  24.4     4   347     3   342     1   344 0.99 -
d2je8a5c.1.8.3       -            348 d2nt0a2c.1.8.3.aln   -            349   2.3e-71  236.3   6.0   1   1   7.1e-73   2.5e-71  236.2   6.0     7   348     3   348     1   348 0.99 -
d1hjua_c.1.8.3       -            332 d2nt0a2c.1.8.3.aln   -            349     1e-70  234.2  16.5   1   1   3.1e-72   1.1e-70  234.1  16.5     9   349     3   332     1   332 0.98 -
d1ur4a_c.1.8.3       -            387 d2nt0a2c.1.8.3.aln   -            349   1.9e-70  233.3  12.1   1   1   6.5e-72   2.3e-70  233.0  12.1     1   349     6   381     6   381 0.99 -
d2vzsa5c.1.8.3       -            339 d2nt0a2c.1.8.3.aln   -            349   5.3e-66  218.7   2.1   1   1   1.6e-67   5.9e-66  218.6   2.1     2   346     2   338     1   339 0.99 -
d1h1na_c.1.8.3       -            305 d2nt0a2c.1.8.3.aln   -            349   8.8e-65  214.7  15.1   1   1   2.7e-66   9.7e-65  214.6  15.1     4   344     2   304     1   305 0.99 -
d1odza_c.1.8.3       -            381 d2nt0a2c.1.8.3.aln   -            349   1.7e-64  213.8  11.3   1   1   5.2e-66   1.9e-64  213.6  11.3     3   349     4   377     2   377 0.99 -
d1w91a2c.1.8.3       -            347 d2nt0a2c.1.8.3.aln   -            349   1.6e-63  210.6   0.0   1   1   4.9e-65   1.8e-63  210.4   0.0     2   348    11   341    10   342 0.99 -
d1bqca_c.1.8.3       -            302 d2nt0a2c.1.8.3.aln   -            349   2.8e-61  203.2   9.8   1   1   8.7e-63   3.1e-61  203.0   9.8     5   348     2   301     1   302 0.99 -
d1jz8a5c.1.8.3       -            292 d2nt0a2c.1.8.3.aln   -            349   3.3e-60  199.6   0.6   1   1     1e-61   3.7e-60  199.5   0.6     8   316     3   292     1   292 0.99 -
d7a3ha_c.1.8.3       -            300 d2nt0a2c.1.8.3.aln   -            349   3.2e-53  176.7  12.7   1   1   9.8e-55   3.5e-53  176.5  12.7     2   340     5   299     4   300 0.98 -
d1i1wa_c.1.8.3       -            303 d2nt0a2c.1.8.3.aln   -            349   6.5e-50  165.8   6.2   1   1     2e-51   7.3e-50  165.6   6.2     7   347     3   302     1   303 0.98 -
d2v3ga_c.1.8.3       -            273 d2nt0a2c.1.8.3.aln   -            349   1.1e-48  161.8  23.0   1   1   3.3e-50   1.2e-48  161.6  23.0    11   315     2   272     1   273 0.98 -
d1nofa2c.1.8.3       -            277 d2nt0a2c.1.8.3.aln   -            349   1.3e-43  145.0   4.7   1   1   4.2e-45   1.5e-43  144.9   4.7    10   349     1   277     1   277 0.99 -
#
# Program:         hmmsearch
# Version:         3.3.2 (Nov 2020)
# Pipeline mode:   SEARCH
# Query file:      /home/elise/Documents/M1-BIM/S2/TMEs/SBAS/tme08/models/scop30/d2nt0a2c.1.8.3.aln.hmm
# Target file:     /home/elise/Documents/M1-BIM/S2/TMEs/SBAS/tme08/scop/scop/scopTestSeq.fasta
# Option settings: hmmsearch --domtblout /home/elise/Documents/M1-BIM/S2/TMEs/SBAS/tme08/searchResults/scop30/d2nt0a2c.1.8.3.aln.out -E 1 /home/elise/Documents/M1-BIM/S2/TMEs/SBAS/tme08/models/scop30/d2nt0a2c.1.8.3.aln.hmm /home/elise/Documents/M1-BIM/S2/TMEs/SBAS/tme08/scop/scop/scopTestSeq.fasta 
# Current dir:     /home/elise/Documents/M1-BIM/S2/TMEs/SBAS/tme08
# Date:            Thu Apr 10 10:02:40 2025
# [ok]
