#                                                                            --- full sequence --- -------------- this domain -------------   hmm coord   ali coord   env coord
# target name        accession   tlen query name           accession   qlen   E-value  score  bias   #  of  c-Evalue  i-Evalue  score  bias  from    to  from    to  from    to  acc description of target
#------------------- ---------- ----- -------------------- ---------- ----- --------- ------ ----- --- --- --------- --------- ------ ----- ----- ----- ----- ----- ----- ----- ---- ---------------------
d2gfna2a.121.1.1     -            119 d2oi8a2a.121.1.1.aln -            120   9.4e-23   76.1   7.1   1   1   3.7e-24     1e-22   76.0   7.1     2   118     2   118     1   119 0.98 -
d1rkta2a.121.1.1     -            123 d2oi8a2a.121.1.1.aln -            120   1.2e-22   75.8   0.0   1   1   4.8e-24   1.3e-22   75.6   0.0     2   119     2   119     1   120 0.98 -
d2hyja2a.121.1.1     -            118 d2oi8a2a.121.1.1.aln -            120   1.6e-22   75.4   5.3   1   1   6.2e-24   1.7e-22   75.3   5.3     3   115     5   117     3   118 0.97 -
d1ui5a2a.121.1.1     -            133 d2oi8a2a.121.1.1.aln -            120   3.6e-21   71.0   0.2   1   1   1.5e-22   4.2e-21   70.8   0.2     7   118     3   114     1   116 0.97 -
d2i10a2a.121.1.1     -            116 d2oi8a2a.121.1.1.aln -            120   3.7e-21   71.0   2.7   1   1   1.5e-22   4.1e-21   70.8   2.7     2   113     4   115     3   116 0.98 -
d2gena2a.121.1.1     -            118 d2oi8a2a.121.1.1.aln -            120   7.5e-21   70.0   5.6   1   1     3e-22   8.1e-21   69.9   5.6     3   120     3   118     1   118 0.98 -
d2id3a2a.121.1.1     -            123 d2oi8a2a.121.1.1.aln -            120   1.3e-20   69.2   6.3   1   1   5.4e-22   1.5e-20   69.1   6.3     2   118     4   120     3   122 0.98 -
d2g3ba2a.121.1.1     -            116 d2oi8a2a.121.1.1.aln -            120     2e-20   68.6   2.1   1   1   8.2e-22   2.2e-20   68.5   2.1     2   116     2   116     1   116 0.98 -
d2d6ya2a.121.1.1     -            118 d2oi8a2a.121.1.1.aln -            120   2.2e-20   68.5   0.8   1   1   8.8e-22   2.4e-20   68.4   0.8     3   119     1   117     1   118 0.98 -
d1t56a2a.121.1.1     -            120 d2oi8a2a.121.1.1.aln -            120   3.3e-20   67.9   1.6   1   1   1.4e-21   3.9e-20   67.7   1.6     1   114     3   116     3   119 0.98 -
d1z0xa2a.121.1.1     -            149 d2oi8a2a.121.1.1.aln -            120   6.4e-20   67.0   0.0   1   1   2.9e-21     8e-20   66.7   0.0     2   120     2   120     1   120 0.99 -
d1vi0a2a.121.1.1     -            117 d2oi8a2a.121.1.1.aln -            120   7.6e-20   66.7   0.0   1   1     3e-21   8.3e-20   66.6   0.0     5   119     2   116     1   117 0.98 -
d2id6a2a.121.1.1     -            125 d2oi8a2a.121.1.1.aln -            120   8.7e-20   66.6   0.0   1   1   3.5e-21   9.5e-20   66.4   0.0     3   119     4   120     2   121 0.98 -
d1t33a2a.121.1.1     -            132 d2oi8a2a.121.1.1.aln -            120   5.3e-19   64.0   0.1   1   1   2.2e-20   5.9e-19   63.9   0.1     2   118     6   124     5   126 0.98 -
d2fbqa2a.121.1.1     -            134 d2oi8a2a.121.1.1.aln -            120   8.5e-19   63.4   0.1   1   1   3.5e-20   9.5e-19   63.2   0.1     2   119     3   122     2   123 0.98 -
d2fx0a2a.121.1.1     -            122 d2oi8a2a.121.1.1.aln -            120   1.4e-18   62.7   0.0   1   1   5.4e-20   1.5e-18   62.6   0.0     2   118     3   119     2   121 0.96 -
d2iu5a2a.121.1.1     -            109 d2oi8a2a.121.1.1.aln -            120   1.7e-17   59.2   0.0   1   1   6.9e-19   1.9e-17   59.1   0.0     7   116     2   109     1   109 0.98 -
d3c07a2a.121.1.1     -            146 d2oi8a2a.121.1.1.aln -            120   4.6e-17   57.8   1.1   1   1   2.2e-18     6e-17   57.5   1.1     1   119     1   119     1   120 0.98 -
d2hkua2a.121.1.1     -            121 d2oi8a2a.121.1.1.aln -            120     5e-17   57.7   0.1   1   1     2e-18   5.4e-17   57.6   0.1     2   119     3   120     2   121 0.98 -
d2g7sa2a.121.1.1     -            116 d2oi8a2a.121.1.1.aln -            120   5.8e-17   57.5   1.9   1   1   2.3e-18   6.3e-17   57.4   1.9     3   114     5   115     3   116 0.96 -
d2g7ga2a.121.1.1     -            132 d2oi8a2a.121.1.1.aln -            120     1e-16   56.7   7.2   1   1   4.3e-18   1.2e-16   56.5   7.2     2   118     2   118     1   120 0.98 -
d2g7la2a.121.1.1     -            144 d2oi8a2a.121.1.1.aln -            120   3.7e-16   54.9   7.3   1   1   1.5e-17   4.2e-16   54.7   7.3     2   119     2   121     1   122 0.98 -
d2fq4a2a.121.1.1     -            115 d2oi8a2a.121.1.1.aln -            120   6.7e-16   54.1   0.0   1   1   2.7e-17   7.2e-16   54.0   0.0     3   115     2   114     1   115 0.97 -
d2np5a2a.121.1.1     -            118 d2oi8a2a.121.1.1.aln -            120   1.5e-15   52.9   3.6   1   1   6.1e-17   1.7e-15   52.8   3.6     2   118     3   112     2   114 0.97 -
d1sgma2a.121.1.1     -            111 d2oi8a2a.121.1.1.aln -            120   6.4e-15   50.9   0.0   1   1   2.5e-16   6.9e-15   50.8   0.0     2   113     4   110     3   111 0.94 -
d2fd5a2a.121.1.1     -            104 d2oi8a2a.121.1.1.aln -            120   3.4e-13   45.4   2.4   1   1   1.3e-14   3.6e-13   45.3   2.4     5   110     4   101     1   104 0.96 -
d2np3a2a.121.1.1     -            112 d2oi8a2a.121.1.1.aln -            120   3.1e-12   42.3   6.5   1   1   1.4e-13   3.9e-12   42.0   6.5     1   119     2   107     2   108 0.98 -
d2o7ta2a.121.1.1     -            110 d2oi8a2a.121.1.1.aln -            120   3.6e-11   38.9   0.0   1   1   1.4e-12   3.9e-11   38.8   0.0     1   116     1   110     1   110 0.98 -
d1zk8a2a.121.1.1     -            105 d2oi8a2a.121.1.1.aln -            120   5.5e-11   38.3   0.0   1   1   2.2e-12     6e-11   38.2   0.0     9   118     2   105     1   105 0.97 -
#
# Program:         hmmsearch
# Version:         3.3.2 (Nov 2020)
# Pipeline mode:   SEARCH
# Query file:      /home/elise/Documents/M1-BIM/S2/TMEs/SBAS/tme08/models/scop30/d2oi8a2a.121.1.1.aln.hmm
# Target file:     /home/elise/Documents/M1-BIM/S2/TMEs/SBAS/tme08/scop/scop/scopTestSeq.fasta
# Option settings: hmmsearch --domtblout /home/elise/Documents/M1-BIM/S2/TMEs/SBAS/tme08/searchResults/scop30/d2oi8a2a.121.1.1.aln.out -E 1 /home/elise/Documents/M1-BIM/S2/TMEs/SBAS/tme08/models/scop30/d2oi8a2a.121.1.1.aln.hmm /home/elise/Documents/M1-BIM/S2/TMEs/SBAS/tme08/scop/scop/scopTestSeq.fasta 
# Current dir:     /home/elise/Documents/M1-BIM/S2/TMEs/SBAS/tme08
# Date:            Thu Apr 10 10:02:40 2025
# [ok]
