#                                                                            --- full sequence --- -------------- this domain -------------   hmm coord   ali coord   env coord
# target name        accession   tlen query name           accession   qlen   E-value  score  bias   #  of  c-Evalue  i-Evalue  score  bias  from    to  from    to  from    to  acc description of target
#------------------- ---------- ----- -------------------- ---------- ----- --------- ------ ----- --- --- --------- --------- ------ ----- ----- ----- ----- ----- ----- ----- ---- ---------------------
d1xoca1c.94.1.1      -            504 d2ozza1c.94.1.1.aln  -            330   2.9e-71  235.7  13.4   1   1   1.4e-72   3.6e-71  235.4  13.4     1   330   140   484   140   484 0.99 -
d1jeta_c.94.1.1      -            517 d2ozza1c.94.1.1.aln  -            330     3e-69  229.1  10.4   1   1   1.4e-70   3.8e-69  228.8  10.4     1   330   159   496   159   496 1.00 -
d1uqwa_c.94.1.1      -            487 d2ozza1c.94.1.1.aln  -            330   2.2e-68  226.3  11.3   1   1   1.1e-69   2.9e-68  225.9  11.3     2   329   134   468   133   469 0.99 -
d2nooa_c.94.1.1      -            496 d2ozza1c.94.1.1.aln  -            330   1.6e-66  220.2   0.1   1   2       8.3   2.2e+02   -3.4   0.1   279   320    72   113    66   117 0.70 -
d2nooa_c.94.1.1      -            496 d2ozza1c.94.1.1.aln  -            330   1.6e-66  220.2   0.1   2   2     6e-68   1.6e-66  220.2   0.1     1   330   130   478   130   478 0.99 -
d1ursa_c.94.1.1      -            367 d2ozza1c.94.1.1.aln  -            330   7.2e-65  214.7  10.2   1   1   3.1e-66   8.2e-65  214.6  10.2     1   330     1   349     1   349 0.99 -
d3vlva_c.94.1.1      -            490 d2ozza1c.94.1.1.aln  -            330     8e-65  214.6   8.1   1   1   3.7e-66   9.8e-65  214.3   8.1     2   330   123   468   122   468 1.00 -
d1vr5a1c.94.1.1      -            535 d2ozza1c.94.1.1.aln  -            330   1.1e-64  214.1   7.6   1   2       5.4   1.4e+02   -2.8   0.0   273   310    98   134    86   136 0.76 -
d1vr5a1c.94.1.1      -            535 d2ozza1c.94.1.1.aln  -            330   1.1e-64  214.1   7.6   2   2   7.3e-66   1.9e-64  213.3   7.1     1   330   138   501   138   501 1.00 -
d1eu8a_c.94.1.1      -            407 d2ozza1c.94.1.1.aln  -            330   8.5e-63  207.9   5.2   1   1   3.8e-64   9.9e-63  207.7   5.2     1   329    34   384    34   385 0.99 -
d3thia_c.94.1.1      -            362 d2ozza1c.94.1.1.aln  -            330   2.8e-58  193.1   0.4   1   1   1.2e-59   3.1e-58  193.0   0.4     1   330    10   362    10   362 1.00 -
d1pb7a_c.94.1.1      -            289 d2ozza1c.94.1.1.aln  -            330     4e-53  176.2   0.0   1   1   1.7e-54   4.4e-53  176.1   0.0    32   323     2   289     1   289 0.99 -
d1q35a_c.94.1.1      -            318 d2ozza1c.94.1.1.aln  -            330   1.9e-51  170.7   2.1   1   1   8.1e-53   2.1e-51  170.5   2.1    17   329     2   317     1   318 0.99 -
d1r9la_c.94.1.1      -            309 d2ozza1c.94.1.1.aln  -            330   4.7e-50  166.1   9.9   1   1     2e-51   5.2e-50  166.0   9.9    30   326     2   309     1   309 0.99 -
d1nnfa_c.94.1.1      -            308 d2ozza1c.94.1.1.aln  -            330   2.1e-49  164.0  12.1   1   1   8.7e-51   2.3e-49  163.9  12.1    18   322     1   306     1   308 0.99 -
d1sbpa_c.94.1.1      -            309 d2ozza1c.94.1.1.aln  -            330   1.7e-48  161.1   8.6   1   1     7e-50   1.8e-48  160.9   8.6    26   326     1   309     1   309 0.99 -
d1ixha_c.94.1.1      -            321 d2ozza1c.94.1.1.aln  -            330   1.6e-47  157.9  10.5   1   1   6.6e-49   1.7e-47  157.7  10.5    21   328     2   321     1   321 0.99 -
d1us5a_c.94.1.1      -            298 d2ozza1c.94.1.1.aln  -            330   9.7e-47  155.3   0.6   1   1   4.1e-48   1.1e-46  155.1   0.6    34   324     4   297     1   298 0.98 -
d2nxoa1c.94.1.1      -            277 d2ozza1c.94.1.1.aln  -            330   6.1e-43  142.8   0.0   1   1   2.8e-44   7.3e-43  142.5   0.0    41   318     6   276     2   277 0.96 -
d2i6ea1c.94.1.1      -            272 d2ozza1c.94.1.1.aln  -            330   1.9e-35  118.2   0.0   1   1   8.4e-37   2.2e-35  118.0   0.0    38   307     5   268     1   270 0.95 -
d1xt8a1c.94.1.1      -            248 d2ozza1c.94.1.1.aln  -            330   1.8e-34  115.0   3.7   1   1   7.7e-36     2e-34  114.8   3.7    32   272     4   247     1   248 0.99 -
d1al3a_c.94.1.1      -            237 d2ozza1c.94.1.1.aln  -            330   1.1e-33  112.4   0.0   1   1   4.5e-35   1.2e-33  112.3   0.0    35   294     2   236     1   237 0.98 -
d2czla1c.94.1.1      -            270 d2ozza1c.94.1.1.aln  -            330   6.1e-33  110.0   0.0   1   1   2.5e-34   6.6e-33  109.9   0.0    37   318     4   268     1   270 0.95 -
d1sw5a_c.94.1.1      -            270 d2ozza1c.94.1.1.aln  -            330   8.5e-32  106.2   4.3   1   1   3.6e-33   9.5e-32  106.1   4.3    32   303     2   266     1   269 0.99 -
d1ii5a_c.94.1.1      -            226 d2ozza1c.94.1.1.aln  -            330   1.3e-31  105.7   0.3   1   1   5.2e-33   1.4e-31  105.5   0.3    30   255     3   224     1   226 0.98 -
d1twya_c.94.1.1      -            249 d2ozza1c.94.1.1.aln  -            330   5.1e-31  103.7   0.1   1   1   2.3e-32     6e-31  103.4   0.1    34   318     2   247     1   248 0.98 -
d1atga_c.94.1.1      -            231 d2ozza1c.94.1.1.aln  -            330   4.3e-29   97.3   3.1   1   1     2e-30   5.2e-29   97.1   3.1    42   275     4   230     2   231 0.97 -
d2esna2c.94.1.1      -            212 d2ozza1c.94.1.1.aln  -            330   4.4e-25   84.2   0.0   1   1   1.8e-26   4.8e-25   84.1   0.0    37   260     2   210     1   212 0.97 -
d2qmwa1c.94.1.1      -            184 d2ozza1c.94.1.1.aln  -            330   3.2e-21   71.6   0.1   1   1   1.3e-22   3.4e-21   71.4   0.1    33   219     2   180     1   184 0.94 -
d1i6aa_c.94.1.1      -            212 d2ozza1c.94.1.1.aln  -            330   3.2e-19   65.0   0.0   1   1   1.4e-20   3.6e-19   64.8   0.0    37   283     3   211     1   212 0.97 -
d1ixca2c.94.1.1      -            205 d2ozza1c.94.1.1.aln  -            330   4.7e-19   64.4   0.0   1   1   2.1e-20   5.4e-19   64.2   0.0    39   223     2   172     1   190 0.97 -
d1ve4a1c.94.1.1      -            206 d2ozza1c.94.1.1.aln  -            330   1.2e-16   56.5   0.0   1   1   5.5e-18   1.5e-16   56.2   0.0    46   259     8   204     3   206 0.97 -
#
# Program:         hmmsearch
# Version:         3.3.2 (Nov 2020)
# Pipeline mode:   SEARCH
# Query file:      /home/elise/Documents/M1-BIM/S2/TMEs/SBAS/tme08/models/scop30/d2ozza1c.94.1.1.aln.hmm
# Target file:     /home/elise/Documents/M1-BIM/S2/TMEs/SBAS/tme08/scop/scop/scopTestSeq.fasta
# Option settings: hmmsearch --domtblout /home/elise/Documents/M1-BIM/S2/TMEs/SBAS/tme08/searchResults/scop30/d2ozza1c.94.1.1.aln.out -E 1 /home/elise/Documents/M1-BIM/S2/TMEs/SBAS/tme08/models/scop30/d2ozza1c.94.1.1.aln.hmm /home/elise/Documents/M1-BIM/S2/TMEs/SBAS/tme08/scop/scop/scopTestSeq.fasta 
# Current dir:     /home/elise/Documents/M1-BIM/S2/TMEs/SBAS/tme08
# Date:            Thu Apr 10 10:02:41 2025
# [ok]
