#                                                                            --- full sequence --- -------------- this domain -------------   hmm coord   ali coord   env coord
# target name        accession   tlen query name           accession   qlen   E-value  score  bias   #  of  c-Evalue  i-Evalue  score  bias  from    to  from    to  from    to  acc description of target
#------------------- ---------- ----- -------------------- ---------- ----- --------- ------ ----- --- --- --------- --------- ------ ----- ----- ----- ----- ----- ----- ----- ---- ---------------------
d3khta_c.23.1.0      -            132 d2plna_c.23.1.0.aln  -            132   9.6e-58  189.1   0.1   1   1   2.1e-59   1.1e-57  189.0   0.1     2   132     2   132     1   132 0.99 -
d3heba_c.23.1.0      -            142 d2plna_c.23.1.0.aln  -            132     8e-54  176.4   0.0   1   1   1.8e-55     9e-54  176.2   0.0     3   132     2   140     1   140 0.99 -
d3cfya_c.23.1.0      -            130 d2plna_c.23.1.0.aln  -            132   5.2e-52  170.5   0.1   1   1   1.2e-53   5.7e-52  170.4   0.1     1   132     2   129     2   129 0.99 -
d3eqza_c.23.1.0      -            124 d2plna_c.23.1.0.aln  -            132   4.5e-48  157.8   0.1   1   1   9.9e-50   4.9e-48  157.7   0.1     2   127     2   124     1   124 0.99 -
d3ktoa_c.23.1.0      -            122 d2plna_c.23.1.0.aln  -            132   7.9e-47  153.8   0.5   1   1   1.8e-48   8.7e-47  153.6   0.5     2   125     1   122     1   122 0.99 -
d1kgsa2c.23.1.1      -            122 d2plna_c.23.1.0.aln  -            132   8.7e-19   63.0   0.0   1   1   1.9e-20   9.3e-19   62.9   0.0     2   123     2   119     1   122 0.93 -
d1mb3a_c.23.1.1      -            123 d2plna_c.23.1.0.aln  -            132   1.8e-18   62.0   0.0   1   1   4.1e-20     2e-18   61.8   0.0     2   118     2   116     1   122 0.94 -
d1k66a_c.23.1.1      -            149 d2plna_c.23.1.0.aln  -            132   1.6e-17   58.9   0.1   1   1   9.4e-19   4.6e-17   57.5   0.1     5   122    10   137     7   144 0.87 -
d1dz3a_c.23.1.1      -            123 d2plna_c.23.1.0.aln  -            132   6.8e-17   56.9   0.0   1   1   1.6e-18   7.9e-17   56.7   0.0     3   120     3   119     1   122 0.92 -
d1jbea_c.23.1.1      -            128 d2plna_c.23.1.0.aln  -            132   1.1e-16   56.3   0.0   1   1   2.7e-18   1.3e-16   56.0   0.0     5   116     8   118     5   125 0.92 -
d1dbwa_c.23.1.1      -            123 d2plna_c.23.1.0.aln  -            132   2.7e-16   55.0   0.0   1   1   7.2e-18   3.6e-16   54.6   0.0     3   116     5   114     4   120 0.86 -
d1s8na_c.23.1.1      -            190 d2plna_c.23.1.0.aln  -            132     2e-14   48.9   0.0   1   2   9.4e-16   4.7e-14   47.7   0.0     3   125     5   123     3   129 0.91 -
d1s8na_c.23.1.1      -            190 d2plna_c.23.1.0.aln  -            132     2e-14   48.9   0.0   2   2       2.9   1.4e+02   -2.4   0.0    18    46   142   170   137   173 0.78 -
d2r25b_c.23.1.1      -            133 d2plna_c.23.1.0.aln  -            132     2e-12   42.4   0.0   1   1   4.9e-14   2.4e-12   42.2   0.0     2   115     3   119     2   131 0.87 -
d2b4aa1c.23.1.1      -            118 d2plna_c.23.1.0.aln  -            132     8e-07   24.3   0.0   1   1   2.2e-08   1.1e-06   23.9   0.0     3    88     4    85     3   116 0.74 -
d2v0na2c.23.1.1      -            153 d2plna_c.23.1.0.aln  -            132   3.4e-06   22.3   0.1   1   1   1.4e-07   6.9e-06   21.3   0.1     3   124    15   132    14   138 0.83 -
d2plna_c.23.1.0      -            118 d2plna_c.23.1.0.aln  -            132   0.00012   17.2   0.1   1   1   3.5e-06   0.00017   16.8   0.1    61   117    55   112     4   117 0.72 -
#
# Program:         hmmsearch
# Version:         3.3.2 (Nov 2020)
# Pipeline mode:   SEARCH
# Query file:      /home/elise/Documents/M1-BIM/S2/TMEs/SBAS/tme08/models/scop30/d2plna_c.23.1.0.aln.hmm
# Target file:     /home/elise/Documents/M1-BIM/S2/TMEs/SBAS/tme08/scop/scop/scopTestSeq.fasta
# Option settings: hmmsearch --domtblout /home/elise/Documents/M1-BIM/S2/TMEs/SBAS/tme08/searchResults/scop30/d2plna_c.23.1.0.aln.out -E 1 /home/elise/Documents/M1-BIM/S2/TMEs/SBAS/tme08/models/scop30/d2plna_c.23.1.0.aln.hmm /home/elise/Documents/M1-BIM/S2/TMEs/SBAS/tme08/scop/scop/scopTestSeq.fasta 
# Current dir:     /home/elise/Documents/M1-BIM/S2/TMEs/SBAS/tme08
# Date:            Thu Apr 10 10:02:41 2025
# [ok]
