#                                                                            --- full sequence --- -------------- this domain -------------   hmm coord   ali coord   env coord
# target name        accession   tlen query name           accession   qlen   E-value  score  bias   #  of  c-Evalue  i-Evalue  score  bias  from    to  from    to  from    to  acc description of target
#------------------- ---------- ----- -------------------- ---------- ----- --------- ------ ----- --- --- --------- --------- ------ ----- ----- ----- ----- ----- ----- ----- ---- ---------------------
d1q8ia1c.55.3.5      -            388 d2py5a1c.55.3.5.aln  -            389  8.6e-151  497.8   0.0   1   1  1.7e-152  9.7e-151  497.6   0.0     1   387     1   388     1   388 1.00 -
d3hl8a_c.55.3.5      -            470 d2py5a1c.55.3.5.aln  -            389  2.4e-145  479.8   0.4   1   1  4.9e-147  2.8e-145  479.6   0.4     1   389    24   453    24   453 1.00 -
d1s5ja1c.55.3.5      -            410 d2py5a1c.55.3.5.aln  -            389  1.9e-142  470.3   0.4   1   1  3.8e-144  2.2e-142  470.1   0.4     1   388    11   410    11   410 1.00 -
d2hbja2c.55.3.5      -            292 d2py5a1c.55.3.5.aln  -            389   1.7e-94  312.5   1.4   1   1   3.3e-96   1.9e-94  312.3   1.4    96   389     1   292     1   292 1.00 -
d3mxma_c.55.3.5      -            229 d2py5a1c.55.3.5.aln  -            389   3.6e-56  186.3   0.0   1   1   7.1e-58     4e-56  186.1   0.0   168   388     2   227     1   228 0.99 -
d1w0ha_c.55.3.5      -            200 d2py5a1c.55.3.5.aln  -            389   3.7e-51  169.8   0.0   1   1   7.3e-53   4.1e-51  169.6   0.0   177   375     1   199     1   200 0.99 -
d2f96a1c.55.3.5      -            202 d2py5a1c.55.3.5.aln  -            389   1.1e-49  164.9   0.0   1   1   2.2e-51   1.2e-49  164.7   0.0   170   373     1   201     1   202 0.99 -
d1vk0a_c.55.3.5      -            206 d2py5a1c.55.3.5.aln  -            389   3.2e-49  163.4   0.0   1   1   6.2e-51   3.5e-49  163.3   0.0   170   372     2   205     1   206 0.99 -
d1yt3a3c.55.3.5      -            193 d2py5a1c.55.3.5.aln  -            389     8e-48  158.8   0.0   1   1   1.6e-49   8.8e-48  158.6   0.0   178   371     1   192     1   193 0.99 -
d1x9ma1c.55.3.5      -            204 d2py5a1c.55.3.5.aln  -            389   1.6e-46  154.5   0.0   1   1   3.1e-48   1.7e-46  154.4   0.0   178   378     1   204     1   204 0.99 -
d1kfsa1c.55.3.5      -            195 d2py5a1c.55.3.5.aln  -            389     3e-46  153.6   0.3   1   1     6e-48   3.4e-46  153.4   0.3   175   368     1   194     1   195 0.99 -
d2guia_c.55.3.5      -            176 d2py5a1c.55.3.5.aln  -            389   4.9e-42  139.7   0.0   1   1   9.6e-44   5.4e-42  139.6   0.0   180   364     2   175     1   176 0.98 -
d2igia_c.55.3.5      -            180 d2py5a1c.55.3.5.aln  -            389     2e-39  131.1   0.1   1   1   3.9e-41   2.2e-39  131.0   0.1   177   365     2   179     1   180 0.99 -
d1wlja_c.55.3.5      -            173 d2py5a1c.55.3.5.aln  -            389     1e-34  115.6   0.0   1   1     2e-36   1.1e-34  115.5   0.0   188   370     1   171     1   173 0.98 -
#
# Program:         hmmsearch
# Version:         3.3.2 (Nov 2020)
# Pipeline mode:   SEARCH
# Query file:      /home/elise/Documents/M1-BIM/S2/TMEs/SBAS/tme08/models/scop30/d2py5a1c.55.3.5.aln.hmm
# Target file:     /home/elise/Documents/M1-BIM/S2/TMEs/SBAS/tme08/scop/scop/scopTestSeq.fasta
# Option settings: hmmsearch --domtblout /home/elise/Documents/M1-BIM/S2/TMEs/SBAS/tme08/searchResults/scop30/d2py5a1c.55.3.5.aln.out -E 1 /home/elise/Documents/M1-BIM/S2/TMEs/SBAS/tme08/models/scop30/d2py5a1c.55.3.5.aln.hmm /home/elise/Documents/M1-BIM/S2/TMEs/SBAS/tme08/scop/scop/scopTestSeq.fasta 
# Current dir:     /home/elise/Documents/M1-BIM/S2/TMEs/SBAS/tme08
# Date:            Thu Apr 10 10:02:41 2025
# [ok]
