#                                                                            --- full sequence --- -------------- this domain -------------   hmm coord   ali coord   env coord
# target name        accession   tlen query name           accession   qlen   E-value  score  bias   #  of  c-Evalue  i-Evalue  score  bias  from    to  from    to  from    to  acc description of target
#------------------- ---------- ----- -------------------- ---------- ----- --------- ------ ----- --- --- --------- --------- ------ ----- ----- ----- ----- ----- ----- ----- ---- ---------------------
d1dz3a_c.23.1.1      -            123 d2r25b_c.23.1.1.aln  -            126   9.4e-45  147.1   0.0   1   1   2.2e-46     1e-44  147.0   0.0     4   124     2   122     1   123 0.98 -
d1kgsa2c.23.1.1      -            122 d2r25b_c.23.1.1.aln  -            126   5.3e-44  144.7   0.1   1   1   1.3e-45   5.9e-44  144.5   0.1     3   125     1   120     1   121 0.98 -
d1mb3a_c.23.1.1      -            123 d2r25b_c.23.1.1.aln  -            126   9.1e-44  143.9   0.1   1   1   2.1e-45   9.9e-44  143.8   0.1     4   125     2   122     1   123 0.98 -
d1jbea_c.23.1.1      -            128 d2r25b_c.23.1.1.aln  -            126   8.4e-43  140.8   0.0   1   1     2e-44   9.2e-43  140.7   0.0     2   125     3   126     2   127 0.98 -
d1k66a_c.23.1.1      -            149 d2r25b_c.23.1.1.aln  -            126     1e-41  137.3   0.0   1   1   2.5e-43   1.1e-41  137.1   0.0     2   125     5   139     4   140 0.98 -
d1s8na_c.23.1.1      -            190 d2r25b_c.23.1.1.aln  -            126   1.7e-41  136.6   0.2   1   1   5.4e-43   2.5e-41  136.0   0.2     3   125     3   122     1   123 0.98 -
d1dbwa_c.23.1.1      -            123 d2r25b_c.23.1.1.aln  -            126   1.9e-38  126.8   0.2   1   1   4.4e-40     2e-38  126.6   0.2     2   125     2   122     1   123 0.98 -
d2v0na2c.23.1.1      -            153 d2r25b_c.23.1.1.aln  -            126   1.6e-36  120.5   0.0   1   1     4e-38   1.9e-36  120.3   0.0     4   125    14   132    11   133 0.97 -
d2b4aa1c.23.1.1      -            118 d2r25b_c.23.1.1.aln  -            126   4.6e-33  109.3   0.0   1   1   1.1e-34     5e-33  109.2   0.0     2   123     1   117     1   118 0.97 -
d3cfya_c.23.1.0      -            130 d2r25b_c.23.1.1.aln  -            126   2.2e-26   87.8   0.1   1   1   5.2e-28   2.4e-26   87.6   0.1     5   124     4   120     1   122 0.97 -
d2r25b_c.23.1.1      -            133 d2r25b_c.23.1.1.aln  -            126   1.3e-24   82.1   0.1   1   1   3.2e-26   1.5e-24   81.9   0.1     3   116     2   119     1   127 0.93 -
d3heba_c.23.1.0      -            142 d2r25b_c.23.1.1.aln  -            126   5.5e-24   80.0   0.0   1   1   1.5e-25   7.1e-24   79.6   0.0     5   121     2   128     1   129 0.96 -
d3khta_c.23.1.0      -            132 d2r25b_c.23.1.1.aln  -            126     3e-22   74.4   0.0   1   1   6.7e-24   3.1e-22   74.3   0.0     4   107     2   106     1   125 0.96 -
d3eqza_c.23.1.0      -            124 d2r25b_c.23.1.1.aln  -            126   1.4e-12   43.1   0.0   1   1   3.5e-14   1.6e-12   42.9   0.0     5   100     3    93     1   124 0.70 -
d3ktoa_c.23.1.0      -            122 d2r25b_c.23.1.1.aln  -            126   3.7e-12   41.8   0.4   1   1     1e-13   4.8e-12   41.4   0.4     7   123     4   119     2   121 0.84 -
d2plna_c.23.1.0      -            118 d2r25b_c.23.1.1.aln  -            126   1.3e-08   30.3   0.1   1   1   3.6e-10   1.7e-08   30.0   0.1     4   120     5   115     3   118 0.81 -
d1q0qa2c.2.1.3       -            152 d2r25b_c.23.1.1.aln  -            126     0.004   12.6   0.6   1   2      0.22        10    1.6   0.0    63    95    14    44    12    53 0.76 -
d1q0qa2c.2.1.3       -            152 d2r25b_c.23.1.1.aln  -            126     0.004   12.6   0.6   2   2   0.00083     0.039    9.4   0.3     9    53    55    98    50   116 0.84 -
#
# Program:         hmmsearch
# Version:         3.3.2 (Nov 2020)
# Pipeline mode:   SEARCH
# Query file:      /home/elise/Documents/M1-BIM/S2/TMEs/SBAS/tme08/models/scop30/d2r25b_c.23.1.1.aln.hmm
# Target file:     /home/elise/Documents/M1-BIM/S2/TMEs/SBAS/tme08/scop/scop/scopTestSeq.fasta
# Option settings: hmmsearch --domtblout /home/elise/Documents/M1-BIM/S2/TMEs/SBAS/tme08/searchResults/scop30/d2r25b_c.23.1.1.aln.out -E 1 /home/elise/Documents/M1-BIM/S2/TMEs/SBAS/tme08/models/scop30/d2r25b_c.23.1.1.aln.hmm /home/elise/Documents/M1-BIM/S2/TMEs/SBAS/tme08/scop/scop/scopTestSeq.fasta 
# Current dir:     /home/elise/Documents/M1-BIM/S2/TMEs/SBAS/tme08
# Date:            Thu Apr 10 10:02:41 2025
# [ok]
