#                                                                            --- full sequence --- -------------- this domain -------------   hmm coord   ali coord   env coord
# target name        accession   tlen query name           accession   qlen   E-value  score  bias   #  of  c-Evalue  i-Evalue  score  bias  from    to  from    to  from    to  acc description of target
#------------------- ---------- ----- -------------------- ---------- ----- --------- ------ ----- --- --- --------- --------- ------ ----- ----- ----- ----- ----- ----- ----- ---- ---------------------
d1pvma4d.37.1.1      -            142 d2rc3a1d.37.1.1.aln  -            135     4e-42  139.0   0.6   1   1   1.1e-43   4.6e-42  138.8   0.6     2   134     3   130     2   131 0.98 -
d3ddja1d.37.1.1      -            141 d2rc3a1d.37.1.1.aln  -            135   2.3e-39  130.0   6.5   1   1   6.2e-41   2.6e-39  129.9   6.5     2   133     2   133     1   135 0.98 -
d1o50a3d.37.1.1      -            145 d2rc3a1d.37.1.1.aln  -            135   4.8e-39  129.0   0.9   1   1   1.3e-40   5.5e-39  128.8   0.9     3   134     5   144     3   145 0.98 -
d2yzia1d.37.1.1      -            132 d2rc3a1d.37.1.1.aln  -            135   9.9e-39  128.0   0.6   1   1   2.7e-40   1.1e-38  127.9   0.6     2   135     5   131     4   131 0.96 -
d2yzqa2d.37.1.1      -            122 d2rc3a1d.37.1.1.aln  -            135   3.7e-38  126.1   1.9   1   1     1e-39   4.2e-38  126.0   1.9     2   134     1   121     1   122 0.97 -
d1y5ha3d.37.1.1      -            123 d2rc3a1d.37.1.1.aln  -            135   1.7e-37  124.0   0.0   1   1   4.4e-39   1.8e-37  123.9   0.0     3   129     2   122     1   123 0.98 -
d3ddja2d.37.1.1      -            135 d2rc3a1d.37.1.1.aln  -            135   1.8e-37  123.9   0.1   1   1   4.8e-39     2e-37  123.8   0.1     2   133     1   134     1   135 0.97 -
d2yzqa1d.37.1.1      -            156 d2rc3a1d.37.1.1.aln  -            135   2.4e-37  123.5   0.1   1   1   6.4e-39   2.6e-37  123.4   0.1     3   129     5   155     3   156 0.98 -
d1vr9a3d.37.1.1      -            121 d2rc3a1d.37.1.1.aln  -            135   9.8e-37  121.5   0.0   1   1   2.6e-38   1.1e-36  121.4   0.0     2   133     1   120     1   121 0.97 -
d2nyca1d.37.1.1      -            140 d2rc3a1d.37.1.1.aln  -            135   1.3e-35  117.9   0.5   1   1   3.4e-37   1.4e-35  117.8   0.5     2   130     6   138     5   140 0.98 -
d2j9la1d.37.1.1      -            169 d2rc3a1d.37.1.1.aln  -            135   2.3e-34  113.8   0.2   1   1   6.4e-36   2.7e-34  113.7   0.2     2   134     6   160     5   161 0.96 -
d2riha_d.37.1.1      -            131 d2rc3a1d.37.1.1.aln  -            135   1.7e-33  111.0   0.3   1   1   4.6e-35   1.9e-33  110.9   0.3     3   133     2   126     1   128 0.96 -
d2v8qe2d.37.1.1      -            159 d2rc3a1d.37.1.1.aln  -            135     2e-33  110.8   0.0   1   1   5.4e-35   2.2e-33  110.7   0.0     2   134    15   157    14   158 0.97 -
d1pbja3d.37.1.1      -            120 d2rc3a1d.37.1.1.aln  -            135   7.6e-33  109.0   6.8   1   1     2e-34   8.4e-33  108.8   6.8     3   129     1   119     1   120 0.94 -
d1zfja4d.37.1.1      -            126 d2rc3a1d.37.1.1.aln  -            135   1.3e-32  108.2   0.1   1   1   3.6e-34   1.5e-32  108.0   0.1     8   134     3   121     1   122 0.95 -
d2ouxa2d.37.1.1      -            127 d2rc3a1d.37.1.1.aln  -            135   2.4e-32  107.4   6.9   1   1   6.2e-34   2.6e-32  107.2   6.9     4   134     3   126     1   127 0.97 -
d2d4za3d.37.1.1      -            161 d2rc3a1d.37.1.1.aln  -            135     8e-31  102.4   0.0   1   1   2.2e-32   9.2e-31  102.2   0.0     2   130    11   160    10   161 0.99 -
d2rc3a1d.37.1.1      -            127 d2rc3a1d.37.1.1.aln  -            135   6.5e-21   70.3   1.0   1   1   1.9e-21     8e-20   66.8   1.0    11   127    14   123    13   126 0.90 -
d1khta_c.37.1.1      -            190 d2rc3a1d.37.1.1.aln  -            135    0.0039   12.8   1.8   1   2   0.00011    0.0047   12.5   0.6     6    93     3    94     2    96 0.84 -
d1khta_c.37.1.1      -            190 d2rc3a1d.37.1.1.aln  -            135    0.0039   12.8   1.8   2   2       6.3   2.6e+02   -2.9   0.0    76   100   108   132   105   135 0.71 -
#
# Program:         hmmsearch
# Version:         3.3.2 (Nov 2020)
# Pipeline mode:   SEARCH
# Query file:      /home/elise/Documents/M1-BIM/S2/TMEs/SBAS/tme08/models/scop30/d2rc3a1d.37.1.1.aln.hmm
# Target file:     /home/elise/Documents/M1-BIM/S2/TMEs/SBAS/tme08/scop/scop/scopTestSeq.fasta
# Option settings: hmmsearch --domtblout /home/elise/Documents/M1-BIM/S2/TMEs/SBAS/tme08/searchResults/scop30/d2rc3a1d.37.1.1.aln.out -E 1 /home/elise/Documents/M1-BIM/S2/TMEs/SBAS/tme08/models/scop30/d2rc3a1d.37.1.1.aln.hmm /home/elise/Documents/M1-BIM/S2/TMEs/SBAS/tme08/scop/scop/scopTestSeq.fasta 
# Current dir:     /home/elise/Documents/M1-BIM/S2/TMEs/SBAS/tme08
# Date:            Thu Apr 10 10:02:41 2025
# [ok]
