#                                                                            --- full sequence --- -------------- this domain -------------   hmm coord   ali coord   env coord
# target name        accession   tlen query name           accession   qlen   E-value  score  bias   #  of  c-Evalue  i-Evalue  score  bias  from    to  from    to  from    to  acc description of target
#------------------- ---------- ----- -------------------- ---------- ----- --------- ------ ----- --- --- --------- --------- ------ ----- ----- ----- ----- ----- ----- ----- ---- ---------------------
d1jbaa_a.39.1.5      -            189 d2scpa_a.39.1.5.aln  -            177     4e-59  195.0   2.1   1   1   7.3e-61   4.4e-59  194.9   2.1     2   177     2   187     1   187 0.99 -
d1qv0a_a.39.1.5      -            189 d2scpa_a.39.1.5.aln  -            177   3.2e-57  188.8   0.2   1   1   5.9e-59   3.6e-57  188.7   0.2     2   176     3   182     2   183 0.98 -
d1omra_a.39.1.5      -            201 d2scpa_a.39.1.5.aln  -            177   1.4e-56  186.7   2.1   1   1   2.7e-58   1.6e-56  186.5   2.1     2   176     6   188     5   189 0.99 -
d2sasa_a.39.1.5      -            185 d2scpa_a.39.1.5.aln  -            177   9.6e-55  180.7   0.9   1   1   1.8e-56   1.1e-54  180.6   0.9     2   175     3   185     2   185 0.99 -
d1exra_a.39.1.5      -            146 d2scpa_a.39.1.5.aln  -            177   1.9e-52  173.3   6.8   1   1   3.4e-54   2.1e-52  173.1   6.8    15   164     2   145     1   146 0.98 -
d2zfda1a.39.1.5      -            183 d2scpa_a.39.1.5.aln  -            177   1.4e-51  170.5   4.2   1   1   2.5e-53   1.5e-51  170.3   4.2     6   177     1   175     1   175 0.99 -
d1xo5a_a.39.1.5      -            180 d2scpa_a.39.1.5.aln  -            177   2.1e-51  169.8   0.1   1   1   3.8e-53   2.3e-51  169.7   0.1     4   176     3   179     1   180 0.98 -
d1nyaa_a.39.1.5      -            176 d2scpa_a.39.1.5.aln  -            177   1.2e-47  157.6   0.7   1   1   2.2e-49   1.3e-47  157.5   0.7     2   175     2   174     1   176 0.98 -
d1jfka_a.39.1.5      -            134 d2scpa_a.39.1.5.aln  -            177   1.8e-39  131.0   6.1   1   1   3.3e-41     2e-39  130.8   6.1    24   163     2   133     1   134 0.96 -
d1s6ja_a.39.1.5      -             87 d2scpa_a.39.1.5.aln  -            177   1.8e-26   88.7   2.9   1   1   3.1e-28   1.9e-26   88.6   2.9    78   164     2    86     1    87 0.97 -
d1j7qa_a.39.1.5      -             86 d2scpa_a.39.1.5.aln  -            177   8.7e-24   79.9   0.1   1   1   1.5e-25   9.3e-24   79.8   0.1    83   167     2    85     1    86 0.96 -
d1ctaa_a.39.1.5      -             34 d2scpa_a.39.1.5.aln  -            177   1.9e-11   39.7   0.1   1   1   3.3e-13     2e-11   39.6   0.1    93   127     1    34     1    34 0.93 -
d2scpa_a.39.1.5      -            174 d2scpa_a.39.1.5.aln  -            177   2.9e-11   39.1   4.4   1   2   5.6e-05    0.0034   12.8   0.7    99   133     8    42     2    55 0.81 -
d2scpa_a.39.1.5      -            174 d2scpa_a.39.1.5.aln  -            177   2.9e-11   39.1   4.4   2   2   1.2e-09   7.4e-08   28.0   0.2    72   161    66   152    52   161 0.83 -
#
# Program:         hmmsearch
# Version:         3.3.2 (Nov 2020)
# Pipeline mode:   SEARCH
# Query file:      /home/elise/Documents/M1-BIM/S2/TMEs/SBAS/tme08/models/scop30/d2scpa_a.39.1.5.aln.hmm
# Target file:     /home/elise/Documents/M1-BIM/S2/TMEs/SBAS/tme08/scop/scop/scopTestSeq.fasta
# Option settings: hmmsearch --domtblout /home/elise/Documents/M1-BIM/S2/TMEs/SBAS/tme08/searchResults/scop30/d2scpa_a.39.1.5.aln.out -E 1 /home/elise/Documents/M1-BIM/S2/TMEs/SBAS/tme08/models/scop30/d2scpa_a.39.1.5.aln.hmm /home/elise/Documents/M1-BIM/S2/TMEs/SBAS/tme08/scop/scop/scopTestSeq.fasta 
# Current dir:     /home/elise/Documents/M1-BIM/S2/TMEs/SBAS/tme08
# Date:            Thu Apr 10 10:02:41 2025
# [ok]
