#                                                                            --- full sequence --- -------------- this domain -------------   hmm coord   ali coord   env coord
# target name        accession   tlen query name           accession   qlen   E-value  score  bias   #  of  c-Evalue  i-Evalue  score  bias  from    to  from    to  from    to  acc description of target
#------------------- ---------- ----- -------------------- ---------- ----- --------- ------ ----- --- --- --------- --------- ------ ----- ----- ----- ----- ----- ----- ----- ---- ---------------------
d1jt8a_b.40.4.5      -            102 d2uubq1b.40.4.5.aln  -             92   4.2e-17   57.2   0.5   1   1   2.2e-18   4.6e-17   57.1   0.5     1    92     1    95     1    95 0.97 -
d1go3e1b.40.4.5      -            106 d2uubq1b.40.4.5.aln  -             92   5.2e-16   53.8   0.6   1   1   2.8e-17     6e-16   53.6   0.6     6    92     1    94     1    94 0.98 -
d2je6i1b.40.4.5      -             87 d2uubq1b.40.4.5.aln  -             92   6.9e-16   53.4   0.4   1   1   3.5e-17   7.5e-16   53.3   0.4     2    87     1    86     1    87 0.98 -
d1luza_b.40.4.5      -             85 d2uubq1b.40.4.5.aln  -             92   9.5e-16   52.9   0.4   1   1   4.9e-17     1e-15   52.8   0.4     2    87     2    85     1    85 0.97 -
d2ja9a1b.40.4.5      -             90 d2uubq1b.40.4.5.aln  -             92   1.1e-15   52.7   0.0   1   1   5.7e-17   1.2e-15   52.6   0.0     2    91     1    87     1    88 0.97 -
d2nn6i1b.40.4.5      -            125 d2uubq1b.40.4.5.aln  -             92   1.5e-15   52.3   0.0   1   1   8.2e-17   1.7e-15   52.1   0.0     2    90     1    96     1    98 0.96 -
d3bzka4b.40.4.5      -             94 d2uubq1b.40.4.5.aln  -             92   8.3e-15   49.9   0.6   1   1   4.6e-16   9.9e-15   49.7   0.6     2    78    12    85    11    90 0.94 -
d1wi5a_b.40.4.5      -            119 d2uubq1b.40.4.5.aln  -             92   1.3e-14   49.3   0.0   1   1   7.1e-16   1.5e-14   49.1   0.0     6    89    19   101    14   104 0.94 -
d1y14b1b.40.4.5      -             91 d2uubq1b.40.4.5.aln  -             92   1.9e-14   48.8   0.0   1   1   9.5e-16     2e-14   48.7   0.0     6    88     1    89     1    91 0.97 -
d2ix0a1b.40.4.5      -             90 d2uubq1b.40.4.5.aln  -             92   4.7e-14   47.5   0.0   1   1   2.4e-15   5.2e-14   47.4   0.0    10    92     2    90     1    90 0.98 -
d1wfqa_b.40.4.5      -             89 d2uubq1b.40.4.5.aln  -             92   1.7e-13   45.7   0.0   1   1   8.7e-15   1.9e-13   45.6   0.0     4    88     2    88     1    89 0.95 -
d2nn6h1b.40.4.5      -             95 d2uubq1b.40.4.5.aln  -             92   2.2e-13   45.4   0.1   1   1   1.1e-14   2.4e-13   45.3   0.1     2    86     2    93     1    95 0.97 -
d1smxa_b.40.4.5      -             87 d2uubq1b.40.4.5.aln  -             92   3.3e-13   44.8   0.0   1   1   1.8e-14   3.9e-13   44.6   0.0    10    86     4    86     2    87 0.94 -
d1jjga_b.40.4.5      -            102 d2uubq1b.40.4.5.aln  -             92   3.7e-12   41.5   0.3   1   1   1.9e-13   4.1e-12   41.4   0.3     3    90     5    93     3    95 0.96 -
d2ix0a3b.40.4.5      -             87 d2uubq1b.40.4.5.aln  -             92   4.9e-12   41.1   0.1   1   1   2.5e-13   5.3e-12   41.0   0.1     7    88     2    86     1    87 0.97 -
d1kl9a2b.40.4.5      -             86 d2uubq1b.40.4.5.aln  -             92   1.1e-11   40.0   1.0   1   1   5.6e-13   1.2e-11   39.9   1.0     2    82     7    86     6    86 0.96 -
d1d7qa_b.40.4.5      -            143 d2uubq1b.40.4.5.aln  -             92   1.9e-11   39.2   0.2   1   1   8.9e-13   1.9e-11   39.2   0.2     3    91     3   105     1   106 0.96 -
d1e3pa2b.40.4.5      -             62 d2uubq1b.40.4.5.aln  -             92   2.4e-11   38.9   0.2   1   1   1.2e-12   2.6e-11   38.8   0.2    14    72     1    60     1    62 0.96 -
d2vnud3b.40.4.5      -            148 d2uubq1b.40.4.5.aln  -             92   8.7e-11   37.1   0.0   1   1   5.4e-12   1.2e-10   36.7   0.0     1    92    14   124    14   124 0.97 -
d2vnud2b.40.4.5      -             88 d2uubq1b.40.4.5.aln  -             92     1e-10   36.9   0.5   1   1   5.4e-12   1.2e-10   36.7   0.5     2    77     5    84     4    87 0.96 -
d1t9ha1b.40.4.5      -             67 d2uubq1b.40.4.5.aln  -             92   4.8e-10   34.7   0.2   1   1   2.6e-11   5.5e-10   34.6   0.2    12    77     2    63     1    66 0.92 -
d2vnud1b.40.4.5      -             95 d2uubq1b.40.4.5.aln  -             92   1.3e-09   33.4   0.0   1   1   6.7e-11   1.4e-09   33.3   0.0     1    88     1    95     1    95 0.98 -
d3i4oa_b.40.4.5      -             68 d2uubq1b.40.4.5.aln  -             92   1.8e-09   32.9   0.2   1   1   9.1e-11   1.9e-09   32.8   0.2     9    80     3    67     1    68 0.95 -
d1khia2b.40.4.5      -             71 d2uubq1b.40.4.5.aln  -             92   2.9e-09   32.3   0.1   1   1   1.5e-10   3.1e-09   32.2   0.1     3    72     1    69     1    71 0.95 -
d2uubl1b.40.4.5      -            118 d2uubq1b.40.4.5.aln  -             92   3.3e-09   32.1   0.6   1   1     2e-10   4.4e-09   31.7   0.6     6    90     3    90     1    92 0.95 -
d1u0la1b.40.4.5      -             66 d2uubq1b.40.4.5.aln  -             92   4.9e-09   31.5   0.3   1   1   2.4e-10   5.1e-09   31.5   0.3    11    80     2    65     1    66 0.95 -
d1a62a2b.40.4.5      -             78 d2uubq1b.40.4.5.aln  -             92   6.7e-09   31.1   0.0   1   1   3.5e-10   7.5e-09   31.0   0.0    10    87     2    75     1    77 0.96 -
d2ix0a2b.40.4.5      -             79 d2uubq1b.40.4.5.aln  -             92   7.2e-09   31.0   0.0   1   1   3.6e-10   7.6e-09   30.9   0.0     9    81     6    76     1    78 0.90 -
d1c9oa_b.40.4.5      -             66 d2uubq1b.40.4.5.aln  -             92     8e-09   30.9   0.1   1   1   3.9e-10   8.3e-09   30.8   0.1    10    80     2    65     1    66 0.94 -
d2asba1b.40.4.5      -             76 d2uubq1b.40.4.5.aln  -             92     8e-09   30.9   0.2   1   1   4.1e-10   8.6e-09   30.8   0.2     7    82     3    76     1    76 0.96 -
d1bkba2b.40.4.5      -             65 d2uubq1b.40.4.5.aln  -             92   9.1e-09   30.7   0.3   1   1   4.4e-10   9.4e-09   30.6   0.3    11    77     2    64     1    65 0.95 -
d1hh2p1b.40.4.5      -             72 d2uubq1b.40.4.5.aln  -             92   1.5e-08   30.0   0.3   1   1   7.2e-10   1.5e-08   30.0   0.3     9    81     4    71     1    72 0.93 -
d1ueba2b.40.4.5      -             63 d2uubq1b.40.4.5.aln  -             92     6e-08   28.1   0.0   1   1   2.9e-09   6.3e-08   28.0   0.0     7    71     1    61     1    63 0.95 -
d1x6oa2b.40.4.5      -             79 d2uubq1b.40.4.5.aln  -             92     2e-07   26.4   0.0   1   1   9.7e-09   2.1e-07   26.4   0.0     7    80     2    76     1    79 0.95 -
d1ne3a_b.40.4.5      -             68 d2uubq1b.40.4.5.aln  -             92   1.1e-06   24.0   0.1   1   1   5.3e-08   1.1e-06   24.0   0.1    12    73     6    64     1    68 0.88 -
d1rl2a2b.40.4.5      -             66 d2uubq1b.40.4.5.aln  -             92   2.1e-05   20.0   0.1   1   1     1e-06   2.2e-05   19.9   0.1     8    77     3    65     1    66 0.94 -
d2r7da1b.40.4.5      -             58 d2uubq1b.40.4.5.aln  -             92    0.0067   12.0   0.0   1   1   0.00085     0.018   10.6   0.0    11    79     2    56     1    58 0.75 -
#
# Program:         hmmsearch
# Version:         3.3.2 (Nov 2020)
# Pipeline mode:   SEARCH
# Query file:      /home/elise/Documents/M1-BIM/S2/TMEs/SBAS/tme08/models/scop30/d2uubq1b.40.4.5.aln.hmm
# Target file:     /home/elise/Documents/M1-BIM/S2/TMEs/SBAS/tme08/scop/scop/scopTestSeq.fasta
# Option settings: hmmsearch --domtblout /home/elise/Documents/M1-BIM/S2/TMEs/SBAS/tme08/searchResults/scop30/d2uubq1b.40.4.5.aln.out -E 1 /home/elise/Documents/M1-BIM/S2/TMEs/SBAS/tme08/models/scop30/d2uubq1b.40.4.5.aln.hmm /home/elise/Documents/M1-BIM/S2/TMEs/SBAS/tme08/scop/scop/scopTestSeq.fasta 
# Current dir:     /home/elise/Documents/M1-BIM/S2/TMEs/SBAS/tme08
# Date:            Thu Apr 10 10:02:41 2025
# [ok]
