#                                                                            --- full sequence --- -------------- this domain -------------   hmm coord   ali coord   env coord
# target name        accession   tlen query name           accession   qlen   E-value  score  bias   #  of  c-Evalue  i-Evalue  score  bias  from    to  from    to  from    to  acc description of target
#------------------- ---------- ----- -------------------- ---------- ----- --------- ------ ----- --- --- --------- --------- ------ ----- ----- ----- ----- ----- ----- ----- ---- ---------------------
d2je6i1b.40.4.5      -             87 d2uubl1b.40.4.5.aln  -             88   1.7e-17   58.7   0.5   1   1   8.8e-19   1.9e-17   58.6   0.5     1    85     1    86     1    87 0.98 -
d1luza_b.40.4.5      -             85 d2uubl1b.40.4.5.aln  -             88   6.5e-16   53.7   0.4   1   1   3.3e-17     7e-16   53.6   0.4     2    85     3    85     2    85 0.97 -
d1jt8a_b.40.4.5      -            102 d2uubl1b.40.4.5.aln  -             88   8.9e-16   53.3   0.3   1   1   4.6e-17   9.8e-16   53.1   0.3     4    87     3    92     1    93 0.96 -
d3bzka4b.40.4.5      -             94 d2uubl1b.40.4.5.aln  -             88     2e-15   52.2   0.7   1   1   1.1e-16   2.3e-15   52.0   0.7     3    78    14    87    12    90 0.94 -
d2ja9a1b.40.4.5      -             90 d2uubl1b.40.4.5.aln  -             88   7.2e-15   50.4   0.0   1   1   3.7e-16   7.8e-15   50.3   0.0     2    86     2    84     1    86 0.97 -
d1y14b1b.40.4.5      -             91 d2uubl1b.40.4.5.aln  -             88   2.8e-14   48.5   0.0   1   1   1.4e-15     3e-14   48.4   0.0     5    87     1    84     1    85 0.97 -
d2nn6i1b.40.4.5      -            125 d2uubl1b.40.4.5.aln  -             88   4.1e-13   44.8   0.0   1   1   2.2e-14   4.8e-13   44.6   0.0     3    85     3    93     1    96 0.95 -
d1kl9a2b.40.4.5      -             86 d2uubl1b.40.4.5.aln  -             88   6.1e-13   44.3   1.0   1   1   3.1e-14   6.7e-13   44.1   1.0     2    79     8    85     7    86 0.97 -
d1go3e1b.40.4.5      -            106 d2uubl1b.40.4.5.aln  -             88   6.6e-13   44.2   0.6   1   1   3.7e-14   7.8e-13   43.9   0.6     5    86     1    90     1    92 0.98 -
d2nn6h1b.40.4.5      -             95 d2uubl1b.40.4.5.aln  -             88   1.1e-12   43.4   0.1   1   1   5.9e-14   1.3e-12   43.3   0.1     1    84     2    93     2    95 0.97 -
d1d7qa_b.40.4.5      -            143 d2uubl1b.40.4.5.aln  -             88   1.2e-12   43.3   0.1   1   1   8.1e-14   1.7e-12   42.8   0.1     2    86    12   102    11   104 0.97 -
d2ix0a3b.40.4.5      -             87 d2uubl1b.40.4.5.aln  -             88   2.9e-12   42.1   0.1   1   1   1.4e-13     3e-12   42.1   0.1     7    86     3    86     1    87 0.96 -
d1wfqa_b.40.4.5      -             89 d2uubl1b.40.4.5.aln  -             88   4.2e-12   41.6   0.0   1   1   2.1e-13   4.4e-12   41.5   0.0     4    86     3    88     1    89 0.95 -
d2uubq1b.40.4.5      -            100 d2uubl1b.40.4.5.aln  -             88   1.8e-11   39.6   1.8   1   1     1e-12   2.2e-11   39.3   1.8     9    87     3    83     1    84 0.97 -
d1wi5a_b.40.4.5      -            119 d2uubl1b.40.4.5.aln  -             88   2.6e-11   39.1   0.0   1   1   1.6e-12   3.4e-11   38.7   0.0     7    84    21    98    17   102 0.91 -
d2ix0a1b.40.4.5      -             90 d2uubl1b.40.4.5.aln  -             88   3.2e-11   38.8   0.0   1   1   1.6e-12   3.4e-11   38.7   0.0     3    88     3    89     1    89 0.97 -
d1e3pa2b.40.4.5      -             62 d2uubl1b.40.4.5.aln  -             88   9.6e-11   37.3   0.2   1   1   4.8e-12     1e-10   37.2   0.2    13    71     1    61     1    62 0.96 -
d2asba1b.40.4.5      -             76 d2uubl1b.40.4.5.aln  -             88   1.8e-10   36.4   0.1   1   1   8.8e-12   1.9e-10   36.4   0.1     6    79     3    75     1    76 0.95 -
d2vnud1b.40.4.5      -             95 d2uubl1b.40.4.5.aln  -             88   1.9e-10   36.4   0.0   1   1   9.6e-12     2e-10   36.2   0.0     1    85     1    94     1    95 0.98 -
d2vnud2b.40.4.5      -             88 d2uubl1b.40.4.5.aln  -             88   8.7e-10   34.2   0.5   1   1   4.4e-11   9.4e-10   34.1   0.5     2    87     4    86     3    87 0.96 -
d1a62a2b.40.4.5      -             78 d2uubl1b.40.4.5.aln  -             88   1.8e-09   33.2   0.0   1   1   9.1e-11   1.9e-09   33.1   0.0    10    87     3    77     1    78 0.96 -
d1smxa_b.40.4.5      -             87 d2uubl1b.40.4.5.aln  -             88   2.3e-09   32.9   0.0   1   1   1.2e-10   2.5e-09   32.8   0.0    10    85     3    87     1    87 0.97 -
d1bkba2b.40.4.5      -             65 d2uubl1b.40.4.5.aln  -             88   3.3e-09   32.4   0.3   1   1   1.6e-10   3.5e-09   32.3   0.3    10    75     2    64     1    65 0.95 -
d1khia2b.40.4.5      -             71 d2uubl1b.40.4.5.aln  -             88   3.9e-09   32.2   0.2   1   1   1.9e-10   4.1e-09   32.1   0.2     2    71     1    70     1    71 0.96 -
d3i4oa_b.40.4.5      -             68 d2uubl1b.40.4.5.aln  -             88   1.5e-08   30.3   0.2   1   1   7.5e-10   1.6e-08   30.2   0.2     9    78     4    67     1    68 0.94 -
d2vnud3b.40.4.5      -            148 d2uubl1b.40.4.5.aln  -             88   1.8e-08   30.1   0.0   1   1   1.4e-09     3e-08   29.4   0.0     3    87    10   103     8   104 0.96 -
d1hh2p1b.40.4.5      -             72 d2uubl1b.40.4.5.aln  -             88   3.7e-08   29.1   0.5   1   1     2e-09   4.4e-08   28.8   0.5     3    78     4    70     2    72 0.93 -
d1jjga_b.40.4.5      -            102 d2uubl1b.40.4.5.aln  -             88   5.7e-08   28.5   0.2   1   1   3.1e-09   6.7e-08   28.3   0.2     1    85     8   101     8   102 0.98 -
d2ix0a2b.40.4.5      -             79 d2uubl1b.40.4.5.aln  -             88     8e-08   28.0   0.0   1   1   3.9e-09   8.3e-08   28.0   0.0     5    80     3    77     1    79 0.90 -
d1t9ha1b.40.4.5      -             67 d2uubl1b.40.4.5.aln  -             88   9.7e-08   27.7   0.2   1   1   5.1e-09   1.1e-07   27.6   0.2    10    75     1    63     1    66 0.93 -
d1ne3a_b.40.4.5      -             68 d2uubl1b.40.4.5.aln  -             88   5.6e-07   25.3   0.1   1   1   2.6e-08   5.6e-07   25.3   0.1    10    73     5    66     1    68 0.91 -
d1u0la1b.40.4.5      -             66 d2uubl1b.40.4.5.aln  -             88   5.8e-07   25.3   0.2   1   1   2.8e-08     6e-07   25.2   0.2    12    77     4    64     1    66 0.91 -
d1x6oa2b.40.4.5      -             79 d2uubl1b.40.4.5.aln  -             88     6e-07   25.2   0.0   1   1   2.9e-08   6.2e-07   25.2   0.0     6    77     2    75     1    79 0.93 -
d1c9oa_b.40.4.5      -             66 d2uubl1b.40.4.5.aln  -             88   9.8e-07   24.5   0.1   1   1   4.9e-08     1e-06   24.5   0.1     9    77     2    64     1    66 0.94 -
d1ueba2b.40.4.5      -             63 d2uubl1b.40.4.5.aln  -             88   4.2e-06   22.5   0.0   1   1   2.1e-07   4.4e-06   22.5   0.0    10    68     2    60     1    63 0.95 -
d1rl2a2b.40.4.5      -             66 d2uubl1b.40.4.5.aln  -             88   0.00017   17.4   0.1   1   1   8.7e-06   0.00019   17.3   0.1     7    75     1    65     1    66 0.95 -
d2r7da1b.40.4.5      -             58 d2uubl1b.40.4.5.aln  -             88     0.007   12.3   0.0   1   1   0.00066     0.014   11.3   0.0     9    76     2    55     1    58 0.87 -
#
# Program:         hmmsearch
# Version:         3.3.2 (Nov 2020)
# Pipeline mode:   SEARCH
# Query file:      /home/elise/Documents/M1-BIM/S2/TMEs/SBAS/tme08/models/scop30/d2uubl1b.40.4.5.aln.hmm
# Target file:     /home/elise/Documents/M1-BIM/S2/TMEs/SBAS/tme08/scop/scop/scopTestSeq.fasta
# Option settings: hmmsearch --domtblout /home/elise/Documents/M1-BIM/S2/TMEs/SBAS/tme08/searchResults/scop30/d2uubl1b.40.4.5.aln.out -E 1 /home/elise/Documents/M1-BIM/S2/TMEs/SBAS/tme08/models/scop30/d2uubl1b.40.4.5.aln.hmm /home/elise/Documents/M1-BIM/S2/TMEs/SBAS/tme08/scop/scop/scopTestSeq.fasta 
# Current dir:     /home/elise/Documents/M1-BIM/S2/TMEs/SBAS/tme08
# Date:            Thu Apr 10 10:02:41 2025
# [ok]
