#                                                                            --- full sequence --- -------------- this domain -------------   hmm coord   ali coord   env coord
# target name        accession   tlen query name           accession   qlen   E-value  score  bias   #  of  c-Evalue  i-Evalue  score  bias  from    to  from    to  from    to  acc description of target
#------------------- ---------- ----- -------------------- ---------- ----- --------- ------ ----- --- --- --------- --------- ------ ----- ----- ----- ----- ----- ----- ----- ---- ---------------------
d1ceoa_c.1.8.3       -            340 d2v3ga_c.1.8.3.aln   -            351   2.1e-81  269.3   1.7   1   1   6.4e-83   2.3e-81  269.2   1.7    11   350     2   339     1   340 0.99 -
d1ecea_c.1.8.3       -            358 d2v3ga_c.1.8.3.aln   -            351   3.7e-80  265.2  18.1   1   1   1.2e-81   4.1e-80  265.0  18.1     2   350     5   355     4   356 0.99 -
d1uuqa_c.1.8.3       -            410 d2v3ga_c.1.8.3.aln   -            351   7.5e-80  264.2  16.7   1   1   2.4e-81   8.6e-80  264.0  16.7     1   351     1   405     1   405 0.99 -
d1edga_c.1.8.3       -            380 d2v3ga_c.1.8.3.aln   -            351   8.4e-80  264.0  17.5   1   1   2.6e-81   9.5e-80  263.8  17.5     2   351    22   380    21   380 0.99 -
d1vjza_c.1.8.3       -            325 d2v3ga_c.1.8.3.aln   -            351   2.5e-79  262.5   0.4   1   1   7.7e-81   2.8e-79  262.3   0.4    18   350     2   323     1   324 0.99 -
d1rh9a1c.1.8.3       -            370 d2v3ga_c.1.8.3.aln   -            351   4.8e-79  261.5  10.6   1   1   1.5e-80   5.4e-79  261.4  10.6     2   350     2   365     1   366 0.99 -
d3n9ka_c.1.8.3       -            394 d2v3ga_c.1.8.3.aln   -            351   8.7e-78  257.4  21.4   1   1   2.8e-79     1e-77  257.2  21.4     2   350    29   394    28   394 0.99 -
d1qw9a2c.1.8.3       -            367 d2v3ga_c.1.8.3.aln   -            351   4.9e-77  254.9   1.8   1   1   1.5e-78   5.4e-77  254.8   1.8     5   350     2   366     1   367 0.99 -
d2je8a5c.1.8.3       -            348 d2v3ga_c.1.8.3.aln   -            351     6e-74  244.8   6.3   1   1   1.9e-75   6.7e-74  244.6   6.3     3   348    10   347     8   348 0.99 -
d1ur4a_c.1.8.3       -            387 d2v3ga_c.1.8.3.aln   -            351   1.6e-72  240.1  13.6   1   1   7.1e-74   2.5e-72  239.4  13.6     2   350     3   381     2   382 0.99 -
d1qnra_c.1.8.3       -            344 d2v3ga_c.1.8.3.aln   -            351   9.5e-72  237.5  22.9   1   1     3e-73   1.1e-71  237.4  22.9     2   350     3   343     2   344 0.99 -
d1hjua_c.1.8.3       -            332 d2v3ga_c.1.8.3.aln   -            351   4.5e-70  232.0  15.8   1   1   1.4e-71     5e-70  231.9  15.8    14   350     4   332     1   332 0.98 -
d2vzsa5c.1.8.3       -            339 d2v3ga_c.1.8.3.aln   -            351   7.7e-70  231.2   2.4   1   1   2.4e-71   8.6e-70  231.1   2.4     3   347     6   338     4   339 0.98 -
d1w91a2c.1.8.3       -            347 d2v3ga_c.1.8.3.aln   -            351   4.3e-68  225.5   0.0   1   1   1.4e-69   4.9e-68  225.3   0.0     2   351     7   343     6   343 0.99 -
d1h1na_c.1.8.3       -            305 d2v3ga_c.1.8.3.aln   -            351   6.8e-68  224.8  14.9   1   1   2.1e-69   7.5e-68  224.7  14.9    10   345     4   304     1   305 0.98 -
d2nt0a2c.1.8.3       -            354 d2v3ga_c.1.8.3.aln   -            351   7.3e-68  224.7   0.1   1   1   2.3e-69   8.1e-68  224.6   0.1    11   349     2   351     1   353 0.99 -
d1odza_c.1.8.3       -            381 d2v3ga_c.1.8.3.aln   -            351   3.6e-65  215.9  10.6   1   1   1.1e-66     4e-65  215.7  10.6     2   351     4   376     3   376 0.99 -
d1bqca_c.1.8.3       -            302 d2v3ga_c.1.8.3.aln   -            351     1e-58  194.7   9.4   1   1   3.2e-60   1.1e-58  194.5   9.4     9   349     2   301     1   302 0.98 -
d1jz8a5c.1.8.3       -            292 d2v3ga_c.1.8.3.aln   -            351   6.9e-57  188.6   0.6   1   1   2.2e-58   7.9e-57  188.4   0.6     4   350     2   292     1   292 0.99 -
d7a3ha_c.1.8.3       -            300 d2v3ga_c.1.8.3.aln   -            351   1.5e-49  164.5  10.9   1   1   4.6e-51   1.6e-49  164.4  10.9     2   350     2   298     1   299 0.99 -
d1i1wa_c.1.8.3       -            303 d2v3ga_c.1.8.3.aln   -            351     6e-46  152.7   5.6   1   1   1.9e-47   6.7e-46  152.5   5.6     4   348     3   303     1   303 0.99 -
d1nofa2c.1.8.3       -            277 d2v3ga_c.1.8.3.aln   -            351   5.2e-43  143.0   4.7   1   1   1.6e-44   5.8e-43  142.8   4.7     9   349     2   276     1   277 0.99 -
#
# Program:         hmmsearch
# Version:         3.3.2 (Nov 2020)
# Pipeline mode:   SEARCH
# Query file:      /home/elise/Documents/M1-BIM/S2/TMEs/SBAS/tme08/models/scop30/d2v3ga_c.1.8.3.aln.hmm
# Target file:     /home/elise/Documents/M1-BIM/S2/TMEs/SBAS/tme08/scop/scop/scopTestSeq.fasta
# Option settings: hmmsearch --domtblout /home/elise/Documents/M1-BIM/S2/TMEs/SBAS/tme08/searchResults/scop30/d2v3ga_c.1.8.3.aln.out -E 1 /home/elise/Documents/M1-BIM/S2/TMEs/SBAS/tme08/models/scop30/d2v3ga_c.1.8.3.aln.hmm /home/elise/Documents/M1-BIM/S2/TMEs/SBAS/tme08/scop/scop/scopTestSeq.fasta 
# Current dir:     /home/elise/Documents/M1-BIM/S2/TMEs/SBAS/tme08
# Date:            Thu Apr 10 10:02:41 2025
# [ok]
