#                                                                            --- full sequence --- -------------- this domain -------------   hmm coord   ali coord   env coord
# target name        accession   tlen query name           accession   qlen   E-value  score  bias   #  of  c-Evalue  i-Evalue  score  bias  from    to  from    to  from    to  acc description of target
#------------------- ---------- ----- -------------------- ---------- ----- --------- ------ ----- --- --- --------- --------- ------ ----- ----- ----- ----- ----- ----- ----- ---- ---------------------
d1wi5a_b.40.4.5      -            119 d2vnud2b.40.4.5.aln  -             89   9.5e-17   56.2   0.0   1   1   5.2e-18   1.1e-16   56.0   0.0     5    86    19   100    15   103 0.95 -
d1luza_b.40.4.5      -             85 d2vnud2b.40.4.5.aln  -             89   2.4e-16   54.9   0.4   1   1   1.2e-17   2.6e-16   54.8   0.4     1    84     2    84     2    85 0.96 -
d2je6i1b.40.4.5      -             87 d2vnud2b.40.4.5.aln  -             89   3.9e-16   54.3   0.4   1   1   1.9e-17   4.2e-16   54.2   0.4     1    86     1    87     1    87 0.98 -
d3bzka4b.40.4.5      -             94 d2vnud2b.40.4.5.aln  -             89   3.2e-15   51.4   0.6   1   1   1.7e-16   3.7e-15   51.2   0.6     2    76    13    85    12    92 0.95 -
d1jt8a_b.40.4.5      -            102 d2vnud2b.40.4.5.aln  -             89   3.5e-15   51.3   0.5   1   1   1.8e-16   3.9e-15   51.1   0.5     4    88     3    93     1    94 0.96 -
d1y14b1b.40.4.5      -             91 d2vnud2b.40.4.5.aln  -             89     3e-14   48.3   0.0   1   1   1.5e-15   3.3e-14   48.2   0.0     5    88     1    85     1    86 0.97 -
d2ja9a1b.40.4.5      -             90 d2vnud2b.40.4.5.aln  -             89   5.8e-14   47.4   0.0   1   1   2.9e-15   6.3e-14   47.3   0.0     2    87     2    85     1    87 0.96 -
d1kl9a2b.40.4.5      -             86 d2vnud2b.40.4.5.aln  -             89   7.5e-14   47.0   1.1   1   1   3.7e-15   8.2e-14   46.9   1.1     2    80     8    86     7    86 0.98 -
d2nn6h1b.40.4.5      -             95 d2vnud2b.40.4.5.aln  -             89     3e-13   45.1   0.1   1   1   1.5e-14   3.3e-13   45.0   0.1     2    84     3    93     2    95 0.97 -
d1d7qa_b.40.4.5      -            143 d2vnud2b.40.4.5.aln  -             89     4e-13   44.7   0.1   1   1   2.8e-14     6e-13   44.1   0.1     2    88    12   104    11   105 0.96 -
d1go3e1b.40.4.5      -            106 d2vnud2b.40.4.5.aln  -             89   4.8e-13   44.5   0.6   1   1   2.8e-14   6.2e-13   44.1   0.6     5    87     1    91     1    93 0.98 -
d2nn6i1b.40.4.5      -            125 d2vnud2b.40.4.5.aln  -             89   7.7e-13   43.8   0.0   1   1   4.2e-14   9.2e-13   43.6   0.0     2    88     2    96     1    97 0.95 -
d1wfqa_b.40.4.5      -             89 d2vnud2b.40.4.5.aln  -             89   3.6e-12   41.7   0.0   1   1   1.8e-13   3.9e-12   41.6   0.0     3    86     2    88     1    89 0.96 -
d2ix0a3b.40.4.5      -             87 d2vnud2b.40.4.5.aln  -             89   4.6e-12   41.3   0.1   1   1   2.2e-13   4.9e-12   41.3   0.1     7    85     3    85     1    87 0.96 -
d2ix0a1b.40.4.5      -             90 d2vnud2b.40.4.5.aln  -             89   6.8e-12   40.8   0.0   1   1   3.3e-13   7.3e-12   40.7   0.0     3    88     3    89     1    90 0.97 -
d2uubq1b.40.4.5      -            100 d2vnud2b.40.4.5.aln  -             89   1.2e-11   40.0   2.0   1   1   6.6e-13   1.4e-11   39.8   2.0     8    87     2    83     1    85 0.97 -
d1smxa_b.40.4.5      -             87 d2vnud2b.40.4.5.aln  -             89   6.6e-11   37.7   0.0   1   1   3.2e-12   7.1e-11   37.6   0.0    10    85     3    87     1    87 0.97 -
d2vnud1b.40.4.5      -             95 d2vnud2b.40.4.5.aln  -             89   6.8e-11   37.6   0.0   1   1   3.5e-12   7.6e-11   37.5   0.0     1    85    11    94    11    95 0.97 -
d1jjga_b.40.4.5      -            102 d2vnud2b.40.4.5.aln  -             89   2.1e-10   36.1   0.1   1   1   1.1e-11   2.3e-10   35.9   0.1     2    87     7    92     6    94 0.96 -
d1khia2b.40.4.5      -             71 d2vnud2b.40.4.5.aln  -             89   2.3e-10   35.9   0.2   1   1   1.1e-11   2.4e-10   35.9   0.2     2    70     1    69     1    71 0.95 -
d2asba1b.40.4.5      -             76 d2vnud2b.40.4.5.aln  -             89   6.2e-10   34.6   0.2   1   1     3e-11   6.6e-10   34.5   0.2     6    79     3    75     1    76 0.96 -
d2uubl1b.40.4.5      -            118 d2vnud2b.40.4.5.aln  -             89   8.5e-10   34.1   1.4   1   1   4.6e-11     1e-09   33.9   1.4     2    87    12   106    11   108 0.95 -
d2ix0a2b.40.4.5      -             79 d2vnud2b.40.4.5.aln  -             89   2.1e-09   32.9   0.0   1   1   9.7e-11   2.1e-09   32.9   0.0     9    80     6    77     1    79 0.92 -
d1e3pa2b.40.4.5      -             62 d2vnud2b.40.4.5.aln  -             89   2.3e-09   32.7   0.2   1   1   1.1e-10   2.5e-09   32.7   0.2    13    71     1    61     1    62 0.96 -
d1t9ha1b.40.4.5      -             67 d2vnud2b.40.4.5.aln  -             89   5.5e-09   31.5   0.2   1   1   2.8e-10   6.2e-09   31.4   0.2    10    75     1    63     1    66 0.94 -
d1hh2p1b.40.4.5      -             72 d2vnud2b.40.4.5.aln  -             89   5.6e-09   31.5   0.2   1   1   2.9e-10   6.4e-09   31.3   0.2    17    80    10    72     5    72 0.95 -
d1a62a2b.40.4.5      -             78 d2vnud2b.40.4.5.aln  -             89   1.3e-08   30.4   0.0   1   1   6.1e-10   1.3e-08   30.3   0.0     9    86     1    76     1    78 0.94 -
d1u0la1b.40.4.5      -             66 d2vnud2b.40.4.5.aln  -             89   1.8e-08   29.9   0.3   1   1   8.3e-10   1.8e-08   29.9   0.3    12    77     2    64     1    66 0.91 -
d2vnud3b.40.4.5      -            148 d2vnud2b.40.4.5.aln  -             89   2.3e-08   29.6   0.0   1   1   1.7e-09   3.7e-08   28.9   0.0     4    88    18   111    15   112 0.96 -
d3i4oa_b.40.4.5      -             68 d2vnud2b.40.4.5.aln  -             89   1.2e-07   27.3   0.3   1   1   5.6e-09   1.2e-07   27.2   0.3    11    78     3    67     1    68 0.96 -
d1c9oa_b.40.4.5      -             66 d2vnud2b.40.4.5.aln  -             89   1.5e-07   27.0   0.0   1   1   7.3e-09   1.6e-07   26.9   0.0    10    77     1    64     1    66 0.95 -
d1bkba2b.40.4.5      -             65 d2vnud2b.40.4.5.aln  -             89   3.1e-07   26.0   0.4   1   1   1.5e-08   3.2e-07   25.9   0.4     9    75     3    64     1    65 0.94 -
d1x6oa2b.40.4.5      -             79 d2vnud2b.40.4.5.aln  -             89   3.7e-07   25.8   0.0   1   1   1.7e-08   3.8e-07   25.7   0.0     6    78     2    76     1    79 0.93 -
d1ueba2b.40.4.5      -             63 d2vnud2b.40.4.5.aln  -             89   3.2e-06   22.8   0.0   1   1   1.5e-07   3.3e-06   22.7   0.0    10    68     2    60     1    63 0.95 -
d1rl2a2b.40.4.5      -             66 d2vnud2b.40.4.5.aln  -             89   2.4e-05   20.0   0.1   1   1   1.2e-06   2.6e-05   19.9   0.1     8    75     2    65     1    66 0.95 -
d1ne3a_b.40.4.5      -             68 d2vnud2b.40.4.5.aln  -             89   3.5e-05   19.5   0.1   1   1   1.6e-06   3.6e-05   19.4   0.1     8    73     2    66     1    68 0.91 -
#
# Program:         hmmsearch
# Version:         3.3.2 (Nov 2020)
# Pipeline mode:   SEARCH
# Query file:      /home/elise/Documents/M1-BIM/S2/TMEs/SBAS/tme08/models/scop30/d2vnud2b.40.4.5.aln.hmm
# Target file:     /home/elise/Documents/M1-BIM/S2/TMEs/SBAS/tme08/scop/scop/scopTestSeq.fasta
# Option settings: hmmsearch --domtblout /home/elise/Documents/M1-BIM/S2/TMEs/SBAS/tme08/searchResults/scop30/d2vnud2b.40.4.5.aln.out -E 1 /home/elise/Documents/M1-BIM/S2/TMEs/SBAS/tme08/models/scop30/d2vnud2b.40.4.5.aln.hmm /home/elise/Documents/M1-BIM/S2/TMEs/SBAS/tme08/scop/scop/scopTestSeq.fasta 
# Current dir:     /home/elise/Documents/M1-BIM/S2/TMEs/SBAS/tme08
# Date:            Thu Apr 10 10:02:42 2025
# [ok]
