#                                                                            --- full sequence --- -------------- this domain -------------   hmm coord   ali coord   env coord
# target name        accession   tlen query name           accession   qlen   E-value  score  bias   #  of  c-Evalue  i-Evalue  score  bias  from    to  from    to  from    to  acc description of target
#------------------- ---------- ----- -------------------- ---------- ----- --------- ------ ----- --- --- --------- --------- ------ ----- ----- ----- ----- ----- ----- ----- ---- ---------------------
d2je6i1b.40.4.5      -             87 d2vnud3b.40.4.5.aln  -             88   1.1e-17   59.3   0.4   1   1   5.7e-19   1.2e-17   59.2   0.4     1    86     1    86     1    87 0.98 -
d1jt8a_b.40.4.5      -            102 d2vnud3b.40.4.5.aln  -             88   3.2e-16   54.7   0.4   1   1   1.6e-17   3.6e-16   54.6   0.4     5    87     4    91     1    92 0.96 -
d1luza_b.40.4.5      -             85 d2vnud3b.40.4.5.aln  -             88   7.5e-16   53.6   0.6   1   1   3.7e-17   8.1e-16   53.5   0.6     1    86     2    85     2    85 0.96 -
d3bzka4b.40.4.5      -             94 d2vnud3b.40.4.5.aln  -             88   1.1e-15   53.1   0.8   1   1   5.9e-17   1.3e-15   52.8   0.8     3    77    14    85    12    89 0.94 -
d1wi5a_b.40.4.5      -            119 d2vnud3b.40.4.5.aln  -             88   2.3e-15   52.0   0.0   1   1   1.4e-16     3e-15   51.7   0.0     5    83    19    96    15   100 0.95 -
d1y14b1b.40.4.5      -             91 d2vnud3b.40.4.5.aln  -             88   3.1e-14   48.4   0.0   1   1   1.5e-15   3.4e-14   48.3   0.0     5    87     1    89     1    90 0.97 -
d2ja9a1b.40.4.5      -             90 d2vnud3b.40.4.5.aln  -             88   2.7e-13   45.4   0.0   1   1   1.3e-14   2.9e-13   45.3   0.0     2    87     2    84     1    85 0.98 -
d1d7qa_b.40.4.5      -            143 d2vnud3b.40.4.5.aln  -             88   2.7e-13   45.4   0.1   1   1     2e-14   4.3e-13   44.8   0.1     1    86    11   101    11   103 0.97 -
d1kl9a2b.40.4.5      -             86 d2vnud3b.40.4.5.aln  -             88   5.1e-13   44.6   0.9   1   1   2.6e-14   5.6e-13   44.4   0.9     2    81     8    86     7    86 0.95 -
d2nn6h1b.40.4.5      -             95 d2vnud3b.40.4.5.aln  -             88   6.6e-13   44.2   0.1   1   1   3.4e-14   7.5e-13   44.0   0.1     1    86     2    94     2    95 0.97 -
d2nn6i1b.40.4.5      -            125 d2vnud3b.40.4.5.aln  -             88   7.3e-13   44.1   0.0   1   1   3.9e-14   8.6e-13   43.8   0.0     3    84     3    91     1    95 0.95 -
d2ix0a1b.40.4.5      -             90 d2vnud3b.40.4.5.aln  -             88   1.2e-12   43.4   0.0   1   1   5.8e-14   1.3e-12   43.3   0.0     3    87     3    87     1    88 0.97 -
d1go3e1b.40.4.5      -            106 d2vnud3b.40.4.5.aln  -             88   1.3e-12   43.3   0.8   1   1   7.2e-14   1.6e-12   43.0   0.8     5    87     1    90     1    91 0.97 -
d2ix0a3b.40.4.5      -             87 d2vnud3b.40.4.5.aln  -             88   1.6e-12   42.9   0.1   1   1   7.8e-14   1.7e-12   42.9   0.1     7    87     3    86     1    87 0.96 -
d1wfqa_b.40.4.5      -             89 d2vnud3b.40.4.5.aln  -             88   1.7e-12   42.9   0.0   1   1   8.3e-14   1.8e-12   42.8   0.0     5    87     4    88     1    89 0.95 -
d2uubq1b.40.4.5      -            100 d2vnud3b.40.4.5.aln  -             88   6.5e-12   41.0   1.9   1   1   3.6e-13   7.9e-12   40.8   1.9     8    87     2    82     1    83 0.97 -
d1smxa_b.40.4.5      -             87 d2vnud3b.40.4.5.aln  -             88   6.4e-11   37.9   0.0   1   1   3.1e-12   6.9e-11   37.8   0.0    10    85     3    86     1    87 0.96 -
d2vnud2b.40.4.5      -             88 d2vnud3b.40.4.5.aln  -             88   1.1e-10   37.1   0.4   1   1   5.8e-12   1.3e-10   36.9   0.4     3    76     5    84     3    87 0.94 -
d2asba1b.40.4.5      -             76 d2vnud3b.40.4.5.aln  -             88   1.7e-10   36.5   0.2   1   1   8.4e-12   1.8e-10   36.4   0.2     6    80     3    75     1    76 0.95 -
d2vnud1b.40.4.5      -             95 d2vnud3b.40.4.5.aln  -             88   2.2e-10   36.2   0.0   1   1   1.1e-11   2.4e-10   36.0   0.0     1    86     1    94     1    95 0.98 -
d1e3pa2b.40.4.5      -             62 d2vnud3b.40.4.5.aln  -             88   3.6e-10   35.5   0.2   1   1   1.8e-11   3.9e-10   35.4   0.2    13    72     1    61     1    62 0.96 -
d1hh2p1b.40.4.5      -             72 d2vnud3b.40.4.5.aln  -             88   2.3e-09   32.9   0.4   1   1   1.1e-10   2.5e-09   32.8   0.4     6    80     2    71     1    72 0.94 -
d1bkba2b.40.4.5      -             65 d2vnud3b.40.4.5.aln  -             88   3.3e-09   32.5   0.3   1   1   1.6e-10   3.4e-09   32.4   0.3    10    76     2    64     1    65 0.96 -
d2ix0a2b.40.4.5      -             79 d2vnud3b.40.4.5.aln  -             88   5.4e-09   31.7   0.0   1   1   2.5e-10   5.4e-09   31.7   0.0     8    81     6    77     1    79 0.91 -
d1khia2b.40.4.5      -             71 d2vnud3b.40.4.5.aln  -             88     7e-09   31.4   0.2   1   1   3.4e-10   7.4e-09   31.3   0.2     2    71     1    69     1    71 0.95 -
d1jjga_b.40.4.5      -            102 d2vnud3b.40.4.5.aln  -             88   1.2e-08   30.7   0.3   1   1   6.3e-10   1.4e-08   30.5   0.3     1    86     8   101     8   102 0.98 -
d2uubl1b.40.4.5      -            118 d2vnud3b.40.4.5.aln  -             88   1.3e-08   30.6   1.5   1   1   6.9e-10   1.5e-08   30.3   1.5     2    86    12   104    11   106 0.96 -
d1a62a2b.40.4.5      -             78 d2vnud3b.40.4.5.aln  -             88   1.5e-08   30.3   0.0   1   1   7.5e-10   1.6e-08   30.2   0.0    10    86     3    75     1    77 0.95 -
d1t9ha1b.40.4.5      -             67 d2vnud3b.40.4.5.aln  -             88   2.2e-08   29.8   0.2   1   1     1e-09   2.2e-08   29.8   0.2    10    78     1    65     1    67 0.94 -
d1u0la1b.40.4.5      -             66 d2vnud3b.40.4.5.aln  -             88   2.7e-08   29.5   0.3   1   1   1.3e-09   2.8e-08   29.5   0.3    13    78     3    64     1    66 0.91 -
d1x6oa2b.40.4.5      -             79 d2vnud3b.40.4.5.aln  -             88     5e-08   28.7   0.0   1   1   2.4e-09   5.2e-08   28.6   0.0     5    78     1    75     1    79 0.94 -
d3i4oa_b.40.4.5      -             68 d2vnud3b.40.4.5.aln  -             88     4e-07   25.8   0.2   1   1   1.9e-08   4.2e-07   25.7   0.2    11    79     3    67     1    68 0.95 -
d1ne3a_b.40.4.5      -             68 d2vnud3b.40.4.5.aln  -             88   9.1e-07   24.7   0.1   1   1   4.2e-08   9.1e-07   24.7   0.1     9    74     4    66     1    68 0.90 -
d1ueba2b.40.4.5      -             63 d2vnud3b.40.4.5.aln  -             88   2.6e-06   23.2   0.0   1   1   1.2e-07   2.7e-06   23.2   0.0    10    70     2    61     1    63 0.95 -
d1c9oa_b.40.4.5      -             66 d2vnud3b.40.4.5.aln  -             88     3e-06   23.0   0.0   1   1   1.4e-07   3.1e-06   23.0   0.0     9    78     2    64     1    66 0.92 -
d1rl2a2b.40.4.5      -             66 d2vnud3b.40.4.5.aln  -             88   3.9e-05   19.5   0.1   1   1   1.9e-06   4.2e-05   19.4   0.1     7    76     1    65     1    66 0.95 -
#
# Program:         hmmsearch
# Version:         3.3.2 (Nov 2020)
# Pipeline mode:   SEARCH
# Query file:      /home/elise/Documents/M1-BIM/S2/TMEs/SBAS/tme08/models/scop30/d2vnud3b.40.4.5.aln.hmm
# Target file:     /home/elise/Documents/M1-BIM/S2/TMEs/SBAS/tme08/scop/scop/scopTestSeq.fasta
# Option settings: hmmsearch --domtblout /home/elise/Documents/M1-BIM/S2/TMEs/SBAS/tme08/searchResults/scop30/d2vnud3b.40.4.5.aln.out -E 1 /home/elise/Documents/M1-BIM/S2/TMEs/SBAS/tme08/models/scop30/d2vnud3b.40.4.5.aln.hmm /home/elise/Documents/M1-BIM/S2/TMEs/SBAS/tme08/scop/scop/scopTestSeq.fasta 
# Current dir:     /home/elise/Documents/M1-BIM/S2/TMEs/SBAS/tme08
# Date:            Thu Apr 10 10:02:42 2025
# [ok]
