#                                                                            --- full sequence --- -------------- this domain -------------   hmm coord   ali coord   env coord
# target name        accession   tlen query name           accession   qlen   E-value  score  bias   #  of  c-Evalue  i-Evalue  score  bias  from    to  from    to  from    to  acc description of target
#------------------- ---------- ----- -------------------- ---------- ----- --------- ------ ----- --- --- --------- --------- ------ ----- ----- ----- ----- ----- ----- ----- ---- ---------------------
d1kdga1c.3.1.2       -            361 d2voua1c.3.1.2.aln   -            344   1.3e-95  316.2   0.0   1   1   4.8e-97   1.5e-95  316.1   0.0     1   342     1   357     1   359 0.99 -
d2dw4a2c.3.1.2       -            450 d2voua1c.3.1.2.aln   -            344   2.5e-95  315.3   0.0   1   1   9.4e-97   2.9e-95  315.1   0.0     2   342     5   448     4   450 0.99 -
d2f5va1c.3.1.2       -            380 d2voua1c.3.1.2.aln   -            344   1.5e-91  302.9   0.0   1   1   5.4e-93   1.6e-91  302.7   0.0     2   343     4   375     3   376 0.99 -
d1pn0a1c.3.1.2       -            361 d2voua1c.3.1.2.aln   -            344   1.8e-91  302.6   0.0   1   1   6.6e-93     2e-91  302.4   0.0     2   343     7   360     6   361 0.99 -
d1n4wa1c.3.1.2       -            368 d2voua1c.3.1.2.aln   -            344   1.6e-88  292.9   0.2   1   1   5.8e-90   1.8e-88  292.8   0.2     2   343     2   366     1   367 0.99 -
d2gmha1c.3.1.2       -            381 d2voua1c.3.1.2.aln   -            344   2.1e-88  292.5   0.0   1   1   7.9e-90   2.4e-88  292.3   0.0     2   341    32   380    31   381 0.99 -
d1b5qa1c.3.1.2       -            348 d2voua1c.3.1.2.aln   -            344   2.5e-88  292.3   0.0   1   1   9.2e-90   2.8e-88  292.1   0.0     3   343     1   344     1   345 0.99 -
d1seza1c.3.1.2       -            374 d2voua1c.3.1.2.aln   -            344   7.7e-88  290.7   0.0   1   1   2.8e-89   8.6e-88  290.5   0.0     3   340     2   371     1   374 0.99 -
d1ju2a1c.3.1.2       -            352 d2voua1c.3.1.2.aln   -            344   7.3e-87  287.4   0.1   1   1   2.7e-88   8.1e-87  287.3   0.1     3   343     3   348     1   349 0.99 -
d2iida1c.3.1.2       -            371 d2voua1c.3.1.2.aln   -            344   1.6e-84  279.7   0.0   1   1   6.1e-86   1.8e-84  279.5   0.0     2   343    30   370    29   371 0.99 -
d2ivda1c.3.1.2       -            348 d2voua1c.3.1.2.aln   -            344   6.3e-75  248.2   2.3   1   1   2.3e-76     7e-75  248.1   2.3     3   340     1   346     1   348 0.99 -
d1pj5a2c.3.1.2       -            306 d2voua1c.3.1.2.aln   -            344   3.3e-68  226.1   0.0   1   1   1.2e-69   3.7e-68  226.0   0.0     3   338     2   304     1   306 0.99 -
d1ryia1c.3.1.2       -            277 d2voua1c.3.1.2.aln   -            344   3.4e-65  216.2   0.0   1   1   1.3e-66   3.8e-65  216.0   0.0     2   332     4   276     3   277 0.98 -
d1k0ia1c.3.1.2       -            293 d2voua1c.3.1.2.aln   -            344   1.5e-64  214.1   0.0   1   1   5.4e-66   1.6e-64  214.0   0.0     1   340     1   292     1   293 0.99 -
d3c96a1c.3.1.2       -            289 d2voua1c.3.1.2.aln   -            344   9.6e-60  198.3   1.3   1   1   3.5e-61   1.1e-59  198.1   1.3     2   339     1   288     1   289 0.99 -
d2gf3a1c.3.1.2       -            282 d2voua1c.3.1.2.aln   -            344   5.8e-59  195.7   0.0   1   1   2.2e-60   6.7e-59  195.5   0.0     1   340     2   282     2   282 0.98 -
d1nhpa2c.3.1.5       -            123 d2voua1c.3.1.2.aln   -            344   3.3e-06   22.2   0.1   1   1   1.3e-07     4e-06   21.9   0.1     4    33    32    61    31    81 0.92 -
d2gv8a1c.3.1.5       -            336 d2voua1c.3.1.2.aln   -            344   2.3e-05   19.5   0.0   1   1   1.2e-06   3.8e-05   18.8   0.0     5    39     7    43     6    50 0.90 -
d1w4xa1c.3.1.5       -            299 d2voua1c.3.1.2.aln   -            344     3e-05   19.1   0.1   1   1   1.5e-06   4.6e-05   18.5   0.1     2    32     7    37     6    49 0.83 -
d1v59a1c.3.1.5       -            234 d2voua1c.3.1.2.aln   -            344   8.1e-05   17.7   0.2   1   1   4.4e-06   0.00013   16.9   0.2     4    40     7    43     5    58 0.92 -
d1xhca2c.3.1.5       -            122 d2voua1c.3.1.2.aln   -            344   0.00027   15.9   0.1   1   1   9.8e-06    0.0003   15.8   0.1     4    39    34    69    31    96 0.78 -
d2voua1c.3.1.2       -            266 d2voua1c.3.1.2.aln   -            344   0.00038   15.5   0.1   1   1   1.8e-05   0.00056   14.9   0.1     4    35     6    37     3    46 0.92 -
d1gpja2c.2.1.7       -            159 d2voua1c.3.1.2.aln   -            344   0.00061   14.8   0.1   1   1   2.9e-05   0.00088   14.3   0.1     3    32    25    54    24    60 0.92 -
d1v59a2c.3.1.5       -            122 d2voua1c.3.1.2.aln   -            344    0.0011   13.9   0.0   1   1   4.3e-05    0.0013   13.7   0.0     4    43    25    64    22    86 0.83 -
d1fl2a2c.3.1.5       -            126 d2voua1c.3.1.2.aln   -            344    0.0028   12.6   0.4   1   1   0.00012    0.0037   12.2   0.4     3    35    31    63    29    67 0.94 -
d1fl2a1c.3.1.5       -            185 d2voua1c.3.1.2.aln   -            344    0.0031   12.4   4.1   1   1   0.00017    0.0052   11.7   4.1     2    18     1    17     1    19 0.94 -
#
# Program:         hmmsearch
# Version:         3.3.2 (Nov 2020)
# Pipeline mode:   SEARCH
# Query file:      /home/elise/Documents/M1-BIM/S2/TMEs/SBAS/tme08/models/scop30/d2voua1c.3.1.2.aln.hmm
# Target file:     /home/elise/Documents/M1-BIM/S2/TMEs/SBAS/tme08/scop/scop/scopTestSeq.fasta
# Option settings: hmmsearch --domtblout /home/elise/Documents/M1-BIM/S2/TMEs/SBAS/tme08/searchResults/scop30/d2voua1c.3.1.2.aln.out -E 1 /home/elise/Documents/M1-BIM/S2/TMEs/SBAS/tme08/models/scop30/d2voua1c.3.1.2.aln.hmm /home/elise/Documents/M1-BIM/S2/TMEs/SBAS/tme08/scop/scop/scopTestSeq.fasta 
# Current dir:     /home/elise/Documents/M1-BIM/S2/TMEs/SBAS/tme08
# Date:            Thu Apr 10 10:02:42 2025
# [ok]
