#                                                                            --- full sequence --- -------------- this domain -------------   hmm coord   ali coord   env coord
# target name        accession   tlen query name           accession   qlen   E-value  score  bias   #  of  c-Evalue  i-Evalue  score  bias  from    to  from    to  from    to  acc description of target
#------------------- ---------- ----- -------------------- ---------- ----- --------- ------ ----- --- --- --------- --------- ------ ----- ----- ----- ----- ----- ----- ----- ---- ---------------------
d3fzqa_c.108.1.0     -            271 d2w43a_c.108.1.0.aln -            252   9.8e-92  302.5   7.1   1   1   1.1e-93   1.1e-91  302.4   7.1     2   251     1   264     1   265 0.99 -
d2hx1a_c.108.1.0     -            284 d2w43a_c.108.1.0.aln -            252   1.1e-90  299.1   0.0   1   1   1.2e-92   1.2e-90  298.9   0.0     1   248    12   283    12   284 0.99 -
d2x4da_c.108.1.0     -            270 d2w43a_c.108.1.0.aln -            252   3.3e-90  297.5   0.0   1   1   3.8e-92   3.7e-90  297.4   0.0     2   251    11   269    10   270 0.99 -
d3dnpa_c.108.1.0     -            275 d2w43a_c.108.1.0.aln -            252   1.1e-86  286.0   0.6   1   1   1.2e-88   1.2e-86  285.8   0.6     3   252     1   269     1   269 0.99 -
d3qnma_c.108.1.0     -            231 d2w43a_c.108.1.0.aln -            252   1.8e-85  282.0   0.0   1   1     2e-87     2e-85  281.9   0.0     2   248     2   231     1   231 0.99 -
d2hi0a_c.108.1.0     -            240 d2w43a_c.108.1.0.aln -            252   9.6e-85  279.6   0.0   1   1   1.1e-86   1.1e-84  279.5   0.0     1   250     2   240     2   240 0.99 -
d2hoqa_c.108.1.0     -            237 d2w43a_c.108.1.0.aln -            252   1.8e-81  268.9   0.0   1   1     2e-83     2e-81  268.8   0.0     2   251     1   228     1   229 0.99 -
d2w43a_c.108.1.0     -            201 d2w43a_c.108.1.0.aln -            252   2.1e-08   29.5   0.4   1   2   0.00078     0.077    8.0   0.1     6    34     4    36     3    54 0.67 -
d2w43a_c.108.1.0     -            201 d2w43a_c.108.1.0.aln -            252   2.1e-08   29.5   0.4   2   2   1.6e-07   1.5e-05   20.1   0.0   117   249    66   199    50   201 0.79 -
#
# Program:         hmmsearch
# Version:         3.3.2 (Nov 2020)
# Pipeline mode:   SEARCH
# Query file:      /home/elise/Documents/M1-BIM/S2/TMEs/SBAS/tme08/models/scop30/d2w43a_c.108.1.0.aln.hmm
# Target file:     /home/elise/Documents/M1-BIM/S2/TMEs/SBAS/tme08/scop/scop/scopTestSeq.fasta
# Option settings: hmmsearch --domtblout /home/elise/Documents/M1-BIM/S2/TMEs/SBAS/tme08/searchResults/scop30/d2w43a_c.108.1.0.aln.out -E 1 /home/elise/Documents/M1-BIM/S2/TMEs/SBAS/tme08/models/scop30/d2w43a_c.108.1.0.aln.hmm /home/elise/Documents/M1-BIM/S2/TMEs/SBAS/tme08/scop/scop/scopTestSeq.fasta 
# Current dir:     /home/elise/Documents/M1-BIM/S2/TMEs/SBAS/tme08
# Date:            Thu Apr 10 10:02:42 2025
# [ok]
