#                                                                            --- full sequence --- -------------- this domain -------------   hmm coord   ali coord   env coord
# target name        accession   tlen query name           accession   qlen   E-value  score  bias   #  of  c-Evalue  i-Evalue  score  bias  from    to  from    to  from    to  acc description of target
#------------------- ---------- ----- -------------------- ---------- ----- --------- ------ ----- --- --- --------- --------- ------ ----- ----- ----- ----- ----- ----- ----- ---- ---------------------
d3feua_c.47.1.0      -            183 d2wcia_c.47.1.0.aln  -            127   3.3e-41  135.8   0.1   1   1   6.6e-43   5.2e-41  135.1   0.1     1   127     5   131     5   131 0.99 -
d3h93a_c.47.1.0      -            192 d2wcia_c.47.1.0.aln  -            127   1.5e-40  133.6   0.0   1   1   2.6e-42     2e-40  133.2   0.0     1   126     8   135     8   136 0.99 -
d2v1ma_c.47.1.0      -            163 d2wcia_c.47.1.0.aln  -            127   1.2e-39  130.8   0.1   1   1   1.8e-41   1.4e-39  130.5   0.1     3   127     1   129     1   129 0.99 -
d3c7ma_c.47.1.0      -            195 d2wcia_c.47.1.0.aln  -            127   1.3e-37  124.2   0.4   1   1   2.1e-39   1.7e-37  123.8   0.4     1   127     3   142     3   142 0.99 -
d2xhfa_c.47.1.0      -            156 d2wcia_c.47.1.0.aln  -            127   8.5e-37  121.5   0.0   1   1   1.2e-38   9.6e-37  121.4   0.0     1   127     5   138     5   138 0.98 -
d3fz4a_c.47.1.0      -            119 d2wcia_c.47.1.0.aln  -            127   1.4e-33  111.1   0.0   1   1     2e-35   1.6e-33  111.0   0.0     4   124     1   119     1   119 0.99 -
d3gnja_c.47.1.0      -            111 d2wcia_c.47.1.0.aln  -            127     2e-33  110.6   0.6   1   1   2.8e-35   2.2e-33  110.5   0.6     8   121     2   111     1   111 0.99 -
d3h79a_c.47.1.0      -            115 d2wcia_c.47.1.0.aln  -            127   1.7e-32  107.6   0.0   1   1   2.4e-34   1.9e-32  107.5   0.0     1   115     1   115     1   115 0.99 -
d2hzfa_c.47.1.0      -            110 d2wcia_c.47.1.0.aln  -            127     3e-32  106.8   0.0   1   1   4.2e-34   3.3e-32  106.7   0.0     3   117     1   110     1   110 0.98 -
d3qmxa_c.47.1.0      -             99 d2wcia_c.47.1.0.aln  -            127     3e-26   87.4   0.0   1   1   4.1e-28   3.3e-26   87.3   0.0     3   110     1    98     1    99 0.97 -
#
# Program:         hmmsearch
# Version:         3.3.2 (Nov 2020)
# Pipeline mode:   SEARCH
# Query file:      /home/elise/Documents/M1-BIM/S2/TMEs/SBAS/tme08/models/scop30/d2wcia_c.47.1.0.aln.hmm
# Target file:     /home/elise/Documents/M1-BIM/S2/TMEs/SBAS/tme08/scop/scop/scopTestSeq.fasta
# Option settings: hmmsearch --domtblout /home/elise/Documents/M1-BIM/S2/TMEs/SBAS/tme08/searchResults/scop30/d2wcia_c.47.1.0.aln.out -E 1 /home/elise/Documents/M1-BIM/S2/TMEs/SBAS/tme08/models/scop30/d2wcia_c.47.1.0.aln.hmm /home/elise/Documents/M1-BIM/S2/TMEs/SBAS/tme08/scop/scop/scopTestSeq.fasta 
# Current dir:     /home/elise/Documents/M1-BIM/S2/TMEs/SBAS/tme08
# Date:            Thu Apr 10 10:02:42 2025
# [ok]
