#                                                                            --- full sequence --- -------------- this domain -------------   hmm coord   ali coord   env coord
# target name        accession   tlen query name           accession   qlen   E-value  score  bias   #  of  c-Evalue  i-Evalue  score  bias  from    to  from    to  from    to  acc description of target
#------------------- ---------- ----- -------------------- ---------- ----- --------- ------ ----- --- --- --------- --------- ------ ----- ----- ----- ----- ----- ----- ----- ---- ---------------------
d1z6om1a.25.1.1      -            191 d2y3qa_a.25.1.1.aln  -            174   8.3e-59  193.9   0.0   1   1   1.4e-60   9.3e-59  193.7   0.0     1   173    10   185    10   186 0.99 -
d1z6oa1a.25.1.1      -            200 d2y3qa_a.25.1.1.aln  -            174   2.3e-53  176.2  12.3   1   1     4e-55   2.6e-53  176.0  12.3     2   174    15   196    14   196 0.99 -
d1nf4a_a.25.1.1      -            169 d2y3qa_a.25.1.1.aln  -            174   1.8e-52  173.3   3.0   1   1     3e-54     2e-52  173.1   3.0     4   174     1   169     1   169 0.99 -
d3bvfa_a.25.1.1      -            172 d2y3qa_a.25.1.1.aln  -            174   3.1e-50  166.0   5.6   1   1   5.2e-52   3.4e-50  165.8   5.6     1   174     1   164     1   164 0.99 -
d1lb3a_a.25.1.1      -            179 d2y3qa_a.25.1.1.aln  -            174   1.3e-48  160.8   0.0   1   1   2.1e-50   1.4e-48  160.6   0.0     1   173     3   176     3   177 0.99 -
d1tjoa_a.25.1.1      -            180 d2y3qa_a.25.1.1.aln  -            174   3.2e-48  159.4   8.5   1   1   5.4e-50   3.6e-48  159.3   8.5     2   174     2   175     1   175 0.99 -
d1zs3a1a.25.1.1      -            171 d2y3qa_a.25.1.1.aln  -            174   6.9e-46  151.8   1.1   1   1   1.1e-47   7.5e-46  151.7   1.1     5   169     2   167     1   171 0.97 -
d2cf7a_a.25.1.1      -            159 d2y3qa_a.25.1.1.aln  -            174   5.4e-44  145.7   0.0   1   1   8.9e-46   5.8e-44  145.6   0.0     8   163     1   154     1   159 0.98 -
d2fzfa1a.25.1.1      -            158 d2y3qa_a.25.1.1.aln  -            174   9.7e-42  138.3   9.8   1   1   1.6e-43   1.1e-41  138.2   9.8     2   164     2   158     1   158 0.98 -
d1vjxa_a.25.1.1      -            149 d2y3qa_a.25.1.1.aln  -            174   1.3e-39  131.4   6.9   1   1   2.2e-41   1.4e-39  131.3   6.9     6   163     1   148     1   149 0.99 -
d1yuza1a.25.1.1      -            135 d2y3qa_a.25.1.1.aln  -            174   3.6e-36  120.2   2.2   1   1     6e-38   3.9e-36  120.1   2.2     6   147     1   134     1   135 0.98 -
d2y3qa_a.25.1.1      -            158 d2y3qa_a.25.1.1.aln  -            174   0.00033   16.1   0.3   1   1   6.2e-06   0.00041   15.8   0.3    10    97     5    90     2   153 0.81 -
#
# Program:         hmmsearch
# Version:         3.3.2 (Nov 2020)
# Pipeline mode:   SEARCH
# Query file:      /home/elise/Documents/M1-BIM/S2/TMEs/SBAS/tme08/models/scop30/d2y3qa_a.25.1.1.aln.hmm
# Target file:     /home/elise/Documents/M1-BIM/S2/TMEs/SBAS/tme08/scop/scop/scopTestSeq.fasta
# Option settings: hmmsearch --domtblout /home/elise/Documents/M1-BIM/S2/TMEs/SBAS/tme08/searchResults/scop30/d2y3qa_a.25.1.1.aln.out -E 1 /home/elise/Documents/M1-BIM/S2/TMEs/SBAS/tme08/models/scop30/d2y3qa_a.25.1.1.aln.hmm /home/elise/Documents/M1-BIM/S2/TMEs/SBAS/tme08/scop/scop/scopTestSeq.fasta 
# Current dir:     /home/elise/Documents/M1-BIM/S2/TMEs/SBAS/tme08
# Date:            Thu Apr 10 10:02:42 2025
# [ok]
