#                                                                            --- full sequence --- -------------- this domain -------------   hmm coord   ali coord   env coord
# target name        accession   tlen query name           accession   qlen   E-value  score  bias   #  of  c-Evalue  i-Evalue  score  bias  from    to  from    to  from    to  acc description of target
#------------------- ---------- ----- -------------------- ---------- ----- --------- ------ ----- --- --- --------- --------- ------ ----- ----- ----- ----- ----- ----- ----- ---- ---------------------
d1pvma4d.37.1.1      -            142 d2yzqa2d.37.1.1.aln  -            137   1.2e-42  140.8   0.8   1   1   3.1e-44   1.4e-42  140.6   0.8     2   136     1   130     1   131 0.98 -
d2yzia1d.37.1.1      -            132 d2yzqa2d.37.1.1.aln  -            137   2.6e-41  136.4   0.9   1   1   6.6e-43   2.9e-41  136.3   0.9     2   137     3   131     2   131 0.98 -
d3ddja1d.37.1.1      -            141 d2yzqa2d.37.1.1.aln  -            137   3.9e-40  132.6   6.4   1   1   9.9e-42   4.3e-40  132.5   6.4     4   136     2   134     1   135 0.98 -
d1o50a3d.37.1.1      -            145 d2yzqa2d.37.1.1.aln  -            137   1.3e-39  130.9   1.3   1   1   3.3e-41   1.4e-39  130.8   1.3     2   136     2   144     1   145 0.98 -
d2yzqa1d.37.1.1      -            156 d2yzqa2d.37.1.1.aln  -            137   2.1e-39  130.3   0.1   1   1   5.4e-41   2.4e-39  130.1   0.1     3   131     3   155     1   156 0.98 -
d1y5ha3d.37.1.1      -            123 d2yzqa2d.37.1.1.aln  -            137   7.2e-39  128.5   0.0   1   1   1.8e-40   7.8e-39  128.4   0.0     6   131     3   122     1   123 0.98 -
d2nyca1d.37.1.1      -            140 d2yzqa2d.37.1.1.aln  -            137   1.4e-38  127.6   0.6   1   1   3.6e-40   1.6e-38  127.4   0.6     3   132     8   138     6   140 0.98 -
d3ddja2d.37.1.1      -            135 d2yzqa2d.37.1.1.aln  -            137   2.3e-36  120.4   0.1   1   1   5.9e-38   2.6e-36  120.3   0.1     4   135     1   134     1   135 0.98 -
d2j9la1d.37.1.1      -            169 d2yzqa2d.37.1.1.aln  -            137   8.6e-36  118.6   0.3   1   1   2.2e-37   9.8e-36  118.4   0.3     2   136     9   160     8   161 0.98 -
d1vr9a3d.37.1.1      -            121 d2yzqa2d.37.1.1.aln  -            137   9.3e-36  118.5   0.1   1   1   2.4e-37     1e-35  118.3   0.1     4   135     1   120     1   121 0.96 -
d2rc3a1d.37.1.1      -            127 d2yzqa2d.37.1.1.aln  -            137   2.7e-35  117.0   1.6   1   1   6.6e-37   2.9e-35  116.9   1.6     3   131     4   125     2   127 0.95 -
d2v8qe2d.37.1.1      -            159 d2yzqa2d.37.1.1.aln  -            137   7.2e-34  112.3   0.0   1   1   1.8e-35   8.1e-34  112.2   0.0     2   136    13   157    12   158 0.97 -
d1pbja3d.37.1.1      -            120 d2yzqa2d.37.1.1.aln  -            137   1.9e-33  111.0   6.9   1   1   4.7e-35     2e-33  110.9   6.9     5   132     1   120     1   120 0.98 -
d2riha_d.37.1.1      -            131 d2yzqa2d.37.1.1.aln  -            137     1e-32  108.7   0.3   1   1   2.5e-34   1.1e-32  108.5   0.3     4   136     1   127     1   128 0.94 -
d1zfja4d.37.1.1      -            126 d2yzqa2d.37.1.1.aln  -            137   1.2e-31  105.1   0.1   1   1   3.1e-33   1.3e-31  105.0   0.1     7   136     2   121     1   122 0.97 -
d2ouxa2d.37.1.1      -            127 d2yzqa2d.37.1.1.aln  -            137   1.4e-31  104.9   7.2   1   1   3.5e-33   1.5e-31  104.8   7.2     3   136     5   126     3   127 0.96 -
d2d4za3d.37.1.1      -            161 d2yzqa2d.37.1.1.aln  -            137   2.6e-31  104.0   0.0   1   1   8.1e-33   3.6e-31  103.6   0.0     1   136     8   147     8   160 0.98 -
d2yzqa2d.37.1.1      -            122 d2yzqa2d.37.1.1.aln  -            137   5.3e-29   96.6   0.7   1   2   5.4e-15   2.4e-13   45.9   0.0    77   129     3    55     1    58 0.96 -
d2yzqa2d.37.1.1      -            122 d2yzqa2d.37.1.1.aln  -            137   5.3e-29   96.6   0.7   2   2   2.9e-16   1.3e-14   50.0   0.3    72   131    57   116    54   122 0.91 -
#
# Program:         hmmsearch
# Version:         3.3.2 (Nov 2020)
# Pipeline mode:   SEARCH
# Query file:      /home/elise/Documents/M1-BIM/S2/TMEs/SBAS/tme08/models/scop30/d2yzqa2d.37.1.1.aln.hmm
# Target file:     /home/elise/Documents/M1-BIM/S2/TMEs/SBAS/tme08/scop/scop/scopTestSeq.fasta
# Option settings: hmmsearch --domtblout /home/elise/Documents/M1-BIM/S2/TMEs/SBAS/tme08/searchResults/scop30/d2yzqa2d.37.1.1.aln.out -E 1 /home/elise/Documents/M1-BIM/S2/TMEs/SBAS/tme08/models/scop30/d2yzqa2d.37.1.1.aln.hmm /home/elise/Documents/M1-BIM/S2/TMEs/SBAS/tme08/scop/scop/scopTestSeq.fasta 
# Current dir:     /home/elise/Documents/M1-BIM/S2/TMEs/SBAS/tme08
# Date:            Thu Apr 10 10:02:42 2025
# [ok]
