#                                                                            --- full sequence --- -------------- this domain -------------   hmm coord   ali coord   env coord
# target name        accession   tlen query name           accession   qlen   E-value  score  bias   #  of  c-Evalue  i-Evalue  score  bias  from    to  from    to  from    to  acc description of target
#------------------- ---------- ----- -------------------- ---------- ----- --------- ------ ----- --- --- --------- --------- ------ ----- ----- ----- ----- ----- ----- ----- ---- ---------------------
d3bpza_b.82.3.2      -            194 d2zcwa2b.82.3.2.aln  -            139   1.9e-46  152.4   0.1   1   1   3.7e-48   2.4e-46  152.1   0.1     2   138    59   191    58   192 0.98 -
d1o7fa2b.82.3.2      -            155 d2zcwa2b.82.3.2.aln  -            139   1.1e-44  146.7   0.0   1   1   1.8e-46   1.2e-44  146.6   0.0     2   138    15   153    14   154 0.98 -
d1cx4a1b.82.3.2      -            136 d2zcwa2b.82.3.2.aln  -            139   6.1e-44  144.3   0.0   1   1     1e-45   6.8e-44  144.1   0.0     1   131     6   136     6   136 0.99 -
d1vp6a_b.82.3.2      -            133 d2zcwa2b.82.3.2.aln  -            139   1.2e-42  140.1   0.0   1   1     2e-44   1.3e-42  140.0   0.0     2   138     2   132     1   133 0.98 -
d1zyba2b.82.3.2      -            147 d2zcwa2b.82.3.2.aln  -            139   7.6e-42  137.5   0.1   1   1   1.3e-43   8.5e-42  137.3   0.1     6   139     1   145     1   145 0.98 -
d1o7fa3b.82.3.2      -            124 d2zcwa2b.82.3.2.aln  -            139   1.8e-41  136.3   0.0   1   1   2.9e-43   1.9e-41  136.2   0.0     3   125     2   123     1   124 0.98 -
d1cx4a2b.82.3.2      -            147 d2zcwa2b.82.3.2.aln  -            139   3.8e-41  135.2   0.1   1   1   6.4e-43   4.2e-41  135.1   0.1    11   138     2   136     1   137 0.99 -
d1wgpa_b.82.3.2      -            137 d2zcwa2b.82.3.2.aln  -            139   1.6e-39  129.9   0.0   1   1   2.7e-41   1.8e-39  129.8   0.0     8   137     3   136     1   137 0.98 -
d3e5ua2b.82.3.2      -            139 d2zcwa2b.82.3.2.aln  -            139   4.7e-39  128.5   0.0   1   1   7.9e-41   5.2e-39  128.3   0.0     3   139     1   138     1   138 0.99 -
d2gaua2b.82.3.2      -            142 d2zcwa2b.82.3.2.aln  -            139     7e-33  108.4   0.1   1   1   1.2e-34   7.8e-33  108.3   0.1     3   129    12   142    10   142 0.98 -
d1o5la1b.82.3.2      -            129 d2zcwa2b.82.3.2.aln  -            139   1.8e-30  100.6   0.3   1   1     3e-32     2e-30  100.5   0.3     1   129     4   129     4   129 0.98 -
d2zcwa2b.82.3.2      -            112 d2zcwa2b.82.3.2.aln  -            139   0.00044   15.1   0.0   1   2   2.1e-05    0.0014   13.6   0.0    37    92     3    63     1    75 0.88 -
d2zcwa2b.82.3.2      -            112 d2zcwa2b.82.3.2.aln  -            139   0.00044   15.1   0.0   2   2      0.44        29   -0.5   0.0    11    30    72    91    63    97 0.78 -
#
# Program:         hmmsearch
# Version:         3.3.2 (Nov 2020)
# Pipeline mode:   SEARCH
# Query file:      /home/elise/Documents/M1-BIM/S2/TMEs/SBAS/tme08/models/scop30/d2zcwa2b.82.3.2.aln.hmm
# Target file:     /home/elise/Documents/M1-BIM/S2/TMEs/SBAS/tme08/scop/scop/scopTestSeq.fasta
# Option settings: hmmsearch --domtblout /home/elise/Documents/M1-BIM/S2/TMEs/SBAS/tme08/searchResults/scop30/d2zcwa2b.82.3.2.aln.out -E 1 /home/elise/Documents/M1-BIM/S2/TMEs/SBAS/tme08/models/scop30/d2zcwa2b.82.3.2.aln.hmm /home/elise/Documents/M1-BIM/S2/TMEs/SBAS/tme08/scop/scop/scopTestSeq.fasta 
# Current dir:     /home/elise/Documents/M1-BIM/S2/TMEs/SBAS/tme08
# Date:            Thu Apr 10 10:02:42 2025
# [ok]
