#                                                                            --- full sequence --- -------------- this domain -------------   hmm coord   ali coord   env coord
# target name        accession   tlen query name           accession   qlen   E-value  score  bias   #  of  c-Evalue  i-Evalue  score  bias  from    to  from    to  from    to  acc description of target
#------------------- ---------- ----- -------------------- ---------- ----- --------- ------ ----- --- --- --------- --------- ------ ----- ----- ----- ----- ----- ----- ----- ---- ---------------------
d1g0sa_d.113.1.1     -            209 d3a6sa_d.113.1.1.aln -            156     9e-44  144.5   0.4   1   1   2.1e-45     1e-43  144.3   0.4     2   155    31   205    30   206 0.99 -
d2b06a1d.113.1.1     -            155 d3a6sa_d.113.1.1.aln -            156   1.7e-42  140.3   0.0   1   1   3.8e-44   1.9e-42  140.2   0.0     7   155     1   154     1   155 0.98 -
d3zr0a_d.113.1.1     -            154 d3a6sa_d.113.1.1.aln -            156   1.1e-41  137.7   0.0   1   1   2.6e-43   1.3e-41  137.5   0.0    15   154     2   147     1   149 0.98 -
d1sjya_d.113.1.1     -            158 d3a6sa_d.113.1.1.aln -            156   1.4e-41  137.4   0.1   1   1   3.1e-43   1.5e-41  137.3   0.1     6   155     2   157     1   158 0.98 -
d1jkna_d.113.1.1     -            165 d3a6sa_d.113.1.1.aln -            156   1.2e-40  134.3   0.0   1   1   2.7e-42   1.3e-40  134.2   0.0     3   152     2   164     1   165 0.98 -
d2fvva1d.113.1.1     -            135 d3a6sa_d.113.1.1.aln -            156   1.5e-40  134.1   0.8   1   1   3.3e-42   1.6e-40  133.9   0.8     3   136     1   133     1   135 0.98 -
d3o69a_d.113.1.1     -            190 d3a6sa_d.113.1.1.aln -            156   6.9e-40  131.9   0.1   1   1   1.6e-41   7.8e-40  131.7   0.1     1   153    18   189    18   190 0.99 -
d2azwa1d.113.1.1     -            147 d3a6sa_d.113.1.1.aln -            156   8.7e-40  131.6   1.0   1   1   1.9e-41   9.5e-40  131.4   1.0     1   150     1   146     1   147 0.98 -
d2b0va1d.113.1.1     -            146 d3a6sa_d.113.1.1.aln -            156     1e-39  131.3   0.0   1   1   2.3e-41   1.1e-39  131.2   0.0    14   154     2   145     1   146 0.98 -
d1ktga_d.113.1.1     -            137 d3a6sa_d.113.1.1.aln -            156   1.2e-39  131.2   0.0   1   1   2.6e-41   1.3e-39  131.0   0.0    13   151     2   135     1   137 0.97 -
d1v8ya_d.113.1.1     -            158 d3a6sa_d.113.1.1.aln -            156   2.9e-39  129.9   0.8   1   1   6.5e-41   3.2e-39  129.7   0.8     5   153     1   158     1   158 0.98 -
d1q33a_d.113.1.1     -            292 d3a6sa_d.113.1.1.aln -            156   4.5e-39  129.3   0.0   1   1   1.3e-40   6.2e-39  128.8   0.0     2   154    68   272    67   274 0.99 -
d1vhza_d.113.1.1     -            186 d3a6sa_d.113.1.1.aln -            156   8.7e-39  128.3   0.0   1   1     2e-40   9.7e-39  128.2   0.0     2   153    17   186    16   186 0.97 -
d1nqza_d.113.1.1     -            187 d3a6sa_d.113.1.1.aln -            156   7.4e-38  125.3   0.0   1   1   1.7e-39   8.4e-38  125.1   0.0     2   154    21   183    20   185 0.98 -
d1k2ea_d.113.1.1     -            152 d3a6sa_d.113.1.1.aln -            156   1.1e-35  118.3   0.4   1   1   2.4e-37   1.2e-35  118.1   0.4    18   155     2   150     1   151 0.97 -
d3a6sa_d.113.1.1     -            129 d3a6sa_d.113.1.1.aln -            156   1.7e-16   55.9   0.2   1   1   3.6e-18   1.8e-16   55.8   0.2    18    88     7    79     1   116 0.70 -
#
# Program:         hmmsearch
# Version:         3.3.2 (Nov 2020)
# Pipeline mode:   SEARCH
# Query file:      /home/elise/Documents/M1-BIM/S2/TMEs/SBAS/tme08/models/scop30/d3a6sa_d.113.1.1.aln.hmm
# Target file:     /home/elise/Documents/M1-BIM/S2/TMEs/SBAS/tme08/scop/scop/scopTestSeq.fasta
# Option settings: hmmsearch --domtblout /home/elise/Documents/M1-BIM/S2/TMEs/SBAS/tme08/searchResults/scop30/d3a6sa_d.113.1.1.aln.out -E 1 /home/elise/Documents/M1-BIM/S2/TMEs/SBAS/tme08/models/scop30/d3a6sa_d.113.1.1.aln.hmm /home/elise/Documents/M1-BIM/S2/TMEs/SBAS/tme08/scop/scop/scopTestSeq.fasta 
# Current dir:     /home/elise/Documents/M1-BIM/S2/TMEs/SBAS/tme08
# Date:            Thu Apr 10 10:02:42 2025
# [ok]
