#                                                                            --- full sequence --- -------------- this domain -------------   hmm coord   ali coord   env coord
# target name        accession   tlen query name           accession   qlen   E-value  score  bias   #  of  c-Evalue  i-Evalue  score  bias  from    to  from    to  from    to  acc description of target
#------------------- ---------- ----- -------------------- ---------- ----- --------- ------ ----- --- --- --------- --------- ------ ----- ----- ----- ----- ----- ----- ----- ---- ---------------------
d1uoka2c.1.8.1       -            479 d3bmva4c.1.8.1.aln   -            443  6.9e-123  406.4  17.7   1   1    2e-124  7.7e-123  406.3  17.7    10   440     2   477     1   479 0.98 -
d1wzaa2c.1.8.1       -            409 d3bmva4c.1.8.1.aln   -            443  3.3e-122  404.2  14.4   1   1  9.3e-124  3.7e-122  404.1  14.4    13   441     1   408     1   409 0.99 -
d1g5aa2c.1.8.1       -            554 d3bmva4c.1.8.1.aln   -            443  4.4e-122  403.8   4.0   1   1  1.5e-123  5.8e-122  403.4   4.0     1   442    38   553    38   554 0.99 -
d1bf2a3c.1.8.1       -            475 d3bmva4c.1.8.1.aln   -            443  3.5e-113  374.5  16.7   1   1  9.8e-115  3.9e-113  374.3  16.7     1   442     1   472     1   473 0.99 -
d1h3ga3c.1.8.1       -            422 d3bmva4c.1.8.1.aln   -            443  3.7e-112  371.1  10.8   1   1    1e-113  4.1e-112  370.9  10.8     8   443     3   422     1   422 0.99 -
d2bhua3c.1.8.1       -            420 d3bmva4c.1.8.1.aln   -            443  2.5e-105  348.5   4.1   1   1  2.4e-106  9.6e-105  346.6   4.1     1   442     1   419     1   420 0.99 -
d1ji1a3c.1.8.1       -            432 d3bmva4c.1.8.1.aln   -            443  1.3e-101  336.3  23.9   1   1  3.7e-103  1.5e-101  336.1  23.9     8   443     2   432     1   432 0.99 -
d2fhfa5c.1.8.1       -            563 d3bmva4c.1.8.1.aln   -            443  9.5e-100  330.2   2.2   1   1  3.1e-101   1.2e-99  329.8   2.2     2   442     7   562     6   563 0.99 -
d1m7xa3c.1.8.1       -            396 d3bmva4c.1.8.1.aln   -            443   2.1e-97  322.4  16.2   1   1   6.2e-99   2.5e-97  322.2  16.2     2   442     2   392     1   393 0.99 -
d1wdpa_c.1.8.1       -            493 d3bmva4c.1.8.1.aln   -            443     1e-96  320.2   0.1   1   1     3e-98   1.2e-96  320.0   0.1     1   442    11   486    11   487 0.99 -
d1gjwa2c.1.8.1       -            572 d3bmva4c.1.8.1.aln   -            443   1.8e-96  319.4   0.0   1   1   5.1e-98     2e-96  319.2   0.0     1   442    45   571    45   572 0.99 -
d2guya2c.1.8.1       -            381 d3bmva4c.1.8.1.aln   -            443   9.7e-96  317.0   9.7   1   1   2.8e-97   1.1e-95  316.8   9.7    10   431     2   372     1   381 0.95 -
d1r7aa2c.1.8.1       -            434 d3bmva4c.1.8.1.aln   -            443   1.6e-95  316.2   0.3   1   1   4.7e-97   1.8e-95  316.1   0.3    14   442     1   431     1   432 1.00 -
d1x1na1c.1.8.1       -            523 d3bmva4c.1.8.1.aln   -            443   5.9e-95  314.4   0.1   1   1   1.7e-96   6.6e-95  314.2   0.1     2   441    11   521    10   523 0.98 -
d1ht6a2c.1.8.1       -            347 d3bmva4c.1.8.1.aln   -            443   6.3e-86  284.6   6.0   1   1   1.9e-87   7.3e-86  284.4   6.0    16   436     1   345     1   347 0.96 -
d1vema2c.1.8.1       -            417 d3bmva4c.1.8.1.aln   -            443     2e-82  273.1   7.0   1   1   5.7e-84   2.2e-82  272.9   7.0     1   438     9   412     9   417 0.96 -
d1e43a2c.1.8.1       -            393 d3bmva4c.1.8.1.aln   -            443   3.7e-82  272.2  16.9   1   1     1e-83   4.1e-82  272.1  16.9    16   436     2   393     1   393 0.98 -
d1kwga2c.1.8.1       -            393 d3bmva4c.1.8.1.aln   -            443   2.4e-76  253.1   0.0   1   1   6.8e-78   2.7e-76  252.9   0.0     1   442    10   392    10   393 0.99 -
d1ua7a2c.1.8.1       -            344 d3bmva4c.1.8.1.aln   -            443   2.5e-74  246.4  12.6   1   1   7.6e-76     3e-74  246.1  12.6    14   441     3   343     1   344 0.95 -
d3bmva4c.1.8.1       -            406 d3bmva4c.1.8.1.aln   -            443   7.2e-36  119.7  13.5   1   2   1.8e-30   7.2e-29   96.6   8.7    17   221    15   245    10   264 0.89 -
d3bmva4c.1.8.1       -            406 d3bmva4c.1.8.1.aln   -            443   7.2e-36  119.7  13.5   2   2     6e-09   2.3e-07   25.7   0.2   317   441   320   405   303   406 0.80 -
#
# Program:         hmmsearch
# Version:         3.3.2 (Nov 2020)
# Pipeline mode:   SEARCH
# Query file:      /home/elise/Documents/M1-BIM/S2/TMEs/SBAS/tme08/models/scop30/d3bmva4c.1.8.1.aln.hmm
# Target file:     /home/elise/Documents/M1-BIM/S2/TMEs/SBAS/tme08/scop/scop/scopTestSeq.fasta
# Option settings: hmmsearch --domtblout /home/elise/Documents/M1-BIM/S2/TMEs/SBAS/tme08/searchResults/scop30/d3bmva4c.1.8.1.aln.out -E 1 /home/elise/Documents/M1-BIM/S2/TMEs/SBAS/tme08/models/scop30/d3bmva4c.1.8.1.aln.hmm /home/elise/Documents/M1-BIM/S2/TMEs/SBAS/tme08/scop/scop/scopTestSeq.fasta 
# Current dir:     /home/elise/Documents/M1-BIM/S2/TMEs/SBAS/tme08
# Date:            Thu Apr 10 10:02:42 2025
# [ok]
