#                                                                            --- full sequence --- -------------- this domain -------------   hmm coord   ali coord   env coord
# target name        accession   tlen query name           accession   qlen   E-value  score  bias   #  of  c-Evalue  i-Evalue  score  bias  from    to  from    to  from    to  acc description of target
#------------------- ---------- ----- -------------------- ---------- ----- --------- ------ ----- --- --- --------- --------- ------ ----- ----- ----- ----- ----- ----- ----- ---- ---------------------
d1ea9c2b.71.1.1      -             80 d3bmva3b.71.1.1.aln  -             80   3.3e-20   67.4   0.0   1   1     1e-21   3.6e-20   67.3   0.0     2    78     2    77     1    79 0.97 -
d1ji1a2b.71.1.1      -             83 d3bmva3b.71.1.1.aln  -             80   2.4e-18   61.5   2.3   1   1   7.4e-20   2.6e-18   61.4   2.3     2    78     2    83     1    83 0.98 -
d1e43a1b.71.1.1      -             90 d3bmva3b.71.1.1.aln  -             80   1.4e-17   59.1   0.9   1   1   4.4e-19   1.6e-17   58.9   0.9     1    78     3    89     3    90 0.98 -
d1uasa1b.71.1.1      -             89 d3bmva3b.71.1.1.aln  -             80   2.3e-17   58.4   0.5   1   1   7.5e-19   2.7e-17   58.2   0.5     7    79     6    87     3    88 0.97 -
d1j0ha2b.71.1.1      -             83 d3bmva3b.71.1.1.aln  -             80   1.4e-16   55.9   0.0   1   1   4.3e-18   1.5e-16   55.8   0.0     3    80     4    82     2    82 0.97 -
d1m7xa2b.71.1.1      -            106 d3bmva3b.71.1.1.aln  -             80   1.5e-16   55.8   0.0   1   1   4.7e-18   1.7e-16   55.6   0.0     2    79     4    90     3    91 0.98 -
d1wzaa1b.71.1.1      -             79 d3bmva3b.71.1.1.aln  -             80     2e-16   55.4   0.0   1   1   6.1e-18   2.2e-16   55.3   0.0     2    80     1    78     1    78 0.98 -
d1h3ga2b.71.1.1      -             83 d3bmva3b.71.1.1.aln  -             80   3.5e-16   54.6   0.0   1   1     1e-17   3.7e-16   54.5   0.0     4    79     2    82     1    83 0.97 -
d2guya1b.71.1.1      -             95 d3bmva3b.71.1.1.aln  -             80   7.6e-16   53.5   0.2   1   1   2.4e-17   8.5e-16   53.4   0.2     2    79     2    85     1    86 0.98 -
d1szna1b.71.1.1      -            103 d3bmva3b.71.1.1.aln  -             80   1.8e-15   52.4   0.4   1   1   5.7e-17     2e-15   52.2   0.4     1    78    11    96    11    98 0.97 -
d1mxga1b.71.1.1      -             74 d3bmva3b.71.1.1.aln  -             80     2e-15   52.2   0.9   1   1   6.1e-17   2.2e-15   52.1   0.9     2    77     2    74     1    74 0.96 -
d1bf2a2b.71.1.1      -            113 d3bmva3b.71.1.1.aln  -             80   7.9e-15   50.3   2.1   1   1   2.6e-16   9.5e-15   50.1   2.1     3    79    18   103    16   104 0.98 -
d1ua7a1b.71.1.1      -             78 d3bmva3b.71.1.1.aln  -             80   1.1e-14   49.9   0.2   1   1   3.3e-16   1.2e-14   49.8   0.2     3    78     2    77     1    78 0.97 -
d1g5aa1b.71.1.1      -             74 d3bmva3b.71.1.1.aln  -             80   2.4e-13   45.6   0.0   1   1     7e-15   2.5e-13   45.5   0.0     4    75     3    73     1    74 0.96 -
d2fhfa4b.71.1.1      -            118 d3bmva3b.71.1.1.aln  -             80     3e-12   42.1   0.0   1   1     1e-13   3.6e-12   41.8   0.0     2    79    18   104    17   105 0.97 -
d1r7aa1b.71.1.1      -             70 d3bmva3b.71.1.1.aln  -             80   3.2e-10   35.6   0.1   1   1   9.7e-12   3.5e-10   35.5   0.1     1    77     3    70     3    70 0.97 -
d1gjwa1b.71.1.1      -             64 d3bmva3b.71.1.1.aln  -             80   4.5e-10   35.2   0.0   1   1   1.3e-11   4.7e-10   35.1   0.0     7    70     2    63     1    64 0.95 -
d2bhua2b.71.1.1      -             72 d3bmva3b.71.1.1.aln  -             80   4.8e-10   35.1   0.1   1   1   1.4e-11   5.2e-10   35.0   0.1     2    77     1    72     1    72 0.96 -
d1gcya1b.71.1.1      -             61 d3bmva3b.71.1.1.aln  -             80   8.9e-09   31.0   0.3   1   1   2.6e-10   9.4e-09   31.0   0.3     3    68     3    60     1    61 0.95 -
d1ht6a1b.71.1.1      -             57 d3bmva3b.71.1.1.aln  -             80   3.3e-06   22.8   0.1   1   1     1e-07   3.8e-06   22.7   0.1     2    68     3    55     2    56 0.93 -
d1lwha1b.71.1.1      -             50 d3bmva3b.71.1.1.aln  -             80   1.3e-05   21.0   0.0   1   1   7.7e-07   2.8e-05   19.9   0.0     3    33     2    32     1    50 0.85 -
d1kwga1b.71.1.1      -             54 d3bmva3b.71.1.1.aln  -             80   1.9e-05   20.4   0.0   1   1     6e-07   2.2e-05   20.3   0.0    10    72     3    53     1    53 0.94 -
#
# Program:         hmmsearch
# Version:         3.3.2 (Nov 2020)
# Pipeline mode:   SEARCH
# Query file:      /home/elise/Documents/M1-BIM/S2/TMEs/SBAS/tme08/models/scop30/d3bmva3b.71.1.1.aln.hmm
# Target file:     /home/elise/Documents/M1-BIM/S2/TMEs/SBAS/tme08/scop/scop/scopTestSeq.fasta
# Option settings: hmmsearch --domtblout /home/elise/Documents/M1-BIM/S2/TMEs/SBAS/tme08/searchResults/scop30/d3bmva3b.71.1.1.aln.out -E 1 /home/elise/Documents/M1-BIM/S2/TMEs/SBAS/tme08/models/scop30/d3bmva3b.71.1.1.aln.hmm /home/elise/Documents/M1-BIM/S2/TMEs/SBAS/tme08/scop/scop/scopTestSeq.fasta 
# Current dir:     /home/elise/Documents/M1-BIM/S2/TMEs/SBAS/tme08
# Date:            Thu Apr 10 10:02:42 2025
# [ok]
