#                                                                            --- full sequence --- -------------- this domain -------------   hmm coord   ali coord   env coord
# target name        accession   tlen query name           accession   qlen   E-value  score  bias   #  of  c-Evalue  i-Evalue  score  bias  from    to  from    to  from    to  acc description of target
#------------------- ---------- ----- -------------------- ---------- ----- --------- ------ ----- --- --- --------- --------- ------ ----- ----- ----- ----- ----- ----- ----- ---- ---------------------
d2etha1a.4.5.28      -            140 d3broa1a.4.5.28.aln  -            141   2.5e-44  146.0   0.1   1   1   6.7e-46   2.8e-44  145.9   0.1     1   141     1   139     1   139 0.98 -
d2fxaa1a.4.5.28      -            162 d3broa1a.4.5.28.aln  -            141   3.7e-44  145.5   0.0   1   1     1e-45   4.1e-44  145.3   0.0     3   141    10   148     8   148 0.98 -
d2fbia1a.4.5.28      -            136 d3broa1a.4.5.28.aln  -            141   1.5e-43  143.4   0.6   1   1     4e-45   1.7e-43  143.3   0.6     7   139     3   135     1   136 0.98 -
d1s3ja_a.4.5.28      -            143 d3broa1a.4.5.28.aln  -            141   6.8e-42  138.1   3.8   1   1   1.8e-43   7.5e-42  138.0   3.8     2   140     3   141     2   142 0.98 -
d1jgsa_a.4.5.28      -            138 d3broa1a.4.5.28.aln  -            141   6.8e-41  134.9   0.0   1   1   1.8e-42   7.3e-41  134.8   0.0     3   136     3   136     1   138 0.97 -
d3echa_a.4.5.28      -            142 d3broa1a.4.5.28.aln  -            141   9.2e-40  131.2   0.1   1   1   2.5e-41     1e-39  131.1   0.1     2   138     5   141     4   142 0.98 -
d1lj9a_a.4.5.28      -            144 d3broa1a.4.5.28.aln  -            141   8.1e-39  128.2   1.6   1   1   2.1e-40   8.9e-39  128.0   1.6     7   140     2   135     1   136 0.98 -
d2a61a1a.4.5.28      -            139 d3broa1a.4.5.28.aln  -            141   1.8e-38  127.0   0.0   1   1   4.7e-40     2e-38  126.9   0.0     4   141     2   137     1   137 0.98 -
d2fbha1a.4.5.28      -            137 d3broa1a.4.5.28.aln  -            141   3.9e-37  122.7   0.2   1   1     1e-38   4.3e-37  122.6   0.2     7   141     2   136     1   136 0.99 -
d1p4xa1a.4.5.28      -            125 d3broa1a.4.5.28.aln  -            141   2.1e-36  120.3   2.8   1   1   5.6e-38   2.3e-36  120.2   2.8     1   123     3   125     3   125 0.98 -
d2hr3a1a.4.5.28      -            145 d3broa1a.4.5.28.aln  -            141   3.3e-36  119.7   0.1   1   1   8.9e-38   3.7e-36  119.5   0.1     2   141     3   142     2   142 0.98 -
d1p4xa2a.4.5.28      -            125 d3broa1a.4.5.28.aln  -            141     6e-36  118.9   4.1   1   1   1.6e-37   6.5e-36  118.7   4.1     2   123     3   124     2   125 0.97 -
d2fbka1a.4.5.28      -            172 d3broa1a.4.5.28.aln  -            141   1.2e-35  117.9   0.0   1   1   3.4e-37   1.4e-35  117.7   0.0     3   141    34   172    32   172 0.98 -
d1hsja1a.4.5.28      -            115 d3broa1a.4.5.28.aln  -            141   3.1e-33  110.1   4.2   1   1   8.2e-35   3.4e-33  109.9   4.2     1   114     1   114     1   115 0.98 -
d1ub9a_a.4.5.28      -            100 d3broa1a.4.5.28.aln  -            141   7.9e-25   82.8   0.0   1   1     2e-26   8.5e-25   82.7   0.0    17   116     1    98     1   100 0.97 -
d3bjaa_a.4.5.0       -            139 d3broa1a.4.5.28.aln  -            141   1.3e-19   65.9   0.1   1   1   3.5e-21   1.5e-19   65.7   0.1    19   138    18   137    12   139 0.93 -
d3jw4a_a.4.5.0       -            137 d3broa1a.4.5.28.aln  -            141     2e-18   62.1   0.2   1   1   5.2e-20   2.2e-18   61.9   0.2    21   134    19   132     5   137 0.92 -
d3ctaa1a.4.5.28      -             85 d3broa1a.4.5.28.aln  -            141   1.1e-17   59.6   0.3   1   1   3.6e-19   1.5e-17   59.2   0.3    45   113    18    83     1    84 0.90 -
d3broa1a.4.5.28      -            135 d3broa1a.4.5.28.aln  -            141   1.3e-14   49.7   4.5   1   1   3.4e-16   1.4e-14   49.6   4.5    16   136    13   133     1   135 0.93 -
#
# Program:         hmmsearch
# Version:         3.3.2 (Nov 2020)
# Pipeline mode:   SEARCH
# Query file:      /home/elise/Documents/M1-BIM/S2/TMEs/SBAS/tme08/models/scop30/d3broa1a.4.5.28.aln.hmm
# Target file:     /home/elise/Documents/M1-BIM/S2/TMEs/SBAS/tme08/scop/scop/scopTestSeq.fasta
# Option settings: hmmsearch --domtblout /home/elise/Documents/M1-BIM/S2/TMEs/SBAS/tme08/searchResults/scop30/d3broa1a.4.5.28.aln.out -E 1 /home/elise/Documents/M1-BIM/S2/TMEs/SBAS/tme08/models/scop30/d3broa1a.4.5.28.aln.hmm /home/elise/Documents/M1-BIM/S2/TMEs/SBAS/tme08/scop/scop/scopTestSeq.fasta 
# Current dir:     /home/elise/Documents/M1-BIM/S2/TMEs/SBAS/tme08
# Date:            Thu Apr 10 10:02:42 2025
# [ok]
