#                                                                            --- full sequence --- -------------- this domain -------------   hmm coord   ali coord   env coord
# target name        accession   tlen query name           accession   qlen   E-value  score  bias   #  of  c-Evalue  i-Evalue  score  bias  from    to  from    to  from    to  acc description of target
#------------------- ---------- ----- -------------------- ---------- ----- --------- ------ ----- --- --- --------- --------- ------ ----- ----- ----- ----- ----- ----- ----- ---- ---------------------
d2cf7a_a.25.1.1      -            159 d3bvfa_a.25.1.1.aln  -            163   5.6e-52  171.4   0.0   1   1   8.5e-54   6.1e-52  171.3   0.0     2   159     2   158     1   159 0.98 -
d1tjoa_a.25.1.1      -            180 d3bvfa_a.25.1.1.aln  -            163   6.4e-51  167.9   8.5   1   1     1e-52   7.2e-51  167.8   8.5     1   161    18   179    18   180 0.98 -
d1z6om1a.25.1.1      -            191 d3bvfa_a.25.1.1.aln  -            163   1.6e-50  166.7   0.1   1   1   2.5e-52   1.8e-50  166.5   0.1     1   163    13   176    13   176 0.99 -
d1z6oa1a.25.1.1      -            200 d3bvfa_a.25.1.1.aln  -            163     1e-48  160.8  10.4   1   1   1.6e-50   1.1e-48  160.6  10.4     2   162    18   185    17   186 0.99 -
d1lb3a_a.25.1.1      -            179 d3bvfa_a.25.1.1.aln  -            163   8.4e-48  157.8   0.2   1   1   1.3e-49   9.4e-48  157.7   0.2     2   162     4   162     3   163 0.98 -
d1zs3a1a.25.1.1      -            171 d3bvfa_a.25.1.1.aln  -            163   3.1e-47  156.0   0.3   1   1   4.9e-49   3.5e-47  155.8   0.3     2   160    13   170    12   171 0.98 -
d1nf4a_a.25.1.1      -            169 d3bvfa_a.25.1.1.aln  -            163   9.8e-47  154.3   4.6   1   1   1.6e-48   1.1e-46  154.1   4.6     4   162     1   158     1   159 0.99 -
d2fzfa1a.25.1.1      -            158 d3bvfa_a.25.1.1.aln  -            163   2.5e-44  146.5   9.6   1   1   3.9e-46   2.8e-44  146.4   9.6     1   163     1   158     1   158 0.98 -
d2y3qa_a.25.1.1      -            158 d3bvfa_a.25.1.1.aln  -            163   4.5e-43  142.4   4.0   1   1   7.2e-45   5.2e-43  142.2   4.0     7   162     2   156     1   157 0.98 -
d1vjxa_a.25.1.1      -            149 d3bvfa_a.25.1.1.aln  -            163     5e-42  139.0   7.7   1   1   7.7e-44   5.6e-42  138.9   7.7     6   158     1   149     1   149 0.99 -
d1yuza1a.25.1.1      -            135 d3bvfa_a.25.1.1.aln  -            163     9e-34  112.2   0.9   1   1   1.4e-35     1e-33  112.0   0.9     6   151     1   135     1   135 0.98 -
#
# Program:         hmmsearch
# Version:         3.3.2 (Nov 2020)
# Pipeline mode:   SEARCH
# Query file:      /home/elise/Documents/M1-BIM/S2/TMEs/SBAS/tme08/models/scop30/d3bvfa_a.25.1.1.aln.hmm
# Target file:     /home/elise/Documents/M1-BIM/S2/TMEs/SBAS/tme08/scop/scop/scopTestSeq.fasta
# Option settings: hmmsearch --domtblout /home/elise/Documents/M1-BIM/S2/TMEs/SBAS/tme08/searchResults/scop30/d3bvfa_a.25.1.1.aln.out -E 1 /home/elise/Documents/M1-BIM/S2/TMEs/SBAS/tme08/models/scop30/d3bvfa_a.25.1.1.aln.hmm /home/elise/Documents/M1-BIM/S2/TMEs/SBAS/tme08/scop/scop/scopTestSeq.fasta 
# Current dir:     /home/elise/Documents/M1-BIM/S2/TMEs/SBAS/tme08
# Date:            Thu Apr 10 10:02:42 2025
# [ok]
