#                                                                            --- full sequence --- -------------- this domain -------------   hmm coord   ali coord   env coord
# target name        accession   tlen query name           accession   qlen   E-value  score  bias   #  of  c-Evalue  i-Evalue  score  bias  from    to  from    to  from    to  acc description of target
#------------------- ---------- ----- -------------------- ---------- ----- --------- ------ ----- --- --- --------- --------- ------ ----- ----- ----- ----- ----- ----- ----- ---- ---------------------
d2je6i1b.40.4.5      -             87 d3bzka4b.40.4.5.aln  -             87   2.2e-13   45.9   0.5   1   1     1e-14   2.4e-13   45.8   0.5     4    85     2    85     1    87 0.97 -
d1luza_b.40.4.5      -             85 d3bzka4b.40.4.5.aln  -             87     1e-12   43.8   0.4   1   1   4.5e-14   1.1e-12   43.7   0.4     3    86     2    84     1    85 0.96 -
d2nn6h1b.40.4.5      -             95 d3bzka4b.40.4.5.aln  -             87   1.3e-11   40.3   0.1   1   1   5.9e-13   1.4e-11   40.2   0.1     3    87     2    93     1    93 0.98 -
d2ja9a1b.40.4.5      -             90 d3bzka4b.40.4.5.aln  -             87   7.8e-11   37.8   0.0   1   1   3.5e-12   8.5e-11   37.7   0.0     3    85     1    86     1    88 0.95 -
d2ix0a3b.40.4.5      -             87 d3bzka4b.40.4.5.aln  -             87   1.6e-10   36.9   0.1   1   1     7e-12   1.7e-10   36.8   0.1     2    81     4    84     3    87 0.95 -
d1kl9a2b.40.4.5      -             86 d3bzka4b.40.4.5.aln  -             87   2.2e-10   36.4   0.6   1   1   9.8e-12   2.4e-10   36.3   0.6     2    82     6    86     5    86 0.93 -
d1jt8a_b.40.4.5      -            102 d3bzka4b.40.4.5.aln  -             87   3.6e-10   35.7   0.6   1   1   1.7e-11     4e-10   35.6   0.6     3    86     6   100     4   101 0.93 -
d1t9ha1b.40.4.5      -             67 d3bzka4b.40.4.5.aln  -             87   3.6e-10   35.7   0.2   1   1   1.6e-11   3.8e-10   35.6   0.2     5    81     2    66     1    67 0.94 -
d2nn6i1b.40.4.5      -            125 d3bzka4b.40.4.5.aln  -             87   7.1e-10   34.8   0.0   1   1   4.5e-11   1.1e-09   34.2   0.0     5    87     3   116     1   116 0.92 -
d2vnud2b.40.4.5      -             88 d3bzka4b.40.4.5.aln  -             87   8.5e-10   34.5   0.3   1   1   3.9e-11   9.3e-10   34.4   0.3     3    84     2    86     1    88 0.88 -
d1y14b1b.40.4.5      -             91 d3bzka4b.40.4.5.aln  -             87   1.8e-09   33.5   0.0   1   1   8.1e-11   1.9e-09   33.4   0.0     4    85     1    90     1    91 0.97 -
d1go3e1b.40.4.5      -            106 d3bzka4b.40.4.5.aln  -             87   4.4e-09   32.3   2.3   1   1   2.9e-10     7e-09   31.7   2.3     2    68     4    70     3   106 0.82 -
d1jjga_b.40.4.5      -            102 d3bzka4b.40.4.5.aln  -             87   6.5e-09   31.7   0.2   1   1   3.2e-10   7.6e-09   31.5   0.2     3    83    11   101     9   102 0.84 -
d1wfqa_b.40.4.5      -             89 d3bzka4b.40.4.5.aln  -             87   9.4e-09   31.2   0.0   1   1     4e-10   9.5e-09   31.2   0.0     7    81     4    81     1    89 0.82 -
d2ix0a1b.40.4.5      -             90 d3bzka4b.40.4.5.aln  -             87   1.9e-08   30.3   0.0   1   1   8.6e-10   2.1e-08   30.2   0.0     3    87     2    90     1    90 0.98 -
d1d7qa_b.40.4.5      -            143 d3bzka4b.40.4.5.aln  -             87   2.6e-08   29.9   0.1   1   1   1.5e-09   3.5e-08   29.4   0.1     4    67    18    96    15   139 0.74 -
d1smxa_b.40.4.5      -             87 d3bzka4b.40.4.5.aln  -             87   5.7e-08   28.8   0.0   1   1   2.6e-09   6.1e-08   28.7   0.0     4    74     3    76     1    86 0.91 -
d2uubq1b.40.4.5      -            100 d3bzka4b.40.4.5.aln  -             87   9.5e-08   28.1   2.7   1   1   4.4e-09     1e-07   27.9   2.7     3    86     3    95     1    96 0.96 -
d2vnud3b.40.4.5      -            148 d3bzka4b.40.4.5.aln  -             87   1.6e-07   27.3   0.0   1   1   1.4e-08   3.3e-07   26.3   0.0     2    83     2   121     1   125 0.83 -
d2vnud1b.40.4.5      -             95 d3bzka4b.40.4.5.aln  -             87   3.4e-07   26.3   0.0   1   1   1.5e-08   3.5e-07   26.3   0.0     4    82     7    93     4    95 0.91 -
d1khia2b.40.4.5      -             71 d3bzka4b.40.4.5.aln  -             87   1.1e-06   24.7   0.1   1   1   4.6e-08   1.1e-06   24.7   0.1     5    76     2    67     1    71 0.91 -
d2asba1b.40.4.5      -             76 d3bzka4b.40.4.5.aln  -             87   1.8e-06   24.0   0.2   1   1   7.6e-08   1.8e-06   24.0   0.2     4    71     2    68     1    76 0.90 -
d2ix0a2b.40.4.5      -             79 d3bzka4b.40.4.5.aln  -             87     2e-06   23.9   0.0   1   1   9.2e-08   2.2e-06   23.7   0.0    24    80    17    77     2    78 0.88 -
d1hh2p1b.40.4.5      -             72 d3bzka4b.40.4.5.aln  -             87   2.1e-06   23.8   0.4   1   1   8.9e-08   2.1e-06   23.8   0.4    27    82    15    72     1    72 0.89 -
d1x6oa2b.40.4.5      -             79 d3bzka4b.40.4.5.aln  -             87   2.2e-06   23.7   0.0   1   1   9.9e-08   2.4e-06   23.6   0.0     3    80     2    76     1    78 0.90 -
d1u0la1b.40.4.5      -             66 d3bzka4b.40.4.5.aln  -             87   2.7e-06   23.5   0.3   1   1   1.2e-07   2.8e-06   23.4   0.3     4    81     2    65     1    66 0.91 -
d3i4oa_b.40.4.5      -             68 d3bzka4b.40.4.5.aln  -             87   5.4e-06   22.5   0.2   1   1   2.5e-07     6e-06   22.4   0.2     5    82     5    67     2    68 0.88 -
d1c9oa_b.40.4.5      -             66 d3bzka4b.40.4.5.aln  -             87   6.1e-06   22.3   0.1   1   1   2.8e-07   6.8e-06   22.2   0.1     5    71     2    56     1    65 0.90 -
d1e3pa2b.40.4.5      -             62 d3bzka4b.40.4.5.aln  -             87   6.1e-06   22.3   0.2   1   1   2.7e-07   6.5e-06   22.2   0.2     7    82     1    61     1    62 0.88 -
d1wi5a_b.40.4.5      -            119 d3bzka4b.40.4.5.aln  -             87   9.3e-05   18.6   0.0   1   1     5e-06   0.00012   18.2   0.0     6    78     3    90     1   117 0.94 -
d1ne3a_b.40.4.5      -             68 d3bzka4b.40.4.5.aln  -             87   0.00027   17.1   0.1   1   1   1.2e-05   0.00028   17.0   0.1     3    63     3    54     1    66 0.91 -
d2uubl1b.40.4.5      -            118 d3bzka4b.40.4.5.aln  -             87   0.00051   16.2   1.9   1   1   2.8e-05   0.00067   15.9   1.9     4    86     8   114     5   115 0.87 -
d1ueba2b.40.4.5      -             63 d3bzka4b.40.4.5.aln  -             87    0.0008   15.6   0.0   1   1   3.4e-05   0.00082   15.6   0.0    12    69    10    59     1    62 0.81 -
#
# Program:         hmmsearch
# Version:         3.3.2 (Nov 2020)
# Pipeline mode:   SEARCH
# Query file:      /home/elise/Documents/M1-BIM/S2/TMEs/SBAS/tme08/models/scop30/d3bzka4b.40.4.5.aln.hmm
# Target file:     /home/elise/Documents/M1-BIM/S2/TMEs/SBAS/tme08/scop/scop/scopTestSeq.fasta
# Option settings: hmmsearch --domtblout /home/elise/Documents/M1-BIM/S2/TMEs/SBAS/tme08/searchResults/scop30/d3bzka4b.40.4.5.aln.out -E 1 /home/elise/Documents/M1-BIM/S2/TMEs/SBAS/tme08/models/scop30/d3bzka4b.40.4.5.aln.hmm /home/elise/Documents/M1-BIM/S2/TMEs/SBAS/tme08/scop/scop/scopTestSeq.fasta 
# Current dir:     /home/elise/Documents/M1-BIM/S2/TMEs/SBAS/tme08
# Date:            Thu Apr 10 10:02:42 2025
# [ok]
