#                                                                            --- full sequence --- -------------- this domain -------------   hmm coord   ali coord   env coord
# target name        accession   tlen query name           accession   qlen   E-value  score  bias   #  of  c-Evalue  i-Evalue  score  bias  from    to  from    to  from    to  acc description of target
#------------------- ---------- ----- -------------------- ---------- ----- --------- ------ ----- --- --- --------- --------- ------ ----- ----- ----- ----- ----- ----- ----- ---- ---------------------
d1z0xa2a.121.1.1     -            149 d3c07a2a.121.1.1.aln -            122   1.4e-24   81.9   0.0   1   1     6e-26   1.6e-24   81.8   0.0     2   121     6   125     5   126 0.98 -
d1rkta2a.121.1.1     -            123 d3c07a2a.121.1.1.aln -            122   3.4e-24   80.7   0.0   1   1   1.3e-25   3.7e-24   80.6   0.0     3   121     2   120     1   121 0.98 -
d2id3a2a.121.1.1     -            123 d3c07a2a.121.1.1.aln -            122   6.7e-23   76.5   6.7   1   1   2.7e-24   7.3e-23   76.4   6.7     2   121     3   122     2   123 0.97 -
d1t56a2a.121.1.1     -            120 d3c07a2a.121.1.1.aln -            122   8.3e-23   76.3   2.2   1   1   3.3e-24     9e-23   76.1   2.2     4   120     2   118     1   120 0.98 -
d1vi0a2a.121.1.1     -            117 d3c07a2a.121.1.1.aln -            122   1.1e-22   75.9   0.0   1   1   4.4e-24   1.2e-22   75.7   0.0     6   121     2   117     1   117 0.98 -
d2fx0a2a.121.1.1     -            122 d3c07a2a.121.1.1.aln -            122   2.9e-22   74.5   0.0   1   1   1.1e-23   3.1e-22   74.4   0.0     3   120     3   120     1   122 0.97 -
d1t33a2a.121.1.1     -            132 d3c07a2a.121.1.1.aln -            122     3e-22   74.5   0.1   1   1   1.2e-23   3.4e-22   74.3   0.1     1   121     2   122     2   123 0.99 -
d1ui5a2a.121.1.1     -            133 d3c07a2a.121.1.1.aln -            122   3.4e-22   74.3   0.2   1   1   1.5e-23   4.1e-22   74.0   0.2     9   119     4   114     1   117 0.97 -
d2hyja2a.121.1.1     -            118 d3c07a2a.121.1.1.aln -            122   5.2e-22   73.7   5.2   1   1     2e-23   5.5e-22   73.6   5.2     4   117     5   118     2   118 0.97 -
d2g7sa2a.121.1.1     -            116 d3c07a2a.121.1.1.aln -            122   5.2e-22   73.7   1.9   1   1   2.1e-23   5.6e-22   73.6   1.9     2   115     2   115     1   116 0.98 -
d2gfna2a.121.1.1     -            119 d3c07a2a.121.1.1.aln -            122   5.3e-22   73.7   7.2   1   1   2.1e-23   5.7e-22   73.6   7.2     4   119     3   118     1   119 0.97 -
d2gena2a.121.1.1     -            118 d3c07a2a.121.1.1.aln -            122   2.4e-21   71.5   6.1   1   1   9.8e-23   2.7e-21   71.4   6.1     4   121     2   118     1   118 0.98 -
d2i10a2a.121.1.1     -            116 d3c07a2a.121.1.1.aln -            122   5.2e-21   70.5   3.3   1   1   2.1e-22   5.6e-21   70.4   3.3     2   114     3   115     2   116 0.98 -
d2g3ba2a.121.1.1     -            116 d3c07a2a.121.1.1.aln -            122   7.6e-21   69.9   2.0   1   1     3e-22   8.3e-21   69.8   2.0     3   117     2   116     1   116 0.98 -
d2d6ya2a.121.1.1     -            118 d3c07a2a.121.1.1.aln -            122   2.8e-20   68.1   1.5   1   1   1.1e-21   3.1e-20   68.0   1.5     1   117     2   118     2   118 0.99 -
d2oi8a2a.121.1.1     -            130 d3c07a2a.121.1.1.aln -            122   4.6e-20   67.4   1.5   1   1   1.9e-21   5.2e-20   67.3   1.5     5   120     1   116     1   118 0.98 -
d2hkua2a.121.1.1     -            121 d3c07a2a.121.1.1.aln -            122   1.4e-19   65.8   0.1   1   1   5.8e-21   1.6e-19   65.7   0.1     2   121     2   121     1   121 0.98 -
d2fq4a2a.121.1.1     -            115 d3c07a2a.121.1.1.aln -            122   1.5e-19   65.7   0.0   1   1   6.2e-21   1.7e-19   65.6   0.0     4   116     2   114     1   115 0.98 -
d2fbqa2a.121.1.1     -            134 d3c07a2a.121.1.1.aln -            122   2.5e-19   65.1   0.1   1   1     1e-20   2.7e-19   64.9   0.1     4   121     8   125     5   126 0.97 -
d2id6a2a.121.1.1     -            125 d3c07a2a.121.1.1.aln -            122   4.1e-19   64.4   0.0   1   1   1.7e-20   4.5e-19   64.2   0.0     2   121     2   121     1   122 0.98 -
d2g7la2a.121.1.1     -            144 d3c07a2a.121.1.1.aln -            122   1.9e-18   62.2   5.6   1   1     7e-20   1.9e-18   62.2   5.6     3   121    16   134    14   135 0.97 -
d2iu5a2a.121.1.1     -            109 d3c07a2a.121.1.1.aln -            122   5.8e-18   60.7   0.0   1   1   2.3e-19   6.3e-18   60.6   0.0    10   117     2   109     1   109 0.98 -
d1sgma2a.121.1.1     -            111 d3c07a2a.121.1.1.aln -            122   5.3e-17   57.6   0.0   1   1   2.1e-18   5.7e-17   57.5   0.0     2   114     3   110     2   111 0.96 -
d2np5a2a.121.1.1     -            118 d3c07a2a.121.1.1.aln -            122   6.6e-17   57.3   3.5   1   1   2.9e-18   7.8e-17   57.0   3.5     4   121     4   114     2   115 0.97 -
d2g7ga2a.121.1.1     -            132 d3c07a2a.121.1.1.aln -            122   1.3e-16   56.3   8.8   1   1   5.1e-18   1.4e-16   56.2   8.8     2   117     6   121     5   126 0.96 -
d2o7ta2a.121.1.1     -            110 d3c07a2a.121.1.1.aln -            122   5.3e-16   54.4   0.0   1   1   2.1e-17   5.7e-16   54.3   0.0     6   113     2   109     1   110 0.97 -
d1zk8a2a.121.1.1     -            105 d3c07a2a.121.1.1.aln -            122     2e-15   52.5   0.0   1   1   7.7e-17   2.1e-15   52.4   0.0    16   118     2   104     1   105 0.97 -
d2fd5a2a.121.1.1     -            104 d3c07a2a.121.1.1.aln -            122     5e-12   41.6   2.9   1   1     2e-13   5.4e-12   41.5   2.9     4   111     2   101     1   104 0.96 -
d2np3a2a.121.1.1     -            112 d3c07a2a.121.1.1.aln -            122   1.5e-10   36.8   7.3   1   1   7.9e-12   2.1e-10   36.3   7.3     2   120     2   107     1   109 0.98 -
#
# Program:         hmmsearch
# Version:         3.3.2 (Nov 2020)
# Pipeline mode:   SEARCH
# Query file:      /home/elise/Documents/M1-BIM/S2/TMEs/SBAS/tme08/models/scop30/d3c07a2a.121.1.1.aln.hmm
# Target file:     /home/elise/Documents/M1-BIM/S2/TMEs/SBAS/tme08/scop/scop/scopTestSeq.fasta
# Option settings: hmmsearch --domtblout /home/elise/Documents/M1-BIM/S2/TMEs/SBAS/tme08/searchResults/scop30/d3c07a2a.121.1.1.aln.out -E 1 /home/elise/Documents/M1-BIM/S2/TMEs/SBAS/tme08/models/scop30/d3c07a2a.121.1.1.aln.hmm /home/elise/Documents/M1-BIM/S2/TMEs/SBAS/tme08/scop/scop/scopTestSeq.fasta 
# Current dir:     /home/elise/Documents/M1-BIM/S2/TMEs/SBAS/tme08
# Date:            Thu Apr 10 10:02:42 2025
# [ok]
