#                                                                            --- full sequence --- -------------- this domain -------------   hmm coord   ali coord   env coord
# target name        accession   tlen query name           accession   qlen   E-value  score  bias   #  of  c-Evalue  i-Evalue  score  bias  from    to  from    to  from    to  acc description of target
#------------------- ---------- ----- -------------------- ---------- ----- --------- ------ ----- --- --- --------- --------- ------ ----- ----- ----- ----- ----- ----- ----- ---- ---------------------
d3d2la_c.66.1.0      -            238 d3c3pa_c.66.1.0.aln  -            221   9.4e-91  298.9   0.0   1   1     8e-93     1e-90  298.7   0.0     1   221     1   238     1   238 0.99 -
d2efja_c.66.1.0      -            377 d3c3pa_c.66.1.0.aln  -            221     6e-87  286.5   0.0   1   2     0.062       8.1    1.6   0.0    31    46    53    68    49    91 0.80 -
d2efja_c.66.1.0      -            377 d3c3pa_c.66.1.0.aln  -            221     6e-87  286.5   0.0   2   2   5.9e-88   7.8e-86  282.8   0.0     1   220    95   335    95   336 0.99 -
d3evfa_c.66.1.0      -            261 d3c3pa_c.66.1.0.aln  -            221   3.3e-86  284.0   0.0   1   1     3e-88     4e-86  283.8   0.0     1   221    42   261    42   261 0.99 -
d2nyua_c.66.1.0      -            189 d3c3pa_c.66.1.0.aln  -            221   1.4e-70  233.0   0.0   1   1   1.1e-72   1.5e-70  232.8   0.0     7   220     1   189     1   189 0.99 -
d3e05a_c.66.1.0      -            191 d3c3pa_c.66.1.0.aln  -            221   5.6e-67  221.2   0.0   1   1   4.7e-69   6.2e-67  221.0   0.0     7   220     1   191     1   191 1.00 -
d3doua_c.66.1.0      -            181 d3c3pa_c.66.1.0.aln  -            221   1.4e-66  219.8   0.0   1   1   1.3e-68   1.7e-66  219.6   0.0     7   220     1   180     1   180 0.99 -
#
# Program:         hmmsearch
# Version:         3.3.2 (Nov 2020)
# Pipeline mode:   SEARCH
# Query file:      /home/elise/Documents/M1-BIM/S2/TMEs/SBAS/tme08/models/scop30/d3c3pa_c.66.1.0.aln.hmm
# Target file:     /home/elise/Documents/M1-BIM/S2/TMEs/SBAS/tme08/scop/scop/scopTestSeq.fasta
# Option settings: hmmsearch --domtblout /home/elise/Documents/M1-BIM/S2/TMEs/SBAS/tme08/searchResults/scop30/d3c3pa_c.66.1.0.aln.out -E 1 /home/elise/Documents/M1-BIM/S2/TMEs/SBAS/tme08/models/scop30/d3c3pa_c.66.1.0.aln.hmm /home/elise/Documents/M1-BIM/S2/TMEs/SBAS/tme08/scop/scop/scopTestSeq.fasta 
# Current dir:     /home/elise/Documents/M1-BIM/S2/TMEs/SBAS/tme08
# Date:            Thu Apr 10 10:02:43 2025
# [ok]
