#                                                                            --- full sequence --- -------------- this domain -------------   hmm coord   ali coord   env coord
# target name        accession   tlen query name           accession   qlen   E-value  score  bias   #  of  c-Evalue  i-Evalue  score  bias  from    to  from    to  from    to  acc description of target
#------------------- ---------- ----- -------------------- ---------- ----- --------- ------ ----- --- --- --------- --------- ------ ----- ----- ----- ----- ----- ----- ----- ---- ---------------------
d3h93a_c.47.1.0      -            192 d3c7ma_c.47.1.0.aln  -            125     3e-39  129.1   0.0   1   1   5.6e-41   4.4e-39  128.6   0.0     2   125     6   128     5   128 0.98 -
d2v1ma_c.47.1.0      -            163 d3c7ma_c.47.1.0.aln  -            125   5.1e-39  128.4   0.0   1   1   7.6e-41     6e-39  128.2   0.0     1   125     2   128     2   128 0.99 -
d3feua_c.47.1.0      -            183 d3c7ma_c.47.1.0.aln  -            125   1.1e-38  127.4   0.1   1   1   1.9e-40   1.5e-38  126.9   0.1     2   125     1   124     1   124 0.99 -
d2xhfa_c.47.1.0      -            156 d3c7ma_c.47.1.0.aln  -            125   1.1e-37  124.0   0.0   1   1   1.7e-39   1.4e-37  123.8   0.0     1   125     2   126     2   126 0.99 -
d3h79a_c.47.1.0      -            115 d3c7ma_c.47.1.0.aln  -            125   2.9e-35  116.3   0.0   1   1     4e-37   3.2e-35  116.1   0.0     1   115     1   115     1   115 0.99 -
d3fz4a_c.47.1.0      -            119 d3c7ma_c.47.1.0.aln  -            125   1.9e-34  113.6   0.0   1   1   2.7e-36   2.1e-34  113.5   0.0     4   122     1   119     1   119 0.99 -
d3gnja_c.47.1.0      -            111 d3c7ma_c.47.1.0.aln  -            125   4.4e-34  112.4   0.3   1   1   6.1e-36   4.8e-34  112.3   0.3     1   114     2   110     2   111 0.97 -
d2hzfa_c.47.1.0      -            110 d3c7ma_c.47.1.0.aln  -            125   4.4e-33  109.2   0.0   1   1   6.1e-35   4.8e-33  109.1   0.0     6   119     1   109     1   110 0.98 -
d2wcia_c.47.1.0      -            113 d3c7ma_c.47.1.0.aln  -            125   1.2e-32  107.8   0.0   1   1   1.7e-34   1.4e-32  107.6   0.0     7   125     1   113     1   113 0.98 -
d3qmxa_c.47.1.0      -             99 d3c7ma_c.47.1.0.aln  -            125   7.1e-29   95.6   0.0   1   1   9.8e-31   7.7e-29   95.5   0.0     6   114     1    99     1    99 0.98 -
#
# Program:         hmmsearch
# Version:         3.3.2 (Nov 2020)
# Pipeline mode:   SEARCH
# Query file:      /home/elise/Documents/M1-BIM/S2/TMEs/SBAS/tme08/models/scop30/d3c7ma_c.47.1.0.aln.hmm
# Target file:     /home/elise/Documents/M1-BIM/S2/TMEs/SBAS/tme08/scop/scop/scopTestSeq.fasta
# Option settings: hmmsearch --domtblout /home/elise/Documents/M1-BIM/S2/TMEs/SBAS/tme08/searchResults/scop30/d3c7ma_c.47.1.0.aln.out -E 1 /home/elise/Documents/M1-BIM/S2/TMEs/SBAS/tme08/models/scop30/d3c7ma_c.47.1.0.aln.hmm /home/elise/Documents/M1-BIM/S2/TMEs/SBAS/tme08/scop/scop/scopTestSeq.fasta 
# Current dir:     /home/elise/Documents/M1-BIM/S2/TMEs/SBAS/tme08
# Date:            Thu Apr 10 10:02:43 2025
# [ok]
