#                                                                            --- full sequence --- -------------- this domain -------------   hmm coord   ali coord   env coord
# target name        accession   tlen query name           accession   qlen   E-value  score  bias   #  of  c-Evalue  i-Evalue  score  bias  from    to  from    to  from    to  acc description of target
#------------------- ---------- ----- -------------------- ---------- ----- --------- ------ ----- --- --- --------- --------- ------ ----- ----- ----- ----- ----- ----- ----- ---- ---------------------
d1gr0a1c.2.1.3       -            244 d3cina1c.2.1.3.aln   -            228   5.2e-56  185.4   1.1   1   1   2.1e-57   5.8e-56  185.3   1.1     1   220     1   243     1   244 0.99 -
d1p1ja1c.2.1.3       -            411 d3cina1c.2.1.3.aln   -            228   1.8e-54  180.4   0.0   1   1   1.3e-55   3.7e-54  179.4   0.0     1   228     8   330     8   330 1.00 -
d1h6da1c.2.1.3       -            222 d3cina1c.2.1.3.aln   -            228     2e-51  170.5   0.0   1   1   7.7e-53   2.2e-51  170.3   0.0    19   220     1   222     1   222 0.99 -
d1ydwa1c.2.1.3       -            185 d3cina1c.2.1.3.aln   -            228   2.1e-39  131.1   0.0   1   1   8.4e-41   2.4e-39  130.9   0.0    51   224     1   184     1   185 0.99 -
d1qkia1c.2.1.3       -            204 d3cina1c.2.1.3.aln   -            228   1.1e-38  128.7   0.0   1   1   4.4e-40   1.2e-38  128.6   0.0    31   216     1   202     1   204 0.99 -
d2nvwa1c.2.1.3       -            238 d3cina1c.2.1.3.aln   -            228   1.2e-36  122.1   0.0   1   1   4.6e-38   1.3e-36  122.0   0.0    36   228     1   238     1   238 0.99 -
d1tlta1c.2.1.3       -            165 d3cina1c.2.1.3.aln   -            228   2.2e-36  121.2   0.0   1   1   8.7e-38   2.4e-36  121.1   0.0    51   216     1   164     1   165 0.98 -
d1zh8a1c.2.1.3       -            182 d3cina1c.2.1.3.aln   -            228   5.1e-36  120.0   0.0   1   1     2e-37   5.6e-36  119.9   0.0    50   223     2   181     1   182 0.99 -
d1xeaa1c.2.1.3       -            168 d3cina1c.2.1.3.aln   -            228   2.1e-34  114.7   0.0   1   1   8.3e-36   2.3e-34  114.6   0.0    52   219     2   167     1   168 0.99 -
d1f06a1c.2.1.3       -            171 d3cina1c.2.1.3.aln   -            228   2.1e-31  104.9   0.1   1   1   8.2e-33   2.3e-31  104.8   0.1    49   213     1   170     1   171 0.98 -
d1drua1c.2.1.3       -            161 d3cina1c.2.1.3.aln   -            228   3.7e-31  104.1   0.2   1   1   1.4e-32   4.1e-31  104.0   0.2    51   216     3   160     1   161 0.98 -
d1e5qa1c.2.1.3       -            183 d3cina1c.2.1.3.aln   -            228   7.1e-31  103.2   0.4   1   1   2.8e-32   7.8e-31  103.1   0.4    51   221     2   182     1   183 0.98 -
d1lc0a1c.2.1.3       -            173 d3cina1c.2.1.3.aln   -            228     2e-30  101.7   0.0   1   1     8e-32   2.2e-30  101.6   0.0    45   218     1   172     1   173 0.98 -
d1nvmb1c.2.1.3       -            158 d3cina1c.2.1.3.aln   -            228   6.7e-30  100.0   0.2   1   1   2.6e-31   7.4e-30   99.9   0.2    48   209     1   156     1   158 0.98 -
d1h9aa1c.2.1.3       -            196 d3cina1c.2.1.3.aln   -            228     8e-30   99.7   0.1   1   1   3.1e-31   8.8e-30   99.6   0.1    46   215     1   194     1   196 0.98 -
d2g82a1c.2.1.3       -            169 d3cina1c.2.1.3.aln   -            228   7.5e-28   93.3   0.1   1   1   2.9e-29   8.3e-28   93.2   0.1    52   217     1   168     1   169 0.97 -
d1ebfa1c.2.1.3       -            169 d3cina1c.2.1.3.aln   -            228   7.6e-27   90.0   0.1   1   1     3e-28   8.4e-27   89.9   0.1    48   221     1   168     1   169 0.99 -
d1cf2o1c.2.1.3       -            172 d3cina1c.2.1.3.aln   -            228   2.3e-26   88.5   0.7   1   1   8.8e-28   2.5e-26   88.3   0.7    51   216     1   170     1   172 0.97 -
d1q0qa2c.2.1.3       -            152 d3cina1c.2.1.3.aln   -            228   4.5e-26   87.5   0.0   1   1   1.8e-27     5e-26   87.3   0.0    50   211     1   152     1   152 0.97 -
d1t4ba1c.2.1.3       -            147 d3cina1c.2.1.3.aln   -            228   1.9e-24   82.2   0.0   1   1   7.3e-26   2.1e-24   82.1   0.0    50   202     1   146     1   147 0.98 -
d1vkna1c.2.1.3       -            177 d3cina1c.2.1.3.aln   -            228   2.2e-23   78.7   0.0   1   1   8.6e-25   2.4e-23   78.6   0.0    50   220     1   176     1   177 0.98 -
d1yl7a1c.2.1.3       -            136 d3cina1c.2.1.3.aln   -            228   7.9e-20   67.1   0.0   1   1   4.2e-21   1.2e-19   66.5   0.0    53   213     2   134     1   136 0.97 -
d1vm6a3c.2.1.3       -            129 d3cina1c.2.1.3.aln   -            228   1.1e-17   60.0   0.0   1   1   8.8e-18   2.5e-16   55.6   0.0    51   211     1   126     1   128 0.97 -
d1j5pa4c.2.1.3       -            133 d3cina1c.2.1.3.aln   -            228   8.7e-17   57.1   0.0   1   1   4.4e-18   1.2e-16   56.6   0.0    50   212     1   132     1   133 0.95 -
d1t1ra3c.2.1.3       -             26 d3cina1c.2.1.3.aln   -            228   0.00021   16.6   0.0   1   1   7.3e-06   0.00021   16.6   0.0   187   212     1    26     1    26 0.94 -
d2r6ja_c.2.1.0       -            310 d3cina1c.2.1.3.aln   -            228   0.00058   15.2   0.0   1   1   3.1e-05   0.00087   14.6   0.0    49   125     2    81     1   102 0.85 -
d1jaya_c.2.1.6       -            212 d3cina1c.2.1.3.aln   -            228     0.002   13.4   0.1   1   1   8.6e-05    0.0024   13.1   0.1    51   142     1    91     1   131 0.75 -
d1gpja2c.2.1.7       -            159 d3cina1c.2.1.3.aln   -            228    0.0039   12.4   0.1   1   1   0.00017    0.0048   12.2   0.1    50    93    23    65     9   110 0.80 -
#
# Program:         hmmsearch
# Version:         3.3.2 (Nov 2020)
# Pipeline mode:   SEARCH
# Query file:      /home/elise/Documents/M1-BIM/S2/TMEs/SBAS/tme08/models/scop30/d3cina1c.2.1.3.aln.hmm
# Target file:     /home/elise/Documents/M1-BIM/S2/TMEs/SBAS/tme08/scop/scop/scopTestSeq.fasta
# Option settings: hmmsearch --domtblout /home/elise/Documents/M1-BIM/S2/TMEs/SBAS/tme08/searchResults/scop30/d3cina1c.2.1.3.aln.out -E 1 /home/elise/Documents/M1-BIM/S2/TMEs/SBAS/tme08/models/scop30/d3cina1c.2.1.3.aln.hmm /home/elise/Documents/M1-BIM/S2/TMEs/SBAS/tme08/scop/scop/scopTestSeq.fasta 
# Current dir:     /home/elise/Documents/M1-BIM/S2/TMEs/SBAS/tme08
# Date:            Thu Apr 10 10:02:43 2025
# [ok]
