#                                                                            --- full sequence --- -------------- this domain -------------   hmm coord   ali coord   env coord
# target name        accession   tlen query name           accession   qlen   E-value  score  bias   #  of  c-Evalue  i-Evalue  score  bias  from    to  from    to  from    to  acc description of target
#------------------- ---------- ----- -------------------- ---------- ----- --------- ------ ----- --- --- --------- --------- ------ ----- ----- ----- ----- ----- ----- ----- ---- ---------------------
d2fbia1a.4.5.28      -            136 d3ctaa1a.4.5.28.aln  -            140     9e-44  144.2   0.5   1   1   2.3e-45   9.7e-44  144.0   0.5     7   138     3   134     1   136 0.98 -
d2fxaa1a.4.5.28      -            162 d3ctaa1a.4.5.28.aln  -            140   1.3e-43  143.7   0.0   1   1   3.4e-45   1.4e-43  143.5   0.0     3   139    10   146     8   147 0.98 -
d1s3ja_a.4.5.28      -            143 d3ctaa1a.4.5.28.aln  -            140   9.7e-43  140.8   3.7   1   1   2.6e-44   1.1e-42  140.7   3.7     2   139     3   140     2   141 0.98 -
d2etha1a.4.5.28      -            140 d3ctaa1a.4.5.28.aln  -            140   2.7e-42  139.4   0.1   1   1     7e-44   2.9e-42  139.3   0.1     1   139     1   137     1   138 0.98 -
d2a61a1a.4.5.28      -            139 d3ctaa1a.4.5.28.aln  -            140   1.9e-41  136.6   0.0   1   1     5e-43   2.1e-41  136.5   0.0     5   140     1   136     1   136 0.99 -
d1jgsa_a.4.5.28      -            138 d3ctaa1a.4.5.28.aln  -            140   3.5e-41  135.8   0.0   1   1     9e-43   3.7e-41  135.7   0.0     2   136     2   136     1   138 0.98 -
d3echa_a.4.5.28      -            142 d3ctaa1a.4.5.28.aln  -            140   1.8e-40  133.4   0.1   1   1   4.9e-42     2e-40  133.3   0.1     1   138     4   141     4   142 0.99 -
d1lj9a_a.4.5.28      -            144 d3ctaa1a.4.5.28.aln  -            140   1.4e-39  130.6   1.1   1   1   3.7e-41   1.5e-39  130.5   1.1     7   139     2   134     1   135 0.98 -
d2fbha1a.4.5.28      -            137 d3ctaa1a.4.5.28.aln  -            140   2.3e-39  129.9   0.1   1   1     6e-41   2.5e-39  129.8   0.1     8   140     2   135     1   135 0.98 -
d3broa1a.4.5.28      -            135 d3ctaa1a.4.5.28.aln  -            140   1.7e-38  127.1   6.3   1   1   4.4e-40   1.8e-38  127.0   6.3     5   137     2   134     1   135 0.98 -
d1p4xa1a.4.5.28      -            125 d3ctaa1a.4.5.28.aln  -            140     4e-36  119.4   3.2   1   1   1.1e-37   4.4e-36  119.2   3.2     2   123     4   125     3   125 0.98 -
d2hr3a1a.4.5.28      -            145 d3ctaa1a.4.5.28.aln  -            140   1.2e-35  117.8   0.0   1   1   3.2e-37   1.3e-35  117.7   0.0     1   139     1   140     1   141 0.98 -
d1p4xa2a.4.5.28      -            125 d3ctaa1a.4.5.28.aln  -            140   2.3e-35  116.9   4.6   1   1   5.9e-37   2.5e-35  116.8   4.6     2   123     3   124     2   125 0.97 -
d2fbka1a.4.5.28      -            172 d3ctaa1a.4.5.28.aln  -            140   3.8e-35  116.2   0.0   1   1   1.1e-36   4.4e-35  116.0   0.0     3   140    31   171    29   171 0.96 -
d1hsja1a.4.5.28      -            115 d3ctaa1a.4.5.28.aln  -            140   7.1e-33  108.8   4.9   1   1   1.9e-34   7.8e-33  108.7   4.9     1   114     1   114     1   115 0.99 -
d1ub9a_a.4.5.28      -            100 d3ctaa1a.4.5.28.aln  -            140   2.1e-24   81.4   0.0   1   1   5.4e-26   2.3e-24   81.3   0.0    17   116     1    98     1   100 0.96 -
d3bjaa_a.4.5.0       -            139 d3ctaa1a.4.5.28.aln  -            140   3.1e-24   80.9   0.3   1   1   8.6e-26   3.6e-24   80.6   0.3    15   138    14   137    10   139 0.95 -
d3jw4a_a.4.5.0       -            137 d3ctaa1a.4.5.28.aln  -            140   2.5e-20   68.2   0.1   1   1   6.2e-22   2.6e-20   68.1   0.1    10   134     6   132     1   137 0.90 -
d3ctaa1a.4.5.28      -             85 d3ctaa1a.4.5.28.aln  -            140   2.3e-06   22.9   0.1   1   1   6.4e-08   2.6e-06   22.7   0.1    47   103    20    73     7    84 0.86 -
#
# Program:         hmmsearch
# Version:         3.3.2 (Nov 2020)
# Pipeline mode:   SEARCH
# Query file:      /home/elise/Documents/M1-BIM/S2/TMEs/SBAS/tme08/models/scop30/d3ctaa1a.4.5.28.aln.hmm
# Target file:     /home/elise/Documents/M1-BIM/S2/TMEs/SBAS/tme08/scop/scop/scopTestSeq.fasta
# Option settings: hmmsearch --domtblout /home/elise/Documents/M1-BIM/S2/TMEs/SBAS/tme08/searchResults/scop30/d3ctaa1a.4.5.28.aln.out -E 1 /home/elise/Documents/M1-BIM/S2/TMEs/SBAS/tme08/models/scop30/d3ctaa1a.4.5.28.aln.hmm /home/elise/Documents/M1-BIM/S2/TMEs/SBAS/tme08/scop/scop/scopTestSeq.fasta 
# Current dir:     /home/elise/Documents/M1-BIM/S2/TMEs/SBAS/tme08
# Date:            Thu Apr 10 10:02:43 2025
# [ok]
