#                                                                            --- full sequence --- -------------- this domain -------------   hmm coord   ali coord   env coord
# target name        accession   tlen query name           accession   qlen   E-value  score  bias   #  of  c-Evalue  i-Evalue  score  bias  from    to  from    to  from    to  acc description of target
#------------------- ---------- ----- -------------------- ---------- ----- --------- ------ ----- --- --- --------- --------- ------ ----- ----- ----- ----- ----- ----- ----- ---- ---------------------
d3evfa_c.66.1.0      -            261 d3d2la_c.66.1.0.aln  -            224   9.3e-91  298.4   0.0   1   1   9.3e-93     1e-90  298.2   0.0     1   224    19   261    19   261 1.00 -
d2efja_c.66.1.0      -            377 d3d2la_c.66.1.0.aln  -            224   4.5e-90  296.2   0.0   1   1     5e-92   5.7e-90  295.8   0.0     1   224     1   230     1   230 1.00 -
d3c3pa_c.66.1.0      -            210 d3d2la_c.66.1.0.aln  -            224   1.5e-80  265.0   0.0   1   1   1.5e-82   1.7e-80  264.8   0.0     9   222     1   210     1   210 0.99 -
d2nyua_c.66.1.0      -            189 d3d2la_c.66.1.0.aln  -            224   2.4e-70  231.6   0.0   1   1   2.4e-72   2.7e-70  231.5   0.0    15   222     1   188     1   189 0.99 -
d3e05a_c.66.1.0      -            191 d3d2la_c.66.1.0.aln  -            224     3e-67  221.5   0.0   1   1     3e-69   3.3e-67  221.4   0.0    15   223     1   191     1   191 0.99 -
d3doua_c.66.1.0      -            181 d3d2la_c.66.1.0.aln  -            224   3.2e-64  211.6   0.1   1   1   3.5e-66   3.9e-64  211.3   0.1    15   223     1   180     1   180 0.99 -
d3d2la_c.66.1.0      -            238 d3d2la_c.66.1.0.aln  -            224   0.00055   14.6   0.0   1   1   6.3e-06   0.00071   14.2   0.0    22    80     5    64     2   120 0.80 -
#
# Program:         hmmsearch
# Version:         3.3.2 (Nov 2020)
# Pipeline mode:   SEARCH
# Query file:      /home/elise/Documents/M1-BIM/S2/TMEs/SBAS/tme08/models/scop30/d3d2la_c.66.1.0.aln.hmm
# Target file:     /home/elise/Documents/M1-BIM/S2/TMEs/SBAS/tme08/scop/scop/scopTestSeq.fasta
# Option settings: hmmsearch --domtblout /home/elise/Documents/M1-BIM/S2/TMEs/SBAS/tme08/searchResults/scop30/d3d2la_c.66.1.0.aln.out -E 1 /home/elise/Documents/M1-BIM/S2/TMEs/SBAS/tme08/models/scop30/d3d2la_c.66.1.0.aln.hmm /home/elise/Documents/M1-BIM/S2/TMEs/SBAS/tme08/scop/scop/scopTestSeq.fasta 
# Current dir:     /home/elise/Documents/M1-BIM/S2/TMEs/SBAS/tme08
# Date:            Thu Apr 10 10:02:43 2025
# [ok]
