#                                                                            --- full sequence --- -------------- this domain -------------   hmm coord   ali coord   env coord
# target name        accession   tlen query name           accession   qlen   E-value  score  bias   #  of  c-Evalue  i-Evalue  score  bias  from    to  from    to  from    to  acc description of target
#------------------- ---------- ----- -------------------- ---------- ----- --------- ------ ----- --- --- --------- --------- ------ ----- ----- ----- ----- ----- ----- ----- ---- ---------------------
d3tqla_c.94.1.0      -            227 d3delb_c.94.1.0.aln  -            235   3.5e-98  323.3   0.0   1   1  4.9e-100   3.8e-98  323.2   0.0     3   228     2   227     1   227 0.99 -
d3kzga_c.94.1.0      -            228 d3delb_c.94.1.0.aln  -            235   7.2e-93  305.9   0.1   1   1     1e-94   7.9e-93  305.8   0.1     2   228     2   228     1   228 0.99 -
d3h7ma_c.94.1.0      -            228 d3delb_c.94.1.0.aln  -            235     4e-89  293.7   0.0   1   1   5.7e-91   4.5e-89  293.5   0.0     1   233     3   228     3   228 0.99 -
d3r6ua_c.94.1.0      -            272 d3delb_c.94.1.0.aln  -            235   3.1e-86  284.2   1.3   1   1   4.5e-88   3.6e-86  284.0   1.3     3   235     1   242     1   242 0.99 -
d2q88a_c.94.1.0      -            257 d3delb_c.94.1.0.aln  -            235   8.5e-86  282.8   0.0   1   1   1.2e-87   9.7e-86  282.6   0.0     1   235    10   246    10   246 0.99 -
d3i6va_c.94.1.0      -            218 d3delb_c.94.1.0.aln  -            235   8.5e-85  279.5   0.0   1   1   1.2e-86   9.5e-85  279.4   0.0     4   235     1   218     1   218 0.99 -
d3delb_c.94.1.0      -            232 d3delb_c.94.1.0.aln  -            235   2.4e-32  107.8   0.0   1   1     4e-34   3.2e-32  107.5   0.0     5   228     3   221     1   224 0.89 -
d1xt8a1c.94.1.1      -            248 d3delb_c.94.1.0.aln  -            235   5.8e-22   73.9   0.3   1   1   9.9e-24   7.8e-22   73.4   0.3     5   214    13   217     8   233 0.86 -
d1ii5a_c.94.1.1      -            226 d3delb_c.94.1.0.aln  -            235     3e-18   61.7   0.0   1   1   4.6e-20   3.7e-18   61.4   0.0    13   228    13   225     6   226 0.87 -
d1pb7a_c.94.1.1      -            289 d3delb_c.94.1.0.aln  -            235     2e-06   23.0   0.1   1   2       2.6   2.1e+02   -3.2   0.0    26    47    61    82    60    85 0.86 -
d1pb7a_c.94.1.1      -            289 d3delb_c.94.1.0.aln  -            235     2e-06   23.0   0.1   2   2   5.7e-08   4.5e-06   21.9   0.0    48   157   100   220    93   282 0.73 -
#
# Program:         hmmsearch
# Version:         3.3.2 (Nov 2020)
# Pipeline mode:   SEARCH
# Query file:      /home/elise/Documents/M1-BIM/S2/TMEs/SBAS/tme08/models/scop30/d3delb_c.94.1.0.aln.hmm
# Target file:     /home/elise/Documents/M1-BIM/S2/TMEs/SBAS/tme08/scop/scop/scopTestSeq.fasta
# Option settings: hmmsearch --domtblout /home/elise/Documents/M1-BIM/S2/TMEs/SBAS/tme08/searchResults/scop30/d3delb_c.94.1.0.aln.out -E 1 /home/elise/Documents/M1-BIM/S2/TMEs/SBAS/tme08/models/scop30/d3delb_c.94.1.0.aln.hmm /home/elise/Documents/M1-BIM/S2/TMEs/SBAS/tme08/scop/scop/scopTestSeq.fasta 
# Current dir:     /home/elise/Documents/M1-BIM/S2/TMEs/SBAS/tme08
# Date:            Thu Apr 10 10:02:43 2025
# [ok]
