#                                                                            --- full sequence --- -------------- this domain -------------   hmm coord   ali coord   env coord
# target name        accession   tlen query name           accession   qlen   E-value  score  bias   #  of  c-Evalue  i-Evalue  score  bias  from    to  from    to  from    to  acc description of target
#------------------- ---------- ----- -------------------- ---------- ----- --------- ------ ----- --- --- --------- --------- ------ ----- ----- ----- ----- ----- ----- ----- ---- ---------------------
d3qnma_c.108.1.0     -            231 d3dnpa_c.108.1.0.aln -            242     1e-89  296.0   0.0   1   1   1.2e-91   1.1e-89  295.9   0.0     2   239     2   231     1   231 0.99 -
d2hi0a_c.108.1.0     -            240 d3dnpa_c.108.1.0.aln -            242   1.5e-89  295.5   0.0   1   1   1.7e-91   1.7e-89  295.3   0.0     1   240     2   239     2   240 0.99 -
d2x4da_c.108.1.0     -            270 d3dnpa_c.108.1.0.aln -            242   3.4e-86  284.5   0.0   1   1   3.9e-88   3.8e-86  284.3   0.0     2   241    11   268    10   269 0.99 -
d2hoqa_c.108.1.0     -            237 d3dnpa_c.108.1.0.aln -            242   3.9e-85  281.0   0.0   1   1   4.4e-87   4.4e-85  280.9   0.0     2   241     1   227     1   228 0.99 -
d2hx1a_c.108.1.0     -            284 d3dnpa_c.108.1.0.aln -            242     4e-85  281.0   0.0   1   1   4.5e-87   4.5e-85  280.8   0.0     1   239    12   283    12   284 0.99 -
d3fzqa_c.108.1.0     -            271 d3dnpa_c.108.1.0.aln -            242   6.8e-85  280.2   7.8   1   1   7.7e-87   7.6e-85  280.1   7.8     2   242     1   266     1   266 0.99 -
d2w43a_c.108.1.0     -            201 d3dnpa_c.108.1.0.aln -            242     2e-67  223.0   4.0   1   1     1e-67     1e-65  217.4   4.0     3   242     1   201     1   201 0.99 -
d3dnpa_c.108.1.0     -            275 d3dnpa_c.108.1.0.aln -            242    0.0015   13.9   0.0   1   1   2.3e-05    0.0022   13.3   0.0     5    64     3    62     2   118 0.87 -
#
# Program:         hmmsearch
# Version:         3.3.2 (Nov 2020)
# Pipeline mode:   SEARCH
# Query file:      /home/elise/Documents/M1-BIM/S2/TMEs/SBAS/tme08/models/scop30/d3dnpa_c.108.1.0.aln.hmm
# Target file:     /home/elise/Documents/M1-BIM/S2/TMEs/SBAS/tme08/scop/scop/scopTestSeq.fasta
# Option settings: hmmsearch --domtblout /home/elise/Documents/M1-BIM/S2/TMEs/SBAS/tme08/searchResults/scop30/d3dnpa_c.108.1.0.aln.out -E 1 /home/elise/Documents/M1-BIM/S2/TMEs/SBAS/tme08/models/scop30/d3dnpa_c.108.1.0.aln.hmm /home/elise/Documents/M1-BIM/S2/TMEs/SBAS/tme08/scop/scop/scopTestSeq.fasta 
# Current dir:     /home/elise/Documents/M1-BIM/S2/TMEs/SBAS/tme08
# Date:            Thu Apr 10 10:02:43 2025
# [ok]
