#                                                                            --- full sequence --- -------------- this domain -------------   hmm coord   ali coord   env coord
# target name        accession   tlen query name           accession   qlen   E-value  score  bias   #  of  c-Evalue  i-Evalue  score  bias  from    to  from    to  from    to  acc description of target
#------------------- ---------- ----- -------------------- ---------- ----- --------- ------ ----- --- --- --------- --------- ------ ----- ----- ----- ----- ----- ----- ----- ---- ---------------------
d3d2la_c.66.1.0      -            238 d3doua_c.66.1.0.aln  -            238     1e-98  324.9   0.0   1   1    1e-100   1.2e-98  324.8   0.0     1   238     1   238     1   238 1.00 -
d3evfa_c.66.1.0      -            261 d3doua_c.66.1.0.aln  -            238   3.3e-92  303.6   0.1   1   1   3.3e-94   3.8e-92  303.5   0.1     1   238     2   253     2   253 0.99 -
d2efja_c.66.1.0      -            377 d3doua_c.66.1.0.aln  -            238   1.4e-91  301.6   0.0   1   1   1.5e-93   1.7e-91  301.4   0.0     1   238    15   336    15   336 1.00 -
d3c3pa_c.66.1.0      -            210 d3doua_c.66.1.0.aln  -            238     3e-71  235.1   0.0   1   1   2.9e-73   3.3e-71  234.9   0.0     1   227     1   210     1   210 0.99 -
d3e05a_c.66.1.0      -            191 d3doua_c.66.1.0.aln  -            238   6.9e-65  214.2   0.0   1   1   6.8e-67   7.7e-65  214.1   0.0     7   208     1   191     1   191 0.99 -
d2nyua_c.66.1.0      -            189 d3doua_c.66.1.0.aln  -            238   4.2e-63  208.4   0.0   1   1   4.2e-65   4.7e-63  208.2   0.0     1   208     1   189     1   189 1.00 -
d3doua_c.66.1.0      -            181 d3doua_c.66.1.0.aln  -            238   0.00078   14.4   0.0   1   2   1.9e-05    0.0021   12.9   0.0    17    83    11    77     1   116 0.81 -
d3doua_c.66.1.0      -            181 d3doua_c.66.1.0.aln  -            238   0.00078   14.4   0.0   2   2      0.51        57   -1.6   0.0   181   200   153   172   148   174 0.84 -
#
# Program:         hmmsearch
# Version:         3.3.2 (Nov 2020)
# Pipeline mode:   SEARCH
# Query file:      /home/elise/Documents/M1-BIM/S2/TMEs/SBAS/tme08/models/scop30/d3doua_c.66.1.0.aln.hmm
# Target file:     /home/elise/Documents/M1-BIM/S2/TMEs/SBAS/tme08/scop/scop/scopTestSeq.fasta
# Option settings: hmmsearch --domtblout /home/elise/Documents/M1-BIM/S2/TMEs/SBAS/tme08/searchResults/scop30/d3doua_c.66.1.0.aln.out -E 1 /home/elise/Documents/M1-BIM/S2/TMEs/SBAS/tme08/models/scop30/d3doua_c.66.1.0.aln.hmm /home/elise/Documents/M1-BIM/S2/TMEs/SBAS/tme08/scop/scop/scopTestSeq.fasta 
# Current dir:     /home/elise/Documents/M1-BIM/S2/TMEs/SBAS/tme08
# Date:            Thu Apr 10 10:02:43 2025
# [ok]
