#                                                                            --- full sequence --- -------------- this domain -------------   hmm coord   ali coord   env coord
# target name        accession   tlen query name           accession   qlen   E-value  score  bias   #  of  c-Evalue  i-Evalue  score  bias  from    to  from    to  from    to  acc description of target
#------------------- ---------- ----- -------------------- ---------- ----- --------- ------ ----- --- --- --------- --------- ------ ----- ----- ----- ----- ----- ----- ----- ---- ---------------------
d2jaqa_c.37.1.0      -            201 d3do6a_c.37.1.0.aln  -            202     2e-88  291.0   2.1   1   1   2.2e-90   2.2e-88  290.9   2.1     3   202     1   201     1   201 0.99 -
d2qora_c.37.1.0      -            196 d3do6a_c.37.1.0.aln  -            202   4.5e-83  273.5   0.0   1   1   5.2e-85   5.1e-83  273.4   0.0     1   202     3   193     3   193 0.99 -
d3akea_c.37.1.0      -            208 d3do6a_c.37.1.0.aln  -            202   6.4e-78  256.7   0.0   1   1   7.3e-80   7.2e-78  256.5   0.0     1   201     1   208     1   208 0.99 -
d1wcv1_c.37.1.0      -            244 d3do6a_c.37.1.0.aln  -            202   3.3e-76  251.1   0.0   1   1   3.7e-78   3.7e-76  251.0   0.0     1   201     2   244     2   244 0.99 -
d1kgda_c.37.1.1      -            178 d3do6a_c.37.1.0.aln  -            202   0.00031   16.1   0.0   1   2   5.1e-06    0.0005   15.4   0.0     1    81     2    82     2   110 0.94 -
d1kgda_c.37.1.1      -            178 d3do6a_c.37.1.0.aln  -            202   0.00031   16.1   0.0   2   2       2.4   2.4e+02   -3.1   0.0   159   193   136   172   131   174 0.51 -
d1kjwa2c.37.1.1      -            199 d3do6a_c.37.1.0.aln  -            202   0.00049   15.5   0.0   1   1     6e-06   0.00059   15.2   0.0    21   151    25   154    12   186 0.85 -
d1sxja2c.37.1.20     -            253 d3do6a_c.37.1.0.aln  -            202   0.00079   14.8   0.0   1   1   1.2e-05    0.0012   14.2   0.0     4    49    54    98    51   130 0.79 -
d1y63a_c.37.1.1      -            174 d3do6a_c.37.1.0.aln  -            202     0.001   14.5   0.1   1   2   1.6e-05    0.0016   13.8   0.0     5    46     8    50     5   129 0.84 -
d1y63a_c.37.1.1      -            174 d3do6a_c.37.1.0.aln  -            202     0.001   14.5   0.1   2   2      0.93        92   -1.7   0.0   157   157   129   129    95   168 0.60 -
#
# Program:         hmmsearch
# Version:         3.3.2 (Nov 2020)
# Pipeline mode:   SEARCH
# Query file:      /home/elise/Documents/M1-BIM/S2/TMEs/SBAS/tme08/models/scop30/d3do6a_c.37.1.0.aln.hmm
# Target file:     /home/elise/Documents/M1-BIM/S2/TMEs/SBAS/tme08/scop/scop/scopTestSeq.fasta
# Option settings: hmmsearch --domtblout /home/elise/Documents/M1-BIM/S2/TMEs/SBAS/tme08/searchResults/scop30/d3do6a_c.37.1.0.aln.out -E 1 /home/elise/Documents/M1-BIM/S2/TMEs/SBAS/tme08/models/scop30/d3do6a_c.37.1.0.aln.hmm /home/elise/Documents/M1-BIM/S2/TMEs/SBAS/tme08/scop/scop/scopTestSeq.fasta 
# Current dir:     /home/elise/Documents/M1-BIM/S2/TMEs/SBAS/tme08
# Date:            Thu Apr 10 10:02:43 2025
# [ok]
