#                                                                            --- full sequence --- -------------- this domain -------------   hmm coord   ali coord   env coord
# target name        accession   tlen query name           accession   qlen   E-value  score  bias   #  of  c-Evalue  i-Evalue  score  bias  from    to  from    to  from    to  acc description of target
#------------------- ---------- ----- -------------------- ---------- ----- --------- ------ ----- --- --- --------- --------- ------ ----- ----- ----- ----- ----- ----- ----- ---- ---------------------
d3bpza_b.82.3.2      -            194 d3e5ua2b.82.3.2.aln  -            137   8.2e-46  150.6   0.0   1   1   1.6e-47   1.1e-45  150.2   0.0     2   136    64   193    63   194 0.98 -
d1o7fa2b.82.3.2      -            155 d3e5ua2b.82.3.2.aln  -            137   8.6e-46  150.5   0.0   1   1   1.5e-47   9.7e-46  150.4   0.0     2   135    20   154    19   155 0.98 -
d1cx4a2b.82.3.2      -            147 d3e5ua2b.82.3.2.aln  -            137   7.1e-45  147.6   0.1   1   1   1.2e-46   7.9e-45  147.4   0.1     6   135     2   137     1   139 0.98 -
d1zyba2b.82.3.2      -            147 d3e5ua2b.82.3.2.aln  -            137   2.3e-44  145.9   0.0   1   1   3.9e-46   2.5e-44  145.8   0.0     1   136     1   146     1   147 0.99 -
d1cx4a1b.82.3.2      -            136 d3e5ua2b.82.3.2.aln  -            137   8.8e-44  144.0   0.0   1   1   1.5e-45   9.8e-44  143.9   0.0     2   127    12   136    11   136 0.98 -
d1vp6a_b.82.3.2      -            133 d3e5ua2b.82.3.2.aln  -            137   3.1e-42  139.0   0.0   1   1   5.2e-44   3.4e-42  138.9   0.0     2   134     7   132     6   133 0.98 -
d2gaua2b.82.3.2      -            142 d3e5ua2b.82.3.2.aln  -            137   1.3e-40  133.8   0.0   1   1   2.2e-42   1.4e-40  133.6   0.0     8   136     2   131     1   132 0.97 -
d1wgpa_b.82.3.2      -            137 d3e5ua2b.82.3.2.aln  -            137   3.6e-40  132.3   0.0   1   1   5.9e-42   3.9e-40  132.2   0.0     3   133     3   136     1   137 0.97 -
d1o7fa3b.82.3.2      -            124 d3e5ua2b.82.3.2.aln  -            137   6.3e-40  131.6   0.0   1   1     1e-41   6.8e-40  131.4   0.0     2   121     6   123     5   124 0.98 -
d1o5la1b.82.3.2      -            129 d3e5ua2b.82.3.2.aln  -            137     2e-36  120.2   0.0   1   1   3.4e-38   2.3e-36  120.0   0.0    20   136     1   118     1   119 0.98 -
d2zcwa2b.82.3.2      -            112 d3e5ua2b.82.3.2.aln  -            137   9.3e-27   88.9   0.0   1   1   1.5e-28     1e-26   88.8   0.0    31   136     2   111     1   112 0.97 -
d3e5ua2b.82.3.2      -            139 d3e5ua2b.82.3.2.aln  -            137   5.2e-05   18.5   0.0   1   1     1e-06   6.6e-05   18.1   0.0    34   102    29    97    15   136 0.82 -
#
# Program:         hmmsearch
# Version:         3.3.2 (Nov 2020)
# Pipeline mode:   SEARCH
# Query file:      /home/elise/Documents/M1-BIM/S2/TMEs/SBAS/tme08/models/scop30/d3e5ua2b.82.3.2.aln.hmm
# Target file:     /home/elise/Documents/M1-BIM/S2/TMEs/SBAS/tme08/scop/scop/scopTestSeq.fasta
# Option settings: hmmsearch --domtblout /home/elise/Documents/M1-BIM/S2/TMEs/SBAS/tme08/searchResults/scop30/d3e5ua2b.82.3.2.aln.out -E 1 /home/elise/Documents/M1-BIM/S2/TMEs/SBAS/tme08/models/scop30/d3e5ua2b.82.3.2.aln.hmm /home/elise/Documents/M1-BIM/S2/TMEs/SBAS/tme08/scop/scop/scopTestSeq.fasta 
# Current dir:     /home/elise/Documents/M1-BIM/S2/TMEs/SBAS/tme08
# Date:            Thu Apr 10 10:02:43 2025
# [ok]
