#                                                                            --- full sequence --- -------------- this domain -------------   hmm coord   ali coord   env coord
# target name        accession   tlen query name           accession   qlen   E-value  score  bias   #  of  c-Evalue  i-Evalue  score  bias  from    to  from    to  from    to  acc description of target
#------------------- ---------- ----- -------------------- ---------- ----- --------- ------ ----- --- --- --------- --------- ------ ----- ----- ----- ----- ----- ----- ----- ---- ---------------------
d3i4fa_c.2.1.0       -            250 d3ehea_c.2.1.0.aln   -            253  1.7e-117  386.7   0.7   1   1  2.5e-119  1.9e-117  386.5   0.7     2   253     1   250     1   250 1.00 -
d2r6ja_c.2.1.0       -            310 d3ehea_c.2.1.0.aln   -            253    7e-106  348.6   0.0   1   1    1e-107  7.9e-106  348.5   0.0     1   253     1   283     1   283 0.99 -
d3f1la_c.2.1.0       -            245 d3ehea_c.2.1.0.aln   -            253  4.3e-104  342.8   0.0   1   1  6.1e-106  4.8e-104  342.6   0.0     2   249    11   244    10   245 0.99 -
d3l77a_c.2.1.0       -            235 d3ehea_c.2.1.0.aln   -            253   1.3e-97  321.5   0.0   1   1   1.9e-99   1.5e-97  321.4   0.0     2   253     1   235     1   235 0.99 -
d1o89a2c.2.1.1       -            177 d3ehea_c.2.1.0.aln   -            253   0.00015   16.6   0.0   1   1   2.5e-06    0.0002   16.2   0.0     5    38    34    68    31   104 0.85 -
d1gpja2c.2.1.7       -            159 d3ehea_c.2.1.0.aln   -            253   0.00034   15.5   0.1   1   1   6.1e-06   0.00048   15.0   0.1     3    71    24    96    22   102 0.80 -
d1luaa1c.2.1.7       -            191 d3ehea_c.2.1.0.aln   -            253   0.00038   15.3   0.1   1   1   5.9e-06   0.00047   15.0   0.1     4    56    24    89    21   126 0.75 -
d1jaya_c.2.1.6       -            212 d3ehea_c.2.1.0.aln   -            253   0.00089   14.1   0.5   1   2   1.1e-05   0.00089   14.1   0.5     5    46     3    43     1    56 0.88 -
d1jaya_c.2.1.6       -            212 d3ehea_c.2.1.0.aln   -            253   0.00089   14.1   0.5   2   2       1.8   1.4e+02   -2.9   0.0    33    55   108   130   107   135 0.76 -
d1vpda2c.2.1.6       -            161 d3ehea_c.2.1.0.aln   -            253   0.00096   14.0   0.0   1   2    0.0001    0.0079   11.0   0.0    14    44    10    40     5    84 0.74 -
d1vpda2c.2.1.6       -            161 d3ehea_c.2.1.0.aln   -            253   0.00096   14.0   0.0   2   2     0.089         7    1.3   0.0   188   240    85   145    77   157 0.83 -
d3ehea_c.2.1.0       -            303 d3ehea_c.2.1.0.aln   -            253    0.0024   12.7   0.0   1   2    0.0029      0.23    6.2   0.0     6    24     2    20     1    51 0.89 -
d3ehea_c.2.1.0       -            303 d3ehea_c.2.1.0.aln   -            253    0.0024   12.7   0.0   2   2    0.0096      0.76    4.5   0.0   111   152    83   120    71   159 0.74 -
#
# Program:         hmmsearch
# Version:         3.3.2 (Nov 2020)
# Pipeline mode:   SEARCH
# Query file:      /home/elise/Documents/M1-BIM/S2/TMEs/SBAS/tme08/models/scop30/d3ehea_c.2.1.0.aln.hmm
# Target file:     /home/elise/Documents/M1-BIM/S2/TMEs/SBAS/tme08/scop/scop/scopTestSeq.fasta
# Option settings: hmmsearch --domtblout /home/elise/Documents/M1-BIM/S2/TMEs/SBAS/tme08/searchResults/scop30/d3ehea_c.2.1.0.aln.out -E 1 /home/elise/Documents/M1-BIM/S2/TMEs/SBAS/tme08/models/scop30/d3ehea_c.2.1.0.aln.hmm /home/elise/Documents/M1-BIM/S2/TMEs/SBAS/tme08/scop/scop/scopTestSeq.fasta 
# Current dir:     /home/elise/Documents/M1-BIM/S2/TMEs/SBAS/tme08
# Date:            Thu Apr 10 10:02:43 2025
# [ok]
