#                                                                            --- full sequence --- -------------- this domain -------------   hmm coord   ali coord   env coord
# target name        accession   tlen query name           accession   qlen   E-value  score  bias   #  of  c-Evalue  i-Evalue  score  bias  from    to  from    to  from    to  acc description of target
#------------------- ---------- ----- -------------------- ---------- ----- --------- ------ ----- --- --- --------- --------- ------ ----- ----- ----- ----- ----- ----- ----- ---- ---------------------
d1xuva_d.129.3.5     -            163 d3elia1d.129.3.5.aln -            155   1.7e-57  189.3   0.2   1   1   2.4e-59   1.9e-57  189.2   0.2     2   153     9   160     8   162 0.98 -
d2il5a1d.129.3.5     -            164 d3elia1d.129.3.5.aln -            155   3.1e-57  188.5   3.0   1   1   4.4e-59   3.5e-57  188.3   3.0     1   154     3   156     3   157 0.99 -
d1xfsa_d.129.3.5     -            165 d3elia1d.129.3.5.aln -            155   3.8e-56  184.9   0.0   1   1   5.3e-58   4.2e-56  184.8   0.0     3   154     3   165     1   165 0.99 -
d2l65a1d.129.3.5     -            155 d3elia1d.129.3.5.aln -            155   7.5e-49  161.2   1.5   1   1   1.1e-50   8.3e-49  161.1   1.5     2   154     1   154     1   155 0.99 -
d1xn5a_d.129.3.5     -            138 d3elia1d.129.3.5.aln -            155   1.3e-46  154.0   2.0   1   1   1.8e-48   1.4e-46  153.9   2.0     2   150     2   138     1   138 0.98 -
d1z94a1d.129.3.5     -            143 d3elia1d.129.3.5.aln -            155   2.4e-46  153.1   0.0   1   1   3.3e-48   2.6e-46  153.0   0.0     5   150     2   142     1   143 0.98 -
d2k5ga1d.129.3.5     -            183 d3elia1d.129.3.5.aln -            155   6.8e-46  151.6   0.0   1   1   9.7e-48   7.7e-46  151.5   0.0     2   155    16   179    15   179 0.98 -
d2nn5a1d.129.3.5     -            160 d3elia1d.129.3.5.aln -            155   1.2e-44  147.5   0.4   1   1   1.8e-46   1.4e-44  147.4   0.4     1   154     8   151     8   152 0.98 -
d1x53a1d.129.3.5     -            132 d3elia1d.129.3.5.aln -            155     1e-40  134.8   0.9   1   1   1.4e-42   1.1e-40  134.7   0.9     3   153     2   132     1   132 0.98 -
d3elia1d.129.3.5     -            143 d3elia1d.129.3.5.aln -            155   3.7e-15   51.8   0.1   1   1   5.1e-17     4e-15   51.7   0.1     6    90     2    92     1   143 0.77 -
#
# Program:         hmmsearch
# Version:         3.3.2 (Nov 2020)
# Pipeline mode:   SEARCH
# Query file:      /home/elise/Documents/M1-BIM/S2/TMEs/SBAS/tme08/models/scop30/d3elia1d.129.3.5.aln.hmm
# Target file:     /home/elise/Documents/M1-BIM/S2/TMEs/SBAS/tme08/scop/scop/scopTestSeq.fasta
# Option settings: hmmsearch --domtblout /home/elise/Documents/M1-BIM/S2/TMEs/SBAS/tme08/searchResults/scop30/d3elia1d.129.3.5.aln.out -E 1 /home/elise/Documents/M1-BIM/S2/TMEs/SBAS/tme08/models/scop30/d3elia1d.129.3.5.aln.hmm /home/elise/Documents/M1-BIM/S2/TMEs/SBAS/tme08/scop/scop/scopTestSeq.fasta 
# Current dir:     /home/elise/Documents/M1-BIM/S2/TMEs/SBAS/tme08
# Date:            Thu Apr 10 10:02:43 2025
# [ok]
