#                                                                            --- full sequence --- -------------- this domain -------------   hmm coord   ali coord   env coord
# target name        accession   tlen query name           accession   qlen   E-value  score  bias   #  of  c-Evalue  i-Evalue  score  bias  from    to  from    to  from    to  acc description of target
#------------------- ---------- ----- -------------------- ---------- ----- --------- ------ ----- --- --- --------- --------- ------ ----- ----- ----- ----- ----- ----- ----- ---- ---------------------
d3khta_c.23.1.0      -            132 d3eqza_c.23.1.0.aln  -            131   1.8e-57  188.2   0.1   1   1   3.9e-59   1.9e-57  188.0   0.1     1   131     2   132     2   132 0.99 -
d3heba_c.23.1.0      -            142 d3eqza_c.23.1.0.aln  -            131   1.1e-54  179.2   0.0   1   1   2.4e-56   1.2e-54  179.0   0.0     2   131     2   140     1   140 0.99 -
d3cfya_c.23.1.0      -            130 d3eqza_c.23.1.0.aln  -            131   6.4e-51  166.9   0.1   1   1   1.4e-52   7.1e-51  166.8   0.1     1   131     3   129     3   129 0.99 -
d3ktoa_c.23.1.0      -            122 d3eqza_c.23.1.0.aln  -            131     2e-46  152.4   0.3   1   1   4.5e-48   2.2e-46  152.3   0.3     1   124     1   122     1   122 0.99 -
d2plna_c.23.1.0      -            118 d3eqza_c.23.1.0.aln  -            131   3.3e-42  138.7   0.1   1   1   7.4e-44   3.6e-42  138.6   0.1     8   122     2   118     1   118 0.98 -
d1kgsa2c.23.1.1      -            122 d3eqza_c.23.1.0.aln  -            131     4e-17   57.6   0.0   1   1     9e-19   4.5e-17   57.5   0.0     1   122     2   119     2   122 0.91 -
d1jbea_c.23.1.1      -            128 d3eqza_c.23.1.0.aln  -            131   1.5e-16   55.8   0.0   1   1   3.7e-18   1.8e-16   55.5   0.0     4   115     8   118     6   126 0.93 -
d1k66a_c.23.1.1      -            149 d3eqza_c.23.1.0.aln  -            131   1.6e-16   55.6   0.0   1   1   7.8e-18   3.8e-16   54.4   0.0     4   126    10   141     7   146 0.85 -
d1mb3a_c.23.1.1      -            123 d3eqza_c.23.1.0.aln  -            131   5.4e-15   50.7   0.0   1   1   1.3e-16   6.4e-15   50.5   0.0     1   121     2   120     2   122 0.94 -
d1dz3a_c.23.1.1      -            123 d3eqza_c.23.1.0.aln  -            131   5.9e-15   50.6   0.0   1   1   1.4e-16   6.9e-15   50.4   0.0     3   119     4   119     2   122 0.94 -
d1dbwa_c.23.1.1      -            123 d3eqza_c.23.1.0.aln  -            131   1.1e-13   46.5   0.0   1   1   2.5e-15   1.3e-13   46.3   0.0     6   119     9   118     4   122 0.77 -
d2r25b_c.23.1.1      -            133 d3eqza_c.23.1.0.aln  -            131   1.3e-13   46.2   0.0   1   1   3.1e-15   1.5e-13   46.0   0.0     2   116     4   121     3   131 0.87 -
d1s8na_c.23.1.1      -            190 d3eqza_c.23.1.0.aln  -            131   1.9e-12   42.5   0.1   1   2   7.1e-14   3.5e-12   41.6   0.1     2   124     5   123     4   129 0.83 -
d1s8na_c.23.1.1      -            190 d3eqza_c.23.1.0.aln  -            131   1.9e-12   42.5   0.1   2   2       7.1   3.5e+02   -3.7   0.0    59    77   158   176   158   178 0.74 -
d2b4aa1c.23.1.1      -            118 d3eqza_c.23.1.0.aln  -            131   6.8e-07   24.5   0.0   1   1   2.1e-08     1e-06   23.9   0.0     2   116     4   112     3   118 0.75 -
d3eqza_c.23.1.0      -            124 d3eqza_c.23.1.0.aln  -            131   1.6e-06   23.3   0.1   1   1   4.1e-08     2e-06   23.0   0.1     2    85     3    81     2   120 0.83 -
d2v0na2c.23.1.1      -            153 d3eqza_c.23.1.0.aln  -            131   8.8e-05   17.7   0.1   1   1   2.7e-06   0.00013   17.1   0.1    40   122    49   131    14   138 0.75 -
#
# Program:         hmmsearch
# Version:         3.3.2 (Nov 2020)
# Pipeline mode:   SEARCH
# Query file:      /home/elise/Documents/M1-BIM/S2/TMEs/SBAS/tme08/models/scop30/d3eqza_c.23.1.0.aln.hmm
# Target file:     /home/elise/Documents/M1-BIM/S2/TMEs/SBAS/tme08/scop/scop/scopTestSeq.fasta
# Option settings: hmmsearch --domtblout /home/elise/Documents/M1-BIM/S2/TMEs/SBAS/tme08/searchResults/scop30/d3eqza_c.23.1.0.aln.out -E 1 /home/elise/Documents/M1-BIM/S2/TMEs/SBAS/tme08/models/scop30/d3eqza_c.23.1.0.aln.hmm /home/elise/Documents/M1-BIM/S2/TMEs/SBAS/tme08/scop/scop/scopTestSeq.fasta 
# Current dir:     /home/elise/Documents/M1-BIM/S2/TMEs/SBAS/tme08
# Date:            Thu Apr 10 10:02:43 2025
# [ok]
