#                                                                            --- full sequence --- -------------- this domain -------------   hmm coord   ali coord   env coord
# target name        accession   tlen query name           accession   qlen   E-value  score  bias   #  of  c-Evalue  i-Evalue  score  bias  from    to  from    to  from    to  acc description of target
#------------------- ---------- ----- -------------------- ---------- ----- --------- ------ ----- --- --- --------- --------- ------ ----- ----- ----- ----- ----- ----- ----- ---- ---------------------
d2efja_c.66.1.0      -            377 d3evfa_c.66.1.0.aln  -            203   3.1e-80  264.1   0.0   1   1   4.3e-82   4.9e-80  263.4   0.0     1   203    15   233    15   233 1.00 -
d3d2la_c.66.1.0      -            238 d3evfa_c.66.1.0.aln  -            203   3.2e-80  264.0   0.0   1   1   3.3e-82   3.7e-80  263.8   0.0     1   203     1   211     1   211 1.00 -
d3c3pa_c.66.1.0      -            210 d3evfa_c.66.1.0.aln  -            203   5.8e-76  250.1   0.0   1   1   5.7e-78   6.4e-76  250.0   0.0     1   203     6   210     6   210 0.99 -
d2nyua_c.66.1.0      -            189 d3evfa_c.66.1.0.aln  -            203     5e-70  230.8   0.0   1   1   4.9e-72   5.5e-70  230.6   0.0     1   201     1   189     1   189 1.00 -
d3e05a_c.66.1.0      -            191 d3evfa_c.66.1.0.aln  -            203   4.1e-68  224.5   0.0   1   1   4.1e-70   4.6e-68  224.3   0.0     1   199     1   191     1   191 1.00 -
d3doua_c.66.1.0      -            181 d3evfa_c.66.1.0.aln  -            203   1.7e-66  219.2   0.1   1   1   1.9e-68   2.1e-66  218.9   0.1     1   200     1   179     1   180 0.99 -
d3evfa_c.66.1.0      -            261 d3evfa_c.66.1.0.aln  -            203   0.00013   17.1   0.0   1   1   2.4e-06   0.00027   16.1   0.0    17    54    57    96    49    99 0.84 -
#
# Program:         hmmsearch
# Version:         3.3.2 (Nov 2020)
# Pipeline mode:   SEARCH
# Query file:      /home/elise/Documents/M1-BIM/S2/TMEs/SBAS/tme08/models/scop30/d3evfa_c.66.1.0.aln.hmm
# Target file:     /home/elise/Documents/M1-BIM/S2/TMEs/SBAS/tme08/scop/scop/scopTestSeq.fasta
# Option settings: hmmsearch --domtblout /home/elise/Documents/M1-BIM/S2/TMEs/SBAS/tme08/searchResults/scop30/d3evfa_c.66.1.0.aln.out -E 1 /home/elise/Documents/M1-BIM/S2/TMEs/SBAS/tme08/models/scop30/d3evfa_c.66.1.0.aln.hmm /home/elise/Documents/M1-BIM/S2/TMEs/SBAS/tme08/scop/scop/scopTestSeq.fasta 
# Current dir:     /home/elise/Documents/M1-BIM/S2/TMEs/SBAS/tme08
# Date:            Thu Apr 10 10:02:43 2025
# [ok]
