#                                                                            --- full sequence --- -------------- this domain -------------   hmm coord   ali coord   env coord
# target name        accession   tlen query name           accession   qlen   E-value  score  bias   #  of  c-Evalue  i-Evalue  score  bias  from    to  from    to  from    to  acc description of target
#------------------- ---------- ----- -------------------- ---------- ----- --------- ------ ----- --- --- --------- --------- ------ ----- ----- ----- ----- ----- ----- ----- ---- ---------------------
d1q4ta_d.38.1.5      -            142 d3f5oa_d.38.1.5.aln  -            139   1.3e-47  156.7   1.2   1   1   2.6e-49   1.5e-47  156.5   1.2     3   138     8   141     6   142 0.98 -
d2hboa1d.38.1.5      -            142 d3f5oa_d.38.1.5.aln  -            139     2e-44  146.4   0.0   1   1   3.9e-46   2.2e-44  146.3   0.0     2   139     2   135     1   135 0.98 -
d1yoca1d.38.1.5      -            145 d3f5oa_d.38.1.5.aln  -            139   2.5e-43  142.9   0.2   1   1   4.9e-45   2.8e-43  142.7   0.2     1   138     6   145     6   145 0.99 -
d1t82a_d.38.1.5      -            143 d3f5oa_d.38.1.5.aln  -            139   5.9e-43  141.7   0.0   1   1   1.1e-44   6.5e-43  141.5   0.0     4   134     1   142     1   143 0.99 -
d1vh5a_d.38.1.5      -            138 d3f5oa_d.38.1.5.aln  -            139   1.3e-42  140.5   0.0   1   1   2.6e-44   1.4e-42  140.4   0.0     2   135     7   137     6   138 0.98 -
d1sh8a_d.38.1.5      -            153 d3f5oa_d.38.1.5.aln  -            139   3.1e-41  136.1   0.1   1   1   6.1e-43   3.4e-41  135.9   0.1     3   138     1   149     1   150 0.99 -
d1ixla_d.38.1.5      -            130 d3f5oa_d.38.1.5.aln  -            139   4.4e-38  125.8   0.1   1   1   8.7e-40   4.9e-38  125.7   0.1     4   139     1   127     1   127 0.98 -
d1wlua_d.38.1.5      -            117 d3f5oa_d.38.1.5.aln  -            139     2e-37  123.7   0.6   1   1   3.9e-39   2.2e-37  123.6   0.6    11   134     1   117     1   117 0.99 -
d2ov9a1d.38.1.5      -            203 d3f5oa_d.38.1.5.aln  -            139   1.2e-36  121.2   0.3   1   2   3.5e-38     2e-36  120.5   0.1     2   139    14   157    13   157 0.99 -
d2ov9a1d.38.1.5      -            203 d3f5oa_d.38.1.5.aln  -            139   1.2e-36  121.2   0.3   2   2       4.9   2.7e+02   -3.1   0.0   102   126   171   195   169   201 0.69 -
d2f41a1d.38.1.5      -            111 d3f5oa_d.38.1.5.aln  -            139   4.6e-35  116.1   0.8   1   1     9e-37   5.1e-35  115.9   0.8    17   134     1   111     1   111 0.98 -
d3f5oa_d.38.1.5      -            138 d3f5oa_d.38.1.5.aln  -            139   1.6e-11   39.8   0.1   1   1   3.5e-13     2e-11   39.5   0.1    13   121    18   123    11   136 0.92 -
d1vpma_d.38.1.1      -            155 d3f5oa_d.38.1.5.aln  -            139     1e-05   21.0   0.1   1   1   2.6e-07   1.5e-05   20.5   0.1    45   124    24    98    16   108 0.81 -
d2gvha1d.38.1.1      -            135 d3f5oa_d.38.1.5.aln  -            139   1.8e-05   20.2   0.1   1   1     4e-07   2.3e-05   19.9   0.1    48   120    21    94    13   112 0.80 -
d1s5ua_d.38.1.1      -            129 d3f5oa_d.38.1.5.aln  -            139   9.5e-05   17.9   0.2   1   1   2.2e-06   0.00012   17.5   0.2    67   123    41    99    14   110 0.78 -
#
# Program:         hmmsearch
# Version:         3.3.2 (Nov 2020)
# Pipeline mode:   SEARCH
# Query file:      /home/elise/Documents/M1-BIM/S2/TMEs/SBAS/tme08/models/scop30/d3f5oa_d.38.1.5.aln.hmm
# Target file:     /home/elise/Documents/M1-BIM/S2/TMEs/SBAS/tme08/scop/scop/scopTestSeq.fasta
# Option settings: hmmsearch --domtblout /home/elise/Documents/M1-BIM/S2/TMEs/SBAS/tme08/searchResults/scop30/d3f5oa_d.38.1.5.aln.out -E 1 /home/elise/Documents/M1-BIM/S2/TMEs/SBAS/tme08/models/scop30/d3f5oa_d.38.1.5.aln.hmm /home/elise/Documents/M1-BIM/S2/TMEs/SBAS/tme08/scop/scop/scopTestSeq.fasta 
# Current dir:     /home/elise/Documents/M1-BIM/S2/TMEs/SBAS/tme08
# Date:            Thu Apr 10 10:02:43 2025
# [ok]
