#                                                                            --- full sequence --- -------------- this domain -------------   hmm coord   ali coord   env coord
# target name        accession   tlen query name           accession   qlen   E-value  score  bias   #  of  c-Evalue  i-Evalue  score  bias  from    to  from    to  from    to  acc description of target
#------------------- ---------- ----- -------------------- ---------- ----- --------- ------ ----- --- --- --------- --------- ------ ----- ----- ----- ----- ----- ----- ----- ---- ---------------------
d3h93a_c.47.1.0      -            192 d3feua_c.47.1.0.aln  -            129   1.1e-42  140.5   0.0   1   2   5.4e-44   4.3e-42  138.5   0.0     1   129     4   132     4   132 0.99 -
d3h93a_c.47.1.0      -            192 d3feua_c.47.1.0.aln  -            129   1.1e-42  140.5   0.0   2   2      0.45        36   -0.3   0.0    69    92   135   158   133   188 0.79 -
d2v1ma_c.47.1.0      -            163 d3feua_c.47.1.0.aln  -            129   3.3e-42  138.9   0.1   1   1   4.9e-44   3.9e-42  138.7   0.1     1   129     1   131     1   131 0.99 -
d2xhfa_c.47.1.0      -            156 d3feua_c.47.1.0.aln  -            129   3.3e-40  132.4   0.0   1   1   4.8e-42   3.8e-40  132.2   0.0     1   129    12   140    12   140 0.99 -
d3c7ma_c.47.1.0      -            195 d3feua_c.47.1.0.aln  -            129   2.9e-37  122.9   0.7   1   1   5.8e-39   4.5e-37  122.3   0.7     1   128     5   141     5   142 0.99 -
d3h79a_c.47.1.0      -            115 d3feua_c.47.1.0.aln  -            129   1.3e-34  114.3   0.0   1   1   1.8e-36   1.4e-34  114.2   0.0     3   121     2   115     1   115 0.98 -
d3gnja_c.47.1.0      -            111 d3feua_c.47.1.0.aln  -            129   7.2e-34  111.9   0.4   1   1     1e-35     8e-34  111.8   0.4     1   121     1   111     1   111 0.99 -
d2wcia_c.47.1.0      -            113 d3feua_c.47.1.0.aln  -            129   1.3e-32  107.9   0.0   1   1   1.8e-34   1.4e-32  107.7   0.0     8   128     1   112     1   113 0.98 -
d2hzfa_c.47.1.0      -            110 d3feua_c.47.1.0.aln  -            129   1.9e-32  107.3   0.0   1   1   2.6e-34   2.1e-32  107.2   0.0     7   123     1   109     1   110 0.98 -
d3fz4a_c.47.1.0      -            119 d3feua_c.47.1.0.aln  -            129   2.6e-32  106.9   0.0   1   1   3.6e-34   2.8e-32  106.8   0.0     5   126     1   119     1   119 0.99 -
d3qmxa_c.47.1.0      -             99 d3feua_c.47.1.0.aln  -            129   1.1e-29   98.5   0.0   1   1   1.4e-31   1.1e-29   98.3   0.0     7   118     1    99     1    99 0.97 -
#
# Program:         hmmsearch
# Version:         3.3.2 (Nov 2020)
# Pipeline mode:   SEARCH
# Query file:      /home/elise/Documents/M1-BIM/S2/TMEs/SBAS/tme08/models/scop30/d3feua_c.47.1.0.aln.hmm
# Target file:     /home/elise/Documents/M1-BIM/S2/TMEs/SBAS/tme08/scop/scop/scopTestSeq.fasta
# Option settings: hmmsearch --domtblout /home/elise/Documents/M1-BIM/S2/TMEs/SBAS/tme08/searchResults/scop30/d3feua_c.47.1.0.aln.out -E 1 /home/elise/Documents/M1-BIM/S2/TMEs/SBAS/tme08/models/scop30/d3feua_c.47.1.0.aln.hmm /home/elise/Documents/M1-BIM/S2/TMEs/SBAS/tme08/scop/scop/scopTestSeq.fasta 
# Current dir:     /home/elise/Documents/M1-BIM/S2/TMEs/SBAS/tme08
# Date:            Thu Apr 10 10:02:43 2025
# [ok]
