#                                                                            --- full sequence --- -------------- this domain -------------   hmm coord   ali coord   env coord
# target name        accession   tlen query name           accession   qlen   E-value  score  bias   #  of  c-Evalue  i-Evalue  score  bias  from    to  from    to  from    to  acc description of target
#------------------- ---------- ----- -------------------- ---------- ----- --------- ------ ----- --- --- --------- --------- ------ ----- ----- ----- ----- ----- ----- ----- ---- ---------------------
d2v1ma_c.47.1.0      -            163 d3gnja_c.47.1.0.aln  -            152   2.9e-51  168.7   0.0   1   1   4.1e-53   3.3e-51  168.5   0.0     1   152     7   162     7   162 0.99 -
d3h93a_c.47.1.0      -            192 d3gnja_c.47.1.0.aln  -            152   5.4e-50  164.6   0.0   1   1   7.7e-52   6.1e-50  164.4   0.0     1   152     6   187     6   187 0.99 -
d3feua_c.47.1.0      -            183 d3gnja_c.47.1.0.aln  -            152   5.9e-50  164.5   0.1   1   1   8.4e-52   6.6e-50  164.3   0.1     1   150     3   183     3   183 0.99 -
d2xhfa_c.47.1.0      -            156 d3gnja_c.47.1.0.aln  -            152   2.5e-48  159.2   0.0   1   1   3.5e-50   2.7e-48  159.1   0.0     1   152     3   155     3   155 0.99 -
d3c7ma_c.47.1.0      -            195 d3gnja_c.47.1.0.aln  -            152     9e-47  154.1   1.4   1   1   1.3e-48     1e-46  154.0   1.4     1   150     1   195     1   195 0.99 -
d3h79a_c.47.1.0      -            115 d3gnja_c.47.1.0.aln  -            152   1.6e-33  111.1   0.0   1   1   2.3e-35   1.8e-33  111.0   0.0    34   152     1   115     1   115 0.98 -
d3fz4a_c.47.1.0      -            119 d3gnja_c.47.1.0.aln  -            152   4.3e-32  106.5   0.0   1   1   5.9e-34   4.7e-32  106.4   0.0    31   149     1   119     1   119 0.99 -
d2wcia_c.47.1.0      -            113 d3gnja_c.47.1.0.aln  -            152   6.9e-32  105.8   0.0   1   1   9.6e-34   7.6e-32  105.7   0.0    34   151     1   112     1   113 0.98 -
d2hzfa_c.47.1.0      -            110 d3gnja_c.47.1.0.aln  -            152   8.3e-32  105.5   0.0   1   1   1.1e-33     9e-32  105.4   0.0    33   146     1   109     1   110 0.98 -
d3qmxa_c.47.1.0      -             99 d3gnja_c.47.1.0.aln  -            152   1.5e-28   94.9   0.0   1   1   2.1e-30   1.7e-28   94.8   0.0    33   140     1    98     1    99 0.98 -
#
# Program:         hmmsearch
# Version:         3.3.2 (Nov 2020)
# Pipeline mode:   SEARCH
# Query file:      /home/elise/Documents/M1-BIM/S2/TMEs/SBAS/tme08/models/scop30/d3gnja_c.47.1.0.aln.hmm
# Target file:     /home/elise/Documents/M1-BIM/S2/TMEs/SBAS/tme08/scop/scop/scopTestSeq.fasta
# Option settings: hmmsearch --domtblout /home/elise/Documents/M1-BIM/S2/TMEs/SBAS/tme08/searchResults/scop30/d3gnja_c.47.1.0.aln.out -E 1 /home/elise/Documents/M1-BIM/S2/TMEs/SBAS/tme08/models/scop30/d3gnja_c.47.1.0.aln.hmm /home/elise/Documents/M1-BIM/S2/TMEs/SBAS/tme08/scop/scop/scopTestSeq.fasta 
# Current dir:     /home/elise/Documents/M1-BIM/S2/TMEs/SBAS/tme08
# Date:            Thu Apr 10 10:02:43 2025
# [ok]
