#                                                                            --- full sequence --- -------------- this domain -------------   hmm coord   ali coord   env coord
# target name        accession   tlen query name           accession   qlen   E-value  score  bias   #  of  c-Evalue  i-Evalue  score  bias  from    to  from    to  from    to  acc description of target
#------------------- ---------- ----- -------------------- ---------- ----- --------- ------ ----- --- --- --------- --------- ------ ----- ----- ----- ----- ----- ----- ----- ---- ---------------------
d3feua_c.47.1.0      -            183 d3h79a_c.47.1.0.aln  -            145     2e-51  169.4   0.1   1   1     3e-53   2.3e-51  169.2   0.1     1   145    17   161    17   161 0.99 -
d3h93a_c.47.1.0      -            192 d3h79a_c.47.1.0.aln  -            145   5.3e-50  164.8   0.0   1   1   8.2e-52   6.5e-50  164.5   0.0     1   145    22   163    22   163 0.99 -
d2v1ma_c.47.1.0      -            163 d3h79a_c.47.1.0.aln  -            145   4.6e-48  158.5   0.0   1   1   6.7e-50   5.2e-48  158.3   0.0     1   144     1   147     1   148 0.99 -
d3c7ma_c.47.1.0      -            195 d3h79a_c.47.1.0.aln  -            145   1.3e-47  157.1   1.5   1   1     2e-49   1.5e-47  156.8   1.5     3   144    16   172    15   173 0.99 -
d2xhfa_c.47.1.0      -            156 d3h79a_c.47.1.0.aln  -            145   7.6e-47  154.6   0.0   1   1   1.1e-48   8.4e-47  154.4   0.0     2   145    13   156    12   156 0.99 -
d2wcia_c.47.1.0      -            113 d3h79a_c.47.1.0.aln  -            145   3.6e-32  107.0   0.0   1   1     5e-34   3.9e-32  106.9   0.0     8   129     1   113     1   113 0.97 -
d3fz4a_c.47.1.0      -            119 d3h79a_c.47.1.0.aln  -            145     1e-31  105.5   0.0   1   1   1.4e-33   1.1e-31  105.4   0.0     5   126     1   119     1   119 0.99 -
d3gnja_c.47.1.0      -            111 d3h79a_c.47.1.0.aln  -            145   3.4e-31  103.8   0.3   1   1   4.7e-33   3.7e-31  103.7   0.3     1   121     1   111     1   111 0.98 -
d2hzfa_c.47.1.0      -            110 d3h79a_c.47.1.0.aln  -            145   3.9e-30  100.4   0.0   1   1   5.3e-32   4.2e-30  100.3   0.0     7   123     1   109     1   110 0.98 -
d3qmxa_c.47.1.0      -             99 d3h79a_c.47.1.0.aln  -            145   4.4e-28   93.7   0.0   1   1     6e-30   4.7e-28   93.6   0.0     7   117     1    98     1    99 0.98 -
#
# Program:         hmmsearch
# Version:         3.3.2 (Nov 2020)
# Pipeline mode:   SEARCH
# Query file:      /home/elise/Documents/M1-BIM/S2/TMEs/SBAS/tme08/models/scop30/d3h79a_c.47.1.0.aln.hmm
# Target file:     /home/elise/Documents/M1-BIM/S2/TMEs/SBAS/tme08/scop/scop/scopTestSeq.fasta
# Option settings: hmmsearch --domtblout /home/elise/Documents/M1-BIM/S2/TMEs/SBAS/tme08/searchResults/scop30/d3h79a_c.47.1.0.aln.out -E 1 /home/elise/Documents/M1-BIM/S2/TMEs/SBAS/tme08/models/scop30/d3h79a_c.47.1.0.aln.hmm /home/elise/Documents/M1-BIM/S2/TMEs/SBAS/tme08/scop/scop/scopTestSeq.fasta 
# Current dir:     /home/elise/Documents/M1-BIM/S2/TMEs/SBAS/tme08
# Date:            Thu Apr 10 10:02:43 2025
# [ok]
