#                                                                            --- full sequence --- -------------- this domain -------------   hmm coord   ali coord   env coord
# target name        accession   tlen query name           accession   qlen   E-value  score  bias   #  of  c-Evalue  i-Evalue  score  bias  from    to  from    to  from    to  acc description of target
#------------------- ---------- ----- -------------------- ---------- ----- --------- ------ ----- --- --- --------- --------- ------ ----- ----- ----- ----- ----- ----- ----- ---- ---------------------
d3khta_c.23.1.0      -            132 d3heba_c.23.1.0.aln  -            123   1.6e-52  172.1   0.1   1   1   3.7e-54   1.8e-52  171.9   0.1     1   123     1   125     1   125 0.99 -
d3ktoa_c.23.1.0      -            122 d3heba_c.23.1.0.aln  -            123   1.9e-50  165.4   0.4   1   1   4.3e-52   2.1e-50  165.3   0.4     2   123     1   122     1   122 0.99 -
d3cfya_c.23.1.0      -            130 d3heba_c.23.1.0.aln  -            123   2.5e-50  165.0   0.1   1   1   5.7e-52   2.8e-50  164.9   0.1     1   123     2   122     2   122 0.99 -
d3eqza_c.23.1.0      -            124 d3heba_c.23.1.0.aln  -            123   9.5e-45  147.0   0.0   1   1   2.1e-46     1e-44  146.9   0.0     2   122     2   124     1   124 0.99 -
d2plna_c.23.1.0      -            118 d3heba_c.23.1.0.aln  -            123   9.7e-43  140.5   0.2   1   1   2.2e-44   1.1e-42  140.4   0.2     1   121     4   118     4   118 0.99 -
d1kgsa2c.23.1.1      -            122 d3heba_c.23.1.0.aln  -            123   1.9e-21   71.7   0.0   1   1   4.2e-23   2.1e-21   71.6   0.0     3   121     3   119     1   121 0.96 -
d1dbwa_c.23.1.1      -            123 d3heba_c.23.1.0.aln  -            123   4.7e-19   64.1   0.0   1   1   1.2e-20   5.7e-19   63.8   0.0     4   115     6   115     4   121 0.93 -
d1mb3a_c.23.1.1      -            123 d3heba_c.23.1.0.aln  -            123   1.8e-18   62.2   0.0   1   1     4e-20     2e-18   62.0   0.0     2   114     2   114     1   122 0.92 -
d1dz3a_c.23.1.1      -            123 d3heba_c.23.1.0.aln  -            123   4.4e-13   44.8   0.0   1   1     1e-14     5e-13   44.6   0.0     3   117     3   118     1   122 0.89 -
d1jbea_c.23.1.1      -            128 d3heba_c.23.1.0.aln  -            123   8.7e-13   43.8   0.0   1   1   2.1e-14     1e-12   43.5   0.0     5   115     8   119     5   125 0.91 -
d1s8na_c.23.1.1      -            190 d3heba_c.23.1.0.aln  -            123   1.2e-12   43.3   0.0   1   1   3.9e-14   1.9e-12   42.7   0.0     2   115     4   115     3   123 0.89 -
d2r25b_c.23.1.1      -            133 d3heba_c.23.1.0.aln  -            123   5.9e-11   37.9   0.0   1   1   1.5e-12   7.3e-11   37.6   0.0     3   118     4   124     2   129 0.82 -
d3heba_c.23.1.0      -            142 d3heba_c.23.1.0.aln  -            123   7.3e-11   37.6   0.0   1   1   3.1e-12   1.5e-10   36.5   0.0     6   110     5   120     2   129 0.69 -
d1k66a_c.23.1.1      -            149 d3heba_c.23.1.0.aln  -            123   1.3e-09   33.6   0.1   1   1   7.4e-11   3.7e-09   32.1   0.1     5   120    10   137     7   139 0.72 -
d2b4aa1c.23.1.1      -            118 d3heba_c.23.1.0.aln  -            123   7.6e-07   24.6   0.1   1   1   2.2e-08   1.1e-06   24.1   0.1     3    82     4    83     3   116 0.75 -
d2v0na2c.23.1.1      -            153 d3heba_c.23.1.0.aln  -            123   3.4e-06   22.5   0.1   1   1   1.4e-07     7e-06   21.5   0.1     3   121    15   131    14   133 0.87 -
#
# Program:         hmmsearch
# Version:         3.3.2 (Nov 2020)
# Pipeline mode:   SEARCH
# Query file:      /home/elise/Documents/M1-BIM/S2/TMEs/SBAS/tme08/models/scop30/d3heba_c.23.1.0.aln.hmm
# Target file:     /home/elise/Documents/M1-BIM/S2/TMEs/SBAS/tme08/scop/scop/scopTestSeq.fasta
# Option settings: hmmsearch --domtblout /home/elise/Documents/M1-BIM/S2/TMEs/SBAS/tme08/searchResults/scop30/d3heba_c.23.1.0.aln.out -E 1 /home/elise/Documents/M1-BIM/S2/TMEs/SBAS/tme08/models/scop30/d3heba_c.23.1.0.aln.hmm /home/elise/Documents/M1-BIM/S2/TMEs/SBAS/tme08/scop/scop/scopTestSeq.fasta 
# Current dir:     /home/elise/Documents/M1-BIM/S2/TMEs/SBAS/tme08
# Date:            Thu Apr 10 10:02:44 2025
# [ok]
