#                                                                            --- full sequence --- -------------- this domain -------------   hmm coord   ali coord   env coord
# target name        accession   tlen query name           accession   qlen   E-value  score  bias   #  of  c-Evalue  i-Evalue  score  bias  from    to  from    to  from    to  acc description of target
#------------------- ---------- ----- -------------------- ---------- ----- --------- ------ ----- --- --- --------- --------- ------ ----- ----- ----- ----- ----- ----- ----- ---- ---------------------
d1qdda_d.169.1.1     -            144 d3hupa_d.169.1.1.aln -            132   3.5e-45  148.9   3.3   1   1   6.5e-47     4e-45  148.7   3.3     2   130    13   143    12   144 0.98 -
d1wmza_d.169.1.1     -            140 d3hupa_d.169.1.1.aln -            132   5.1e-42  138.7   8.8   1   1   9.5e-44   5.8e-42  138.5   8.8     2   131     2   139     1   140 0.98 -
d2ziba_d.169.1.1     -            130 d3hupa_d.169.1.1.aln -            132   3.9e-41  135.8   4.1   1   1     7e-43   4.3e-41  135.7   4.1     2   131     6   129     5   130 0.98 -
d3l9jc_d.169.1.1     -            134 d3hupa_d.169.1.1.aln -            132   1.6e-40  133.9   3.1   1   1   2.9e-42   1.7e-40  133.7   3.1     2   130     2   133     1   134 0.97 -
d1gz2a_d.169.1.1     -            139 d3hupa_d.169.1.1.aln -            132   1.5e-37  124.2   0.1   1   1   2.7e-39   1.7e-37  124.1   0.1     2   130     1   138     1   139 0.98 -
d1pwba1d.169.1.1     -            121 d3hupa_d.169.1.1.aln -            132   2.2e-36  120.4   0.0   1   1     4e-38   2.4e-36  120.3   0.0     6   129     2   121     1   121 0.97 -
d1g1ta1d.169.1.1     -            118 d3hupa_d.169.1.1.aln -            132   7.2e-36  118.8   5.2   1   1   1.3e-37     8e-36  118.6   5.2    13   128     1   118     1   118 0.97 -
d1qo3c_d.169.1.1     -            133 d3hupa_d.169.1.1.aln -            132     1e-35  118.3   4.3   1   1   1.8e-37   1.1e-35  118.2   4.3     2   131    13   132    12   133 0.95 -
d1byfa_d.169.1.1     -            123 d3hupa_d.169.1.1.aln -            132   7.4e-34  112.3   0.1   1   1   1.3e-35   8.1e-34  112.2   0.1    13   131     2   122     1   123 0.97 -
d1h8ua_d.169.1.1     -            115 d3hupa_d.169.1.1.aln -            132   9.7e-34  111.9   5.4   1   1   1.7e-35   1.1e-33  111.8   5.4    15   128     2   114     1   115 0.98 -
d1wk1a_d.169.1.1     -            150 d3hupa_d.169.1.1.aln -            132   1.1e-33  111.8   0.1   1   1     2e-35   1.2e-33  111.6   0.1     7   131     3   131     1   132 0.96 -
d1kg0c_d.169.1.1     -            136 d3hupa_d.169.1.1.aln -            132   2.2e-31  104.3   3.9   1   1   4.5e-33   2.7e-31  104.0   3.9     1   131    17   135    17   136 0.97 -
d3hupa_d.169.1.1     -            121 d3hupa_d.169.1.1.aln -            132   6.2e-13   44.6   9.9   1   1   1.8e-14   1.1e-12   43.8   9.9     2   129     6   118     5   120 0.87 -
#
# Program:         hmmsearch
# Version:         3.3.2 (Nov 2020)
# Pipeline mode:   SEARCH
# Query file:      /home/elise/Documents/M1-BIM/S2/TMEs/SBAS/tme08/models/scop30/d3hupa_d.169.1.1.aln.hmm
# Target file:     /home/elise/Documents/M1-BIM/S2/TMEs/SBAS/tme08/scop/scop/scopTestSeq.fasta
# Option settings: hmmsearch --domtblout /home/elise/Documents/M1-BIM/S2/TMEs/SBAS/tme08/searchResults/scop30/d3hupa_d.169.1.1.aln.out -E 1 /home/elise/Documents/M1-BIM/S2/TMEs/SBAS/tme08/models/scop30/d3hupa_d.169.1.1.aln.hmm /home/elise/Documents/M1-BIM/S2/TMEs/SBAS/tme08/scop/scop/scopTestSeq.fasta 
# Current dir:     /home/elise/Documents/M1-BIM/S2/TMEs/SBAS/tme08
# Date:            Thu Apr 10 10:02:44 2025
# [ok]
