#                                                                            --- full sequence --- -------------- this domain -------------   hmm coord   ali coord   env coord
# target name        accession   tlen query name           accession   qlen   E-value  score  bias   #  of  c-Evalue  i-Evalue  score  bias  from    to  from    to  from    to  acc description of target
#------------------- ---------- ----- -------------------- ---------- ----- --------- ------ ----- --- --- --------- --------- ------ ----- ----- ----- ----- ----- ----- ----- ---- ---------------------
d3bjaa_a.4.5.0       -            139 d3jw4a_a.4.5.0.aln   -            138   1.7e-56  185.8   1.1   1   1   2.4e-58   1.9e-56  185.7   1.1     1   138     1   138     1   138 0.99 -
d2xiga_a.4.5.0       -            148 d3jw4a_a.4.5.0.aln   -            138   2.6e-52  172.3   3.7   1   1   3.7e-54   2.9e-52  172.1   3.7     1   138     1   146     1   146 1.00 -
d3k69a_a.4.5.0       -            155 d3jw4a_a.4.5.0.aln   -            138     4e-52  171.6   0.0   1   1   5.8e-54   4.6e-52  171.5   0.0     1   138    17   155    17   155 0.99 -
d3qu3a_a.4.5.0       -            122 d3jw4a_a.4.5.0.aln   -            138   2.1e-44  146.7   0.0   1   1   2.9e-46   2.3e-44  146.5   0.0     8   133     1   122     1   122 0.99 -
d3df8a_a.4.5.0       -            109 d3jw4a_a.4.5.0.aln   -            138   1.4e-35  118.1   0.0   1   1   1.9e-37   1.5e-35  117.9   0.0     5   122     1   109     1   109 0.99 -
d3f8ba_a.4.5.0       -            105 d3jw4a_a.4.5.0.aln   -            138   8.9e-35  115.5   0.3   1   1   1.2e-36   9.8e-35  115.3   0.3     5   122     1   105     1   105 0.99 -
d2fbia1a.4.5.28      -            136 d3jw4a_a.4.5.0.aln   -            138   3.6e-05   19.5   0.1   1   1   5.1e-07   4.1e-05   19.4   0.1    34   136    36   133     9   135 0.88 -
d3ctaa1a.4.5.28      -             85 d3jw4a_a.4.5.0.aln   -            138   0.00022   17.0   0.1   1   1   2.9e-06   0.00023   16.9   0.1    42   100    15    71     1    82 0.77 -
d3broa1a.4.5.28      -            135 d3jw4a_a.4.5.0.aln   -            138   0.00073   15.3   1.6   1   1     1e-05   0.00082   15.2   1.6    34   133    32   131    13   135 0.91 -
d2etha1a.4.5.28      -            140 d3jw4a_a.4.5.0.aln   -            138    0.0039   13.0   0.0   1   1   9.1e-05    0.0072   12.1   0.0    50   123    49   122    39   132 0.87 -
#
# Program:         hmmsearch
# Version:         3.3.2 (Nov 2020)
# Pipeline mode:   SEARCH
# Query file:      /home/elise/Documents/M1-BIM/S2/TMEs/SBAS/tme08/models/scop30/d3jw4a_a.4.5.0.aln.hmm
# Target file:     /home/elise/Documents/M1-BIM/S2/TMEs/SBAS/tme08/scop/scop/scopTestSeq.fasta
# Option settings: hmmsearch --domtblout /home/elise/Documents/M1-BIM/S2/TMEs/SBAS/tme08/searchResults/scop30/d3jw4a_a.4.5.0.aln.out -E 1 /home/elise/Documents/M1-BIM/S2/TMEs/SBAS/tme08/models/scop30/d3jw4a_a.4.5.0.aln.hmm /home/elise/Documents/M1-BIM/S2/TMEs/SBAS/tme08/scop/scop/scopTestSeq.fasta 
# Current dir:     /home/elise/Documents/M1-BIM/S2/TMEs/SBAS/tme08
# Date:            Thu Apr 10 10:02:44 2025
# [ok]
