#                                                                            --- full sequence --- -------------- this domain -------------   hmm coord   ali coord   env coord
# target name        accession   tlen query name           accession   qlen   E-value  score  bias   #  of  c-Evalue  i-Evalue  score  bias  from    to  from    to  from    to  acc description of target
#------------------- ---------- ----- -------------------- ---------- ----- --------- ------ ----- --- --- --------- --------- ------ ----- ----- ----- ----- ----- ----- ----- ---- ---------------------
d3bjaa_a.4.5.0       -            139 d3k69a_a.4.5.0.aln   -            137     7e-56  183.4   2.4   1   1   1.7e-57   7.8e-56  183.2   2.4     1   137     2   138     2   138 0.99 -
d3jw4a_a.4.5.0       -            137 d3k69a_a.4.5.0.aln   -            137   1.6e-52  172.5   0.7   1   1   3.8e-54   1.8e-52  172.3   0.7     1   137     1   137     1   137 0.99 -
d2xiga_a.4.5.0       -            148 d3k69a_a.4.5.0.aln   -            137   1.1e-50  166.6   4.5   1   1   2.6e-52   1.2e-50  166.4   4.5     1   137     2   146     2   146 0.99 -
d3qu3a_a.4.5.0       -            122 d3k69a_a.4.5.0.aln   -            137   1.1e-44  147.0   0.0   1   1   2.7e-46   1.3e-44  146.9   0.0     7   132     1   122     1   122 0.99 -
d3df8a_a.4.5.0       -            109 d3k69a_a.4.5.0.aln   -            137   1.2e-34  114.6   0.0   1   1   2.9e-36   1.3e-34  114.4   0.0     5   121     2   109     1   109 0.99 -
d3f8ba_a.4.5.0       -            105 d3k69a_a.4.5.0.aln   -            137   4.2e-34  112.8   0.7   1   1     1e-35   4.6e-34  112.7   0.7     5   121     2   105     1   105 0.99 -
d3broa1a.4.5.28      -            135 d3k69a_a.4.5.0.aln   -            137   1.1e-10   37.0   3.4   1   1   2.6e-12   1.2e-10   36.9   3.4    31   131    30   130     7   135 0.92 -
d2a61a1a.4.5.28      -            139 d3k69a_a.4.5.0.aln   -            137   3.5e-07   25.6   0.0   1   1   9.4e-09   4.3e-07   25.3   0.0    58   130    56   128    48   135 0.89 -
d2etha1a.4.5.28      -            140 d3k69a_a.4.5.0.aln   -            137   3.9e-07   25.5   0.1   1   1     1e-08   4.8e-07   25.2   0.1    46   121    46   121    13   133 0.87 -
d2fbia1a.4.5.28      -            136 d3k69a_a.4.5.0.aln   -            137   4.8e-07   25.2   0.3   1   1   1.3e-08     6e-07   24.9   0.3    23   132    23   130     3   134 0.81 -
d1jgsa_a.4.5.28      -            138 d3k69a_a.4.5.0.aln   -            137   5.6e-07   25.0   0.0   1   1   1.8e-08   8.3e-07   24.4   0.0    62   132    64   135    53   137 0.89 -
d1lj9a_a.4.5.28      -            144 d3k69a_a.4.5.0.aln   -            137   9.5e-07   24.2   0.4   1   1   2.6e-08   1.2e-06   23.9   0.4    45   135    42   132    29   134 0.84 -
d2fbka1a.4.5.28      -            172 d3k69a_a.4.5.0.aln   -            137     2e-05   19.9   0.0   1   1     6e-07   2.8e-05   19.5   0.0    55   129    88   162    77   166 0.91 -
d3ctaa1a.4.5.28      -             85 d3k69a_a.4.5.0.aln   -            137   3.9e-05   19.0   0.1   1   1   9.1e-07   4.2e-05   18.9   0.1    39    98    13    70     1    81 0.75 -
d2fbha1a.4.5.28      -            137 d3k69a_a.4.5.0.aln   -            137    0.0013   14.1   0.0   1   1   3.2e-05    0.0015   13.9   0.0    48   130    45   127    10   131 0.84 -
d2hr3a1a.4.5.28      -            145 d3k69a_a.4.5.0.aln   -            137    0.0019   13.6   0.0   1   1   5.5e-05    0.0026   13.1   0.0    45    98    48   101    38   127 0.89 -
d3echa_a.4.5.28      -            142 d3k69a_a.4.5.0.aln   -            137    0.0039   12.5   0.0   1   1   9.3e-05    0.0043   12.4   0.0    58   131    63   136    10   141 0.84 -
#
# Program:         hmmsearch
# Version:         3.3.2 (Nov 2020)
# Pipeline mode:   SEARCH
# Query file:      /home/elise/Documents/M1-BIM/S2/TMEs/SBAS/tme08/models/scop30/d3k69a_a.4.5.0.aln.hmm
# Target file:     /home/elise/Documents/M1-BIM/S2/TMEs/SBAS/tme08/scop/scop/scopTestSeq.fasta
# Option settings: hmmsearch --domtblout /home/elise/Documents/M1-BIM/S2/TMEs/SBAS/tme08/searchResults/scop30/d3k69a_a.4.5.0.aln.out -E 1 /home/elise/Documents/M1-BIM/S2/TMEs/SBAS/tme08/models/scop30/d3k69a_a.4.5.0.aln.hmm /home/elise/Documents/M1-BIM/S2/TMEs/SBAS/tme08/scop/scop/scopTestSeq.fasta 
# Current dir:     /home/elise/Documents/M1-BIM/S2/TMEs/SBAS/tme08
# Date:            Thu Apr 10 10:02:44 2025
# [ok]
