#                                                                            --- full sequence --- -------------- this domain -------------   hmm coord   ali coord   env coord
# target name        accession   tlen query name           accession   qlen   E-value  score  bias   #  of  c-Evalue  i-Evalue  score  bias  from    to  from    to  from    to  acc description of target
#------------------- ---------- ----- -------------------- ---------- ----- --------- ------ ----- --- --- --------- --------- ------ ----- ----- ----- ----- ----- ----- ----- ---- ---------------------
d1p5zb_c.37.1.1      -            241 d3kb2a_c.37.1.1.aln  -            199   1.5e-55  183.4   0.0   1   1   6.2e-57   2.2e-55  182.8   0.0     3   199     2   199     1   199 0.99 -
d1deka_c.37.1.1      -            241 d3kb2a_c.37.1.1.aln  -            199   7.5e-53  174.6   0.0   1   1   2.4e-54   8.7e-53  174.4   0.0     3   198     1   197     1   198 0.99 -
d1qf9a_c.37.1.1      -            194 d3kb2a_c.37.1.1.aln  -            199   7.5e-53  174.6   0.0   1   1   2.3e-54   8.3e-53  174.5   0.0     2   193     5   193     4   194 0.99 -
d1vhta_c.37.1.1      -            208 d3kb2a_c.37.1.1.aln  -            199   3.6e-51  169.1   0.1   1   1   1.1e-52     4e-51  169.0   0.1     2   199     2   197     1   197 0.99 -
d1e2ka_c.37.1.1      -            329 d3kb2a_c.37.1.1.aln  -            199   3.3e-49  162.7   0.0   1   1   1.1e-50   4.1e-49  162.4   0.0     3   198     4   199     2   200 0.98 -
d1khta_c.37.1.1      -            190 d3kb2a_c.37.1.1.aln  -            199   4.3e-49  162.3   0.2   1   1   1.3e-50   4.7e-49  162.2   0.2     3   193     1   190     1   190 0.99 -
d1t0hb_c.37.1.1      -            219 d3kb2a_c.37.1.1.aln  -            199   5.5e-49  162.0   0.0   1   1   1.7e-50   6.1e-49  161.8   0.0     1   199    13   211    13   211 0.99 -
d1zina1c.37.1.1      -            183 d3kb2a_c.37.1.1.aln  -            199   8.6e-49  161.3   0.0   1   1   2.7e-50   9.5e-49  161.2   0.0     4   193     1   182     1   183 0.99 -
d1kjwa2c.37.1.1      -            199 d3kb2a_c.37.1.1.aln  -            199   1.4e-48  160.6   0.1   1   1   4.4e-50   1.6e-48  160.5   0.1     2   199     5   193     4   193 0.99 -
d1gsia_c.37.1.1      -            208 d3kb2a_c.37.1.1.aln  -            199     2e-47  156.9   0.0   1   1   6.2e-49   2.2e-47  156.7   0.0     4   198     1   195     1   196 0.99 -
d1kgda_c.37.1.1      -            178 d3kb2a_c.37.1.1.aln  -            199   1.5e-45  150.8   0.1   1   1   4.5e-47   1.6e-45  150.7   0.1     1   193     1   178     1   178 0.99 -
d1lw7a2c.37.1.1      -            192 d3kb2a_c.37.1.1.aln  -            199   2.3e-45  150.1   0.0   1   1   7.2e-47   2.6e-45  150.0   0.0     2   199     6   192     5   192 0.99 -
d2grja_c.37.1.1      -            179 d3kb2a_c.37.1.1.aln  -            199     5e-41  136.0   0.5   1   1   1.5e-42   5.5e-41  135.9   0.5     1   197     1   179     1   179 0.99 -
d1yj5a2c.37.1.1      -            172 d3kb2a_c.37.1.1.aln  -            199   5.7e-40  132.5   0.0   1   1   1.8e-41   6.3e-40  132.4   0.0     9   194     2   171     1   172 0.99 -
d1y63a_c.37.1.1      -            174 d3kb2a_c.37.1.1.aln  -            199   1.9e-39  130.8   1.2   1   1     6e-41   2.2e-39  130.7   1.2     1   193     3   174     3   174 0.99 -
d1ly1a_c.37.1.1      -            152 d3kb2a_c.37.1.1.aln  -            199   3.7e-36  120.1   0.0   1   1   1.2e-37   4.3e-36  119.9   0.0     2   171     1   148     1   151 0.98 -
d1g41a_c.37.1.20     -            443 d3kb2a_c.37.1.1.aln  -            199   2.6e-05   19.4   0.0   1   1   1.3e-06   4.6e-05   18.6   0.0     3    70    49   117    47   156 0.82 -
d2qora_c.37.1.0      -            196 d3kb2a_c.37.1.1.aln  -            199   0.00048   15.3   0.6   1   1   0.00014    0.0052   11.9   0.6     7   189     8   186     7   191 0.75 -
d2jaqa_c.37.1.0      -            201 d3kb2a_c.37.1.1.aln  -            199    0.0018   13.4   0.0   1   1     7e-05    0.0025   12.9   0.0     4    28     1    25     1    70 0.93 -
d1um8a_c.37.1.20     -            364 d3kb2a_c.37.1.1.aln  -            199    0.0034   12.5   0.0   1   1   0.00021    0.0077   11.3   0.0     5    30    70    95    68   151 0.89 -
d3akea_c.37.1.0      -            208 d3kb2a_c.37.1.1.aln  -            199    0.0053   11.9   0.9   1   2   0.00087     0.031    9.4   0.0     5    33     4    32     1    41 0.86 -
d3akea_c.37.1.0      -            208 d3kb2a_c.37.1.1.aln  -            199    0.0053   11.9   0.9   2   2      0.33        12    1.0   0.2   155   188   138   171   135   174 0.89 -
d1in4a2c.37.1.20     -            238 d3kb2a_c.37.1.1.aln  -            199    0.0065   11.6   0.0   1   1    0.0003     0.011   10.9   0.0     6    34    38    66    37    71 0.88 -
#
# Program:         hmmsearch
# Version:         3.3.2 (Nov 2020)
# Pipeline mode:   SEARCH
# Query file:      /home/elise/Documents/M1-BIM/S2/TMEs/SBAS/tme08/models/scop30/d3kb2a_c.37.1.1.aln.hmm
# Target file:     /home/elise/Documents/M1-BIM/S2/TMEs/SBAS/tme08/scop/scop/scopTestSeq.fasta
# Option settings: hmmsearch --domtblout /home/elise/Documents/M1-BIM/S2/TMEs/SBAS/tme08/searchResults/scop30/d3kb2a_c.37.1.1.aln.out -E 1 /home/elise/Documents/M1-BIM/S2/TMEs/SBAS/tme08/models/scop30/d3kb2a_c.37.1.1.aln.hmm /home/elise/Documents/M1-BIM/S2/TMEs/SBAS/tme08/scop/scop/scopTestSeq.fasta 
# Current dir:     /home/elise/Documents/M1-BIM/S2/TMEs/SBAS/tme08
# Date:            Thu Apr 10 10:02:44 2025
# [ok]
