#                                                                            --- full sequence --- -------------- this domain -------------   hmm coord   ali coord   env coord
# target name        accession   tlen query name           accession   qlen   E-value  score  bias   #  of  c-Evalue  i-Evalue  score  bias  from    to  from    to  from    to  acc description of target
#------------------- ---------- ----- -------------------- ---------- ----- --------- ------ ----- --- --- --------- --------- ------ ----- ----- ----- ----- ----- ----- ----- ---- ---------------------
d3cfya_c.23.1.0      -            130 d3khta_c.23.1.0.aln  -            124   5.9e-51  166.9   0.1   1   1   1.3e-52   6.6e-51  166.8   0.1     1   124     1   122     1   122 0.99 -
d3heba_c.23.1.0      -            142 d3khta_c.23.1.0.aln  -            124   7.7e-50  163.3   0.0   1   1   1.8e-51   8.9e-50  163.1   0.0     1   123    10   132    10   133 0.99 -
d3ktoa_c.23.1.0      -            122 d3khta_c.23.1.0.aln  -            124   5.9e-49  160.5   0.4   1   1   1.3e-50   6.5e-49  160.3   0.4     3   124     1   122     1   122 0.99 -
d3eqza_c.23.1.0      -            124 d3khta_c.23.1.0.aln  -            124   3.8e-48  157.9   0.0   1   1   8.5e-50   4.2e-48  157.7   0.0     3   123     2   124     1   124 0.99 -
d2plna_c.23.1.0      -            118 d3khta_c.23.1.0.aln  -            124   4.1e-42  138.4   0.1   1   1   9.3e-44   4.6e-42  138.2   0.1     1   122     3   118     3   118 0.99 -
d1dbwa_c.23.1.1      -            123 d3khta_c.23.1.0.aln  -            124   5.9e-21   70.0   0.0   1   1   1.4e-22   6.8e-21   69.8   0.0     5   120     6   119     3   122 0.96 -
d1kgsa2c.23.1.1      -            122 d3khta_c.23.1.0.aln  -            124   1.8e-20   68.5   0.0   1   1     4e-22     2e-20   68.3   0.0     4   123     3   120     1   121 0.94 -
d1mb3a_c.23.1.1      -            123 d3khta_c.23.1.0.aln  -            124   2.8e-17   58.2   0.0   1   1   6.1e-19     3e-17   58.1   0.0     4   123     3   122     1   123 0.97 -
d1s8na_c.23.1.1      -            190 d3khta_c.23.1.0.aln  -            124   8.2e-15   50.2   0.0   1   1   2.4e-16   1.2e-14   49.7   0.0     4   123     5   122     3   123 0.94 -
d1dz3a_c.23.1.1      -            123 d3khta_c.23.1.0.aln  -            124   3.3e-14   48.2   0.0   1   1   7.8e-16   3.8e-14   48.0   0.0     4   119     3   119     1   122 0.88 -
d1k66a_c.23.1.1      -            149 d3khta_c.23.1.0.aln  -            124     1e-13   46.6   0.1   1   2       1.9        92   -1.7   0.0    80    96    10    27     5    53 0.61 -
d1k66a_c.23.1.1      -            149 d3khta_c.23.1.0.aln  -            124     1e-13   46.6   0.1   2   2   4.5e-15   2.2e-13   45.6   0.1    46   121    62   137    47   139 0.95 -
d3khta_c.23.1.0      -            132 d3khta_c.23.1.0.aln  -            124   3.3e-13   45.0   0.3   1   1     8e-15     4e-13   44.7   0.3     3   105     2   106     1   112 0.92 -
d1jbea_c.23.1.1      -            128 d3khta_c.23.1.0.aln  -            124   3.4e-13   45.0   0.0   1   1   8.4e-15   4.1e-13   44.7   0.0     6   118     8   121     4   125 0.93 -
d2v0na2c.23.1.1      -            153 d3khta_c.23.1.0.aln  -            124   1.2e-08   30.2   0.0   1   1   4.1e-10     2e-08   29.6   0.0     2   122    13   131    12   133 0.83 -
d2r25b_c.23.1.1      -            133 d3khta_c.23.1.0.aln  -            124   2.5e-07   26.0   0.1   1   1   7.8e-09   3.8e-07   25.4   0.1     4   118     4   123     1   127 0.80 -
d2b4aa1c.23.1.1      -            118 d3khta_c.23.1.0.aln  -            124   6.9e-06   21.4   0.0   1   1     2e-07   9.7e-06   20.9   0.0     4   116     4   112     2   116 0.82 -
#
# Program:         hmmsearch
# Version:         3.3.2 (Nov 2020)
# Pipeline mode:   SEARCH
# Query file:      /home/elise/Documents/M1-BIM/S2/TMEs/SBAS/tme08/models/scop30/d3khta_c.23.1.0.aln.hmm
# Target file:     /home/elise/Documents/M1-BIM/S2/TMEs/SBAS/tme08/scop/scop/scopTestSeq.fasta
# Option settings: hmmsearch --domtblout /home/elise/Documents/M1-BIM/S2/TMEs/SBAS/tme08/searchResults/scop30/d3khta_c.23.1.0.aln.out -E 1 /home/elise/Documents/M1-BIM/S2/TMEs/SBAS/tme08/models/scop30/d3khta_c.23.1.0.aln.hmm /home/elise/Documents/M1-BIM/S2/TMEs/SBAS/tme08/scop/scop/scopTestSeq.fasta 
# Current dir:     /home/elise/Documents/M1-BIM/S2/TMEs/SBAS/tme08
# Date:            Thu Apr 10 10:02:44 2025
# [ok]
