#                                                                            --- full sequence --- -------------- this domain -------------   hmm coord   ali coord   env coord
# target name        accession   tlen query name           accession   qlen   E-value  score  bias   #  of  c-Evalue  i-Evalue  score  bias  from    to  from    to  from    to  acc description of target
#------------------- ---------- ----- -------------------- ---------- ----- --------- ------ ----- --- --- --------- --------- ------ ----- ----- ----- ----- ----- ----- ----- ---- ---------------------
d3tqla_c.94.1.0      -            227 d3kzga_c.94.1.0.aln  -            235   2.4e-97  320.5   0.1   1   1   3.4e-99   2.7e-97  320.3   0.1     1   224     2   227     2   227 1.00 -
d3delb_c.94.1.0      -            232 d3kzga_c.94.1.0.aln  -            235   3.3e-94  310.2   0.0   1   1   4.7e-96   3.7e-94  310.0   0.0     1   235     1   232     1   232 0.99 -
d2q88a_c.94.1.0      -            257 d3kzga_c.94.1.0.aln  -            235   1.5e-87  288.4   0.0   1   1   2.2e-89   1.7e-87  288.2   0.0     1   235    12   250    12   250 0.99 -
d3h7ma_c.94.1.0      -            228 d3kzga_c.94.1.0.aln  -            235   3.8e-87  287.1   0.0   1   1   5.4e-89   4.3e-87  286.9   0.0     1   228     5   227     5   228 0.99 -
d3r6ua_c.94.1.0      -            272 d3kzga_c.94.1.0.aln  -            235   6.2e-87  286.4   1.5   1   1   8.9e-89     7e-87  286.2   1.5     1   235     1   250     1   250 0.99 -
d3i6va_c.94.1.0      -            218 d3kzga_c.94.1.0.aln  -            235     2e-85  281.5   0.1   1   1   2.8e-87   2.2e-85  281.3   0.1     2   231     1   218     1   218 0.99 -
d3kzga_c.94.1.0      -            228 d3kzga_c.94.1.0.aln  -            235   3.2e-31  104.1   0.0   1   1   4.9e-33   3.9e-31  103.8   0.0     4   224     5   228     3   228 0.89 -
d1xt8a1c.94.1.1      -            248 d3kzga_c.94.1.0.aln  -            235   1.8e-21   72.2   0.2   1   1   3.1e-23   2.4e-21   71.7   0.2     3   210    13   217    11   230 0.86 -
d1ii5a_c.94.1.1      -            226 d3kzga_c.94.1.0.aln  -            235   1.3e-13   46.4   0.0   1   1     2e-15   1.6e-13   46.2   0.0    11   224    13   225     7   226 0.88 -
d1pb7a_c.94.1.1      -            289 d3kzga_c.94.1.0.aln  -            235   5.5e-05   18.2   0.0   1   1     1e-06   8.1e-05   17.7   0.0    45    99    99   153    91   282 0.87 -
#
# Program:         hmmsearch
# Version:         3.3.2 (Nov 2020)
# Pipeline mode:   SEARCH
# Query file:      /home/elise/Documents/M1-BIM/S2/TMEs/SBAS/tme08/models/scop30/d3kzga_c.94.1.0.aln.hmm
# Target file:     /home/elise/Documents/M1-BIM/S2/TMEs/SBAS/tme08/scop/scop/scopTestSeq.fasta
# Option settings: hmmsearch --domtblout /home/elise/Documents/M1-BIM/S2/TMEs/SBAS/tme08/searchResults/scop30/d3kzga_c.94.1.0.aln.out -E 1 /home/elise/Documents/M1-BIM/S2/TMEs/SBAS/tme08/models/scop30/d3kzga_c.94.1.0.aln.hmm /home/elise/Documents/M1-BIM/S2/TMEs/SBAS/tme08/scop/scop/scopTestSeq.fasta 
# Current dir:     /home/elise/Documents/M1-BIM/S2/TMEs/SBAS/tme08
# Date:            Thu Apr 10 10:02:44 2025
# [ok]
