#                                                                            --- full sequence --- -------------- this domain -------------   hmm coord   ali coord   env coord
# target name        accession   tlen query name           accession   qlen   E-value  score  bias   #  of  c-Evalue  i-Evalue  score  bias  from    to  from    to  from    to  acc description of target
#------------------- ---------- ----- -------------------- ---------- ----- --------- ------ ----- --- --- --------- --------- ------ ----- ----- ----- ----- ----- ----- ----- ---- ---------------------
d1qdda_d.169.1.1     -            144 d3l9jc_d.169.1.1.aln -            129   1.1e-44  147.4   4.2   1   1     2e-46   1.2e-44  147.2   4.2     1   127    13   143    13   144 0.99 -
d1wmza_d.169.1.1     -            140 d3l9jc_d.169.1.1.aln -            129   3.6e-41  136.0   8.7   1   1   6.7e-43   4.1e-41  135.8   8.7     1   128     2   139     2   140 0.98 -
d2ziba_d.169.1.1     -            130 d3l9jc_d.169.1.1.aln -            129   4.6e-41  135.6   4.7   1   1   8.3e-43     5e-41  135.5   4.7     2   128     7   129     6   130 0.98 -
d1gz2a_d.169.1.1     -            139 d3l9jc_d.169.1.1.aln -            129   4.8e-38  125.8   0.1   1   1   8.8e-40   5.3e-38  125.7   0.1     1   127     1   138     1   139 0.98 -
d1pwba1d.169.1.1     -            121 d3l9jc_d.169.1.1.aln -            129   2.5e-36  120.3   0.0   1   1   4.4e-38   2.7e-36  120.2   0.0     5   126     2   121     1   121 0.98 -
d1qo3c_d.169.1.1     -            133 d3l9jc_d.169.1.1.aln -            129   2.8e-36  120.1   4.0   1   1   5.1e-38   3.1e-36  120.0   4.0     2   128    14   132    13   133 0.97 -
d1g1ta1d.169.1.1     -            118 d3l9jc_d.169.1.1.aln -            129   9.5e-35  115.2   5.5   1   1   1.7e-36     1e-34  115.1   5.5    12   125     1   118     1   118 0.97 -
d1wk1a_d.169.1.1     -            150 d3l9jc_d.169.1.1.aln -            129   7.5e-34  112.3   0.0   1   1   1.4e-35   8.6e-34  112.1   0.0     6   128     3   131     1   132 0.96 -
d1h8ua_d.169.1.1     -            115 d3l9jc_d.169.1.1.aln -            129   6.5e-33  109.2   4.6   1   1   1.2e-34   7.2e-33  109.1   4.6    14   125     2   114     1   115 0.98 -
d3hupa_d.169.1.1     -            121 d3l9jc_d.169.1.1.aln -            129     3e-32  107.1  10.3   1   1   5.6e-34   3.4e-32  106.9  10.3     1   128     6   120     6   121 0.97 -
d1byfa_d.169.1.1     -            123 d3l9jc_d.169.1.1.aln -            129   7.6e-32  105.8   0.1   1   1   1.4e-33   8.3e-32  105.7   0.1    12   128     2   122     1   123 0.96 -
d1kg0c_d.169.1.1     -            136 d3l9jc_d.169.1.1.aln -            129   6.5e-30   99.5   3.3   1   1   1.4e-31   8.3e-30   99.2   3.3     2   128    19   135    18   136 0.97 -
d3l9jc_d.169.1.1     -            134 d3l9jc_d.169.1.1.aln -            129   1.7e-20   69.1   2.0   1   1   3.5e-22   2.1e-20   68.8   2.0     9   126    10   132     6   134 0.90 -
#
# Program:         hmmsearch
# Version:         3.3.2 (Nov 2020)
# Pipeline mode:   SEARCH
# Query file:      /home/elise/Documents/M1-BIM/S2/TMEs/SBAS/tme08/models/scop30/d3l9jc_d.169.1.1.aln.hmm
# Target file:     /home/elise/Documents/M1-BIM/S2/TMEs/SBAS/tme08/scop/scop/scopTestSeq.fasta
# Option settings: hmmsearch --domtblout /home/elise/Documents/M1-BIM/S2/TMEs/SBAS/tme08/searchResults/scop30/d3l9jc_d.169.1.1.aln.out -E 1 /home/elise/Documents/M1-BIM/S2/TMEs/SBAS/tme08/models/scop30/d3l9jc_d.169.1.1.aln.hmm /home/elise/Documents/M1-BIM/S2/TMEs/SBAS/tme08/scop/scop/scopTestSeq.fasta 
# Current dir:     /home/elise/Documents/M1-BIM/S2/TMEs/SBAS/tme08
# Date:            Thu Apr 10 10:02:44 2025
# [ok]
