#                                                                            --- full sequence --- -------------- this domain -------------   hmm coord   ali coord   env coord
# target name        accession   tlen query name           accession   qlen   E-value  score  bias   #  of  c-Evalue  i-Evalue  score  bias  from    to  from    to  from    to  acc description of target
#------------------- ---------- ----- -------------------- ---------- ----- --------- ------ ----- --- --- --------- --------- ------ ----- ----- ----- ----- ----- ----- ----- ---- ---------------------
d1bgva1c.2.1.7       -            255 d3mw9a1c.2.1.7.aln   -            196   2.2e-63  208.8   0.8   1   1   6.2e-65   2.5e-63  208.7   0.8     1   195    11   243    11   244 0.99 -
d1euza1c.2.1.7       -            239 d3mw9a1c.2.1.7.aln   -            196   6.8e-63  207.2   1.3   1   1     2e-64   7.7e-63  207.0   1.3     2   195     8   226     7   227 0.99 -
d1vl6a1c.2.1.7       -            222 d3mw9a1c.2.1.7.aln   -            196   1.6e-60  199.5   0.4   1   1   4.4e-62   1.7e-60  199.4   0.4     1   195     1   218     1   219 0.99 -
d1c1da1c.2.1.7       -            201 d3mw9a1c.2.1.7.aln   -            196     4e-59  194.9   3.7   1   1   1.1e-60   4.4e-59  194.8   3.7     2   196     2   197     1   197 0.99 -
d1o0sa1c.2.1.7       -            308 d3mw9a1c.2.1.7.aln   -            196   5.1e-59  194.6   0.2   1   1   1.5e-60     6e-59  194.3   0.2     2   196    33   276    32   276 0.99 -
d1luaa1c.2.1.7       -            191 d3mw9a1c.2.1.7.aln   -            196   4.5e-56  185.0   5.5   1   1   1.3e-57     5e-56  184.8   5.5     4   196     1   191     1   191 0.99 -
d1edza1c.2.1.7       -            171 d3mw9a1c.2.1.7.aln   -            196   8.7e-53  174.2   0.0   1   1   2.4e-54   9.6e-53  174.1   0.0     3   176     6   171     4   171 0.98 -
d1npya1c.2.1.7       -            167 d3mw9a1c.2.1.7.aln   -            196   5.1e-47  155.4   2.9   1   1   1.4e-48   5.6e-47  155.3   2.9     8   192     1   167     1   167 0.99 -
d1nyta1c.2.1.7       -            170 d3mw9a1c.2.1.7.aln   -            196   3.1e-46  152.8   0.0   1   1   8.7e-48   3.4e-46  152.7   0.0     9   192     2   170     1   170 0.98 -
d1gpja2c.2.1.7       -            159 d3mw9a1c.2.1.7.aln   -            196   9.3e-44  144.8   0.9   1   1   3.1e-45   1.2e-43  144.4   0.9     4   176     2   158     1   159 0.98 -
d3mw9a1c.2.1.7       -            293 d3mw9a1c.2.1.7.aln   -            196   4.2e-14   48.0   0.0   1   1   1.8e-15     7e-14   47.3   0.0    26   152    35   180     8   217 0.94 -
d1cf2o1c.2.1.3       -            172 d3mw9a1c.2.1.7.aln   -            196   3.8e-07   25.3   0.2   1   1   1.4e-08   5.6e-07   24.7   0.2    28   104     2    92     1   108 0.90 -
d1kola2c.2.1.1       -            195 d3mw9a1c.2.1.7.aln   -            196   0.00013   17.1   0.4   1   1   3.9e-06   0.00015   16.8   0.4    26    63    25    62    18   119 0.80 -
d1vpda2c.2.1.6       -            161 d3mw9a1c.2.1.7.aln   -            196   0.00018   16.6   0.1   1   1   7.5e-06    0.0003   15.9   0.1    33    89     6    61     2    89 0.89 -
d1pl8a2c.2.1.1       -            171 d3mw9a1c.2.1.7.aln   -            196   0.00019   16.5   0.3   1   1   6.1e-06   0.00024   16.2   0.3    25    71    25    71    18   130 0.74 -
d1f0ya2c.2.1.6       -            192 d3mw9a1c.2.1.7.aln   -            196   0.00053   15.0   1.0   1   1   2.2e-05   0.00088   14.3   0.9    28    67     5    56     3   105 0.75 -
d2iida1c.3.1.2       -            371 d3mw9a1c.2.1.7.aln   -            196   0.00093   14.2   0.1   1   1   4.3e-05    0.0017   13.4   0.1    22    59    25    62    14    81 0.82 -
d1vj0a2c.2.1.1       -            182 d3mw9a1c.2.1.7.aln   -            196    0.0017   13.4   0.0   1   1   5.6e-05    0.0022   13.0   0.0    25    60    27    62     8    93 0.82 -
d1h2ba2c.2.1.1       -            172 d3mw9a1c.2.1.7.aln   -            196    0.0018   13.3   1.1   1   1     6e-05    0.0024   12.9   1.1    12    71    18    77    13   116 0.84 -
d1o89a2c.2.1.1       -            177 d3mw9a1c.2.1.7.aln   -            196    0.0034   12.4   0.1   1   1   0.00011    0.0043   12.1   0.1    21    77    27    75    10   105 0.68 -
#
# Program:         hmmsearch
# Version:         3.3.2 (Nov 2020)
# Pipeline mode:   SEARCH
# Query file:      /home/elise/Documents/M1-BIM/S2/TMEs/SBAS/tme08/models/scop30/d3mw9a1c.2.1.7.aln.hmm
# Target file:     /home/elise/Documents/M1-BIM/S2/TMEs/SBAS/tme08/scop/scop/scopTestSeq.fasta
# Option settings: hmmsearch --domtblout /home/elise/Documents/M1-BIM/S2/TMEs/SBAS/tme08/searchResults/scop30/d3mw9a1c.2.1.7.aln.out -E 1 /home/elise/Documents/M1-BIM/S2/TMEs/SBAS/tme08/models/scop30/d3mw9a1c.2.1.7.aln.hmm /home/elise/Documents/M1-BIM/S2/TMEs/SBAS/tme08/scop/scop/scopTestSeq.fasta 
# Current dir:     /home/elise/Documents/M1-BIM/S2/TMEs/SBAS/tme08
# Date:            Thu Apr 10 10:02:44 2025
# [ok]
