#                                                                            --- full sequence --- -------------- this domain -------------   hmm coord   ali coord   env coord
# target name        accession   tlen query name           accession   qlen   E-value  score  bias   #  of  c-Evalue  i-Evalue  score  bias  from    to  from    to  from    to  acc description of target
#------------------- ---------- ----- -------------------- ---------- ----- --------- ------ ----- --- --- --------- --------- ------ ----- ----- ----- ----- ----- ----- ----- ---- ---------------------
d1q8ia1c.55.3.5      -            388 d3mxma_c.55.3.5.aln  -            371  5.7e-136  448.9   0.0   1   1  1.1e-137  6.4e-136  448.7   0.0     2   369     1   388     1   388 1.00 -
d3hl8a_c.55.3.5      -            470 d3mxma_c.55.3.5.aln  -            371  5.1e-135  445.8   0.3   1   1    1e-136  5.8e-135  445.6   0.3     1   371    38   456    38   456 1.00 -
d1s5ja1c.55.3.5      -            410 d3mxma_c.55.3.5.aln  -            371  7.4e-129  425.5   1.7   1   1  1.5e-130  8.3e-129  425.3   1.7     1   371     1   410     1   410 1.00 -
d2hbja2c.55.3.5      -            292 d3mxma_c.55.3.5.aln  -            371   2.9e-91  301.8   0.9   1   1   5.7e-93   3.2e-91  301.6   0.9    83   370     1   292     1   292 0.99 -
d1w0ha_c.55.3.5      -            200 d3mxma_c.55.3.5.aln  -            371   2.8e-51  170.2   0.0   1   1   5.5e-53   3.1e-51  170.0   0.0   160   364     1   199     1   200 0.99 -
d2f96a1c.55.3.5      -            202 d3mxma_c.55.3.5.aln  -            371   3.5e-48  160.0   0.0   1   1   6.8e-50   3.9e-48  159.9   0.0   154   363     1   201     1   202 0.99 -
d1x9ma1c.55.3.5      -            204 d3mxma_c.55.3.5.aln  -            371   7.2e-46  152.4   0.1   1   1   1.4e-47     8e-46  152.2   0.1   161   362     1   203     1   204 0.99 -
d1yt3a3c.55.3.5      -            193 d3mxma_c.55.3.5.aln  -            371   4.1e-45  149.9   0.0   1   1   8.1e-47   4.6e-45  149.8   0.0   165   352     1   192     1   193 0.99 -
d2py5a1c.55.3.5      -            183 d3mxma_c.55.3.5.aln  -            371   3.1e-44  147.0   0.1   1   1     6e-46   3.4e-44  146.9   0.1   165   350     2   182     1   183 0.99 -
d1vk0a_c.55.3.5      -            206 d3mxma_c.55.3.5.aln  -            371   4.2e-44  146.6   0.0   1   1   9.2e-46   5.2e-44  146.3   0.0   159   358     1   204     1   205 0.99 -
d1kfsa1c.55.3.5      -            195 d3mxma_c.55.3.5.aln  -            371   5.3e-43  143.0   0.3   1   1     1e-44   5.8e-43  142.8   0.3   161   352     1   195     1   195 0.99 -
d2igia_c.55.3.5      -            180 d3mxma_c.55.3.5.aln  -            371   2.3e-40  134.3   0.1   1   1   4.4e-42   2.5e-40  134.2   0.1   176   353     2   180     1   180 0.99 -
d2guia_c.55.3.5      -            176 d3mxma_c.55.3.5.aln  -            371   1.1e-39  132.1   0.0   1   1   2.1e-41   1.2e-39  131.9   0.0   176   354     2   175     1   176 0.99 -
d1wlja_c.55.3.5      -            173 d3mxma_c.55.3.5.aln  -            371   1.1e-39  132.0   0.0   1   1   2.2e-41   1.2e-39  131.9   0.0   187   357     1   171     1   173 0.98 -
#
# Program:         hmmsearch
# Version:         3.3.2 (Nov 2020)
# Pipeline mode:   SEARCH
# Query file:      /home/elise/Documents/M1-BIM/S2/TMEs/SBAS/tme08/models/scop30/d3mxma_c.55.3.5.aln.hmm
# Target file:     /home/elise/Documents/M1-BIM/S2/TMEs/SBAS/tme08/scop/scop/scopTestSeq.fasta
# Option settings: hmmsearch --domtblout /home/elise/Documents/M1-BIM/S2/TMEs/SBAS/tme08/searchResults/scop30/d3mxma_c.55.3.5.aln.out -E 1 /home/elise/Documents/M1-BIM/S2/TMEs/SBAS/tme08/models/scop30/d3mxma_c.55.3.5.aln.hmm /home/elise/Documents/M1-BIM/S2/TMEs/SBAS/tme08/scop/scop/scopTestSeq.fasta 
# Current dir:     /home/elise/Documents/M1-BIM/S2/TMEs/SBAS/tme08
# Date:            Thu Apr 10 10:02:44 2025
# [ok]
