#                                                                            --- full sequence --- -------------- this domain -------------   hmm coord   ali coord   env coord
# target name        accession   tlen query name           accession   qlen   E-value  score  bias   #  of  c-Evalue  i-Evalue  score  bias  from    to  from    to  from    to  acc description of target
#------------------- ---------- ----- -------------------- ---------- ----- --------- ------ ----- --- --- --------- --------- ------ ----- ----- ----- ----- ----- ----- ----- ---- ---------------------
d2bwna1c.67.1.4      -            396 d3piua_c.67.1.4.aln  -            392  3.6e-136  449.5   0.0   1   1  5.6e-138    4e-136  449.3   0.0     1   392     7   396     7   396 0.99 -
d1bs0a_c.67.1.4      -            383 d3piua_c.67.1.4.aln  -            392  1.8e-133  440.6   0.0   1   1  2.7e-135    2e-133  440.5   0.0     2   391     1   382     1   383 0.99 -
d1ohwa_c.67.1.4      -            461 d3piua_c.67.1.4.aln  -            392  5.9e-133  438.9   0.0   1   1  9.2e-135  6.6e-133  438.7   0.0     2   391    17   457    16   458 0.99 -
d1zoda_c.67.1.4      -            431 d3piua_c.67.1.4.aln  -            392  1.2e-131  434.5   0.0   1   1  1.9e-133  1.4e-131  434.4   0.0     1   392     4   427     4   427 0.99 -
d1vefa1c.67.1.4      -            387 d3piua_c.67.1.4.aln  -            392  7.3e-125  412.3   0.0   1   1  1.1e-126  8.1e-125  412.1   0.0     2   391     1   385     1   386 0.99 -
d2fnua_c.67.1.4      -            373 d3piua_c.67.1.4.aln  -            392  3.6e-124  410.0   0.7   1   1  5.6e-126    4e-124  409.8   0.7     1   389     1   373     1   373 0.99 -
d2dkja_c.67.1.4      -            402 d3piua_c.67.1.4.aln  -            392  9.4e-123  405.3   0.0   1   1  1.5e-124  1.1e-122  405.1   0.0     2   391     8   402     7   402 0.99 -
d1o69a_c.67.1.4      -            374 d3piua_c.67.1.4.aln  -            392  2.3e-119  394.2   0.2   1   1  3.5e-121  2.5e-119  394.0   0.2    13   391     2   372     1   373 0.99 -
d1w23a_c.67.1.4      -            360 d3piua_c.67.1.4.aln  -            392  1.6e-111  368.3   0.1   1   1  2.5e-113  1.8e-111  368.2   0.1    15   391     1   360     1   360 0.99 -
d2epja_c.67.1.0      -            426 d3piua_c.67.1.4.aln  -            392   4.6e-15   50.7   0.0   1   1   1.7e-16   1.2e-14   49.4   0.0    24   347    34   373    28   384 0.85 -
d2c81a_c.67.1.0      -            409 d3piua_c.67.1.4.aln  -            392   5.9e-11   37.2   0.0   1   1   1.1e-12   7.9e-11   36.8   0.0    33   200    36   197    12   208 0.85 -
#
# Program:         hmmsearch
# Version:         3.3.2 (Nov 2020)
# Pipeline mode:   SEARCH
# Query file:      /home/elise/Documents/M1-BIM/S2/TMEs/SBAS/tme08/models/scop30/d3piua_c.67.1.4.aln.hmm
# Target file:     /home/elise/Documents/M1-BIM/S2/TMEs/SBAS/tme08/scop/scop/scopTestSeq.fasta
# Option settings: hmmsearch --domtblout /home/elise/Documents/M1-BIM/S2/TMEs/SBAS/tme08/searchResults/scop30/d3piua_c.67.1.4.aln.out -E 1 /home/elise/Documents/M1-BIM/S2/TMEs/SBAS/tme08/models/scop30/d3piua_c.67.1.4.aln.hmm /home/elise/Documents/M1-BIM/S2/TMEs/SBAS/tme08/scop/scop/scopTestSeq.fasta 
# Current dir:     /home/elise/Documents/M1-BIM/S2/TMEs/SBAS/tme08
# Date:            Thu Apr 10 10:02:44 2025
# [ok]
