#                                                                            --- full sequence --- -------------- this domain -------------   hmm coord   ali coord   env coord
# target name        accession   tlen query name           accession   qlen   E-value  score  bias   #  of  c-Evalue  i-Evalue  score  bias  from    to  from    to  from    to  acc description of target
#------------------- ---------- ----- -------------------- ---------- ----- --------- ------ ----- --- --- --------- --------- ------ ----- ----- ----- ----- ----- ----- ----- ---- ---------------------
d2hx5a1d.38.1.1      -            144 d3qy3a1d.38.1.1.aln  -            140   2.3e-46  152.7   0.0   1   1   5.1e-48   2.5e-46  152.6   0.0     2   137     3   143     2   144 0.99 -
d2oafa1d.38.1.1      -            143 d3qy3a1d.38.1.1.aln  -            140   8.4e-46  150.9   0.0   1   1   1.9e-47   9.2e-46  150.8   0.0     2   139     5   142     4   143 0.98 -
d2gf6a1d.38.1.1      -            134 d3qy3a1d.38.1.1.aln  -            140   9.8e-45  147.5   0.0   1   1   2.2e-46   1.1e-44  147.3   0.0     2   136     2   133     1   134 0.98 -
d1lo7a_d.38.1.1      -            140 d3qy3a1d.38.1.1.aln  -            140   1.9e-43  143.3   0.0   1   1   4.1e-45     2e-43  143.2   0.0     4   137     2   140     1   140 0.98 -
d2nuja1d.38.1.1      -            159 d3qy3a1d.38.1.1.aln  -            140   6.1e-43  141.6   0.0   1   1   1.4e-44   6.9e-43  141.5   0.0     2   138    20   154    19   156 0.98 -
d3bjka_d.38.1.1      -            140 d3qy3a1d.38.1.1.aln  -            140   2.2e-42  139.8   0.0   1   1   4.8e-44   2.4e-42  139.7   0.0     4   137     3   134     1   137 0.97 -
d1njka_d.38.1.1      -            133 d3qy3a1d.38.1.1.aln  -            140   6.1e-42  138.4   0.0   1   1   1.4e-43   6.7e-42  138.3   0.0     5   138     1   132     1   133 0.98 -
d2oiwa1d.38.1.1      -            131 d3qy3a1d.38.1.1.aln  -            140   1.2e-41  137.5   0.6   1   1   2.6e-43   1.3e-41  137.3   0.6     5   140     1   130     1   130 0.99 -
d1s5ua_d.38.1.1      -            129 d3qy3a1d.38.1.1.aln  -            140     7e-41  135.0   0.8   1   1   1.5e-42   7.6e-41  134.8   0.8     5   131     2   126     1   129 0.93 -
d2hlja1d.38.1.1      -            156 d3qy3a1d.38.1.1.aln  -            140   1.1e-38  127.8   0.0   1   1   2.6e-40   1.3e-38  127.6   0.0     2   139     1   139     1   140 0.97 -
d1vpma_d.38.1.1      -            155 d3qy3a1d.38.1.1.aln  -            140   1.5e-38  127.4   0.1   1   1   3.4e-40   1.7e-38  127.3   0.1     2   139     7   139     6   140 0.98 -
d2gvha1d.38.1.1      -            135 d3qy3a1d.38.1.1.aln  -            140   1.5e-38  127.4   0.1   1   1   3.4e-40   1.7e-38  127.3   0.1     2   137     5   135     4   135 0.98 -
d3qy3a1d.38.1.1      -            130 d3qy3a1d.38.1.1.aln  -            140   1.6e-08   30.1   0.4   1   1   6.2e-10   3.1e-08   29.2   0.4    10    44     8    42     3   130 0.89 -
d1wlua_d.38.1.5      -            117 d3qy3a1d.38.1.1.aln  -            140   0.00089   14.7   0.1   1   1   5.1e-05    0.0025   13.3   0.1    12    70    27    82    17   111 0.71 -
d2hboa1d.38.1.5      -            142 d3qy3a1d.38.1.1.aln  -            140    0.0024   13.4   0.0   1   1   7.4e-05    0.0036   12.7   0.0     7    45    33    71    29    81 0.83 -
d3f5oa_d.38.1.5      -            138 d3qy3a1d.38.1.1.aln  -            140    0.0035   12.8   0.0   1   1   0.00067     0.033    9.6   0.0     9    40    40    71    33   124 0.72 -
#
# Program:         hmmsearch
# Version:         3.3.2 (Nov 2020)
# Pipeline mode:   SEARCH
# Query file:      /home/elise/Documents/M1-BIM/S2/TMEs/SBAS/tme08/models/scop30/d3qy3a1d.38.1.1.aln.hmm
# Target file:     /home/elise/Documents/M1-BIM/S2/TMEs/SBAS/tme08/scop/scop/scopTestSeq.fasta
# Option settings: hmmsearch --domtblout /home/elise/Documents/M1-BIM/S2/TMEs/SBAS/tme08/searchResults/scop30/d3qy3a1d.38.1.1.aln.out -E 1 /home/elise/Documents/M1-BIM/S2/TMEs/SBAS/tme08/models/scop30/d3qy3a1d.38.1.1.aln.hmm /home/elise/Documents/M1-BIM/S2/TMEs/SBAS/tme08/scop/scop/scopTestSeq.fasta 
# Current dir:     /home/elise/Documents/M1-BIM/S2/TMEs/SBAS/tme08
# Date:            Thu Apr 10 10:02:44 2025
# [ok]
