#                                                                            --- full sequence --- -------------- this domain -------------   hmm coord   ali coord   env coord
# target name        accession   tlen query name           accession   qlen   E-value  score  bias   #  of  c-Evalue  i-Evalue  score  bias  from    to  from    to  from    to  acc description of target
#------------------- ---------- ----- -------------------- ---------- ----- --------- ------ ----- --- --- --------- --------- ------ ----- ----- ----- ----- ----- ----- ----- ---- ---------------------
d1jkna_d.113.1.1     -            165 d3zr0a_d.113.1.1.aln -            156   2.5e-45  149.5   0.0   1   1   5.6e-47   2.8e-45  149.4   0.0     6   155     4   154     1   155 0.98 -
d1g0sa_d.113.1.1     -            209 d3zr0a_d.113.1.1.aln -            156   9.9e-44  144.3   0.5   1   1   2.4e-45   1.2e-43  144.1   0.5     2   155    32   205    31   206 0.99 -
d2b06a1d.113.1.1     -            155 d3zr0a_d.113.1.1.aln -            156   5.5e-42  138.7   0.0   1   1   1.2e-43     6e-42  138.5   0.0     1   155     1   154     1   155 0.98 -
d2azwa1d.113.1.1     -            147 d3zr0a_d.113.1.1.aln -            156   1.2e-41  137.5   1.1   1   1   2.7e-43   1.3e-41  137.4   1.1     3   146     2   146     1   147 0.98 -
d3o69a_d.113.1.1     -            190 d3zr0a_d.113.1.1.aln -            156     8e-41  134.9   0.0   1   1   1.8e-42     9e-41  134.7   0.0     1   153    19   189    19   190 0.99 -
d1ktga_d.113.1.1     -            137 d3zr0a_d.113.1.1.aln -            156   1.5e-40  134.0   0.1   1   1   3.5e-42   1.7e-40  133.8   0.1    14   146     3   134     1   136 0.97 -
d1vhza_d.113.1.1     -            186 d3zr0a_d.113.1.1.aln -            156   2.1e-40  133.6   0.0   1   1   4.7e-42   2.3e-40  133.4   0.0     2   152    18   185    17   186 0.98 -
d1q33a_d.113.1.1     -            292 d3zr0a_d.113.1.1.aln -            156   5.9e-40  132.1   0.1   1   2         1        50   -0.9   0.0    71   108    24    61    22    77 0.79 -
d1q33a_d.113.1.1     -            292 d3zr0a_d.113.1.1.aln -            156   5.9e-40  132.1   0.1   2   2   3.8e-41   1.9e-39  130.4   0.0     1   155    84   271    84   272 0.99 -
d1nqza_d.113.1.1     -            187 d3zr0a_d.113.1.1.aln -            156   6.6e-40  131.9   0.0   1   1   1.5e-41   7.4e-40  131.7   0.0     1   156    16   177    16   177 0.98 -
d1sjya_d.113.1.1     -            158 d3zr0a_d.113.1.1.aln -            156   1.1e-39  131.2   0.1   1   1   2.4e-41   1.2e-39  131.1   0.1     6   154     2   156     1   158 0.98 -
d1v8ya_d.113.1.1     -            158 d3zr0a_d.113.1.1.aln -            156   7.8e-39  128.4   0.6   1   1   1.7e-40   8.6e-39  128.3   0.6     5   152     2   157     1   158 0.97 -
d2fvva1d.113.1.1     -            135 d3zr0a_d.113.1.1.aln -            156   1.5e-37  124.2   0.7   1   1   3.4e-39   1.7e-37  124.1   0.7     5   136     1   133     1   135 0.98 -
d3a6sa_d.113.1.1     -            129 d3zr0a_d.113.1.1.aln -            156     1e-36  121.6   0.6   1   1   2.2e-38   1.1e-36  121.5   0.6     6   143     2   129     1   129 0.97 -
d2b0va1d.113.1.1     -            146 d3zr0a_d.113.1.1.aln -            156   7.4e-36  118.8   0.0   1   1   1.6e-37   8.1e-36  118.6   0.0     7   154     2   145     1   146 0.98 -
d1k2ea_d.113.1.1     -            152 d3zr0a_d.113.1.1.aln -            156   9.4e-34  111.9   0.3   1   1   2.2e-35   1.1e-33  111.7   0.3    10   154     3   138     1   140 0.95 -
d3zr0a_d.113.1.1     -            154 d3zr0a_d.113.1.1.aln -            156     3e-10   35.6   0.1   1   1   7.5e-12   3.7e-10   35.3   0.1    39    93    15    81     3    98 0.84 -
#
# Program:         hmmsearch
# Version:         3.3.2 (Nov 2020)
# Pipeline mode:   SEARCH
# Query file:      /home/elise/Documents/M1-BIM/S2/TMEs/SBAS/tme08/models/scop30/d3zr0a_d.113.1.1.aln.hmm
# Target file:     /home/elise/Documents/M1-BIM/S2/TMEs/SBAS/tme08/scop/scop/scopTestSeq.fasta
# Option settings: hmmsearch --domtblout /home/elise/Documents/M1-BIM/S2/TMEs/SBAS/tme08/searchResults/scop30/d3zr0a_d.113.1.1.aln.out -E 1 /home/elise/Documents/M1-BIM/S2/TMEs/SBAS/tme08/models/scop30/d3zr0a_d.113.1.1.aln.hmm /home/elise/Documents/M1-BIM/S2/TMEs/SBAS/tme08/scop/scop/scopTestSeq.fasta 
# Current dir:     /home/elise/Documents/M1-BIM/S2/TMEs/SBAS/tme08
# Date:            Thu Apr 10 10:02:45 2025
# [ok]
