#                                                                            --- full sequence --- -------------- this domain -------------   hmm coord   ali coord   env coord
# target name        accession   tlen query name           accession   qlen   E-value  score  bias   #  of  c-Evalue  i-Evalue  score  bias  from    to  from    to  from    to  acc description of target
#------------------- ---------- ----- -------------------- ---------- ----- --------- ------ ----- --- --- --------- --------- ------ ----- ----- ----- ----- ----- ----- ----- ---- ---------------------
d1ecea_c.1.8.3       -            358 d7a3ha_c.1.8.3.aln   -            352   5.3e-84  278.3  17.1   1   1   1.6e-85   5.9e-84  278.1  17.1     2   350     4   357     3   358 0.99 -
d1ceoa_c.1.8.3       -            340 d7a3ha_c.1.8.3.aln   -            352   9.1e-82  270.9   1.9   1   1   2.8e-83     1e-81  270.8   1.9    10   350     3   336     1   338 0.99 -
d3n9ka_c.1.8.3       -            394 d7a3ha_c.1.8.3.aln   -            352   2.9e-81  269.3  21.5   1   1   9.1e-83   3.3e-81  269.1  21.5     1   351    21   394    21   394 0.98 -
d1edga_c.1.8.3       -            380 d7a3ha_c.1.8.3.aln   -            352   2.5e-80  266.2  17.0   1   1   7.8e-82   2.8e-80  266.0  17.0     2   352    23   380    22   380 0.98 -
d1uuqa_c.1.8.3       -            410 d7a3ha_c.1.8.3.aln   -            352   6.4e-80  264.8  16.5   1   1     2e-81   7.3e-80  264.6  16.5     1   351     3   407     3   408 1.00 -
d1vjza_c.1.8.3       -            325 d7a3ha_c.1.8.3.aln   -            352     8e-80  264.5   0.3   1   1   2.5e-81   8.8e-80  264.4   0.3    16   348     2   320     1   324 0.98 -
d1rh9a1c.1.8.3       -            370 d7a3ha_c.1.8.3.aln   -            352   6.8e-79  261.4   9.7   1   1   2.1e-80   7.6e-79  261.3   9.7     1   350     3   366     3   368 0.98 -
d1ur4a_c.1.8.3       -            387 d7a3ha_c.1.8.3.aln   -            352   6.2e-77  255.0  11.9   1   1     2e-78   7.3e-77  254.8  11.9     2   351     4   384     3   385 0.99 -
d1w91a2c.1.8.3       -            347 d7a3ha_c.1.8.3.aln   -            352     1e-75  251.0   0.0   1   1   3.2e-77   1.1e-75  250.8   0.0     4   350     1   344     1   346 0.99 -
d1hjua_c.1.8.3       -            332 d7a3ha_c.1.8.3.aln   -            352   1.5e-74  247.2  16.3   1   1   4.6e-76   1.7e-74  247.0  16.3    11   347     2   331     1   332 0.99 -
d1qnra_c.1.8.3       -            344 d7a3ha_c.1.8.3.aln   -            352   2.1e-74  246.7  23.0   1   1   6.4e-76   2.3e-74  246.6  23.0     1   352     4   344     4   344 0.99 -
d2je8a5c.1.8.3       -            348 d7a3ha_c.1.8.3.aln   -            352   9.7e-73  241.2   6.1   1   1     3e-74   1.1e-72  241.1   6.1     3   349     2   347     1   348 0.98 -
d1qw9a2c.1.8.3       -            367 d7a3ha_c.1.8.3.aln   -            352   2.3e-72  240.0   1.6   1   1   7.1e-74   2.6e-72  239.8   1.6     2   351     2   362     1   363 0.99 -
d2nt0a2c.1.8.3       -            354 d7a3ha_c.1.8.3.aln   -            352   1.9e-68  227.1   0.0   1   1     6e-70   2.1e-68  226.9   0.0     1   351     4   352     4   353 0.99 -
d1odza_c.1.8.3       -            381 d7a3ha_c.1.8.3.aln   -            352   3.6e-66  219.6  10.6   1   1   1.1e-67     4e-66  219.4  10.6     2   350     2   376     1   378 0.98 -
d1h1na_c.1.8.3       -            305 d7a3ha_c.1.8.3.aln   -            352   7.1e-65  215.3  13.7   1   1   2.2e-66   7.8e-65  215.2  13.7     7   346     2   304     1   305 0.97 -
d2vzsa5c.1.8.3       -            339 d7a3ha_c.1.8.3.aln   -            352   1.5e-64  214.3   2.1   1   1   4.5e-66   1.6e-64  214.2   2.1     7   348     2   338     1   339 0.99 -
d1bqca_c.1.8.3       -            302 d7a3ha_c.1.8.3.aln   -            352   2.4e-59  197.1   7.3   1   1   7.5e-61   2.7e-59  197.0   7.3     7   350     2   301     1   302 0.98 -
d1jz8a5c.1.8.3       -            292 d7a3ha_c.1.8.3.aln   -            352   3.3e-53  177.0   0.6   1   1     1e-54   3.7e-53  176.8   0.6     1   347     1   291     1   292 0.98 -
d1i1wa_c.1.8.3       -            303 d7a3ha_c.1.8.3.aln   -            352   1.5e-49  164.9   6.0   1   1   4.7e-51   1.7e-49  164.8   6.0     4   346     3   303     1   303 0.98 -
d1nofa2c.1.8.3       -            277 d7a3ha_c.1.8.3.aln   -            352   3.5e-46  153.8   4.0   1   1   1.1e-47   3.9e-46  153.7   4.0    10   347     2   276     1   277 0.97 -
d2v3ga_c.1.8.3       -            273 d7a3ha_c.1.8.3.aln   -            352   2.5e-43  144.5  20.8   1   1   7.4e-45   2.7e-43  144.4  20.8    59   344    27   273     1   273 0.95 -
#
# Program:         hmmsearch
# Version:         3.3.2 (Nov 2020)
# Pipeline mode:   SEARCH
# Query file:      /home/elise/Documents/M1-BIM/S2/TMEs/SBAS/tme08/models/scop30/d7a3ha_c.1.8.3.aln.hmm
# Target file:     /home/elise/Documents/M1-BIM/S2/TMEs/SBAS/tme08/scop/scop/scopTestSeq.fasta
# Option settings: hmmsearch --domtblout /home/elise/Documents/M1-BIM/S2/TMEs/SBAS/tme08/searchResults/scop30/d7a3ha_c.1.8.3.aln.out -E 1 /home/elise/Documents/M1-BIM/S2/TMEs/SBAS/tme08/models/scop30/d7a3ha_c.1.8.3.aln.hmm /home/elise/Documents/M1-BIM/S2/TMEs/SBAS/tme08/scop/scop/scopTestSeq.fasta 
# Current dir:     /home/elise/Documents/M1-BIM/S2/TMEs/SBAS/tme08
# Date:            Thu Apr 10 10:02:45 2025
# [ok]
